Aug 16 22:23:28 shrinivaasanka-Inspiron-1545 kernel: [    0.000000] Initializing cgroup subsys cpuset
Aug 16 22:23:28 shrinivaasanka-Inspiron-1545 kernel: [    0.000000] Initializing cgroup subsys cpu
Aug 16 22:23:28 shrinivaasanka-Inspiron-1545 kernel: [    0.000000] Initializing cgroup subsys cpuacct
Aug 16 22:23:28 shrinivaasanka-Inspiron-1545 kernel: [    0.000000] Linux version 3.15.5 (root@shrinivaasanka-Inspiron-1545) (gcc version 4.8.2 (Ubuntu 4.8.2-19ubuntu1) ) #1 SMP Sat Aug 16 17:49:37 IST 2014
Aug 16 22:23:28 shrinivaasanka-Inspiron-1545 kernel: [    0.000000] KERNEL supported cpus:
Aug 16 22:23:28 shrinivaasanka-Inspiron-1545 kernel: [    0.000000]   Intel GenuineIntel
Aug 16 22:23:28 shrinivaasanka-Inspiron-1545 kernel: [    0.000000]   AMD AuthenticAMD
Aug 16 22:23:28 shrinivaasanka-Inspiron-1545 kernel: [    0.000000]   NSC Geode by NSC
Aug 16 22:23:28 shrinivaasanka-Inspiron-1545 kernel: [    0.000000]   Cyrix CyrixInstead
Aug 16 22:23:28 shrinivaasanka-Inspiron-1545 kernel: [    0.000000]   Centaur CentaurHauls
Aug 16 22:23:28 shrinivaasanka-Inspiron-1545 kernel: [    0.000000]   Transmeta GenuineTMx86
Aug 16 22:23:28 shrinivaasanka-Inspiron-1545 kernel: [    0.000000]   Transmeta TransmetaCPU
Aug 16 22:23:28 shrinivaasanka-Inspiron-1545 kernel: [    0.000000]   UMC UMC UMC UMC
Aug 16 22:23:28 shrinivaasanka-Inspiron-1545 kernel: [    0.000000] e820: BIOS-provided physical RAM map:
Aug 16 22:23:28 shrinivaasanka-Inspiron-1545 kernel: [    0.000000] BIOS-e820: [mem 0x0000000000000000-0x000000000009efff] usable
Aug 16 22:23:28 shrinivaasanka-Inspiron-1545 kernel: [    0.000000] BIOS-e820: [mem 0x000000000009f000-0x000000000009ffff] reserved
Aug 16 22:23:28 shrinivaasanka-Inspiron-1545 kernel: [    0.000000] BIOS-e820: [mem 0x0000000000100000-0x00000000bd8bf3ff] usable
Aug 16 22:23:28 shrinivaasanka-Inspiron-1545 kernel: [    0.000000] BIOS-e820: [mem 0x00000000bd8bf400-0x00000000bdac13ff] ACPI NVS
Aug 16 22:23:28 shrinivaasanka-Inspiron-1545 kernel: [    0.000000] BIOS-e820: [mem 0x00000000bdac1400-0x00000000bfffffff] reserved
Aug 16 22:23:28 shrinivaasanka-Inspiron-1545 kernel: [    0.000000] BIOS-e820: [mem 0x00000000f8000000-0x00000000fbffffff] reserved
Aug 16 22:23:28 shrinivaasanka-Inspiron-1545 kernel: [    0.000000] BIOS-e820: [mem 0x00000000fec00000-0x00000000fec0ffff] reserved
Aug 16 22:23:28 shrinivaasanka-Inspiron-1545 kernel: [    0.000000] BIOS-e820: [mem 0x00000000fed18000-0x00000000fed1bfff] reserved
Aug 16 22:23:28 shrinivaasanka-Inspiron-1545 kernel: [    0.000000] BIOS-e820: [mem 0x00000000fed20000-0x00000000fed8ffff] reserved
Aug 16 22:23:28 shrinivaasanka-Inspiron-1545 kernel: [    0.000000] BIOS-e820: [mem 0x00000000feda0000-0x00000000feda5fff] reserved
Aug 16 22:23:28 shrinivaasanka-Inspiron-1545 kernel: [    0.000000] BIOS-e820: [mem 0x00000000fee00000-0x00000000fee0ffff] reserved
Aug 16 22:23:28 shrinivaasanka-Inspiron-1545 kernel: [    0.000000] BIOS-e820: [mem 0x00000000ffe00000-0x00000000ffffffff] reserved
Aug 16 22:23:28 shrinivaasanka-Inspiron-1545 kernel: [    0.000000] NX (Execute Disable) protection: active
Aug 16 22:23:28 shrinivaasanka-Inspiron-1545 kernel: [    0.000000] SMBIOS 2.4 present.
Aug 16 22:23:28 shrinivaasanka-Inspiron-1545 kernel: [    0.000000] DMI: Dell Inc. Inspiron 1545                   /0J037P, BIOS A14 12/07/2009
Aug 16 22:23:28 shrinivaasanka-Inspiron-1545 kernel: [    0.000000] e820: update [mem 0x00000000-0x00000fff] usable ==> reserved
Aug 16 22:23:28 shrinivaasanka-Inspiron-1545 kernel: [    0.000000] e820: remove [mem 0x000a0000-0x000fffff] usable
Aug 16 22:23:28 shrinivaasanka-Inspiron-1545 kernel: [    0.000000] e820: last_pfn = 0xbd8bf max_arch_pfn = 0x1000000
Aug 16 22:23:28 shrinivaasanka-Inspiron-1545 kernel: [    0.000000] MTRR default type: uncachable
Aug 16 22:23:28 shrinivaasanka-Inspiron-1545 kernel: [    0.000000] MTRR fixed ranges enabled:
Aug 16 22:23:28 shrinivaasanka-Inspiron-1545 kernel: [    0.000000]   00000-9FFFF write-back
Aug 16 22:23:28 shrinivaasanka-Inspiron-1545 kernel: [    0.000000]   A0000-BFFFF uncachable
Aug 16 22:23:28 shrinivaasanka-Inspiron-1545 kernel: [    0.000000]   C0000-CFFFF write-protect
Aug 16 22:23:28 shrinivaasanka-Inspiron-1545 kernel: [    0.000000]   D0000-EFFFF uncachable
Aug 16 22:23:28 shrinivaasanka-Inspiron-1545 kernel: [    0.000000]   F0000-FFFFF write-protect
Aug 16 22:23:28 shrinivaasanka-Inspiron-1545 kernel: [    0.000000] MTRR variable ranges enabled:
Aug 16 22:23:28 shrinivaasanka-Inspiron-1545 kernel: [    0.000000]   0 base 000000000 mask 800000000 write-back
Aug 16 22:23:28 shrinivaasanka-Inspiron-1545 kernel: [    0.000000]   1 base 0E0000000 mask FE0000000 uncachable
Aug 16 22:23:28 shrinivaasanka-Inspiron-1545 kernel: [    0.000000]   2 base 0BDC00000 mask FFFC00000 uncachable
Aug 16 22:23:28 shrinivaasanka-Inspiron-1545 kernel: [    0.000000]   3 base 0BE000000 mask FFE000000 uncachable
Aug 16 22:23:28 shrinivaasanka-Inspiron-1545 kernel: [    0.000000]   4 disabled
Aug 16 22:23:28 shrinivaasanka-Inspiron-1545 kernel: [    0.000000]   5 disabled
Aug 16 22:23:28 shrinivaasanka-Inspiron-1545 kernel: [    0.000000]   6 disabled
Aug 16 22:23:28 shrinivaasanka-Inspiron-1545 kernel: [    0.000000] x86 PAT enabled: cpu 0, old 0x7040600070406, new 0x7010600070106
Aug 16 22:23:28 shrinivaasanka-Inspiron-1545 kernel: [    0.000000] original variable MTRRs
Aug 16 22:23:28 shrinivaasanka-Inspiron-1545 kernel: [    0.000000] reg 0, base: 0GB, range: 32GB, type WB
Aug 16 22:23:28 shrinivaasanka-Inspiron-1545 kernel: [    0.000000] reg 1, base: 3584MB, range: 512MB, type UC
Aug 16 22:23:28 shrinivaasanka-Inspiron-1545 kernel: [    0.000000] reg 2, base: 3036MB, range: 4MB, type UC
Aug 16 22:23:28 shrinivaasanka-Inspiron-1545 kernel: [    0.000000] reg 3, base: 3040MB, range: 32MB, type UC
Aug 16 22:23:28 shrinivaasanka-Inspiron-1545 kernel: [    0.000000] total RAM covered: 32220M
Aug 16 22:23:28 shrinivaasanka-Inspiron-1545 kernel: [    0.000000]  gran_size: 64K 	chunk_size: 64K 	num_reg: 7  	lose cover RAM: 29188M
Aug 16 22:23:28 shrinivaasanka-Inspiron-1545 kernel: [    0.000000]  gran_size: 64K 	chunk_size: 128K 	num_reg: 7  	lose cover RAM: 29188M
Aug 16 22:23:28 shrinivaasanka-Inspiron-1545 kernel: [    0.000000]  gran_size: 64K 	chunk_size: 256K 	num_reg: 7  	lose cover RAM: 29188M
Aug 16 22:23:28 shrinivaasanka-Inspiron-1545 kernel: [    0.000000]  gran_size: 64K 	chunk_size: 512K 	num_reg: 7  	lose cover RAM: 29188M
Aug 16 22:23:28 shrinivaasanka-Inspiron-1545 kernel: [    0.000000]  gran_size: 64K 	chunk_size: 1M 	num_reg: 7  	lose cover RAM: 29188M
Aug 16 22:23:28 shrinivaasanka-Inspiron-1545 kernel: [    0.000000]  gran_size: 64K 	chunk_size: 2M 	num_reg: 7  	lose cover RAM: 29188M
Aug 16 22:23:28 shrinivaasanka-Inspiron-1545 kernel: [    0.000000]  gran_size: 64K 	chunk_size: 4M 	num_reg: 7  	lose cover RAM: 29188M
Aug 16 22:23:28 shrinivaasanka-Inspiron-1545 kernel: [    0.000000]  gran_size: 64K 	chunk_size: 8M 	num_reg: 7  	lose cover RAM: 29184M
Aug 16 22:23:28 shrinivaasanka-Inspiron-1545 kernel: [    0.000000]  gran_size: 64K 	chunk_size: 16M 	num_reg: 7  	lose cover RAM: 29184M
Aug 16 22:23:28 shrinivaasanka-Inspiron-1545 kernel: [    0.000000]  gran_size: 64K 	chunk_size: 32M 	num_reg: 7  	lose cover RAM: 29184M
Aug 16 22:23:28 shrinivaasanka-Inspiron-1545 kernel: [    0.000000]  gran_size: 64K 	chunk_size: 64M 	num_reg: 7  	lose cover RAM: 16G
Aug 16 22:23:28 shrinivaasanka-Inspiron-1545 kernel: [    0.000000]  gran_size: 64K 	chunk_size: 128M 	num_reg: 7  	lose cover RAM: 16G
Aug 16 22:23:28 shrinivaasanka-Inspiron-1545 kernel: [    0.000000]  gran_size: 64K 	chunk_size: 256M 	num_reg: 7  	lose cover RAM: 16G
Aug 16 22:23:28 shrinivaasanka-Inspiron-1545 kernel: [    0.000000]  gran_size: 64K 	chunk_size: 512M 	num_reg: 7  	lose cover RAM: 16G
Aug 16 22:23:28 shrinivaasanka-Inspiron-1545 kernel: [    0.000000]  gran_size: 64K 	chunk_size: 1G 	num_reg: 7  	lose cover RAM: 16G
Aug 16 22:23:28 shrinivaasanka-Inspiron-1545 kernel: [    0.000000]  gran_size: 64K 	chunk_size: 2G 	num_reg: 7  	lose cover RAM: 29188M
Aug 16 22:23:28 shrinivaasanka-Inspiron-1545 kernel: [    0.000000]  gran_size: 128K 	chunk_size: 128K 	num_reg: 7  	lose cover RAM: 29188M
Aug 16 22:23:28 shrinivaasanka-Inspiron-1545 kernel: [    0.000000]  gran_size: 128K 	chunk_size: 256K 	num_reg: 7  	lose cover RAM: 29188M
Aug 16 22:23:28 shrinivaasanka-Inspiron-1545 kernel: [    0.000000]  gran_size: 128K 	chunk_size: 512K 	num_reg: 7  	lose cover RAM: 29188M
Aug 16 22:23:28 shrinivaasanka-Inspiron-1545 kernel: [    0.000000]  gran_size: 128K 	chunk_size: 1M 	num_reg: 7  	lose cover RAM: 29188M
Aug 16 22:23:28 shrinivaasanka-Inspiron-1545 kernel: [    0.000000]  gran_size: 128K 	chunk_size: 2M 	num_reg: 7  	lose cover RAM: 29188M
Aug 16 22:23:28 shrinivaasanka-Inspiron-1545 kernel: [    0.000000]  gran_size: 128K 	chunk_size: 4M 	num_reg: 7  	lose cover RAM: 29188M
Aug 16 22:23:28 shrinivaasanka-Inspiron-1545 kernel: [    0.000000]  gran_size: 128K 	chunk_size: 8M 	num_reg: 7  	lose cover RAM: 29184M
Aug 16 22:23:28 shrinivaasanka-Inspiron-1545 kernel: [    0.000000]  gran_size: 128K 	chunk_size: 16M 	num_reg: 7  	lose cover RAM: 29184M
Aug 16 22:23:28 shrinivaasanka-Inspiron-1545 kernel: [    0.000000]  gran_size: 128K 	chunk_size: 32M 	num_reg: 7  	lose cover RAM: 29184M
Aug 16 22:23:28 shrinivaasanka-Inspiron-1545 kernel: [    0.000000]  gran_size: 128K 	chunk_size: 64M 	num_reg: 7  	lose cover RAM: 16G
Aug 16 22:23:28 shrinivaasanka-Inspiron-1545 kernel: [    0.000000]  gran_size: 128K 	chunk_size: 128M 	num_reg: 7  	lose cover RAM: 16G
Aug 16 22:23:28 shrinivaasanka-Inspiron-1545 kernel: [    0.000000]  gran_size: 128K 	chunk_size: 256M 	num_reg: 7  	lose cover RAM: 16G
Aug 16 22:23:28 shrinivaasanka-Inspiron-1545 kernel: [    0.000000]  gran_size: 128K 	chunk_size: 512M 	num_reg: 7  	lose cover RAM: 16G
Aug 16 22:23:28 shrinivaasanka-Inspiron-1545 kernel: [    0.000000]  gran_size: 128K 	chunk_size: 1G 	num_reg: 7  	lose cover RAM: 16G
Aug 16 22:23:28 shrinivaasanka-Inspiron-1545 kernel: [    0.000000]  gran_size: 128K 	chunk_size: 2G 	num_reg: 7  	lose cover RAM: 29188M
Aug 16 22:23:28 shrinivaasanka-Inspiron-1545 kernel: [    0.000000]  gran_size: 256K 	chunk_size: 256K 	num_reg: 7  	lose cover RAM: 29188M
Aug 16 22:23:28 shrinivaasanka-Inspiron-1545 kernel: [    0.000000]  gran_size: 256K 	chunk_size: 512K 	num_reg: 7  	lose cover RAM: 29188M
Aug 16 22:23:28 shrinivaasanka-Inspiron-1545 kernel: [    0.000000]  gran_size: 256K 	chunk_size: 1M 	num_reg: 7  	lose cover RAM: 29188M
Aug 16 22:23:28 shrinivaasanka-Inspiron-1545 kernel: [    0.000000]  gran_size: 256K 	chunk_size: 2M 	num_reg: 7  	lose cover RAM: 29188M
Aug 16 22:23:28 shrinivaasanka-Inspiron-1545 kernel: [    0.000000]  gran_size: 256K 	chunk_size: 4M 	num_reg: 7  	lose cover RAM: 29188M
Aug 16 22:23:28 shrinivaasanka-Inspiron-1545 kernel: [    0.000000]  gran_size: 256K 	chunk_size: 8M 	num_reg: 7  	lose cover RAM: 29184M
Aug 16 22:23:28 shrinivaasanka-Inspiron-1545 kernel: [    0.000000]  gran_size: 256K 	chunk_size: 16M 	num_reg: 7  	lose cover RAM: 29184M
Aug 16 22:23:28 shrinivaasanka-Inspiron-1545 kernel: [    0.000000]  gran_size: 256K 	chunk_size: 32M 	num_reg: 7  	lose cover RAM: 29184M
Aug 16 22:23:28 shrinivaasanka-Inspiron-1545 kernel: [    0.000000]  gran_size: 256K 	chunk_size: 64M 	num_reg: 7  	lose cover RAM: 16G
Aug 16 22:23:28 shrinivaasanka-Inspiron-1545 kernel: [    0.000000]  gran_size: 256K 	chunk_size: 128M 	num_reg: 7  	lose cover RAM: 16G
Aug 16 22:23:28 shrinivaasanka-Inspiron-1545 kernel: [    0.000000]  gran_size: 256K 	chunk_size: 256M 	num_reg: 7  	lose cover RAM: 16G
Aug 16 22:23:28 shrinivaasanka-Inspiron-1545 kernel: [    0.000000]  gran_size: 256K 	chunk_size: 512M 	num_reg: 7  	lose cover RAM: 16G
Aug 16 22:23:28 shrinivaasanka-Inspiron-1545 kernel: [    0.000000]  gran_size: 256K 	chunk_size: 1G 	num_reg: 7  	lose cover RAM: 16G
Aug 16 22:23:28 shrinivaasanka-Inspiron-1545 kernel: [    0.000000]  gran_size: 256K 	chunk_size: 2G 	num_reg: 7  	lose cover RAM: 29188M
Aug 16 22:23:28 shrinivaasanka-Inspiron-1545 kernel: [    0.000000]  gran_size: 512K 	chunk_size: 512K 	num_reg: 7  	lose cover RAM: 29188M
Aug 16 22:23:28 shrinivaasanka-Inspiron-1545 kernel: [    0.000000]  gran_size: 512K 	chunk_size: 1M 	num_reg: 7  	lose cover RAM: 29188M
Aug 16 22:23:28 shrinivaasanka-Inspiron-1545 kernel: [    0.000000]  gran_size: 512K 	chunk_size: 2M 	num_reg: 7  	lose cover RAM: 29188M
Aug 16 22:23:28 shrinivaasanka-Inspiron-1545 kernel: [    0.000000]  gran_size: 512K 	chunk_size: 4M 	num_reg: 7  	lose cover RAM: 29188M
Aug 16 22:23:28 shrinivaasanka-Inspiron-1545 kernel: [    0.000000]  gran_size: 512K 	chunk_size: 8M 	num_reg: 7  	lose cover RAM: 29184M
Aug 16 22:23:28 shrinivaasanka-Inspiron-1545 kernel: [    0.000000]  gran_size: 512K 	chunk_size: 16M 	num_reg: 7  	lose cover RAM: 29184M
Aug 16 22:23:28 shrinivaasanka-Inspiron-1545 kernel: [    0.000000]  gran_size: 512K 	chunk_size: 32M 	num_reg: 7  	lose cover RAM: 29184M
Aug 16 22:23:28 shrinivaasanka-Inspiron-1545 kernel: [    0.000000]  gran_size: 512K 	chunk_size: 64M 	num_reg: 7  	lose cover RAM: 16G
Aug 16 22:23:28 shrinivaasanka-Inspiron-1545 kernel: [    0.000000]  gran_size: 512K 	chunk_size: 128M 	num_reg: 7  	lose cover RAM: 16G
Aug 16 22:23:28 shrinivaasanka-Inspiron-1545 kernel: [    0.000000]  gran_size: 512K 	chunk_size: 256M 	num_reg: 7  	lose cover RAM: 16G
Aug 16 22:23:28 shrinivaasanka-Inspiron-1545 kernel: [    0.000000]  gran_size: 512K 	chunk_size: 512M 	num_reg: 7  	lose cover RAM: 16G
Aug 16 22:23:28 shrinivaasanka-Inspiron-1545 kernel: [    0.000000]  gran_size: 512K 	chunk_size: 1G 	num_reg: 7  	lose cover RAM: 16G
Aug 16 22:23:28 shrinivaasanka-Inspiron-1545 kernel: [    0.000000]  gran_size: 512K 	chunk_size: 2G 	num_reg: 7  	lose cover RAM: 29188M
Aug 16 22:23:28 shrinivaasanka-Inspiron-1545 kernel: [    0.000000]  gran_size: 1M 	chunk_size: 1M 	num_reg: 7  	lose cover RAM: 29188M
Aug 16 22:23:28 shrinivaasanka-Inspiron-1545 kernel: [    0.000000]  gran_size: 1M 	chunk_size: 2M 	num_reg: 7  	lose cover RAM: 29188M
Aug 16 22:23:28 shrinivaasanka-Inspiron-1545 kernel: [    0.000000]  gran_size: 1M 	chunk_size: 4M 	num_reg: 7  	lose cover RAM: 29188M
Aug 16 22:23:28 shrinivaasanka-Inspiron-1545 kernel: [    0.000000]  gran_size: 1M 	chunk_size: 8M 	num_reg: 7  	lose cover RAM: 29184M
Aug 16 22:23:28 shrinivaasanka-Inspiron-1545 kernel: [    0.000000]  gran_size: 1M 	chunk_size: 16M 	num_reg: 7  	lose cover RAM: 29184M
Aug 16 22:23:28 shrinivaasanka-Inspiron-1545 kernel: [    0.000000]  gran_size: 1M 	chunk_size: 32M 	num_reg: 7  	lose cover RAM: 29184M
Aug 16 22:23:28 shrinivaasanka-Inspiron-1545 kernel: [    0.000000]  gran_size: 1M 	chunk_size: 64M 	num_reg: 7  	lose cover RAM: 16G
Aug 16 22:23:28 shrinivaasanka-Inspiron-1545 kernel: [    0.000000]  gran_size: 1M 	chunk_size: 128M 	num_reg: 7  	lose cover RAM: 16G
Aug 16 22:23:28 shrinivaasanka-Inspiron-1545 kernel: [    0.000000]  gran_size: 1M 	chunk_size: 256M 	num_reg: 7  	lose cover RAM: 16G
Aug 16 22:23:28 shrinivaasanka-Inspiron-1545 kernel: [    0.000000]  gran_size: 1M 	chunk_size: 512M 	num_reg: 7  	lose cover RAM: 16G
Aug 16 22:23:28 shrinivaasanka-Inspiron-1545 kernel: [    0.000000]  gran_size: 1M 	chunk_size: 1G 	num_reg: 7  	lose cover RAM: 16G
Aug 16 22:23:28 shrinivaasanka-Inspiron-1545 kernel: [    0.000000]  gran_size: 1M 	chunk_size: 2G 	num_reg: 7  	lose cover RAM: 29188M
Aug 16 22:23:28 shrinivaasanka-Inspiron-1545 kernel: [    0.000000]  gran_size: 2M 	chunk_size: 2M 	num_reg: 7  	lose cover RAM: 29188M
Aug 16 22:23:28 shrinivaasanka-Inspiron-1545 kernel: [    0.000000]  gran_size: 2M 	chunk_size: 4M 	num_reg: 7  	lose cover RAM: 29188M
Aug 16 22:23:28 shrinivaasanka-Inspiron-1545 kernel: [    0.000000]  gran_size: 2M 	chunk_size: 8M 	num_reg: 7  	lose cover RAM: 29184M
Aug 16 22:23:28 shrinivaasanka-Inspiron-1545 kernel: [    0.000000]  gran_size: 2M 	chunk_size: 16M 	num_reg: 7  	lose cover RAM: 29184M
Aug 16 22:23:28 shrinivaasanka-Inspiron-1545 kernel: [    0.000000]  gran_size: 2M 	chunk_size: 32M 	num_reg: 7  	lose cover RAM: 29184M
Aug 16 22:23:28 shrinivaasanka-Inspiron-1545 kernel: [    0.000000]  gran_size: 2M 	chunk_size: 64M 	num_reg: 7  	lose cover RAM: 16G
Aug 16 22:23:28 shrinivaasanka-Inspiron-1545 kernel: [    0.000000]  gran_size: 2M 	chunk_size: 128M 	num_reg: 7  	lose cover RAM: 16G
Aug 16 22:23:28 shrinivaasanka-Inspiron-1545 kernel: [    0.000000]  gran_size: 2M 	chunk_size: 256M 	num_reg: 7  	lose cover RAM: 16G
Aug 16 22:23:28 shrinivaasanka-Inspiron-1545 kernel: [    0.000000]  gran_size: 2M 	chunk_size: 512M 	num_reg: 7  	lose cover RAM: 16G
Aug 16 22:23:28 shrinivaasanka-Inspiron-1545 kernel: [    0.000000]  gran_size: 2M 	chunk_size: 1G 	num_reg: 7  	lose cover RAM: 16G
Aug 16 22:23:28 shrinivaasanka-Inspiron-1545 kernel: [    0.000000]  gran_size: 2M 	chunk_size: 2G 	num_reg: 7  	lose cover RAM: 29188M
Aug 16 22:23:28 shrinivaasanka-Inspiron-1545 kernel: [    0.000000]  gran_size: 4M 	chunk_size: 4M 	num_reg: 7  	lose cover RAM: 29188M
Aug 16 22:23:28 shrinivaasanka-Inspiron-1545 kernel: [    0.000000]  gran_size: 4M 	chunk_size: 8M 	num_reg: 7  	lose cover RAM: 29184M
Aug 16 22:23:28 shrinivaasanka-Inspiron-1545 kernel: [    0.000000]  gran_size: 4M 	chunk_size: 16M 	num_reg: 7  	lose cover RAM: 29184M
Aug 16 22:23:28 shrinivaasanka-Inspiron-1545 kernel: [    0.000000]  gran_size: 4M 	chunk_size: 32M 	num_reg: 7  	lose cover RAM: 29184M
Aug 16 22:23:28 shrinivaasanka-Inspiron-1545 kernel: [    0.000000]  gran_size: 4M 	chunk_size: 64M 	num_reg: 7  	lose cover RAM: 16G
Aug 16 22:23:28 shrinivaasanka-Inspiron-1545 kernel: [    0.000000]  gran_size: 4M 	chunk_size: 128M 	num_reg: 7  	lose cover RAM: 16G
Aug 16 22:23:28 shrinivaasanka-Inspiron-1545 kernel: [    0.000000]  gran_size: 4M 	chunk_size: 256M 	num_reg: 7  	lose cover RAM: 16G
Aug 16 22:23:28 shrinivaasanka-Inspiron-1545 kernel: [    0.000000]  gran_size: 4M 	chunk_size: 512M 	num_reg: 7  	lose cover RAM: 16G
Aug 16 22:23:28 shrinivaasanka-Inspiron-1545 kernel: [    0.000000]  gran_size: 4M 	chunk_size: 1G 	num_reg: 7  	lose cover RAM: 16G
Aug 16 22:23:28 shrinivaasanka-Inspiron-1545 kernel: [    0.000000]  gran_size: 4M 	chunk_size: 2G 	num_reg: 7  	lose cover RAM: 29188M
Aug 16 22:23:28 shrinivaasanka-Inspiron-1545 kernel: [    0.000000]  gran_size: 8M 	chunk_size: 8M 	num_reg: 7  	lose cover RAM: 29188M
Aug 16 22:23:28 shrinivaasanka-Inspiron-1545 kernel: [    0.000000]  gran_size: 8M 	chunk_size: 16M 	num_reg: 7  	lose cover RAM: 29188M
Aug 16 22:23:28 shrinivaasanka-Inspiron-1545 kernel: [    0.000000]  gran_size: 8M 	chunk_size: 32M 	num_reg: 7  	lose cover RAM: 29188M
Aug 16 22:23:28 shrinivaasanka-Inspiron-1545 kernel: [    0.000000]  gran_size: 8M 	chunk_size: 64M 	num_reg: 7  	lose cover RAM: 16388M
Aug 16 22:23:28 shrinivaasanka-Inspiron-1545 kernel: [    0.000000]  gran_size: 8M 	chunk_size: 128M 	num_reg: 7  	lose cover RAM: 16388M
Aug 16 22:23:28 shrinivaasanka-Inspiron-1545 kernel: [    0.000000]  gran_size: 8M 	chunk_size: 256M 	num_reg: 7  	lose cover RAM: 16388M
Aug 16 22:23:28 shrinivaasanka-Inspiron-1545 kernel: [    0.000000]  gran_size: 8M 	chunk_size: 512M 	num_reg: 7  	lose cover RAM: 16388M
Aug 16 22:23:28 shrinivaasanka-Inspiron-1545 kernel: [    0.000000]  gran_size: 8M 	chunk_size: 1G 	num_reg: 7  	lose cover RAM: 16388M
Aug 16 22:23:28 shrinivaasanka-Inspiron-1545 kernel: [    0.000000]  gran_size: 8M 	chunk_size: 2G 	num_reg: 7  	lose cover RAM: 29188M
Aug 16 22:23:28 shrinivaasanka-Inspiron-1545 kernel: [    0.000000]  gran_size: 16M 	chunk_size: 16M 	num_reg: 7  	lose cover RAM: 28684M
Aug 16 22:23:28 shrinivaasanka-Inspiron-1545 kernel: [    0.000000]  gran_size: 16M 	chunk_size: 32M 	num_reg: 7  	lose cover RAM: 29196M
Aug 16 22:23:28 shrinivaasanka-Inspiron-1545 kernel: [    0.000000]  gran_size: 16M 	chunk_size: 64M 	num_reg: 7  	lose cover RAM: 16396M
Aug 16 22:23:28 shrinivaasanka-Inspiron-1545 kernel: [    0.000000]  gran_size: 16M 	chunk_size: 128M 	num_reg: 7  	lose cover RAM: 16396M
Aug 16 22:23:28 shrinivaasanka-Inspiron-1545 kernel: [    0.000000]  gran_size: 16M 	chunk_size: 256M 	num_reg: 7  	lose cover RAM: 16396M
Aug 16 22:23:28 shrinivaasanka-Inspiron-1545 kernel: [    0.000000]  gran_size: 16M 	chunk_size: 512M 	num_reg: 7  	lose cover RAM: 16396M
Aug 16 22:23:28 shrinivaasanka-Inspiron-1545 kernel: [    0.000000]  gran_size: 16M 	chunk_size: 1G 	num_reg: 7  	lose cover RAM: 16396M
Aug 16 22:23:28 shrinivaasanka-Inspiron-1545 kernel: [    0.000000]  gran_size: 16M 	chunk_size: 2G 	num_reg: 7  	lose cover RAM: 28172M
Aug 16 22:23:28 shrinivaasanka-Inspiron-1545 kernel: [    0.000000]  gran_size: 32M 	chunk_size: 32M 	num_reg: 7  	lose cover RAM: 24604M
Aug 16 22:23:28 shrinivaasanka-Inspiron-1545 kernel: [    0.000000]  gran_size: 32M 	chunk_size: 64M 	num_reg: 7  	lose cover RAM: 24604M
Aug 16 22:23:28 shrinivaasanka-Inspiron-1545 kernel: [    0.000000]  gran_size: 32M 	chunk_size: 128M 	num_reg: 7  	lose cover RAM: 28M
Aug 16 22:23:28 shrinivaasanka-Inspiron-1545 kernel: [    0.000000]  gran_size: 32M 	chunk_size: 256M 	num_reg: 7  	lose cover RAM: 28M
Aug 16 22:23:28 shrinivaasanka-Inspiron-1545 kernel: [    0.000000]  gran_size: 32M 	chunk_size: 512M 	num_reg: 7  	lose cover RAM: 28M
Aug 16 22:23:28 shrinivaasanka-Inspiron-1545 kernel: [    0.000000]  gran_size: 32M 	chunk_size: 1G 	num_reg: 7  	lose cover RAM: 28M
Aug 16 22:23:28 shrinivaasanka-Inspiron-1545 kernel: [    0.000000]  gran_size: 32M 	chunk_size: 2G 	num_reg: 7  	lose cover RAM: 27164M
Aug 16 22:23:28 shrinivaasanka-Inspiron-1545 kernel: [    0.000000]  gran_size: 64M 	chunk_size: 64M 	num_reg: 7  	lose cover RAM: 24604M
Aug 16 22:23:28 shrinivaasanka-Inspiron-1545 kernel: [    0.000000]  gran_size: 64M 	chunk_size: 128M 	num_reg: 7  	lose cover RAM: 28M
Aug 16 22:23:28 shrinivaasanka-Inspiron-1545 kernel: [    0.000000]  gran_size: 64M 	chunk_size: 256M 	num_reg: 7  	lose cover RAM: 28M
Aug 16 22:23:28 shrinivaasanka-Inspiron-1545 kernel: [    0.000000]  gran_size: 64M 	chunk_size: 512M 	num_reg: 7  	lose cover RAM: 28M
Aug 16 22:23:28 shrinivaasanka-Inspiron-1545 kernel: [    0.000000]  gran_size: 64M 	chunk_size: 1G 	num_reg: 7  	lose cover RAM: 28M
Aug 16 22:23:28 shrinivaasanka-Inspiron-1545 kernel: [    0.000000]  gran_size: 64M 	chunk_size: 2G 	num_reg: 7  	lose cover RAM: 27164M
Aug 16 22:23:28 shrinivaasanka-Inspiron-1545 kernel: [    0.000000]  gran_size: 128M 	chunk_size: 128M 	num_reg: 7  	lose cover RAM: 16476M
Aug 16 22:23:28 shrinivaasanka-Inspiron-1545 kernel: [    0.000000]  gran_size: 128M 	chunk_size: 256M 	num_reg: 7  	lose cover RAM: 92M
Aug 16 22:23:28 shrinivaasanka-Inspiron-1545 kernel: [    0.000000]  gran_size: 128M 	chunk_size: 512M 	num_reg: 7  	lose cover RAM: 92M
Aug 16 22:23:28 shrinivaasanka-Inspiron-1545 kernel: [    0.000000]  gran_size: 128M 	chunk_size: 1G 	num_reg: 7  	lose cover RAM: 92M
Aug 16 22:23:28 shrinivaasanka-Inspiron-1545 kernel: [    0.000000]  gran_size: 128M 	chunk_size: 2G 	num_reg: 7  	lose cover RAM: 27740M
Aug 16 22:23:28 shrinivaasanka-Inspiron-1545 kernel: [    0.000000]  gran_size: 256M 	chunk_size: 256M 	num_reg: 7  	lose cover RAM: 220M
Aug 16 22:23:28 shrinivaasanka-Inspiron-1545 kernel: [    0.000000]  gran_size: 256M 	chunk_size: 512M 	num_reg: 7  	lose cover RAM: 220M
Aug 16 22:23:28 shrinivaasanka-Inspiron-1545 kernel: [    0.000000]  gran_size: 256M 	chunk_size: 1G 	num_reg: 7  	lose cover RAM: 220M
Aug 16 22:23:28 shrinivaasanka-Inspiron-1545 kernel: [    0.000000]  gran_size: 256M 	chunk_size: 2G 	num_reg: 7  	lose cover RAM: 26844M
Aug 16 22:23:28 shrinivaasanka-Inspiron-1545 kernel: [    0.000000]  gran_size: 512M 	chunk_size: 512M 	num_reg: 6  	lose cover RAM: 476M
Aug 16 22:23:28 shrinivaasanka-Inspiron-1545 kernel: [    0.000000]  gran_size: 512M 	chunk_size: 1G 	num_reg: 7  	lose cover RAM: 476M
Aug 16 22:23:28 shrinivaasanka-Inspiron-1545 kernel: [    0.000000]  gran_size: 512M 	chunk_size: 2G 	num_reg: 7  	lose cover RAM: 25052M
Aug 16 22:23:28 shrinivaasanka-Inspiron-1545 kernel: [    0.000000]  gran_size: 1G 	chunk_size: 1G 	num_reg: 4  	lose cover RAM: 1500M
Aug 16 22:23:28 shrinivaasanka-Inspiron-1545 kernel: [    0.000000]  gran_size: 1G 	chunk_size: 2G 	num_reg: 4  	lose cover RAM: 1500M
Aug 16 22:23:28 shrinivaasanka-Inspiron-1545 kernel: [    0.000000]  gran_size: 2G 	chunk_size: 2G 	num_reg: 4  	lose cover RAM: 1500M
Aug 16 22:23:28 shrinivaasanka-Inspiron-1545 kernel: [    0.000000] mtrr_cleanup: can not find optimal value
Aug 16 22:23:28 shrinivaasanka-Inspiron-1545 kernel: [    0.000000] please specify mtrr_gran_size/mtrr_chunk_size
Aug 16 22:23:28 shrinivaasanka-Inspiron-1545 kernel: [    0.000000] e820: update [mem 0xbdc00000-0xbfffffff] usable ==> reserved
Aug 16 22:23:28 shrinivaasanka-Inspiron-1545 kernel: [    0.000000] e820: update [mem 0xe0000000-0xffffffff] usable ==> reserved
Aug 16 22:23:28 shrinivaasanka-Inspiron-1545 kernel: [    0.000000] Scanning 1 areas for low memory corruption
Aug 16 22:23:28 shrinivaasanka-Inspiron-1545 kernel: [    0.000000] initial memory mapped: [mem 0x00000000-0x021fffff]
Aug 16 22:23:28 shrinivaasanka-Inspiron-1545 kernel: [    0.000000] Base memory trampoline at [c009b000] 9b000 size 16384
Aug 16 22:23:28 shrinivaasanka-Inspiron-1545 kernel: [    0.000000] init_memory_mapping: [mem 0x00000000-0x000fffff]
Aug 16 22:23:28 shrinivaasanka-Inspiron-1545 kernel: [    0.000000]  [mem 0x00000000-0x000fffff] page 4k
Aug 16 22:23:28 shrinivaasanka-Inspiron-1545 kernel: [    0.000000] init_memory_mapping: [mem 0x37800000-0x379fffff]
Aug 16 22:23:28 shrinivaasanka-Inspiron-1545 kernel: [    0.000000]  [mem 0x37800000-0x379fffff] page 2M
Aug 16 22:23:28 shrinivaasanka-Inspiron-1545 kernel: [    0.000000] init_memory_mapping: [mem 0x34000000-0x377fffff]
Aug 16 22:23:28 shrinivaasanka-Inspiron-1545 kernel: [    0.000000]  [mem 0x34000000-0x377fffff] page 2M
Aug 16 22:23:28 shrinivaasanka-Inspiron-1545 kernel: [    0.000000] init_memory_mapping: [mem 0x00100000-0x33ffffff]
Aug 16 22:23:28 shrinivaasanka-Inspiron-1545 kernel: [    0.000000]  [mem 0x00100000-0x001fffff] page 4k
Aug 16 22:23:28 shrinivaasanka-Inspiron-1545 kernel: [    0.000000]  [mem 0x00200000-0x33ffffff] page 2M
Aug 16 22:23:28 shrinivaasanka-Inspiron-1545 kernel: [    0.000000] init_memory_mapping: [mem 0x37a00000-0x37bfdfff]
Aug 16 22:23:28 shrinivaasanka-Inspiron-1545 kernel: [    0.000000]  [mem 0x37a00000-0x37bfdfff] page 4k
Aug 16 22:23:28 shrinivaasanka-Inspiron-1545 kernel: [    0.000000] BRK [0x01c04000, 0x01c04fff] PGTABLE
Aug 16 22:23:28 shrinivaasanka-Inspiron-1545 kernel: [    0.000000] RAMDISK: [mem 0x1dd00000-0x2ae77fff]
Aug 16 22:23:28 shrinivaasanka-Inspiron-1545 kernel: [    0.000000] ACPI: RSDP 0x000FBDD0 000024 (v02 DELL  )
Aug 16 22:23:28 shrinivaasanka-Inspiron-1545 kernel: [    0.000000] ACPI: XSDT 0xBDAC3E00 000054 (v01 DELL   WN09     27D90C07 ASL  00000061)
Aug 16 22:23:28 shrinivaasanka-Inspiron-1545 kernel: [    0.000000] ACPI: FACP 0xBDAC3C9C 0000F4 (v04 DELL   WN09     27D90C07 ASL  00000061)
Aug 16 22:23:28 shrinivaasanka-Inspiron-1545 kernel: [    0.000000] ACPI BIOS Warning (bug): 32/64X length mismatch in FADT/Gpe0Block: 128/64 (20140214/tbfadt-603)
Aug 16 22:23:28 shrinivaasanka-Inspiron-1545 kernel: [    0.000000] ACPI: DSDT 0xBDAC4400 005451 (v02 INT430 SYSFexxx 00001001 INTL 20050624)
Aug 16 22:23:28 shrinivaasanka-Inspiron-1545 kernel: [    0.000000] ACPI: FACS 0xBDAD2C00 000040
Aug 16 22:23:28 shrinivaasanka-Inspiron-1545 kernel: [    0.000000] ACPI: HPET 0xBDAC3F00 000038 (v01 DELL   WN09     00000001 ASL  00000061)
Aug 16 22:23:28 shrinivaasanka-Inspiron-1545 kernel: [    0.000000] ACPI: APIC 0xBDAC4000 000068 (v01 DELL   WN09     27D90C07 ASL  00000047)
Aug 16 22:23:28 shrinivaasanka-Inspiron-1545 kernel: [    0.000000] ACPI: MCFG 0xBDAC3FC0 00003E (v16 DELL   WN09     27D90C07 ASL  00000061)
Aug 16 22:23:28 shrinivaasanka-Inspiron-1545 kernel: [    0.000000] ACPI: SLIC 0xBDAC409C 000176 (v01 DELL   WN09     27D90C07 ASL  00000061)
Aug 16 22:23:28 shrinivaasanka-Inspiron-1545 kernel: [    0.000000] ACPI: SSDT 0xBDAC2363 00066C (v01 PmRef  CpuPm    00003000 INTL 20050624)
Aug 16 22:23:28 shrinivaasanka-Inspiron-1545 kernel: [    0.000000] ACPI: Local APIC address 0xfee00000
Aug 16 22:23:28 shrinivaasanka-Inspiron-1545 kernel: [    0.000000] 2140MB HIGHMEM available.
Aug 16 22:23:28 shrinivaasanka-Inspiron-1545 kernel: [    0.000000] 891MB LOWMEM available.
Aug 16 22:23:28 shrinivaasanka-Inspiron-1545 kernel: [    0.000000]   mapped low ram: 0 - 37bfe000
Aug 16 22:23:28 shrinivaasanka-Inspiron-1545 kernel: [    0.000000]   low ram: 0 - 37bfe000
Aug 16 22:23:28 shrinivaasanka-Inspiron-1545 kernel: [    0.000000] BRK [0x01c05000, 0x01c05fff] PGTABLE
Aug 16 22:23:28 shrinivaasanka-Inspiron-1545 kernel: [    0.000000] Zone ranges:
Aug 16 22:23:28 shrinivaasanka-Inspiron-1545 kernel: [    0.000000]   DMA      [mem 0x00001000-0x00ffffff]
Aug 16 22:23:28 shrinivaasanka-Inspiron-1545 kernel: [    0.000000]   Normal   [mem 0x01000000-0x37bfdfff]
Aug 16 22:23:28 shrinivaasanka-Inspiron-1545 kernel: [    0.000000]   HighMem  [mem 0x37bfe000-0xbd8befff]
Aug 16 22:23:28 shrinivaasanka-Inspiron-1545 kernel: [    0.000000] Movable zone start for each node
Aug 16 22:23:28 shrinivaasanka-Inspiron-1545 kernel: [    0.000000] Early memory node ranges
Aug 16 22:23:28 shrinivaasanka-Inspiron-1545 kernel: [    0.000000]   node   0: [mem 0x00001000-0x0009efff]
Aug 16 22:23:28 shrinivaasanka-Inspiron-1545 kernel: [    0.000000]   node   0: [mem 0x00100000-0xbd8befff]
Aug 16 22:23:28 shrinivaasanka-Inspiron-1545 kernel: [    0.000000] On node 0 totalpages: 776285
Aug 16 22:23:28 shrinivaasanka-Inspiron-1545 kernel: [    0.000000]   DMA zone: 32 pages used for memmap
Aug 16 22:23:28 shrinivaasanka-Inspiron-1545 kernel: [    0.000000]   DMA zone: 0 pages reserved
Aug 16 22:23:28 shrinivaasanka-Inspiron-1545 kernel: [    0.000000]   DMA zone: 3998 pages, LIFO batch:0
Aug 16 22:23:28 shrinivaasanka-Inspiron-1545 kernel: [    0.000000]   Normal zone: 1752 pages used for memmap
Aug 16 22:23:28 shrinivaasanka-Inspiron-1545 kernel: [    0.000000]   Normal zone: 224254 pages, LIFO batch:31
Aug 16 22:23:28 shrinivaasanka-Inspiron-1545 kernel: [    0.000000]   HighMem zone: 4282 pages used for memmap
Aug 16 22:23:28 shrinivaasanka-Inspiron-1545 kernel: [    0.000000]   HighMem zone: 548033 pages, LIFO batch:31
Aug 16 22:23:28 shrinivaasanka-Inspiron-1545 kernel: [    0.000000] Using APIC driver default
Aug 16 22:23:28 shrinivaasanka-Inspiron-1545 kernel: [    0.000000] Reserving Intel graphics stolen memory at 0xbe000000-0xbfffffff
Aug 16 22:23:28 shrinivaasanka-Inspiron-1545 kernel: [    0.000000] ACPI: PM-Timer IO Port: 0x1008
Aug 16 22:23:28 shrinivaasanka-Inspiron-1545 kernel: [    0.000000] ACPI: Local APIC address 0xfee00000
Aug 16 22:23:28 shrinivaasanka-Inspiron-1545 kernel: [    0.000000] ACPI: LAPIC (acpi_id[0x00] lapic_id[0x00] enabled)
Aug 16 22:23:28 shrinivaasanka-Inspiron-1545 kernel: [    0.000000] ACPI: LAPIC (acpi_id[0x01] lapic_id[0x01] enabled)
Aug 16 22:23:28 shrinivaasanka-Inspiron-1545 kernel: [    0.000000] ACPI: LAPIC_NMI (acpi_id[0x00] high edge lint[0x1])
Aug 16 22:23:28 shrinivaasanka-Inspiron-1545 kernel: [    0.000000] ACPI: LAPIC_NMI (acpi_id[0x01] high edge lint[0x1])
Aug 16 22:23:28 shrinivaasanka-Inspiron-1545 kernel: [    0.000000] ACPI: IOAPIC (id[0x02] address[0xfec00000] gsi_base[0])
Aug 16 22:23:28 shrinivaasanka-Inspiron-1545 kernel: [    0.000000] IOAPIC[0]: apic_id 2, version 32, address 0xfec00000, GSI 0-23
Aug 16 22:23:28 shrinivaasanka-Inspiron-1545 kernel: [    0.000000] ACPI: INT_SRC_OVR (bus 0 bus_irq 0 global_irq 2 dfl dfl)
Aug 16 22:23:28 shrinivaasanka-Inspiron-1545 kernel: [    0.000000] ACPI: INT_SRC_OVR (bus 0 bus_irq 9 global_irq 9 high level)
Aug 16 22:23:28 shrinivaasanka-Inspiron-1545 kernel: [    0.000000] ACPI: IRQ0 used by override.
Aug 16 22:23:28 shrinivaasanka-Inspiron-1545 kernel: [    0.000000] ACPI: IRQ2 used by override.
Aug 16 22:23:28 shrinivaasanka-Inspiron-1545 kernel: [    0.000000] ACPI: IRQ9 used by override.
Aug 16 22:23:28 shrinivaasanka-Inspiron-1545 kernel: [    0.000000] Using ACPI (MADT) for SMP configuration information
Aug 16 22:23:28 shrinivaasanka-Inspiron-1545 kernel: [    0.000000] ACPI: HPET id: 0x8086a201 base: 0xfed00000
Aug 16 22:23:28 shrinivaasanka-Inspiron-1545 kernel: [    0.000000] smpboot: Allowing 2 CPUs, 0 hotplug CPUs
Aug 16 22:23:28 shrinivaasanka-Inspiron-1545 kernel: [    0.000000] nr_irqs_gsi: 40
Aug 16 22:23:28 shrinivaasanka-Inspiron-1545 kernel: [    0.000000] PM: Registered nosave memory: [mem 0x0009f000-0x0009ffff]
Aug 16 22:23:28 shrinivaasanka-Inspiron-1545 kernel: [    0.000000] PM: Registered nosave memory: [mem 0x000a0000-0x000fffff]
Aug 16 22:23:28 shrinivaasanka-Inspiron-1545 kernel: [    0.000000] e820: [mem 0xc0000000-0xf7ffffff] available for PCI devices
Aug 16 22:23:28 shrinivaasanka-Inspiron-1545 kernel: [    0.000000] Booting paravirtualized kernel on bare hardware
Aug 16 22:23:28 shrinivaasanka-Inspiron-1545 kernel: [    0.000000] setup_percpu: NR_CPUS:8 nr_cpumask_bits:8 nr_cpu_ids:2 nr_node_ids:1
Aug 16 22:23:28 shrinivaasanka-Inspiron-1545 kernel: [    0.000000] PERCPU: Embedded 14 pages/cpu @f63bb000 s36032 r0 d21312 u57344
Aug 16 22:23:28 shrinivaasanka-Inspiron-1545 kernel: [    0.000000] pcpu-alloc: s36032 r0 d21312 u57344 alloc=14*4096
Aug 16 22:23:28 shrinivaasanka-Inspiron-1545 kernel: [    0.000000] pcpu-alloc: [0] 0 [0] 1 
Aug 16 22:23:28 shrinivaasanka-Inspiron-1545 kernel: [    0.000000] Built 1 zonelists in Zone order, mobility grouping on.  Total pages: 774501
Aug 16 22:23:28 shrinivaasanka-Inspiron-1545 kernel: [    0.000000] Kernel command line: BOOT_IMAGE=/boot/vmlinuz-3.15.5 root=UUID=a17d2cbc-55c6-4d07-9ff0-e058fee06d24 ro recovery nomodeset
Aug 16 22:23:28 shrinivaasanka-Inspiron-1545 kernel: [    0.000000] PID hash table entries: 4096 (order: 2, 16384 bytes)
Aug 16 22:23:28 shrinivaasanka-Inspiron-1545 kernel: [    0.000000] Dentry cache hash table entries: 131072 (order: 7, 524288 bytes)
Aug 16 22:23:28 shrinivaasanka-Inspiron-1545 kernel: [    0.000000] Inode-cache hash table entries: 65536 (order: 6, 262144 bytes)
Aug 16 22:23:28 shrinivaasanka-Inspiron-1545 kernel: [    0.000000] Initializing CPU#0
Aug 16 22:23:28 shrinivaasanka-Inspiron-1545 kernel: [    0.000000] xsave: enabled xstate_bv 0x3, cntxt size 0x240
Aug 16 22:23:28 shrinivaasanka-Inspiron-1545 kernel: [    0.000000] Initializing HighMem for node 0 (00037bfe:000bd8bf)
Aug 16 22:23:28 shrinivaasanka-Inspiron-1545 kernel: [    0.000000] Initializing Movable for node 0 (00000000:00000000)
Aug 16 22:23:28 shrinivaasanka-Inspiron-1545 kernel: [    0.000000] Memory: 2852616K/3105140K available (6664K kernel code, 670K rwdata, 2984K rodata, 876K init, 992K bss, 252524K reserved, 2192132K highmem)
Aug 16 22:23:28 shrinivaasanka-Inspiron-1545 kernel: [    0.000000] virtual kernel memory layout:
Aug 16 22:23:28 shrinivaasanka-Inspiron-1545 kernel: [    0.000000]     fixmap  : 0xfff15000 - 0xfffff000   ( 936 kB)
Aug 16 22:23:28 shrinivaasanka-Inspiron-1545 kernel: [    0.000000]     pkmap   : 0xffc00000 - 0xffe00000   (2048 kB)
Aug 16 22:23:28 shrinivaasanka-Inspiron-1545 kernel: [    0.000000]     vmalloc : 0xf83fe000 - 0xffbfe000   ( 120 MB)
Aug 16 22:23:28 shrinivaasanka-Inspiron-1545 kernel: [    0.000000]     lowmem  : 0xc0000000 - 0xf7bfe000   ( 891 MB)
Aug 16 22:23:28 shrinivaasanka-Inspiron-1545 kernel: [    0.000000]       .init : 0xc1a17000 - 0xc1af2000   ( 876 kB)
Aug 16 22:23:28 shrinivaasanka-Inspiron-1545 kernel: [    0.000000]       .data : 0xc16826a2 - 0xc1a15a80   (3660 kB)
Aug 16 22:23:28 shrinivaasanka-Inspiron-1545 kernel: [    0.000000]       .text : 0xc1000000 - 0xc16826a2   (6665 kB)
Aug 16 22:23:28 shrinivaasanka-Inspiron-1545 kernel: [    0.000000] Checking if this processor honours the WP bit even in supervisor mode...Ok.
Aug 16 22:23:28 shrinivaasanka-Inspiron-1545 kernel: [    0.000000] SLUB: HWalign=64, Order=0-3, MinObjects=0, CPUs=2, Nodes=1
Aug 16 22:23:28 shrinivaasanka-Inspiron-1545 kernel: [    0.000000] Hierarchical RCU implementation.
Aug 16 22:23:28 shrinivaasanka-Inspiron-1545 kernel: [    0.000000] 	RCU dyntick-idle grace-period acceleration is enabled.
Aug 16 22:23:28 shrinivaasanka-Inspiron-1545 kernel: [    0.000000] 	RCU restricting CPUs from NR_CPUS=8 to nr_cpu_ids=2.
Aug 16 22:23:28 shrinivaasanka-Inspiron-1545 kernel: [    0.000000] RCU: Adjusting geometry for rcu_fanout_leaf=16, nr_cpu_ids=2
Aug 16 22:23:28 shrinivaasanka-Inspiron-1545 kernel: [    0.000000] NR_IRQS:2304 nr_irqs:512 16
Aug 16 22:23:28 shrinivaasanka-Inspiron-1545 kernel: [    0.000000] CPU 0 irqstacks, hard=f5c08000 soft=f5c0a000
Aug 16 22:23:28 shrinivaasanka-Inspiron-1545 kernel: [    0.000000] Console: colour VGA+ 80x25
Aug 16 22:23:28 shrinivaasanka-Inspiron-1545 kernel: [    0.000000] console [tty0] enabled
Aug 16 22:23:28 shrinivaasanka-Inspiron-1545 kernel: [    0.000000] allocated 6291456 bytes of page_cgroup
Aug 16 22:23:28 shrinivaasanka-Inspiron-1545 kernel: [    0.000000] please try 'cgroup_disable=memory' option if you don't want memory cgroups
Aug 16 22:23:28 shrinivaasanka-Inspiron-1545 kernel: [    0.000000] hpet clockevent registered
Aug 16 22:23:28 shrinivaasanka-Inspiron-1545 kernel: [    0.000000] tsc: Fast TSC calibration using PIT
Aug 16 22:23:28 shrinivaasanka-Inspiron-1545 kernel: [    0.000000] tsc: Detected 1994.847 MHz processor
Aug 16 22:23:28 shrinivaasanka-Inspiron-1545 kernel: [    0.004013] Calibrating delay loop (skipped), value calculated using timer frequency.. 3989.69 BogoMIPS (lpj=7979388)
Aug 16 22:23:28 shrinivaasanka-Inspiron-1545 kernel: [    0.004111] pid_max: default: 32768 minimum: 301
Aug 16 22:23:28 shrinivaasanka-Inspiron-1545 kernel: [    0.004170] ACPI: Core revision 20140214
Aug 16 22:23:28 shrinivaasanka-Inspiron-1545 kernel: [    0.011561] ACPI: All ACPI Tables successfully acquired
Aug 16 22:23:28 shrinivaasanka-Inspiron-1545 kernel: [    0.012029] Security Framework initialized
Aug 16 22:23:28 shrinivaasanka-Inspiron-1545 kernel: [    0.016020] AppArmor: AppArmor initialized
Aug 16 22:23:28 shrinivaasanka-Inspiron-1545 kernel: [    0.016070] Yama: becoming mindful.
Aug 16 22:23:28 shrinivaasanka-Inspiron-1545 kernel: [    0.016169] Mount-cache hash table entries: 2048 (order: 1, 8192 bytes)
Aug 16 22:23:28 shrinivaasanka-Inspiron-1545 kernel: [    0.016221] Mountpoint-cache hash table entries: 2048 (order: 1, 8192 bytes)
Aug 16 22:23:28 shrinivaasanka-Inspiron-1545 kernel: [    0.016526] Initializing cgroup subsys memory
Aug 16 22:23:28 shrinivaasanka-Inspiron-1545 kernel: [    0.016580] Initializing cgroup subsys devices
Aug 16 22:23:28 shrinivaasanka-Inspiron-1545 kernel: [    0.016629] Initializing cgroup subsys freezer
Aug 16 22:23:28 shrinivaasanka-Inspiron-1545 kernel: [    0.016679] Initializing cgroup subsys net_cls
Aug 16 22:23:28 shrinivaasanka-Inspiron-1545 kernel: [    0.016729] Initializing cgroup subsys blkio
Aug 16 22:23:28 shrinivaasanka-Inspiron-1545 kernel: [    0.016778] Initializing cgroup subsys perf_event
Aug 16 22:23:28 shrinivaasanka-Inspiron-1545 kernel: [    0.016828] Initializing cgroup subsys net_prio
Aug 16 22:23:28 shrinivaasanka-Inspiron-1545 kernel: [    0.016877] Initializing cgroup subsys hugetlb
Aug 16 22:23:28 shrinivaasanka-Inspiron-1545 kernel: [    0.016950] CPU: Physical Processor ID: 0
Aug 16 22:23:28 shrinivaasanka-Inspiron-1545 kernel: [    0.016997] CPU: Processor Core ID: 0
Aug 16 22:23:28 shrinivaasanka-Inspiron-1545 kernel: [    0.017047] mce: CPU supports 6 MCE banks
Aug 16 22:23:28 shrinivaasanka-Inspiron-1545 kernel: [    0.017101] CPU0: Thermal monitoring enabled (TM2)
Aug 16 22:23:28 shrinivaasanka-Inspiron-1545 kernel: [    0.017159] Last level iTLB entries: 4KB 128, 2MB 4, 4MB 4
Aug 16 22:23:28 shrinivaasanka-Inspiron-1545 kernel: [    0.017159] Last level dTLB entries: 4KB 256, 2MB 0, 4MB 32, 1GB 0
Aug 16 22:23:28 shrinivaasanka-Inspiron-1545 kernel: [    0.017159] tlb_flushall_shift: -1
Aug 16 22:23:28 shrinivaasanka-Inspiron-1545 kernel: [    0.017754] Freeing SMP alternatives memory: 32K (c1af2000 - c1afa000)
Aug 16 22:23:28 shrinivaasanka-Inspiron-1545 kernel: [    0.018941] ftrace: allocating 28355 entries in 56 pages
Aug 16 22:23:28 shrinivaasanka-Inspiron-1545 kernel: [    0.028099] Enabling APIC mode:  Flat.  Using 1 I/O APICs
Aug 16 22:23:28 shrinivaasanka-Inspiron-1545 kernel: [    0.032181] ..TIMER: vector=0x30 apic1=0 pin1=2 apic2=-1 pin2=-1
Aug 16 22:23:28 shrinivaasanka-Inspiron-1545 kernel: [    0.071919] smpboot: CPU0: Intel(R) Core(TM)2 Duo CPU     T6400  @ 2.00GHz (fam: 06, model: 17, stepping: 0a)
Aug 16 22:23:28 shrinivaasanka-Inspiron-1545 kernel: [    0.076000] Performance Events: PEBS fmt0+, 4-deep LBR, Core2 events, Intel PMU driver.
Aug 16 22:23:28 shrinivaasanka-Inspiron-1545 kernel: [    0.076000] ... version:                2
Aug 16 22:23:28 shrinivaasanka-Inspiron-1545 kernel: [    0.076000] ... bit width:              40
Aug 16 22:23:28 shrinivaasanka-Inspiron-1545 kernel: [    0.076000] ... generic registers:      2
Aug 16 22:23:28 shrinivaasanka-Inspiron-1545 kernel: [    0.076000] ... value mask:             000000ffffffffff
Aug 16 22:23:28 shrinivaasanka-Inspiron-1545 kernel: [    0.076000] ... max period:             000000007fffffff
Aug 16 22:23:28 shrinivaasanka-Inspiron-1545 kernel: [    0.076000] ... fixed-purpose events:   3
Aug 16 22:23:28 shrinivaasanka-Inspiron-1545 kernel: [    0.076000] ... event mask:             0000000700000003
Aug 16 22:23:28 shrinivaasanka-Inspiron-1545 kernel: [    0.076000] CPU 1 irqstacks, hard=f5ce6000 soft=f5cf0000
Aug 16 22:23:28 shrinivaasanka-Inspiron-1545 kernel: [    0.076000] x86: Booting SMP configuration:
Aug 16 22:23:28 shrinivaasanka-Inspiron-1545 kernel: [    0.076000] .... node  #0, CPUs:      #1
Aug 16 22:23:28 shrinivaasanka-Inspiron-1545 kernel: [    0.008000] Initializing CPU#1
Aug 16 22:23:28 shrinivaasanka-Inspiron-1545 kernel: [    0.088040] x86: Booted up 1 node, 2 CPUs
Aug 16 22:23:28 shrinivaasanka-Inspiron-1545 kernel: [    0.088177] smpboot: Total of 2 processors activated (7979.38 BogoMIPS)
Aug 16 22:23:28 shrinivaasanka-Inspiron-1545 kernel: [    0.088317] NMI watchdog: enabled on all CPUs, permanently consumes one hw-PMU counter.
Aug 16 22:23:28 shrinivaasanka-Inspiron-1545 kernel: [    0.089909] devtmpfs: initialized
Aug 16 22:23:28 shrinivaasanka-Inspiron-1545 kernel: [    0.089909] evm: security.selinux
Aug 16 22:23:28 shrinivaasanka-Inspiron-1545 kernel: [    0.089909] evm: security.SMACK64
Aug 16 22:23:28 shrinivaasanka-Inspiron-1545 kernel: [    0.089909] evm: security.ima
Aug 16 22:23:28 shrinivaasanka-Inspiron-1545 kernel: [    0.089909] evm: security.capability
Aug 16 22:23:28 shrinivaasanka-Inspiron-1545 kernel: [    0.089909] PM: Registering ACPI NVS region [mem 0xbd8bf400-0xbdac13ff] (2105344 bytes)
Aug 16 22:23:28 shrinivaasanka-Inspiron-1545 kernel: [    0.092286] pinctrl core: initialized pinctrl subsystem
Aug 16 22:23:28 shrinivaasanka-Inspiron-1545 kernel: [    0.092440] regulator-dummy: no parameters
Aug 16 22:23:28 shrinivaasanka-Inspiron-1545 kernel: [    0.092531] RTC time: 22:22:58, date: 08/16/14
Aug 16 22:23:28 shrinivaasanka-Inspiron-1545 kernel: [    0.092632] NET: Registered protocol family 16
Aug 16 22:23:28 shrinivaasanka-Inspiron-1545 kernel: [    0.092889] EISA bus registered
Aug 16 22:23:28 shrinivaasanka-Inspiron-1545 kernel: [    0.092937] cpuidle: using governor ladder
Aug 16 22:23:28 shrinivaasanka-Inspiron-1545 kernel: [    0.092984] cpuidle: using governor menu
Aug 16 22:23:28 shrinivaasanka-Inspiron-1545 kernel: [    0.093122] ACPI: bus type PCI registered
Aug 16 22:23:28 shrinivaasanka-Inspiron-1545 kernel: [    0.093171] acpiphp: ACPI Hot Plug PCI Controller Driver version: 0.5
Aug 16 22:23:28 shrinivaasanka-Inspiron-1545 kernel: [    0.093313] PCI: MMCONFIG for domain 0000 [bus 00-3f] at [mem 0xf8000000-0xfbffffff] (base 0xf8000000)
Aug 16 22:23:28 shrinivaasanka-Inspiron-1545 kernel: [    0.093381] PCI: MMCONFIG at [mem 0xf8000000-0xfbffffff] reserved in E820
Aug 16 22:23:28 shrinivaasanka-Inspiron-1545 kernel: [    0.093432] PCI: Using MMCONFIG for extended config space
Aug 16 22:23:28 shrinivaasanka-Inspiron-1545 kernel: [    0.093482] PCI: Using configuration type 1 for base access
Aug 16 22:23:28 shrinivaasanka-Inspiron-1545 kernel: [    0.093541] dmi type 0xB1 record - unknown flag
Aug 16 22:23:28 shrinivaasanka-Inspiron-1545 kernel: [    0.096119] ACPI: Added _OSI(Module Device)
Aug 16 22:23:28 shrinivaasanka-Inspiron-1545 kernel: [    0.096168] ACPI: Added _OSI(Processor Device)
Aug 16 22:23:28 shrinivaasanka-Inspiron-1545 kernel: [    0.096217] ACPI: Added _OSI(3.0 _SCP Extensions)
Aug 16 22:23:28 shrinivaasanka-Inspiron-1545 kernel: [    0.096217] ACPI: Added _OSI(Processor Aggregator Device)
Aug 16 22:23:28 shrinivaasanka-Inspiron-1545 kernel: [    0.116127] [Firmware Bug]: ACPI: BIOS _OSI(Linux) query ignored
Aug 16 22:23:28 shrinivaasanka-Inspiron-1545 kernel: [    0.119967] ACPI: SSDT 0xBDAC29CF 00023F (v01 PmRef  BspIst   00003000 INTL 20050624)
Aug 16 22:23:28 shrinivaasanka-Inspiron-1545 kernel: [    0.120424] ACPI: Dynamic OEM Table Load:
Aug 16 22:23:28 shrinivaasanka-Inspiron-1545 kernel: [    0.120533] ACPI: SSDT 0x00000000 00023F (v01 PmRef  BspIst   00003000 INTL 20050624)
Aug 16 22:23:28 shrinivaasanka-Inspiron-1545 kernel: [    0.120787] ACPI: SSDT 0xBDAC2DE5 0005C6 (v01 PmRef  BspCst   00003001 INTL 20050624)
Aug 16 22:23:28 shrinivaasanka-Inspiron-1545 kernel: [    0.121353] ACPI: Dynamic OEM Table Load:
Aug 16 22:23:28 shrinivaasanka-Inspiron-1545 kernel: [    0.121462] ACPI: SSDT 0x00000000 0005C6 (v01 PmRef  BspCst   00003001 INTL 20050624)
Aug 16 22:23:28 shrinivaasanka-Inspiron-1545 kernel: [    0.121873] ACPI: SSDT 0xBDAC2C0E 0001D7 (v01 PmRef  ApIst    00003000 INTL 20050624)
Aug 16 22:23:28 shrinivaasanka-Inspiron-1545 kernel: [    0.122343] ACPI: Dynamic OEM Table Load:
Aug 16 22:23:28 shrinivaasanka-Inspiron-1545 kernel: [    0.122451] ACPI: SSDT 0x00000000 0001D7 (v01 PmRef  ApIst    00003000 INTL 20050624)
Aug 16 22:23:28 shrinivaasanka-Inspiron-1545 kernel: [    0.122653] ACPI: SSDT 0xBDAC33AB 00008D (v01 PmRef  ApCst    00003000 INTL 20050624)
Aug 16 22:23:28 shrinivaasanka-Inspiron-1545 kernel: [    0.123050] ACPI: Dynamic OEM Table Load:
Aug 16 22:23:28 shrinivaasanka-Inspiron-1545 kernel: [    0.123157] ACPI: SSDT 0x00000000 00008D (v01 PmRef  ApCst    00003000 INTL 20050624)
Aug 16 22:23:28 shrinivaasanka-Inspiron-1545 kernel: [    0.123498] ACPI: Interpreter enabled
Aug 16 22:23:28 shrinivaasanka-Inspiron-1545 kernel: [    0.123556] ACPI Exception: AE_NOT_FOUND, While evaluating Sleep State [\_S1_] (20140214/hwxface-580)
Aug 16 22:23:28 shrinivaasanka-Inspiron-1545 kernel: [    0.123684] ACPI Exception: AE_NOT_FOUND, While evaluating Sleep State [\_S2_] (20140214/hwxface-580)
Aug 16 22:23:28 shrinivaasanka-Inspiron-1545 kernel: [    0.123823] ACPI: (supports S0 S3 S4 S5)
Aug 16 22:23:28 shrinivaasanka-Inspiron-1545 kernel: [    0.123870] ACPI: Using IOAPIC for interrupt routing
Aug 16 22:23:28 shrinivaasanka-Inspiron-1545 kernel: [    0.123950] PCI: Using host bridge windows from ACPI; if necessary, use "pci=nocrs" and report a bug
Aug 16 22:23:28 shrinivaasanka-Inspiron-1545 kernel: [    0.209490] ACPI: PCI Root Bridge [PCI0] (domain 0000 [bus 00-ff])
Aug 16 22:23:28 shrinivaasanka-Inspiron-1545 kernel: [    0.209547] acpi PNP0A03:00: _OSC: OS supports [ExtendedConfig ASPM ClockPM Segments MSI]
Aug 16 22:23:28 shrinivaasanka-Inspiron-1545 kernel: [    0.209617] acpi PNP0A03:00: _OSC failed (AE_NOT_FOUND); disabling ASPM
Aug 16 22:23:28 shrinivaasanka-Inspiron-1545 kernel: [    0.244598] acpi PNP0A03:00: [Firmware Info]: MMCONFIG for domain 0000 [bus 00-3f] only partially covers this bridge
Aug 16 22:23:28 shrinivaasanka-Inspiron-1545 kernel: [    0.244930] PCI host bridge to bus 0000:00
Aug 16 22:23:28 shrinivaasanka-Inspiron-1545 kernel: [    0.244980] pci_bus 0000:00: root bus resource [bus 00-ff]
Aug 16 22:23:28 shrinivaasanka-Inspiron-1545 kernel: [    0.245031] pci_bus 0000:00: root bus resource [io  0x0000-0x0cf7]
Aug 16 22:23:28 shrinivaasanka-Inspiron-1545 kernel: [    0.245083] pci_bus 0000:00: root bus resource [io  0x0d00-0xffff]
Aug 16 22:23:28 shrinivaasanka-Inspiron-1545 kernel: [    0.245136] pci_bus 0000:00: root bus resource [mem 0x000a0000-0x000bffff]
Aug 16 22:23:28 shrinivaasanka-Inspiron-1545 kernel: [    0.245188] pci_bus 0000:00: root bus resource [mem 0x000d0000-0x000dffff]
Aug 16 22:23:28 shrinivaasanka-Inspiron-1545 kernel: [    0.245241] pci_bus 0000:00: root bus resource [mem 0xc0000000-0xf7ffffff]
Aug 16 22:23:28 shrinivaasanka-Inspiron-1545 kernel: [    0.245293] pci_bus 0000:00: root bus resource [mem 0xfc000000-0xfebfffff]
Aug 16 22:23:28 shrinivaasanka-Inspiron-1545 kernel: [    0.245346] pci_bus 0000:00: root bus resource [mem 0xfec10000-0xfecfffff]
Aug 16 22:23:28 shrinivaasanka-Inspiron-1545 kernel: [    0.245398] pci_bus 0000:00: root bus resource [mem 0xfed1c000-0xfed1ffff]
Aug 16 22:23:28 shrinivaasanka-Inspiron-1545 kernel: [    0.245450] pci_bus 0000:00: root bus resource [mem 0xfed90000-0xfed9ffff]
Aug 16 22:23:28 shrinivaasanka-Inspiron-1545 kernel: [    0.245502] pci_bus 0000:00: root bus resource [mem 0xfeda7000-0xfedfffff]
Aug 16 22:23:28 shrinivaasanka-Inspiron-1545 kernel: [    0.245555] pci_bus 0000:00: root bus resource [mem 0xfee10000-0xff9fffff]
Aug 16 22:23:28 shrinivaasanka-Inspiron-1545 kernel: [    0.245607] pci_bus 0000:00: root bus resource [mem 0xffc00000-0xffdfffff]
Aug 16 22:23:28 shrinivaasanka-Inspiron-1545 kernel: [    0.245669] pci 0000:00:00.0: [8086:2a40] type 00 class 0x060000
Aug 16 22:23:28 shrinivaasanka-Inspiron-1545 kernel: [    0.245695] DMAR: Forcing write-buffer flush capability
Aug 16 22:23:28 shrinivaasanka-Inspiron-1545 kernel: [    0.245744] DMAR: Disabling IOMMU for graphics on this chipset
Aug 16 22:23:28 shrinivaasanka-Inspiron-1545 kernel: [    0.245911] pci 0000:00:02.0: [8086:2a42] type 00 class 0x030000
Aug 16 22:23:28 shrinivaasanka-Inspiron-1545 kernel: [    0.245928] pci 0000:00:02.0: reg 0x10: [mem 0xf6c00000-0xf6ffffff 64bit]
Aug 16 22:23:28 shrinivaasanka-Inspiron-1545 kernel: [    0.245938] pci 0000:00:02.0: reg 0x18: [mem 0xe0000000-0xefffffff 64bit pref]
Aug 16 22:23:28 shrinivaasanka-Inspiron-1545 kernel: [    0.245945] pci 0000:00:02.0: reg 0x20: [io  0xefe8-0xefef]
Aug 16 22:23:28 shrinivaasanka-Inspiron-1545 kernel: [    0.246076] pci 0000:00:02.1: [8086:2a43] type 00 class 0x038000
Aug 16 22:23:28 shrinivaasanka-Inspiron-1545 kernel: [    0.246090] pci 0000:00:02.1: reg 0x10: [mem 0xf6b00000-0xf6bfffff 64bit]
Aug 16 22:23:28 shrinivaasanka-Inspiron-1545 kernel: [    0.246280] pci 0000:00:1a.0: [8086:2937] type 00 class 0x0c0300
Aug 16 22:23:28 shrinivaasanka-Inspiron-1545 kernel: [    0.246344] pci 0000:00:1a.0: reg 0x20: [io  0x6f60-0x6f7f]
Aug 16 22:23:28 shrinivaasanka-Inspiron-1545 kernel: [    0.249712] pci 0000:00:1a.0: System wakeup disabled by ACPI
Aug 16 22:23:28 shrinivaasanka-Inspiron-1545 kernel: [    0.249831] pci 0000:00:1a.1: [8086:2938] type 00 class 0x0c0300
Aug 16 22:23:28 shrinivaasanka-Inspiron-1545 kernel: [    0.249895] pci 0000:00:1a.1: reg 0x20: [io  0x6f80-0x6f9f]
Aug 16 22:23:28 shrinivaasanka-Inspiron-1545 kernel: [    0.253877] pci 0000:00:1a.1: System wakeup disabled by ACPI
Aug 16 22:23:28 shrinivaasanka-Inspiron-1545 kernel: [    0.253996] pci 0000:00:1a.2: [8086:2939] type 00 class 0x0c0300
Aug 16 22:23:28 shrinivaasanka-Inspiron-1545 kernel: [    0.254060] pci 0000:00:1a.2: reg 0x20: [io  0x6fa0-0x6fbf]
Aug 16 22:23:28 shrinivaasanka-Inspiron-1545 kernel: [    0.257792] pci 0000:00:1a.2: System wakeup disabled by ACPI
Aug 16 22:23:28 shrinivaasanka-Inspiron-1545 kernel: [    0.257922] pci 0000:00:1a.7: [8086:293c] type 00 class 0x0c0320
Aug 16 22:23:28 shrinivaasanka-Inspiron-1545 kernel: [    0.257952] pci 0000:00:1a.7: reg 0x10: [mem 0xfed1c400-0xfed1c7ff]
Aug 16 22:23:28 shrinivaasanka-Inspiron-1545 kernel: [    0.258076] pci 0000:00:1a.7: PME# supported from D0 D3hot D3cold
Aug 16 22:23:28 shrinivaasanka-Inspiron-1545 kernel: [    0.261833] pci 0000:00:1a.7: System wakeup disabled by ACPI
Aug 16 22:23:28 shrinivaasanka-Inspiron-1545 kernel: [    0.261961] pci 0000:00:1b.0: [8086:293e] type 00 class 0x040300
Aug 16 22:23:28 shrinivaasanka-Inspiron-1545 kernel: [    0.261986] pci 0000:00:1b.0: reg 0x10: [mem 0xf6afc000-0xf6afffff 64bit]
Aug 16 22:23:28 shrinivaasanka-Inspiron-1545 kernel: [    0.262107] pci 0000:00:1b.0: PME# supported from D0 D3hot D3cold
Aug 16 22:23:28 shrinivaasanka-Inspiron-1545 kernel: [    0.262177] pci 0000:00:1b.0: System wakeup disabled by ACPI
Aug 16 22:23:28 shrinivaasanka-Inspiron-1545 kernel: [    0.262295] pci 0000:00:1c.0: [8086:2940] type 01 class 0x060400
Aug 16 22:23:28 shrinivaasanka-Inspiron-1545 kernel: [    0.262420] pci 0000:00:1c.0: PME# supported from D0 D3hot D3cold
Aug 16 22:23:28 shrinivaasanka-Inspiron-1545 kernel: [    0.262493] pci 0000:00:1c.0: System wakeup disabled by ACPI
Aug 16 22:23:28 shrinivaasanka-Inspiron-1545 kernel: [    0.262611] pci 0000:00:1c.1: [8086:2942] type 01 class 0x060400
Aug 16 22:23:28 shrinivaasanka-Inspiron-1545 kernel: [    0.262736] pci 0000:00:1c.1: PME# supported from D0 D3hot D3cold
Aug 16 22:23:28 shrinivaasanka-Inspiron-1545 kernel: [    0.262808] pci 0000:00:1c.1: System wakeup disabled by ACPI
Aug 16 22:23:28 shrinivaasanka-Inspiron-1545 kernel: [    0.262923] pci 0000:00:1c.2: [8086:2944] type 01 class 0x060400
Aug 16 22:23:28 shrinivaasanka-Inspiron-1545 kernel: [    0.263048] pci 0000:00:1c.2: PME# supported from D0 D3hot D3cold
Aug 16 22:23:28 shrinivaasanka-Inspiron-1545 kernel: [    0.263119] pci 0000:00:1c.2: System wakeup disabled by ACPI
Aug 16 22:23:28 shrinivaasanka-Inspiron-1545 kernel: [    0.263239] pci 0000:00:1c.4: [8086:2948] type 01 class 0x060400
Aug 16 22:23:28 shrinivaasanka-Inspiron-1545 kernel: [    0.263364] pci 0000:00:1c.4: PME# supported from D0 D3hot D3cold
Aug 16 22:23:28 shrinivaasanka-Inspiron-1545 kernel: [    0.263437] pci 0000:00:1c.4: System wakeup disabled by ACPI
Aug 16 22:23:28 shrinivaasanka-Inspiron-1545 kernel: [    0.263560] pci 0000:00:1d.0: [8086:2934] type 00 class 0x0c0300
Aug 16 22:23:28 shrinivaasanka-Inspiron-1545 kernel: [    0.263624] pci 0000:00:1d.0: reg 0x20: [io  0x6f00-0x6f1f]
Aug 16 22:23:28 shrinivaasanka-Inspiron-1545 kernel: [    0.267450] pci 0000:00:1d.0: System wakeup disabled by ACPI
Aug 16 22:23:28 shrinivaasanka-Inspiron-1545 kernel: [    0.267570] pci 0000:00:1d.1: [8086:2935] type 00 class 0x0c0300
Aug 16 22:23:28 shrinivaasanka-Inspiron-1545 kernel: [    0.267635] pci 0000:00:1d.1: reg 0x20: [io  0x6f20-0x6f3f]
Aug 16 22:23:28 shrinivaasanka-Inspiron-1545 kernel: [    0.270903] pci 0000:00:1d.1: System wakeup disabled by ACPI
Aug 16 22:23:28 shrinivaasanka-Inspiron-1545 kernel: [    0.271021] pci 0000:00:1d.2: [8086:2936] type 00 class 0x0c0300
Aug 16 22:23:28 shrinivaasanka-Inspiron-1545 kernel: [    0.271085] pci 0000:00:1d.2: reg 0x20: [io  0x6f40-0x6f5f]
Aug 16 22:23:28 shrinivaasanka-Inspiron-1545 kernel: [    0.275148] pci 0000:00:1d.2: System wakeup disabled by ACPI
Aug 16 22:23:28 shrinivaasanka-Inspiron-1545 kernel: [    0.275279] pci 0000:00:1d.7: [8086:293a] type 00 class 0x0c0320
Aug 16 22:23:28 shrinivaasanka-Inspiron-1545 kernel: [    0.275308] pci 0000:00:1d.7: reg 0x10: [mem 0xfed1c000-0xfed1c3ff]
Aug 16 22:23:28 shrinivaasanka-Inspiron-1545 kernel: [    0.275432] pci 0000:00:1d.7: PME# supported from D0 D3hot D3cold
Aug 16 22:23:28 shrinivaasanka-Inspiron-1545 kernel: [    0.279024] pci 0000:00:1d.7: System wakeup disabled by ACPI
Aug 16 22:23:28 shrinivaasanka-Inspiron-1545 kernel: [    0.279144] pci 0000:00:1e.0: [8086:2448] type 01 class 0x060401
Aug 16 22:23:28 shrinivaasanka-Inspiron-1545 kernel: [    0.279282] pci 0000:00:1e.0: System wakeup disabled by ACPI
Aug 16 22:23:28 shrinivaasanka-Inspiron-1545 kernel: [    0.279401] pci 0000:00:1f.0: [8086:2919] type 00 class 0x060100
Aug 16 22:23:28 shrinivaasanka-Inspiron-1545 kernel: [    0.279671] pci 0000:00:1f.2: [8086:2929] type 00 class 0x010601
Aug 16 22:23:28 shrinivaasanka-Inspiron-1545 kernel: [    0.279703] pci 0000:00:1f.2: reg 0x10: [io  0x6e70-0x6e77]
Aug 16 22:23:28 shrinivaasanka-Inspiron-1545 kernel: [    0.279716] pci 0000:00:1f.2: reg 0x14: [io  0x6e78-0x6e7b]
Aug 16 22:23:28 shrinivaasanka-Inspiron-1545 kernel: [    0.279729] pci 0000:00:1f.2: reg 0x18: [io  0x6e80-0x6e87]
Aug 16 22:23:28 shrinivaasanka-Inspiron-1545 kernel: [    0.279742] pci 0000:00:1f.2: reg 0x1c: [io  0x6e88-0x6e8b]
Aug 16 22:23:28 shrinivaasanka-Inspiron-1545 kernel: [    0.279755] pci 0000:00:1f.2: reg 0x20: [io  0x6ea0-0x6ebf]
Aug 16 22:23:28 shrinivaasanka-Inspiron-1545 kernel: [    0.279768] pci 0000:00:1f.2: reg 0x24: [mem 0xfed1c800-0xfed1cfff]
Aug 16 22:23:28 shrinivaasanka-Inspiron-1545 kernel: [    0.279847] pci 0000:00:1f.2: PME# supported from D3hot
Aug 16 22:23:28 shrinivaasanka-Inspiron-1545 kernel: [    0.280059] pci 0000:00:1f.3: [8086:2930] type 00 class 0x0c0500
Aug 16 22:23:28 shrinivaasanka-Inspiron-1545 kernel: [    0.280084] pci 0000:00:1f.3: reg 0x10: [mem 0xf6afbf00-0xf6afbfff 64bit]
Aug 16 22:23:28 shrinivaasanka-Inspiron-1545 kernel: [    0.280117] pci 0000:00:1f.3: reg 0x20: [io  0x1100-0x111f]
Aug 16 22:23:28 shrinivaasanka-Inspiron-1545 kernel: [    0.280344] pci 0000:00:1c.0: PCI bridge to [bus 0b]
Aug 16 22:23:28 shrinivaasanka-Inspiron-1545 kernel: [    0.280763] pci 0000:0c:00.0: [14e4:4315] type 00 class 0x028000
Aug 16 22:23:28 shrinivaasanka-Inspiron-1545 kernel: [    0.280835] pci 0000:0c:00.0: reg 0x10: [mem 0xf69fc000-0xf69fffff 64bit]
Aug 16 22:23:28 shrinivaasanka-Inspiron-1545 kernel: [    0.281287] pci 0000:0c:00.0: supports D1 D2
Aug 16 22:23:28 shrinivaasanka-Inspiron-1545 kernel: [    0.281289] pci 0000:0c:00.0: PME# supported from D0 D3hot D3cold
Aug 16 22:23:28 shrinivaasanka-Inspiron-1545 kernel: [    0.281707] pci 0000:00:1c.1: PCI bridge to [bus 0c]
Aug 16 22:23:28 shrinivaasanka-Inspiron-1545 kernel: [    0.281764] pci 0000:00:1c.1:   bridge window [mem 0xf6900000-0xf69fffff]
Aug 16 22:23:28 shrinivaasanka-Inspiron-1545 kernel: [    0.281901] pci 0000:09:00.0: [11ab:4354] type 00 class 0x020000
Aug 16 22:23:28 shrinivaasanka-Inspiron-1545 kernel: [    0.281938] pci 0000:09:00.0: reg 0x10: [mem 0xf68fc000-0xf68fffff 64bit]
Aug 16 22:23:28 shrinivaasanka-Inspiron-1545 kernel: [    0.281957] pci 0000:09:00.0: reg 0x18: [io  0xde00-0xdeff]
Aug 16 22:23:28 shrinivaasanka-Inspiron-1545 kernel: [    0.282125] pci 0000:09:00.0: supports D1 D2
Aug 16 22:23:28 shrinivaasanka-Inspiron-1545 kernel: [    0.282127] pci 0000:09:00.0: PME# supported from D0 D1 D2 D3hot D3cold
Aug 16 22:23:28 shrinivaasanka-Inspiron-1545 kernel: [    0.288024] pci 0000:00:1c.2: PCI bridge to [bus 09]
Aug 16 22:23:28 shrinivaasanka-Inspiron-1545 kernel: [    0.288078] pci 0000:00:1c.2:   bridge window [io  0xd000-0xdfff]
Aug 16 22:23:28 shrinivaasanka-Inspiron-1545 kernel: [    0.288083] pci 0000:00:1c.2:   bridge window [mem 0xf6800000-0xf68fffff]
Aug 16 22:23:28 shrinivaasanka-Inspiron-1545 kernel: [    0.288214] acpiphp: Slot [1] registered
Aug 16 22:23:28 shrinivaasanka-Inspiron-1545 kernel: [    0.288268] pci 0000:00:1c.4: PCI bridge to [bus 0d-0e]
Aug 16 22:23:28 shrinivaasanka-Inspiron-1545 kernel: [    0.288321] pci 0000:00:1c.4:   bridge window [io  0xc000-0xcfff]
Aug 16 22:23:28 shrinivaasanka-Inspiron-1545 kernel: [    0.288327] pci 0000:00:1c.4:   bridge window [mem 0xf6600000-0xf67fffff]
Aug 16 22:23:28 shrinivaasanka-Inspiron-1545 kernel: [    0.288336] pci 0000:00:1c.4:   bridge window [mem 0xf0000000-0xf01fffff 64bit pref]
Aug 16 22:23:28 shrinivaasanka-Inspiron-1545 kernel: [    0.288472] pci 0000:00:1e.0: PCI bridge to [bus 03] (subtractive decode)
Aug 16 22:23:28 shrinivaasanka-Inspiron-1545 kernel: [    0.288537] pci 0000:00:1e.0:   bridge window [io  0x0000-0x0cf7] (subtractive decode)
Aug 16 22:23:28 shrinivaasanka-Inspiron-1545 kernel: [    0.288540] pci 0000:00:1e.0:   bridge window [io  0x0d00-0xffff] (subtractive decode)
Aug 16 22:23:28 shrinivaasanka-Inspiron-1545 kernel: [    0.288543] pci 0000:00:1e.0:   bridge window [mem 0x000a0000-0x000bffff] (subtractive decode)
Aug 16 22:23:28 shrinivaasanka-Inspiron-1545 kernel: [    0.288545] pci 0000:00:1e.0:   bridge window [mem 0x000d0000-0x000dffff] (subtractive decode)
Aug 16 22:23:28 shrinivaasanka-Inspiron-1545 kernel: [    0.288548] pci 0000:00:1e.0:   bridge window [mem 0xc0000000-0xf7ffffff] (subtractive decode)
Aug 16 22:23:28 shrinivaasanka-Inspiron-1545 kernel: [    0.288551] pci 0000:00:1e.0:   bridge window [mem 0xfc000000-0xfebfffff] (subtractive decode)
Aug 16 22:23:28 shrinivaasanka-Inspiron-1545 kernel: [    0.288553] pci 0000:00:1e.0:   bridge window [mem 0xfec10000-0xfecfffff] (subtractive decode)
Aug 16 22:23:28 shrinivaasanka-Inspiron-1545 kernel: [    0.288556] pci 0000:00:1e.0:   bridge window [mem 0xfed1c000-0xfed1ffff] (subtractive decode)
Aug 16 22:23:28 shrinivaasanka-Inspiron-1545 kernel: [    0.288559] pci 0000:00:1e.0:   bridge window [mem 0xfed90000-0xfed9ffff] (subtractive decode)
Aug 16 22:23:28 shrinivaasanka-Inspiron-1545 kernel: [    0.288561] pci 0000:00:1e.0:   bridge window [mem 0xfeda7000-0xfedfffff] (subtractive decode)
Aug 16 22:23:28 shrinivaasanka-Inspiron-1545 kernel: [    0.288564] pci 0000:00:1e.0:   bridge window [mem 0xfee10000-0xff9fffff] (subtractive decode)
Aug 16 22:23:28 shrinivaasanka-Inspiron-1545 kernel: [    0.288567] pci 0000:00:1e.0:   bridge window [mem 0xffc00000-0xffdfffff] (subtractive decode)
Aug 16 22:23:28 shrinivaasanka-Inspiron-1545 kernel: [    0.288801] pci_bus 0000:00: on NUMA node 0
Aug 16 22:23:28 shrinivaasanka-Inspiron-1545 kernel: [    0.289102] ACPI: PCI Interrupt Link [LNKA] (IRQs *10 11)
Aug 16 22:23:28 shrinivaasanka-Inspiron-1545 kernel: [    0.289370] ACPI: PCI Interrupt Link [LNKB] (IRQs 5 7) *4
Aug 16 22:23:28 shrinivaasanka-Inspiron-1545 kernel: [    0.289668] ACPI: PCI Interrupt Link [LNKC] (IRQs *10 11)
Aug 16 22:23:28 shrinivaasanka-Inspiron-1545 kernel: [    0.289922] ACPI: PCI Interrupt Link [LNKD] (IRQs 5 7 10 11) *0, disabled.
Aug 16 22:23:28 shrinivaasanka-Inspiron-1545 kernel: [    0.290312] ACPI: PCI Interrupt Link [LNKE] (IRQs 3 4 5 6 7 10 *11 12 14 15)
Aug 16 22:23:28 shrinivaasanka-Inspiron-1545 kernel: [    0.290823] ACPI: PCI Interrupt Link [LNKF] (IRQs 3 4 5 6 *7 10 11 12 14 15)
Aug 16 22:23:28 shrinivaasanka-Inspiron-1545 kernel: [    0.291333] ACPI: PCI Interrupt Link [LNKG] (IRQs 3 4 *5 6 7 10 11 12 14 15)
Aug 16 22:23:28 shrinivaasanka-Inspiron-1545 kernel: [    0.291826] ACPI: PCI Interrupt Link [LNKH] (IRQs 3 4 5 6 7 10 11 12 14 15) *0, disabled.
Aug 16 22:23:28 shrinivaasanka-Inspiron-1545 kernel: [    0.292387] ACPI: Enabled 4 GPEs in block 00 to 3F
Aug 16 22:23:28 shrinivaasanka-Inspiron-1545 kernel: [    0.292625] vgaarb: device added: PCI:0000:00:02.0,decodes=io+mem,owns=io+mem,locks=none
Aug 16 22:23:28 shrinivaasanka-Inspiron-1545 kernel: [    0.292625] vgaarb: loaded
Aug 16 22:23:28 shrinivaasanka-Inspiron-1545 kernel: [    0.292625] vgaarb: bridge control possible 0000:00:02.0
Aug 16 22:23:28 shrinivaasanka-Inspiron-1545 kernel: [    0.292625] SCSI subsystem initialized
Aug 16 22:23:28 shrinivaasanka-Inspiron-1545 kernel: [    0.292625] libata version 3.00 loaded.
Aug 16 22:23:28 shrinivaasanka-Inspiron-1545 kernel: [    0.292625] ACPI: bus type USB registered
Aug 16 22:23:28 shrinivaasanka-Inspiron-1545 kernel: [    0.292625] usbcore: registered new interface driver usbfs
Aug 16 22:23:28 shrinivaasanka-Inspiron-1545 kernel: [    0.292625] usbcore: registered new interface driver hub
Aug 16 22:23:28 shrinivaasanka-Inspiron-1545 kernel: [    0.292625] usbcore: registered new device driver usb
Aug 16 22:23:28 shrinivaasanka-Inspiron-1545 kernel: [    0.292625] PCI: Using ACPI for IRQ routing
Aug 16 22:23:28 shrinivaasanka-Inspiron-1545 kernel: [    0.296400] PCI: pci_cache_line_size set to 64 bytes
Aug 16 22:23:28 shrinivaasanka-Inspiron-1545 kernel: [    0.296863] e820: reserve RAM buffer [mem 0x0009f000-0x0009ffff]
Aug 16 22:23:28 shrinivaasanka-Inspiron-1545 kernel: [    0.296866] e820: reserve RAM buffer [mem 0xbd8bf400-0xbfffffff]
Aug 16 22:23:28 shrinivaasanka-Inspiron-1545 kernel: [    0.297009] NetLabel: Initializing
Aug 16 22:23:28 shrinivaasanka-Inspiron-1545 kernel: [    0.297056] NetLabel:  domain hash size = 128
Aug 16 22:23:28 shrinivaasanka-Inspiron-1545 kernel: [    0.297103] NetLabel:  protocols = UNLABELED CIPSOv4
Aug 16 22:23:28 shrinivaasanka-Inspiron-1545 kernel: [    0.297164] NetLabel:  unlabeled traffic allowed by default
Aug 16 22:23:28 shrinivaasanka-Inspiron-1545 kernel: [    0.297233] HPET: 4 timers in total, 0 timers will be used for per-cpu timer
Aug 16 22:23:28 shrinivaasanka-Inspiron-1545 kernel: [    0.297233] hpet0: at MMIO 0xfed00000, IRQs 2, 8, 0, 0
Aug 16 22:23:28 shrinivaasanka-Inspiron-1545 kernel: [    0.297233] hpet0: 4 comparators, 64-bit 14.318180 MHz counter
Aug 16 22:23:28 shrinivaasanka-Inspiron-1545 kernel: [    0.300034] Switched to clocksource hpet
Aug 16 22:23:28 shrinivaasanka-Inspiron-1545 kernel: [    0.310793] AppArmor: AppArmor Filesystem Enabled
Aug 16 22:23:28 shrinivaasanka-Inspiron-1545 kernel: [    0.310888] pnp: PnP ACPI init
Aug 16 22:23:28 shrinivaasanka-Inspiron-1545 kernel: [    0.310959] ACPI: bus type PNP registered
Aug 16 22:23:28 shrinivaasanka-Inspiron-1545 kernel: [    0.311129] system 00:00: [mem 0xff800000-0xff8fffff] has been reserved
Aug 16 22:23:28 shrinivaasanka-Inspiron-1545 kernel: [    0.311184] system 00:00: [mem 0xffc00000-0xffcfffff] has been reserved
Aug 16 22:23:28 shrinivaasanka-Inspiron-1545 kernel: [    0.311239] system 00:00: Plug and Play ACPI device, IDs PNP0c02 (active)
Aug 16 22:23:28 shrinivaasanka-Inspiron-1545 kernel: [    0.311312] pnp 00:01: Plug and Play ACPI device, IDs PNP0f13 (active)
Aug 16 22:23:28 shrinivaasanka-Inspiron-1545 kernel: [    0.311367] pnp 00:02: Plug and Play ACPI device, IDs PNP0303 (active)
Aug 16 22:23:28 shrinivaasanka-Inspiron-1545 kernel: [    0.311424] pnp 00:03: Plug and Play ACPI device, IDs PNP0b00 (active)
Aug 16 22:23:28 shrinivaasanka-Inspiron-1545 kernel: [    0.311475] pnp 00:04: Plug and Play ACPI device, IDs PNP0800 (active)
Aug 16 22:23:28 shrinivaasanka-Inspiron-1545 kernel: [    0.311540] system 00:05: Plug and Play ACPI device, IDs PNP0c01 (active)
Aug 16 22:23:28 shrinivaasanka-Inspiron-1545 kernel: [    0.311562] pnp 00:06: [dma 4]
Aug 16 22:23:28 shrinivaasanka-Inspiron-1545 kernel: [    0.311599] pnp 00:06: Plug and Play ACPI device, IDs PNP0200 (active)
Aug 16 22:23:28 shrinivaasanka-Inspiron-1545 kernel: [    0.311653] pnp 00:07: Plug and Play ACPI device, IDs PNP0c04 (active)
Aug 16 22:23:28 shrinivaasanka-Inspiron-1545 kernel: [    0.311749] system 00:08: [mem 0xfed00000-0xfed003ff] has been reserved
Aug 16 22:23:28 shrinivaasanka-Inspiron-1545 kernel: [    0.311803] system 00:08: Plug and Play ACPI device, IDs PNP0103 PNP0c01 (active)
Aug 16 22:23:28 shrinivaasanka-Inspiron-1545 kernel: [    0.312056] system 00:09: [io  0x0900-0x097f] has been reserved
Aug 16 22:23:28 shrinivaasanka-Inspiron-1545 kernel: [    0.312108] system 00:09: [io  0x04d0-0x04d1] has been reserved
Aug 16 22:23:28 shrinivaasanka-Inspiron-1545 kernel: [    0.312160] system 00:09: [io  0x1000-0x1005] has been reserved
Aug 16 22:23:28 shrinivaasanka-Inspiron-1545 kernel: [    0.312213] system 00:09: [io  0x1008-0x100f] has been reserved
Aug 16 22:23:28 shrinivaasanka-Inspiron-1545 kernel: [    0.312264] system 00:09: Plug and Play ACPI device, IDs PNP0c01 (active)
Aug 16 22:23:28 shrinivaasanka-Inspiron-1545 kernel: [    0.312351] system 00:0a: [io  0xf400-0xf4fe] has been reserved
Aug 16 22:23:28 shrinivaasanka-Inspiron-1545 kernel: [    0.312404] system 00:0a: [io  0x1006-0x1007] has been reserved
Aug 16 22:23:28 shrinivaasanka-Inspiron-1545 kernel: [    0.312455] system 00:0a: [io  0x100a-0x1059] could not be reserved
Aug 16 22:23:28 shrinivaasanka-Inspiron-1545 kernel: [    0.312507] system 00:0a: [io  0x1060-0x107f] has been reserved
Aug 16 22:23:28 shrinivaasanka-Inspiron-1545 kernel: [    0.312558] system 00:0a: [io  0x1080-0x10bf] has been reserved
Aug 16 22:23:28 shrinivaasanka-Inspiron-1545 kernel: [    0.312611] system 00:0a: [io  0x1100-0x111f] has been reserved
Aug 16 22:23:28 shrinivaasanka-Inspiron-1545 kernel: [    0.312663] system 00:0a: [io  0x1010-0x102f] could not be reserved
Aug 16 22:23:28 shrinivaasanka-Inspiron-1545 kernel: [    0.312715] system 00:0a: [io  0x0809] has been reserved
Aug 16 22:23:28 shrinivaasanka-Inspiron-1545 kernel: [    0.312767] system 00:0a: Plug and Play ACPI device, IDs PNP0c01 (active)
Aug 16 22:23:28 shrinivaasanka-Inspiron-1545 kernel: [    0.330848] system 00:0b: [mem 0x00000000-0x0009efff] could not be reserved
Aug 16 22:23:28 shrinivaasanka-Inspiron-1545 kernel: [    0.330903] system 00:0b: [mem 0x0009f000-0x0009ffff] could not be reserved
Aug 16 22:23:28 shrinivaasanka-Inspiron-1545 kernel: [    0.330957] system 00:0b: [mem 0x000c0000-0x000cffff] could not be reserved
Aug 16 22:23:28 shrinivaasanka-Inspiron-1545 kernel: [    0.331010] system 00:0b: [mem 0x000e0000-0x000fffff] could not be reserved
Aug 16 22:23:28 shrinivaasanka-Inspiron-1545 kernel: [    0.331064] system 00:0b: [mem 0x00100000-0xbd8bf3ff] could not be reserved
Aug 16 22:23:28 shrinivaasanka-Inspiron-1545 kernel: [    0.331118] system 00:0b: [mem 0xbd8bf400-0xbdafffff] could not be reserved
Aug 16 22:23:28 shrinivaasanka-Inspiron-1545 kernel: [    0.331171] system 00:0b: [mem 0xbdb00000-0xbdbfffff] has been reserved
Aug 16 22:23:28 shrinivaasanka-Inspiron-1545 kernel: [    0.331223] system 00:0b: [mem 0xffe00000-0xffffffff] has been reserved
Aug 16 22:23:28 shrinivaasanka-Inspiron-1545 kernel: [    0.331276] system 00:0b: [mem 0xffa00000-0xffbfffff] has been reserved
Aug 16 22:23:28 shrinivaasanka-Inspiron-1545 kernel: [    0.331328] system 00:0b: [mem 0xfec00000-0xfec0ffff] could not be reserved
Aug 16 22:23:28 shrinivaasanka-Inspiron-1545 kernel: [    0.331381] system 00:0b: [mem 0xfee00000-0xfee0ffff] has been reserved
Aug 16 22:23:28 shrinivaasanka-Inspiron-1545 kernel: [    0.331435] system 00:0b: [mem 0xfed20000-0xfed8ffff] has been reserved
Aug 16 22:23:28 shrinivaasanka-Inspiron-1545 kernel: [    0.331487] system 00:0b: [mem 0xfeda0000-0xfeda3fff] has been reserved
Aug 16 22:23:28 shrinivaasanka-Inspiron-1545 kernel: [    0.331540] system 00:0b: [mem 0xfeda4000-0xfeda4fff] has been reserved
Aug 16 22:23:28 shrinivaasanka-Inspiron-1545 kernel: [    0.331594] system 00:0b: [mem 0xfeda5000-0xfeda5fff] has been reserved
Aug 16 22:23:28 shrinivaasanka-Inspiron-1545 kernel: [    0.331646] system 00:0b: [mem 0xfeda6000-0xfeda6fff] has been reserved
Aug 16 22:23:28 shrinivaasanka-Inspiron-1545 kernel: [    0.331700] system 00:0b: [mem 0xfed1c800-0xfed1cfff] has been reserved
Aug 16 22:23:28 shrinivaasanka-Inspiron-1545 kernel: [    0.331753] system 00:0b: [mem 0xfed18000-0xfed1bfff] has been reserved
Aug 16 22:23:28 shrinivaasanka-Inspiron-1545 kernel: [    0.331805] system 00:0b: [mem 0xf8000000-0xfbffffff] has been reserved
Aug 16 22:23:28 shrinivaasanka-Inspiron-1545 kernel: [    0.331858] system 00:0b: Plug and Play ACPI device, IDs PNP0c01 (active)
Aug 16 22:23:28 shrinivaasanka-Inspiron-1545 kernel: [    0.331901] pnp: PnP ACPI: found 12 devices
Aug 16 22:23:28 shrinivaasanka-Inspiron-1545 kernel: [    0.331949] ACPI: bus type PNP unregistered
Aug 16 22:23:28 shrinivaasanka-Inspiron-1545 kernel: [    0.332010] PnPBIOS: Disabled by ACPI PNP
Aug 16 22:23:28 shrinivaasanka-Inspiron-1545 kernel: [    0.369870] pci 0000:00:1c.0: bridge window [io  0x1000-0x0fff] to [bus 0b] add_size 1000
Aug 16 22:23:28 shrinivaasanka-Inspiron-1545 kernel: [    0.369876] pci 0000:00:1c.0: bridge window [mem 0x00100000-0x000fffff 64bit pref] to [bus 0b] add_size 200000
Aug 16 22:23:28 shrinivaasanka-Inspiron-1545 kernel: [    0.369880] pci 0000:00:1c.0: bridge window [mem 0x00100000-0x000fffff] to [bus 0b] add_size 200000
Aug 16 22:23:28 shrinivaasanka-Inspiron-1545 kernel: [    0.369892] pci 0000:00:1c.1: bridge window [io  0x1000-0x0fff] to [bus 0c] add_size 1000
Aug 16 22:23:28 shrinivaasanka-Inspiron-1545 kernel: [    0.369896] pci 0000:00:1c.1: bridge window [mem 0x00100000-0x000fffff 64bit pref] to [bus 0c] add_size 200000
Aug 16 22:23:28 shrinivaasanka-Inspiron-1545 kernel: [    0.369909] pci 0000:00:1c.2: bridge window [mem 0x00100000-0x000fffff 64bit pref] to [bus 09] add_size 200000
Aug 16 22:23:28 shrinivaasanka-Inspiron-1545 kernel: [    0.369936] pci 0000:00:1c.0: res[14]=[mem 0x00100000-0x000fffff] get_res_add_size add_size 200000
Aug 16 22:23:28 shrinivaasanka-Inspiron-1545 kernel: [    0.369939] pci 0000:00:1c.0: res[15]=[mem 0x00100000-0x000fffff 64bit pref] get_res_add_size add_size 200000
Aug 16 22:23:28 shrinivaasanka-Inspiron-1545 kernel: [    0.369942] pci 0000:00:1c.1: res[15]=[mem 0x00100000-0x000fffff 64bit pref] get_res_add_size add_size 200000
Aug 16 22:23:28 shrinivaasanka-Inspiron-1545 kernel: [    0.369945] pci 0000:00:1c.2: res[15]=[mem 0x00100000-0x000fffff 64bit pref] get_res_add_size add_size 200000
Aug 16 22:23:28 shrinivaasanka-Inspiron-1545 kernel: [    0.369948] pci 0000:00:1c.0: res[13]=[io  0x1000-0x0fff] get_res_add_size add_size 1000
Aug 16 22:23:28 shrinivaasanka-Inspiron-1545 kernel: [    0.369951] pci 0000:00:1c.1: res[13]=[io  0x1000-0x0fff] get_res_add_size add_size 1000
Aug 16 22:23:28 shrinivaasanka-Inspiron-1545 kernel: [    0.369959] pci 0000:00:1c.0: BAR 14: assigned [mem 0xc0000000-0xc01fffff]
Aug 16 22:23:28 shrinivaasanka-Inspiron-1545 kernel: [    0.370020] pci 0000:00:1c.0: BAR 15: assigned [mem 0xc0200000-0xc03fffff 64bit pref]
Aug 16 22:23:28 shrinivaasanka-Inspiron-1545 kernel: [    0.370092] pci 0000:00:1c.1: BAR 15: assigned [mem 0xc0400000-0xc05fffff 64bit pref]
Aug 16 22:23:28 shrinivaasanka-Inspiron-1545 kernel: [    0.370162] pci 0000:00:1c.2: BAR 15: assigned [mem 0xc0600000-0xc07fffff 64bit pref]
Aug 16 22:23:28 shrinivaasanka-Inspiron-1545 kernel: [    0.370229] pci 0000:00:1c.0: BAR 13: assigned [io  0x2000-0x2fff]
Aug 16 22:23:28 shrinivaasanka-Inspiron-1545 kernel: [    0.370282] pci 0000:00:1c.1: BAR 13: assigned [io  0x3000-0x3fff]
Aug 16 22:23:28 shrinivaasanka-Inspiron-1545 kernel: [    0.370334] pci 0000:00:1c.0: PCI bridge to [bus 0b]
Aug 16 22:23:28 shrinivaasanka-Inspiron-1545 kernel: [    0.370386] pci 0000:00:1c.0:   bridge window [io  0x2000-0x2fff]
Aug 16 22:23:28 shrinivaasanka-Inspiron-1545 kernel: [    0.370442] pci 0000:00:1c.0:   bridge window [mem 0xc0000000-0xc01fffff]
Aug 16 22:23:28 shrinivaasanka-Inspiron-1545 kernel: [    0.370498] pci 0000:00:1c.0:   bridge window [mem 0xc0200000-0xc03fffff 64bit pref]
Aug 16 22:23:28 shrinivaasanka-Inspiron-1545 kernel: [    0.370568] pci 0000:00:1c.1: PCI bridge to [bus 0c]
Aug 16 22:23:28 shrinivaasanka-Inspiron-1545 kernel: [    0.370620] pci 0000:00:1c.1:   bridge window [io  0x3000-0x3fff]
Aug 16 22:23:28 shrinivaasanka-Inspiron-1545 kernel: [    0.370676] pci 0000:00:1c.1:   bridge window [mem 0xf6900000-0xf69fffff]
Aug 16 22:23:28 shrinivaasanka-Inspiron-1545 kernel: [    0.370731] pci 0000:00:1c.1:   bridge window [mem 0xc0400000-0xc05fffff 64bit pref]
Aug 16 22:23:28 shrinivaasanka-Inspiron-1545 kernel: [    0.370802] pci 0000:00:1c.2: PCI bridge to [bus 09]
Aug 16 22:23:28 shrinivaasanka-Inspiron-1545 kernel: [    0.370853] pci 0000:00:1c.2:   bridge window [io  0xd000-0xdfff]
Aug 16 22:23:28 shrinivaasanka-Inspiron-1545 kernel: [    0.370910] pci 0000:00:1c.2:   bridge window [mem 0xf6800000-0xf68fffff]
Aug 16 22:23:28 shrinivaasanka-Inspiron-1545 kernel: [    0.370964] pci 0000:00:1c.2:   bridge window [mem 0xc0600000-0xc07fffff 64bit pref]
Aug 16 22:23:28 shrinivaasanka-Inspiron-1545 kernel: [    0.371034] pci 0000:00:1c.4: PCI bridge to [bus 0d-0e]
Aug 16 22:23:28 shrinivaasanka-Inspiron-1545 kernel: [    0.371086] pci 0000:00:1c.4:   bridge window [io  0xc000-0xcfff]
Aug 16 22:23:28 shrinivaasanka-Inspiron-1545 kernel: [    0.371141] pci 0000:00:1c.4:   bridge window [mem 0xf6600000-0xf67fffff]
Aug 16 22:23:28 shrinivaasanka-Inspiron-1545 kernel: [    0.371198] pci 0000:00:1c.4:   bridge window [mem 0xf0000000-0xf01fffff 64bit pref]
Aug 16 22:23:28 shrinivaasanka-Inspiron-1545 kernel: [    0.371268] pci 0000:00:1e.0: PCI bridge to [bus 03]
Aug 16 22:23:28 shrinivaasanka-Inspiron-1545 kernel: [    0.371332] pci_bus 0000:00: resource 4 [io  0x0000-0x0cf7]
Aug 16 22:23:28 shrinivaasanka-Inspiron-1545 kernel: [    0.371335] pci_bus 0000:00: resource 5 [io  0x0d00-0xffff]
Aug 16 22:23:28 shrinivaasanka-Inspiron-1545 kernel: [    0.371338] pci_bus 0000:00: resource 6 [mem 0x000a0000-0x000bffff]
Aug 16 22:23:28 shrinivaasanka-Inspiron-1545 kernel: [    0.371340] pci_bus 0000:00: resource 7 [mem 0x000d0000-0x000dffff]
Aug 16 22:23:28 shrinivaasanka-Inspiron-1545 kernel: [    0.371343] pci_bus 0000:00: resource 8 [mem 0xc0000000-0xf7ffffff]
Aug 16 22:23:28 shrinivaasanka-Inspiron-1545 kernel: [    0.371345] pci_bus 0000:00: resource 9 [mem 0xfc000000-0xfebfffff]
Aug 16 22:23:28 shrinivaasanka-Inspiron-1545 kernel: [    0.371348] pci_bus 0000:00: resource 10 [mem 0xfec10000-0xfecfffff]
Aug 16 22:23:28 shrinivaasanka-Inspiron-1545 kernel: [    0.371350] pci_bus 0000:00: resource 11 [mem 0xfed1c000-0xfed1ffff]
Aug 16 22:23:28 shrinivaasanka-Inspiron-1545 kernel: [    0.371353] pci_bus 0000:00: resource 12 [mem 0xfed90000-0xfed9ffff]
Aug 16 22:23:28 shrinivaasanka-Inspiron-1545 kernel: [    0.371355] pci_bus 0000:00: resource 13 [mem 0xfeda7000-0xfedfffff]
Aug 16 22:23:28 shrinivaasanka-Inspiron-1545 kernel: [    0.371358] pci_bus 0000:00: resource 14 [mem 0xfee10000-0xff9fffff]
Aug 16 22:23:28 shrinivaasanka-Inspiron-1545 kernel: [    0.371361] pci_bus 0000:00: resource 15 [mem 0xffc00000-0xffdfffff]
Aug 16 22:23:28 shrinivaasanka-Inspiron-1545 kernel: [    0.371363] pci_bus 0000:0b: resource 0 [io  0x2000-0x2fff]
Aug 16 22:23:28 shrinivaasanka-Inspiron-1545 kernel: [    0.371366] pci_bus 0000:0b: resource 1 [mem 0xc0000000-0xc01fffff]
Aug 16 22:23:28 shrinivaasanka-Inspiron-1545 kernel: [    0.371369] pci_bus 0000:0b: resource 2 [mem 0xc0200000-0xc03fffff 64bit pref]
Aug 16 22:23:28 shrinivaasanka-Inspiron-1545 kernel: [    0.371371] pci_bus 0000:0c: resource 0 [io  0x3000-0x3fff]
Aug 16 22:23:28 shrinivaasanka-Inspiron-1545 kernel: [    0.371374] pci_bus 0000:0c: resource 1 [mem 0xf6900000-0xf69fffff]
Aug 16 22:23:28 shrinivaasanka-Inspiron-1545 kernel: [    0.371377] pci_bus 0000:0c: resource 2 [mem 0xc0400000-0xc05fffff 64bit pref]
Aug 16 22:23:28 shrinivaasanka-Inspiron-1545 kernel: [    0.371379] pci_bus 0000:09: resource 0 [io  0xd000-0xdfff]
Aug 16 22:23:28 shrinivaasanka-Inspiron-1545 kernel: [    0.371382] pci_bus 0000:09: resource 1 [mem 0xf6800000-0xf68fffff]
Aug 16 22:23:28 shrinivaasanka-Inspiron-1545 kernel: [    0.371384] pci_bus 0000:09: resource 2 [mem 0xc0600000-0xc07fffff 64bit pref]
Aug 16 22:23:28 shrinivaasanka-Inspiron-1545 kernel: [    0.371387] pci_bus 0000:0d: resource 0 [io  0xc000-0xcfff]
Aug 16 22:23:28 shrinivaasanka-Inspiron-1545 kernel: [    0.371390] pci_bus 0000:0d: resource 1 [mem 0xf6600000-0xf67fffff]
Aug 16 22:23:28 shrinivaasanka-Inspiron-1545 kernel: [    0.371392] pci_bus 0000:0d: resource 2 [mem 0xf0000000-0xf01fffff 64bit pref]
Aug 16 22:23:28 shrinivaasanka-Inspiron-1545 kernel: [    0.371395] pci_bus 0000:03: resource 4 [io  0x0000-0x0cf7]
Aug 16 22:23:28 shrinivaasanka-Inspiron-1545 kernel: [    0.371397] pci_bus 0000:03: resource 5 [io  0x0d00-0xffff]
Aug 16 22:23:28 shrinivaasanka-Inspiron-1545 kernel: [    0.371400] pci_bus 0000:03: resource 6 [mem 0x000a0000-0x000bffff]
Aug 16 22:23:28 shrinivaasanka-Inspiron-1545 kernel: [    0.371402] pci_bus 0000:03: resource 7 [mem 0x000d0000-0x000dffff]
Aug 16 22:23:28 shrinivaasanka-Inspiron-1545 kernel: [    0.371405] pci_bus 0000:03: resource 8 [mem 0xc0000000-0xf7ffffff]
Aug 16 22:23:28 shrinivaasanka-Inspiron-1545 kernel: [    0.371407] pci_bus 0000:03: resource 9 [mem 0xfc000000-0xfebfffff]
Aug 16 22:23:28 shrinivaasanka-Inspiron-1545 kernel: [    0.371410] pci_bus 0000:03: resource 10 [mem 0xfec10000-0xfecfffff]
Aug 16 22:23:28 shrinivaasanka-Inspiron-1545 kernel: [    0.371413] pci_bus 0000:03: resource 11 [mem 0xfed1c000-0xfed1ffff]
Aug 16 22:23:28 shrinivaasanka-Inspiron-1545 kernel: [    0.371415] pci_bus 0000:03: resource 12 [mem 0xfed90000-0xfed9ffff]
Aug 16 22:23:28 shrinivaasanka-Inspiron-1545 kernel: [    0.371418] pci_bus 0000:03: resource 13 [mem 0xfeda7000-0xfedfffff]
Aug 16 22:23:28 shrinivaasanka-Inspiron-1545 kernel: [    0.371420] pci_bus 0000:03: resource 14 [mem 0xfee10000-0xff9fffff]
Aug 16 22:23:28 shrinivaasanka-Inspiron-1545 kernel: [    0.371423] pci_bus 0000:03: resource 15 [mem 0xffc00000-0xffdfffff]
Aug 16 22:23:28 shrinivaasanka-Inspiron-1545 kernel: [    0.371456] NET: Registered protocol family 2
Aug 16 22:23:28 shrinivaasanka-Inspiron-1545 kernel: [    0.371685] TCP established hash table entries: 8192 (order: 3, 32768 bytes)
Aug 16 22:23:28 shrinivaasanka-Inspiron-1545 kernel: [    0.371752] TCP bind hash table entries: 8192 (order: 4, 65536 bytes)
Aug 16 22:23:28 shrinivaasanka-Inspiron-1545 kernel: [    0.371830] TCP: Hash tables configured (established 8192 bind 8192)
Aug 16 22:23:28 shrinivaasanka-Inspiron-1545 kernel: [    0.371912] TCP: reno registered
Aug 16 22:23:28 shrinivaasanka-Inspiron-1545 kernel: [    0.371960] UDP hash table entries: 512 (order: 2, 16384 bytes)
Aug 16 22:23:28 shrinivaasanka-Inspiron-1545 kernel: [    0.372029] UDP-Lite hash table entries: 512 (order: 2, 16384 bytes)
Aug 16 22:23:28 shrinivaasanka-Inspiron-1545 kernel: [    0.372132] NET: Registered protocol family 1
Aug 16 22:23:28 shrinivaasanka-Inspiron-1545 kernel: [    0.372193] pci 0000:00:02.0: Boot video device
Aug 16 22:23:28 shrinivaasanka-Inspiron-1545 kernel: [    0.375467] PCI: CLS 64 bytes, default 64
Aug 16 22:23:28 shrinivaasanka-Inspiron-1545 kernel: [    0.375519] Trying to unpack rootfs image as initramfs...
Aug 16 22:23:28 shrinivaasanka-Inspiron-1545 kernel: [    5.722605] Freeing initrd memory: 214496K (ddd00000 - eae78000)
Aug 16 22:23:28 shrinivaasanka-Inspiron-1545 kernel: [    5.722995] microcode: CPU0 sig=0x1067a, pf=0x80, revision=0xa07
Aug 16 22:23:28 shrinivaasanka-Inspiron-1545 kernel: [    5.723055] microcode: CPU1 sig=0x1067a, pf=0x80, revision=0xa07
Aug 16 22:23:28 shrinivaasanka-Inspiron-1545 kernel: [    5.723190] microcode: Microcode Update Driver: v2.00 <tigran@aivazian.fsnet.co.uk>, Peter Oruba
Aug 16 22:23:28 shrinivaasanka-Inspiron-1545 kernel: [    5.723282] Scanning for low memory corruption every 60 seconds
Aug 16 22:23:28 shrinivaasanka-Inspiron-1545 kernel: [    5.723682] futex hash table entries: 512 (order: 3, 32768 bytes)
Aug 16 22:23:28 shrinivaasanka-Inspiron-1545 kernel: [    5.723754] Initialise system trusted keyring
Aug 16 22:23:28 shrinivaasanka-Inspiron-1545 kernel: [    5.723828] audit: initializing netlink subsys (disabled)
Aug 16 22:23:28 shrinivaasanka-Inspiron-1545 kernel: [    5.723900] audit: type=2000 audit(1408227782.716:1): initialized
Aug 16 22:23:28 shrinivaasanka-Inspiron-1545 kernel: [    5.751418] bounce pool size: 64 pages
Aug 16 22:23:28 shrinivaasanka-Inspiron-1545 kernel: [    5.751476] HugeTLB registered 2 MB page size, pre-allocated 0 pages
Aug 16 22:23:28 shrinivaasanka-Inspiron-1545 kernel: [    5.754301] zbud: loaded
Aug 16 22:23:28 shrinivaasanka-Inspiron-1545 kernel: [    5.754419] VFS: Disk quotas dquot_6.5.2
Aug 16 22:23:28 shrinivaasanka-Inspiron-1545 kernel: [    5.754525] Dquot-cache hash table entries: 1024 (order 0, 4096 bytes)
Aug 16 22:23:28 shrinivaasanka-Inspiron-1545 kernel: [    5.755263] fuse init (API version 7.23)
Aug 16 22:23:28 shrinivaasanka-Inspiron-1545 kernel: [    5.755453] msgmni has been set to 1709
Aug 16 22:23:28 shrinivaasanka-Inspiron-1545 kernel: [    5.755580] Key type big_key registered
Aug 16 22:23:28 shrinivaasanka-Inspiron-1545 kernel: [    5.756180] Key type asymmetric registered
Aug 16 22:23:28 shrinivaasanka-Inspiron-1545 kernel: [    5.756230] Asymmetric key parser 'x509' registered
Aug 16 22:23:28 shrinivaasanka-Inspiron-1545 kernel: [    5.756293] Block layer SCSI generic (bsg) driver version 0.4 loaded (major 252)
Aug 16 22:23:28 shrinivaasanka-Inspiron-1545 kernel: [    5.756397] io scheduler noop registered
Aug 16 22:23:28 shrinivaasanka-Inspiron-1545 kernel: [    5.756448] io scheduler deadline registered (default)
Aug 16 22:23:28 shrinivaasanka-Inspiron-1545 kernel: [    5.756548] io scheduler cfq registered
Aug 16 22:23:28 shrinivaasanka-Inspiron-1545 kernel: [    5.756715] pcieport 0000:00:1c.0: device [8086:2940] has invalid IRQ; check vendor BIOS
Aug 16 22:23:28 shrinivaasanka-Inspiron-1545 kernel: [    5.757032] pcieport 0000:00:1c.0: irq 40 for MSI/MSI-X
Aug 16 22:23:28 shrinivaasanka-Inspiron-1545 kernel: [    5.757134] pcieport 0000:00:1c.1: device [8086:2942] has invalid IRQ; check vendor BIOS
Aug 16 22:23:28 shrinivaasanka-Inspiron-1545 kernel: [    5.757406] pcieport 0000:00:1c.1: irq 41 for MSI/MSI-X
Aug 16 22:23:28 shrinivaasanka-Inspiron-1545 kernel: [    5.757505] pcieport 0000:00:1c.2: device [8086:2944] has invalid IRQ; check vendor BIOS
Aug 16 22:23:28 shrinivaasanka-Inspiron-1545 kernel: [    5.757775] pcieport 0000:00:1c.2: irq 42 for MSI/MSI-X
Aug 16 22:23:28 shrinivaasanka-Inspiron-1545 kernel: [    5.757876] pcieport 0000:00:1c.4: device [8086:2948] has invalid IRQ; check vendor BIOS
Aug 16 22:23:28 shrinivaasanka-Inspiron-1545 kernel: [    5.758147] pcieport 0000:00:1c.4: irq 43 for MSI/MSI-X
Aug 16 22:23:28 shrinivaasanka-Inspiron-1545 kernel: [    5.758278] pci_hotplug: PCI Hot Plug PCI Core version: 0.5
Aug 16 22:23:28 shrinivaasanka-Inspiron-1545 kernel: [    5.758351] pciehp: PCI Express Hot Plug Controller Driver version: 0.4
Aug 16 22:23:28 shrinivaasanka-Inspiron-1545 kernel: [    5.758486] intel_idle: does not run on family 6 model 23
Aug 16 22:23:28 shrinivaasanka-Inspiron-1545 kernel: [    5.758496] ipmi message handler version 39.2
Aug 16 22:23:28 shrinivaasanka-Inspiron-1545 kernel: [    5.758672] ACPI: AC Adapter [AC] (on-line)
Aug 16 22:23:28 shrinivaasanka-Inspiron-1545 kernel: [    5.758865] input: Lid Switch as /devices/LNXSYSTM:00/LNXSYBUS:00/PNP0C0D:00/input/input0
Aug 16 22:23:28 shrinivaasanka-Inspiron-1545 kernel: [    5.759775] ACPI: Lid Switch [LID]
Aug 16 22:23:28 shrinivaasanka-Inspiron-1545 kernel: [    5.759885] input: Power Button as /devices/LNXSYSTM:00/LNXSYBUS:00/PNP0C0C:00/input/input1
Aug 16 22:23:28 shrinivaasanka-Inspiron-1545 kernel: [    5.759951] ACPI: Power Button [PBTN]
Aug 16 22:23:28 shrinivaasanka-Inspiron-1545 kernel: [    5.760081] input: Sleep Button as /devices/LNXSYSTM:00/LNXSYBUS:00/PNP0C0E:00/input/input2
Aug 16 22:23:28 shrinivaasanka-Inspiron-1545 kernel: [    5.760148] ACPI: Sleep Button [SBTN]
Aug 16 22:23:28 shrinivaasanka-Inspiron-1545 kernel: [    5.760325] Monitor-Mwait will be used to enter C-1 state
Aug 16 22:23:28 shrinivaasanka-Inspiron-1545 kernel: [    5.760331] Monitor-Mwait will be used to enter C-2 state
Aug 16 22:23:28 shrinivaasanka-Inspiron-1545 kernel: [    5.760335] Monitor-Mwait will be used to enter C-3 state
Aug 16 22:23:28 shrinivaasanka-Inspiron-1545 kernel: [    5.760339] tsc: Marking TSC unstable due to TSC halts in idle
Aug 16 22:23:28 shrinivaasanka-Inspiron-1545 kernel: [    5.760399] ACPI: acpi_idle registered with cpuidle
Aug 16 22:23:28 shrinivaasanka-Inspiron-1545 kernel: [    5.777819] thermal LNXTHERM:00: registered as thermal_zone0
Aug 16 22:23:28 shrinivaasanka-Inspiron-1545 kernel: [    5.777871] ACPI: Thermal Zone [THM] (69 C)
Aug 16 22:23:28 shrinivaasanka-Inspiron-1545 kernel: [    5.777956] GHES: HEST is not enabled!
Aug 16 22:23:28 shrinivaasanka-Inspiron-1545 kernel: [    5.778025] isapnp: Scanning for PnP cards...
Aug 16 22:23:28 shrinivaasanka-Inspiron-1545 kernel: [    5.826345] ACPI: Battery Slot [BAT0] (battery present)
Aug 16 22:23:28 shrinivaasanka-Inspiron-1545 kernel: [    6.152310] isapnp: No Plug & Play device found
Aug 16 22:23:28 shrinivaasanka-Inspiron-1545 kernel: [    6.152496] Serial: 8250/16550 driver, 32 ports, IRQ sharing enabled
Aug 16 22:23:28 shrinivaasanka-Inspiron-1545 kernel: [    6.155539] Linux agpgart interface v0.103
Aug 16 22:23:28 shrinivaasanka-Inspiron-1545 kernel: [    6.155708] agpgart-intel 0000:00:00.0: Intel GM45 Chipset
Aug 16 22:23:28 shrinivaasanka-Inspiron-1545 kernel: [    6.155802] agpgart-intel 0000:00:00.0: detected gtt size: 2097152K total, 262144K mappable
Aug 16 22:23:28 shrinivaasanka-Inspiron-1545 kernel: [    6.156566] agpgart-intel 0000:00:00.0: detected 32768K stolen memory
Aug 16 22:23:28 shrinivaasanka-Inspiron-1545 kernel: [    6.156783] agpgart-intel 0000:00:00.0: AGP aperture is 256M @ 0xe0000000
Aug 16 22:23:28 shrinivaasanka-Inspiron-1545 kernel: [    6.159178] brd: module loaded
Aug 16 22:23:28 shrinivaasanka-Inspiron-1545 kernel: [    6.160396] loop: module loaded
Aug 16 22:23:28 shrinivaasanka-Inspiron-1545 kernel: [    6.161121] libphy: Fixed MDIO Bus: probed
Aug 16 22:23:28 shrinivaasanka-Inspiron-1545 kernel: [    6.161341] tun: Universal TUN/TAP device driver, 1.6
Aug 16 22:23:28 shrinivaasanka-Inspiron-1545 kernel: [    6.161391] tun: (C) 1999-2004 Max Krasnyansky <maxk@qualcomm.com>
Aug 16 22:23:28 shrinivaasanka-Inspiron-1545 kernel: [    6.161513] PPP generic driver version 2.4.2
Aug 16 22:23:28 shrinivaasanka-Inspiron-1545 kernel: [    6.161631] ehci_hcd: USB 2.0 'Enhanced' Host Controller (EHCI) Driver
Aug 16 22:23:28 shrinivaasanka-Inspiron-1545 kernel: [    6.161686] ehci-pci: EHCI PCI platform driver
Aug 16 22:23:28 shrinivaasanka-Inspiron-1545 kernel: [    6.161996] ehci-pci 0000:00:1a.7: EHCI Host Controller
Aug 16 22:23:28 shrinivaasanka-Inspiron-1545 kernel: [    6.162053] ehci-pci 0000:00:1a.7: new USB bus registered, assigned bus number 1
Aug 16 22:23:28 shrinivaasanka-Inspiron-1545 kernel: [    6.162131] ehci-pci 0000:00:1a.7: debug port 1
Aug 16 22:23:28 shrinivaasanka-Inspiron-1545 kernel: [    6.166073] ehci-pci 0000:00:1a.7: cache line size of 64 is not supported
Aug 16 22:23:28 shrinivaasanka-Inspiron-1545 kernel: [    6.166094] ehci-pci 0000:00:1a.7: irq 22, io mem 0xfed1c400
Aug 16 22:23:28 shrinivaasanka-Inspiron-1545 kernel: [    6.176043] ehci-pci 0000:00:1a.7: USB 2.0 started, EHCI 1.00
Aug 16 22:23:28 shrinivaasanka-Inspiron-1545 kernel: [    6.176179] usb usb1: New USB device found, idVendor=1d6b, idProduct=0002
Aug 16 22:23:28 shrinivaasanka-Inspiron-1545 kernel: [    6.176241] usb usb1: New USB device strings: Mfr=3, Product=2, SerialNumber=1
Aug 16 22:23:28 shrinivaasanka-Inspiron-1545 kernel: [    6.176305] usb usb1: Product: EHCI Host Controller
Aug 16 22:23:28 shrinivaasanka-Inspiron-1545 kernel: [    6.176354] usb usb1: Manufacturer: Linux 3.15.5 ehci_hcd
Aug 16 22:23:28 shrinivaasanka-Inspiron-1545 kernel: [    6.176404] usb usb1: SerialNumber: 0000:00:1a.7
Aug 16 22:23:28 shrinivaasanka-Inspiron-1545 kernel: [    6.176639] hub 1-0:1.0: USB hub found
Aug 16 22:23:28 shrinivaasanka-Inspiron-1545 kernel: [    6.176694] hub 1-0:1.0: 6 ports detected
Aug 16 22:23:28 shrinivaasanka-Inspiron-1545 kernel: [    6.177291] ehci-pci 0000:00:1d.7: EHCI Host Controller
Aug 16 22:23:28 shrinivaasanka-Inspiron-1545 kernel: [    6.177347] ehci-pci 0000:00:1d.7: new USB bus registered, assigned bus number 2
Aug 16 22:23:28 shrinivaasanka-Inspiron-1545 kernel: [    6.177424] ehci-pci 0000:00:1d.7: debug port 1
Aug 16 22:23:28 shrinivaasanka-Inspiron-1545 kernel: [    6.181391] ehci-pci 0000:00:1d.7: cache line size of 64 is not supported
Aug 16 22:23:28 shrinivaasanka-Inspiron-1545 kernel: [    6.181409] ehci-pci 0000:00:1d.7: irq 20, io mem 0xfed1c000
Aug 16 22:23:28 shrinivaasanka-Inspiron-1545 kernel: [    6.192039] ehci-pci 0000:00:1d.7: USB 2.0 started, EHCI 1.00
Aug 16 22:23:28 shrinivaasanka-Inspiron-1545 kernel: [    6.192169] usb usb2: New USB device found, idVendor=1d6b, idProduct=0002
Aug 16 22:23:28 shrinivaasanka-Inspiron-1545 kernel: [    6.192230] usb usb2: New USB device strings: Mfr=3, Product=2, SerialNumber=1
Aug 16 22:23:28 shrinivaasanka-Inspiron-1545 kernel: [    6.192293] usb usb2: Product: EHCI Host Controller
Aug 16 22:23:28 shrinivaasanka-Inspiron-1545 kernel: [    6.192343] usb usb2: Manufacturer: Linux 3.15.5 ehci_hcd
Aug 16 22:23:28 shrinivaasanka-Inspiron-1545 kernel: [    6.192394] usb usb2: SerialNumber: 0000:00:1d.7
Aug 16 22:23:28 shrinivaasanka-Inspiron-1545 kernel: [    6.192628] hub 2-0:1.0: USB hub found
Aug 16 22:23:28 shrinivaasanka-Inspiron-1545 kernel: [    6.192682] hub 2-0:1.0: 6 ports detected
Aug 16 22:23:28 shrinivaasanka-Inspiron-1545 kernel: [    6.193045] ehci-platform: EHCI generic platform driver
Aug 16 22:23:28 shrinivaasanka-Inspiron-1545 kernel: [    6.193106] ohci_hcd: USB 1.1 'Open' Host Controller (OHCI) Driver
Aug 16 22:23:28 shrinivaasanka-Inspiron-1545 kernel: [    6.193160] ohci-pci: OHCI PCI platform driver
Aug 16 22:23:28 shrinivaasanka-Inspiron-1545 kernel: [    6.193913] ohci-platform: OHCI generic platform driver
Aug 16 22:23:28 shrinivaasanka-Inspiron-1545 kernel: [    6.193970] uhci_hcd: USB Universal Host Controller Interface driver
Aug 16 22:23:28 shrinivaasanka-Inspiron-1545 kernel: [    6.194235] uhci_hcd 0000:00:1a.0: UHCI Host Controller
Aug 16 22:23:28 shrinivaasanka-Inspiron-1545 kernel: [    6.194290] uhci_hcd 0000:00:1a.0: new USB bus registered, assigned bus number 3
Aug 16 22:23:28 shrinivaasanka-Inspiron-1545 kernel: [    6.194361] uhci_hcd 0000:00:1a.0: detected 2 ports
Aug 16 22:23:28 shrinivaasanka-Inspiron-1545 kernel: [    6.194430] uhci_hcd 0000:00:1a.0: irq 20, io base 0x00006f60
Aug 16 22:23:28 shrinivaasanka-Inspiron-1545 kernel: [    6.194532] usb usb3: New USB device found, idVendor=1d6b, idProduct=0001
Aug 16 22:23:28 shrinivaasanka-Inspiron-1545 kernel: [    6.194584] usb usb3: New USB device strings: Mfr=3, Product=2, SerialNumber=1
Aug 16 22:23:28 shrinivaasanka-Inspiron-1545 kernel: [    6.194648] usb usb3: Product: UHCI Host Controller
Aug 16 22:23:28 shrinivaasanka-Inspiron-1545 kernel: [    6.194697] usb usb3: Manufacturer: Linux 3.15.5 uhci_hcd
Aug 16 22:23:28 shrinivaasanka-Inspiron-1545 kernel: [    6.194747] usb usb3: SerialNumber: 0000:00:1a.0
Aug 16 22:23:28 shrinivaasanka-Inspiron-1545 kernel: [    6.194978] hub 3-0:1.0: USB hub found
Aug 16 22:23:28 shrinivaasanka-Inspiron-1545 kernel: [    6.195034] hub 3-0:1.0: 2 ports detected
Aug 16 22:23:28 shrinivaasanka-Inspiron-1545 kernel: [    6.195426] uhci_hcd 0000:00:1a.1: UHCI Host Controller
Aug 16 22:23:28 shrinivaasanka-Inspiron-1545 kernel: [    6.195481] uhci_hcd 0000:00:1a.1: new USB bus registered, assigned bus number 4
Aug 16 22:23:28 shrinivaasanka-Inspiron-1545 kernel: [    6.195551] uhci_hcd 0000:00:1a.1: detected 2 ports
Aug 16 22:23:28 shrinivaasanka-Inspiron-1545 kernel: [    6.195633] uhci_hcd 0000:00:1a.1: irq 21, io base 0x00006f80
Aug 16 22:23:28 shrinivaasanka-Inspiron-1545 kernel: [    6.195735] usb usb4: New USB device found, idVendor=1d6b, idProduct=0001
Aug 16 22:23:28 shrinivaasanka-Inspiron-1545 kernel: [    6.195788] usb usb4: New USB device strings: Mfr=3, Product=2, SerialNumber=1
Aug 16 22:23:28 shrinivaasanka-Inspiron-1545 kernel: [    6.195852] usb usb4: Product: UHCI Host Controller
Aug 16 22:23:28 shrinivaasanka-Inspiron-1545 kernel: [    6.195901] usb usb4: Manufacturer: Linux 3.15.5 uhci_hcd
Aug 16 22:23:28 shrinivaasanka-Inspiron-1545 kernel: [    6.195950] usb usb4: SerialNumber: 0000:00:1a.1
Aug 16 22:23:28 shrinivaasanka-Inspiron-1545 kernel: [    6.196175] hub 4-0:1.0: USB hub found
Aug 16 22:23:28 shrinivaasanka-Inspiron-1545 kernel: [    6.196233] hub 4-0:1.0: 2 ports detected
Aug 16 22:23:28 shrinivaasanka-Inspiron-1545 kernel: [    6.196625] uhci_hcd 0000:00:1a.2: UHCI Host Controller
Aug 16 22:23:28 shrinivaasanka-Inspiron-1545 kernel: [    6.196679] uhci_hcd 0000:00:1a.2: new USB bus registered, assigned bus number 5
Aug 16 22:23:28 shrinivaasanka-Inspiron-1545 kernel: [    6.196749] uhci_hcd 0000:00:1a.2: detected 2 ports
Aug 16 22:23:28 shrinivaasanka-Inspiron-1545 kernel: [    6.196817] uhci_hcd 0000:00:1a.2: irq 22, io base 0x00006fa0
Aug 16 22:23:28 shrinivaasanka-Inspiron-1545 kernel: [    6.196921] usb usb5: New USB device found, idVendor=1d6b, idProduct=0001
Aug 16 22:23:28 shrinivaasanka-Inspiron-1545 kernel: [    6.196973] usb usb5: New USB device strings: Mfr=3, Product=2, SerialNumber=1
Aug 16 22:23:28 shrinivaasanka-Inspiron-1545 kernel: [    6.197037] usb usb5: Product: UHCI Host Controller
Aug 16 22:23:28 shrinivaasanka-Inspiron-1545 kernel: [    6.197087] usb usb5: Manufacturer: Linux 3.15.5 uhci_hcd
Aug 16 22:23:28 shrinivaasanka-Inspiron-1545 kernel: [    6.197137] usb usb5: SerialNumber: 0000:00:1a.2
Aug 16 22:23:28 shrinivaasanka-Inspiron-1545 kernel: [    6.197366] hub 5-0:1.0: USB hub found
Aug 16 22:23:28 shrinivaasanka-Inspiron-1545 kernel: [    6.197420] hub 5-0:1.0: 2 ports detected
Aug 16 22:23:28 shrinivaasanka-Inspiron-1545 kernel: [    6.197813] uhci_hcd 0000:00:1d.0: UHCI Host Controller
Aug 16 22:23:28 shrinivaasanka-Inspiron-1545 kernel: [    6.197868] uhci_hcd 0000:00:1d.0: new USB bus registered, assigned bus number 6
Aug 16 22:23:28 shrinivaasanka-Inspiron-1545 kernel: [    6.197938] uhci_hcd 0000:00:1d.0: detected 2 ports
Aug 16 22:23:28 shrinivaasanka-Inspiron-1545 kernel: [    6.198008] uhci_hcd 0000:00:1d.0: irq 20, io base 0x00006f00
Aug 16 22:23:28 shrinivaasanka-Inspiron-1545 kernel: [    6.198113] usb usb6: New USB device found, idVendor=1d6b, idProduct=0001
Aug 16 22:23:28 shrinivaasanka-Inspiron-1545 kernel: [    6.198166] usb usb6: New USB device strings: Mfr=3, Product=2, SerialNumber=1
Aug 16 22:23:28 shrinivaasanka-Inspiron-1545 kernel: [    6.198230] usb usb6: Product: UHCI Host Controller
Aug 16 22:23:28 shrinivaasanka-Inspiron-1545 kernel: [    6.198280] usb usb6: Manufacturer: Linux 3.15.5 uhci_hcd
Aug 16 22:23:28 shrinivaasanka-Inspiron-1545 kernel: [    6.198329] usb usb6: SerialNumber: 0000:00:1d.0
Aug 16 22:23:28 shrinivaasanka-Inspiron-1545 kernel: [    6.198560] hub 6-0:1.0: USB hub found
Aug 16 22:23:28 shrinivaasanka-Inspiron-1545 kernel: [    6.198614] hub 6-0:1.0: 2 ports detected
Aug 16 22:23:28 shrinivaasanka-Inspiron-1545 kernel: [    6.199008] uhci_hcd 0000:00:1d.1: UHCI Host Controller
Aug 16 22:23:28 shrinivaasanka-Inspiron-1545 kernel: [    6.199062] uhci_hcd 0000:00:1d.1: new USB bus registered, assigned bus number 7
Aug 16 22:23:28 shrinivaasanka-Inspiron-1545 kernel: [    6.199133] uhci_hcd 0000:00:1d.1: detected 2 ports
Aug 16 22:23:28 shrinivaasanka-Inspiron-1545 kernel: [    6.199201] uhci_hcd 0000:00:1d.1: irq 21, io base 0x00006f20
Aug 16 22:23:28 shrinivaasanka-Inspiron-1545 kernel: [    6.199304] usb usb7: New USB device found, idVendor=1d6b, idProduct=0001
Aug 16 22:23:28 shrinivaasanka-Inspiron-1545 kernel: [    6.199357] usb usb7: New USB device strings: Mfr=3, Product=2, SerialNumber=1
Aug 16 22:23:28 shrinivaasanka-Inspiron-1545 kernel: [    6.199420] usb usb7: Product: UHCI Host Controller
Aug 16 22:23:28 shrinivaasanka-Inspiron-1545 kernel: [    6.199470] usb usb7: Manufacturer: Linux 3.15.5 uhci_hcd
Aug 16 22:23:28 shrinivaasanka-Inspiron-1545 kernel: [    6.199520] usb usb7: SerialNumber: 0000:00:1d.1
Aug 16 22:23:28 shrinivaasanka-Inspiron-1545 kernel: [    6.199741] hub 7-0:1.0: USB hub found
