Mar 16 06:26:41 kashrinivaasan-Inspiron-1545 kernel: [38114.324758] sd 7:0:0:0: [sdb] Test WP failed, assume Write Enabled
Mar 16 06:26:41 kashrinivaasan-Inspiron-1545 kernel: [38114.326880] sd 7:0:0:0: [sdb] Asking for cache data failed
Mar 16 06:26:41 kashrinivaasan-Inspiron-1545 kernel: [38114.326884] sd 7:0:0:0: [sdb] Assuming drive cache: write through
Mar 16 06:27:33 kashrinivaasan-Inspiron-1545 kernel: [38166.036649] sd 7:0:0:0: [sdb] Test WP failed, assume Write Enabled
Mar 16 06:27:33 kashrinivaasan-Inspiron-1545 kernel: [38166.038774] sd 7:0:0:0: [sdb] Asking for cache data failed
Mar 16 06:27:33 kashrinivaasan-Inspiron-1545 kernel: [38166.038779] sd 7:0:0:0: [sdb] Assuming drive cache: write through
Mar 16 06:28:25 kashrinivaasan-Inspiron-1545 kernel: [38217.752929] sd 7:0:0:0: [sdb] Test WP failed, assume Write Enabled
Mar 16 06:28:25 kashrinivaasan-Inspiron-1545 kernel: [38217.755045] sd 7:0:0:0: [sdb] Asking for cache data failed
Mar 16 06:28:25 kashrinivaasan-Inspiron-1545 kernel: [38217.755051] sd 7:0:0:0: [sdb] Assuming drive cache: write through
Mar 16 06:29:17 kashrinivaasan-Inspiron-1545 kernel: [38269.460663] sd 7:0:0:0: [sdb] Test WP failed, assume Write Enabled
Mar 16 06:29:17 kashrinivaasan-Inspiron-1545 kernel: [38269.463373] sd 7:0:0:0: [sdb] Asking for cache data failed
Mar 16 06:29:17 kashrinivaasan-Inspiron-1545 kernel: [38269.463378] sd 7:0:0:0: [sdb] Assuming drive cache: write through
Mar 16 06:30:08 kashrinivaasan-Inspiron-1545 kernel: [38321.172549] sd 7:0:0:0: [sdb] Test WP failed, assume Write Enabled
Mar 16 06:30:08 kashrinivaasan-Inspiron-1545 kernel: [38321.174673] sd 7:0:0:0: [sdb] Asking for cache data failed
Mar 16 06:30:08 kashrinivaasan-Inspiron-1545 kernel: [38321.174678] sd 7:0:0:0: [sdb] Assuming drive cache: write through
Mar 16 06:31:00 kashrinivaasan-Inspiron-1545 kernel: [38372.884831] sd 7:0:0:0: [sdb] Test WP failed, assume Write Enabled
Mar 16 06:31:00 kashrinivaasan-Inspiron-1545 kernel: [38372.886940] sd 7:0:0:0: [sdb] Asking for cache data failed
Mar 16 06:31:00 kashrinivaasan-Inspiron-1545 kernel: [38372.886944] sd 7:0:0:0: [sdb] Assuming drive cache: write through
Mar 16 06:31:52 kashrinivaasan-Inspiron-1545 kernel: [38424.597204] sd 7:0:0:0: [sdb] Test WP failed, assume Write Enabled
Mar 16 06:31:52 kashrinivaasan-Inspiron-1545 kernel: [38424.599331] sd 7:0:0:0: [sdb] Asking for cache data failed
Mar 16 06:31:52 kashrinivaasan-Inspiron-1545 kernel: [38424.599335] sd 7:0:0:0: [sdb] Assuming drive cache: write through
Mar 16 06:32:43 kashrinivaasan-Inspiron-1545 kernel: [38476.308588] sd 7:0:0:0: [sdb] Test WP failed, assume Write Enabled
Mar 16 06:32:43 kashrinivaasan-Inspiron-1545 kernel: [38476.310836] sd 7:0:0:0: [sdb] Asking for cache data failed
Mar 16 06:32:43 kashrinivaasan-Inspiron-1545 kernel: [38476.310840] sd 7:0:0:0: [sdb] Assuming drive cache: write through
Mar 16 06:33:35 kashrinivaasan-Inspiron-1545 kernel: [38528.020718] sd 7:0:0:0: [sdb] Test WP failed, assume Write Enabled
Mar 16 06:33:35 kashrinivaasan-Inspiron-1545 kernel: [38528.022851] sd 7:0:0:0: [sdb] Asking for cache data failed
Mar 16 06:33:35 kashrinivaasan-Inspiron-1545 kernel: [38528.022856] sd 7:0:0:0: [sdb] Assuming drive cache: write through
Mar 16 06:34:27 kashrinivaasan-Inspiron-1545 kernel: [38579.732611] sd 7:0:0:0: [sdb] Test WP failed, assume Write Enabled
Mar 16 06:34:27 kashrinivaasan-Inspiron-1545 kernel: [38579.734725] sd 7:0:0:0: [sdb] Asking for cache data failed
Mar 16 06:34:27 kashrinivaasan-Inspiron-1545 kernel: [38579.734729] sd 7:0:0:0: [sdb] Assuming drive cache: write through
Mar 16 06:35:18 kashrinivaasan-Inspiron-1545 kernel: [38631.444741] sd 7:0:0:0: [sdb] Test WP failed, assume Write Enabled
Mar 16 06:35:18 kashrinivaasan-Inspiron-1545 kernel: [38631.446951] sd 7:0:0:0: [sdb] Asking for cache data failed
Mar 16 06:35:18 kashrinivaasan-Inspiron-1545 kernel: [38631.446955] sd 7:0:0:0: [sdb] Assuming drive cache: write through
Mar 16 06:36:10 kashrinivaasan-Inspiron-1545 kernel: [38683.156627] sd 7:0:0:0: [sdb] Test WP failed, assume Write Enabled
Mar 16 06:36:10 kashrinivaasan-Inspiron-1545 kernel: [38683.158759] sd 7:0:0:0: [sdb] Asking for cache data failed
Mar 16 06:36:10 kashrinivaasan-Inspiron-1545 kernel: [38683.158765] sd 7:0:0:0: [sdb] Assuming drive cache: write through
Mar 16 06:37:02 kashrinivaasan-Inspiron-1545 kernel: [38734.868639] sd 7:0:0:0: [sdb] Test WP failed, assume Write Enabled
Mar 16 06:37:02 kashrinivaasan-Inspiron-1545 kernel: [38734.870881] sd 7:0:0:0: [sdb] Asking for cache data failed
Mar 16 06:37:02 kashrinivaasan-Inspiron-1545 kernel: [38734.870887] sd 7:0:0:0: [sdb] Assuming drive cache: write through
Mar 16 06:37:54 kashrinivaasan-Inspiron-1545 kernel: [38786.588405] sd 7:0:0:0: [sdb] Test WP failed, assume Write Enabled
Mar 16 06:37:54 kashrinivaasan-Inspiron-1545 kernel: [38786.590636] sd 7:0:0:0: [sdb] Asking for cache data failed
Mar 16 06:37:54 kashrinivaasan-Inspiron-1545 kernel: [38786.590641] sd 7:0:0:0: [sdb] Assuming drive cache: write through
Mar 16 06:38:45 kashrinivaasan-Inspiron-1545 kernel: [38838.292651] sd 7:0:0:0: [sdb] Test WP failed, assume Write Enabled
Mar 16 06:38:45 kashrinivaasan-Inspiron-1545 kernel: [38838.294773] sd 7:0:0:0: [sdb] Asking for cache data failed
Mar 16 06:38:45 kashrinivaasan-Inspiron-1545 kernel: [38838.294777] sd 7:0:0:0: [sdb] Assuming drive cache: write through
Mar 16 06:39:37 kashrinivaasan-Inspiron-1545 kernel: [38890.004666] sd 7:0:0:0: [sdb] Test WP failed, assume Write Enabled
Mar 16 06:39:37 kashrinivaasan-Inspiron-1545 kernel: [38890.006937] sd 7:0:0:0: [sdb] Asking for cache data failed
Mar 16 06:39:37 kashrinivaasan-Inspiron-1545 kernel: [38890.006942] sd 7:0:0:0: [sdb] Assuming drive cache: write through
Mar 16 06:40:03 kashrinivaasan-Inspiron-1545 kernel: [38915.759556] sky2 0000:09:00.0 eth0: disabling interface
Mar 16 06:40:07 kashrinivaasan-Inspiron-1545 kernel: [38920.044627] sky2 0000:09:00.0 eth0: enabling interface
Mar 16 06:40:07 kashrinivaasan-Inspiron-1545 kernel: [38920.045109] IPv6: ADDRCONF(NETDEV_UP): eth0: link is not ready
Mar 16 06:40:29 kashrinivaasan-Inspiron-1545 kernel: [38941.716685] sd 7:0:0:0: [sdb] Test WP failed, assume Write Enabled
Mar 16 06:40:29 kashrinivaasan-Inspiron-1545 kernel: [38941.718791] sd 7:0:0:0: [sdb] Asking for cache data failed
Mar 16 06:40:29 kashrinivaasan-Inspiron-1545 kernel: [38941.718795] sd 7:0:0:0: [sdb] Assuming drive cache: write through
Mar 16 06:40:46 kashrinivaasan-Inspiron-1545 kernel: Kernel logging (proc) stopped.
Mar 16 09:28:35 kashrinivaasan-Inspiron-1545 kernel: imklog 5.8.6, log source = /proc/kmsg started.
Mar 16 09:28:36 kashrinivaasan-Inspiron-1545 kernel: [    0.000000] Initializing cgroup subsys cpuset
Mar 16 09:28:36 kashrinivaasan-Inspiron-1545 kernel: [    0.000000] Initializing cgroup subsys cpu
Mar 16 09:28:36 kashrinivaasan-Inspiron-1545 kernel: [    0.000000] Linux version 3.7.8 (root@kashrinivaasan-Inspiron-1545) (gcc version 4.4.1 (GCC) ) #1 SMP Thu Dec 5 14:55:47 IST 2013
Mar 16 09:28:36 kashrinivaasan-Inspiron-1545 kernel: [    0.000000] KERNEL supported cpus:
Mar 16 09:28:36 kashrinivaasan-Inspiron-1545 kernel: [    0.000000]   Intel GenuineIntel
Mar 16 09:28:36 kashrinivaasan-Inspiron-1545 kernel: [    0.000000]   AMD AuthenticAMD
Mar 16 09:28:36 kashrinivaasan-Inspiron-1545 kernel: [    0.000000]   NSC Geode by NSC
Mar 16 09:28:36 kashrinivaasan-Inspiron-1545 kernel: [    0.000000]   Cyrix CyrixInstead
Mar 16 09:28:36 kashrinivaasan-Inspiron-1545 kernel: [    0.000000]   Centaur CentaurHauls
Mar 16 09:28:36 kashrinivaasan-Inspiron-1545 kernel: [    0.000000]   Transmeta GenuineTMx86
Mar 16 09:28:36 kashrinivaasan-Inspiron-1545 kernel: [    0.000000]   Transmeta TransmetaCPU
Mar 16 09:28:36 kashrinivaasan-Inspiron-1545 kernel: [    0.000000]   UMC UMC UMC UMC
Mar 16 09:28:36 kashrinivaasan-Inspiron-1545 kernel: [    0.000000] e820: BIOS-provided physical RAM map:
Mar 16 09:28:36 kashrinivaasan-Inspiron-1545 kernel: [    0.000000] BIOS-e820: [mem 0x0000000000000000-0x000000000009efff] usable
Mar 16 09:28:36 kashrinivaasan-Inspiron-1545 kernel: [    0.000000] BIOS-e820: [mem 0x000000000009f000-0x000000000009ffff] reserved
Mar 16 09:28:36 kashrinivaasan-Inspiron-1545 kernel: [    0.000000] BIOS-e820: [mem 0x0000000000100000-0x00000000bd8bf3ff] usable
Mar 16 09:28:36 kashrinivaasan-Inspiron-1545 kernel: [    0.000000] BIOS-e820: [mem 0x00000000bd8bf400-0x00000000bdac13ff] ACPI NVS
Mar 16 09:28:36 kashrinivaasan-Inspiron-1545 kernel: [    0.000000] BIOS-e820: [mem 0x00000000bdac1400-0x00000000bfffffff] reserved
Mar 16 09:28:36 kashrinivaasan-Inspiron-1545 kernel: [    0.000000] BIOS-e820: [mem 0x00000000f8000000-0x00000000fbffffff] reserved
Mar 16 09:28:36 kashrinivaasan-Inspiron-1545 kernel: [    0.000000] BIOS-e820: [mem 0x00000000fec00000-0x00000000fec0ffff] reserved
Mar 16 09:28:36 kashrinivaasan-Inspiron-1545 kernel: [    0.000000] BIOS-e820: [mem 0x00000000fed18000-0x00000000fed1bfff] reserved
Mar 16 09:28:36 kashrinivaasan-Inspiron-1545 kernel: [    0.000000] BIOS-e820: [mem 0x00000000fed20000-0x00000000fed8ffff] reserved
Mar 16 09:28:36 kashrinivaasan-Inspiron-1545 kernel: [    0.000000] BIOS-e820: [mem 0x00000000feda0000-0x00000000feda5fff] reserved
Mar 16 09:28:36 kashrinivaasan-Inspiron-1545 kernel: [    0.000000] BIOS-e820: [mem 0x00000000fee00000-0x00000000fee0ffff] reserved
Mar 16 09:28:36 kashrinivaasan-Inspiron-1545 kernel: [    0.000000] BIOS-e820: [mem 0x00000000ffe00000-0x00000000ffffffff] reserved
Mar 16 09:28:36 kashrinivaasan-Inspiron-1545 kernel: [    0.000000] NX (Execute Disable) protection: active
Mar 16 09:28:36 kashrinivaasan-Inspiron-1545 kernel: [    0.000000] SMBIOS 2.4 present.
Mar 16 09:28:36 kashrinivaasan-Inspiron-1545 kernel: [    0.000000] DMI: Dell Inc. Inspiron 1545                   /0J037P, BIOS A14 12/07/2009
Mar 16 09:28:36 kashrinivaasan-Inspiron-1545 kernel: [    0.000000] e820: update [mem 0x00000000-0x0000ffff] usable ==> reserved
Mar 16 09:28:36 kashrinivaasan-Inspiron-1545 kernel: [    0.000000] e820: remove [mem 0x000a0000-0x000fffff] usable
Mar 16 09:28:36 kashrinivaasan-Inspiron-1545 kernel: [    0.000000] e820: last_pfn = 0xbd8bf max_arch_pfn = 0x1000000
Mar 16 09:28:36 kashrinivaasan-Inspiron-1545 kernel: [    0.000000] MTRR default type: uncachable
Mar 16 09:28:36 kashrinivaasan-Inspiron-1545 kernel: [    0.000000] MTRR fixed ranges enabled:
Mar 16 09:28:36 kashrinivaasan-Inspiron-1545 kernel: [    0.000000]   00000-9FFFF write-back
Mar 16 09:28:36 kashrinivaasan-Inspiron-1545 kernel: [    0.000000]   A0000-BFFFF uncachable
Mar 16 09:28:36 kashrinivaasan-Inspiron-1545 kernel: [    0.000000]   C0000-CFFFF write-protect
Mar 16 09:28:36 kashrinivaasan-Inspiron-1545 kernel: [    0.000000]   D0000-EFFFF uncachable
Mar 16 09:28:36 kashrinivaasan-Inspiron-1545 kernel: [    0.000000]   F0000-FFFFF write-protect
Mar 16 09:28:36 kashrinivaasan-Inspiron-1545 kernel: [    0.000000] MTRR variable ranges enabled:
Mar 16 09:28:36 kashrinivaasan-Inspiron-1545 kernel: [    0.000000]   0 base 000000000 mask 800000000 write-back
Mar 16 09:28:36 kashrinivaasan-Inspiron-1545 kernel: [    0.000000]   1 base 0E0000000 mask FE0000000 uncachable
Mar 16 09:28:36 kashrinivaasan-Inspiron-1545 kernel: [    0.000000]   2 base 0BDC00000 mask FFFC00000 uncachable
Mar 16 09:28:36 kashrinivaasan-Inspiron-1545 kernel: [    0.000000]   3 base 0BE000000 mask FFE000000 uncachable
Mar 16 09:28:36 kashrinivaasan-Inspiron-1545 kernel: [    0.000000]   4 disabled
Mar 16 09:28:36 kashrinivaasan-Inspiron-1545 kernel: [    0.000000]   5 disabled
Mar 16 09:28:36 kashrinivaasan-Inspiron-1545 kernel: [    0.000000]   6 disabled
Mar 16 09:28:36 kashrinivaasan-Inspiron-1545 kernel: [    0.000000] x86 PAT enabled: cpu 0, old 0x7040600070406, new 0x7010600070106
Mar 16 09:28:36 kashrinivaasan-Inspiron-1545 kernel: [    0.000000] original variable MTRRs
Mar 16 09:28:36 kashrinivaasan-Inspiron-1545 kernel: [    0.000000] reg 0, base: 0GB, range: 32GB, type WB
Mar 16 09:28:36 kashrinivaasan-Inspiron-1545 kernel: [    0.000000] reg 1, base: 3584MB, range: 512MB, type UC
Mar 16 09:28:36 kashrinivaasan-Inspiron-1545 kernel: [    0.000000] reg 2, base: 3036MB, range: 4MB, type UC
Mar 16 09:28:36 kashrinivaasan-Inspiron-1545 kernel: [    0.000000] reg 3, base: 3040MB, range: 32MB, type UC
Mar 16 09:28:36 kashrinivaasan-Inspiron-1545 kernel: [    0.000000] total RAM covered: 32220M
Mar 16 09:28:36 kashrinivaasan-Inspiron-1545 kernel: [    0.000000]  gran_size: 64K 	chunk_size: 64K 	num_reg: 7  	lose cover RAM: 29188M
Mar 16 09:28:36 kashrinivaasan-Inspiron-1545 kernel: [    0.000000]  gran_size: 64K 	chunk_size: 128K 	num_reg: 7  	lose cover RAM: 29188M
Mar 16 09:28:36 kashrinivaasan-Inspiron-1545 kernel: [    0.000000]  gran_size: 64K 	chunk_size: 256K 	num_reg: 7  	lose cover RAM: 29188M
Mar 16 09:28:36 kashrinivaasan-Inspiron-1545 kernel: [    0.000000]  gran_size: 64K 	chunk_size: 512K 	num_reg: 7  	lose cover RAM: 29188M
Mar 16 09:28:36 kashrinivaasan-Inspiron-1545 kernel: [    0.000000]  gran_size: 64K 	chunk_size: 1M 	num_reg: 7  	lose cover RAM: 29188M
Mar 16 09:28:36 kashrinivaasan-Inspiron-1545 kernel: [    0.000000]  gran_size: 64K 	chunk_size: 2M 	num_reg: 7  	lose cover RAM: 29188M
Mar 16 09:28:36 kashrinivaasan-Inspiron-1545 kernel: [    0.000000]  gran_size: 64K 	chunk_size: 4M 	num_reg: 7  	lose cover RAM: 29188M
Mar 16 09:28:36 kashrinivaasan-Inspiron-1545 kernel: [    0.000000]  gran_size: 64K 	chunk_size: 8M 	num_reg: 7  	lose cover RAM: 29184M
Mar 16 09:28:36 kashrinivaasan-Inspiron-1545 kernel: [    0.000000]  gran_size: 64K 	chunk_size: 16M 	num_reg: 7  	lose cover RAM: 29184M
Mar 16 09:28:36 kashrinivaasan-Inspiron-1545 kernel: [    0.000000]  gran_size: 64K 	chunk_size: 32M 	num_reg: 7  	lose cover RAM: 29184M
Mar 16 09:28:36 kashrinivaasan-Inspiron-1545 kernel: [    0.000000]  gran_size: 64K 	chunk_size: 64M 	num_reg: 7  	lose cover RAM: 16G
Mar 16 09:28:36 kashrinivaasan-Inspiron-1545 kernel: [    0.000000]  gran_size: 64K 	chunk_size: 128M 	num_reg: 7  	lose cover RAM: 16G
Mar 16 09:28:36 kashrinivaasan-Inspiron-1545 kernel: [    0.000000]  gran_size: 64K 	chunk_size: 256M 	num_reg: 7  	lose cover RAM: 16G
Mar 16 09:28:36 kashrinivaasan-Inspiron-1545 kernel: [    0.000000]  gran_size: 64K 	chunk_size: 512M 	num_reg: 7  	lose cover RAM: 16G
Mar 16 09:28:36 kashrinivaasan-Inspiron-1545 kernel: [    0.000000]  gran_size: 64K 	chunk_size: 1G 	num_reg: 7  	lose cover RAM: 16G
Mar 16 09:28:36 kashrinivaasan-Inspiron-1545 kernel: [    0.000000]  gran_size: 64K 	chunk_size: 2G 	num_reg: 7  	lose cover RAM: 29188M
Mar 16 09:28:36 kashrinivaasan-Inspiron-1545 kernel: [    0.000000]  gran_size: 128K 	chunk_size: 128K 	num_reg: 7  	lose cover RAM: 29188M
Mar 16 09:28:36 kashrinivaasan-Inspiron-1545 kernel: [    0.000000]  gran_size: 128K 	chunk_size: 256K 	num_reg: 7  	lose cover RAM: 29188M
Mar 16 09:28:36 kashrinivaasan-Inspiron-1545 kernel: [    0.000000]  gran_size: 128K 	chunk_size: 512K 	num_reg: 7  	lose cover RAM: 29188M
Mar 16 09:28:36 kashrinivaasan-Inspiron-1545 kernel: [    0.000000]  gran_size: 128K 	chunk_size: 1M 	num_reg: 7  	lose cover RAM: 29188M
Mar 16 09:28:36 kashrinivaasan-Inspiron-1545 kernel: [    0.000000]  gran_size: 128K 	chunk_size: 2M 	num_reg: 7  	lose cover RAM: 29188M
Mar 16 09:28:36 kashrinivaasan-Inspiron-1545 kernel: [    0.000000]  gran_size: 128K 	chunk_size: 4M 	num_reg: 7  	lose cover RAM: 29188M
Mar 16 09:28:36 kashrinivaasan-Inspiron-1545 kernel: [    0.000000]  gran_size: 128K 	chunk_size: 8M 	num_reg: 7  	lose cover RAM: 29184M
Mar 16 09:28:36 kashrinivaasan-Inspiron-1545 kernel: [    0.000000]  gran_size: 128K 	chunk_size: 16M 	num_reg: 7  	lose cover RAM: 29184M
Mar 16 09:28:36 kashrinivaasan-Inspiron-1545 kernel: [    0.000000]  gran_size: 128K 	chunk_size: 32M 	num_reg: 7  	lose cover RAM: 29184M
Mar 16 09:28:36 kashrinivaasan-Inspiron-1545 kernel: [    0.000000]  gran_size: 128K 	chunk_size: 64M 	num_reg: 7  	lose cover RAM: 16G
Mar 16 09:28:36 kashrinivaasan-Inspiron-1545 kernel: [    0.000000]  gran_size: 128K 	chunk_size: 128M 	num_reg: 7  	lose cover RAM: 16G
Mar 16 09:28:36 kashrinivaasan-Inspiron-1545 kernel: [    0.000000]  gran_size: 128K 	chunk_size: 256M 	num_reg: 7  	lose cover RAM: 16G
Mar 16 09:28:36 kashrinivaasan-Inspiron-1545 kernel: [    0.000000]  gran_size: 128K 	chunk_size: 512M 	num_reg: 7  	lose cover RAM: 16G
Mar 16 09:28:36 kashrinivaasan-Inspiron-1545 kernel: [    0.000000]  gran_size: 128K 	chunk_size: 1G 	num_reg: 7  	lose cover RAM: 16G
Mar 16 09:28:36 kashrinivaasan-Inspiron-1545 kernel: [    0.000000]  gran_size: 128K 	chunk_size: 2G 	num_reg: 7  	lose cover RAM: 29188M
Mar 16 09:28:36 kashrinivaasan-Inspiron-1545 kernel: [    0.000000]  gran_size: 256K 	chunk_size: 256K 	num_reg: 7  	lose cover RAM: 29188M
Mar 16 09:28:36 kashrinivaasan-Inspiron-1545 kernel: [    0.000000]  gran_size: 256K 	chunk_size: 512K 	num_reg: 7  	lose cover RAM: 29188M
Mar 16 09:28:36 kashrinivaasan-Inspiron-1545 kernel: [    0.000000]  gran_size: 256K 	chunk_size: 1M 	num_reg: 7  	lose cover RAM: 29188M
Mar 16 09:28:36 kashrinivaasan-Inspiron-1545 kernel: [    0.000000]  gran_size: 256K 	chunk_size: 2M 	num_reg: 7  	lose cover RAM: 29188M
Mar 16 09:28:36 kashrinivaasan-Inspiron-1545 kernel: [    0.000000]  gran_size: 256K 	chunk_size: 4M 	num_reg: 7  	lose cover RAM: 29188M
Mar 16 09:28:36 kashrinivaasan-Inspiron-1545 kernel: [    0.000000]  gran_size: 256K 	chunk_size: 8M 	num_reg: 7  	lose cover RAM: 29184M
Mar 16 09:28:36 kashrinivaasan-Inspiron-1545 kernel: [    0.000000]  gran_size: 256K 	chunk_size: 16M 	num_reg: 7  	lose cover RAM: 29184M
Mar 16 09:28:36 kashrinivaasan-Inspiron-1545 kernel: [    0.000000]  gran_size: 256K 	chunk_size: 32M 	num_reg: 7  	lose cover RAM: 29184M
Mar 16 09:28:36 kashrinivaasan-Inspiron-1545 kernel: [    0.000000]  gran_size: 256K 	chunk_size: 64M 	num_reg: 7  	lose cover RAM: 16G
Mar 16 09:28:36 kashrinivaasan-Inspiron-1545 kernel: [    0.000000]  gran_size: 256K 	chunk_size: 128M 	num_reg: 7  	lose cover RAM: 16G
Mar 16 09:28:36 kashrinivaasan-Inspiron-1545 kernel: [    0.000000]  gran_size: 256K 	chunk_size: 256M 	num_reg: 7  	lose cover RAM: 16G
Mar 16 09:28:36 kashrinivaasan-Inspiron-1545 kernel: [    0.000000]  gran_size: 256K 	chunk_size: 512M 	num_reg: 7  	lose cover RAM: 16G
Mar 16 09:28:36 kashrinivaasan-Inspiron-1545 kernel: [    0.000000]  gran_size: 256K 	chunk_size: 1G 	num_reg: 7  	lose cover RAM: 16G
Mar 16 09:28:36 kashrinivaasan-Inspiron-1545 kernel: [    0.000000]  gran_size: 256K 	chunk_size: 2G 	num_reg: 7  	lose cover RAM: 29188M
Mar 16 09:28:36 kashrinivaasan-Inspiron-1545 kernel: [    0.000000]  gran_size: 512K 	chunk_size: 512K 	num_reg: 7  	lose cover RAM: 29188M
Mar 16 09:28:36 kashrinivaasan-Inspiron-1545 kernel: [    0.000000]  gran_size: 512K 	chunk_size: 1M 	num_reg: 7  	lose cover RAM: 29188M
Mar 16 09:28:36 kashrinivaasan-Inspiron-1545 kernel: [    0.000000]  gran_size: 512K 	chunk_size: 2M 	num_reg: 7  	lose cover RAM: 29188M
Mar 16 09:28:36 kashrinivaasan-Inspiron-1545 kernel: [    0.000000]  gran_size: 512K 	chunk_size: 4M 	num_reg: 7  	lose cover RAM: 29188M
Mar 16 09:28:36 kashrinivaasan-Inspiron-1545 kernel: [    0.000000]  gran_size: 512K 	chunk_size: 8M 	num_reg: 7  	lose cover RAM: 29184M
Mar 16 09:28:36 kashrinivaasan-Inspiron-1545 kernel: [    0.000000]  gran_size: 512K 	chunk_size: 16M 	num_reg: 7  	lose cover RAM: 29184M
Mar 16 09:28:36 kashrinivaasan-Inspiron-1545 kernel: [    0.000000]  gran_size: 512K 	chunk_size: 32M 	num_reg: 7  	lose cover RAM: 29184M
Mar 16 09:28:36 kashrinivaasan-Inspiron-1545 kernel: [    0.000000]  gran_size: 512K 	chunk_size: 64M 	num_reg: 7  	lose cover RAM: 16G
Mar 16 09:28:36 kashrinivaasan-Inspiron-1545 kernel: [    0.000000]  gran_size: 512K 	chunk_size: 128M 	num_reg: 7  	lose cover RAM: 16G
Mar 16 09:28:36 kashrinivaasan-Inspiron-1545 kernel: [    0.000000]  gran_size: 512K 	chunk_size: 256M 	num_reg: 7  	lose cover RAM: 16G
Mar 16 09:28:36 kashrinivaasan-Inspiron-1545 kernel: [    0.000000]  gran_size: 512K 	chunk_size: 512M 	num_reg: 7  	lose cover RAM: 16G
Mar 16 09:28:36 kashrinivaasan-Inspiron-1545 kernel: [    0.000000]  gran_size: 512K 	chunk_size: 1G 	num_reg: 7  	lose cover RAM: 16G
Mar 16 09:28:36 kashrinivaasan-Inspiron-1545 kernel: [    0.000000]  gran_size: 512K 	chunk_size: 2G 	num_reg: 7  	lose cover RAM: 29188M
Mar 16 09:28:36 kashrinivaasan-Inspiron-1545 kernel: [    0.000000]  gran_size: 1M 	chunk_size: 1M 	num_reg: 7  	lose cover RAM: 29188M
Mar 16 09:28:36 kashrinivaasan-Inspiron-1545 kernel: [    0.000000]  gran_size: 1M 	chunk_size: 2M 	num_reg: 7  	lose cover RAM: 29188M
Mar 16 09:28:36 kashrinivaasan-Inspiron-1545 kernel: [    0.000000]  gran_size: 1M 	chunk_size: 4M 	num_reg: 7  	lose cover RAM: 29188M
Mar 16 09:28:36 kashrinivaasan-Inspiron-1545 kernel: [    0.000000]  gran_size: 1M 	chunk_size: 8M 	num_reg: 7  	lose cover RAM: 29184M
Mar 16 09:28:36 kashrinivaasan-Inspiron-1545 kernel: [    0.000000]  gran_size: 1M 	chunk_size: 16M 	num_reg: 7  	lose cover RAM: 29184M
Mar 16 09:28:36 kashrinivaasan-Inspiron-1545 kernel: [    0.000000]  gran_size: 1M 	chunk_size: 32M 	num_reg: 7  	lose cover RAM: 29184M
Mar 16 09:28:36 kashrinivaasan-Inspiron-1545 kernel: [    0.000000]  gran_size: 1M 	chunk_size: 64M 	num_reg: 7  	lose cover RAM: 16G
Mar 16 09:28:36 kashrinivaasan-Inspiron-1545 kernel: [    0.000000]  gran_size: 1M 	chunk_size: 128M 	num_reg: 7  	lose cover RAM: 16G
Mar 16 09:28:36 kashrinivaasan-Inspiron-1545 kernel: [    0.000000]  gran_size: 1M 	chunk_size: 256M 	num_reg: 7  	lose cover RAM: 16G
Mar 16 09:28:36 kashrinivaasan-Inspiron-1545 kernel: [    0.000000]  gran_size: 1M 	chunk_size: 512M 	num_reg: 7  	lose cover RAM: 16G
Mar 16 09:28:36 kashrinivaasan-Inspiron-1545 kernel: [    0.000000]  gran_size: 1M 	chunk_size: 1G 	num_reg: 7  	lose cover RAM: 16G
Mar 16 09:28:36 kashrinivaasan-Inspiron-1545 kernel: [    0.000000]  gran_size: 1M 	chunk_size: 2G 	num_reg: 7  	lose cover RAM: 29188M
Mar 16 09:28:36 kashrinivaasan-Inspiron-1545 kernel: [    0.000000]  gran_size: 2M 	chunk_size: 2M 	num_reg: 7  	lose cover RAM: 29188M
Mar 16 09:28:36 kashrinivaasan-Inspiron-1545 kernel: [    0.000000]  gran_size: 2M 	chunk_size: 4M 	num_reg: 7  	lose cover RAM: 29188M
Mar 16 09:28:36 kashrinivaasan-Inspiron-1545 kernel: [    0.000000]  gran_size: 2M 	chunk_size: 8M 	num_reg: 7  	lose cover RAM: 29184M
Mar 16 09:28:36 kashrinivaasan-Inspiron-1545 kernel: [    0.000000]  gran_size: 2M 	chunk_size: 16M 	num_reg: 7  	lose cover RAM: 29184M
Mar 16 09:28:36 kashrinivaasan-Inspiron-1545 kernel: [    0.000000]  gran_size: 2M 	chunk_size: 32M 	num_reg: 7  	lose cover RAM: 29184M
Mar 16 09:28:36 kashrinivaasan-Inspiron-1545 kernel: [    0.000000]  gran_size: 2M 	chunk_size: 64M 	num_reg: 7  	lose cover RAM: 16G
Mar 16 09:28:36 kashrinivaasan-Inspiron-1545 kernel: [    0.000000]  gran_size: 2M 	chunk_size: 128M 	num_reg: 7  	lose cover RAM: 16G
Mar 16 09:28:36 kashrinivaasan-Inspiron-1545 kernel: [    0.000000]  gran_size: 2M 	chunk_size: 256M 	num_reg: 7  	lose cover RAM: 16G
Mar 16 09:28:36 kashrinivaasan-Inspiron-1545 kernel: [    0.000000]  gran_size: 2M 	chunk_size: 512M 	num_reg: 7  	lose cover RAM: 16G
Mar 16 09:28:36 kashrinivaasan-Inspiron-1545 kernel: [    0.000000]  gran_size: 2M 	chunk_size: 1G 	num_reg: 7  	lose cover RAM: 16G
Mar 16 09:28:36 kashrinivaasan-Inspiron-1545 kernel: [    0.000000]  gran_size: 2M 	chunk_size: 2G 	num_reg: 7  	lose cover RAM: 29188M
Mar 16 09:28:36 kashrinivaasan-Inspiron-1545 kernel: [    0.000000]  gran_size: 4M 	chunk_size: 4M 	num_reg: 7  	lose cover RAM: 29188M
Mar 16 09:28:36 kashrinivaasan-Inspiron-1545 kernel: [    0.000000]  gran_size: 4M 	chunk_size: 8M 	num_reg: 7  	lose cover RAM: 29184M
Mar 16 09:28:36 kashrinivaasan-Inspiron-1545 kernel: [    0.000000]  gran_size: 4M 	chunk_size: 16M 	num_reg: 7  	lose cover RAM: 29184M
Mar 16 09:28:36 kashrinivaasan-Inspiron-1545 kernel: [    0.000000]  gran_size: 4M 	chunk_size: 32M 	num_reg: 7  	lose cover RAM: 29184M
Mar 16 09:28:36 kashrinivaasan-Inspiron-1545 kernel: [    0.000000]  gran_size: 4M 	chunk_size: 64M 	num_reg: 7  	lose cover RAM: 16G
Mar 16 09:28:36 kashrinivaasan-Inspiron-1545 kernel: [    0.000000]  gran_size: 4M 	chunk_size: 128M 	num_reg: 7  	lose cover RAM: 16G
Mar 16 09:28:36 kashrinivaasan-Inspiron-1545 kernel: [    0.000000]  gran_size: 4M 	chunk_size: 256M 	num_reg: 7  	lose cover RAM: 16G
Mar 16 09:28:36 kashrinivaasan-Inspiron-1545 kernel: [    0.000000]  gran_size: 4M 	chunk_size: 512M 	num_reg: 7  	lose cover RAM: 16G
Mar 16 09:28:36 kashrinivaasan-Inspiron-1545 kernel: [    0.000000]  gran_size: 4M 	chunk_size: 1G 	num_reg: 7  	lose cover RAM: 16G
Mar 16 09:28:36 kashrinivaasan-Inspiron-1545 kernel: [    0.000000]  gran_size: 4M 	chunk_size: 2G 	num_reg: 7  	lose cover RAM: 29188M
Mar 16 09:28:36 kashrinivaasan-Inspiron-1545 kernel: [    0.000000]  gran_size: 8M 	chunk_size: 8M 	num_reg: 7  	lose cover RAM: 29188M
Mar 16 09:28:36 kashrinivaasan-Inspiron-1545 kernel: [    0.000000]  gran_size: 8M 	chunk_size: 16M 	num_reg: 7  	lose cover RAM: 29188M
Mar 16 09:28:36 kashrinivaasan-Inspiron-1545 kernel: [    0.000000]  gran_size: 8M 	chunk_size: 32M 	num_reg: 7  	lose cover RAM: 29188M
Mar 16 09:28:36 kashrinivaasan-Inspiron-1545 kernel: [    0.000000]  gran_size: 8M 	chunk_size: 64M 	num_reg: 7  	lose cover RAM: 16388M
Mar 16 09:28:36 kashrinivaasan-Inspiron-1545 kernel: [    0.000000]  gran_size: 8M 	chunk_size: 128M 	num_reg: 7  	lose cover RAM: 16388M
Mar 16 09:28:36 kashrinivaasan-Inspiron-1545 kernel: [    0.000000]  gran_size: 8M 	chunk_size: 256M 	num_reg: 7  	lose cover RAM: 16388M
Mar 16 09:28:36 kashrinivaasan-Inspiron-1545 kernel: [    0.000000]  gran_size: 8M 	chunk_size: 512M 	num_reg: 7  	lose cover RAM: 16388M
Mar 16 09:28:36 kashrinivaasan-Inspiron-1545 kernel: [    0.000000]  gran_size: 8M 	chunk_size: 1G 	num_reg: 7  	lose cover RAM: 16388M
Mar 16 09:28:36 kashrinivaasan-Inspiron-1545 kernel: [    0.000000]  gran_size: 8M 	chunk_size: 2G 	num_reg: 7  	lose cover RAM: 29188M
Mar 16 09:28:36 kashrinivaasan-Inspiron-1545 kernel: [    0.000000]  gran_size: 16M 	chunk_size: 16M 	num_reg: 7  	lose cover RAM: 28684M
Mar 16 09:28:36 kashrinivaasan-Inspiron-1545 kernel: [    0.000000]  gran_size: 16M 	chunk_size: 32M 	num_reg: 7  	lose cover RAM: 29196M
Mar 16 09:28:36 kashrinivaasan-Inspiron-1545 kernel: [    0.000000]  gran_size: 16M 	chunk_size: 64M 	num_reg: 7  	lose cover RAM: 16396M
Mar 16 09:28:36 kashrinivaasan-Inspiron-1545 kernel: [    0.000000]  gran_size: 16M 	chunk_size: 128M 	num_reg: 7  	lose cover RAM: 16396M
Mar 16 09:28:36 kashrinivaasan-Inspiron-1545 kernel: [    0.000000]  gran_size: 16M 	chunk_size: 256M 	num_reg: 7  	lose cover RAM: 16396M
Mar 16 09:28:36 kashrinivaasan-Inspiron-1545 kernel: [    0.000000]  gran_size: 16M 	chunk_size: 512M 	num_reg: 7  	lose cover RAM: 16396M
Mar 16 09:28:36 kashrinivaasan-Inspiron-1545 kernel: [    0.000000]  gran_size: 16M 	chunk_size: 1G 	num_reg: 7  	lose cover RAM: 16396M
Mar 16 09:28:36 kashrinivaasan-Inspiron-1545 kernel: [    0.000000]  gran_size: 16M 	chunk_size: 2G 	num_reg: 7  	lose cover RAM: 28172M
Mar 16 09:28:36 kashrinivaasan-Inspiron-1545 kernel: [    0.000000]  gran_size: 32M 	chunk_size: 32M 	num_reg: 7  	lose cover RAM: 24604M
Mar 16 09:28:36 kashrinivaasan-Inspiron-1545 kernel: [    0.000000]  gran_size: 32M 	chunk_size: 64M 	num_reg: 7  	lose cover RAM: 24604M
Mar 16 09:28:36 kashrinivaasan-Inspiron-1545 kernel: [    0.000000]  gran_size: 32M 	chunk_size: 128M 	num_reg: 7  	lose cover RAM: 28M
Mar 16 09:28:36 kashrinivaasan-Inspiron-1545 kernel: [    0.000000]  gran_size: 32M 	chunk_size: 256M 	num_reg: 7  	lose cover RAM: 28M
Mar 16 09:28:36 kashrinivaasan-Inspiron-1545 kernel: [    0.000000]  gran_size: 32M 	chunk_size: 512M 	num_reg: 7  	lose cover RAM: 28M
Mar 16 09:28:36 kashrinivaasan-Inspiron-1545 kernel: [    0.000000]  gran_size: 32M 	chunk_size: 1G 	num_reg: 7  	lose cover RAM: 28M
Mar 16 09:28:36 kashrinivaasan-Inspiron-1545 kernel: [    0.000000]  gran_size: 32M 	chunk_size: 2G 	num_reg: 7  	lose cover RAM: 27164M
Mar 16 09:28:36 kashrinivaasan-Inspiron-1545 kernel: [    0.000000]  gran_size: 64M 	chunk_size: 64M 	num_reg: 7  	lose cover RAM: 24604M
Mar 16 09:28:36 kashrinivaasan-Inspiron-1545 kernel: [    0.000000]  gran_size: 64M 	chunk_size: 128M 	num_reg: 7  	lose cover RAM: 28M
Mar 16 09:28:36 kashrinivaasan-Inspiron-1545 kernel: [    0.000000]  gran_size: 64M 	chunk_size: 256M 	num_reg: 7  	lose cover RAM: 28M
Mar 16 09:28:36 kashrinivaasan-Inspiron-1545 kernel: [    0.000000]  gran_size: 64M 	chunk_size: 512M 	num_reg: 7  	lose cover RAM: 28M
Mar 16 09:28:36 kashrinivaasan-Inspiron-1545 kernel: [    0.000000]  gran_size: 64M 	chunk_size: 1G 	num_reg: 7  	lose cover RAM: 28M
Mar 16 09:28:36 kashrinivaasan-Inspiron-1545 kernel: [    0.000000]  gran_size: 64M 	chunk_size: 2G 	num_reg: 7  	lose cover RAM: 27164M
Mar 16 09:28:36 kashrinivaasan-Inspiron-1545 kernel: [    0.000000]  gran_size: 128M 	chunk_size: 128M 	num_reg: 7  	lose cover RAM: 16476M
Mar 16 09:28:36 kashrinivaasan-Inspiron-1545 kernel: [    0.000000]  gran_size: 128M 	chunk_size: 256M 	num_reg: 7  	lose cover RAM: 92M
Mar 16 09:28:36 kashrinivaasan-Inspiron-1545 kernel: [    0.000000]  gran_size: 128M 	chunk_size: 512M 	num_reg: 7  	lose cover RAM: 92M
Mar 16 09:28:36 kashrinivaasan-Inspiron-1545 kernel: [    0.000000]  gran_size: 128M 	chunk_size: 1G 	num_reg: 7  	lose cover RAM: 92M
Mar 16 09:28:36 kashrinivaasan-Inspiron-1545 kernel: [    0.000000]  gran_size: 128M 	chunk_size: 2G 	num_reg: 7  	lose cover RAM: 27740M
Mar 16 09:28:36 kashrinivaasan-Inspiron-1545 kernel: [    0.000000]  gran_size: 256M 	chunk_size: 256M 	num_reg: 7  	lose cover RAM: 220M
Mar 16 09:28:36 kashrinivaasan-Inspiron-1545 kernel: [    0.000000]  gran_size: 256M 	chunk_size: 512M 	num_reg: 7  	lose cover RAM: 220M
Mar 16 09:28:36 kashrinivaasan-Inspiron-1545 kernel: [    0.000000]  gran_size: 256M 	chunk_size: 1G 	num_reg: 7  	lose cover RAM: 220M
Mar 16 09:28:36 kashrinivaasan-Inspiron-1545 kernel: [    0.000000]  gran_size: 256M 	chunk_size: 2G 	num_reg: 7  	lose cover RAM: 26844M
Mar 16 09:28:36 kashrinivaasan-Inspiron-1545 kernel: [    0.000000]  gran_size: 512M 	chunk_size: 512M 	num_reg: 6  	lose cover RAM: 476M
Mar 16 09:28:36 kashrinivaasan-Inspiron-1545 kernel: [    0.000000]  gran_size: 512M 	chunk_size: 1G 	num_reg: 7  	lose cover RAM: 476M
Mar 16 09:28:36 kashrinivaasan-Inspiron-1545 kernel: [    0.000000]  gran_size: 512M 	chunk_size: 2G 	num_reg: 7  	lose cover RAM: 25052M
Mar 16 09:28:36 kashrinivaasan-Inspiron-1545 kernel: [    0.000000]  gran_size: 1G 	chunk_size: 1G 	num_reg: 4  	lose cover RAM: 1500M
Mar 16 09:28:36 kashrinivaasan-Inspiron-1545 kernel: [    0.000000]  gran_size: 1G 	chunk_size: 2G 	num_reg: 4  	lose cover RAM: 1500M
Mar 16 09:28:36 kashrinivaasan-Inspiron-1545 kernel: [    0.000000]  gran_size: 2G 	chunk_size: 2G 	num_reg: 4  	lose cover RAM: 1500M
Mar 16 09:28:36 kashrinivaasan-Inspiron-1545 kernel: [    0.000000] mtrr_cleanup: can not find optimal value
Mar 16 09:28:36 kashrinivaasan-Inspiron-1545 kernel: [    0.000000] please specify mtrr_gran_size/mtrr_chunk_size
Mar 16 09:28:36 kashrinivaasan-Inspiron-1545 kernel: [    0.000000] e820: update [mem 0xbdc00000-0xbfffffff] usable ==> reserved
Mar 16 09:28:36 kashrinivaasan-Inspiron-1545 kernel: [    0.000000] e820: update [mem 0xe0000000-0xffffffff] usable ==> reserved
Mar 16 09:28:36 kashrinivaasan-Inspiron-1545 kernel: [    0.000000] initial memory mapped: [mem 0x00000000-0x01ffffff]
Mar 16 09:28:36 kashrinivaasan-Inspiron-1545 kernel: [    0.000000] Base memory trampoline at [c009b000] 9b000 size 16384
Mar 16 09:28:36 kashrinivaasan-Inspiron-1545 kernel: [    0.000000] init_memory_mapping: [mem 0x00000000-0x37bfdfff]
Mar 16 09:28:36 kashrinivaasan-Inspiron-1545 kernel: [    0.000000]  [mem 0x00000000-0x001fffff] page 4k
Mar 16 09:28:36 kashrinivaasan-Inspiron-1545 kernel: [    0.000000]  [mem 0x00200000-0x379fffff] page 2M
Mar 16 09:28:36 kashrinivaasan-Inspiron-1545 kernel: [    0.000000]  [mem 0x37a00000-0x37bfdfff] page 4k
Mar 16 09:28:36 kashrinivaasan-Inspiron-1545 kernel: [    0.000000] kernel direct mapping tables up to 0x37bfdfff @ [mem 0x01ffa000-0x01ffffff]
Mar 16 09:28:36 kashrinivaasan-Inspiron-1545 kernel: [    0.000000] RAMDISK: [mem 0x35972000-0x36cb0fff]
Mar 16 09:28:36 kashrinivaasan-Inspiron-1545 kernel: [    0.000000] ACPI: RSDP 000fbdd0 00024 (v02 DELL  )
Mar 16 09:28:36 kashrinivaasan-Inspiron-1545 kernel: [    0.000000] ACPI: XSDT bdac3e00 00054 (v01 DELL    WN09    27D90C07 ASL  00000061)
Mar 16 09:28:36 kashrinivaasan-Inspiron-1545 kernel: [    0.000000] ACPI: FACP bdac3c9c 000F4 (v04 DELL    WN09    27D90C07 ASL  00000061)
Mar 16 09:28:36 kashrinivaasan-Inspiron-1545 kernel: [    0.000000] ACPI: DSDT bdac4400 05451 (v02 INT430 SYSFexxx 00001001 INTL 20050624)
Mar 16 09:28:36 kashrinivaasan-Inspiron-1545 kernel: [    0.000000] ACPI: FACS bdad2c00 00040
Mar 16 09:28:36 kashrinivaasan-Inspiron-1545 kernel: [    0.000000] ACPI: HPET bdac3f00 00038 (v01 DELL    WN09    00000001 ASL  00000061)
Mar 16 09:28:36 kashrinivaasan-Inspiron-1545 kernel: [    0.000000] ACPI: APIC bdac4000 00068 (v01 DELL    WN09    27D90C07 ASL  00000047)
Mar 16 09:28:36 kashrinivaasan-Inspiron-1545 kernel: [    0.000000] ACPI: MCFG bdac3fc0 0003E (v16 DELL    WN09    27D90C07 ASL  00000061)
Mar 16 09:28:36 kashrinivaasan-Inspiron-1545 kernel: [    0.000000] ACPI: SLIC bdac409c 00176 (v01 DELL    WN09    27D90C07 ASL  00000061)
Mar 16 09:28:36 kashrinivaasan-Inspiron-1545 kernel: [    0.000000] ACPI: SSDT bdac2363 0066C (v01  PmRef    CpuPm 00003000 INTL 20050624)
Mar 16 09:28:36 kashrinivaasan-Inspiron-1545 kernel: [    0.000000] ACPI: Local APIC address 0xfee00000
Mar 16 09:28:36 kashrinivaasan-Inspiron-1545 kernel: [    0.000000] 2140MB HIGHMEM available.
Mar 16 09:28:36 kashrinivaasan-Inspiron-1545 kernel: [    0.000000] 891MB LOWMEM available.
Mar 16 09:28:36 kashrinivaasan-Inspiron-1545 kernel: [    0.000000]   mapped low ram: 0 - 37bfe000
Mar 16 09:28:36 kashrinivaasan-Inspiron-1545 kernel: [    0.000000]   low ram: 0 - 37bfe000
Mar 16 09:28:36 kashrinivaasan-Inspiron-1545 kernel: [    0.000000] Zone ranges:
Mar 16 09:28:36 kashrinivaasan-Inspiron-1545 kernel: [    0.000000]   DMA      [mem 0x00010000-0x00ffffff]
Mar 16 09:28:36 kashrinivaasan-Inspiron-1545 kernel: [    0.000000]   Normal   [mem 0x01000000-0x37bfdfff]
Mar 16 09:28:36 kashrinivaasan-Inspiron-1545 kernel: [    0.000000]   HighMem  [mem 0x37bfe000-0xbd8befff]
Mar 16 09:28:36 kashrinivaasan-Inspiron-1545 kernel: [    0.000000] Movable zone start for each node
Mar 16 09:28:36 kashrinivaasan-Inspiron-1545 kernel: [    0.000000] Early memory node ranges
Mar 16 09:28:36 kashrinivaasan-Inspiron-1545 kernel: [    0.000000]   node   0: [mem 0x00010000-0x0009efff]
Mar 16 09:28:36 kashrinivaasan-Inspiron-1545 kernel: [    0.000000]   node   0: [mem 0x00100000-0xbd8befff]
Mar 16 09:28:36 kashrinivaasan-Inspiron-1545 kernel: [    0.000000] On node 0 totalpages: 776270
Mar 16 09:28:36 kashrinivaasan-Inspiron-1545 kernel: [    0.000000] free_area_init_node: node 0, pgdat c18d32c0, node_mem_map f41ba200
Mar 16 09:28:36 kashrinivaasan-Inspiron-1545 kernel: [    0.000000]   DMA zone: 32 pages used for memmap
Mar 16 09:28:36 kashrinivaasan-Inspiron-1545 kernel: [    0.000000]   DMA zone: 0 pages reserved
Mar 16 09:28:36 kashrinivaasan-Inspiron-1545 kernel: [    0.000000]   DMA zone: 3951 pages, LIFO batch:0
Mar 16 09:28:36 kashrinivaasan-Inspiron-1545 kernel: [    0.000000]   Normal zone: 1752 pages used for memmap
Mar 16 09:28:36 kashrinivaasan-Inspiron-1545 kernel: [    0.000000]   Normal zone: 222502 pages, LIFO batch:31
Mar 16 09:28:36 kashrinivaasan-Inspiron-1545 kernel: [    0.000000]   HighMem zone: 4282 pages used for memmap
Mar 16 09:28:36 kashrinivaasan-Inspiron-1545 kernel: [    0.000000]   HighMem zone: 543751 pages, LIFO batch:31
Mar 16 09:28:36 kashrinivaasan-Inspiron-1545 kernel: [    0.000000] Using APIC driver default
Mar 16 09:28:36 kashrinivaasan-Inspiron-1545 kernel: [    0.000000] ACPI: PM-Timer IO Port: 0x1008
Mar 16 09:28:36 kashrinivaasan-Inspiron-1545 kernel: [    0.000000] ACPI: Local APIC address 0xfee00000
Mar 16 09:28:36 kashrinivaasan-Inspiron-1545 kernel: [    0.000000] ACPI: LAPIC (acpi_id[0x00] lapic_id[0x00] enabled)
Mar 16 09:28:36 kashrinivaasan-Inspiron-1545 kernel: [    0.000000] ACPI: LAPIC (acpi_id[0x01] lapic_id[0x01] enabled)
Mar 16 09:28:36 kashrinivaasan-Inspiron-1545 kernel: [    0.000000] ACPI: LAPIC_NMI (acpi_id[0x00] high edge lint[0x1])
Mar 16 09:28:36 kashrinivaasan-Inspiron-1545 kernel: [    0.000000] ACPI: LAPIC_NMI (acpi_id[0x01] high edge lint[0x1])
Mar 16 09:28:36 kashrinivaasan-Inspiron-1545 kernel: [    0.000000] ACPI: IOAPIC (id[0x02] address[0xfec00000] gsi_base[0])
Mar 16 09:28:36 kashrinivaasan-Inspiron-1545 kernel: [    0.000000] IOAPIC[0]: apic_id 2, version 32, address 0xfec00000, GSI 0-23
Mar 16 09:28:36 kashrinivaasan-Inspiron-1545 kernel: [    0.000000] ACPI: INT_SRC_OVR (bus 0 bus_irq 0 global_irq 2 dfl dfl)
Mar 16 09:28:36 kashrinivaasan-Inspiron-1545 kernel: [    0.000000] ACPI: INT_SRC_OVR (bus 0 bus_irq 9 global_irq 9 high level)
Mar 16 09:28:36 kashrinivaasan-Inspiron-1545 kernel: [    0.000000] ACPI: IRQ0 used by override.
Mar 16 09:28:36 kashrinivaasan-Inspiron-1545 kernel: [    0.000000] ACPI: IRQ2 used by override.
Mar 16 09:28:36 kashrinivaasan-Inspiron-1545 kernel: [    0.000000] ACPI: IRQ9 used by override.
Mar 16 09:28:36 kashrinivaasan-Inspiron-1545 kernel: [    0.000000] Using ACPI (MADT) for SMP configuration information
Mar 16 09:28:36 kashrinivaasan-Inspiron-1545 kernel: [    0.000000] ACPI: HPET id: 0x8086a201 base: 0xfed00000
Mar 16 09:28:36 kashrinivaasan-Inspiron-1545 kernel: [    0.000000] smpboot: Allowing 2 CPUs, 0 hotplug CPUs
Mar 16 09:28:36 kashrinivaasan-Inspiron-1545 kernel: [    0.000000] nr_irqs_gsi: 40
Mar 16 09:28:36 kashrinivaasan-Inspiron-1545 kernel: [    0.000000] PM: Registered nosave memory: 000000000009f000 - 00000000000a0000
Mar 16 09:28:36 kashrinivaasan-Inspiron-1545 kernel: [    0.000000] PM: Registered nosave memory: 00000000000a0000 - 0000000000100000
Mar 16 09:28:36 kashrinivaasan-Inspiron-1545 kernel: [    0.000000] e820: [mem 0xc0000000-0xf7ffffff] available for PCI devices
Mar 16 09:28:36 kashrinivaasan-Inspiron-1545 kernel: [    0.000000] Booting paravirtualized kernel on bare hardware
Mar 16 09:28:36 kashrinivaasan-Inspiron-1545 kernel: [    0.000000] setup_percpu: NR_CPUS:8 nr_cpumask_bits:8 nr_cpu_ids:2 nr_node_ids:1
Mar 16 09:28:36 kashrinivaasan-Inspiron-1545 kernel: [    0.000000] PERCPU: Embedded 14 pages/cpu @f7bcf000 s34944 r0 d22400 u57344
Mar 16 09:28:36 kashrinivaasan-Inspiron-1545 kernel: [    0.000000] pcpu-alloc: s34944 r0 d22400 u57344 alloc=14*4096
Mar 16 09:28:36 kashrinivaasan-Inspiron-1545 kernel: [    0.000000] pcpu-alloc: [0] 0 [0] 1 
Mar 16 09:28:36 kashrinivaasan-Inspiron-1545 kernel: [    0.000000] Built 1 zonelists in Zone order, mobility grouping on.  Total pages: 770204
Mar 16 09:28:36 kashrinivaasan-Inspiron-1545 kernel: [    0.000000] Kernel command line: BOOT_IMAGE=/boot/vmlinuz-3.7.8 root=UUID=0fc4d8a2-1c74-42b8-8099-9ef78d8c8ea2 ro quiet splash vt.handoff=7
Mar 16 09:28:36 kashrinivaasan-Inspiron-1545 kernel: [    0.000000] PID hash table entries: 4096 (order: 2, 16384 bytes)
Mar 16 09:28:36 kashrinivaasan-Inspiron-1545 kernel: [    0.000000] Dentry cache hash table entries: 131072 (order: 7, 524288 bytes)
Mar 16 09:28:36 kashrinivaasan-Inspiron-1545 kernel: [    0.000000] Inode-cache hash table entries: 65536 (order: 6, 262144 bytes)
Mar 16 09:28:36 kashrinivaasan-Inspiron-1545 kernel: [    0.000000] __ex_table already sorted, skipping sort
Mar 16 09:28:36 kashrinivaasan-Inspiron-1545 kernel: [    0.000000] Initializing CPU#0
Mar 16 09:28:36 kashrinivaasan-Inspiron-1545 kernel: [    0.000000] xsave: enabled xstate_bv 0x3, cntxt size 0x240
Mar 16 09:28:36 kashrinivaasan-Inspiron-1545 kernel: [    0.000000] allocated 6210936 bytes of page_cgroup
Mar 16 09:28:36 kashrinivaasan-Inspiron-1545 kernel: [    0.000000] please try 'cgroup_disable=memory' option if you don't want memory cgroups
Mar 16 09:28:36 kashrinivaasan-Inspiron-1545 kernel: [    0.000000] Initializing HighMem for node 0 (00037bfe:000bd8bf)
Mar 16 09:28:36 kashrinivaasan-Inspiron-1545 kernel: [    0.000000] Memory: 3043132k/3105532k available (6105k kernel code, 61948k reserved, 2978k data, 788k init, 2192132k highmem)
Mar 16 09:28:36 kashrinivaasan-Inspiron-1545 kernel: [    0.000000] virtual kernel memory layout:
Mar 16 09:28:36 kashrinivaasan-Inspiron-1545 kernel: [    0.000000]     fixmap  : 0xfff15000 - 0xfffff000   ( 936 kB)
Mar 16 09:28:36 kashrinivaasan-Inspiron-1545 kernel: [    0.000000]     pkmap   : 0xffc00000 - 0xffe00000   (2048 kB)
Mar 16 09:28:36 kashrinivaasan-Inspiron-1545 kernel: [    0.000000]     vmalloc : 0xf83fe000 - 0xffbfe000   ( 120 MB)
Mar 16 09:28:36 kashrinivaasan-Inspiron-1545 kernel: [    0.000000]     lowmem  : 0xc0000000 - 0xf7bfe000   ( 891 MB)
Mar 16 09:28:36 kashrinivaasan-Inspiron-1545 kernel: [    0.000000]       .init : 0xc18df000 - 0xc19a4000   ( 788 kB)
Mar 16 09:28:36 kashrinivaasan-Inspiron-1545 kernel: [    0.000000]       .data : 0xc15f6719 - 0xc18def80   (2978 kB)
Mar 16 09:28:36 kashrinivaasan-Inspiron-1545 kernel: [    0.000000]       .text : 0xc1000000 - 0xc15f6719   (6105 kB)
Mar 16 09:28:36 kashrinivaasan-Inspiron-1545 kernel: [    0.000000] Checking if this processor honours the WP bit even in supervisor mode...Ok.
Mar 16 09:28:36 kashrinivaasan-Inspiron-1545 kernel: [    0.000000] SLUB: Genslabs=15, HWalign=64, Order=0-3, MinObjects=0, CPUs=2, Nodes=1
Mar 16 09:28:36 kashrinivaasan-Inspiron-1545 kernel: [    0.000000] Hierarchical RCU implementation.
Mar 16 09:28:36 kashrinivaasan-Inspiron-1545 kernel: [    0.000000] 	RCU dyntick-idle grace-period acceleration is enabled.
Mar 16 09:28:36 kashrinivaasan-Inspiron-1545 kernel: [    0.000000] 	RCU restricting CPUs from NR_CPUS=8 to nr_cpu_ids=2.
Mar 16 09:28:36 kashrinivaasan-Inspiron-1545 kernel: [    0.000000] NR_IRQS:2304 nr_irqs:512 16
Mar 16 09:28:36 kashrinivaasan-Inspiron-1545 kernel: [    0.000000] CPU 0 irqstacks, hard=f7008000 soft=f700a000
Mar 16 09:28:36 kashrinivaasan-Inspiron-1545 kernel: [    0.000000] Extended CMOS year: 2000
Mar 16 09:28:36 kashrinivaasan-Inspiron-1545 kernel: [    0.000000] Console: colour dummy device 80x25
Mar 16 09:28:36 kashrinivaasan-Inspiron-1545 kernel: [    0.000000] console [tty0] enabled
Mar 16 09:28:36 kashrinivaasan-Inspiron-1545 kernel: [    0.000000] hpet clockevent registered
Mar 16 09:28:36 kashrinivaasan-Inspiron-1545 kernel: [    0.000000] tsc: Fast TSC calibration using PIT
Mar 16 09:28:36 kashrinivaasan-Inspiron-1545 kernel: [    0.000000] tsc: Detected 1994.961 MHz processor
Mar 16 09:28:36 kashrinivaasan-Inspiron-1545 kernel: [    0.004001] Calibrating delay loop (skipped), value calculated using timer frequency.. 3989.92 BogoMIPS (lpj=7979844)
Mar 16 09:28:36 kashrinivaasan-Inspiron-1545 kernel: [    0.004005] pid_max: default: 32768 minimum: 301
Mar 16 09:28:36 kashrinivaasan-Inspiron-1545 kernel: [    0.004038] Security Framework initialized
Mar 16 09:28:36 kashrinivaasan-Inspiron-1545 kernel: [    0.004046] AppArmor: AppArmor initialized
Mar 16 09:28:36 kashrinivaasan-Inspiron-1545 kernel: [    0.004047] Yama: becoming mindful.
Mar 16 09:28:36 kashrinivaasan-Inspiron-1545 kernel: [    0.004099] Mount-cache hash table entries: 512
Mar 16 09:28:36 kashrinivaasan-Inspiron-1545 kernel: [    0.004355] Initializing cgroup subsys cpuacct
Mar 16 09:28:36 kashrinivaasan-Inspiron-1545 kernel: [    0.004358] Initializing cgroup subsys memory
Mar 16 09:28:36 kashrinivaasan-Inspiron-1545 kernel: [    0.004365] Initializing cgroup subsys devices
Mar 16 09:28:36 kashrinivaasan-Inspiron-1545 kernel: [    0.004368] Initializing cgroup subsys freezer
Mar 16 09:28:36 kashrinivaasan-Inspiron-1545 kernel: [    0.004370] Initializing cgroup subsys blkio
Mar 16 09:28:36 kashrinivaasan-Inspiron-1545 kernel: [    0.004372] Initializing cgroup subsys perf_event
Mar 16 09:28:36 kashrinivaasan-Inspiron-1545 kernel: [    0.004375] Initializing cgroup subsys hugetlb
Mar 16 09:28:36 kashrinivaasan-Inspiron-1545 kernel: [    0.004406] CPU: Physical Processor ID: 0
Mar 16 09:28:36 kashrinivaasan-Inspiron-1545 kernel: [    0.004408] CPU: Processor Core ID: 0
Mar 16 09:28:36 kashrinivaasan-Inspiron-1545 kernel: [    0.004410] mce: CPU supports 6 MCE banks
Mar 16 09:28:36 kashrinivaasan-Inspiron-1545 kernel: [    0.004418] CPU0: Thermal monitoring enabled (TM2)
Mar 16 09:28:36 kashrinivaasan-Inspiron-1545 kernel: [    0.004421] process: using mwait in idle threads
Mar 16 09:28:36 kashrinivaasan-Inspiron-1545 kernel: [    0.004430] Last level iTLB entries: 4KB 128, 2MB 4, 4MB 4
Mar 16 09:28:36 kashrinivaasan-Inspiron-1545 kernel: [    0.004430] Last level dTLB entries: 4KB 256, 2MB 0, 4MB 32
Mar 16 09:28:36 kashrinivaasan-Inspiron-1545 kernel: [    0.004430] tlb_flushall_shift: -1
Mar 16 09:28:36 kashrinivaasan-Inspiron-1545 kernel: [    0.004733] Freeing SMP alternatives: 24k freed
Mar 16 09:28:36 kashrinivaasan-Inspiron-1545 kernel: [    0.009530] ACPI: Core revision 20120913
Mar 16 09:28:36 kashrinivaasan-Inspiron-1545 kernel: [    0.016012] ftrace: allocating 24997 entries in 49 pages
Mar 16 09:28:36 kashrinivaasan-Inspiron-1545 kernel: [    0.028069] Enabling APIC mode:  Flat.  Using 1 I/O APICs
Mar 16 09:28:36 kashrinivaasan-Inspiron-1545 kernel: [    0.028524] ..TIMER: vector=0x30 apic1=0 pin1=2 apic2=-1 pin2=-1
Mar 16 09:28:36 kashrinivaasan-Inspiron-1545 kernel: [    0.070672] smpboot: CPU0: Intel(R) Core(TM)2 Duo CPU     T6400  @ 2.00GHz (fam: 06, model: 17, stepping: 0a)
Mar 16 09:28:36 kashrinivaasan-Inspiron-1545 kernel: [    0.072000] Performance Events: PEBS fmt0+, 4-deep LBR, Core2 events, Intel PMU driver.
Mar 16 09:28:36 kashrinivaasan-Inspiron-1545 kernel: [    0.072000] ... version:                2
Mar 16 09:28:36 kashrinivaasan-Inspiron-1545 kernel: [    0.072000] ... bit width:              40
Mar 16 09:28:36 kashrinivaasan-Inspiron-1545 kernel: [    0.072000] ... generic registers:      2
Mar 16 09:28:36 kashrinivaasan-Inspiron-1545 kernel: [    0.072000] ... value mask:             000000ffffffffff
Mar 16 09:28:36 kashrinivaasan-Inspiron-1545 kernel: [    0.072000] ... max period:             000000007fffffff
Mar 16 09:28:36 kashrinivaasan-Inspiron-1545 kernel: [    0.072000] ... fixed-purpose events:   3
Mar 16 09:28:36 kashrinivaasan-Inspiron-1545 kernel: [    0.072000] ... event mask:             0000000700000003
Mar 16 09:28:36 kashrinivaasan-Inspiron-1545 kernel: [    0.072000] CPU 1 irqstacks, hard=f70cc000 soft=f70ce000
Mar 16 09:28:36 kashrinivaasan-Inspiron-1545 kernel: [    0.072000] smpboot: Booting Node   0, Processors  #1 OK
Mar 16 09:28:36 kashrinivaasan-Inspiron-1545 kernel: [    0.008000] Initializing CPU#1
Mar 16 09:28:36 kashrinivaasan-Inspiron-1545 kernel: [    0.082445] Brought up 2 CPUs
Mar 16 09:28:36 kashrinivaasan-Inspiron-1545 kernel: [    0.082450] smpboot: Total of 2 processors activated (7979.84 BogoMIPS)
Mar 16 09:28:36 kashrinivaasan-Inspiron-1545 kernel: [    0.082551] NMI watchdog: enabled on all CPUs, permanently consumes one hw-PMU counter.
Mar 16 09:28:36 kashrinivaasan-Inspiron-1545 kernel: [    0.084093] devtmpfs: initialized
Mar 16 09:28:36 kashrinivaasan-Inspiron-1545 kernel: [    0.084239] EVM: security.selinux
Mar 16 09:28:36 kashrinivaasan-Inspiron-1545 kernel: [    0.084241] EVM: security.SMACK64
Mar 16 09:28:36 kashrinivaasan-Inspiron-1545 kernel: [    0.084243] EVM: security.capability
Mar 16 09:28:36 kashrinivaasan-Inspiron-1545 kernel: [    0.084254] PM: Registering ACPI NVS region [mem 0xbd8bf400-0xbdac13ff] (2105344 bytes)
Mar 16 09:28:36 kashrinivaasan-Inspiron-1545 kernel: [    0.085346] regulator-dummy: no parameters
Mar 16 09:28:36 kashrinivaasan-Inspiron-1545 kernel: [    0.085412] NET: Registered protocol family 16
Mar 16 09:28:36 kashrinivaasan-Inspiron-1545 kernel: [    0.085583] EISA bus registered
Mar 16 09:28:36 kashrinivaasan-Inspiron-1545 kernel: [    0.085688] ACPI: bus type pci registered
Mar 16 09:28:36 kashrinivaasan-Inspiron-1545 kernel: [    0.085762] PCI: MMCONFIG for domain 0000 [bus 00-3f] at [mem 0xf8000000-0xfbffffff] (base 0xf8000000)
Mar 16 09:28:36 kashrinivaasan-Inspiron-1545 kernel: [    0.085765] PCI: MMCONFIG at [mem 0xf8000000-0xfbffffff] reserved in E820
Mar 16 09:28:36 kashrinivaasan-Inspiron-1545 kernel: [    0.085767] PCI: Using MMCONFIG for extended config space
Mar 16 09:28:36 kashrinivaasan-Inspiron-1545 kernel: [    0.085769] PCI: Using configuration type 1 for base access
Mar 16 09:28:36 kashrinivaasan-Inspiron-1545 kernel: [    0.085782] dmi type 0xB1 record - unknown flag
Mar 16 09:28:36 kashrinivaasan-Inspiron-1545 kernel: [    0.085782] bio: create slab <bio-0> at 0
Mar 16 09:28:36 kashrinivaasan-Inspiron-1545 kernel: [    0.085782] ACPI: Added _OSI(Module Device)
Mar 16 09:28:36 kashrinivaasan-Inspiron-1545 kernel: [    0.085782] ACPI: Added _OSI(Processor Device)
Mar 16 09:28:36 kashrinivaasan-Inspiron-1545 kernel: [    0.085782] ACPI: Added _OSI(3.0 _SCP Extensions)
Mar 16 09:28:36 kashrinivaasan-Inspiron-1545 kernel: [    0.085782] ACPI: Added _OSI(Processor Aggregator Device)
Mar 16 09:28:36 kashrinivaasan-Inspiron-1545 kernel: [    0.089112] ACPI: EC: Look up EC in DSDT
Mar 16 09:28:36 kashrinivaasan-Inspiron-1545 kernel: [    0.096114] [Firmware Bug]: ACPI: BIOS _OSI(Linux) query ignored
Mar 16 09:28:36 kashrinivaasan-Inspiron-1545 kernel: [    0.099556] ACPI: SSDT bdac29cf 0023F (v01  PmRef   BspIst 00003000 INTL 20050624)
Mar 16 09:28:36 kashrinivaasan-Inspiron-1545 kernel: [    0.099875] ACPI: Dynamic OEM Table Load:
Mar 16 09:28:36 kashrinivaasan-Inspiron-1545 kernel: [    0.099878] ACPI: SSDT   (null) 0023F (v01  PmRef   BspIst 00003000 INTL 20050624)
Mar 16 09:28:36 kashrinivaasan-Inspiron-1545 kernel: [    0.100040] ACPI: SSDT bdac2de5 005C6 (v01  PmRef   BspCst 00003001 INTL 20050624)
Mar 16 09:28:36 kashrinivaasan-Inspiron-1545 kernel: [    0.100340] ACPI: Dynamic OEM Table Load:
Mar 16 09:28:36 kashrinivaasan-Inspiron-1545 kernel: [    0.100343] ACPI: SSDT   (null) 005C6 (v01  PmRef   BspCst 00003001 INTL 20050624)
Mar 16 09:28:36 kashrinivaasan-Inspiron-1545 kernel: [    0.100627] ACPI: SSDT bdac2c0e 001D7 (v01  PmRef    ApIst 00003000 INTL 20050624)
Mar 16 09:28:36 kashrinivaasan-Inspiron-1545 kernel: [    0.100965] ACPI: Dynamic OEM Table Load:
Mar 16 09:28:36 kashrinivaasan-Inspiron-1545 kernel: [    0.100968] ACPI: SSDT   (null) 001D7 (v01  PmRef    ApIst 00003000 INTL 20050624)
Mar 16 09:28:36 kashrinivaasan-Inspiron-1545 kernel: [    0.101067] ACPI: SSDT bdac33ab 0008D (v01  PmRef    ApCst 00003000 INTL 20050624)
Mar 16 09:28:36 kashrinivaasan-Inspiron-1545 kernel: [    0.101381] ACPI: Dynamic OEM Table Load:
Mar 16 09:28:36 kashrinivaasan-Inspiron-1545 kernel: [    0.101384] ACPI: SSDT   (null) 0008D (v01  PmRef    ApCst 00003000 INTL 20050624)
Mar 16 09:28:36 kashrinivaasan-Inspiron-1545 kernel: [    0.101602] ACPI: Interpreter enabled
Mar 16 09:28:36 kashrinivaasan-Inspiron-1545 kernel: [    0.101612] ACPI: (supports S0 S3 S4 S5)
Mar 16 09:28:36 kashrinivaasan-Inspiron-1545 kernel: [    0.101630] ACPI: Using IOAPIC for interrupt routing
Mar 16 09:28:36 kashrinivaasan-Inspiron-1545 kernel: [    0.170955] ACPI: No dock devices found.
Mar 16 09:28:36 kashrinivaasan-Inspiron-1545 kernel: [    0.170963] PCI: Using host bridge windows from ACPI; if necessary, use "pci=nocrs" and report a bug
Mar 16 09:28:36 kashrinivaasan-Inspiron-1545 kernel: [    0.187931] ACPI: PCI Root Bridge [PCI0] (domain 0000 [bus 00-ff])
Mar 16 09:28:36 kashrinivaasan-Inspiron-1545 kernel: [    0.221743] pci_root PNP0A03:00: [Firmware Info]: MMCONFIG for domain 0000 [bus 00-3f] only partially covers this bridge
Mar 16 09:28:36 kashrinivaasan-Inspiron-1545 kernel: [    0.221783] PCI host bridge to bus 0000:00
Mar 16 09:28:36 kashrinivaasan-Inspiron-1545 kernel: [    0.221787] pci_bus 0000:00: root bus resource [bus 00-ff]
Mar 16 09:28:36 kashrinivaasan-Inspiron-1545 kernel: [    0.221790] pci_bus 0000:00: root bus resource [io  0x0000-0x0cf7]
Mar 16 09:28:36 kashrinivaasan-Inspiron-1545 kernel: [    0.221793] pci_bus 0000:00: root bus resource [io  0x0d00-0xffff]
Mar 16 09:28:36 kashrinivaasan-Inspiron-1545 kernel: [    0.221796] pci_bus 0000:00: root bus resource [mem 0x000a0000-0x000bffff]
Mar 16 09:28:36 kashrinivaasan-Inspiron-1545 kernel: [    0.221799] pci_bus 0000:00: root bus resource [mem 0x000d0000-0x000dffff]
Mar 16 09:28:36 kashrinivaasan-Inspiron-1545 kernel: [    0.221802] pci_bus 0000:00: root bus resource [mem 0xc0000000-0xf7ffffff]
Mar 16 09:28:36 kashrinivaasan-Inspiron-1545 kernel: [    0.221805] pci_bus 0000:00: root bus resource [mem 0xfc000000-0xfebfffff]
Mar 16 09:28:36 kashrinivaasan-Inspiron-1545 kernel: [    0.221808] pci_bus 0000:00: root bus resource [mem 0xfec10000-0xfecfffff]
Mar 16 09:28:36 kashrinivaasan-Inspiron-1545 kernel: [    0.221811] pci_bus 0000:00: root bus resource [mem 0xfed1c000-0xfed1ffff]
Mar 16 09:28:36 kashrinivaasan-Inspiron-1545 kernel: [    0.221814] pci_bus 0000:00: root bus resource [mem 0xfed90000-0xfed9ffff]
Mar 16 09:28:36 kashrinivaasan-Inspiron-1545 kernel: [    0.221817] pci_bus 0000:00: root bus resource [mem 0xfeda7000-0xfedfffff]
Mar 16 09:28:36 kashrinivaasan-Inspiron-1545 kernel: [    0.221820] pci_bus 0000:00: root bus resource [mem 0xfee10000-0xff9fffff]
Mar 16 09:28:36 kashrinivaasan-Inspiron-1545 kernel: [    0.221823] pci_bus 0000:00: root bus resource [mem 0xffc00000-0xffdfffff]
Mar 16 09:28:36 kashrinivaasan-Inspiron-1545 kernel: [    0.221835] pci 0000:00:00.0: [8086:2a40] type 00 class 0x060000
Mar 16 09:28:36 kashrinivaasan-Inspiron-1545 kernel: [    0.221862] DMAR: Forcing write-buffer flush capability
Mar 16 09:28:36 kashrinivaasan-Inspiron-1545 kernel: [    0.221864] DMAR: Disabling IOMMU for graphics on this chipset
Mar 16 09:28:36 kashrinivaasan-Inspiron-1545 kernel: [    0.221896] pci 0000:00:02.0: [8086:2a42] type 00 class 0x030000
Mar 16 09:28:36 kashrinivaasan-Inspiron-1545 kernel: [    0.221912] pci 0000:00:02.0: reg 10: [mem 0xf6c00000-0xf6ffffff 64bit]
Mar 16 09:28:36 kashrinivaasan-Inspiron-1545 kernel: [    0.221923] pci 0000:00:02.0: reg 18: [mem 0xe0000000-0xefffffff 64bit pref]
Mar 16 09:28:36 kashrinivaasan-Inspiron-1545 kernel: [    0.221930] pci 0000:00:02.0: reg 20: [io  0xefe8-0xefef]
Mar 16 09:28:36 kashrinivaasan-Inspiron-1545 kernel: [    0.221975] pci 0000:00:02.1: [8086:2a43] type 00 class 0x038000
Mar 16 09:28:36 kashrinivaasan-Inspiron-1545 kernel: [    0.221989] pci 0000:00:02.1: reg 10: [mem 0xf6b00000-0xf6bfffff 64bit]
Mar 16 09:28:36 kashrinivaasan-Inspiron-1545 kernel: [    0.222092] pci 0000:00:1a.0: [8086:2937] type 00 class 0x0c0300
Mar 16 09:28:36 kashrinivaasan-Inspiron-1545 kernel: [    0.222155] pci 0000:00:1a.0: reg 20: [io  0x6f60-0x6f7f]
Mar 16 09:28:36 kashrinivaasan-Inspiron-1545 kernel: [    0.222233] pci 0000:00:1a.1: [8086:2938] type 00 class 0x0c0300
Mar 16 09:28:36 kashrinivaasan-Inspiron-1545 kernel: [    0.222296] pci 0000:00:1a.1: reg 20: [io  0x6f80-0x6f9f]
Mar 16 09:28:36 kashrinivaasan-Inspiron-1545 kernel: [    0.222373] pci 0000:00:1a.2: [8086:2939] type 00 class 0x0c0300
Mar 16 09:28:36 kashrinivaasan-Inspiron-1545 kernel: [    0.222437] pci 0000:00:1a.2: reg 20: [io  0x6fa0-0x6fbf]
Mar 16 09:28:36 kashrinivaasan-Inspiron-1545 kernel: [    0.222528] pci 0000:00:1a.7: [8086:293c] type 00 class 0x0c0320
Mar 16 09:28:36 kashrinivaasan-Inspiron-1545 kernel: [    0.222557] pci 0000:00:1a.7: reg 10: [mem 0xfed1c400-0xfed1c7ff]
Mar 16 09:28:36 kashrinivaasan-Inspiron-1545 kernel: [    0.222684] pci 0000:00:1a.7: PME# supported from D0 D3hot D3cold
Mar 16 09:28:36 kashrinivaasan-Inspiron-1545 kernel: [    0.222724] pci 0000:00:1b.0: [8086:293e] type 00 class 0x040300
Mar 16 09:28:36 kashrinivaasan-Inspiron-1545 kernel: [    0.222748] pci 0000:00:1b.0: reg 10: [mem 0xf6afc000-0xf6afffff 64bit]
Mar 16 09:28:36 kashrinivaasan-Inspiron-1545 kernel: [    0.222859] pci 0000:00:1b.0: PME# supported from D0 D3hot D3cold
Mar 16 09:28:36 kashrinivaasan-Inspiron-1545 kernel: [    0.222895] pci 0000:00:1c.0: [8086:2940] type 01 class 0x060400
Mar 16 09:28:36 kashrinivaasan-Inspiron-1545 kernel: [    0.223010] pci 0000:00:1c.0: PME# supported from D0 D3hot D3cold
Mar 16 09:28:36 kashrinivaasan-Inspiron-1545 kernel: [    0.223047] pci 0000:00:1c.1: [8086:2942] type 01 class 0x060400
Mar 16 09:28:36 kashrinivaasan-Inspiron-1545 kernel: [    0.223162] pci 0000:00:1c.1: PME# supported from D0 D3hot D3cold
Mar 16 09:28:36 kashrinivaasan-Inspiron-1545 kernel: [    0.223200] pci 0000:00:1c.2: [8086:2944] type 01 class 0x060400
Mar 16 09:28:36 kashrinivaasan-Inspiron-1545 kernel: [    0.223315] pci 0000:00:1c.2: PME# supported from D0 D3hot D3cold
Mar 16 09:28:36 kashrinivaasan-Inspiron-1545 kernel: [    0.223354] pci 0000:00:1c.4: [8086:2948] type 01 class 0x060400
Mar 16 09:28:36 kashrinivaasan-Inspiron-1545 kernel: [    0.223469] pci 0000:00:1c.4: PME# supported from D0 D3hot D3cold
Mar 16 09:28:36 kashrinivaasan-Inspiron-1545 kernel: [    0.223510] pci 0000:00:1d.0: [8086:2934] type 00 class 0x0c0300
Mar 16 09:28:36 kashrinivaasan-Inspiron-1545 kernel: [    0.223574] pci 0000:00:1d.0: reg 20: [io  0x6f00-0x6f1f]
Mar 16 09:28:36 kashrinivaasan-Inspiron-1545 kernel: [    0.223651] pci 0000:00:1d.1: [8086:2935] type 00 class 0x0c0300
Mar 16 09:28:36 kashrinivaasan-Inspiron-1545 kernel: [    0.223715] pci 0000:00:1d.1: reg 20: [io  0x6f20-0x6f3f]
Mar 16 09:28:36 kashrinivaasan-Inspiron-1545 kernel: [    0.223795] pci 0000:00:1d.2: [8086:2936] type 00 class 0x0c0300
Mar 16 09:28:36 kashrinivaasan-Inspiron-1545 kernel: [    0.223859] pci 0000:00:1d.2: reg 20: [io  0x6f40-0x6f5f]
Mar 16 09:28:36 kashrinivaasan-Inspiron-1545 kernel: [    0.224070] pci 0000:00:1d.7: [8086:293a] type 00 class 0x0c0320
Mar 16 09:28:36 kashrinivaasan-Inspiron-1545 kernel: [    0.224099] pci 0000:00:1d.7: reg 10: [mem 0xfed1c000-0xfed1c3ff]
Mar 16 09:28:36 kashrinivaasan-Inspiron-1545 kernel: [    0.224224] pci 0000:00:1d.7: PME# supported from D0 D3hot D3cold
Mar 16 09:28:36 kashrinivaasan-Inspiron-1545 kernel: [    0.224256] pci 0000:00:1e.0: [8086:2448] type 01 class 0x060401
Mar 16 09:28:36 kashrinivaasan-Inspiron-1545 kernel: [    0.224359] pci 0000:00:1f.0: [8086:2919] type 00 class 0x060100
Mar 16 09:28:36 kashrinivaasan-Inspiron-1545 kernel: [    0.224542] pci 0000:00:1f.2: [8086:2929] type 00 class 0x010601
Mar 16 09:28:36 kashrinivaasan-Inspiron-1545 kernel: [    0.224574] pci 0000:00:1f.2: reg 10: [io  0x6e70-0x6e77]
Mar 16 09:28:36 kashrinivaasan-Inspiron-1545 kernel: [    0.224587] pci 0000:00:1f.2: reg 14: [io  0x6e78-0x6e7b]
Mar 16 09:28:36 kashrinivaasan-Inspiron-1545 kernel: [    0.224600] pci 0000:00:1f.2: reg 18: [io  0x6e80-0x6e87]
Mar 16 09:28:36 kashrinivaasan-Inspiron-1545 kernel: [    0.224613] pci 0000:00:1f.2: reg 1c: [io  0x6e88-0x6e8b]
Mar 16 09:28:36 kashrinivaasan-Inspiron-1545 kernel: [    0.224626] pci 0000:00:1f.2: reg 20: [io  0x6ea0-0x6ebf]
Mar 16 09:28:36 kashrinivaasan-Inspiron-1545 kernel: [    0.224639] pci 0000:00:1f.2: reg 24: [mem 0xfed1c800-0xfed1cfff]
Mar 16 09:28:36 kashrinivaasan-Inspiron-1545 kernel: [    0.224718] pci 0000:00:1f.2: PME# supported from D3hot
Mar 16 09:28:36 kashrinivaasan-Inspiron-1545 kernel: [    0.224748] pci 0000:00:1f.3: [8086:2930] type 00 class 0x0c0500
Mar 16 09:28:36 kashrinivaasan-Inspiron-1545 kernel: [    0.224771] pci 0000:00:1f.3: reg 10: [mem 0xf6afbf00-0xf6afbfff 64bit]
Mar 16 09:28:36 kashrinivaasan-Inspiron-1545 kernel: [    0.224806] pci 0000:00:1f.3: reg 20: [io  0x1100-0x111f]
Mar 16 09:28:36 kashrinivaasan-Inspiron-1545 kernel: [    0.224912] pci 0000:00:1c.0: PCI bridge to [bus 0b]
Mar 16 09:28:36 kashrinivaasan-Inspiron-1545 kernel: [    0.225246] pci 0000:0c:00.0: [14e4:4315] type 00 class 0x028000
Mar 16 09:28:36 kashrinivaasan-Inspiron-1545 kernel: [    0.225318] pci 0000:0c:00.0: reg 10: [mem 0xf69fc000-0xf69fffff 64bit]
Mar 16 09:28:36 kashrinivaasan-Inspiron-1545 kernel: [    0.225707] pci 0000:0c:00.0: supports D1 D2
Mar 16 09:28:36 kashrinivaasan-Inspiron-1545 kernel: [    0.225710] pci 0000:0c:00.0: PME# supported from D0 D3hot D3cold
Mar 16 09:28:36 kashrinivaasan-Inspiron-1545 kernel: [    0.225903] pci 0000:00:1c.1: PCI bridge to [bus 0c]
Mar 16 09:28:36 kashrinivaasan-Inspiron-1545 kernel: [    0.225912] pci 0000:00:1c.1:   bridge window [mem 0xf6900000-0xf69fffff]
Mar 16 09:28:36 kashrinivaasan-Inspiron-1545 kernel: [    0.226012] pci 0000:09:00.0: [11ab:4354] type 00 class 0x020000
Mar 16 09:28:36 kashrinivaasan-Inspiron-1545 kernel: [    0.226049] pci 0000:09:00.0: reg 10: [mem 0xf68fc000-0xf68fffff 64bit]
Mar 16 09:28:36 kashrinivaasan-Inspiron-1545 kernel: [    0.226068] pci 0000:09:00.0: reg 18: [io  0xde00-0xdeff]
Mar 16 09:28:36 kashrinivaasan-Inspiron-1545 kernel: [    0.226225] pci 0000:09:00.0: supports D1 D2
Mar 16 09:28:36 kashrinivaasan-Inspiron-1545 kernel: [    0.226228] pci 0000:09:00.0: PME# supported from D0 D1 D2 D3hot D3cold
Mar 16 09:28:36 kashrinivaasan-Inspiron-1545 kernel: [    0.236023] pci 0000:00:1c.2: PCI bridge to [bus 09]
Mar 16 09:28:36 kashrinivaasan-Inspiron-1545 kernel: [    0.236030] pci 0000:00:1c.2:   bridge window [io  0xd000-0xdfff]
Mar 16 09:28:36 kashrinivaasan-Inspiron-1545 kernel: [    0.236036] pci 0000:00:1c.2:   bridge window [mem 0xf6800000-0xf68fffff]
Mar 16 09:28:36 kashrinivaasan-Inspiron-1545 kernel: [    0.236107] pci 0000:00:1c.4: PCI bridge to [bus 0d-0e]
Mar 16 09:28:36 kashrinivaasan-Inspiron-1545 kernel: [    0.236113] pci 0000:00:1c.4:   bridge window [io  0xc000-0xcfff]
Mar 16 09:28:36 kashrinivaasan-Inspiron-1545 kernel: [    0.236119] pci 0000:00:1c.4:   bridge window [mem 0xf6600000-0xf67fffff]
Mar 16 09:28:36 kashrinivaasan-Inspiron-1545 kernel: [    0.236128] pci 0000:00:1c.4:   bridge window [mem 0xf0000000-0xf01fffff 64bit pref]
Mar 16 09:28:36 kashrinivaasan-Inspiron-1545 kernel: [    0.236225] pci 0000:00:1e.0: PCI bridge to [bus 03] (subtractive decode)
Mar 16 09:28:36 kashrinivaasan-Inspiron-1545 kernel: [    0.236241] pci 0000:00:1e.0:   bridge window [io  0x0000-0x0cf7] (subtractive decode)
Mar 16 09:28:36 kashrinivaasan-Inspiron-1545 kernel: [    0.236244] pci 0000:00:1e.0:   bridge window [io  0x0d00-0xffff] (subtractive decode)
Mar 16 09:28:36 kashrinivaasan-Inspiron-1545 kernel: [    0.236247] pci 0000:00:1e.0:   bridge window [mem 0x000a0000-0x000bffff] (subtractive decode)
Mar 16 09:28:36 kashrinivaasan-Inspiron-1545 kernel: [    0.236250] pci 0000:00:1e.0:   bridge window [mem 0x000d0000-0x000dffff] (subtractive decode)
Mar 16 09:28:36 kashrinivaasan-Inspiron-1545 kernel: [    0.236253] pci 0000:00:1e.0:   bridge window [mem 0xc0000000-0xf7ffffff] (subtractive decode)
Mar 16 09:28:36 kashrinivaasan-Inspiron-1545 kernel: [    0.236256] pci 0000:00:1e.0:   bridge window [mem 0xfc000000-0xfebfffff] (subtractive decode)
Mar 16 09:28:36 kashrinivaasan-Inspiron-1545 kernel: [    0.236259] pci 0000:00:1e.0:   bridge window [mem 0xfec10000-0xfecfffff] (subtractive decode)
Mar 16 09:28:36 kashrinivaasan-Inspiron-1545 kernel: [    0.236262] pci 0000:00:1e.0:   bridge window [mem 0xfed1c000-0xfed1ffff] (subtractive decode)
Mar 16 09:28:36 kashrinivaasan-Inspiron-1545 kernel: [    0.236268] pci 0000:00:1e.0:   bridge window [mem 0xfed90000-0xfed9ffff] (subtractive decode)
Mar 16 09:28:36 kashrinivaasan-Inspiron-1545 kernel: [    0.236271] pci 0000:00:1e.0:   bridge window [mem 0xfeda7000-0xfedfffff] (subtractive decode)
Mar 16 09:28:36 kashrinivaasan-Inspiron-1545 kernel: [    0.236274] pci 0000:00:1e.0:   bridge window [mem 0xfee10000-0xff9fffff] (subtractive decode)
Mar 16 09:28:36 kashrinivaasan-Inspiron-1545 kernel: [    0.236277] pci 0000:00:1e.0:   bridge window [mem 0xffc00000-0xffdfffff] (subtractive decode)
Mar 16 09:28:36 kashrinivaasan-Inspiron-1545 kernel: [    0.236312] pci_bus 0000:00: on NUMA node 0
Mar 16 09:28:36 kashrinivaasan-Inspiron-1545 kernel: [    0.236317] ACPI: PCI Interrupt Routing Table [\_SB_.PCI0._PRT]
Mar 16 09:28:36 kashrinivaasan-Inspiron-1545 kernel: [    0.236638] ACPI: PCI Interrupt Routing Table [\_SB_.PCI0.PCIE._PRT]
Mar 16 09:28:36 kashrinivaasan-Inspiron-1545 kernel: [    0.236759] ACPI: PCI Interrupt Routing Table [\_SB_.PCI0.RP01._PRT]
Mar 16 09:28:36 kashrinivaasan-Inspiron-1545 kernel: [    0.236817] ACPI: PCI Interrupt Routing Table [\_SB_.PCI0.RP02._PRT]
Mar 16 09:28:36 kashrinivaasan-Inspiron-1545 kernel: [    0.236874] ACPI: PCI Interrupt Routing Table [\_SB_.PCI0.RP03._PRT]
Mar 16 09:28:36 kashrinivaasan-Inspiron-1545 kernel: [    0.236933] ACPI: PCI Interrupt Routing Table [\_SB_.PCI0.RP05._PRT]
Mar 16 09:28:36 kashrinivaasan-Inspiron-1545 kernel: [    0.236988]  pci0000:00: ACPI _OSC support notification failed, disabling PCIe ASPM
Mar 16 09:28:36 kashrinivaasan-Inspiron-1545 kernel: [    0.236991]  pci0000:00: Unable to request _OSC control (_OSC support mask: 0x08)
Mar 16 09:28:36 kashrinivaasan-Inspiron-1545 kernel: [    0.247949] ACPI: PCI Interrupt Link [LNKA] (IRQs *10 11)
Mar 16 09:28:36 kashrinivaasan-Inspiron-1545 kernel: [    0.248031] ACPI: PCI Interrupt Link [LNKB] (IRQs 5 7) *4
Mar 16 09:28:36 kashrinivaasan-Inspiron-1545 kernel: [    0.248106] ACPI: PCI Interrupt Link [LNKC] (IRQs *10 11)
Mar 16 09:28:36 kashrinivaasan-Inspiron-1545 kernel: [    0.248167] ACPI: PCI Interrupt Link [LNKD] (IRQs 5 7 10 11) *0, disabled.
Mar 16 09:28:36 kashrinivaasan-Inspiron-1545 kernel: [    0.248243] ACPI: PCI Interrupt Link [LNKE] (IRQs 3 4 5 6 7 10 *11 12 14 15)
Mar 16 09:28:36 kashrinivaasan-Inspiron-1545 kernel: [    0.248321] ACPI: PCI Interrupt Link [LNKF] (IRQs 3 4 5 6 *7 10 11 12 14 15)
Mar 16 09:28:36 kashrinivaasan-Inspiron-1545 kernel: [    0.248399] ACPI: PCI Interrupt Link [LNKG] (IRQs 3 4 *5 6 7 10 11 12 14 15)
Mar 16 09:28:36 kashrinivaasan-Inspiron-1545 kernel: [    0.248464] ACPI: PCI Interrupt Link [LNKH] (IRQs 3 4 5 6 7 10 11 12 14 15) *0, disabled.
Mar 16 09:28:36 kashrinivaasan-Inspiron-1545 kernel: [    0.248570] vgaarb: device added: PCI:0000:00:02.0,decodes=io+mem,owns=io+mem,locks=none
Mar 16 09:28:36 kashrinivaasan-Inspiron-1545 kernel: [    0.248570] vgaarb: loaded
Mar 16 09:28:36 kashrinivaasan-Inspiron-1545 kernel: [    0.248570] vgaarb: bridge control possible 0000:00:02.0
Mar 16 09:28:36 kashrinivaasan-Inspiron-1545 kernel: [    0.248570] SCSI subsystem initialized
Mar 16 09:28:36 kashrinivaasan-Inspiron-1545 kernel: [    0.248570] ACPI: bus type scsi registered
Mar 16 09:28:36 kashrinivaasan-Inspiron-1545 kernel: [    0.248570] libata version 3.00 loaded.
Mar 16 09:28:36 kashrinivaasan-Inspiron-1545 kernel: [    0.248570] ACPI: bus type usb registered
Mar 16 09:28:36 kashrinivaasan-Inspiron-1545 kernel: [    0.248570] usbcore: registered new interface driver usbfs
Mar 16 09:28:36 kashrinivaasan-Inspiron-1545 kernel: [    0.248570] usbcore: registered new interface driver hub
Mar 16 09:28:36 kashrinivaasan-Inspiron-1545 kernel: [    0.248570] usbcore: registered new device driver usb
Mar 16 09:28:36 kashrinivaasan-Inspiron-1545 kernel: [    0.248570] PCI: Using ACPI for IRQ routing
Mar 16 09:28:36 kashrinivaasan-Inspiron-1545 kernel: [    0.254151] PCI: pci_cache_line_size set to 64 bytes
Mar 16 09:28:36 kashrinivaasan-Inspiron-1545 kernel: [    0.254628] e820: reserve RAM buffer [mem 0x0009f000-0x0009ffff]
Mar 16 09:28:36 kashrinivaasan-Inspiron-1545 kernel: [    0.254631] e820: reserve RAM buffer [mem 0xbd8bf400-0xbfffffff]
Mar 16 09:28:36 kashrinivaasan-Inspiron-1545 kernel: [    0.254739] NetLabel: Initializing
Mar 16 09:28:36 kashrinivaasan-Inspiron-1545 kernel: [    0.254741] NetLabel:  domain hash size = 128
Mar 16 09:28:36 kashrinivaasan-Inspiron-1545 kernel: [    0.254743] NetLabel:  protocols = UNLABELED CIPSOv4
Mar 16 09:28:36 kashrinivaasan-Inspiron-1545 kernel: [    0.254755] NetLabel:  unlabeled traffic allowed by default
Mar 16 09:28:36 kashrinivaasan-Inspiron-1545 kernel: [    0.254770] HPET: 4 timers in total, 0 timers will be used for per-cpu timer
Mar 16 09:28:36 kashrinivaasan-Inspiron-1545 kernel: [    0.254770] hpet0: at MMIO 0xfed00000, IRQs 2, 8, 0, 0
Mar 16 09:28:36 kashrinivaasan-Inspiron-1545 kernel: [    0.254770] hpet0: 4 comparators, 64-bit 14.318180 MHz counter
Mar 16 09:28:36 kashrinivaasan-Inspiron-1545 kernel: [    0.256012] Switching to clocksource hpet
Mar 16 09:28:36 kashrinivaasan-Inspiron-1545 kernel: [    0.264689] AppArmor: AppArmor Filesystem Enabled
Mar 16 09:28:36 kashrinivaasan-Inspiron-1545 kernel: [    0.264726] pnp: PnP ACPI init
Mar 16 09:28:36 kashrinivaasan-Inspiron-1545 kernel: [    0.264744] ACPI: bus type pnp registered
Mar 16 09:28:36 kashrinivaasan-Inspiron-1545 kernel: [    0.281003] pnp 00:00: [bus 00-ff]
Mar 16 09:28:36 kashrinivaasan-Inspiron-1545 kernel: [    0.281007] pnp 00:00: [io  0x0000-0x0cf7 window]
Mar 16 09:28:36 kashrinivaasan-Inspiron-1545 kernel: [    0.281010] pnp 00:00: [io  0x0cf8-0x0cff]
Mar 16 09:28:36 kashrinivaasan-Inspiron-1545 kernel: [    0.281013] pnp 00:00: [io  0x0d00-0xffff window]
Mar 16 09:28:36 kashrinivaasan-Inspiron-1545 kernel: [    0.281016] pnp 00:00: [mem 0x000a0000-0x000bffff window]
Mar 16 09:28:36 kashrinivaasan-Inspiron-1545 kernel: [    0.281019] pnp 00:00: [mem 0x000d0000-0x000dffff window]
Mar 16 09:28:36 kashrinivaasan-Inspiron-1545 kernel: [    0.281022] pnp 00:00: [mem 0xc0000000-0xf7ffffff window]
Mar 16 09:28:36 kashrinivaasan-Inspiron-1545 kernel: [    0.281025] pnp 00:00: [mem 0xfc000000-0xfebfffff window]
Mar 16 09:28:36 kashrinivaasan-Inspiron-1545 kernel: [    0.281028] pnp 00:00: [mem 0xfec10000-0xfecfffff window]
Mar 16 09:28:36 kashrinivaasan-Inspiron-1545 kernel: [    0.281031] pnp 00:00: [mem 0xfed1c000-0xfed1ffff window]
Mar 16 09:28:36 kashrinivaasan-Inspiron-1545 kernel: [    0.281034] pnp 00:00: [mem 0xfed90000-0xfed9ffff window]
Mar 16 09:28:36 kashrinivaasan-Inspiron-1545 kernel: [    0.281037] pnp 00:00: [mem 0xfeda7000-0xfedfffff window]
Mar 16 09:28:36 kashrinivaasan-Inspiron-1545 kernel: [    0.281040] pnp 00:00: [mem 0xfee10000-0xff9fffff window]
Mar 16 09:28:36 kashrinivaasan-Inspiron-1545 kernel: [    0.281043] pnp 00:00: [mem 0xffc00000-0xffdfffff window]
Mar 16 09:28:36 kashrinivaasan-Inspiron-1545 kernel: [    0.281100] pnp 00:00: Plug and Play ACPI device, IDs PNP0a03 (active)
Mar 16 09:28:36 kashrinivaasan-Inspiron-1545 kernel: [    0.281115] pnp 00:01: [io  0x004e-0x004f]
Mar 16 09:28:36 kashrinivaasan-Inspiron-1545 kernel: [    0.281118] pnp 00:01: [io  0x0068-0x006f]
Mar 16 09:28:36 kashrinivaasan-Inspiron-1545 kernel: [    0.281121] pnp 00:01: [mem 0xff800000-0xff8fffff]
Mar 16 09:28:36 kashrinivaasan-Inspiron-1545 kernel: [    0.281124] pnp 00:01: [mem 0xffc00000-0xffcfffff]
Mar 16 09:28:36 kashrinivaasan-Inspiron-1545 kernel: [    0.281175] system 00:01: [mem 0xff800000-0xff8fffff] has been reserved
Mar 16 09:28:36 kashrinivaasan-Inspiron-1545 kernel: [    0.281179] system 00:01: [mem 0xffc00000-0xffcfffff] has been reserved
Mar 16 09:28:36 kashrinivaasan-Inspiron-1545 kernel: [    0.281183] system 00:01: Plug and Play ACPI device, IDs PNP0c02 (active)
Mar 16 09:28:36 kashrinivaasan-Inspiron-1545 kernel: [    0.281212] pnp 00:02: [irq 12]
Mar 16 09:28:36 kashrinivaasan-Inspiron-1545 kernel: [    0.281235] pnp 00:02: Plug and Play ACPI device, IDs PNP0f13 (active)
Mar 16 09:28:36 kashrinivaasan-Inspiron-1545 kernel: [    0.281253] pnp 00:03: [io  0x0060]
Mar 16 09:28:36 kashrinivaasan-Inspiron-1545 kernel: [    0.281256] pnp 00:03: [io  0x0064]
Mar 16 09:28:36 kashrinivaasan-Inspiron-1545 kernel: [    0.281258] pnp 00:03: [io  0x0062]
Mar 16 09:28:36 kashrinivaasan-Inspiron-1545 kernel: [    0.281261] pnp 00:03: [io  0x0066]
Mar 16 09:28:36 kashrinivaasan-Inspiron-1545 kernel: [    0.281268] pnp 00:03: [irq 1]
Mar 16 09:28:36 kashrinivaasan-Inspiron-1545 kernel: [    0.281293] pnp 00:03: Plug and Play ACPI device, IDs PNP0303 (active)
Mar 16 09:28:36 kashrinivaasan-Inspiron-1545 kernel: [    0.281311] pnp 00:04: [io  0x0070-0x0071]
Mar 16 09:28:36 kashrinivaasan-Inspiron-1545 kernel: [    0.281318] pnp 00:04: [irq 8]
Mar 16 09:28:36 kashrinivaasan-Inspiron-1545 kernel: [    0.281320] pnp 00:04: [io  0x0072-0x0077]
Mar 16 09:28:36 kashrinivaasan-Inspiron-1545 kernel: [    0.281343] pnp 00:04: Plug and Play ACPI device, IDs PNP0b00 (active)
Mar 16 09:28:36 kashrinivaasan-Inspiron-1545 kernel: [    0.281362] pnp 00:05: [io  0x0061]
Mar 16 09:28:36 kashrinivaasan-Inspiron-1545 kernel: [    0.281365] pnp 00:05: [io  0x0063]
Mar 16 09:28:36 kashrinivaasan-Inspiron-1545 kernel: [    0.281368] pnp 00:05: [io  0x0065]
Mar 16 09:28:36 kashrinivaasan-Inspiron-1545 kernel: [    0.281371] pnp 00:05: [io  0x0067]
Mar 16 09:28:36 kashrinivaasan-Inspiron-1545 kernel: [    0.281393] pnp 00:05: Plug and Play ACPI device, IDs PNP0800 (active)
Mar 16 09:28:36 kashrinivaasan-Inspiron-1545 kernel: [    0.281443] system 00:06: Plug and Play ACPI device, IDs PNP0c01 (active)
Mar 16 09:28:36 kashrinivaasan-Inspiron-1545 kernel: [    0.281463] pnp 00:07: [dma 4]
Mar 16 09:28:36 kashrinivaasan-Inspiron-1545 kernel: [    0.281466] pnp 00:07: [io  0x0000-0x000f]
Mar 16 09:28:36 kashrinivaasan-Inspiron-1545 kernel: [    0.281469] pnp 00:07: [io  0x0080-0x0085]
Mar 16 09:28:36 kashrinivaasan-Inspiron-1545 kernel: [    0.281472] pnp 00:07: [io  0x0087-0x008f]
Mar 16 09:28:36 kashrinivaasan-Inspiron-1545 kernel: [    0.281474] pnp 00:07: [io  0x00c0-0x00df]
Mar 16 09:28:36 kashrinivaasan-Inspiron-1545 kernel: [    0.281479] pnp 00:07: [io  0x0010-0x001f]
Mar 16 09:28:36 kashrinivaasan-Inspiron-1545 kernel: [    0.281482] pnp 00:07: [io  0x0090-0x0091]
Mar 16 09:28:36 kashrinivaasan-Inspiron-1545 kernel: [    0.281485] pnp 00:07: [io  0x0093-0x009f]
Mar 16 09:28:36 kashrinivaasan-Inspiron-1545 kernel: [    0.281508] pnp 00:07: Plug and Play ACPI device, IDs PNP0200 (active)
Mar 16 09:28:36 kashrinivaasan-Inspiron-1545 kernel: [    0.281525] pnp 00:08: [io  0x00f0-0x00ff]
Mar 16 09:28:36 kashrinivaasan-Inspiron-1545 kernel: [    0.281532] pnp 00:08: [irq 13]
Mar 16 09:28:36 kashrinivaasan-Inspiron-1545 kernel: [    0.281556] pnp 00:08: Plug and Play ACPI device, IDs PNP0c04 (active)
Mar 16 09:28:36 kashrinivaasan-Inspiron-1545 kernel: [    0.281597] pnp 00:09: [mem 0xfed00000-0xfed003ff]
Mar 16 09:28:36 kashrinivaasan-Inspiron-1545 kernel: [    0.281634] system 00:09: [mem 0xfed00000-0xfed003ff] has been reserved
Mar 16 09:28:36 kashrinivaasan-Inspiron-1545 kernel: [    0.281639] system 00:09: Plug and Play ACPI device, IDs PNP0103 PNP0c01 (active)
Mar 16 09:28:36 kashrinivaasan-Inspiron-1545 kernel: [    0.281811] pnp 00:0a: [io  0x0900-0x097f]
Mar 16 09:28:36 kashrinivaasan-Inspiron-1545 kernel: [    0.281814] pnp 00:0a: [io  0x0092]
Mar 16 09:28:36 kashrinivaasan-Inspiron-1545 kernel: [    0.281817] pnp 00:0a: [io  0x00b2-0x00b3]
Mar 16 09:28:36 kashrinivaasan-Inspiron-1545 kernel: [    0.281820] pnp 00:0a: [io  0x0020-0x0021]
Mar 16 09:28:36 kashrinivaasan-Inspiron-1545 kernel: [    0.281822] pnp 00:0a: [io  0x00a0-0x00a1]
Mar 16 09:28:36 kashrinivaasan-Inspiron-1545 kernel: [    0.281825] pnp 00:0a: [irq 0 disabled]
Mar 16 09:28:36 kashrinivaasan-Inspiron-1545 kernel: [    0.281828] pnp 00:0a: [io  0x04d0-0x04d1]
Mar 16 09:28:36 kashrinivaasan-Inspiron-1545 kernel: [    0.281831] pnp 00:0a: [io  0x1000-0x1005]
Mar 16 09:28:36 kashrinivaasan-Inspiron-1545 kernel: [    0.281833] pnp 00:0a: [io  0x1008-0x100f]
Mar 16 09:28:36 kashrinivaasan-Inspiron-1545 kernel: [    0.281886] system 00:0a: [io  0x0900-0x097f] has been reserved
Mar 16 09:28:36 kashrinivaasan-Inspiron-1545 kernel: [    0.281890] system 00:0a: [io  0x04d0-0x04d1] has been reserved
Mar 16 09:28:36 kashrinivaasan-Inspiron-1545 kernel: [    0.281893] system 00:0a: [io  0x1000-0x1005] has been reserved
Mar 16 09:28:36 kashrinivaasan-Inspiron-1545 kernel: [    0.281896] system 00:0a: [io  0x1008-0x100f] has been reserved
Mar 16 09:28:36 kashrinivaasan-Inspiron-1545 kernel: [    0.281901] system 00:0a: Plug and Play ACPI device, IDs PNP0c01 (active)
Mar 16 09:28:36 kashrinivaasan-Inspiron-1545 kernel: [    0.281919] pnp 00:0b: [io  0xf400-0xf4fe]
Mar 16 09:28:36 kashrinivaasan-Inspiron-1545 kernel: [    0.281922] pnp 00:0b: [io  0x0086]
Mar 16 09:28:36 kashrinivaasan-Inspiron-1545 kernel: [    0.281925] pnp 00:0b: [io  0x1006-0x1007]
Mar 16 09:28:36 kashrinivaasan-Inspiron-1545 kernel: [    0.281927] pnp 00:0b: [io  0x100a-0x1059]
Mar 16 09:28:36 kashrinivaasan-Inspiron-1545 kernel: [    0.281930] pnp 00:0b: [io  0x1060-0x107f]
Mar 16 09:28:36 kashrinivaasan-Inspiron-1545 kernel: [    0.281933] pnp 00:0b: [io  0x1080-0x10bf]
Mar 16 09:28:36 kashrinivaasan-Inspiron-1545 kernel: [    0.281935] pnp 00:0b: [io  0x1100-0x111f]
Mar 16 09:28:36 kashrinivaasan-Inspiron-1545 kernel: [    0.281938] pnp 00:0b: [io  0x1010-0x102f]
Mar 16 09:28:36 kashrinivaasan-Inspiron-1545 kernel: [    0.281940] pnp 00:0b: [io  0x0809]
Mar 16 09:28:36 kashrinivaasan-Inspiron-1545 kernel: [    0.281993] system 00:0b: [io  0xf400-0xf4fe] has been reserved
Mar 16 09:28:36 kashrinivaasan-Inspiron-1545 kernel: [    0.281996] system 00:0b: [io  0x1006-0x1007] has been reserved
Mar 16 09:28:36 kashrinivaasan-Inspiron-1545 kernel: [    0.282000] system 00:0b: [io  0x100a-0x1059] could not be reserved
Mar 16 09:28:36 kashrinivaasan-Inspiron-1545 kernel: [    0.282003] system 00:0b: [io  0x1060-0x107f] has been reserved
Mar 16 09:28:36 kashrinivaasan-Inspiron-1545 kernel: [    0.282006] system 00:0b: [io  0x1080-0x10bf] has been reserved
Mar 16 09:28:36 kashrinivaasan-Inspiron-1545 kernel: [    0.282009] system 00:0b: [io  0x1100-0x111f] has been reserved
Mar 16 09:28:36 kashrinivaasan-Inspiron-1545 kernel: [    0.282013] system 00:0b: [io  0x1010-0x102f] has been reserved
Mar 16 09:28:36 kashrinivaasan-Inspiron-1545 kernel: [    0.282016] system 00:0b: [io  0x0809] has been reserved
Mar 16 09:28:36 kashrinivaasan-Inspiron-1545 kernel: [    0.282020] system 00:0b: Plug and Play ACPI device, IDs PNP0c01 (active)
Mar 16 09:28:36 kashrinivaasan-Inspiron-1545 kernel: [    0.299396] pnp 00:0c: [mem 0x00000000-0x0009efff]
Mar 16 09:28:36 kashrinivaasan-Inspiron-1545 kernel: [    0.299399] pnp 00:0c: [mem 0x0009f000-0x0009ffff]
Mar 16 09:28:36 kashrinivaasan-Inspiron-1545 kernel: [    0.299402] pnp 00:0c: [mem 0x000c0000-0x000cffff]
Mar 16 09:28:36 kashrinivaasan-Inspiron-1545 kernel: [    0.299405] pnp 00:0c: [mem 0x000e0000-0x000fffff]
Mar 16 09:28:36 kashrinivaasan-Inspiron-1545 kernel: [    0.299408] pnp 00:0c: [mem 0x00100000-0xbd8bf3ff]
Mar 16 09:28:36 kashrinivaasan-Inspiron-1545 kernel: [    0.299410] pnp 00:0c: [mem 0xbd8bf400-0xbdafffff]
Mar 16 09:28:36 kashrinivaasan-Inspiron-1545 kernel: [    0.299413] pnp 00:0c: [mem 0xbdb00000-0xbdbfffff]
Mar 16 09:28:36 kashrinivaasan-Inspiron-1545 kernel: [    0.299416] pnp 00:0c: [mem 0xffe00000-0xffffffff]
Mar 16 09:28:36 kashrinivaasan-Inspiron-1545 kernel: [    0.299419] pnp 00:0c: [mem 0xffa00000-0xffbfffff]
Mar 16 09:28:36 kashrinivaasan-Inspiron-1545 kernel: [    0.299421] pnp 00:0c: [mem 0xfec00000-0xfec0ffff]
Mar 16 09:28:36 kashrinivaasan-Inspiron-1545 kernel: [    0.299424] pnp 00:0c: [mem 0xfee00000-0xfee0ffff]
Mar 16 09:28:36 kashrinivaasan-Inspiron-1545 kernel: [    0.299429] pnp 00:0c: [mem 0xfed20000-0xfed8ffff]
Mar 16 09:28:36 kashrinivaasan-Inspiron-1545 kernel: [    0.299432] pnp 00:0c: [mem 0xfeda0000-0xfeda3fff]
Mar 16 09:28:36 kashrinivaasan-Inspiron-1545 kernel: [    0.299434] pnp 00:0c: [mem 0xfeda4000-0xfeda4fff]
Mar 16 09:28:36 kashrinivaasan-Inspiron-1545 kernel: [    0.299437] pnp 00:0c: [mem 0xfeda5000-0xfeda5fff]
Mar 16 09:28:36 kashrinivaasan-Inspiron-1545 kernel: [    0.299440] pnp 00:0c: [mem 0xfeda6000-0xfeda6fff]
Mar 16 09:28:36 kashrinivaasan-Inspiron-1545 kernel: [    0.299442] pnp 00:0c: [mem 0xfed1c800-0xfed1cfff]
Mar 16 09:28:36 kashrinivaasan-Inspiron-1545 kernel: [    0.299445] pnp 00:0c: [mem 0xfed18000-0xfed1bfff]
Mar 16 09:28:36 kashrinivaasan-Inspiron-1545 kernel: [    0.299448] pnp 00:0c: [mem 0xf8000000-0xfbffffff]
Mar 16 09:28:36 kashrinivaasan-Inspiron-1545 kernel: [    0.299513] system 00:0c: [mem 0x00000000-0x0009efff] could not be reserved
Mar 16 09:28:36 kashrinivaasan-Inspiron-1545 kernel: [    0.299517] system 00:0c: [mem 0x0009f000-0x0009ffff] could not be reserved
Mar 16 09:28:36 kashrinivaasan-Inspiron-1545 kernel: [    0.299520] system 00:0c: [mem 0x000c0000-0x000cffff] could not be reserved
Mar 16 09:28:36 kashrinivaasan-Inspiron-1545 kernel: [    0.299524] system 00:0c: [mem 0x000e0000-0x000fffff] could not be reserved
Mar 16 09:28:36 kashrinivaasan-Inspiron-1545 kernel: [    0.299527] system 00:0c: [mem 0x00100000-0xbd8bf3ff] could not be reserved
Mar 16 09:28:36 kashrinivaasan-Inspiron-1545 kernel: [    0.299530] system 00:0c: [mem 0xbd8bf400-0xbdafffff] could not be reserved
Mar 16 09:28:36 kashrinivaasan-Inspiron-1545 kernel: [    0.299534] system 00:0c: [mem 0xbdb00000-0xbdbfffff] has been reserved
Mar 16 09:28:36 kashrinivaasan-Inspiron-1545 kernel: [    0.299537] system 00:0c: [mem 0xffe00000-0xffffffff] has been reserved
Mar 16 09:28:36 kashrinivaasan-Inspiron-1545 kernel: [    0.299541] system 00:0c: [mem 0xffa00000-0xffbfffff] has been reserved
Mar 16 09:28:36 kashrinivaasan-Inspiron-1545 kernel: [    0.299544] system 00:0c: [mem 0xfec00000-0xfec0ffff] could not be reserved
Mar 16 09:28:36 kashrinivaasan-Inspiron-1545 kernel: [    0.299547] system 00:0c: [mem 0xfee00000-0xfee0ffff] has been reserved
Mar 16 09:28:36 kashrinivaasan-Inspiron-1545 kernel: [    0.299551] system 00:0c: [mem 0xfed20000-0xfed8ffff] has been reserved
Mar 16 09:28:36 kashrinivaasan-Inspiron-1545 kernel: [    0.299554] system 00:0c: [mem 0xfeda0000-0xfeda3fff] has been reserved
Mar 16 09:28:36 kashrinivaasan-Inspiron-1545 kernel: [    0.299558] system 00:0c: [mem 0xfeda4000-0xfeda4fff] has been reserved
Mar 16 09:28:36 kashrinivaasan-Inspiron-1545 kernel: [    0.299561] system 00:0c: [mem 0xfeda5000-0xfeda5fff] has been reserved
Mar 16 09:28:36 kashrinivaasan-Inspiron-1545 kernel: [    0.299564] system 00:0c: [mem 0xfeda6000-0xfeda6fff] has been reserved
Mar 16 09:28:36 kashrinivaasan-Inspiron-1545 kernel: [    0.299568] system 00:0c: [mem 0xfed1c800-0xfed1cfff] has been reserved
Mar 16 09:28:36 kashrinivaasan-Inspiron-1545 kernel: [    0.299571] system 00:0c: [mem 0xfed18000-0xfed1bfff] has been reserved
Mar 16 09:28:36 kashrinivaasan-Inspiron-1545 kernel: [    0.299574] system 00:0c: [mem 0xf8000000-0xfbffffff] has been reserved
Mar 16 09:28:36 kashrinivaasan-Inspiron-1545 kernel: [    0.299579] system 00:0c: Plug and Play ACPI device, IDs PNP0c01 (active)
Mar 16 09:28:36 kashrinivaasan-Inspiron-1545 kernel: [    0.299619] pnp: PnP ACPI: found 13 devices
Mar 16 09:28:36 kashrinivaasan-Inspiron-1545 kernel: [    0.299621] ACPI: ACPI bus type pnp unregistered
Mar 16 09:28:36 kashrinivaasan-Inspiron-1545 kernel: [    0.299625] PnPBIOS: Disabled by ACPI PNP
Mar 16 09:28:36 kashrinivaasan-Inspiron-1545 kernel: [    0.336574] pci 0000:00:1c.0: bridge window [io  0x1000-0x0fff] to [bus 0b] add_size 1000
Mar 16 09:28:36 kashrinivaasan-Inspiron-1545 kernel: [    0.336581] pci 0000:00:1c.0: bridge window [mem 0x00100000-0x000fffff 64bit pref] to [bus 0b] add_size 200000
Mar 16 09:28:36 kashrinivaasan-Inspiron-1545 kernel: [    0.336584] pci 0000:00:1c.0: bridge window [mem 0x00100000-0x000fffff] to [bus 0b] add_size 200000
Mar 16 09:28:36 kashrinivaasan-Inspiron-1545 kernel: [    0.336597] pci 0000:00:1c.1: bridge window [io  0x1000-0x0fff] to [bus 0c] add_size 1000
Mar 16 09:28:36 kashrinivaasan-Inspiron-1545 kernel: [    0.336601] pci 0000:00:1c.1: bridge window [mem 0x00100000-0x000fffff 64bit pref] to [bus 0c] add_size 200000
Mar 16 09:28:36 kashrinivaasan-Inspiron-1545 kernel: [    0.336615] pci 0000:00:1c.2: bridge window [mem 0x00100000-0x000fffff 64bit pref] to [bus 09] add_size 200000
Mar 16 09:28:36 kashrinivaasan-Inspiron-1545 kernel: [    0.336641] pci 0000:00:1c.0: res[14]=[mem 0x00100000-0x000fffff] get_res_add_size add_size 200000
Mar 16 09:28:36 kashrinivaasan-Inspiron-1545 kernel: [    0.336645] pci 0000:00:1c.0: res[15]=[mem 0x00100000-0x000fffff 64bit pref] get_res_add_size add_size 200000
Mar 16 09:28:36 kashrinivaasan-Inspiron-1545 kernel: [    0.336648] pci 0000:00:1c.1: res[15]=[mem 0x00100000-0x000fffff 64bit pref] get_res_add_size add_size 200000
Mar 16 09:28:36 kashrinivaasan-Inspiron-1545 kernel: [    0.336652] pci 0000:00:1c.2: res[15]=[mem 0x00100000-0x000fffff 64bit pref] get_res_add_size add_size 200000
Mar 16 09:28:36 kashrinivaasan-Inspiron-1545 kernel: [    0.336655] pci 0000:00:1c.0: res[13]=[io  0x1000-0x0fff] get_res_add_size add_size 1000
Mar 16 09:28:36 kashrinivaasan-Inspiron-1545 kernel: [    0.336658] pci 0000:00:1c.1: res[13]=[io  0x1000-0x0fff] get_res_add_size add_size 1000
Mar 16 09:28:36 kashrinivaasan-Inspiron-1545 kernel: [    0.336665] pci 0000:00:1c.0: BAR 14: assigned [mem 0xc0000000-0xc01fffff]
Mar 16 09:28:36 kashrinivaasan-Inspiron-1545 kernel: [    0.336669] pci 0000:00:1c.0: BAR 15: assigned [mem 0xc0200000-0xc03fffff 64bit pref]
Mar 16 09:28:36 kashrinivaasan-Inspiron-1545 kernel: [    0.336673] pci 0000:00:1c.1: BAR 15: assigned [mem 0xc0400000-0xc05fffff 64bit pref]
Mar 16 09:28:36 kashrinivaasan-Inspiron-1545 kernel: [    0.336678] pci 0000:00:1c.2: BAR 15: assigned [mem 0xc0600000-0xc07fffff 64bit pref]
Mar 16 09:28:36 kashrinivaasan-Inspiron-1545 kernel: [    0.336682] pci 0000:00:1c.0: BAR 13: assigned [io  0x2000-0x2fff]
Mar 16 09:28:36 kashrinivaasan-Inspiron-1545 kernel: [    0.336686] pci 0000:00:1c.1: BAR 13: assigned [io  0x3000-0x3fff]
Mar 16 09:28:36 kashrinivaasan-Inspiron-1545 kernel: [    0.336690] pci 0000:00:1c.0: PCI bridge to [bus 0b]
Mar 16 09:28:36 kashrinivaasan-Inspiron-1545 kernel: [    0.336697] pci 0000:00:1c.0:   bridge window [io  0x2000-0x2fff]
Mar 16 09:28:36 kashrinivaasan-Inspiron-1545 kernel: [    0.336704] pci 0000:00:1c.0:   bridge window [mem 0xc0000000-0xc01fffff]
Mar 16 09:28:36 kashrinivaasan-Inspiron-1545 kernel: [    0.336710] pci 0000:00:1c.0:   bridge window [mem 0xc0200000-0xc03fffff 64bit pref]
Mar 16 09:28:36 kashrinivaasan-Inspiron-1545 kernel: [    0.336719] pci 0000:00:1c.1: PCI bridge to [bus 0c]
Mar 16 09:28:36 kashrinivaasan-Inspiron-1545 kernel: [    0.336723] pci 0000:00:1c.1:   bridge window [io  0x3000-0x3fff]
Mar 16 09:28:36 kashrinivaasan-Inspiron-1545 kernel: [    0.336730] pci 0000:00:1c.1:   bridge window [mem 0xf6900000-0xf69fffff]
Mar 16 09:28:36 kashrinivaasan-Inspiron-1545 kernel: [    0.336737] pci 0000:00:1c.1:   bridge window [mem 0xc0400000-0xc05fffff 64bit pref]
Mar 16 09:28:36 kashrinivaasan-Inspiron-1545 kernel: [    0.336745] pci 0000:00:1c.2: PCI bridge to [bus 09]
Mar 16 09:28:36 kashrinivaasan-Inspiron-1545 kernel: [    0.336750] pci 0000:00:1c.2:   bridge window [io  0xd000-0xdfff]
Mar 16 09:28:36 kashrinivaasan-Inspiron-1545 kernel: [    0.336757] pci 0000:00:1c.2:   bridge window [mem 0xf6800000-0xf68fffff]
Mar 16 09:28:36 kashrinivaasan-Inspiron-1545 kernel: [    0.336763] pci 0000:00:1c.2:   bridge window [mem 0xc0600000-0xc07fffff 64bit pref]
Mar 16 09:28:36 kashrinivaasan-Inspiron-1545 kernel: [    0.336771] pci 0000:00:1c.4: PCI bridge to [bus 0d-0e]
Mar 16 09:28:36 kashrinivaasan-Inspiron-1545 kernel: [    0.336776] pci 0000:00:1c.4:   bridge window [io  0xc000-0xcfff]
Mar 16 09:28:36 kashrinivaasan-Inspiron-1545 kernel: [    0.336783] pci 0000:00:1c.4:   bridge window [mem 0xf6600000-0xf67fffff]
Mar 16 09:28:36 kashrinivaasan-Inspiron-1545 kernel: [    0.336789] pci 0000:00:1c.4:   bridge window [mem 0xf0000000-0xf01fffff 64bit pref]
Mar 16 09:28:36 kashrinivaasan-Inspiron-1545 kernel: [    0.336798] pci 0000:00:1e.0: PCI bridge to [bus 03]
Mar 16 09:28:36 kashrinivaasan-Inspiron-1545 kernel: [    0.336856] pci 0000:00:1e.0: setting latency timer to 64
Mar 16 09:28:36 kashrinivaasan-Inspiron-1545 kernel: [    0.336862] pci_bus 0000:00: resource 4 [io  0x0000-0x0cf7]
Mar 16 09:28:36 kashrinivaasan-Inspiron-1545 kernel: [    0.336865] pci_bus 0000:00: resource 5 [io  0x0d00-0xffff]
Mar 16 09:28:36 kashrinivaasan-Inspiron-1545 kernel: [    0.336867] pci_bus 0000:00: resource 6 [mem 0x000a0000-0x000bffff]
Mar 16 09:28:36 kashrinivaasan-Inspiron-1545 kernel: [    0.336870] pci_bus 0000:00: resource 7 [mem 0x000d0000-0x000dffff]
Mar 16 09:28:36 kashrinivaasan-Inspiron-1545 kernel: [    0.336873] pci_bus 0000:00: resource 8 [mem 0xc0000000-0xf7ffffff]
Mar 16 09:28:36 kashrinivaasan-Inspiron-1545 kernel: [    0.336876] pci_bus 0000:00: resource 9 [mem 0xfc000000-0xfebfffff]
Mar 16 09:28:36 kashrinivaasan-Inspiron-1545 kernel: [    0.336879] pci_bus 0000:00: resource 10 [mem 0xfec10000-0xfecfffff]
Mar 16 09:28:36 kashrinivaasan-Inspiron-1545 kernel: [    0.336882] pci_bus 0000:00: resource 11 [mem 0xfed1c000-0xfed1ffff]
Mar 16 09:28:36 kashrinivaasan-Inspiron-1545 kernel: [    0.336885] pci_bus 0000:00: resource 12 [mem 0xfed90000-0xfed9ffff]
Mar 16 09:28:36 kashrinivaasan-Inspiron-1545 kernel: [    0.336887] pci_bus 0000:00: resource 13 [mem 0xfeda7000-0xfedfffff]
Mar 16 09:28:36 kashrinivaasan-Inspiron-1545 kernel: [    0.336890] pci_bus 0000:00: resource 14 [mem 0xfee10000-0xff9fffff]
Mar 16 09:28:36 kashrinivaasan-Inspiron-1545 kernel: [    0.336893] pci_bus 0000:00: resource 15 [mem 0xffc00000-0xffdfffff]
Mar 16 09:28:36 kashrinivaasan-Inspiron-1545 kernel: [    0.336896] pci_bus 0000:0b: resource 0 [io  0x2000-0x2fff]
Mar 16 09:28:36 kashrinivaasan-Inspiron-1545 kernel: [    0.336899] pci_bus 0000:0b: resource 1 [mem 0xc0000000-0xc01fffff]
Mar 16 09:28:36 kashrinivaasan-Inspiron-1545 kernel: [    0.336902] pci_bus 0000:0b: resource 2 [mem 0xc0200000-0xc03fffff 64bit pref]
Mar 16 09:28:36 kashrinivaasan-Inspiron-1545 kernel: [    0.336905] pci_bus 0000:0c: resource 0 [io  0x3000-0x3fff]
Mar 16 09:28:36 kashrinivaasan-Inspiron-1545 kernel: [    0.336908] pci_bus 0000:0c: resource 1 [mem 0xf6900000-0xf69fffff]
Mar 16 09:28:36 kashrinivaasan-Inspiron-1545 kernel: [    0.336911] pci_bus 0000:0c: resource 2 [mem 0xc0400000-0xc05fffff 64bit pref]
Mar 16 09:28:36 kashrinivaasan-Inspiron-1545 kernel: [    0.336914] pci_bus 0000:09: resource 0 [io  0xd000-0xdfff]
Mar 16 09:28:36 kashrinivaasan-Inspiron-1545 kernel: [    0.336916] pci_bus 0000:09: resource 1 [mem 0xf6800000-0xf68fffff]
Mar 16 09:28:36 kashrinivaasan-Inspiron-1545 kernel: [    0.336919] pci_bus 0000:09: resource 2 [mem 0xc0600000-0xc07fffff 64bit pref]
Mar 16 09:28:36 kashrinivaasan-Inspiron-1545 kernel: [    0.336922] pci_bus 0000:0d: resource 0 [io  0xc000-0xcfff]
Mar 16 09:28:36 kashrinivaasan-Inspiron-1545 kernel: [    0.336925] pci_bus 0000:0d: resource 1 [mem 0xf6600000-0xf67fffff]
Mar 16 09:28:36 kashrinivaasan-Inspiron-1545 kernel: [    0.336928] pci_bus 0000:0d: resource 2 [mem 0xf0000000-0xf01fffff 64bit pref]
Mar 16 09:28:36 kashrinivaasan-Inspiron-1545 kernel: [    0.336931] pci_bus 0000:03: resource 4 [io  0x0000-0x0cf7]
Mar 16 09:28:36 kashrinivaasan-Inspiron-1545 kernel: [    0.336934] pci_bus 0000:03: resource 5 [io  0x0d00-0xffff]
Mar 16 09:28:36 kashrinivaasan-Inspiron-1545 kernel: [    0.336937] pci_bus 0000:03: resource 6 [mem 0x000a0000-0x000bffff]
Mar 16 09:28:36 kashrinivaasan-Inspiron-1545 kernel: [    0.336939] pci_bus 0000:03: resource 7 [mem 0x000d0000-0x000dffff]
Mar 16 09:28:36 kashrinivaasan-Inspiron-1545 kernel: [    0.336942] pci_bus 0000:03: resource 8 [mem 0xc0000000-0xf7ffffff]
Mar 16 09:28:36 kashrinivaasan-Inspiron-1545 kernel: [    0.336945] pci_bus 0000:03: resource 9 [mem 0xfc000000-0xfebfffff]
Mar 16 09:28:36 kashrinivaasan-Inspiron-1545 kernel: [    0.336948] pci_bus 0000:03: resource 10 [mem 0xfec10000-0xfecfffff]
Mar 16 09:28:36 kashrinivaasan-Inspiron-1545 kernel: [    0.336951] pci_bus 0000:03: resource 11 [mem 0xfed1c000-0xfed1ffff]
Mar 16 09:28:36 kashrinivaasan-Inspiron-1545 kernel: [    0.336954] pci_bus 0000:03: resource 12 [mem 0xfed90000-0xfed9ffff]
Mar 16 09:28:36 kashrinivaasan-Inspiron-1545 kernel: [    0.336957] pci_bus 0000:03: resource 13 [mem 0xfeda7000-0xfedfffff]
Mar 16 09:28:36 kashrinivaasan-Inspiron-1545 kernel: [    0.336959] pci_bus 0000:03: resource 14 [mem 0xfee10000-0xff9fffff]
Mar 16 09:28:36 kashrinivaasan-Inspiron-1545 kernel: [    0.336962] pci_bus 0000:03: resource 15 [mem 0xffc00000-0xffdfffff]
Mar 16 09:28:36 kashrinivaasan-Inspiron-1545 kernel: [    0.336998] NET: Registered protocol family 2
Mar 16 09:28:36 kashrinivaasan-Inspiron-1545 kernel: [    0.337180] TCP established hash table entries: 131072 (order: 8, 1048576 bytes)
Mar 16 09:28:36 kashrinivaasan-Inspiron-1545 kernel: [    0.337619] TCP bind hash table entries: 65536 (order: 7, 524288 bytes)
Mar 16 09:28:36 kashrinivaasan-Inspiron-1545 kernel: [    0.337810] TCP: Hash tables configured (established 131072 bind 65536)
Mar 16 09:28:36 kashrinivaasan-Inspiron-1545 kernel: [    0.337837] TCP: reno registered
Mar 16 09:28:36 kashrinivaasan-Inspiron-1545 kernel: [    0.337841] UDP hash table entries: 512 (order: 2, 16384 bytes)
Mar 16 09:28:36 kashrinivaasan-Inspiron-1545 kernel: [    0.337851] UDP-Lite hash table entries: 512 (order: 2, 16384 bytes)
Mar 16 09:28:36 kashrinivaasan-Inspiron-1545 kernel: [    0.337918] NET: Registered protocol family 1
Mar 16 09:28:36 kashrinivaasan-Inspiron-1545 kernel: [    0.337937] pci 0000:00:02.0: Boot video device
Mar 16 09:28:36 kashrinivaasan-Inspiron-1545 kernel: [    0.338390] PCI: CLS 64 bytes, default 64
Mar 16 09:28:36 kashrinivaasan-Inspiron-1545 kernel: [    0.338445] Trying to unpack rootfs image as initramfs...
Mar 16 09:28:36 kashrinivaasan-Inspiron-1545 kernel: [    0.836000] Freeing initrd memory: 19708k freed
Mar 16 09:28:36 kashrinivaasan-Inspiron-1545 kernel: [    0.845920] Initialise module verification
Mar 16 09:28:36 kashrinivaasan-Inspiron-1545 kernel: [    0.845975] audit: initializing netlink socket (disabled)
Mar 16 09:28:36 kashrinivaasan-Inspiron-1545 kernel: [    0.845990] type=2000 audit(1394962099.844:1): initialized
Mar 16 09:28:36 kashrinivaasan-Inspiron-1545 kernel: [    0.876210] bounce pool size: 64 pages
Mar 16 09:28:36 kashrinivaasan-Inspiron-1545 kernel: [    0.876228] HugeTLB registered 2 MB page size, pre-allocated 0 pages
Mar 16 09:28:36 kashrinivaasan-Inspiron-1545 kernel: [    0.878200] VFS: Disk quotas dquot_6.5.2
Mar 16 09:28:36 kashrinivaasan-Inspiron-1545 kernel: [    0.878256] Dquot-cache hash table entries: 1024 (order 0, 4096 bytes)
Mar 16 09:28:36 kashrinivaasan-Inspiron-1545 kernel: [    0.878890] fuse init (API version 7.20)
Mar 16 09:28:36 kashrinivaasan-Inspiron-1545 kernel: [    0.878990] msgmni has been set to 1700
Mar 16 09:28:36 kashrinivaasan-Inspiron-1545 kernel: [    0.879438] Key type asymmetric registered
Mar 16 09:28:36 kashrinivaasan-Inspiron-1545 kernel: [    0.879441] Asymmetric key parser 'x509' registered
Mar 16 09:28:36 kashrinivaasan-Inspiron-1545 kernel: [    0.879483] Block layer SCSI generic (bsg) driver version 0.4 loaded (major 252)
Mar 16 09:28:36 kashrinivaasan-Inspiron-1545 kernel: [    0.879513] io scheduler noop registered
Mar 16 09:28:36 kashrinivaasan-Inspiron-1545 kernel: [    0.879516] io scheduler deadline registered (default)
Mar 16 09:28:36 kashrinivaasan-Inspiron-1545 kernel: [    0.879525] io scheduler cfq registered
Mar 16 09:28:36 kashrinivaasan-Inspiron-1545 kernel: [    0.879711] pcieport 0000:00:1c.0: irq 40 for MSI/MSI-X
Mar 16 09:28:36 kashrinivaasan-Inspiron-1545 kernel: [    0.879850] pcieport 0000:00:1c.1: irq 41 for MSI/MSI-X
Mar 16 09:28:36 kashrinivaasan-Inspiron-1545 kernel: [    0.879983] pcieport 0000:00:1c.2: irq 42 for MSI/MSI-X
Mar 16 09:28:36 kashrinivaasan-Inspiron-1545 kernel: [    0.880140] pcieport 0000:00:1c.4: irq 43 for MSI/MSI-X
Mar 16 09:28:36 kashrinivaasan-Inspiron-1545 kernel: [    0.880244] pci_hotplug: PCI Hot Plug PCI Core version: 0.5
Mar 16 09:28:36 kashrinivaasan-Inspiron-1545 kernel: [    0.880264] pciehp: PCI Express Hot Plug Controller Driver version: 0.4
Mar 16 09:28:36 kashrinivaasan-Inspiron-1545 kernel: [    0.880336] intel_idle: does not run on family 6 model 23
Mar 16 09:28:36 kashrinivaasan-Inspiron-1545 kernel: [    0.880451] ACPI: AC Adapter [AC] (on-line)
Mar 16 09:28:36 kashrinivaasan-Inspiron-1545 kernel: [    0.880528] input: Lid Switch as /devices/LNXSYSTM:00/LNXSYBUS:00/PNP0C0D:00/input/input0
Mar 16 09:28:36 kashrinivaasan-Inspiron-1545 kernel: [    0.881332] ACPI: Lid Switch [LID]
Mar 16 09:28:36 kashrinivaasan-Inspiron-1545 kernel: [    0.881376] input: Power Button as /devices/LNXSYSTM:00/LNXSYBUS:00/PNP0C0C:00/input/input1
Mar 16 09:28:36 kashrinivaasan-Inspiron-1545 kernel: [    0.881381] ACPI: Power Button [PBTN]
Mar 16 09:28:36 kashrinivaasan-Inspiron-1545 kernel: [    0.881422] input: Sleep Button as /devices/LNXSYSTM:00/LNXSYBUS:00/PNP0C0E:00/input/input2
Mar 16 09:28:36 kashrinivaasan-Inspiron-1545 kernel: [    0.881425] ACPI: Sleep Button [SBTN]
Mar 16 09:28:36 kashrinivaasan-Inspiron-1545 kernel: [    0.881504] ACPI: Requesting acpi_cpufreq
Mar 16 09:28:36 kashrinivaasan-Inspiron-1545 kernel: [    0.881723] Monitor-Mwait will be used to enter C-1 state
Mar 16 09:28:36 kashrinivaasan-Inspiron-1545 kernel: [    0.881729] Monitor-Mwait will be used to enter C-2 state
Mar 16 09:28:36 kashrinivaasan-Inspiron-1545 kernel: [    0.881733] Monitor-Mwait will be used to enter C-3 state
Mar 16 09:28:36 kashrinivaasan-Inspiron-1545 kernel: [    0.881737] tsc: Marking TSC unstable due to TSC halts in idle
Mar 16 09:28:36 kashrinivaasan-Inspiron-1545 kernel: [    0.881749] ACPI: acpi_idle registered with cpuidle
Mar 16 09:28:36 kashrinivaasan-Inspiron-1545 kernel: [    0.895110] thermal LNXTHERM:00: registered as thermal_zone0
Mar 16 09:28:36 kashrinivaasan-Inspiron-1545 kernel: [    0.895113] ACPI: Thermal Zone [THM] (40 C)
Mar 16 09:28:36 kashrinivaasan-Inspiron-1545 kernel: [    0.895154] GHES: HEST is not enabled!
Mar 16 09:28:36 kashrinivaasan-Inspiron-1545 kernel: [    0.895167] isapnp: Scanning for PnP cards...
Mar 16 09:28:36 kashrinivaasan-Inspiron-1545 kernel: [    0.944972] ACPI: Battery Slot [BAT0] (battery present)
Mar 16 09:28:36 kashrinivaasan-Inspiron-1545 kernel: [    1.274815] isapnp: No Plug & Play device found
Mar 16 09:28:36 kashrinivaasan-Inspiron-1545 kernel: [    1.274914] Serial: 8250/16550 driver, 32 ports, IRQ sharing enabled
Mar 16 09:28:36 kashrinivaasan-Inspiron-1545 kernel: [    1.276566] Linux agpgart interface v0.103
Mar 16 09:28:36 kashrinivaasan-Inspiron-1545 kernel: [    1.276677] agpgart-intel 0000:00:00.0: Intel GM45 Chipset
Mar 16 09:28:36 kashrinivaasan-Inspiron-1545 kernel: [    1.276723] agpgart-intel 0000:00:00.0: detected gtt size: 2097152K total, 262144K mappable
Mar 16 09:28:36 kashrinivaasan-Inspiron-1545 kernel: [    1.277410] agpgart-intel 0000:00:00.0: detected 32768K stolen memory
Mar 16 09:28:36 kashrinivaasan-Inspiron-1545 kernel: [    1.277543] agpgart-intel 0000:00:00.0: AGP aperture is 256M @ 0xe0000000
Mar 16 09:28:36 kashrinivaasan-Inspiron-1545 kernel: [    1.279192] brd: module loaded
Mar 16 09:28:36 kashrinivaasan-Inspiron-1545 kernel: [    1.280058] loop: module loaded
Mar 16 09:28:36 kashrinivaasan-Inspiron-1545 kernel: [    1.280553] libphy: Fixed MDIO Bus: probed
Mar 16 09:28:36 kashrinivaasan-Inspiron-1545 kernel: [    1.280631] tun: Universal TUN/TAP device driver, 1.6
Mar 16 09:28:36 kashrinivaasan-Inspiron-1545 kernel: [    1.280633] tun: (C) 1999-2004 Max Krasnyansky <maxk@qualcomm.com>
Mar 16 09:28:36 kashrinivaasan-Inspiron-1545 kernel: [    1.280681] PPP generic driver version 2.4.2
