Mar 22 17:11:50 kashrinivaasan-Inspiron-1545 kernel: imklog 5.8.6, log source = /proc/kmsg started.
Mar 22 17:11:50 kashrinivaasan-Inspiron-1545 kernel: [    0.000000] Initializing cgroup subsys cpuset
Mar 22 17:11:50 kashrinivaasan-Inspiron-1545 kernel: [    0.000000] Initializing cgroup subsys cpu
Mar 22 17:11:50 kashrinivaasan-Inspiron-1545 kernel: [    0.000000] Linux version 3.7.8 (root@kashrinivaasan-Inspiron-1545) (gcc version 4.4.1 (GCC) ) #1 SMP Thu Dec 5 14:55:47 IST 2013
Mar 22 17:11:50 kashrinivaasan-Inspiron-1545 kernel: [    0.000000] KERNEL supported cpus:
Mar 22 17:11:50 kashrinivaasan-Inspiron-1545 kernel: [    0.000000]   Intel GenuineIntel
Mar 22 17:11:50 kashrinivaasan-Inspiron-1545 kernel: [    0.000000]   AMD AuthenticAMD
Mar 22 17:11:50 kashrinivaasan-Inspiron-1545 kernel: [    0.000000]   NSC Geode by NSC
Mar 22 17:11:50 kashrinivaasan-Inspiron-1545 kernel: [    0.000000]   Cyrix CyrixInstead
Mar 22 17:11:50 kashrinivaasan-Inspiron-1545 kernel: [    0.000000]   Centaur CentaurHauls
Mar 22 17:11:50 kashrinivaasan-Inspiron-1545 kernel: [    0.000000]   Transmeta GenuineTMx86
Mar 22 17:11:50 kashrinivaasan-Inspiron-1545 kernel: [    0.000000]   Transmeta TransmetaCPU
Mar 22 17:11:50 kashrinivaasan-Inspiron-1545 kernel: [    0.000000]   UMC UMC UMC UMC
Mar 22 17:11:50 kashrinivaasan-Inspiron-1545 kernel: [    0.000000] e820: BIOS-provided physical RAM map:
Mar 22 17:11:50 kashrinivaasan-Inspiron-1545 kernel: [    0.000000] BIOS-e820: [mem 0x0000000000000000-0x000000000009efff] usable
Mar 22 17:11:50 kashrinivaasan-Inspiron-1545 kernel: [    0.000000] BIOS-e820: [mem 0x000000000009f000-0x000000000009ffff] reserved
Mar 22 17:11:50 kashrinivaasan-Inspiron-1545 kernel: [    0.000000] BIOS-e820: [mem 0x0000000000100000-0x00000000bd8bf3ff] usable
Mar 22 17:11:50 kashrinivaasan-Inspiron-1545 kernel: [    0.000000] BIOS-e820: [mem 0x00000000bd8bf400-0x00000000bdac13ff] ACPI NVS
Mar 22 17:11:50 kashrinivaasan-Inspiron-1545 kernel: [    0.000000] BIOS-e820: [mem 0x00000000bdac1400-0x00000000bfffffff] reserved
Mar 22 17:11:50 kashrinivaasan-Inspiron-1545 kernel: [    0.000000] BIOS-e820: [mem 0x00000000f8000000-0x00000000fbffffff] reserved
Mar 22 17:11:50 kashrinivaasan-Inspiron-1545 kernel: [    0.000000] BIOS-e820: [mem 0x00000000fec00000-0x00000000fec0ffff] reserved
Mar 22 17:11:50 kashrinivaasan-Inspiron-1545 kernel: [    0.000000] BIOS-e820: [mem 0x00000000fed18000-0x00000000fed1bfff] reserved
Mar 22 17:11:50 kashrinivaasan-Inspiron-1545 kernel: [    0.000000] BIOS-e820: [mem 0x00000000fed20000-0x00000000fed8ffff] reserved
Mar 22 17:11:50 kashrinivaasan-Inspiron-1545 kernel: [    0.000000] BIOS-e820: [mem 0x00000000feda0000-0x00000000feda5fff] reserved
Mar 22 17:11:50 kashrinivaasan-Inspiron-1545 kernel: [    0.000000] BIOS-e820: [mem 0x00000000fee00000-0x00000000fee0ffff] reserved
Mar 22 17:11:50 kashrinivaasan-Inspiron-1545 kernel: [    0.000000] BIOS-e820: [mem 0x00000000ffe00000-0x00000000ffffffff] reserved
Mar 22 17:11:50 kashrinivaasan-Inspiron-1545 kernel: [    0.000000] NX (Execute Disable) protection: active
Mar 22 17:11:50 kashrinivaasan-Inspiron-1545 kernel: [    0.000000] SMBIOS 2.4 present.
Mar 22 17:11:50 kashrinivaasan-Inspiron-1545 kernel: [    0.000000] DMI: Dell Inc. Inspiron 1545                   /0J037P, BIOS A14 12/07/2009
Mar 22 17:11:50 kashrinivaasan-Inspiron-1545 kernel: [    0.000000] e820: update [mem 0x00000000-0x0000ffff] usable ==> reserved
Mar 22 17:11:50 kashrinivaasan-Inspiron-1545 kernel: [    0.000000] e820: remove [mem 0x000a0000-0x000fffff] usable
Mar 22 17:11:50 kashrinivaasan-Inspiron-1545 kernel: [    0.000000] e820: last_pfn = 0xbd8bf max_arch_pfn = 0x1000000
Mar 22 17:11:50 kashrinivaasan-Inspiron-1545 kernel: [    0.000000] MTRR default type: uncachable
Mar 22 17:11:50 kashrinivaasan-Inspiron-1545 kernel: [    0.000000] MTRR fixed ranges enabled:
Mar 22 17:11:50 kashrinivaasan-Inspiron-1545 kernel: [    0.000000]   00000-9FFFF write-back
Mar 22 17:11:50 kashrinivaasan-Inspiron-1545 kernel: [    0.000000]   A0000-BFFFF uncachable
Mar 22 17:11:50 kashrinivaasan-Inspiron-1545 kernel: [    0.000000]   C0000-CFFFF write-protect
Mar 22 17:11:50 kashrinivaasan-Inspiron-1545 kernel: [    0.000000]   D0000-EFFFF uncachable
Mar 22 17:11:50 kashrinivaasan-Inspiron-1545 kernel: [    0.000000]   F0000-FFFFF write-protect
Mar 22 17:11:50 kashrinivaasan-Inspiron-1545 kernel: [    0.000000] MTRR variable ranges enabled:
Mar 22 17:11:50 kashrinivaasan-Inspiron-1545 kernel: [    0.000000]   0 base 000000000 mask 800000000 write-back
Mar 22 17:11:50 kashrinivaasan-Inspiron-1545 kernel: [    0.000000]   1 base 0E0000000 mask FE0000000 uncachable
Mar 22 17:11:50 kashrinivaasan-Inspiron-1545 kernel: [    0.000000]   2 base 0BDC00000 mask FFFC00000 uncachable
Mar 22 17:11:50 kashrinivaasan-Inspiron-1545 kernel: [    0.000000]   3 base 0BE000000 mask FFE000000 uncachable
Mar 22 17:11:50 kashrinivaasan-Inspiron-1545 kernel: [    0.000000]   4 disabled
Mar 22 17:11:50 kashrinivaasan-Inspiron-1545 kernel: [    0.000000]   5 disabled
Mar 22 17:11:50 kashrinivaasan-Inspiron-1545 kernel: [    0.000000]   6 disabled
Mar 22 17:11:50 kashrinivaasan-Inspiron-1545 kernel: [    0.000000] x86 PAT enabled: cpu 0, old 0x7040600070406, new 0x7010600070106
Mar 22 17:11:50 kashrinivaasan-Inspiron-1545 kernel: [    0.000000] original variable MTRRs
Mar 22 17:11:50 kashrinivaasan-Inspiron-1545 kernel: [    0.000000] reg 0, base: 0GB, range: 32GB, type WB
Mar 22 17:11:50 kashrinivaasan-Inspiron-1545 kernel: [    0.000000] reg 1, base: 3584MB, range: 512MB, type UC
Mar 22 17:11:50 kashrinivaasan-Inspiron-1545 kernel: [    0.000000] reg 2, base: 3036MB, range: 4MB, type UC
Mar 22 17:11:50 kashrinivaasan-Inspiron-1545 kernel: [    0.000000] reg 3, base: 3040MB, range: 32MB, type UC
Mar 22 17:11:50 kashrinivaasan-Inspiron-1545 kernel: [    0.000000] total RAM covered: 32220M
Mar 22 17:11:50 kashrinivaasan-Inspiron-1545 kernel: [    0.000000]  gran_size: 64K 	chunk_size: 64K 	num_reg: 7  	lose cover RAM: 29188M
Mar 22 17:11:50 kashrinivaasan-Inspiron-1545 kernel: [    0.000000]  gran_size: 64K 	chunk_size: 128K 	num_reg: 7  	lose cover RAM: 29188M
Mar 22 17:11:50 kashrinivaasan-Inspiron-1545 kernel: [    0.000000]  gran_size: 64K 	chunk_size: 256K 	num_reg: 7  	lose cover RAM: 29188M
Mar 22 17:11:50 kashrinivaasan-Inspiron-1545 kernel: [    0.000000]  gran_size: 64K 	chunk_size: 512K 	num_reg: 7  	lose cover RAM: 29188M
Mar 22 17:11:50 kashrinivaasan-Inspiron-1545 kernel: [    0.000000]  gran_size: 64K 	chunk_size: 1M 	num_reg: 7  	lose cover RAM: 29188M
Mar 22 17:11:50 kashrinivaasan-Inspiron-1545 kernel: [    0.000000]  gran_size: 64K 	chunk_size: 2M 	num_reg: 7  	lose cover RAM: 29188M
Mar 22 17:11:50 kashrinivaasan-Inspiron-1545 kernel: [    0.000000]  gran_size: 64K 	chunk_size: 4M 	num_reg: 7  	lose cover RAM: 29188M
Mar 22 17:11:50 kashrinivaasan-Inspiron-1545 kernel: [    0.000000]  gran_size: 64K 	chunk_size: 8M 	num_reg: 7  	lose cover RAM: 29184M
Mar 22 17:11:50 kashrinivaasan-Inspiron-1545 kernel: [    0.000000]  gran_size: 64K 	chunk_size: 16M 	num_reg: 7  	lose cover RAM: 29184M
Mar 22 17:11:50 kashrinivaasan-Inspiron-1545 kernel: [    0.000000]  gran_size: 64K 	chunk_size: 32M 	num_reg: 7  	lose cover RAM: 29184M
Mar 22 17:11:50 kashrinivaasan-Inspiron-1545 kernel: [    0.000000]  gran_size: 64K 	chunk_size: 64M 	num_reg: 7  	lose cover RAM: 16G
Mar 22 17:11:50 kashrinivaasan-Inspiron-1545 kernel: [    0.000000]  gran_size: 64K 	chunk_size: 128M 	num_reg: 7  	lose cover RAM: 16G
Mar 22 17:11:50 kashrinivaasan-Inspiron-1545 kernel: [    0.000000]  gran_size: 64K 	chunk_size: 256M 	num_reg: 7  	lose cover RAM: 16G
Mar 22 17:11:50 kashrinivaasan-Inspiron-1545 kernel: [    0.000000]  gran_size: 64K 	chunk_size: 512M 	num_reg: 7  	lose cover RAM: 16G
Mar 22 17:11:50 kashrinivaasan-Inspiron-1545 kernel: [    0.000000]  gran_size: 64K 	chunk_size: 1G 	num_reg: 7  	lose cover RAM: 16G
Mar 22 17:11:50 kashrinivaasan-Inspiron-1545 kernel: [    0.000000]  gran_size: 64K 	chunk_size: 2G 	num_reg: 7  	lose cover RAM: 29188M
Mar 22 17:11:50 kashrinivaasan-Inspiron-1545 kernel: [    0.000000]  gran_size: 128K 	chunk_size: 128K 	num_reg: 7  	lose cover RAM: 29188M
Mar 22 17:11:50 kashrinivaasan-Inspiron-1545 kernel: [    0.000000]  gran_size: 128K 	chunk_size: 256K 	num_reg: 7  	lose cover RAM: 29188M
Mar 22 17:11:50 kashrinivaasan-Inspiron-1545 kernel: [    0.000000]  gran_size: 128K 	chunk_size: 512K 	num_reg: 7  	lose cover RAM: 29188M
Mar 22 17:11:50 kashrinivaasan-Inspiron-1545 kernel: [    0.000000]  gran_size: 128K 	chunk_size: 1M 	num_reg: 7  	lose cover RAM: 29188M
Mar 22 17:11:50 kashrinivaasan-Inspiron-1545 kernel: [    0.000000]  gran_size: 128K 	chunk_size: 2M 	num_reg: 7  	lose cover RAM: 29188M
Mar 22 17:11:50 kashrinivaasan-Inspiron-1545 kernel: [    0.000000]  gran_size: 128K 	chunk_size: 4M 	num_reg: 7  	lose cover RAM: 29188M
Mar 22 17:11:50 kashrinivaasan-Inspiron-1545 kernel: [    0.000000]  gran_size: 128K 	chunk_size: 8M 	num_reg: 7  	lose cover RAM: 29184M
Mar 22 17:11:50 kashrinivaasan-Inspiron-1545 kernel: [    0.000000]  gran_size: 128K 	chunk_size: 16M 	num_reg: 7  	lose cover RAM: 29184M
Mar 22 17:11:50 kashrinivaasan-Inspiron-1545 kernel: [    0.000000]  gran_size: 128K 	chunk_size: 32M 	num_reg: 7  	lose cover RAM: 29184M
Mar 22 17:11:50 kashrinivaasan-Inspiron-1545 kernel: [    0.000000]  gran_size: 128K 	chunk_size: 64M 	num_reg: 7  	lose cover RAM: 16G
Mar 22 17:11:50 kashrinivaasan-Inspiron-1545 kernel: [    0.000000]  gran_size: 128K 	chunk_size: 128M 	num_reg: 7  	lose cover RAM: 16G
Mar 22 17:11:50 kashrinivaasan-Inspiron-1545 kernel: [    0.000000]  gran_size: 128K 	chunk_size: 256M 	num_reg: 7  	lose cover RAM: 16G
Mar 22 17:11:50 kashrinivaasan-Inspiron-1545 kernel: [    0.000000]  gran_size: 128K 	chunk_size: 512M 	num_reg: 7  	lose cover RAM: 16G
Mar 22 17:11:50 kashrinivaasan-Inspiron-1545 kernel: [    0.000000]  gran_size: 128K 	chunk_size: 1G 	num_reg: 7  	lose cover RAM: 16G
Mar 22 17:11:50 kashrinivaasan-Inspiron-1545 kernel: [    0.000000]  gran_size: 128K 	chunk_size: 2G 	num_reg: 7  	lose cover RAM: 29188M
Mar 22 17:11:50 kashrinivaasan-Inspiron-1545 kernel: [    0.000000]  gran_size: 256K 	chunk_size: 256K 	num_reg: 7  	lose cover RAM: 29188M
Mar 22 17:11:50 kashrinivaasan-Inspiron-1545 kernel: [    0.000000]  gran_size: 256K 	chunk_size: 512K 	num_reg: 7  	lose cover RAM: 29188M
Mar 22 17:11:50 kashrinivaasan-Inspiron-1545 kernel: [    0.000000]  gran_size: 256K 	chunk_size: 1M 	num_reg: 7  	lose cover RAM: 29188M
Mar 22 17:11:50 kashrinivaasan-Inspiron-1545 kernel: [    0.000000]  gran_size: 256K 	chunk_size: 2M 	num_reg: 7  	lose cover RAM: 29188M
Mar 22 17:11:50 kashrinivaasan-Inspiron-1545 kernel: [    0.000000]  gran_size: 256K 	chunk_size: 4M 	num_reg: 7  	lose cover RAM: 29188M
Mar 22 17:11:50 kashrinivaasan-Inspiron-1545 kernel: [    0.000000]  gran_size: 256K 	chunk_size: 8M 	num_reg: 7  	lose cover RAM: 29184M
Mar 22 17:11:50 kashrinivaasan-Inspiron-1545 kernel: [    0.000000]  gran_size: 256K 	chunk_size: 16M 	num_reg: 7  	lose cover RAM: 29184M
Mar 22 17:11:50 kashrinivaasan-Inspiron-1545 kernel: [    0.000000]  gran_size: 256K 	chunk_size: 32M 	num_reg: 7  	lose cover RAM: 29184M
Mar 22 17:11:50 kashrinivaasan-Inspiron-1545 kernel: [    0.000000]  gran_size: 256K 	chunk_size: 64M 	num_reg: 7  	lose cover RAM: 16G
Mar 22 17:11:50 kashrinivaasan-Inspiron-1545 kernel: [    0.000000]  gran_size: 256K 	chunk_size: 128M 	num_reg: 7  	lose cover RAM: 16G
Mar 22 17:11:50 kashrinivaasan-Inspiron-1545 kernel: [    0.000000]  gran_size: 256K 	chunk_size: 256M 	num_reg: 7  	lose cover RAM: 16G
Mar 22 17:11:50 kashrinivaasan-Inspiron-1545 kernel: [    0.000000]  gran_size: 256K 	chunk_size: 512M 	num_reg: 7  	lose cover RAM: 16G
Mar 22 17:11:50 kashrinivaasan-Inspiron-1545 kernel: [    0.000000]  gran_size: 256K 	chunk_size: 1G 	num_reg: 7  	lose cover RAM: 16G
Mar 22 17:11:50 kashrinivaasan-Inspiron-1545 kernel: [    0.000000]  gran_size: 256K 	chunk_size: 2G 	num_reg: 7  	lose cover RAM: 29188M
Mar 22 17:11:50 kashrinivaasan-Inspiron-1545 kernel: [    0.000000]  gran_size: 512K 	chunk_size: 512K 	num_reg: 7  	lose cover RAM: 29188M
Mar 22 17:11:50 kashrinivaasan-Inspiron-1545 kernel: [    0.000000]  gran_size: 512K 	chunk_size: 1M 	num_reg: 7  	lose cover RAM: 29188M
Mar 22 17:11:50 kashrinivaasan-Inspiron-1545 kernel: [    0.000000]  gran_size: 512K 	chunk_size: 2M 	num_reg: 7  	lose cover RAM: 29188M
Mar 22 17:11:50 kashrinivaasan-Inspiron-1545 kernel: [    0.000000]  gran_size: 512K 	chunk_size: 4M 	num_reg: 7  	lose cover RAM: 29188M
Mar 22 17:11:50 kashrinivaasan-Inspiron-1545 kernel: [    0.000000]  gran_size: 512K 	chunk_size: 8M 	num_reg: 7  	lose cover RAM: 29184M
Mar 22 17:11:50 kashrinivaasan-Inspiron-1545 kernel: [    0.000000]  gran_size: 512K 	chunk_size: 16M 	num_reg: 7  	lose cover RAM: 29184M
Mar 22 17:11:50 kashrinivaasan-Inspiron-1545 kernel: [    0.000000]  gran_size: 512K 	chunk_size: 32M 	num_reg: 7  	lose cover RAM: 29184M
Mar 22 17:11:50 kashrinivaasan-Inspiron-1545 kernel: [    0.000000]  gran_size: 512K 	chunk_size: 64M 	num_reg: 7  	lose cover RAM: 16G
Mar 22 17:11:50 kashrinivaasan-Inspiron-1545 kernel: [    0.000000]  gran_size: 512K 	chunk_size: 128M 	num_reg: 7  	lose cover RAM: 16G
Mar 22 17:11:50 kashrinivaasan-Inspiron-1545 kernel: [    0.000000]  gran_size: 512K 	chunk_size: 256M 	num_reg: 7  	lose cover RAM: 16G
Mar 22 17:11:50 kashrinivaasan-Inspiron-1545 kernel: [    0.000000]  gran_size: 512K 	chunk_size: 512M 	num_reg: 7  	lose cover RAM: 16G
Mar 22 17:11:50 kashrinivaasan-Inspiron-1545 kernel: [    0.000000]  gran_size: 512K 	chunk_size: 1G 	num_reg: 7  	lose cover RAM: 16G
Mar 22 17:11:50 kashrinivaasan-Inspiron-1545 kernel: [    0.000000]  gran_size: 512K 	chunk_size: 2G 	num_reg: 7  	lose cover RAM: 29188M
Mar 22 17:11:50 kashrinivaasan-Inspiron-1545 kernel: [    0.000000]  gran_size: 1M 	chunk_size: 1M 	num_reg: 7  	lose cover RAM: 29188M
Mar 22 17:11:50 kashrinivaasan-Inspiron-1545 kernel: [    0.000000]  gran_size: 1M 	chunk_size: 2M 	num_reg: 7  	lose cover RAM: 29188M
Mar 22 17:11:50 kashrinivaasan-Inspiron-1545 kernel: [    0.000000]  gran_size: 1M 	chunk_size: 4M 	num_reg: 7  	lose cover RAM: 29188M
Mar 22 17:11:50 kashrinivaasan-Inspiron-1545 kernel: [    0.000000]  gran_size: 1M 	chunk_size: 8M 	num_reg: 7  	lose cover RAM: 29184M
Mar 22 17:11:50 kashrinivaasan-Inspiron-1545 kernel: [    0.000000]  gran_size: 1M 	chunk_size: 16M 	num_reg: 7  	lose cover RAM: 29184M
Mar 22 17:11:50 kashrinivaasan-Inspiron-1545 kernel: [    0.000000]  gran_size: 1M 	chunk_size: 32M 	num_reg: 7  	lose cover RAM: 29184M
Mar 22 17:11:50 kashrinivaasan-Inspiron-1545 kernel: [    0.000000]  gran_size: 1M 	chunk_size: 64M 	num_reg: 7  	lose cover RAM: 16G
Mar 22 17:11:50 kashrinivaasan-Inspiron-1545 kernel: [    0.000000]  gran_size: 1M 	chunk_size: 128M 	num_reg: 7  	lose cover RAM: 16G
Mar 22 17:11:50 kashrinivaasan-Inspiron-1545 kernel: [    0.000000]  gran_size: 1M 	chunk_size: 256M 	num_reg: 7  	lose cover RAM: 16G
Mar 22 17:11:50 kashrinivaasan-Inspiron-1545 kernel: [    0.000000]  gran_size: 1M 	chunk_size: 512M 	num_reg: 7  	lose cover RAM: 16G
Mar 22 17:11:50 kashrinivaasan-Inspiron-1545 kernel: [    0.000000]  gran_size: 1M 	chunk_size: 1G 	num_reg: 7  	lose cover RAM: 16G
Mar 22 17:11:50 kashrinivaasan-Inspiron-1545 kernel: [    0.000000]  gran_size: 1M 	chunk_size: 2G 	num_reg: 7  	lose cover RAM: 29188M
Mar 22 17:11:50 kashrinivaasan-Inspiron-1545 kernel: [    0.000000]  gran_size: 2M 	chunk_size: 2M 	num_reg: 7  	lose cover RAM: 29188M
Mar 22 17:11:50 kashrinivaasan-Inspiron-1545 kernel: [    0.000000]  gran_size: 2M 	chunk_size: 4M 	num_reg: 7  	lose cover RAM: 29188M
Mar 22 17:11:50 kashrinivaasan-Inspiron-1545 kernel: [    0.000000]  gran_size: 2M 	chunk_size: 8M 	num_reg: 7  	lose cover RAM: 29184M
Mar 22 17:11:50 kashrinivaasan-Inspiron-1545 kernel: [    0.000000]  gran_size: 2M 	chunk_size: 16M 	num_reg: 7  	lose cover RAM: 29184M
Mar 22 17:11:50 kashrinivaasan-Inspiron-1545 kernel: [    0.000000]  gran_size: 2M 	chunk_size: 32M 	num_reg: 7  	lose cover RAM: 29184M
Mar 22 17:11:50 kashrinivaasan-Inspiron-1545 kernel: [    0.000000]  gran_size: 2M 	chunk_size: 64M 	num_reg: 7  	lose cover RAM: 16G
Mar 22 17:11:50 kashrinivaasan-Inspiron-1545 kernel: [    0.000000]  gran_size: 2M 	chunk_size: 128M 	num_reg: 7  	lose cover RAM: 16G
Mar 22 17:11:50 kashrinivaasan-Inspiron-1545 kernel: [    0.000000]  gran_size: 2M 	chunk_size: 256M 	num_reg: 7  	lose cover RAM: 16G
Mar 22 17:11:50 kashrinivaasan-Inspiron-1545 kernel: [    0.000000]  gran_size: 2M 	chunk_size: 512M 	num_reg: 7  	lose cover RAM: 16G
Mar 22 17:11:50 kashrinivaasan-Inspiron-1545 kernel: [    0.000000]  gran_size: 2M 	chunk_size: 1G 	num_reg: 7  	lose cover RAM: 16G
Mar 22 17:11:50 kashrinivaasan-Inspiron-1545 kernel: [    0.000000]  gran_size: 2M 	chunk_size: 2G 	num_reg: 7  	lose cover RAM: 29188M
Mar 22 17:11:50 kashrinivaasan-Inspiron-1545 kernel: [    0.000000]  gran_size: 4M 	chunk_size: 4M 	num_reg: 7  	lose cover RAM: 29188M
Mar 22 17:11:50 kashrinivaasan-Inspiron-1545 kernel: [    0.000000]  gran_size: 4M 	chunk_size: 8M 	num_reg: 7  	lose cover RAM: 29184M
Mar 22 17:11:50 kashrinivaasan-Inspiron-1545 kernel: [    0.000000]  gran_size: 4M 	chunk_size: 16M 	num_reg: 7  	lose cover RAM: 29184M
Mar 22 17:11:50 kashrinivaasan-Inspiron-1545 kernel: [    0.000000]  gran_size: 4M 	chunk_size: 32M 	num_reg: 7  	lose cover RAM: 29184M
Mar 22 17:11:50 kashrinivaasan-Inspiron-1545 kernel: [    0.000000]  gran_size: 4M 	chunk_size: 64M 	num_reg: 7  	lose cover RAM: 16G
Mar 22 17:11:50 kashrinivaasan-Inspiron-1545 kernel: [    0.000000]  gran_size: 4M 	chunk_size: 128M 	num_reg: 7  	lose cover RAM: 16G
Mar 22 17:11:50 kashrinivaasan-Inspiron-1545 kernel: [    0.000000]  gran_size: 4M 	chunk_size: 256M 	num_reg: 7  	lose cover RAM: 16G
Mar 22 17:11:50 kashrinivaasan-Inspiron-1545 kernel: [    0.000000]  gran_size: 4M 	chunk_size: 512M 	num_reg: 7  	lose cover RAM: 16G
Mar 22 17:11:50 kashrinivaasan-Inspiron-1545 kernel: [    0.000000]  gran_size: 4M 	chunk_size: 1G 	num_reg: 7  	lose cover RAM: 16G
Mar 22 17:11:50 kashrinivaasan-Inspiron-1545 kernel: [    0.000000]  gran_size: 4M 	chunk_size: 2G 	num_reg: 7  	lose cover RAM: 29188M
Mar 22 17:11:50 kashrinivaasan-Inspiron-1545 kernel: [    0.000000]  gran_size: 8M 	chunk_size: 8M 	num_reg: 7  	lose cover RAM: 29188M
Mar 22 17:11:50 kashrinivaasan-Inspiron-1545 kernel: [    0.000000]  gran_size: 8M 	chunk_size: 16M 	num_reg: 7  	lose cover RAM: 29188M
Mar 22 17:11:50 kashrinivaasan-Inspiron-1545 kernel: [    0.000000]  gran_size: 8M 	chunk_size: 32M 	num_reg: 7  	lose cover RAM: 29188M
Mar 22 17:11:50 kashrinivaasan-Inspiron-1545 kernel: [    0.000000]  gran_size: 8M 	chunk_size: 64M 	num_reg: 7  	lose cover RAM: 16388M
Mar 22 17:11:50 kashrinivaasan-Inspiron-1545 kernel: [    0.000000]  gran_size: 8M 	chunk_size: 128M 	num_reg: 7  	lose cover RAM: 16388M
Mar 22 17:11:50 kashrinivaasan-Inspiron-1545 kernel: [    0.000000]  gran_size: 8M 	chunk_size: 256M 	num_reg: 7  	lose cover RAM: 16388M
Mar 22 17:11:50 kashrinivaasan-Inspiron-1545 kernel: [    0.000000]  gran_size: 8M 	chunk_size: 512M 	num_reg: 7  	lose cover RAM: 16388M
Mar 22 17:11:50 kashrinivaasan-Inspiron-1545 kernel: [    0.000000]  gran_size: 8M 	chunk_size: 1G 	num_reg: 7  	lose cover RAM: 16388M
Mar 22 17:11:50 kashrinivaasan-Inspiron-1545 kernel: [    0.000000]  gran_size: 8M 	chunk_size: 2G 	num_reg: 7  	lose cover RAM: 29188M
Mar 22 17:11:50 kashrinivaasan-Inspiron-1545 kernel: [    0.000000]  gran_size: 16M 	chunk_size: 16M 	num_reg: 7  	lose cover RAM: 28684M
Mar 22 17:11:50 kashrinivaasan-Inspiron-1545 kernel: [    0.000000]  gran_size: 16M 	chunk_size: 32M 	num_reg: 7  	lose cover RAM: 29196M
Mar 22 17:11:50 kashrinivaasan-Inspiron-1545 kernel: [    0.000000]  gran_size: 16M 	chunk_size: 64M 	num_reg: 7  	lose cover RAM: 16396M
Mar 22 17:11:50 kashrinivaasan-Inspiron-1545 kernel: [    0.000000]  gran_size: 16M 	chunk_size: 128M 	num_reg: 7  	lose cover RAM: 16396M
Mar 22 17:11:50 kashrinivaasan-Inspiron-1545 kernel: [    0.000000]  gran_size: 16M 	chunk_size: 256M 	num_reg: 7  	lose cover RAM: 16396M
Mar 22 17:11:50 kashrinivaasan-Inspiron-1545 kernel: [    0.000000]  gran_size: 16M 	chunk_size: 512M 	num_reg: 7  	lose cover RAM: 16396M
Mar 22 17:11:50 kashrinivaasan-Inspiron-1545 kernel: [    0.000000]  gran_size: 16M 	chunk_size: 1G 	num_reg: 7  	lose cover RAM: 16396M
Mar 22 17:11:50 kashrinivaasan-Inspiron-1545 kernel: [    0.000000]  gran_size: 16M 	chunk_size: 2G 	num_reg: 7  	lose cover RAM: 28172M
Mar 22 17:11:50 kashrinivaasan-Inspiron-1545 kernel: [    0.000000]  gran_size: 32M 	chunk_size: 32M 	num_reg: 7  	lose cover RAM: 24604M
Mar 22 17:11:50 kashrinivaasan-Inspiron-1545 kernel: [    0.000000]  gran_size: 32M 	chunk_size: 64M 	num_reg: 7  	lose cover RAM: 24604M
Mar 22 17:11:50 kashrinivaasan-Inspiron-1545 kernel: [    0.000000]  gran_size: 32M 	chunk_size: 128M 	num_reg: 7  	lose cover RAM: 28M
Mar 22 17:11:50 kashrinivaasan-Inspiron-1545 kernel: [    0.000000]  gran_size: 32M 	chunk_size: 256M 	num_reg: 7  	lose cover RAM: 28M
Mar 22 17:11:50 kashrinivaasan-Inspiron-1545 kernel: [    0.000000]  gran_size: 32M 	chunk_size: 512M 	num_reg: 7  	lose cover RAM: 28M
Mar 22 17:11:50 kashrinivaasan-Inspiron-1545 kernel: [    0.000000]  gran_size: 32M 	chunk_size: 1G 	num_reg: 7  	lose cover RAM: 28M
Mar 22 17:11:50 kashrinivaasan-Inspiron-1545 kernel: [    0.000000]  gran_size: 32M 	chunk_size: 2G 	num_reg: 7  	lose cover RAM: 27164M
Mar 22 17:11:50 kashrinivaasan-Inspiron-1545 kernel: [    0.000000]  gran_size: 64M 	chunk_size: 64M 	num_reg: 7  	lose cover RAM: 24604M
Mar 22 17:11:50 kashrinivaasan-Inspiron-1545 kernel: [    0.000000]  gran_size: 64M 	chunk_size: 128M 	num_reg: 7  	lose cover RAM: 28M
Mar 22 17:11:50 kashrinivaasan-Inspiron-1545 kernel: [    0.000000]  gran_size: 64M 	chunk_size: 256M 	num_reg: 7  	lose cover RAM: 28M
Mar 22 17:11:50 kashrinivaasan-Inspiron-1545 kernel: [    0.000000]  gran_size: 64M 	chunk_size: 512M 	num_reg: 7  	lose cover RAM: 28M
Mar 22 17:11:50 kashrinivaasan-Inspiron-1545 kernel: [    0.000000]  gran_size: 64M 	chunk_size: 1G 	num_reg: 7  	lose cover RAM: 28M
Mar 22 17:11:50 kashrinivaasan-Inspiron-1545 kernel: [    0.000000]  gran_size: 64M 	chunk_size: 2G 	num_reg: 7  	lose cover RAM: 27164M
Mar 22 17:11:50 kashrinivaasan-Inspiron-1545 kernel: [    0.000000]  gran_size: 128M 	chunk_size: 128M 	num_reg: 7  	lose cover RAM: 16476M
Mar 22 17:11:50 kashrinivaasan-Inspiron-1545 kernel: [    0.000000]  gran_size: 128M 	chunk_size: 256M 	num_reg: 7  	lose cover RAM: 92M
Mar 22 17:11:50 kashrinivaasan-Inspiron-1545 kernel: [    0.000000]  gran_size: 128M 	chunk_size: 512M 	num_reg: 7  	lose cover RAM: 92M
Mar 22 17:11:50 kashrinivaasan-Inspiron-1545 kernel: [    0.000000]  gran_size: 128M 	chunk_size: 1G 	num_reg: 7  	lose cover RAM: 92M
Mar 22 17:11:50 kashrinivaasan-Inspiron-1545 kernel: [    0.000000]  gran_size: 128M 	chunk_size: 2G 	num_reg: 7  	lose cover RAM: 27740M
Mar 22 17:11:50 kashrinivaasan-Inspiron-1545 kernel: [    0.000000]  gran_size: 256M 	chunk_size: 256M 	num_reg: 7  	lose cover RAM: 220M
Mar 22 17:11:50 kashrinivaasan-Inspiron-1545 kernel: [    0.000000]  gran_size: 256M 	chunk_size: 512M 	num_reg: 7  	lose cover RAM: 220M
Mar 22 17:11:50 kashrinivaasan-Inspiron-1545 kernel: [    0.000000]  gran_size: 256M 	chunk_size: 1G 	num_reg: 7  	lose cover RAM: 220M
Mar 22 17:11:50 kashrinivaasan-Inspiron-1545 kernel: [    0.000000]  gran_size: 256M 	chunk_size: 2G 	num_reg: 7  	lose cover RAM: 26844M
Mar 22 17:11:50 kashrinivaasan-Inspiron-1545 kernel: [    0.000000]  gran_size: 512M 	chunk_size: 512M 	num_reg: 6  	lose cover RAM: 476M
Mar 22 17:11:50 kashrinivaasan-Inspiron-1545 kernel: [    0.000000]  gran_size: 512M 	chunk_size: 1G 	num_reg: 7  	lose cover RAM: 476M
Mar 22 17:11:50 kashrinivaasan-Inspiron-1545 kernel: [    0.000000]  gran_size: 512M 	chunk_size: 2G 	num_reg: 7  	lose cover RAM: 25052M
Mar 22 17:11:50 kashrinivaasan-Inspiron-1545 kernel: [    0.000000]  gran_size: 1G 	chunk_size: 1G 	num_reg: 4  	lose cover RAM: 1500M
Mar 22 17:11:50 kashrinivaasan-Inspiron-1545 kernel: [    0.000000]  gran_size: 1G 	chunk_size: 2G 	num_reg: 4  	lose cover RAM: 1500M
Mar 22 17:11:50 kashrinivaasan-Inspiron-1545 kernel: [    0.000000]  gran_size: 2G 	chunk_size: 2G 	num_reg: 4  	lose cover RAM: 1500M
Mar 22 17:11:50 kashrinivaasan-Inspiron-1545 kernel: [    0.000000] mtrr_cleanup: can not find optimal value
Mar 22 17:11:50 kashrinivaasan-Inspiron-1545 kernel: [    0.000000] please specify mtrr_gran_size/mtrr_chunk_size
Mar 22 17:11:50 kashrinivaasan-Inspiron-1545 kernel: [    0.000000] e820: update [mem 0xbdc00000-0xbfffffff] usable ==> reserved
Mar 22 17:11:50 kashrinivaasan-Inspiron-1545 kernel: [    0.000000] e820: update [mem 0xe0000000-0xffffffff] usable ==> reserved
Mar 22 17:11:50 kashrinivaasan-Inspiron-1545 kernel: [    0.000000] initial memory mapped: [mem 0x00000000-0x01ffffff]
Mar 22 17:11:50 kashrinivaasan-Inspiron-1545 kernel: [    0.000000] Base memory trampoline at [c009b000] 9b000 size 16384
Mar 22 17:11:50 kashrinivaasan-Inspiron-1545 kernel: [    0.000000] init_memory_mapping: [mem 0x00000000-0x37bfdfff]
Mar 22 17:11:50 kashrinivaasan-Inspiron-1545 kernel: [    0.000000]  [mem 0x00000000-0x001fffff] page 4k
Mar 22 17:11:50 kashrinivaasan-Inspiron-1545 kernel: [    0.000000]  [mem 0x00200000-0x379fffff] page 2M
Mar 22 17:11:50 kashrinivaasan-Inspiron-1545 kernel: [    0.000000]  [mem 0x37a00000-0x37bfdfff] page 4k
Mar 22 17:11:50 kashrinivaasan-Inspiron-1545 kernel: [    0.000000] kernel direct mapping tables up to 0x37bfdfff @ [mem 0x01ffa000-0x01ffffff]
Mar 22 17:11:50 kashrinivaasan-Inspiron-1545 kernel: [    0.000000] RAMDISK: [mem 0x35972000-0x36cb0fff]
Mar 22 17:11:50 kashrinivaasan-Inspiron-1545 kernel: [    0.000000] ACPI: RSDP 000fbdd0 00024 (v02 DELL  )
Mar 22 17:11:50 kashrinivaasan-Inspiron-1545 kernel: [    0.000000] ACPI: XSDT bdac3e00 00054 (v01 DELL    WN09    27D90C07 ASL  00000061)
Mar 22 17:11:50 kashrinivaasan-Inspiron-1545 kernel: [    0.000000] ACPI: FACP bdac3c9c 000F4 (v04 DELL    WN09    27D90C07 ASL  00000061)
Mar 22 17:11:50 kashrinivaasan-Inspiron-1545 kernel: [    0.000000] ACPI: DSDT bdac4400 05451 (v02 INT430 SYSFexxx 00001001 INTL 20050624)
Mar 22 17:11:50 kashrinivaasan-Inspiron-1545 kernel: [    0.000000] ACPI: FACS bdad2c00 00040
Mar 22 17:11:50 kashrinivaasan-Inspiron-1545 kernel: [    0.000000] ACPI: HPET bdac3f00 00038 (v01 DELL    WN09    00000001 ASL  00000061)
Mar 22 17:11:50 kashrinivaasan-Inspiron-1545 kernel: [    0.000000] ACPI: APIC bdac4000 00068 (v01 DELL    WN09    27D90C07 ASL  00000047)
Mar 22 17:11:50 kashrinivaasan-Inspiron-1545 kernel: [    0.000000] ACPI: MCFG bdac3fc0 0003E (v16 DELL    WN09    27D90C07 ASL  00000061)
Mar 22 17:11:50 kashrinivaasan-Inspiron-1545 kernel: [    0.000000] ACPI: SLIC bdac409c 00176 (v01 DELL    WN09    27D90C07 ASL  00000061)
Mar 22 17:11:50 kashrinivaasan-Inspiron-1545 kernel: [    0.000000] ACPI: SSDT bdac2363 0066C (v01  PmRef    CpuPm 00003000 INTL 20050624)
Mar 22 17:11:50 kashrinivaasan-Inspiron-1545 kernel: [    0.000000] ACPI: Local APIC address 0xfee00000
Mar 22 17:11:50 kashrinivaasan-Inspiron-1545 kernel: [    0.000000] 2140MB HIGHMEM available.
Mar 22 17:11:50 kashrinivaasan-Inspiron-1545 kernel: [    0.000000] 891MB LOWMEM available.
Mar 22 17:11:50 kashrinivaasan-Inspiron-1545 kernel: [    0.000000]   mapped low ram: 0 - 37bfe000
Mar 22 17:11:50 kashrinivaasan-Inspiron-1545 kernel: [    0.000000]   low ram: 0 - 37bfe000
Mar 22 17:11:50 kashrinivaasan-Inspiron-1545 kernel: [    0.000000] Zone ranges:
Mar 22 17:11:50 kashrinivaasan-Inspiron-1545 kernel: [    0.000000]   DMA      [mem 0x00010000-0x00ffffff]
Mar 22 17:11:50 kashrinivaasan-Inspiron-1545 kernel: [    0.000000]   Normal   [mem 0x01000000-0x37bfdfff]
Mar 22 17:11:50 kashrinivaasan-Inspiron-1545 kernel: [    0.000000]   HighMem  [mem 0x37bfe000-0xbd8befff]
Mar 22 17:11:50 kashrinivaasan-Inspiron-1545 kernel: [    0.000000] Movable zone start for each node
Mar 22 17:11:50 kashrinivaasan-Inspiron-1545 kernel: [    0.000000] Early memory node ranges
Mar 22 17:11:50 kashrinivaasan-Inspiron-1545 kernel: [    0.000000]   node   0: [mem 0x00010000-0x0009efff]
Mar 22 17:11:50 kashrinivaasan-Inspiron-1545 kernel: [    0.000000]   node   0: [mem 0x00100000-0xbd8befff]
Mar 22 17:11:50 kashrinivaasan-Inspiron-1545 kernel: [    0.000000] On node 0 totalpages: 776270
Mar 22 17:11:50 kashrinivaasan-Inspiron-1545 kernel: [    0.000000] free_area_init_node: node 0, pgdat c18d32c0, node_mem_map f41ba200
Mar 22 17:11:50 kashrinivaasan-Inspiron-1545 kernel: [    0.000000]   DMA zone: 32 pages used for memmap
Mar 22 17:11:50 kashrinivaasan-Inspiron-1545 kernel: [    0.000000]   DMA zone: 0 pages reserved
Mar 22 17:11:50 kashrinivaasan-Inspiron-1545 kernel: [    0.000000]   DMA zone: 3951 pages, LIFO batch:0
Mar 22 17:11:50 kashrinivaasan-Inspiron-1545 kernel: [    0.000000]   Normal zone: 1752 pages used for memmap
Mar 22 17:11:50 kashrinivaasan-Inspiron-1545 kernel: [    0.000000]   Normal zone: 222502 pages, LIFO batch:31
Mar 22 17:11:50 kashrinivaasan-Inspiron-1545 kernel: [    0.000000]   HighMem zone: 4282 pages used for memmap
Mar 22 17:11:50 kashrinivaasan-Inspiron-1545 kernel: [    0.000000]   HighMem zone: 543751 pages, LIFO batch:31
Mar 22 17:11:50 kashrinivaasan-Inspiron-1545 kernel: [    0.000000] Using APIC driver default
Mar 22 17:11:50 kashrinivaasan-Inspiron-1545 kernel: [    0.000000] ACPI: PM-Timer IO Port: 0x1008
Mar 22 17:11:50 kashrinivaasan-Inspiron-1545 kernel: [    0.000000] ACPI: Local APIC address 0xfee00000
Mar 22 17:11:50 kashrinivaasan-Inspiron-1545 kernel: [    0.000000] ACPI: LAPIC (acpi_id[0x00] lapic_id[0x00] enabled)
Mar 22 17:11:50 kashrinivaasan-Inspiron-1545 kernel: [    0.000000] ACPI: LAPIC (acpi_id[0x01] lapic_id[0x01] enabled)
Mar 22 17:11:50 kashrinivaasan-Inspiron-1545 kernel: [    0.000000] ACPI: LAPIC_NMI (acpi_id[0x00] high edge lint[0x1])
Mar 22 17:11:50 kashrinivaasan-Inspiron-1545 kernel: [    0.000000] ACPI: LAPIC_NMI (acpi_id[0x01] high edge lint[0x1])
Mar 22 17:11:50 kashrinivaasan-Inspiron-1545 kernel: [    0.000000] ACPI: IOAPIC (id[0x02] address[0xfec00000] gsi_base[0])
Mar 22 17:11:50 kashrinivaasan-Inspiron-1545 kernel: [    0.000000] IOAPIC[0]: apic_id 2, version 32, address 0xfec00000, GSI 0-23
Mar 22 17:11:50 kashrinivaasan-Inspiron-1545 kernel: [    0.000000] ACPI: INT_SRC_OVR (bus 0 bus_irq 0 global_irq 2 dfl dfl)
Mar 22 17:11:50 kashrinivaasan-Inspiron-1545 kernel: [    0.000000] ACPI: INT_SRC_OVR (bus 0 bus_irq 9 global_irq 9 high level)
Mar 22 17:11:50 kashrinivaasan-Inspiron-1545 kernel: [    0.000000] ACPI: IRQ0 used by override.
Mar 22 17:11:50 kashrinivaasan-Inspiron-1545 kernel: [    0.000000] ACPI: IRQ2 used by override.
Mar 22 17:11:50 kashrinivaasan-Inspiron-1545 kernel: [    0.000000] ACPI: IRQ9 used by override.
Mar 22 17:11:50 kashrinivaasan-Inspiron-1545 kernel: [    0.000000] Using ACPI (MADT) for SMP configuration information
Mar 22 17:11:50 kashrinivaasan-Inspiron-1545 kernel: [    0.000000] ACPI: HPET id: 0x8086a201 base: 0xfed00000
Mar 22 17:11:50 kashrinivaasan-Inspiron-1545 kernel: [    0.000000] smpboot: Allowing 2 CPUs, 0 hotplug CPUs
Mar 22 17:11:50 kashrinivaasan-Inspiron-1545 kernel: [    0.000000] nr_irqs_gsi: 40
Mar 22 17:11:50 kashrinivaasan-Inspiron-1545 kernel: [    0.000000] PM: Registered nosave memory: 000000000009f000 - 00000000000a0000
Mar 22 17:11:50 kashrinivaasan-Inspiron-1545 kernel: [    0.000000] PM: Registered nosave memory: 00000000000a0000 - 0000000000100000
Mar 22 17:11:50 kashrinivaasan-Inspiron-1545 kernel: [    0.000000] e820: [mem 0xc0000000-0xf7ffffff] available for PCI devices
Mar 22 17:11:50 kashrinivaasan-Inspiron-1545 kernel: [    0.000000] Booting paravirtualized kernel on bare hardware
Mar 22 17:11:50 kashrinivaasan-Inspiron-1545 kernel: [    0.000000] setup_percpu: NR_CPUS:8 nr_cpumask_bits:8 nr_cpu_ids:2 nr_node_ids:1
Mar 22 17:11:50 kashrinivaasan-Inspiron-1545 kernel: [    0.000000] PERCPU: Embedded 14 pages/cpu @f7bcf000 s34944 r0 d22400 u57344
Mar 22 17:11:50 kashrinivaasan-Inspiron-1545 kernel: [    0.000000] pcpu-alloc: s34944 r0 d22400 u57344 alloc=14*4096
Mar 22 17:11:50 kashrinivaasan-Inspiron-1545 kernel: [    0.000000] pcpu-alloc: [0] 0 [0] 1 
Mar 22 17:11:50 kashrinivaasan-Inspiron-1545 kernel: [    0.000000] Built 1 zonelists in Zone order, mobility grouping on.  Total pages: 770204
Mar 22 17:11:50 kashrinivaasan-Inspiron-1545 kernel: [    0.000000] Kernel command line: BOOT_IMAGE=/boot/vmlinuz-3.7.8 root=UUID=0fc4d8a2-1c74-42b8-8099-9ef78d8c8ea2 ro quiet splash vt.handoff=7
Mar 22 17:11:50 kashrinivaasan-Inspiron-1545 kernel: [    0.000000] PID hash table entries: 4096 (order: 2, 16384 bytes)
Mar 22 17:11:50 kashrinivaasan-Inspiron-1545 kernel: [    0.000000] Dentry cache hash table entries: 131072 (order: 7, 524288 bytes)
Mar 22 17:11:50 kashrinivaasan-Inspiron-1545 kernel: [    0.000000] Inode-cache hash table entries: 65536 (order: 6, 262144 bytes)
Mar 22 17:11:50 kashrinivaasan-Inspiron-1545 kernel: [    0.000000] __ex_table already sorted, skipping sort
Mar 22 17:11:50 kashrinivaasan-Inspiron-1545 kernel: [    0.000000] Initializing CPU#0
Mar 22 17:11:50 kashrinivaasan-Inspiron-1545 kernel: [    0.000000] xsave: enabled xstate_bv 0x3, cntxt size 0x240
Mar 22 17:11:50 kashrinivaasan-Inspiron-1545 kernel: [    0.000000] allocated 6210936 bytes of page_cgroup
Mar 22 17:11:50 kashrinivaasan-Inspiron-1545 kernel: [    0.000000] please try 'cgroup_disable=memory' option if you don't want memory cgroups
Mar 22 17:11:50 kashrinivaasan-Inspiron-1545 kernel: [    0.000000] Initializing HighMem for node 0 (00037bfe:000bd8bf)
Mar 22 17:11:50 kashrinivaasan-Inspiron-1545 kernel: [    0.000000] Memory: 3043132k/3105532k available (6105k kernel code, 61948k reserved, 2978k data, 788k init, 2192132k highmem)
Mar 22 17:11:50 kashrinivaasan-Inspiron-1545 kernel: [    0.000000] virtual kernel memory layout:
Mar 22 17:11:50 kashrinivaasan-Inspiron-1545 kernel: [    0.000000]     fixmap  : 0xfff15000 - 0xfffff000   ( 936 kB)
Mar 22 17:11:50 kashrinivaasan-Inspiron-1545 kernel: [    0.000000]     pkmap   : 0xffc00000 - 0xffe00000   (2048 kB)
Mar 22 17:11:50 kashrinivaasan-Inspiron-1545 kernel: [    0.000000]     vmalloc : 0xf83fe000 - 0xffbfe000   ( 120 MB)
Mar 22 17:11:50 kashrinivaasan-Inspiron-1545 kernel: [    0.000000]     lowmem  : 0xc0000000 - 0xf7bfe000   ( 891 MB)
Mar 22 17:11:50 kashrinivaasan-Inspiron-1545 kernel: [    0.000000]       .init : 0xc18df000 - 0xc19a4000   ( 788 kB)
Mar 22 17:11:50 kashrinivaasan-Inspiron-1545 kernel: [    0.000000]       .data : 0xc15f6719 - 0xc18def80   (2978 kB)
Mar 22 17:11:50 kashrinivaasan-Inspiron-1545 kernel: [    0.000000]       .text : 0xc1000000 - 0xc15f6719   (6105 kB)
Mar 22 17:11:50 kashrinivaasan-Inspiron-1545 kernel: [    0.000000] Checking if this processor honours the WP bit even in supervisor mode...Ok.
Mar 22 17:11:50 kashrinivaasan-Inspiron-1545 kernel: [    0.000000] SLUB: Genslabs=15, HWalign=64, Order=0-3, MinObjects=0, CPUs=2, Nodes=1
Mar 22 17:11:50 kashrinivaasan-Inspiron-1545 kernel: [    0.000000] Hierarchical RCU implementation.
Mar 22 17:11:50 kashrinivaasan-Inspiron-1545 kernel: [    0.000000] 	RCU dyntick-idle grace-period acceleration is enabled.
Mar 22 17:11:50 kashrinivaasan-Inspiron-1545 kernel: [    0.000000] 	RCU restricting CPUs from NR_CPUS=8 to nr_cpu_ids=2.
Mar 22 17:11:50 kashrinivaasan-Inspiron-1545 kernel: [    0.000000] NR_IRQS:2304 nr_irqs:512 16
Mar 22 17:11:50 kashrinivaasan-Inspiron-1545 kernel: [    0.000000] CPU 0 irqstacks, hard=f7008000 soft=f700a000
Mar 22 17:11:50 kashrinivaasan-Inspiron-1545 kernel: [    0.000000] Extended CMOS year: 2000
Mar 22 17:11:50 kashrinivaasan-Inspiron-1545 kernel: [    0.000000] Console: colour dummy device 80x25
Mar 22 17:11:50 kashrinivaasan-Inspiron-1545 kernel: [    0.000000] console [tty0] enabled
Mar 22 17:11:50 kashrinivaasan-Inspiron-1545 kernel: [    0.000000] hpet clockevent registered
Mar 22 17:11:50 kashrinivaasan-Inspiron-1545 kernel: [    0.000000] tsc: Fast TSC calibration using PIT
Mar 22 17:11:50 kashrinivaasan-Inspiron-1545 kernel: [    0.000000] tsc: Detected 1995.065 MHz processor
Mar 22 17:11:50 kashrinivaasan-Inspiron-1545 kernel: [    0.004001] Calibrating delay loop (skipped), value calculated using timer frequency.. 3990.13 BogoMIPS (lpj=7980260)
Mar 22 17:11:50 kashrinivaasan-Inspiron-1545 kernel: [    0.004005] pid_max: default: 32768 minimum: 301
Mar 22 17:11:50 kashrinivaasan-Inspiron-1545 kernel: [    0.004039] Security Framework initialized
Mar 22 17:11:50 kashrinivaasan-Inspiron-1545 kernel: [    0.004047] AppArmor: AppArmor initialized
Mar 22 17:11:50 kashrinivaasan-Inspiron-1545 kernel: [    0.004048] Yama: becoming mindful.
Mar 22 17:11:50 kashrinivaasan-Inspiron-1545 kernel: [    0.004100] Mount-cache hash table entries: 512
Mar 22 17:11:50 kashrinivaasan-Inspiron-1545 kernel: [    0.004355] Initializing cgroup subsys cpuacct
Mar 22 17:11:50 kashrinivaasan-Inspiron-1545 kernel: [    0.004358] Initializing cgroup subsys memory
Mar 22 17:11:50 kashrinivaasan-Inspiron-1545 kernel: [    0.004366] Initializing cgroup subsys devices
Mar 22 17:11:50 kashrinivaasan-Inspiron-1545 kernel: [    0.004369] Initializing cgroup subsys freezer
Mar 22 17:11:50 kashrinivaasan-Inspiron-1545 kernel: [    0.004371] Initializing cgroup subsys blkio
Mar 22 17:11:50 kashrinivaasan-Inspiron-1545 kernel: [    0.004373] Initializing cgroup subsys perf_event
Mar 22 17:11:50 kashrinivaasan-Inspiron-1545 kernel: [    0.004376] Initializing cgroup subsys hugetlb
Mar 22 17:11:50 kashrinivaasan-Inspiron-1545 kernel: [    0.004407] CPU: Physical Processor ID: 0
Mar 22 17:11:50 kashrinivaasan-Inspiron-1545 kernel: [    0.004409] CPU: Processor Core ID: 0
Mar 22 17:11:50 kashrinivaasan-Inspiron-1545 kernel: [    0.004411] mce: CPU supports 6 MCE banks
Mar 22 17:11:50 kashrinivaasan-Inspiron-1545 kernel: [    0.004419] CPU0: Thermal monitoring enabled (TM2)
Mar 22 17:11:50 kashrinivaasan-Inspiron-1545 kernel: [    0.004422] process: using mwait in idle threads
Mar 22 17:11:50 kashrinivaasan-Inspiron-1545 kernel: [    0.004431] Last level iTLB entries: 4KB 128, 2MB 4, 4MB 4
Mar 22 17:11:50 kashrinivaasan-Inspiron-1545 kernel: [    0.004431] Last level dTLB entries: 4KB 256, 2MB 0, 4MB 32
Mar 22 17:11:50 kashrinivaasan-Inspiron-1545 kernel: [    0.004431] tlb_flushall_shift: -1
Mar 22 17:11:50 kashrinivaasan-Inspiron-1545 kernel: [    0.004736] Freeing SMP alternatives: 24k freed
Mar 22 17:11:50 kashrinivaasan-Inspiron-1545 kernel: [    0.008461] ACPI: Core revision 20120913
Mar 22 17:11:50 kashrinivaasan-Inspiron-1545 kernel: [    0.012011] ftrace: allocating 24997 entries in 49 pages
Mar 22 17:11:50 kashrinivaasan-Inspiron-1545 kernel: [    0.024069] Enabling APIC mode:  Flat.  Using 1 I/O APICs
Mar 22 17:11:50 kashrinivaasan-Inspiron-1545 kernel: [    0.024524] ..TIMER: vector=0x30 apic1=0 pin1=2 apic2=-1 pin2=-1
Mar 22 17:11:50 kashrinivaasan-Inspiron-1545 kernel: [    0.066393] smpboot: CPU0: Intel(R) Core(TM)2 Duo CPU     T6400  @ 2.00GHz (fam: 06, model: 17, stepping: 0a)
Mar 22 17:11:50 kashrinivaasan-Inspiron-1545 kernel: [    0.068000] Performance Events: PEBS fmt0+, 4-deep LBR, Core2 events, Intel PMU driver.
Mar 22 17:11:50 kashrinivaasan-Inspiron-1545 kernel: [    0.068000] ... version:                2
Mar 22 17:11:50 kashrinivaasan-Inspiron-1545 kernel: [    0.068000] ... bit width:              40
Mar 22 17:11:50 kashrinivaasan-Inspiron-1545 kernel: [    0.068000] ... generic registers:      2
Mar 22 17:11:50 kashrinivaasan-Inspiron-1545 kernel: [    0.068000] ... value mask:             000000ffffffffff
Mar 22 17:11:50 kashrinivaasan-Inspiron-1545 kernel: [    0.068000] ... max period:             000000007fffffff
Mar 22 17:11:50 kashrinivaasan-Inspiron-1545 kernel: [    0.068000] ... fixed-purpose events:   3
Mar 22 17:11:50 kashrinivaasan-Inspiron-1545 kernel: [    0.068000] ... event mask:             0000000700000003
Mar 22 17:11:50 kashrinivaasan-Inspiron-1545 kernel: [    0.068000] CPU 1 irqstacks, hard=f70cc000 soft=f70ce000
Mar 22 17:11:50 kashrinivaasan-Inspiron-1545 kernel: [    0.068000] smpboot: Booting Node   0, Processors  #1 OK
Mar 22 17:11:50 kashrinivaasan-Inspiron-1545 kernel: [    0.008000] Initializing CPU#1
Mar 22 17:11:50 kashrinivaasan-Inspiron-1545 kernel: [    0.078442] Brought up 2 CPUs
Mar 22 17:11:50 kashrinivaasan-Inspiron-1545 kernel: [    0.078447] smpboot: Total of 2 processors activated (7980.26 BogoMIPS)
Mar 22 17:11:50 kashrinivaasan-Inspiron-1545 kernel: [    0.078547] NMI watchdog: enabled on all CPUs, permanently consumes one hw-PMU counter.
Mar 22 17:11:50 kashrinivaasan-Inspiron-1545 kernel: [    0.080095] devtmpfs: initialized
Mar 22 17:11:50 kashrinivaasan-Inspiron-1545 kernel: [    0.080239] EVM: security.selinux
Mar 22 17:11:50 kashrinivaasan-Inspiron-1545 kernel: [    0.080241] EVM: security.SMACK64
Mar 22 17:11:50 kashrinivaasan-Inspiron-1545 kernel: [    0.080243] EVM: security.capability
Mar 22 17:11:50 kashrinivaasan-Inspiron-1545 kernel: [    0.080255] PM: Registering ACPI NVS region [mem 0xbd8bf400-0xbdac13ff] (2105344 bytes)
Mar 22 17:11:50 kashrinivaasan-Inspiron-1545 kernel: [    0.081343] regulator-dummy: no parameters
Mar 22 17:11:50 kashrinivaasan-Inspiron-1545 kernel: [    0.081409] NET: Registered protocol family 16
Mar 22 17:11:50 kashrinivaasan-Inspiron-1545 kernel: [    0.081580] EISA bus registered
Mar 22 17:11:50 kashrinivaasan-Inspiron-1545 kernel: [    0.081686] ACPI: bus type pci registered
Mar 22 17:11:50 kashrinivaasan-Inspiron-1545 kernel: [    0.081759] PCI: MMCONFIG for domain 0000 [bus 00-3f] at [mem 0xf8000000-0xfbffffff] (base 0xf8000000)
Mar 22 17:11:50 kashrinivaasan-Inspiron-1545 kernel: [    0.081763] PCI: MMCONFIG at [mem 0xf8000000-0xfbffffff] reserved in E820
Mar 22 17:11:50 kashrinivaasan-Inspiron-1545 kernel: [    0.081765] PCI: Using MMCONFIG for extended config space
Mar 22 17:11:50 kashrinivaasan-Inspiron-1545 kernel: [    0.081767] PCI: Using configuration type 1 for base access
Mar 22 17:11:50 kashrinivaasan-Inspiron-1545 kernel: [    0.081780] dmi type 0xB1 record - unknown flag
Mar 22 17:11:50 kashrinivaasan-Inspiron-1545 kernel: [    0.081780] bio: create slab <bio-0> at 0
Mar 22 17:11:50 kashrinivaasan-Inspiron-1545 kernel: [    0.081780] ACPI: Added _OSI(Module Device)
Mar 22 17:11:50 kashrinivaasan-Inspiron-1545 kernel: [    0.081780] ACPI: Added _OSI(Processor Device)
Mar 22 17:11:50 kashrinivaasan-Inspiron-1545 kernel: [    0.081780] ACPI: Added _OSI(3.0 _SCP Extensions)
Mar 22 17:11:50 kashrinivaasan-Inspiron-1545 kernel: [    0.081780] ACPI: Added _OSI(Processor Aggregator Device)
Mar 22 17:11:50 kashrinivaasan-Inspiron-1545 kernel: [    0.085098] ACPI: EC: Look up EC in DSDT
Mar 22 17:11:50 kashrinivaasan-Inspiron-1545 kernel: [    0.090295] [Firmware Bug]: ACPI: BIOS _OSI(Linux) query ignored
Mar 22 17:11:50 kashrinivaasan-Inspiron-1545 kernel: [    0.090295] ACPI: SSDT bdac29cf 0023F (v01  PmRef   BspIst 00003000 INTL 20050624)
Mar 22 17:11:50 kashrinivaasan-Inspiron-1545 kernel: [    0.090295] ACPI: Dynamic OEM Table Load:
Mar 22 17:11:50 kashrinivaasan-Inspiron-1545 kernel: [    0.090295] ACPI: SSDT   (null) 0023F (v01  PmRef   BspIst 00003000 INTL 20050624)
Mar 22 17:11:50 kashrinivaasan-Inspiron-1545 kernel: [    0.090295] ACPI: SSDT bdac2de5 005C6 (v01  PmRef   BspCst 00003001 INTL 20050624)
Mar 22 17:11:50 kashrinivaasan-Inspiron-1545 kernel: [    0.090295] ACPI: Dynamic OEM Table Load:
Mar 22 17:11:50 kashrinivaasan-Inspiron-1545 kernel: [    0.090295] ACPI: SSDT   (null) 005C6 (v01  PmRef   BspCst 00003001 INTL 20050624)
Mar 22 17:11:50 kashrinivaasan-Inspiron-1545 kernel: [    0.090295] ACPI: SSDT bdac2c0e 001D7 (v01  PmRef    ApIst 00003000 INTL 20050624)
Mar 22 17:11:50 kashrinivaasan-Inspiron-1545 kernel: [    0.090626] ACPI: Dynamic OEM Table Load:
Mar 22 17:11:50 kashrinivaasan-Inspiron-1545 kernel: [    0.090629] ACPI: SSDT   (null) 001D7 (v01  PmRef    ApIst 00003000 INTL 20050624)
Mar 22 17:11:50 kashrinivaasan-Inspiron-1545 kernel: [    0.090727] ACPI: SSDT bdac33ab 0008D (v01  PmRef    ApCst 00003000 INTL 20050624)
Mar 22 17:11:50 kashrinivaasan-Inspiron-1545 kernel: [    0.091041] ACPI: Dynamic OEM Table Load:
Mar 22 17:11:50 kashrinivaasan-Inspiron-1545 kernel: [    0.091044] ACPI: SSDT   (null) 0008D (v01  PmRef    ApCst 00003000 INTL 20050624)
Mar 22 17:11:50 kashrinivaasan-Inspiron-1545 kernel: [    0.091263] ACPI: Interpreter enabled
Mar 22 17:11:50 kashrinivaasan-Inspiron-1545 kernel: [    0.091273] ACPI: (supports S0 S3 S4 S5)
Mar 22 17:11:50 kashrinivaasan-Inspiron-1545 kernel: [    0.091291] ACPI: Using IOAPIC for interrupt routing
Mar 22 17:11:50 kashrinivaasan-Inspiron-1545 kernel: [    0.163161] ACPI: No dock devices found.
Mar 22 17:11:50 kashrinivaasan-Inspiron-1545 kernel: [    0.163169] PCI: Using host bridge windows from ACPI; if necessary, use "pci=nocrs" and report a bug
Mar 22 17:11:50 kashrinivaasan-Inspiron-1545 kernel: [    0.180166] ACPI: PCI Root Bridge [PCI0] (domain 0000 [bus 00-ff])
Mar 22 17:11:50 kashrinivaasan-Inspiron-1545 kernel: [    0.219503] pci_root PNP0A03:00: [Firmware Info]: MMCONFIG for domain 0000 [bus 00-3f] only partially covers this bridge
Mar 22 17:11:50 kashrinivaasan-Inspiron-1545 kernel: [    0.219543] PCI host bridge to bus 0000:00
Mar 22 17:11:50 kashrinivaasan-Inspiron-1545 kernel: [    0.219547] pci_bus 0000:00: root bus resource [bus 00-ff]
Mar 22 17:11:50 kashrinivaasan-Inspiron-1545 kernel: [    0.219550] pci_bus 0000:00: root bus resource [io  0x0000-0x0cf7]
Mar 22 17:11:50 kashrinivaasan-Inspiron-1545 kernel: [    0.219553] pci_bus 0000:00: root bus resource [io  0x0d00-0xffff]
Mar 22 17:11:50 kashrinivaasan-Inspiron-1545 kernel: [    0.219557] pci_bus 0000:00: root bus resource [mem 0x000a0000-0x000bffff]
Mar 22 17:11:50 kashrinivaasan-Inspiron-1545 kernel: [    0.219559] pci_bus 0000:00: root bus resource [mem 0x000d0000-0x000dffff]
Mar 22 17:11:50 kashrinivaasan-Inspiron-1545 kernel: [    0.219563] pci_bus 0000:00: root bus resource [mem 0xc0000000-0xf7ffffff]
Mar 22 17:11:50 kashrinivaasan-Inspiron-1545 kernel: [    0.219565] pci_bus 0000:00: root bus resource [mem 0xfc000000-0xfebfffff]
Mar 22 17:11:50 kashrinivaasan-Inspiron-1545 kernel: [    0.219569] pci_bus 0000:00: root bus resource [mem 0xfec10000-0xfecfffff]
Mar 22 17:11:50 kashrinivaasan-Inspiron-1545 kernel: [    0.219572] pci_bus 0000:00: root bus resource [mem 0xfed1c000-0xfed1ffff]
Mar 22 17:11:50 kashrinivaasan-Inspiron-1545 kernel: [    0.219574] pci_bus 0000:00: root bus resource [mem 0xfed90000-0xfed9ffff]
Mar 22 17:11:50 kashrinivaasan-Inspiron-1545 kernel: [    0.219577] pci_bus 0000:00: root bus resource [mem 0xfeda7000-0xfedfffff]
Mar 22 17:11:50 kashrinivaasan-Inspiron-1545 kernel: [    0.219580] pci_bus 0000:00: root bus resource [mem 0xfee10000-0xff9fffff]
Mar 22 17:11:50 kashrinivaasan-Inspiron-1545 kernel: [    0.219583] pci_bus 0000:00: root bus resource [mem 0xffc00000-0xffdfffff]
Mar 22 17:11:50 kashrinivaasan-Inspiron-1545 kernel: [    0.219596] pci 0000:00:00.0: [8086:2a40] type 00 class 0x060000
Mar 22 17:11:50 kashrinivaasan-Inspiron-1545 kernel: [    0.219624] DMAR: Forcing write-buffer flush capability
Mar 22 17:11:50 kashrinivaasan-Inspiron-1545 kernel: [    0.219626] DMAR: Disabling IOMMU for graphics on this chipset
Mar 22 17:11:50 kashrinivaasan-Inspiron-1545 kernel: [    0.219657] pci 0000:00:02.0: [8086:2a42] type 00 class 0x030000
Mar 22 17:11:50 kashrinivaasan-Inspiron-1545 kernel: [    0.219673] pci 0000:00:02.0: reg 10: [mem 0xf6c00000-0xf6ffffff 64bit]
Mar 22 17:11:50 kashrinivaasan-Inspiron-1545 kernel: [    0.219683] pci 0000:00:02.0: reg 18: [mem 0xe0000000-0xefffffff 64bit pref]
Mar 22 17:11:50 kashrinivaasan-Inspiron-1545 kernel: [    0.219691] pci 0000:00:02.0: reg 20: [io  0xefe8-0xefef]
Mar 22 17:11:50 kashrinivaasan-Inspiron-1545 kernel: [    0.220036] pci 0000:00:02.1: [8086:2a43] type 00 class 0x038000
Mar 22 17:11:50 kashrinivaasan-Inspiron-1545 kernel: [    0.220050] pci 0000:00:02.1: reg 10: [mem 0xf6b00000-0xf6bfffff 64bit]
Mar 22 17:11:50 kashrinivaasan-Inspiron-1545 kernel: [    0.220154] pci 0000:00:1a.0: [8086:2937] type 00 class 0x0c0300
Mar 22 17:11:50 kashrinivaasan-Inspiron-1545 kernel: [    0.220218] pci 0000:00:1a.0: reg 20: [io  0x6f60-0x6f7f]
Mar 22 17:11:50 kashrinivaasan-Inspiron-1545 kernel: [    0.220296] pci 0000:00:1a.1: [8086:2938] type 00 class 0x0c0300
Mar 22 17:11:50 kashrinivaasan-Inspiron-1545 kernel: [    0.220358] pci 0000:00:1a.1: reg 20: [io  0x6f80-0x6f9f]
Mar 22 17:11:50 kashrinivaasan-Inspiron-1545 kernel: [    0.220436] pci 0000:00:1a.2: [8086:2939] type 00 class 0x0c0300
Mar 22 17:11:50 kashrinivaasan-Inspiron-1545 kernel: [    0.220500] pci 0000:00:1a.2: reg 20: [io  0x6fa0-0x6fbf]
Mar 22 17:11:50 kashrinivaasan-Inspiron-1545 kernel: [    0.220590] pci 0000:00:1a.7: [8086:293c] type 00 class 0x0c0320
Mar 22 17:11:50 kashrinivaasan-Inspiron-1545 kernel: [    0.220619] pci 0000:00:1a.7: reg 10: [mem 0xfed1c400-0xfed1c7ff]
Mar 22 17:11:50 kashrinivaasan-Inspiron-1545 kernel: [    0.220745] pci 0000:00:1a.7: PME# supported from D0 D3hot D3cold
Mar 22 17:11:50 kashrinivaasan-Inspiron-1545 kernel: [    0.220785] pci 0000:00:1b.0: [8086:293e] type 00 class 0x040300
Mar 22 17:11:50 kashrinivaasan-Inspiron-1545 kernel: [    0.220810] pci 0000:00:1b.0: reg 10: [mem 0xf6afc000-0xf6afffff 64bit]
Mar 22 17:11:50 kashrinivaasan-Inspiron-1545 kernel: [    0.220921] pci 0000:00:1b.0: PME# supported from D0 D3hot D3cold
Mar 22 17:11:50 kashrinivaasan-Inspiron-1545 kernel: [    0.220956] pci 0000:00:1c.0: [8086:2940] type 01 class 0x060400
Mar 22 17:11:50 kashrinivaasan-Inspiron-1545 kernel: [    0.221072] pci 0000:00:1c.0: PME# supported from D0 D3hot D3cold
Mar 22 17:11:50 kashrinivaasan-Inspiron-1545 kernel: [    0.221110] pci 0000:00:1c.1: [8086:2942] type 01 class 0x060400
Mar 22 17:11:50 kashrinivaasan-Inspiron-1545 kernel: [    0.221226] pci 0000:00:1c.1: PME# supported from D0 D3hot D3cold
Mar 22 17:11:50 kashrinivaasan-Inspiron-1545 kernel: [    0.221265] pci 0000:00:1c.2: [8086:2944] type 01 class 0x060400
Mar 22 17:11:50 kashrinivaasan-Inspiron-1545 kernel: [    0.221380] pci 0000:00:1c.2: PME# supported from D0 D3hot D3cold
Mar 22 17:11:50 kashrinivaasan-Inspiron-1545 kernel: [    0.221420] pci 0000:00:1c.4: [8086:2948] type 01 class 0x060400
Mar 22 17:11:50 kashrinivaasan-Inspiron-1545 kernel: [    0.221534] pci 0000:00:1c.4: PME# supported from D0 D3hot D3cold
Mar 22 17:11:50 kashrinivaasan-Inspiron-1545 kernel: [    0.221575] pci 0000:00:1d.0: [8086:2934] type 00 class 0x0c0300
Mar 22 17:11:50 kashrinivaasan-Inspiron-1545 kernel: [    0.221639] pci 0000:00:1d.0: reg 20: [io  0x6f00-0x6f1f]
Mar 22 17:11:50 kashrinivaasan-Inspiron-1545 kernel: [    0.221717] pci 0000:00:1d.1: [8086:2935] type 00 class 0x0c0300
Mar 22 17:11:50 kashrinivaasan-Inspiron-1545 kernel: [    0.221781] pci 0000:00:1d.1: reg 20: [io  0x6f20-0x6f3f]
Mar 22 17:11:50 kashrinivaasan-Inspiron-1545 kernel: [    0.221861] pci 0000:00:1d.2: [8086:2936] type 00 class 0x0c0300
Mar 22 17:11:50 kashrinivaasan-Inspiron-1545 kernel: [    0.221924] pci 0000:00:1d.2: reg 20: [io  0x6f40-0x6f5f]
Mar 22 17:11:50 kashrinivaasan-Inspiron-1545 kernel: [    0.222016] pci 0000:00:1d.7: [8086:293a] type 00 class 0x0c0320
Mar 22 17:11:50 kashrinivaasan-Inspiron-1545 kernel: [    0.222045] pci 0000:00:1d.7: reg 10: [mem 0xfed1c000-0xfed1c3ff]
Mar 22 17:11:50 kashrinivaasan-Inspiron-1545 kernel: [    0.222171] pci 0000:00:1d.7: PME# supported from D0 D3hot D3cold
Mar 22 17:11:50 kashrinivaasan-Inspiron-1545 kernel: [    0.222203] pci 0000:00:1e.0: [8086:2448] type 01 class 0x060401
Mar 22 17:11:50 kashrinivaasan-Inspiron-1545 kernel: [    0.222307] pci 0000:00:1f.0: [8086:2919] type 00 class 0x060100
Mar 22 17:11:50 kashrinivaasan-Inspiron-1545 kernel: [    0.222491] pci 0000:00:1f.2: [8086:2929] type 00 class 0x010601
Mar 22 17:11:50 kashrinivaasan-Inspiron-1545 kernel: [    0.222523] pci 0000:00:1f.2: reg 10: [io  0x6e70-0x6e77]
Mar 22 17:11:50 kashrinivaasan-Inspiron-1545 kernel: [    0.222536] pci 0000:00:1f.2: reg 14: [io  0x6e78-0x6e7b]
Mar 22 17:11:50 kashrinivaasan-Inspiron-1545 kernel: [    0.222550] pci 0000:00:1f.2: reg 18: [io  0x6e80-0x6e87]
Mar 22 17:11:50 kashrinivaasan-Inspiron-1545 kernel: [    0.222563] pci 0000:00:1f.2: reg 1c: [io  0x6e88-0x6e8b]
Mar 22 17:11:50 kashrinivaasan-Inspiron-1545 kernel: [    0.222576] pci 0000:00:1f.2: reg 20: [io  0x6ea0-0x6ebf]
Mar 22 17:11:50 kashrinivaasan-Inspiron-1545 kernel: [    0.222589] pci 0000:00:1f.2: reg 24: [mem 0xfed1c800-0xfed1cfff]
Mar 22 17:11:50 kashrinivaasan-Inspiron-1545 kernel: [    0.222670] pci 0000:00:1f.2: PME# supported from D3hot
Mar 22 17:11:50 kashrinivaasan-Inspiron-1545 kernel: [    0.222699] pci 0000:00:1f.3: [8086:2930] type 00 class 0x0c0500
Mar 22 17:11:50 kashrinivaasan-Inspiron-1545 kernel: [    0.222723] pci 0000:00:1f.3: reg 10: [mem 0xf6afbf00-0xf6afbfff 64bit]
Mar 22 17:11:50 kashrinivaasan-Inspiron-1545 kernel: [    0.222757] pci 0000:00:1f.3: reg 20: [io  0x1100-0x111f]
Mar 22 17:11:50 kashrinivaasan-Inspiron-1545 kernel: [    0.222864] pci 0000:00:1c.0: PCI bridge to [bus 0b]
Mar 22 17:11:50 kashrinivaasan-Inspiron-1545 kernel: [    0.223201] pci 0000:0c:00.0: [14e4:4315] type 00 class 0x028000
Mar 22 17:11:50 kashrinivaasan-Inspiron-1545 kernel: [    0.223273] pci 0000:0c:00.0: reg 10: [mem 0xf69fc000-0xf69fffff 64bit]
Mar 22 17:11:50 kashrinivaasan-Inspiron-1545 kernel: [    0.223664] pci 0000:0c:00.0: supports D1 D2
Mar 22 17:11:50 kashrinivaasan-Inspiron-1545 kernel: [    0.223667] pci 0000:0c:00.0: PME# supported from D0 D3hot D3cold
Mar 22 17:11:50 kashrinivaasan-Inspiron-1545 kernel: [    0.223860] pci 0000:00:1c.1: PCI bridge to [bus 0c]
Mar 22 17:11:50 kashrinivaasan-Inspiron-1545 kernel: [    0.223869] pci 0000:00:1c.1:   bridge window [mem 0xf6900000-0xf69fffff]
Mar 22 17:11:50 kashrinivaasan-Inspiron-1545 kernel: [    0.223970] pci 0000:09:00.0: [11ab:4354] type 00 class 0x020000
Mar 22 17:11:50 kashrinivaasan-Inspiron-1545 kernel: [    0.224012] pci 0000:09:00.0: reg 10: [mem 0xf68fc000-0xf68fffff 64bit]
Mar 22 17:11:50 kashrinivaasan-Inspiron-1545 kernel: [    0.224032] pci 0000:09:00.0: reg 18: [io  0xde00-0xdeff]
Mar 22 17:11:50 kashrinivaasan-Inspiron-1545 kernel: [    0.224189] pci 0000:09:00.0: supports D1 D2
Mar 22 17:11:50 kashrinivaasan-Inspiron-1545 kernel: [    0.224192] pci 0000:09:00.0: PME# supported from D0 D1 D2 D3hot D3cold
Mar 22 17:11:50 kashrinivaasan-Inspiron-1545 kernel: [    0.232023] pci 0000:00:1c.2: PCI bridge to [bus 09]
Mar 22 17:11:50 kashrinivaasan-Inspiron-1545 kernel: [    0.232029] pci 0000:00:1c.2:   bridge window [io  0xd000-0xdfff]
Mar 22 17:11:50 kashrinivaasan-Inspiron-1545 kernel: [    0.232036] pci 0000:00:1c.2:   bridge window [mem 0xf6800000-0xf68fffff]
Mar 22 17:11:50 kashrinivaasan-Inspiron-1545 kernel: [    0.232107] pci 0000:00:1c.4: PCI bridge to [bus 0d-0e]
Mar 22 17:11:50 kashrinivaasan-Inspiron-1545 kernel: [    0.232113] pci 0000:00:1c.4:   bridge window [io  0xc000-0xcfff]
Mar 22 17:11:50 kashrinivaasan-Inspiron-1545 kernel: [    0.232119] pci 0000:00:1c.4:   bridge window [mem 0xf6600000-0xf67fffff]
Mar 22 17:11:50 kashrinivaasan-Inspiron-1545 kernel: [    0.232128] pci 0000:00:1c.4:   bridge window [mem 0xf0000000-0xf01fffff 64bit pref]
Mar 22 17:11:50 kashrinivaasan-Inspiron-1545 kernel: [    0.232226] pci 0000:00:1e.0: PCI bridge to [bus 03] (subtractive decode)
Mar 22 17:11:50 kashrinivaasan-Inspiron-1545 kernel: [    0.232241] pci 0000:00:1e.0:   bridge window [io  0x0000-0x0cf7] (subtractive decode)
Mar 22 17:11:50 kashrinivaasan-Inspiron-1545 kernel: [    0.232244] pci 0000:00:1e.0:   bridge window [io  0x0d00-0xffff] (subtractive decode)
Mar 22 17:11:50 kashrinivaasan-Inspiron-1545 kernel: [    0.232247] pci 0000:00:1e.0:   bridge window [mem 0x000a0000-0x000bffff] (subtractive decode)
Mar 22 17:11:50 kashrinivaasan-Inspiron-1545 kernel: [    0.232250] pci 0000:00:1e.0:   bridge window [mem 0x000d0000-0x000dffff] (subtractive decode)
Mar 22 17:11:50 kashrinivaasan-Inspiron-1545 kernel: [    0.232253] pci 0000:00:1e.0:   bridge window [mem 0xc0000000-0xf7ffffff] (subtractive decode)
Mar 22 17:11:50 kashrinivaasan-Inspiron-1545 kernel: [    0.232256] pci 0000:00:1e.0:   bridge window [mem 0xfc000000-0xfebfffff] (subtractive decode)
Mar 22 17:11:50 kashrinivaasan-Inspiron-1545 kernel: [    0.232259] pci 0000:00:1e.0:   bridge window [mem 0xfec10000-0xfecfffff] (subtractive decode)
Mar 22 17:11:50 kashrinivaasan-Inspiron-1545 kernel: [    0.232262] pci 0000:00:1e.0:   bridge window [mem 0xfed1c000-0xfed1ffff] (subtractive decode)
Mar 22 17:11:50 kashrinivaasan-Inspiron-1545 kernel: [    0.232268] pci 0000:00:1e.0:   bridge window [mem 0xfed90000-0xfed9ffff] (subtractive decode)
Mar 22 17:11:50 kashrinivaasan-Inspiron-1545 kernel: [    0.232271] pci 0000:00:1e.0:   bridge window [mem 0xfeda7000-0xfedfffff] (subtractive decode)
Mar 22 17:11:50 kashrinivaasan-Inspiron-1545 kernel: [    0.232274] pci 0000:00:1e.0:   bridge window [mem 0xfee10000-0xff9fffff] (subtractive decode)
Mar 22 17:11:50 kashrinivaasan-Inspiron-1545 kernel: [    0.232277] pci 0000:00:1e.0:   bridge window [mem 0xffc00000-0xffdfffff] (subtractive decode)
Mar 22 17:11:50 kashrinivaasan-Inspiron-1545 kernel: [    0.232313] pci_bus 0000:00: on NUMA node 0
Mar 22 17:11:50 kashrinivaasan-Inspiron-1545 kernel: [    0.232318] ACPI: PCI Interrupt Routing Table [\_SB_.PCI0._PRT]
Mar 22 17:11:50 kashrinivaasan-Inspiron-1545 kernel: [    0.232640] ACPI: PCI Interrupt Routing Table [\_SB_.PCI0.PCIE._PRT]
Mar 22 17:11:50 kashrinivaasan-Inspiron-1545 kernel: [    0.232762] ACPI: PCI Interrupt Routing Table [\_SB_.PCI0.RP01._PRT]
Mar 22 17:11:50 kashrinivaasan-Inspiron-1545 kernel: [    0.232819] ACPI: PCI Interrupt Routing Table [\_SB_.PCI0.RP02._PRT]
Mar 22 17:11:50 kashrinivaasan-Inspiron-1545 kernel: [    0.232877] ACPI: PCI Interrupt Routing Table [\_SB_.PCI0.RP03._PRT]
Mar 22 17:11:50 kashrinivaasan-Inspiron-1545 kernel: [    0.232936] ACPI: PCI Interrupt Routing Table [\_SB_.PCI0.RP05._PRT]
Mar 22 17:11:50 kashrinivaasan-Inspiron-1545 kernel: [    0.232991]  pci0000:00: ACPI _OSC support notification failed, disabling PCIe ASPM
Mar 22 17:11:50 kashrinivaasan-Inspiron-1545 kernel: [    0.232994]  pci0000:00: Unable to request _OSC control (_OSC support mask: 0x08)
Mar 22 17:11:50 kashrinivaasan-Inspiron-1545 kernel: [    0.243966] ACPI: PCI Interrupt Link [LNKA] (IRQs *10 11)
Mar 22 17:11:50 kashrinivaasan-Inspiron-1545 kernel: [    0.244049] ACPI: PCI Interrupt Link [LNKB] (IRQs 5 7) *4
Mar 22 17:11:50 kashrinivaasan-Inspiron-1545 kernel: [    0.244124] ACPI: PCI Interrupt Link [LNKC] (IRQs *10 11)
Mar 22 17:11:50 kashrinivaasan-Inspiron-1545 kernel: [    0.244185] ACPI: PCI Interrupt Link [LNKD] (IRQs 5 7 10 11) *0, disabled.
Mar 22 17:11:50 kashrinivaasan-Inspiron-1545 kernel: [    0.244262] ACPI: PCI Interrupt Link [LNKE] (IRQs 3 4 5 6 7 10 *11 12 14 15)
Mar 22 17:11:50 kashrinivaasan-Inspiron-1545 kernel: [    0.244340] ACPI: PCI Interrupt Link [LNKF] (IRQs 3 4 5 6 *7 10 11 12 14 15)
Mar 22 17:11:50 kashrinivaasan-Inspiron-1545 kernel: [    0.244417] ACPI: PCI Interrupt Link [LNKG] (IRQs 3 4 *5 6 7 10 11 12 14 15)
Mar 22 17:11:50 kashrinivaasan-Inspiron-1545 kernel: [    0.244483] ACPI: PCI Interrupt Link [LNKH] (IRQs 3 4 5 6 7 10 11 12 14 15) *0, disabled.
Mar 22 17:11:50 kashrinivaasan-Inspiron-1545 kernel: [    0.244588] vgaarb: device added: PCI:0000:00:02.0,decodes=io+mem,owns=io+mem,locks=none
Mar 22 17:11:50 kashrinivaasan-Inspiron-1545 kernel: [    0.244588] vgaarb: loaded
Mar 22 17:11:50 kashrinivaasan-Inspiron-1545 kernel: [    0.244588] vgaarb: bridge control possible 0000:00:02.0
Mar 22 17:11:50 kashrinivaasan-Inspiron-1545 kernel: [    0.244588] SCSI subsystem initialized
Mar 22 17:11:50 kashrinivaasan-Inspiron-1545 kernel: [    0.244588] ACPI: bus type scsi registered
Mar 22 17:11:50 kashrinivaasan-Inspiron-1545 kernel: [    0.244588] libata version 3.00 loaded.
Mar 22 17:11:50 kashrinivaasan-Inspiron-1545 kernel: [    0.244588] ACPI: bus type usb registered
Mar 22 17:11:50 kashrinivaasan-Inspiron-1545 kernel: [    0.244588] usbcore: registered new interface driver usbfs
Mar 22 17:11:50 kashrinivaasan-Inspiron-1545 kernel: [    0.244588] usbcore: registered new interface driver hub
Mar 22 17:11:50 kashrinivaasan-Inspiron-1545 kernel: [    0.244588] usbcore: registered new device driver usb
Mar 22 17:11:50 kashrinivaasan-Inspiron-1545 kernel: [    0.244588] PCI: Using ACPI for IRQ routing
Mar 22 17:11:50 kashrinivaasan-Inspiron-1545 kernel: [    0.250153] PCI: pci_cache_line_size set to 64 bytes
Mar 22 17:11:50 kashrinivaasan-Inspiron-1545 kernel: [    0.250632] e820: reserve RAM buffer [mem 0x0009f000-0x0009ffff]
Mar 22 17:11:50 kashrinivaasan-Inspiron-1545 kernel: [    0.250635] e820: reserve RAM buffer [mem 0xbd8bf400-0xbfffffff]
Mar 22 17:11:50 kashrinivaasan-Inspiron-1545 kernel: [    0.250742] NetLabel: Initializing
Mar 22 17:11:50 kashrinivaasan-Inspiron-1545 kernel: [    0.250744] NetLabel:  domain hash size = 128
Mar 22 17:11:50 kashrinivaasan-Inspiron-1545 kernel: [    0.250746] NetLabel:  protocols = UNLABELED CIPSOv4
Mar 22 17:11:50 kashrinivaasan-Inspiron-1545 kernel: [    0.250758] NetLabel:  unlabeled traffic allowed by default
Mar 22 17:11:50 kashrinivaasan-Inspiron-1545 kernel: [    0.250773] HPET: 4 timers in total, 0 timers will be used for per-cpu timer
Mar 22 17:11:50 kashrinivaasan-Inspiron-1545 kernel: [    0.250773] hpet0: at MMIO 0xfed00000, IRQs 2, 8, 0, 0
Mar 22 17:11:50 kashrinivaasan-Inspiron-1545 kernel: [    0.250773] hpet0: 4 comparators, 64-bit 14.318180 MHz counter
Mar 22 17:11:50 kashrinivaasan-Inspiron-1545 kernel: [    0.252010] Switching to clocksource hpet
Mar 22 17:11:50 kashrinivaasan-Inspiron-1545 kernel: [    0.260691] AppArmor: AppArmor Filesystem Enabled
Mar 22 17:11:50 kashrinivaasan-Inspiron-1545 kernel: [    0.260727] pnp: PnP ACPI init
Mar 22 17:11:50 kashrinivaasan-Inspiron-1545 kernel: [    0.260745] ACPI: bus type pnp registered
Mar 22 17:11:50 kashrinivaasan-Inspiron-1545 kernel: [    0.276984] pnp 00:00: [bus 00-ff]
Mar 22 17:11:50 kashrinivaasan-Inspiron-1545 kernel: [    0.276988] pnp 00:00: [io  0x0000-0x0cf7 window]
Mar 22 17:11:50 kashrinivaasan-Inspiron-1545 kernel: [    0.276991] pnp 00:00: [io  0x0cf8-0x0cff]
Mar 22 17:11:50 kashrinivaasan-Inspiron-1545 kernel: [    0.276994] pnp 00:00: [io  0x0d00-0xffff window]
Mar 22 17:11:50 kashrinivaasan-Inspiron-1545 kernel: [    0.276997] pnp 00:00: [mem 0x000a0000-0x000bffff window]
Mar 22 17:11:50 kashrinivaasan-Inspiron-1545 kernel: [    0.277000] pnp 00:00: [mem 0x000d0000-0x000dffff window]
Mar 22 17:11:50 kashrinivaasan-Inspiron-1545 kernel: [    0.277003] pnp 00:00: [mem 0xc0000000-0xf7ffffff window]
Mar 22 17:11:50 kashrinivaasan-Inspiron-1545 kernel: [    0.277006] pnp 00:00: [mem 0xfc000000-0xfebfffff window]
Mar 22 17:11:50 kashrinivaasan-Inspiron-1545 kernel: [    0.277009] pnp 00:00: [mem 0xfec10000-0xfecfffff window]
Mar 22 17:11:50 kashrinivaasan-Inspiron-1545 kernel: [    0.277012] pnp 00:00: [mem 0xfed1c000-0xfed1ffff window]
Mar 22 17:11:50 kashrinivaasan-Inspiron-1545 kernel: [    0.277015] pnp 00:00: [mem 0xfed90000-0xfed9ffff window]
Mar 22 17:11:50 kashrinivaasan-Inspiron-1545 kernel: [    0.277018] pnp 00:00: [mem 0xfeda7000-0xfedfffff window]
Mar 22 17:11:50 kashrinivaasan-Inspiron-1545 kernel: [    0.277021] pnp 00:00: [mem 0xfee10000-0xff9fffff window]
Mar 22 17:11:50 kashrinivaasan-Inspiron-1545 kernel: [    0.277024] pnp 00:00: [mem 0xffc00000-0xffdfffff window]
Mar 22 17:11:50 kashrinivaasan-Inspiron-1545 kernel: [    0.277081] pnp 00:00: Plug and Play ACPI device, IDs PNP0a03 (active)
Mar 22 17:11:50 kashrinivaasan-Inspiron-1545 kernel: [    0.277097] pnp 00:01: [io  0x004e-0x004f]
Mar 22 17:11:50 kashrinivaasan-Inspiron-1545 kernel: [    0.277100] pnp 00:01: [io  0x0068-0x006f]
Mar 22 17:11:50 kashrinivaasan-Inspiron-1545 kernel: [    0.277103] pnp 00:01: [mem 0xff800000-0xff8fffff]
Mar 22 17:11:50 kashrinivaasan-Inspiron-1545 kernel: [    0.277106] pnp 00:01: [mem 0xffc00000-0xffcfffff]
Mar 22 17:11:50 kashrinivaasan-Inspiron-1545 kernel: [    0.277157] system 00:01: [mem 0xff800000-0xff8fffff] has been reserved
Mar 22 17:11:50 kashrinivaasan-Inspiron-1545 kernel: [    0.277160] system 00:01: [mem 0xffc00000-0xffcfffff] has been reserved
Mar 22 17:11:50 kashrinivaasan-Inspiron-1545 kernel: [    0.277165] system 00:01: Plug and Play ACPI device, IDs PNP0c02 (active)
Mar 22 17:11:50 kashrinivaasan-Inspiron-1545 kernel: [    0.277194] pnp 00:02: [irq 12]
Mar 22 17:11:50 kashrinivaasan-Inspiron-1545 kernel: [    0.277217] pnp 00:02: Plug and Play ACPI device, IDs PNP0f13 (active)
Mar 22 17:11:50 kashrinivaasan-Inspiron-1545 kernel: [    0.277235] pnp 00:03: [io  0x0060]
Mar 22 17:11:50 kashrinivaasan-Inspiron-1545 kernel: [    0.277238] pnp 00:03: [io  0x0064]
Mar 22 17:11:50 kashrinivaasan-Inspiron-1545 kernel: [    0.277241] pnp 00:03: [io  0x0062]
Mar 22 17:11:50 kashrinivaasan-Inspiron-1545 kernel: [    0.277243] pnp 00:03: [io  0x0066]
Mar 22 17:11:50 kashrinivaasan-Inspiron-1545 kernel: [    0.277250] pnp 00:03: [irq 1]
Mar 22 17:11:50 kashrinivaasan-Inspiron-1545 kernel: [    0.277275] pnp 00:03: Plug and Play ACPI device, IDs PNP0303 (active)
Mar 22 17:11:50 kashrinivaasan-Inspiron-1545 kernel: [    0.277293] pnp 00:04: [io  0x0070-0x0071]
Mar 22 17:11:50 kashrinivaasan-Inspiron-1545 kernel: [    0.277299] pnp 00:04: [irq 8]
Mar 22 17:11:50 kashrinivaasan-Inspiron-1545 kernel: [    0.277302] pnp 00:04: [io  0x0072-0x0077]
Mar 22 17:11:50 kashrinivaasan-Inspiron-1545 kernel: [    0.277326] pnp 00:04: Plug and Play ACPI device, IDs PNP0b00 (active)
Mar 22 17:11:50 kashrinivaasan-Inspiron-1545 kernel: [    0.277345] pnp 00:05: [io  0x0061]
Mar 22 17:11:50 kashrinivaasan-Inspiron-1545 kernel: [    0.277348] pnp 00:05: [io  0x0063]
Mar 22 17:11:50 kashrinivaasan-Inspiron-1545 kernel: [    0.277351] pnp 00:05: [io  0x0065]
Mar 22 17:11:50 kashrinivaasan-Inspiron-1545 kernel: [    0.277353] pnp 00:05: [io  0x0067]
Mar 22 17:11:50 kashrinivaasan-Inspiron-1545 kernel: [    0.277376] pnp 00:05: Plug and Play ACPI device, IDs PNP0800 (active)
Mar 22 17:11:50 kashrinivaasan-Inspiron-1545 kernel: [    0.277426] system 00:06: Plug and Play ACPI device, IDs PNP0c01 (active)
Mar 22 17:11:50 kashrinivaasan-Inspiron-1545 kernel: [    0.277447] pnp 00:07: [dma 4]
Mar 22 17:11:50 kashrinivaasan-Inspiron-1545 kernel: [    0.277450] pnp 00:07: [io  0x0000-0x000f]
Mar 22 17:11:50 kashrinivaasan-Inspiron-1545 kernel: [    0.277452] pnp 00:07: [io  0x0080-0x0085]
Mar 22 17:11:50 kashrinivaasan-Inspiron-1545 kernel: [    0.277455] pnp 00:07: [io  0x0087-0x008f]
Mar 22 17:11:50 kashrinivaasan-Inspiron-1545 kernel: [    0.277461] pnp 00:07: [io  0x00c0-0x00df]
Mar 22 17:11:50 kashrinivaasan-Inspiron-1545 kernel: [    0.277464] pnp 00:07: [io  0x0010-0x001f]
Mar 22 17:11:50 kashrinivaasan-Inspiron-1545 kernel: [    0.277467] pnp 00:07: [io  0x0090-0x0091]
Mar 22 17:11:50 kashrinivaasan-Inspiron-1545 kernel: [    0.277469] pnp 00:07: [io  0x0093-0x009f]
Mar 22 17:11:50 kashrinivaasan-Inspiron-1545 kernel: [    0.277493] pnp 00:07: Plug and Play ACPI device, IDs PNP0200 (active)
Mar 22 17:11:50 kashrinivaasan-Inspiron-1545 kernel: [    0.277510] pnp 00:08: [io  0x00f0-0x00ff]
Mar 22 17:11:50 kashrinivaasan-Inspiron-1545 kernel: [    0.277516] pnp 00:08: [irq 13]
Mar 22 17:11:50 kashrinivaasan-Inspiron-1545 kernel: [    0.277540] pnp 00:08: Plug and Play ACPI device, IDs PNP0c04 (active)
Mar 22 17:11:50 kashrinivaasan-Inspiron-1545 kernel: [    0.277582] pnp 00:09: [mem 0xfed00000-0xfed003ff]
Mar 22 17:11:50 kashrinivaasan-Inspiron-1545 kernel: [    0.277619] system 00:09: [mem 0xfed00000-0xfed003ff] has been reserved
Mar 22 17:11:50 kashrinivaasan-Inspiron-1545 kernel: [    0.277624] system 00:09: Plug and Play ACPI device, IDs PNP0103 PNP0c01 (active)
Mar 22 17:11:50 kashrinivaasan-Inspiron-1545 kernel: [    0.277795] pnp 00:0a: [io  0x0900-0x097f]
Mar 22 17:11:50 kashrinivaasan-Inspiron-1545 kernel: [    0.277798] pnp 00:0a: [io  0x0092]
Mar 22 17:11:50 kashrinivaasan-Inspiron-1545 kernel: [    0.277801] pnp 00:0a: [io  0x00b2-0x00b3]
Mar 22 17:11:50 kashrinivaasan-Inspiron-1545 kernel: [    0.277804] pnp 00:0a: [io  0x0020-0x0021]
Mar 22 17:11:50 kashrinivaasan-Inspiron-1545 kernel: [    0.277806] pnp 00:0a: [io  0x00a0-0x00a1]
Mar 22 17:11:50 kashrinivaasan-Inspiron-1545 kernel: [    0.277809] pnp 00:0a: [irq 0 disabled]
Mar 22 17:11:50 kashrinivaasan-Inspiron-1545 kernel: [    0.277812] pnp 00:0a: [io  0x04d0-0x04d1]
Mar 22 17:11:50 kashrinivaasan-Inspiron-1545 kernel: [    0.277814] pnp 00:0a: [io  0x1000-0x1005]
Mar 22 17:11:50 kashrinivaasan-Inspiron-1545 kernel: [    0.277817] pnp 00:0a: [io  0x1008-0x100f]
Mar 22 17:11:50 kashrinivaasan-Inspiron-1545 kernel: [    0.277870] system 00:0a: [io  0x0900-0x097f] has been reserved
Mar 22 17:11:50 kashrinivaasan-Inspiron-1545 kernel: [    0.277874] system 00:0a: [io  0x04d0-0x04d1] has been reserved
Mar 22 17:11:50 kashrinivaasan-Inspiron-1545 kernel: [    0.277877] system 00:0a: [io  0x1000-0x1005] has been reserved
Mar 22 17:11:50 kashrinivaasan-Inspiron-1545 kernel: [    0.277880] system 00:0a: [io  0x1008-0x100f] has been reserved
Mar 22 17:11:50 kashrinivaasan-Inspiron-1545 kernel: [    0.277884] system 00:0a: Plug and Play ACPI device, IDs PNP0c01 (active)
Mar 22 17:11:50 kashrinivaasan-Inspiron-1545 kernel: [    0.277903] pnp 00:0b: [io  0xf400-0xf4fe]
Mar 22 17:11:50 kashrinivaasan-Inspiron-1545 kernel: [    0.277906] pnp 00:0b: [io  0x0086]
Mar 22 17:11:50 kashrinivaasan-Inspiron-1545 kernel: [    0.277908] pnp 00:0b: [io  0x1006-0x1007]
Mar 22 17:11:50 kashrinivaasan-Inspiron-1545 kernel: [    0.277911] pnp 00:0b: [io  0x100a-0x1059]
Mar 22 17:11:50 kashrinivaasan-Inspiron-1545 kernel: [    0.277914] pnp 00:0b: [io  0x1060-0x107f]
Mar 22 17:11:50 kashrinivaasan-Inspiron-1545 kernel: [    0.277916] pnp 00:0b: [io  0x1080-0x10bf]
Mar 22 17:11:50 kashrinivaasan-Inspiron-1545 kernel: [    0.277919] pnp 00:0b: [io  0x1100-0x111f]
Mar 22 17:11:50 kashrinivaasan-Inspiron-1545 kernel: [    0.277922] pnp 00:0b: [io  0x1010-0x102f]
Mar 22 17:11:50 kashrinivaasan-Inspiron-1545 kernel: [    0.277924] pnp 00:0b: [io  0x0809]
Mar 22 17:11:50 kashrinivaasan-Inspiron-1545 kernel: [    0.277977] system 00:0b: [io  0xf400-0xf4fe] has been reserved
Mar 22 17:11:50 kashrinivaasan-Inspiron-1545 kernel: [    0.277980] system 00:0b: [io  0x1006-0x1007] has been reserved
Mar 22 17:11:50 kashrinivaasan-Inspiron-1545 kernel: [    0.277983] system 00:0b: [io  0x100a-0x1059] could not be reserved
Mar 22 17:11:50 kashrinivaasan-Inspiron-1545 kernel: [    0.277987] system 00:0b: [io  0x1060-0x107f] has been reserved
Mar 22 17:11:50 kashrinivaasan-Inspiron-1545 kernel: [    0.277990] system 00:0b: [io  0x1080-0x10bf] has been reserved
Mar 22 17:11:50 kashrinivaasan-Inspiron-1545 kernel: [    0.277993] system 00:0b: [io  0x1100-0x111f] has been reserved
Mar 22 17:11:50 kashrinivaasan-Inspiron-1545 kernel: [    0.277996] system 00:0b: [io  0x1010-0x102f] has been reserved
Mar 22 17:11:50 kashrinivaasan-Inspiron-1545 kernel: [    0.278000] system 00:0b: [io  0x0809] has been reserved
Mar 22 17:11:50 kashrinivaasan-Inspiron-1545 kernel: [    0.278004] system 00:0b: Plug and Play ACPI device, IDs PNP0c01 (active)
Mar 22 17:11:50 kashrinivaasan-Inspiron-1545 kernel: [    0.295361] pnp 00:0c: [mem 0x00000000-0x0009efff]
Mar 22 17:11:50 kashrinivaasan-Inspiron-1545 kernel: [    0.295364] pnp 00:0c: [mem 0x0009f000-0x0009ffff]
Mar 22 17:11:50 kashrinivaasan-Inspiron-1545 kernel: [    0.295367] pnp 00:0c: [mem 0x000c0000-0x000cffff]
Mar 22 17:11:50 kashrinivaasan-Inspiron-1545 kernel: [    0.295370] pnp 00:0c: [mem 0x000e0000-0x000fffff]
Mar 22 17:11:50 kashrinivaasan-Inspiron-1545 kernel: [    0.295373] pnp 00:0c: [mem 0x00100000-0xbd8bf3ff]
Mar 22 17:11:50 kashrinivaasan-Inspiron-1545 kernel: [    0.295376] pnp 00:0c: [mem 0xbd8bf400-0xbdafffff]
Mar 22 17:11:50 kashrinivaasan-Inspiron-1545 kernel: [    0.295378] pnp 00:0c: [mem 0xbdb00000-0xbdbfffff]
Mar 22 17:11:50 kashrinivaasan-Inspiron-1545 kernel: [    0.295381] pnp 00:0c: [mem 0xffe00000-0xffffffff]
Mar 22 17:11:50 kashrinivaasan-Inspiron-1545 kernel: [    0.295384] pnp 00:0c: [mem 0xffa00000-0xffbfffff]
Mar 22 17:11:50 kashrinivaasan-Inspiron-1545 kernel: [    0.295386] pnp 00:0c: [mem 0xfec00000-0xfec0ffff]
Mar 22 17:11:50 kashrinivaasan-Inspiron-1545 kernel: [    0.295393] pnp 00:0c: [mem 0xfee00000-0xfee0ffff]
Mar 22 17:11:50 kashrinivaasan-Inspiron-1545 kernel: [    0.295395] pnp 00:0c: [mem 0xfed20000-0xfed8ffff]
Mar 22 17:11:50 kashrinivaasan-Inspiron-1545 kernel: [    0.295398] pnp 00:0c: [mem 0xfeda0000-0xfeda3fff]
Mar 22 17:11:50 kashrinivaasan-Inspiron-1545 kernel: [    0.295401] pnp 00:0c: [mem 0xfeda4000-0xfeda4fff]
Mar 22 17:11:50 kashrinivaasan-Inspiron-1545 kernel: [    0.295403] pnp 00:0c: [mem 0xfeda5000-0xfeda5fff]
Mar 22 17:11:50 kashrinivaasan-Inspiron-1545 kernel: [    0.295406] pnp 00:0c: [mem 0xfeda6000-0xfeda6fff]
Mar 22 17:11:50 kashrinivaasan-Inspiron-1545 kernel: [    0.295409] pnp 00:0c: [mem 0xfed1c800-0xfed1cfff]
Mar 22 17:11:50 kashrinivaasan-Inspiron-1545 kernel: [    0.295411] pnp 00:0c: [mem 0xfed18000-0xfed1bfff]
Mar 22 17:11:50 kashrinivaasan-Inspiron-1545 kernel: [    0.295414] pnp 00:0c: [mem 0xf8000000-0xfbffffff]
Mar 22 17:11:50 kashrinivaasan-Inspiron-1545 kernel: [    0.295480] system 00:0c: [mem 0x00000000-0x0009efff] could not be reserved
Mar 22 17:11:50 kashrinivaasan-Inspiron-1545 kernel: [    0.295484] system 00:0c: [mem 0x0009f000-0x0009ffff] could not be reserved
Mar 22 17:11:50 kashrinivaasan-Inspiron-1545 kernel: [    0.295487] system 00:0c: [mem 0x000c0000-0x000cffff] could not be reserved
Mar 22 17:11:50 kashrinivaasan-Inspiron-1545 kernel: [    0.295491] system 00:0c: [mem 0x000e0000-0x000fffff] could not be reserved
Mar 22 17:11:50 kashrinivaasan-Inspiron-1545 kernel: [    0.295494] system 00:0c: [mem 0x00100000-0xbd8bf3ff] could not be reserved
Mar 22 17:11:50 kashrinivaasan-Inspiron-1545 kernel: [    0.295497] system 00:0c: [mem 0xbd8bf400-0xbdafffff] could not be reserved
Mar 22 17:11:50 kashrinivaasan-Inspiron-1545 kernel: [    0.295501] system 00:0c: [mem 0xbdb00000-0xbdbfffff] has been reserved
Mar 22 17:11:50 kashrinivaasan-Inspiron-1545 kernel: [    0.295504] system 00:0c: [mem 0xffe00000-0xffffffff] has been reserved
Mar 22 17:11:50 kashrinivaasan-Inspiron-1545 kernel: [    0.295507] system 00:0c: [mem 0xffa00000-0xffbfffff] has been reserved
Mar 22 17:11:50 kashrinivaasan-Inspiron-1545 kernel: [    0.295511] system 00:0c: [mem 0xfec00000-0xfec0ffff] could not be reserved
Mar 22 17:11:50 kashrinivaasan-Inspiron-1545 kernel: [    0.295514] system 00:0c: [mem 0xfee00000-0xfee0ffff] has been reserved
Mar 22 17:11:50 kashrinivaasan-Inspiron-1545 kernel: [    0.295518] system 00:0c: [mem 0xfed20000-0xfed8ffff] has been reserved
Mar 22 17:11:50 kashrinivaasan-Inspiron-1545 kernel: [    0.295521] system 00:0c: [mem 0xfeda0000-0xfeda3fff] has been reserved
Mar 22 17:11:50 kashrinivaasan-Inspiron-1545 kernel: [    0.295524] system 00:0c: [mem 0xfeda4000-0xfeda4fff] has been reserved
Mar 22 17:11:50 kashrinivaasan-Inspiron-1545 kernel: [    0.295528] system 00:0c: [mem 0xfeda5000-0xfeda5fff] has been reserved
Mar 22 17:11:50 kashrinivaasan-Inspiron-1545 kernel: [    0.295531] system 00:0c: [mem 0xfeda6000-0xfeda6fff] has been reserved
Mar 22 17:11:50 kashrinivaasan-Inspiron-1545 kernel: [    0.295535] system 00:0c: [mem 0xfed1c800-0xfed1cfff] has been reserved
Mar 22 17:11:50 kashrinivaasan-Inspiron-1545 kernel: [    0.295538] system 00:0c: [mem 0xfed18000-0xfed1bfff] has been reserved
Mar 22 17:11:50 kashrinivaasan-Inspiron-1545 kernel: [    0.295541] system 00:0c: [mem 0xf8000000-0xfbffffff] has been reserved
Mar 22 17:11:50 kashrinivaasan-Inspiron-1545 kernel: [    0.295546] system 00:0c: Plug and Play ACPI device, IDs PNP0c01 (active)
Mar 22 17:11:50 kashrinivaasan-Inspiron-1545 kernel: [    0.295586] pnp: PnP ACPI: found 13 devices
Mar 22 17:11:50 kashrinivaasan-Inspiron-1545 kernel: [    0.295588] ACPI: ACPI bus type pnp unregistered
Mar 22 17:11:50 kashrinivaasan-Inspiron-1545 kernel: [    0.295592] PnPBIOS: Disabled by ACPI PNP
Mar 22 17:11:50 kashrinivaasan-Inspiron-1545 kernel: [    0.332537] pci 0000:00:1c.0: bridge window [io  0x1000-0x0fff] to [bus 0b] add_size 1000
Mar 22 17:11:50 kashrinivaasan-Inspiron-1545 kernel: [    0.332544] pci 0000:00:1c.0: bridge window [mem 0x00100000-0x000fffff 64bit pref] to [bus 0b] add_size 200000
Mar 22 17:11:50 kashrinivaasan-Inspiron-1545 kernel: [    0.332547] pci 0000:00:1c.0: bridge window [mem 0x00100000-0x000fffff] to [bus 0b] add_size 200000
Mar 22 17:11:50 kashrinivaasan-Inspiron-1545 kernel: [    0.332560] pci 0000:00:1c.1: bridge window [io  0x1000-0x0fff] to [bus 0c] add_size 1000
Mar 22 17:11:50 kashrinivaasan-Inspiron-1545 kernel: [    0.332564] pci 0000:00:1c.1: bridge window [mem 0x00100000-0x000fffff 64bit pref] to [bus 0c] add_size 200000
Mar 22 17:11:50 kashrinivaasan-Inspiron-1545 kernel: [    0.332578] pci 0000:00:1c.2: bridge window [mem 0x00100000-0x000fffff 64bit pref] to [bus 09] add_size 200000
Mar 22 17:11:50 kashrinivaasan-Inspiron-1545 kernel: [    0.332604] pci 0000:00:1c.0: res[14]=[mem 0x00100000-0x000fffff] get_res_add_size add_size 200000
Mar 22 17:11:50 kashrinivaasan-Inspiron-1545 kernel: [    0.332608] pci 0000:00:1c.0: res[15]=[mem 0x00100000-0x000fffff 64bit pref] get_res_add_size add_size 200000
Mar 22 17:11:50 kashrinivaasan-Inspiron-1545 kernel: [    0.332611] pci 0000:00:1c.1: res[15]=[mem 0x00100000-0x000fffff 64bit pref] get_res_add_size add_size 200000
Mar 22 17:11:50 kashrinivaasan-Inspiron-1545 kernel: [    0.332615] pci 0000:00:1c.2: res[15]=[mem 0x00100000-0x000fffff 64bit pref] get_res_add_size add_size 200000
Mar 22 17:11:50 kashrinivaasan-Inspiron-1545 kernel: [    0.332618] pci 0000:00:1c.0: res[13]=[io  0x1000-0x0fff] get_res_add_size add_size 1000
Mar 22 17:11:50 kashrinivaasan-Inspiron-1545 kernel: [    0.332621] pci 0000:00:1c.1: res[13]=[io  0x1000-0x0fff] get_res_add_size add_size 1000
Mar 22 17:11:50 kashrinivaasan-Inspiron-1545 kernel: [    0.332628] pci 0000:00:1c.0: BAR 14: assigned [mem 0xc0000000-0xc01fffff]
Mar 22 17:11:50 kashrinivaasan-Inspiron-1545 kernel: [    0.332632] pci 0000:00:1c.0: BAR 15: assigned [mem 0xc0200000-0xc03fffff 64bit pref]
Mar 22 17:11:50 kashrinivaasan-Inspiron-1545 kernel: [    0.332636] pci 0000:00:1c.1: BAR 15: assigned [mem 0xc0400000-0xc05fffff 64bit pref]
Mar 22 17:11:50 kashrinivaasan-Inspiron-1545 kernel: [    0.332640] pci 0000:00:1c.2: BAR 15: assigned [mem 0xc0600000-0xc07fffff 64bit pref]
Mar 22 17:11:50 kashrinivaasan-Inspiron-1545 kernel: [    0.332645] pci 0000:00:1c.0: BAR 13: assigned [io  0x2000-0x2fff]
Mar 22 17:11:50 kashrinivaasan-Inspiron-1545 kernel: [    0.332649] pci 0000:00:1c.1: BAR 13: assigned [io  0x3000-0x3fff]
Mar 22 17:11:50 kashrinivaasan-Inspiron-1545 kernel: [    0.332653] pci 0000:00:1c.0: PCI bridge to [bus 0b]
Mar 22 17:11:50 kashrinivaasan-Inspiron-1545 kernel: [    0.332658] pci 0000:00:1c.0:   bridge window [io  0x2000-0x2fff]
Mar 22 17:11:50 kashrinivaasan-Inspiron-1545 kernel: [    0.332666] pci 0000:00:1c.0:   bridge window [mem 0xc0000000-0xc01fffff]
Mar 22 17:11:50 kashrinivaasan-Inspiron-1545 kernel: [    0.332672] pci 0000:00:1c.0:   bridge window [mem 0xc0200000-0xc03fffff 64bit pref]
Mar 22 17:11:50 kashrinivaasan-Inspiron-1545 kernel: [    0.332680] pci 0000:00:1c.1: PCI bridge to [bus 0c]
Mar 22 17:11:50 kashrinivaasan-Inspiron-1545 kernel: [    0.332684] pci 0000:00:1c.1:   bridge window [io  0x3000-0x3fff]
Mar 22 17:11:50 kashrinivaasan-Inspiron-1545 kernel: [    0.332692] pci 0000:00:1c.1:   bridge window [mem 0xf6900000-0xf69fffff]
Mar 22 17:11:50 kashrinivaasan-Inspiron-1545 kernel: [    0.332698] pci 0000:00:1c.1:   bridge window [mem 0xc0400000-0xc05fffff 64bit pref]
Mar 22 17:11:50 kashrinivaasan-Inspiron-1545 kernel: [    0.332706] pci 0000:00:1c.2: PCI bridge to [bus 09]
Mar 22 17:11:50 kashrinivaasan-Inspiron-1545 kernel: [    0.332711] pci 0000:00:1c.2:   bridge window [io  0xd000-0xdfff]
Mar 22 17:11:50 kashrinivaasan-Inspiron-1545 kernel: [    0.332718] pci 0000:00:1c.2:   bridge window [mem 0xf6800000-0xf68fffff]
Mar 22 17:11:50 kashrinivaasan-Inspiron-1545 kernel: [    0.332724] pci 0000:00:1c.2:   bridge window [mem 0xc0600000-0xc07fffff 64bit pref]
Mar 22 17:11:50 kashrinivaasan-Inspiron-1545 kernel: [    0.332733] pci 0000:00:1c.4: PCI bridge to [bus 0d-0e]
Mar 22 17:11:50 kashrinivaasan-Inspiron-1545 kernel: [    0.332737] pci 0000:00:1c.4:   bridge window [io  0xc000-0xcfff]
Mar 22 17:11:50 kashrinivaasan-Inspiron-1545 kernel: [    0.332744] pci 0000:00:1c.4:   bridge window [mem 0xf6600000-0xf67fffff]
Mar 22 17:11:50 kashrinivaasan-Inspiron-1545 kernel: [    0.332750] pci 0000:00:1c.4:   bridge window [mem 0xf0000000-0xf01fffff 64bit pref]
Mar 22 17:11:50 kashrinivaasan-Inspiron-1545 kernel: [    0.332759] pci 0000:00:1e.0: PCI bridge to [bus 03]
Mar 22 17:11:50 kashrinivaasan-Inspiron-1545 kernel: [    0.332820] pci 0000:00:1e.0: setting latency timer to 64
Mar 22 17:11:50 kashrinivaasan-Inspiron-1545 kernel: [    0.332825] pci_bus 0000:00: resource 4 [io  0x0000-0x0cf7]
Mar 22 17:11:50 kashrinivaasan-Inspiron-1545 kernel: [    0.332828] pci_bus 0000:00: resource 5 [io  0x0d00-0xffff]
Mar 22 17:11:50 kashrinivaasan-Inspiron-1545 kernel: [    0.332831] pci_bus 0000:00: resource 6 [mem 0x000a0000-0x000bffff]
Mar 22 17:11:50 kashrinivaasan-Inspiron-1545 kernel: [    0.332834] pci_bus 0000:00: resource 7 [mem 0x000d0000-0x000dffff]
Mar 22 17:11:50 kashrinivaasan-Inspiron-1545 kernel: [    0.332837] pci_bus 0000:00: resource 8 [mem 0xc0000000-0xf7ffffff]
Mar 22 17:11:50 kashrinivaasan-Inspiron-1545 kernel: [    0.332839] pci_bus 0000:00: resource 9 [mem 0xfc000000-0xfebfffff]
Mar 22 17:11:50 kashrinivaasan-Inspiron-1545 kernel: [    0.332842] pci_bus 0000:00: resource 10 [mem 0xfec10000-0xfecfffff]
Mar 22 17:11:50 kashrinivaasan-Inspiron-1545 kernel: [    0.332845] pci_bus 0000:00: resource 11 [mem 0xfed1c000-0xfed1ffff]
Mar 22 17:11:50 kashrinivaasan-Inspiron-1545 kernel: [    0.332848] pci_bus 0000:00: resource 12 [mem 0xfed90000-0xfed9ffff]
Mar 22 17:11:50 kashrinivaasan-Inspiron-1545 kernel: [    0.332851] pci_bus 0000:00: resource 13 [mem 0xfeda7000-0xfedfffff]
Mar 22 17:11:50 kashrinivaasan-Inspiron-1545 kernel: [    0.332854] pci_bus 0000:00: resource 14 [mem 0xfee10000-0xff9fffff]
Mar 22 17:11:50 kashrinivaasan-Inspiron-1545 kernel: [    0.332857] pci_bus 0000:00: resource 15 [mem 0xffc00000-0xffdfffff]
Mar 22 17:11:50 kashrinivaasan-Inspiron-1545 kernel: [    0.332860] pci_bus 0000:0b: resource 0 [io  0x2000-0x2fff]
Mar 22 17:11:50 kashrinivaasan-Inspiron-1545 kernel: [    0.332863] pci_bus 0000:0b: resource 1 [mem 0xc0000000-0xc01fffff]
Mar 22 17:11:50 kashrinivaasan-Inspiron-1545 kernel: [    0.332866] pci_bus 0000:0b: resource 2 [mem 0xc0200000-0xc03fffff 64bit pref]
Mar 22 17:11:50 kashrinivaasan-Inspiron-1545 kernel: [    0.332869] pci_bus 0000:0c: resource 0 [io  0x3000-0x3fff]
Mar 22 17:11:50 kashrinivaasan-Inspiron-1545 kernel: [    0.332871] pci_bus 0000:0c: resource 1 [mem 0xf6900000-0xf69fffff]
Mar 22 17:11:50 kashrinivaasan-Inspiron-1545 kernel: [    0.332874] pci_bus 0000:0c: resource 2 [mem 0xc0400000-0xc05fffff 64bit pref]
Mar 22 17:11:50 kashrinivaasan-Inspiron-1545 kernel: [    0.332877] pci_bus 0000:09: resource 0 [io  0xd000-0xdfff]
Mar 22 17:11:50 kashrinivaasan-Inspiron-1545 kernel: [    0.332880] pci_bus 0000:09: resource 1 [mem 0xf6800000-0xf68fffff]
Mar 22 17:11:50 kashrinivaasan-Inspiron-1545 kernel: [    0.332883] pci_bus 0000:09: resource 2 [mem 0xc0600000-0xc07fffff 64bit pref]
Mar 22 17:11:50 kashrinivaasan-Inspiron-1545 kernel: [    0.332886] pci_bus 0000:0d: resource 0 [io  0xc000-0xcfff]
Mar 22 17:11:50 kashrinivaasan-Inspiron-1545 kernel: [    0.332889] pci_bus 0000:0d: resource 1 [mem 0xf6600000-0xf67fffff]
Mar 22 17:11:50 kashrinivaasan-Inspiron-1545 kernel: [    0.332892] pci_bus 0000:0d: resource 2 [mem 0xf0000000-0xf01fffff 64bit pref]
Mar 22 17:11:50 kashrinivaasan-Inspiron-1545 kernel: [    0.332895] pci_bus 0000:03: resource 4 [io  0x0000-0x0cf7]
Mar 22 17:11:50 kashrinivaasan-Inspiron-1545 kernel: [    0.332898] pci_bus 0000:03: resource 5 [io  0x0d00-0xffff]
Mar 22 17:11:50 kashrinivaasan-Inspiron-1545 kernel: [    0.332900] pci_bus 0000:03: resource 6 [mem 0x000a0000-0x000bffff]
Mar 22 17:11:50 kashrinivaasan-Inspiron-1545 kernel: [    0.332903] pci_bus 0000:03: resource 7 [mem 0x000d0000-0x000dffff]
Mar 22 17:11:50 kashrinivaasan-Inspiron-1545 kernel: [    0.332906] pci_bus 0000:03: resource 8 [mem 0xc0000000-0xf7ffffff]
Mar 22 17:11:50 kashrinivaasan-Inspiron-1545 kernel: [    0.332909] pci_bus 0000:03: resource 9 [mem 0xfc000000-0xfebfffff]
Mar 22 17:11:50 kashrinivaasan-Inspiron-1545 kernel: [    0.332912] pci_bus 0000:03: resource 10 [mem 0xfec10000-0xfecfffff]
Mar 22 17:11:50 kashrinivaasan-Inspiron-1545 kernel: [    0.332915] pci_bus 0000:03: resource 11 [mem 0xfed1c000-0xfed1ffff]
Mar 22 17:11:50 kashrinivaasan-Inspiron-1545 kernel: [    0.332917] pci_bus 0000:03: resource 12 [mem 0xfed90000-0xfed9ffff]
Mar 22 17:11:50 kashrinivaasan-Inspiron-1545 kernel: [    0.332920] pci_bus 0000:03: resource 13 [mem 0xfeda7000-0xfedfffff]
Mar 22 17:11:50 kashrinivaasan-Inspiron-1545 kernel: [    0.332923] pci_bus 0000:03: resource 14 [mem 0xfee10000-0xff9fffff]
Mar 22 17:11:50 kashrinivaasan-Inspiron-1545 kernel: [    0.332926] pci_bus 0000:03: resource 15 [mem 0xffc00000-0xffdfffff]
Mar 22 17:11:50 kashrinivaasan-Inspiron-1545 kernel: [    0.332961] NET: Registered protocol family 2
Mar 22 17:11:50 kashrinivaasan-Inspiron-1545 kernel: [    0.333142] TCP established hash table entries: 131072 (order: 8, 1048576 bytes)
Mar 22 17:11:50 kashrinivaasan-Inspiron-1545 kernel: [    0.333583] TCP bind hash table entries: 65536 (order: 7, 524288 bytes)
Mar 22 17:11:50 kashrinivaasan-Inspiron-1545 kernel: [    0.333773] TCP: Hash tables configured (established 131072 bind 65536)
Mar 22 17:11:50 kashrinivaasan-Inspiron-1545 kernel: [    0.333801] TCP: reno registered
Mar 22 17:11:50 kashrinivaasan-Inspiron-1545 kernel: [    0.333805] UDP hash table entries: 512 (order: 2, 16384 bytes)
Mar 22 17:11:50 kashrinivaasan-Inspiron-1545 kernel: [    0.333814] UDP-Lite hash table entries: 512 (order: 2, 16384 bytes)
Mar 22 17:11:50 kashrinivaasan-Inspiron-1545 kernel: [    0.333882] NET: Registered protocol family 1
Mar 22 17:11:50 kashrinivaasan-Inspiron-1545 kernel: [    0.333901] pci 0000:00:02.0: Boot video device
Mar 22 17:11:50 kashrinivaasan-Inspiron-1545 kernel: [    0.334357] PCI: CLS 64 bytes, default 64
Mar 22 17:11:50 kashrinivaasan-Inspiron-1545 kernel: [    0.334411] Trying to unpack rootfs image as initramfs...
Mar 22 17:11:50 kashrinivaasan-Inspiron-1545 kernel: [    0.831889] Freeing initrd memory: 19708k freed
Mar 22 17:11:50 kashrinivaasan-Inspiron-1545 kernel: [    0.841801] Initialise module verification
Mar 22 17:11:50 kashrinivaasan-Inspiron-1545 kernel: [    0.841859] audit: initializing netlink socket (disabled)
Mar 22 17:11:50 kashrinivaasan-Inspiron-1545 kernel: [    0.841874] type=2000 audit(1395508294.840:1): initialized
Mar 22 17:11:50 kashrinivaasan-Inspiron-1545 kernel: [    0.872088] bounce pool size: 64 pages
Mar 22 17:11:50 kashrinivaasan-Inspiron-1545 kernel: [    0.872105] HugeTLB registered 2 MB page size, pre-allocated 0 pages
Mar 22 17:11:50 kashrinivaasan-Inspiron-1545 kernel: [    0.874076] VFS: Disk quotas dquot_6.5.2
Mar 22 17:11:50 kashrinivaasan-Inspiron-1545 kernel: [    0.874133] Dquot-cache hash table entries: 1024 (order 0, 4096 bytes)
Mar 22 17:11:50 kashrinivaasan-Inspiron-1545 kernel: [    0.874764] fuse init (API version 7.20)
Mar 22 17:11:50 kashrinivaasan-Inspiron-1545 kernel: [    0.874864] msgmni has been set to 1700
Mar 22 17:11:50 kashrinivaasan-Inspiron-1545 kernel: [    0.875311] Key type asymmetric registered
Mar 22 17:11:50 kashrinivaasan-Inspiron-1545 kernel: [    0.875314] Asymmetric key parser 'x509' registered
Mar 22 17:11:50 kashrinivaasan-Inspiron-1545 kernel: [    0.875357] Block layer SCSI generic (bsg) driver version 0.4 loaded (major 252)
Mar 22 17:11:50 kashrinivaasan-Inspiron-1545 kernel: [    0.875391] io scheduler noop registered
Mar 22 17:11:50 kashrinivaasan-Inspiron-1545 kernel: [    0.875394] io scheduler deadline registered (default)
Mar 22 17:11:50 kashrinivaasan-Inspiron-1545 kernel: [    0.875402] io scheduler cfq registered
Mar 22 17:11:50 kashrinivaasan-Inspiron-1545 kernel: [    0.875587] pcieport 0000:00:1c.0: irq 40 for MSI/MSI-X
Mar 22 17:11:50 kashrinivaasan-Inspiron-1545 kernel: [    0.875727] pcieport 0000:00:1c.1: irq 41 for MSI/MSI-X
Mar 22 17:11:50 kashrinivaasan-Inspiron-1545 kernel: [    0.875861] pcieport 0000:00:1c.2: irq 42 for MSI/MSI-X
Mar 22 17:11:50 kashrinivaasan-Inspiron-1545 kernel: [    0.875994] pcieport 0000:00:1c.4: irq 43 for MSI/MSI-X
Mar 22 17:11:50 kashrinivaasan-Inspiron-1545 kernel: [    0.876124] pci_hotplug: PCI Hot Plug PCI Core version: 0.5
Mar 22 17:11:50 kashrinivaasan-Inspiron-1545 kernel: [    0.876144] pciehp: PCI Express Hot Plug Controller Driver version: 0.4
Mar 22 17:11:50 kashrinivaasan-Inspiron-1545 kernel: [    0.876216] intel_idle: does not run on family 6 model 23
Mar 22 17:11:50 kashrinivaasan-Inspiron-1545 kernel: [    0.876331] ACPI: AC Adapter [AC] (on-line)
Mar 22 17:11:50 kashrinivaasan-Inspiron-1545 kernel: [    0.876407] input: Lid Switch as /devices/LNXSYSTM:00/LNXSYBUS:00/PNP0C0D:00/input/input0
Mar 22 17:11:50 kashrinivaasan-Inspiron-1545 kernel: [    0.877653] ACPI: Lid Switch [LID]
Mar 22 17:11:50 kashrinivaasan-Inspiron-1545 kernel: [    0.877698] input: Power Button as /devices/LNXSYSTM:00/LNXSYBUS:00/PNP0C0C:00/input/input1
Mar 22 17:11:50 kashrinivaasan-Inspiron-1545 kernel: [    0.877702] ACPI: Power Button [PBTN]
Mar 22 17:11:50 kashrinivaasan-Inspiron-1545 kernel: [    0.877742] input: Sleep Button as /devices/LNXSYSTM:00/LNXSYBUS:00/PNP0C0E:00/input/input2
Mar 22 17:11:50 kashrinivaasan-Inspiron-1545 kernel: [    0.877746] ACPI: Sleep Button [SBTN]
Mar 22 17:11:50 kashrinivaasan-Inspiron-1545 kernel: [    0.877825] ACPI: Requesting acpi_cpufreq
Mar 22 17:11:50 kashrinivaasan-Inspiron-1545 kernel: [    0.878041] Monitor-Mwait will be used to enter C-1 state
Mar 22 17:11:50 kashrinivaasan-Inspiron-1545 kernel: [    0.878048] Monitor-Mwait will be used to enter C-2 state
Mar 22 17:11:50 kashrinivaasan-Inspiron-1545 kernel: [    0.878052] Monitor-Mwait will be used to enter C-3 state
Mar 22 17:11:50 kashrinivaasan-Inspiron-1545 kernel: [    0.878056] tsc: Marking TSC unstable due to TSC halts in idle
Mar 22 17:11:50 kashrinivaasan-Inspiron-1545 kernel: [    0.878068] ACPI: acpi_idle registered with cpuidle
Mar 22 17:11:50 kashrinivaasan-Inspiron-1545 kernel: [    0.890871] thermal LNXTHERM:00: registered as thermal_zone0
Mar 22 17:11:50 kashrinivaasan-Inspiron-1545 kernel: [    0.890874] ACPI: Thermal Zone [THM] (67 C)
Mar 22 17:11:50 kashrinivaasan-Inspiron-1545 kernel: [    0.890915] GHES: HEST is not enabled!
Mar 22 17:11:50 kashrinivaasan-Inspiron-1545 kernel: [    0.890927] isapnp: Scanning for PnP cards...
Mar 22 17:11:50 kashrinivaasan-Inspiron-1545 kernel: [    0.940301] ACPI: Battery Slot [BAT0] (battery present)
Mar 22 17:11:50 kashrinivaasan-Inspiron-1545 kernel: [    1.268148] isapnp: No Plug & Play device found
Mar 22 17:11:50 kashrinivaasan-Inspiron-1545 kernel: [    1.268246] Serial: 8250/16550 driver, 32 ports, IRQ sharing enabled
Mar 22 17:11:50 kashrinivaasan-Inspiron-1545 kernel: [    1.269868] Linux agpgart interface v0.103
Mar 22 17:11:50 kashrinivaasan-Inspiron-1545 kernel: [    1.269978] agpgart-intel 0000:00:00.0: Intel GM45 Chipset
Mar 22 17:11:50 kashrinivaasan-Inspiron-1545 kernel: [    1.270024] agpgart-intel 0000:00:00.0: detected gtt size: 2097152K total, 262144K mappable
Mar 22 17:11:50 kashrinivaasan-Inspiron-1545 kernel: [    1.270712] agpgart-intel 0000:00:00.0: detected 32768K stolen memory
Mar 22 17:11:50 kashrinivaasan-Inspiron-1545 kernel: [    1.270843] agpgart-intel 0000:00:00.0: AGP aperture is 256M @ 0xe0000000
Mar 22 17:11:50 kashrinivaasan-Inspiron-1545 kernel: [    1.272519] brd: module loaded
Mar 22 17:11:50 kashrinivaasan-Inspiron-1545 kernel: [    1.273372] loop: module loaded
Mar 22 17:11:50 kashrinivaasan-Inspiron-1545 kernel: [    1.273871] libphy: Fixed MDIO Bus: probed
Mar 22 17:11:50 kashrinivaasan-Inspiron-1545 kernel: [    1.273952] tun: Universal TUN/TAP device driver, 1.6
Mar 22 17:11:50 kashrinivaasan-Inspiron-1545 kernel: [    1.273954] tun: (C) 1999-2004 Max Krasnyansky <maxk@qualcomm.com>
Mar 22 17:11:50 kashrinivaasan-Inspiron-1545 kernel: [    1.273995] PPP generic driver version 2.4.2
Mar 22 17:11:50 kashrinivaasan-Inspiron-1545 kernel: [    1.274043] ehci_hcd: USB 2.0 'Enhanced' Host Controller (EHCI) Driver
Mar 22 17:11:50 kashrinivaasan-Inspiron-1545 kernel: [    1.274083] ehci_hcd 0000:00:1a.7: setting latency timer to 64
Mar 22 17:11:50 kashrinivaasan-Inspiron-1545 kernel: [    1.274088] ehci_hcd 0000:00:1a.7: EHCI Host Controller
Mar 22 17:11:50 kashrinivaasan-Inspiron-1545 kernel: [    1.274095] ehci_hcd 0000:00:1a.7: new USB bus registered, assigned bus number 1
Mar 22 17:11:50 kashrinivaasan-Inspiron-1545 kernel: [    1.274113] ehci_hcd 0000:00:1a.7: debug port 1
Mar 22 17:11:50 kashrinivaasan-Inspiron-1545 kernel: [    1.278025] ehci_hcd 0000:00:1a.7: cache line size of 64 is not supported
Mar 22 17:11:50 kashrinivaasan-Inspiron-1545 kernel: [    1.278046] ehci_hcd 0000:00:1a.7: irq 22, io mem 0xfed1c400
Mar 22 17:11:50 kashrinivaasan-Inspiron-1545 kernel: [    1.288023] ehci_hcd 0000:00:1a.7: USB 2.0 started, EHCI 1.00
Mar 22 17:11:50 kashrinivaasan-Inspiron-1545 kernel: [    1.288071] usb usb1: New USB device found, idVendor=1d6b, idProduct=0002
Mar 22 17:11:50 kashrinivaasan-Inspiron-1545 kernel: [    1.288074] usb usb1: New USB device strings: Mfr=3, Product=2, SerialNumber=1
Mar 22 17:11:50 kashrinivaasan-Inspiron-1545 kernel: [    1.288077] usb usb1: Product: EHCI Host Controller
Mar 22 17:11:50 kashrinivaasan-Inspiron-1545 kernel: [    1.288080] usb usb1: Manufacturer: Linux 3.7.8 ehci_hcd
Mar 22 17:11:50 kashrinivaasan-Inspiron-1545 kernel: [    1.288083] usb usb1: SerialNumber: 0000:00:1a.7
Mar 22 17:11:50 kashrinivaasan-Inspiron-1545 kernel: [    1.288218] hub 1-0:1.0: USB hub found
Mar 22 17:11:50 kashrinivaasan-Inspiron-1545 kernel: [    1.288223] hub 1-0:1.0: 6 ports detected
Mar 22 17:11:50 kashrinivaasan-Inspiron-1545 kernel: [    1.288737] ehci_hcd 0000:00:1d.7: setting latency timer to 64
Mar 22 17:11:50 kashrinivaasan-Inspiron-1545 kernel: [    1.288741] ehci_hcd 0000:00:1d.7: EHCI Host Controller
Mar 22 17:11:50 kashrinivaasan-Inspiron-1545 kernel: [    1.288747] ehci_hcd 0000:00:1d.7: new USB bus registered, assigned bus number 2
Mar 22 17:11:50 kashrinivaasan-Inspiron-1545 kernel: [    1.288763] ehci_hcd 0000:00:1d.7: debug port 1
Mar 22 17:11:50 kashrinivaasan-Inspiron-1545 kernel: [    1.292673] ehci_hcd 0000:00:1d.7: cache line size of 64 is not supported
Mar 22 17:11:50 kashrinivaasan-Inspiron-1545 kernel: [    1.292691] ehci_hcd 0000:00:1d.7: irq 20, io mem 0xfed1c000
Mar 22 17:11:50 kashrinivaasan-Inspiron-1545 kernel: [    1.304023] ehci_hcd 0000:00:1d.7: USB 2.0 started, EHCI 1.00
Mar 22 17:11:50 kashrinivaasan-Inspiron-1545 kernel: [    1.304039] usb usb2: New USB device found, idVendor=1d6b, idProduct=0002
Mar 22 17:11:50 kashrinivaasan-Inspiron-1545 kernel: [    1.304042] usb usb2: New USB device strings: Mfr=3, Product=2, SerialNumber=1
Mar 22 17:11:50 kashrinivaasan-Inspiron-1545 kernel: [    1.304045] usb usb2: Product: EHCI Host Controller
Mar 22 17:11:50 kashrinivaasan-Inspiron-1545 kernel: [    1.304047] usb usb2: Manufacturer: Linux 3.7.8 ehci_hcd
Mar 22 17:11:50 kashrinivaasan-Inspiron-1545 kernel: [    1.304050] usb usb2: SerialNumber: 0000:00:1d.7
Mar 22 17:11:50 kashrinivaasan-Inspiron-1545 kernel: [    1.304168] hub 2-0:1.0: USB hub found
Mar 22 17:11:50 kashrinivaasan-Inspiron-1545 kernel: [    1.304173] hub 2-0:1.0: 6 ports detected
Mar 22 17:11:50 kashrinivaasan-Inspiron-1545 kernel: [    1.304648] ohci_hcd: USB 1.1 'Open' Host Controller (OHCI) Driver
Mar 22 17:11:50 kashrinivaasan-Inspiron-1545 kernel: [    1.304669] uhci_hcd: USB Universal Host Controller Interface driver
Mar 22 17:11:50 kashrinivaasan-Inspiron-1545 kernel: [    1.304691] uhci_hcd 0000:00:1a.0: setting latency timer to 64
Mar 22 17:11:50 kashrinivaasan-Inspiron-1545 kernel: [    1.304695] uhci_hcd 0000:00:1a.0: UHCI Host Controller
Mar 22 17:11:50 kashrinivaasan-Inspiron-1545 kernel: [    1.304701] uhci_hcd 0000:00:1a.0: new USB bus registered, assigned bus number 3
Mar 22 17:11:50 kashrinivaasan-Inspiron-1545 kernel: [    1.304730] uhci_hcd 0000:00:1a.0: irq 20, io base 0x00006f60
Mar 22 17:11:50 kashrinivaasan-Inspiron-1545 kernel: [    1.304769] usb usb3: New USB device found, idVendor=1d6b, idProduct=0001
Mar 22 17:11:50 kashrinivaasan-Inspiron-1545 kernel: [    1.304772] usb usb3: New USB device strings: Mfr=3, Product=2, SerialNumber=1
Mar 22 17:11:50 kashrinivaasan-Inspiron-1545 kernel: [    1.304775] usb usb3: Product: UHCI Host Controller
Mar 22 17:11:50 kashrinivaasan-Inspiron-1545 kernel: [    1.304778] usb usb3: Manufacturer: Linux 3.7.8 uhci_hcd
Mar 22 17:11:50 kashrinivaasan-Inspiron-1545 kernel: [    1.304780] usb usb3: SerialNumber: 0000:00:1a.0
Mar 22 17:11:50 kashrinivaasan-Inspiron-1545 kernel: [    1.304893] hub 3-0:1.0: USB hub found
Mar 22 17:11:50 kashrinivaasan-Inspiron-1545 kernel: [    1.304898] hub 3-0:1.0: 2 ports detected
Mar 22 17:11:50 kashrinivaasan-Inspiron-1545 kernel: [    1.305031] uhci_hcd 0000:00:1a.1: setting latency timer to 64
Mar 22 17:11:50 kashrinivaasan-Inspiron-1545 kernel: [    1.305036] uhci_hcd 0000:00:1a.1: UHCI Host Controller
Mar 22 17:11:50 kashrinivaasan-Inspiron-1545 kernel: [    1.305041] uhci_hcd 0000:00:1a.1: new USB bus registered, assigned bus number 4
Mar 22 17:11:50 kashrinivaasan-Inspiron-1545 kernel: [    1.305081] uhci_hcd 0000:00:1a.1: irq 21, io base 0x00006f80
Mar 22 17:11:50 kashrinivaasan-Inspiron-1545 kernel: [    1.305115] usb usb4: New USB device found, idVendor=1d6b, idProduct=0001
Mar 22 17:11:50 kashrinivaasan-Inspiron-1545 kernel: [    1.305119] usb usb4: New USB device strings: Mfr=3, Product=2, SerialNumber=1
Mar 22 17:11:50 kashrinivaasan-Inspiron-1545 kernel: [    1.305121] usb usb4: Product: UHCI Host Controller
Mar 22 17:11:50 kashrinivaasan-Inspiron-1545 kernel: [    1.305124] usb usb4: Manufacturer: Linux 3.7.8 uhci_hcd
Mar 22 17:11:50 kashrinivaasan-Inspiron-1545 kernel: [    1.305127] usb usb4: SerialNumber: 0000:00:1a.1
Mar 22 17:11:50 kashrinivaasan-Inspiron-1545 kernel: [    1.305240] hub 4-0:1.0: USB hub found
Mar 22 17:11:50 kashrinivaasan-Inspiron-1545 kernel: [    1.305245] hub 4-0:1.0: 2 ports detected
Mar 22 17:11:50 kashrinivaasan-Inspiron-1545 kernel: [    1.305376] uhci_hcd 0000:00:1a.2: setting latency timer to 64
Mar 22 17:11:50 kashrinivaasan-Inspiron-1545 kernel: [    1.305381] uhci_hcd 0000:00:1a.2: UHCI Host Controller
Mar 22 17:11:50 kashrinivaasan-Inspiron-1545 kernel: [    1.305388] uhci_hcd 0000:00:1a.2: new USB bus registered, assigned bus number 5
Mar 22 17:11:50 kashrinivaasan-Inspiron-1545 kernel: [    1.305417] uhci_hcd 0000:00:1a.2: irq 22, io base 0x00006fa0
