Nov  1 11:22:17 shrinivaasanka-Inspiron-1545 kernel: [ 2941.448224] usb 6-2: USB disconnect, device number 3
Nov  1 11:22:17 shrinivaasanka-Inspiron-1545 kernel: [ 2941.449129] option1 ttyUSB1: usb_wwan_indat_callback: resubmit read urb failed. (-19)
Nov  1 11:22:17 shrinivaasanka-Inspiron-1545 kernel: [ 2941.449147] option1 ttyUSB2: usb_wwan_indat_callback: resubmit read urb failed. (-19)
Nov  1 11:22:17 shrinivaasanka-Inspiron-1545 kernel: [ 2941.450141] option1 ttyUSB0: usb_wwan_indat_callback: resubmit read urb failed. (-19)
Nov  1 11:22:17 shrinivaasanka-Inspiron-1545 kernel: [ 2941.450161] option1 ttyUSB0: usb_wwan_indat_callback: resubmit read urb failed. (-19)
Nov  1 11:22:17 shrinivaasanka-Inspiron-1545 kernel: [ 2941.450178] option1 ttyUSB0: usb_wwan_indat_callback: resubmit read urb failed. (-19)
Nov  1 11:22:17 shrinivaasanka-Inspiron-1545 kernel: [ 2941.450197] option1 ttyUSB0: usb_wwan_indat_callback: resubmit read urb failed. (-19)
Nov  1 11:22:17 shrinivaasanka-Inspiron-1545 kernel: [ 2941.450215] option1 ttyUSB1: usb_wwan_indat_callback: resubmit read urb failed. (-19)
Nov  1 11:22:17 shrinivaasanka-Inspiron-1545 kernel: [ 2941.450229] option1 ttyUSB2: usb_wwan_indat_callback: resubmit read urb failed. (-19)
Nov  1 11:22:17 shrinivaasanka-Inspiron-1545 kernel: [ 2941.450445] option1 ttyUSB0: GSM modem (1-port) converter now disconnected from ttyUSB0
Nov  1 11:22:17 shrinivaasanka-Inspiron-1545 kernel: [ 2941.450470] option 6-2:1.0: device disconnected
Nov  1 11:22:17 shrinivaasanka-Inspiron-1545 kernel: [ 2941.451128] option1 ttyUSB1: usb_wwan_indat_callback: resubmit read urb failed. (-19)
Nov  1 11:22:17 shrinivaasanka-Inspiron-1545 kernel: [ 2941.451146] option1 ttyUSB1: usb_wwan_indat_callback: resubmit read urb failed. (-19)
Nov  1 11:22:17 shrinivaasanka-Inspiron-1545 kernel: [ 2941.451166] option1 ttyUSB2: usb_wwan_indat_callback: resubmit read urb failed. (-19)
Nov  1 11:22:17 shrinivaasanka-Inspiron-1545 kernel: [ 2941.452131] option1 ttyUSB2: usb_wwan_indat_callback: resubmit read urb failed. (-19)
Nov  1 11:22:17 shrinivaasanka-Inspiron-1545 kernel: [ 2941.460185] option1 ttyUSB1: GSM modem (1-port) converter now disconnected from ttyUSB1
Nov  1 11:22:17 shrinivaasanka-Inspiron-1545 kernel: [ 2941.460217] option 6-2:1.1: device disconnected
Nov  1 11:22:17 shrinivaasanka-Inspiron-1545 kernel: [ 2941.460629] option1 ttyUSB2: GSM modem (1-port) converter now disconnected from ttyUSB2
Nov  1 11:22:17 shrinivaasanka-Inspiron-1545 kernel: [ 2941.460655] option 6-2:1.2: device disconnected
Nov  1 11:27:30 shrinivaasanka-Inspiron-1545 kernel: [ 3254.560140] usb 6-1: new full-speed USB device number 4 using uhci_hcd
Nov  1 11:27:30 shrinivaasanka-Inspiron-1545 kernel: [ 3254.744203] usb 6-1: New USB device found, idVendor=03f0, idProduct=0a01
Nov  1 11:27:30 shrinivaasanka-Inspiron-1545 kernel: [ 3254.744211] usb 6-1: New USB device strings: Mfr=1, Product=2, SerialNumber=12
Nov  1 11:27:30 shrinivaasanka-Inspiron-1545 kernel: [ 3254.744216] usb 6-1: Product: hp scanjet scanner
Nov  1 11:27:30 shrinivaasanka-Inspiron-1545 kernel: [ 3254.744220] usb 6-1: Manufacturer: Hewlett-Packard
Nov  1 11:27:30 shrinivaasanka-Inspiron-1545 kernel: [ 3254.744224] usb 6-1: SerialNumber: CN56NS60BY
Nov  1 11:27:31 shrinivaasanka-Inspiron-1545 kernel: [ 3255.488074] WARNING! power/level is deprecated; use power/control instead
Nov  1 11:40:31 shrinivaasanka-Inspiron-1545 kernel: [ 4036.120254] usb 6-1: USB disconnect, device number 4
Nov  1 11:42:36 shrinivaasanka-Inspiron-1545 kernel: [ 4160.304181] usb 2-3: new high-speed USB device number 4 using ehci-pci
Nov  1 11:42:36 shrinivaasanka-Inspiron-1545 kernel: [ 4160.438380] usb 2-3: New USB device found, idVendor=1058, idProduct=0741
Nov  1 11:42:36 shrinivaasanka-Inspiron-1545 kernel: [ 4160.438387] usb 2-3: New USB device strings: Mfr=1, Product=2, SerialNumber=5
Nov  1 11:42:36 shrinivaasanka-Inspiron-1545 kernel: [ 4160.438392] usb 2-3: Product: My Passport 0741
Nov  1 11:42:36 shrinivaasanka-Inspiron-1545 kernel: [ 4160.438397] usb 2-3: Manufacturer: Western Digital
Nov  1 11:42:36 shrinivaasanka-Inspiron-1545 kernel: [ 4160.438401] usb 2-3: SerialNumber: 575832314142333339343835
Nov  1 11:42:36 shrinivaasanka-Inspiron-1545 kernel: [ 4160.439729] usb-storage 2-3:1.0: USB Mass Storage device detected
Nov  1 11:42:36 shrinivaasanka-Inspiron-1545 kernel: [ 4160.440442] scsi host12: usb-storage 2-3:1.0
Nov  1 11:42:37 shrinivaasanka-Inspiron-1545 kernel: [ 4161.440961] scsi 12:0:0:0: Direct-Access     WD       My Passport 0741 1025 PQ: 0 ANSI: 6
Nov  1 11:42:37 shrinivaasanka-Inspiron-1545 kernel: [ 4161.441444] scsi 12:0:0:1: Enclosure         WD       SES Device       1025 PQ: 0 ANSI: 6
Nov  1 11:42:37 shrinivaasanka-Inspiron-1545 kernel: [ 4161.446370] sd 12:0:0:0: Attached scsi generic sg3 type 0
Nov  1 11:42:37 shrinivaasanka-Inspiron-1545 kernel: [ 4161.448483] scsi 12:0:0:1: Attached scsi generic sg4 type 13
Nov  1 11:42:37 shrinivaasanka-Inspiron-1545 kernel: [ 4161.451164] sd 12:0:0:0: [sdc] Spinning up disk...
Nov  1 11:42:42 shrinivaasanka-Inspiron-1545 kernel: [ 4162.456138] .ready
Nov  1 11:42:42 shrinivaasanka-Inspiron-1545 kernel: [ 4166.240543] sd 12:0:0:0: [sdc] 1953458176 512-byte logical blocks: (1.00 TB/931 GiB)
Nov  1 11:42:42 shrinivaasanka-Inspiron-1545 kernel: [ 4166.242532] sd 12:0:0:0: [sdc] Write Protect is off
Nov  1 11:42:42 shrinivaasanka-Inspiron-1545 kernel: [ 4166.242539] sd 12:0:0:0: [sdc] Mode Sense: 47 00 10 08
Nov  1 11:42:42 shrinivaasanka-Inspiron-1545 kernel: [ 4166.243906] sd 12:0:0:0: [sdc] No Caching mode page found
Nov  1 11:42:42 shrinivaasanka-Inspiron-1545 kernel: [ 4166.243912] sd 12:0:0:0: [sdc] Assuming drive cache: write through
Nov  1 11:42:42 shrinivaasanka-Inspiron-1545 kernel: [ 4166.262825]  sdc: sdc1
Nov  1 11:42:42 shrinivaasanka-Inspiron-1545 kernel: [ 4166.266334] ses 12:0:0:1: Attached Enclosure device
Nov  1 11:42:42 shrinivaasanka-Inspiron-1545 kernel: [ 4166.271573] sd 12:0:0:0: [sdc] Attached SCSI disk
Nov  1 11:43:00 shrinivaasanka-Inspiron-1545 kernel: [ 4185.071204] usb 2-3: USB disconnect, device number 4
Nov  1 11:43:49 shrinivaasanka-Inspiron-1545 kernel: [ 4233.892177] usb 2-1: new high-speed USB device number 5 using ehci-pci
Nov  1 11:43:49 shrinivaasanka-Inspiron-1545 kernel: [ 4234.026984] usb 2-1: New USB device found, idVendor=1004, idProduct=633e
Nov  1 11:43:49 shrinivaasanka-Inspiron-1545 kernel: [ 4234.026992] usb 2-1: New USB device strings: Mfr=1, Product=2, SerialNumber=3
Nov  1 11:43:49 shrinivaasanka-Inspiron-1545 kernel: [ 4234.026997] usb 2-1: Product: LGE Android Phone
Nov  1 11:43:49 shrinivaasanka-Inspiron-1545 kernel: [ 4234.027001] usb 2-1: Manufacturer: LG Electronics Inc.
Nov  1 11:43:49 shrinivaasanka-Inspiron-1545 kernel: [ 4234.027005] usb 2-1: SerialNumber: LGD2958a2aa51
Nov  1 11:55:07 shrinivaasanka-Inspiron-1545 kernel: [ 4912.121272] usb 2-1: USB disconnect, device number 5
Nov  1 11:56:40 shrinivaasanka-Inspiron-1545 kernel: [ 5004.188049] usb 6-2: new full-speed USB device number 5 using uhci_hcd
Nov  1 11:56:40 shrinivaasanka-Inspiron-1545 kernel: [ 5004.354098] usb 6-2: New USB device found, idVendor=12d1, idProduct=1505
Nov  1 11:56:40 shrinivaasanka-Inspiron-1545 kernel: [ 5004.354106] usb 6-2: New USB device strings: Mfr=1, Product=2, SerialNumber=4
Nov  1 11:56:40 shrinivaasanka-Inspiron-1545 kernel: [ 5004.354111] usb 6-2: Product: HUAWEI Mobile
Nov  1 11:56:40 shrinivaasanka-Inspiron-1545 kernel: [ 5004.354116] usb 6-2: Manufacturer: HUAÿWEI TECHNOLOGIES
Nov  1 11:56:40 shrinivaasanka-Inspiron-1545 kernel: [ 5004.354120] usb 6-2: SerialNumber: ÿÿÿÿÿÿÿÿÿÿÿÿÿÿÿÿÿÿÿ
Nov  1 11:56:40 shrinivaasanka-Inspiron-1545 kernel: [ 5004.357231] usb-storage 6-2:1.0: USB Mass Storage device detected
Nov  1 11:56:40 shrinivaasanka-Inspiron-1545 kernel: [ 5004.357519] scsi host13: usb-storage 6-2:1.0
Nov  1 11:56:41 shrinivaasanka-Inspiron-1545 kernel: [ 5005.361141] scsi 13:0:0:0: CD-ROM            HUAWEI   Mass Storage     2.31 PQ: 0 ANSI: 0
Nov  1 11:56:41 shrinivaasanka-Inspiron-1545 kernel: [ 5005.381123] sr 13:0:0:0: [sr1] scsi-1 drive
Nov  1 11:56:41 shrinivaasanka-Inspiron-1545 kernel: [ 5005.383105] sr 13:0:0:0: Attached scsi CD-ROM sr1
Nov  1 11:56:41 shrinivaasanka-Inspiron-1545 kernel: [ 5005.383376] sr 13:0:0:0: Attached scsi generic sg3 type 5
Nov  1 11:56:41 shrinivaasanka-Inspiron-1545 kernel: [ 5006.044189] usb 6-2: USB disconnect, device number 5
Nov  1 11:56:45 shrinivaasanka-Inspiron-1545 kernel: [ 5009.388061] usb 6-2: new full-speed USB device number 6 using uhci_hcd
Nov  1 11:56:45 shrinivaasanka-Inspiron-1545 kernel: [ 5009.553200] usb 6-2: New USB device found, idVendor=12d1, idProduct=140b
Nov  1 11:56:45 shrinivaasanka-Inspiron-1545 kernel: [ 5009.553207] usb 6-2: New USB device strings: Mfr=1, Product=2, SerialNumber=4
Nov  1 11:56:45 shrinivaasanka-Inspiron-1545 kernel: [ 5009.553213] usb 6-2: Product: HUAWEI Mobile
Nov  1 11:56:45 shrinivaasanka-Inspiron-1545 kernel: [ 5009.553217] usb 6-2: Manufacturer: HUAÿWEI TECHNOLOGIES
Nov  1 11:56:45 shrinivaasanka-Inspiron-1545 kernel: [ 5009.553221] usb 6-2: SerialNumber: ÿÿÿÿÿÿÿÿÿÿÿÿÿÿÿÿÿÿÿ
Nov  1 11:56:45 shrinivaasanka-Inspiron-1545 kernel: [ 5009.559283] usb-storage 6-2:1.0: USB Mass Storage device detected
Nov  1 11:56:45 shrinivaasanka-Inspiron-1545 kernel: [ 5009.566955] option 6-2:1.0: GSM modem (1-port) converter detected
Nov  1 11:56:45 shrinivaasanka-Inspiron-1545 kernel: [ 5009.567251] usb 6-2: GSM modem (1-port) converter now attached to ttyUSB3
Nov  1 11:56:45 shrinivaasanka-Inspiron-1545 kernel: [ 5009.569291] usb-storage 6-2:1.1: USB Mass Storage device detected
Nov  1 11:56:45 shrinivaasanka-Inspiron-1545 kernel: [ 5009.570873] option 6-2:1.1: GSM modem (1-port) converter detected
Nov  1 11:56:45 shrinivaasanka-Inspiron-1545 kernel: [ 5009.571296] usb 6-2: GSM modem (1-port) converter now attached to ttyUSB4
Nov  1 11:56:45 shrinivaasanka-Inspiron-1545 kernel: [ 5009.573252] usb-storage 6-2:1.2: USB Mass Storage device detected
Nov  1 11:56:45 shrinivaasanka-Inspiron-1545 kernel: [ 5009.573486] option 6-2:1.2: GSM modem (1-port) converter detected
Nov  1 11:56:45 shrinivaasanka-Inspiron-1545 kernel: [ 5009.573720] usb 6-2: GSM modem (1-port) converter now attached to ttyUSB5
Nov  1 11:56:45 shrinivaasanka-Inspiron-1545 kernel: [ 5009.573892] usb-storage 6-2:1.3: USB Mass Storage device detected
Nov  1 11:56:45 shrinivaasanka-Inspiron-1545 kernel: [ 5009.588991] scsi host17: usb-storage 6-2:1.3
Nov  1 11:56:46 shrinivaasanka-Inspiron-1545 kernel: [ 5010.592253] scsi 17:0:0:0: CD-ROM            HUAWEI   Mass Storage     2.31 PQ: 0 ANSI: 0
Nov  1 11:56:46 shrinivaasanka-Inspiron-1545 kernel: [ 5010.595238] scsi 17:0:0:1: Direct-Access     HUAWEI   SD Storage       2.31 PQ: 0 ANSI: 2
Nov  1 11:56:46 shrinivaasanka-Inspiron-1545 kernel: [ 5010.618256] sr 17:0:0:0: [sr1] scsi-1 drive
Nov  1 11:56:46 shrinivaasanka-Inspiron-1545 kernel: [ 5010.618621] sr 17:0:0:0: Attached scsi CD-ROM sr1
Nov  1 11:56:46 shrinivaasanka-Inspiron-1545 kernel: [ 5010.618812] sr 17:0:0:0: Attached scsi generic sg3 type 5
Nov  1 11:56:46 shrinivaasanka-Inspiron-1545 kernel: [ 5010.621252] sd 17:0:0:1: Attached scsi generic sg4 type 0
Nov  1 11:56:46 shrinivaasanka-Inspiron-1545 kernel: [ 5010.635235] sd 17:0:0:1: [sdc] Attached SCSI removable disk
Nov  1 11:57:48 shrinivaasanka-Inspiron-1545 kernel: [ 5072.879242] sd 17:0:0:1: [sdc] 3862528 512-byte logical blocks: (1.97 GB/1.84 GiB)
Nov  1 11:57:48 shrinivaasanka-Inspiron-1545 kernel: [ 5072.927272]  sdc: sdc1
Nov  1 11:57:52 shrinivaasanka-Inspiron-1545 kernel: [ 5076.202239] FAT-fs (sdc1): Volume was not properly unmounted. Some data may be corrupt. Please run fsck.
Nov  1 12:06:03 shrinivaasanka-Inspiron-1545 kernel: [ 5567.582105] option1 ttyUSB3: GSM modem (1-port) converter now disconnected from ttyUSB3
Nov  1 12:06:03 shrinivaasanka-Inspiron-1545 kernel: [ 5567.582140] option 6-2:1.0: device disconnected
Nov  1 12:06:03 shrinivaasanka-Inspiron-1545 kernel: [ 5567.582300] option1 ttyUSB4: usb_wwan_indat_callback: resubmit read urb failed. (-2)
Nov  1 12:06:03 shrinivaasanka-Inspiron-1545 kernel: [ 5567.582318] option1 ttyUSB4: usb_wwan_indat_callback: resubmit read urb failed. (-2)
Nov  1 12:06:03 shrinivaasanka-Inspiron-1545 kernel: [ 5567.582333] option1 ttyUSB4: usb_wwan_indat_callback: resubmit read urb failed. (-2)
Nov  1 12:06:03 shrinivaasanka-Inspiron-1545 kernel: [ 5567.584488] option1 ttyUSB4: GSM modem (1-port) converter now disconnected from ttyUSB4
Nov  1 12:06:03 shrinivaasanka-Inspiron-1545 kernel: [ 5567.584511] option 6-2:1.1: device disconnected
Nov  1 12:06:03 shrinivaasanka-Inspiron-1545 kernel: [ 5567.585304] option1 ttyUSB5: usb_wwan_indat_callback: resubmit read urb failed. (-2)
Nov  1 12:06:03 shrinivaasanka-Inspiron-1545 kernel: [ 5567.585324] option1 ttyUSB5: usb_wwan_indat_callback: resubmit read urb failed. (-2)
Nov  1 12:06:03 shrinivaasanka-Inspiron-1545 kernel: [ 5567.585340] option1 ttyUSB5: usb_wwan_indat_callback: resubmit read urb failed. (-2)
Nov  1 12:06:03 shrinivaasanka-Inspiron-1545 kernel: [ 5567.586612] option1 ttyUSB5: GSM modem (1-port) converter now disconnected from ttyUSB5
Nov  1 12:06:03 shrinivaasanka-Inspiron-1545 kernel: [ 5567.586633] option 6-2:1.2: device disconnected
Nov  1 12:06:03 shrinivaasanka-Inspiron-1545 kernel: [ 5567.640178] usb-storage 6-2:1.0: USB Mass Storage device detected
Nov  1 12:06:03 shrinivaasanka-Inspiron-1545 kernel: [ 5567.640220] usb 6-2: USB disconnect, device number 6
Nov  1 12:06:03 shrinivaasanka-Inspiron-1545 kernel: [ 5567.644958] option 6-2:1.0: GSM modem (1-port) converter detected
Nov  1 12:06:03 shrinivaasanka-Inspiron-1545 kernel: [ 5567.645172] usb 6-2: GSM modem (1-port) converter now attached to ttyUSB3
Nov  1 12:06:03 shrinivaasanka-Inspiron-1545 kernel: [ 5567.645209] usb-storage 6-2:1.1: USB Mass Storage device detected
Nov  1 12:06:03 shrinivaasanka-Inspiron-1545 kernel: [ 5567.657944] option 6-2:1.1: GSM modem (1-port) converter detected
Nov  1 12:06:03 shrinivaasanka-Inspiron-1545 kernel: [ 5567.658200] usb 6-2: GSM modem (1-port) converter now attached to ttyUSB6
Nov  1 12:06:03 shrinivaasanka-Inspiron-1545 kernel: [ 5567.658238] usb-storage 6-2:1.2: USB Mass Storage device detected
Nov  1 12:06:03 shrinivaasanka-Inspiron-1545 kernel: [ 5567.665153] option 6-2:1.2: GSM modem (1-port) converter detected
Nov  1 12:06:03 shrinivaasanka-Inspiron-1545 kernel: [ 5567.665382] usb 6-2: GSM modem (1-port) converter now attached to ttyUSB7
Nov  1 12:06:03 shrinivaasanka-Inspiron-1545 kernel: [ 5567.665681] option1 ttyUSB3: GSM modem (1-port) converter now disconnected from ttyUSB3
Nov  1 12:06:03 shrinivaasanka-Inspiron-1545 kernel: [ 5567.665708] option 6-2:1.0: device disconnected
Nov  1 12:06:03 shrinivaasanka-Inspiron-1545 kernel: [ 5567.665983] option1 ttyUSB6: GSM modem (1-port) converter now disconnected from ttyUSB6
Nov  1 12:06:03 shrinivaasanka-Inspiron-1545 kernel: [ 5567.666006] option 6-2:1.1: device disconnected
Nov  1 12:06:03 shrinivaasanka-Inspiron-1545 kernel: [ 5567.666275] option1 ttyUSB7: GSM modem (1-port) converter now disconnected from ttyUSB7
Nov  1 12:06:03 shrinivaasanka-Inspiron-1545 kernel: [ 5567.666298] option 6-2:1.2: device disconnected
Nov  1 12:06:03 shrinivaasanka-Inspiron-1545 kernel: [ 5567.672083] sd 17:0:0:1: [sdc] FAILED Result: hostbyte=DID_NO_CONNECT driverbyte=DRIVER_OK
Nov  1 12:06:03 shrinivaasanka-Inspiron-1545 kernel: [ 5567.672094] sd 17:0:0:1: [sdc] CDB: Read(10) 28 00 00 1c 70 a0 00 00 f0 00
Nov  1 12:06:03 shrinivaasanka-Inspiron-1545 kernel: [ 5567.672099] blk_update_request: I/O error, dev sdc, sector 1863840
Nov  1 12:06:03 shrinivaasanka-Inspiron-1545 kernel: [ 5567.672137] sd 17:0:0:1: [sdc] FAILED Result: hostbyte=DID_NO_CONNECT driverbyte=DRIVER_OK
Nov  1 12:06:03 shrinivaasanka-Inspiron-1545 kernel: [ 5567.672143] sd 17:0:0:1: [sdc] CDB: Read(10) 28 00 00 1c 71 90 00 00 10 00
Nov  1 12:06:03 shrinivaasanka-Inspiron-1545 kernel: [ 5567.672147] blk_update_request: I/O error, dev sdc, sector 1864080
Nov  1 12:06:03 shrinivaasanka-Inspiron-1545 kernel: [ 5567.672158] sd 17:0:0:1: [sdc] FAILED Result: hostbyte=DID_NO_CONNECT driverbyte=DRIVER_OK
Nov  1 12:06:03 shrinivaasanka-Inspiron-1545 kernel: [ 5567.672164] sd 17:0:0:1: [sdc] CDB: Read(10) 28 00 00 1c 25 40 00 00 20 00
Nov  1 12:06:03 shrinivaasanka-Inspiron-1545 kernel: [ 5567.672167] blk_update_request: I/O error, dev sdc, sector 1844544
Nov  1 12:06:03 shrinivaasanka-Inspiron-1545 kernel: [ 5567.672442] sd 17:0:0:1: [sdc] FAILED Result: hostbyte=DID_NO_CONNECT driverbyte=DRIVER_OK
Nov  1 12:06:03 shrinivaasanka-Inspiron-1545 kernel: [ 5567.672448] sd 17:0:0:1: [sdc] CDB: Read(10) 28 00 00 1c 25 40 00 00 08 00
Nov  1 12:06:03 shrinivaasanka-Inspiron-1545 kernel: [ 5567.672452] blk_update_request: I/O error, dev sdc, sector 1844544
Nov  1 12:06:03 shrinivaasanka-Inspiron-1545 kernel: [ 5567.674578] sd 17:0:0:1: [sdc] FAILED Result: hostbyte=DID_NO_CONNECT driverbyte=DRIVER_OK
Nov  1 12:06:03 shrinivaasanka-Inspiron-1545 kernel: [ 5567.674587] sd 17:0:0:1: [sdc] CDB: Read(10) 28 00 00 1c 25 40 00 00 08 00
Nov  1 12:06:03 shrinivaasanka-Inspiron-1545 kernel: [ 5567.674592] blk_update_request: I/O error, dev sdc, sector 1844544
Nov  1 12:06:03 shrinivaasanka-Inspiron-1545 kernel: [ 5567.691510] sd 17:0:0:1: [sdc] FAILED Result: hostbyte=DID_NO_CONNECT driverbyte=DRIVER_OK
Nov  1 12:06:03 shrinivaasanka-Inspiron-1545 kernel: [ 5567.691521] sd 17:0:0:1: [sdc] CDB: Read(10) 28 00 00 1c 25 40 00 00 08 00
Nov  1 12:06:03 shrinivaasanka-Inspiron-1545 kernel: [ 5567.691527] blk_update_request: I/O error, dev sdc, sector 1844544
Nov  1 12:06:54 shrinivaasanka-Inspiron-1545 kernel: [ 5619.084171] usb 2-3: new high-speed USB device number 8 using ehci-pci
Nov  1 12:06:55 shrinivaasanka-Inspiron-1545 kernel: [ 5619.218469] usb 2-3: New USB device found, idVendor=1058, idProduct=0741
Nov  1 12:06:55 shrinivaasanka-Inspiron-1545 kernel: [ 5619.218477] usb 2-3: New USB device strings: Mfr=1, Product=2, SerialNumber=5
Nov  1 12:06:55 shrinivaasanka-Inspiron-1545 kernel: [ 5619.218482] usb 2-3: Product: My Passport 0741
Nov  1 12:06:55 shrinivaasanka-Inspiron-1545 kernel: [ 5619.218486] usb 2-3: Manufacturer: Western Digital
Nov  1 12:06:55 shrinivaasanka-Inspiron-1545 kernel: [ 5619.218490] usb 2-3: SerialNumber: 575832314142333339343835
Nov  1 12:06:55 shrinivaasanka-Inspiron-1545 kernel: [ 5619.219310] usb-storage 2-3:1.0: USB Mass Storage device detected
Nov  1 12:06:55 shrinivaasanka-Inspiron-1545 kernel: [ 5619.220573] scsi host21: usb-storage 2-3:1.0
Nov  1 12:06:56 shrinivaasanka-Inspiron-1545 kernel: [ 5620.220924] scsi 21:0:0:0: Direct-Access     WD       My Passport 0741 1025 PQ: 0 ANSI: 6
Nov  1 12:06:56 shrinivaasanka-Inspiron-1545 kernel: [ 5620.221402] scsi 21:0:0:1: Enclosure         WD       SES Device       1025 PQ: 0 ANSI: 6
Nov  1 12:06:56 shrinivaasanka-Inspiron-1545 kernel: [ 5620.224947] sd 21:0:0:0: Attached scsi generic sg3 type 0
Nov  1 12:06:56 shrinivaasanka-Inspiron-1545 kernel: [ 5620.225171] ses 21:0:0:1: Attached Enclosure device
Nov  1 12:06:56 shrinivaasanka-Inspiron-1545 kernel: [ 5620.225316] ses 21:0:0:1: Attached scsi generic sg4 type 13
Nov  1 12:07:00 shrinivaasanka-Inspiron-1545 kernel: [ 5624.968899] sd 21:0:0:0: [sdc] 1953458176 512-byte logical blocks: (1.00 TB/931 GiB)
Nov  1 12:07:00 shrinivaasanka-Inspiron-1545 kernel: [ 5624.970880] sd 21:0:0:0: [sdc] Write Protect is off
Nov  1 12:07:00 shrinivaasanka-Inspiron-1545 kernel: [ 5624.970887] sd 21:0:0:0: [sdc] Mode Sense: 47 00 10 08
Nov  1 12:07:00 shrinivaasanka-Inspiron-1545 kernel: [ 5624.972312] sd 21:0:0:0: [sdc] No Caching mode page found
Nov  1 12:07:00 shrinivaasanka-Inspiron-1545 kernel: [ 5624.972319] sd 21:0:0:0: [sdc] Assuming drive cache: write through
Nov  1 12:07:00 shrinivaasanka-Inspiron-1545 kernel: [ 5624.991294]  sdc: sdc1
Nov  1 12:07:00 shrinivaasanka-Inspiron-1545 kernel: [ 5624.994631] sd 21:0:0:0: [sdc] Attached SCSI disk
Nov  1 12:35:16 shrinivaasanka-Inspiron-1545 kernel: [ 7320.140118] INFO: task pool:12973 blocked for more than 120 seconds.
Nov  1 12:35:16 shrinivaasanka-Inspiron-1545 kernel: [ 7320.140126]       Not tainted 4.1.5 #15
Nov  1 12:35:16 shrinivaasanka-Inspiron-1545 kernel: [ 7320.140129] "echo 0 > /proc/sys/kernel/hung_task_timeout_secs" disables this message.
Nov  1 12:35:16 shrinivaasanka-Inspiron-1545 kernel: [ 7320.140133] pool            D 0000036b     0 12973   3868 0x00000000
Nov  1 12:35:16 shrinivaasanka-Inspiron-1545 kernel: [ 7320.140141]  f1ce7e70 00200086 59940468 0000036b f236b000 f2f47d40 00000000 f2165000
Nov  1 12:35:16 shrinivaasanka-Inspiron-1545 kernel: [ 7320.140152]  0000067d f1905c00 0000067d f5dba800 ef200650 f1ce8000 ef200650 f6abf0b8
Nov  1 12:35:16 shrinivaasanka-Inspiron-1545 kernel: [ 7320.140166]  f1ce7e7c c17059db 000001ff f1ce7eb8 c117aa37 f5dba840 f1ce7ee8 c109365b
Nov  1 12:35:16 shrinivaasanka-Inspiron-1545 kernel: [ 7320.140176] Call Trace:
Nov  1 12:35:16 shrinivaasanka-Inspiron-1545 kernel: [ 7320.140189]  [<c17059db>] schedule+0x2b/0x80
Nov  1 12:35:16 shrinivaasanka-Inspiron-1545 kernel: [ 7320.140197]  [<c117aa37>] kmap_high+0xf7/0x210
Nov  1 12:35:16 shrinivaasanka-Inspiron-1545 kernel: [ 7320.140203]  [<c109365b>] ? set_next_entity+0xbb/0x650
Nov  1 12:35:16 shrinivaasanka-Inspiron-1545 kernel: [ 7320.140208]  [<c1097859>] ? put_prev_entity+0xc9/0x5f0
Nov  1 12:35:16 shrinivaasanka-Inspiron-1545 kernel: [ 7320.140215]  [<c108def0>] ? wake_up_state+0x20/0x20
Nov  1 12:35:16 shrinivaasanka-Inspiron-1545 kernel: [ 7320.140221]  [<c11e0e10>] ? do_splice_direct+0xb0/0xb0
Nov  1 12:35:16 shrinivaasanka-Inspiron-1545 kernel: [ 7320.140227]  [<c10602ff>] kmap+0x5f/0x70
Nov  1 12:35:16 shrinivaasanka-Inspiron-1545 kernel: [ 7320.140232]  [<c11e0e34>] write_pipe_buf+0x24/0x50
Nov  1 12:35:16 shrinivaasanka-Inspiron-1545 kernel: [ 7320.140236]  [<c11e09a5>] __splice_from_pipe+0x95/0x160
Nov  1 12:35:16 shrinivaasanka-Inspiron-1545 kernel: [ 7320.140241]  [<c11e0e10>] ? do_splice_direct+0xb0/0xb0
Nov  1 12:35:16 shrinivaasanka-Inspiron-1545 kernel: [ 7320.140246]  [<c11e258c>] splice_from_pipe+0x4c/0x60
Nov  1 12:35:16 shrinivaasanka-Inspiron-1545 kernel: [ 7320.140251]  [<c11e25fc>] default_file_splice_write+0x2c/0x50
Nov  1 12:35:16 shrinivaasanka-Inspiron-1545 kernel: [ 7320.140256]  [<c11e0e10>] ? do_splice_direct+0xb0/0xb0
Nov  1 12:35:16 shrinivaasanka-Inspiron-1545 kernel: [ 7320.140260]  [<c11e25d0>] ? generic_splice_sendpage+0x30/0x30
Nov  1 12:35:16 shrinivaasanka-Inspiron-1545 kernel: [ 7320.140265]  [<c11e29ad>] SyS_splice+0x2ad/0x5b0
Nov  1 12:35:16 shrinivaasanka-Inspiron-1545 kernel: [ 7320.140271]  [<c170969b>] sysenter_do_call+0x12/0x12
Nov  1 12:35:16 shrinivaasanka-Inspiron-1545 kernel: [ 7320.140291] INFO: task systemd-udevd:13171 blocked for more than 120 seconds.
Nov  1 12:35:16 shrinivaasanka-Inspiron-1545 kernel: [ 7320.140295]       Not tainted 4.1.5 #15
Nov  1 12:35:16 shrinivaasanka-Inspiron-1545 kernel: [ 7320.140297] "echo 0 > /proc/sys/kernel/hung_task_timeout_secs" disables this message.
Nov  1 12:35:16 shrinivaasanka-Inspiron-1545 kernel: [ 7320.140300] systemd-udevd   D ed713e7c     0 13171  13170 0x00000000
Nov  1 12:35:16 shrinivaasanka-Inspiron-1545 kernel: [ 7320.140306]  ed713e90 00000086 ef256d80 ed713e7c c1179911 00000017 ed72bff8 00000000
Nov  1 12:35:16 shrinivaasanka-Inspiron-1545 kernel: [ 7320.140316]  0000067f f59c4200 c1c7e540 f5dce800 ef0b5eb0 ed714000 ef0b5eb0 f767ac68
Nov  1 12:35:16 shrinivaasanka-Inspiron-1545 kernel: [ 7320.140325]  ed713e9c c17059db 000001ff ed713ed8 c117aa37 00000001 c0000fe3 00000000
Nov  1 12:35:16 shrinivaasanka-Inspiron-1545 kernel: [ 7320.140335] Call Trace:
Nov  1 12:35:16 shrinivaasanka-Inspiron-1545 kernel: [ 7320.140341]  [<c1179911>] ? follow_page_mask+0x141/0x260
Nov  1 12:35:16 shrinivaasanka-Inspiron-1545 kernel: [ 7320.140346]  [<c17059db>] schedule+0x2b/0x80
Nov  1 12:35:16 shrinivaasanka-Inspiron-1545 kernel: [ 7320.140351]  [<c117aa37>] kmap_high+0xf7/0x210
Nov  1 12:35:16 shrinivaasanka-Inspiron-1545 kernel: [ 7320.140356]  [<c108def0>] ? wake_up_state+0x20/0x20
Nov  1 12:35:16 shrinivaasanka-Inspiron-1545 kernel: [ 7320.140361]  [<c10602ff>] kmap+0x5f/0x70
Nov  1 12:35:16 shrinivaasanka-Inspiron-1545 kernel: [ 7320.140367]  [<c11bbb16>] copy_strings+0x1a6/0x270
Nov  1 12:35:16 shrinivaasanka-Inspiron-1545 kernel: [ 7320.140372]  [<c11bbc06>] copy_strings_kernel+0x26/0x30
Nov  1 12:35:16 shrinivaasanka-Inspiron-1545 kernel: [ 7320.140377]  [<c11bd1dd>] do_execveat_common+0x44d/0x630
Nov  1 12:35:16 shrinivaasanka-Inspiron-1545 kernel: [ 7320.140382]  [<c11c56ea>] ? getname_flags+0x3a/0x1a0
Nov  1 12:35:16 shrinivaasanka-Inspiron-1545 kernel: [ 7320.140387]  [<c11bd5f4>] SyS_execve+0x34/0x40
Nov  1 12:35:16 shrinivaasanka-Inspiron-1545 kernel: [ 7320.140391]  [<c170969b>] sysenter_do_call+0x12/0x12
Nov  1 12:36:25 shrinivaasanka-Inspiron-1545 kernel: [ 7389.519137] usb 2-3: USB disconnect, device number 8
Nov  1 12:36:54 shrinivaasanka-Inspiron-1545 kernel: [ 7418.276180] usb 2-3: new high-speed USB device number 9 using ehci-pci
Nov  1 12:36:54 shrinivaasanka-Inspiron-1545 kernel: [ 7418.410447] usb 2-3: New USB device found, idVendor=1058, idProduct=0741
Nov  1 12:36:54 shrinivaasanka-Inspiron-1545 kernel: [ 7418.410454] usb 2-3: New USB device strings: Mfr=1, Product=2, SerialNumber=5
Nov  1 12:36:54 shrinivaasanka-Inspiron-1545 kernel: [ 7418.410459] usb 2-3: Product: My Passport 0741
Nov  1 12:36:54 shrinivaasanka-Inspiron-1545 kernel: [ 7418.410464] usb 2-3: Manufacturer: Western Digital
Nov  1 12:36:54 shrinivaasanka-Inspiron-1545 kernel: [ 7418.410468] usb 2-3: SerialNumber: 575832314142333339343835
Nov  1 12:36:54 shrinivaasanka-Inspiron-1545 kernel: [ 7418.411294] usb-storage 2-3:1.0: USB Mass Storage device detected
Nov  1 12:36:54 shrinivaasanka-Inspiron-1545 kernel: [ 7418.411503] scsi host22: usb-storage 2-3:1.0
Nov  1 12:36:55 shrinivaasanka-Inspiron-1545 kernel: [ 7419.408904] scsi 22:0:0:0: Direct-Access     WD       My Passport 0741 1025 PQ: 0 ANSI: 6
Nov  1 12:36:55 shrinivaasanka-Inspiron-1545 kernel: [ 7419.409382] scsi 22:0:0:1: Enclosure         WD       SES Device       1025 PQ: 0 ANSI: 6
Nov  1 12:36:55 shrinivaasanka-Inspiron-1545 kernel: [ 7419.412949] sd 22:0:0:0: Attached scsi generic sg3 type 0
Nov  1 12:36:55 shrinivaasanka-Inspiron-1545 kernel: [ 7419.413216] ses 22:0:0:1: Attached Enclosure device
Nov  1 12:36:55 shrinivaasanka-Inspiron-1545 kernel: [ 7419.413403] ses 22:0:0:1: Attached scsi generic sg4 type 13
Nov  1 12:37:00 shrinivaasanka-Inspiron-1545 kernel: [ 7424.238872] sd 22:0:0:0: [sdd] 1953458176 512-byte logical blocks: (1.00 TB/931 GiB)
Nov  1 12:37:00 shrinivaasanka-Inspiron-1545 kernel: [ 7424.240861] sd 22:0:0:0: [sdd] Write Protect is off
Nov  1 12:37:00 shrinivaasanka-Inspiron-1545 kernel: [ 7424.240869] sd 22:0:0:0: [sdd] Mode Sense: 47 00 10 08
Nov  1 12:37:00 shrinivaasanka-Inspiron-1545 kernel: [ 7424.242351] sd 22:0:0:0: [sdd] No Caching mode page found
Nov  1 12:37:00 shrinivaasanka-Inspiron-1545 kernel: [ 7424.242359] sd 22:0:0:0: [sdd] Assuming drive cache: write through
Nov  1 12:37:00 shrinivaasanka-Inspiron-1545 kernel: [ 7424.261411]  sdd: sdd1
Nov  1 12:37:00 shrinivaasanka-Inspiron-1545 kernel: [ 7424.266362] sd 22:0:0:0: [sdd] Attached SCSI disk
Nov  1 12:37:03 shrinivaasanka-Inspiron-1545 kernel: [ 7427.406461] Buffer I/O error on dev sdc1, logical block 904465, async page read
Nov  1 12:37:03 shrinivaasanka-Inspiron-1545 kernel: [ 7427.407040] Buffer I/O error on dev sdc1, logical block 904465, async page read
Nov  1 12:37:03 shrinivaasanka-Inspiron-1545 kernel: [ 7427.407351] Buffer I/O error on dev sdc1, logical block 904465, async page read
Nov  1 12:37:03 shrinivaasanka-Inspiron-1545 kernel: [ 7427.407636] Buffer I/O error on dev sdc1, logical block 904465, async page read
Nov  1 12:37:03 shrinivaasanka-Inspiron-1545 kernel: [ 7427.407923] Buffer I/O error on dev sdc1, logical block 904465, async page read
Nov  1 12:37:03 shrinivaasanka-Inspiron-1545 kernel: [ 7427.408342] Buffer I/O error on dev sdc1, logical block 904465, async page read
Nov  1 12:37:03 shrinivaasanka-Inspiron-1545 kernel: [ 7427.408631] Buffer I/O error on dev sdc1, logical block 904465, async page read
Nov  1 12:37:03 shrinivaasanka-Inspiron-1545 kernel: [ 7427.408913] Buffer I/O error on dev sdc1, logical block 904465, async page read
Nov  1 12:37:03 shrinivaasanka-Inspiron-1545 kernel: [ 7427.409212] Buffer I/O error on dev sdc1, logical block 904465, async page read
Nov  1 12:37:03 shrinivaasanka-Inspiron-1545 kernel: [ 7427.409492] Buffer I/O error on dev sdc1, logical block 904465, async page read
Nov  1 12:37:16 shrinivaasanka-Inspiron-1545 kernel: [ 7440.140180] INFO: task pool:12973 blocked for more than 120 seconds.
Nov  1 12:37:16 shrinivaasanka-Inspiron-1545 kernel: [ 7440.140188]       Not tainted 4.1.5 #15
Nov  1 12:37:16 shrinivaasanka-Inspiron-1545 kernel: [ 7440.140191] "echo 0 > /proc/sys/kernel/hung_task_timeout_secs" disables this message.
Nov  1 12:37:16 shrinivaasanka-Inspiron-1545 kernel: [ 7440.140194] pool            D 0000036b     0 12973   3868 0x00000000
Nov  1 12:37:16 shrinivaasanka-Inspiron-1545 kernel: [ 7440.140203]  f1ce7e70 00200086 59940468 0000036b f236b000 f2f47d40 00000000 f2165000
Nov  1 12:37:16 shrinivaasanka-Inspiron-1545 kernel: [ 7440.140213]  0000067d f1905c00 0000067d f5dba800 ef200650 f1ce8000 ef200650 f6abf0b8
Nov  1 12:37:16 shrinivaasanka-Inspiron-1545 kernel: [ 7440.140223]  f1ce7e7c c17059db 000001ff f1ce7eb8 c117aa37 f5dba840 f1ce7ee8 c109365b
Nov  1 12:37:16 shrinivaasanka-Inspiron-1545 kernel: [ 7440.140233] Call Trace:
Nov  1 12:37:16 shrinivaasanka-Inspiron-1545 kernel: [ 7440.140246]  [<c17059db>] schedule+0x2b/0x80
Nov  1 12:37:16 shrinivaasanka-Inspiron-1545 kernel: [ 7440.140252]  [<c117aa37>] kmap_high+0xf7/0x210
Nov  1 12:37:16 shrinivaasanka-Inspiron-1545 kernel: [ 7440.140259]  [<c109365b>] ? set_next_entity+0xbb/0x650
Nov  1 12:37:16 shrinivaasanka-Inspiron-1545 kernel: [ 7440.140264]  [<c1097859>] ? put_prev_entity+0xc9/0x5f0
Nov  1 12:37:16 shrinivaasanka-Inspiron-1545 kernel: [ 7440.140270]  [<c108def0>] ? wake_up_state+0x20/0x20
Nov  1 12:37:16 shrinivaasanka-Inspiron-1545 kernel: [ 7440.140276]  [<c11e0e10>] ? do_splice_direct+0xb0/0xb0
Nov  1 12:37:16 shrinivaasanka-Inspiron-1545 kernel: [ 7440.140281]  [<c10602ff>] kmap+0x5f/0x70
Nov  1 12:37:16 shrinivaasanka-Inspiron-1545 kernel: [ 7440.140286]  [<c11e0e34>] write_pipe_buf+0x24/0x50
Nov  1 12:37:16 shrinivaasanka-Inspiron-1545 kernel: [ 7440.140291]  [<c11e09a5>] __splice_from_pipe+0x95/0x160
Nov  1 12:37:16 shrinivaasanka-Inspiron-1545 kernel: [ 7440.140295]  [<c11e0e10>] ? do_splice_direct+0xb0/0xb0
Nov  1 12:37:16 shrinivaasanka-Inspiron-1545 kernel: [ 7440.140300]  [<c11e258c>] splice_from_pipe+0x4c/0x60
Nov  1 12:37:16 shrinivaasanka-Inspiron-1545 kernel: [ 7440.140305]  [<c11e25fc>] default_file_splice_write+0x2c/0x50
Nov  1 12:37:16 shrinivaasanka-Inspiron-1545 kernel: [ 7440.140310]  [<c11e0e10>] ? do_splice_direct+0xb0/0xb0
Nov  1 12:37:16 shrinivaasanka-Inspiron-1545 kernel: [ 7440.140315]  [<c11e25d0>] ? generic_splice_sendpage+0x30/0x30
Nov  1 12:37:16 shrinivaasanka-Inspiron-1545 kernel: [ 7440.140319]  [<c11e29ad>] SyS_splice+0x2ad/0x5b0
Nov  1 12:37:16 shrinivaasanka-Inspiron-1545 kernel: [ 7440.140325]  [<c170969b>] sysenter_do_call+0x12/0x12
Nov  1 12:37:16 shrinivaasanka-Inspiron-1545 kernel: [ 7440.140344] INFO: task systemd-udevd:13171 blocked for more than 120 seconds.
Nov  1 12:37:16 shrinivaasanka-Inspiron-1545 kernel: [ 7440.140348]       Not tainted 4.1.5 #15
Nov  1 12:37:16 shrinivaasanka-Inspiron-1545 kernel: [ 7440.140350] "echo 0 > /proc/sys/kernel/hung_task_timeout_secs" disables this message.
Nov  1 12:37:16 shrinivaasanka-Inspiron-1545 kernel: [ 7440.140353] systemd-udevd   D ed713e7c     0 13171      1 0x00000004
Nov  1 12:37:16 shrinivaasanka-Inspiron-1545 kernel: [ 7440.140359]  ed713e90 00000086 ef256d80 ed713e7c c1179911 00000017 ed72bff8 00000000
Nov  1 12:37:16 shrinivaasanka-Inspiron-1545 kernel: [ 7440.140369]  0000067f f59c4200 c1c7e540 f5dce800 ef0b5eb0 ed714000 ef0b5eb0 f767ac68
Nov  1 12:37:16 shrinivaasanka-Inspiron-1545 kernel: [ 7440.140379]  ed713e9c c17059db 000001ff ed713ed8 c117aa37 00000001 c0000fe3 00000000
Nov  1 12:37:16 shrinivaasanka-Inspiron-1545 kernel: [ 7440.140389] Call Trace:
Nov  1 12:37:16 shrinivaasanka-Inspiron-1545 kernel: [ 7440.140395]  [<c1179911>] ? follow_page_mask+0x141/0x260
Nov  1 12:37:16 shrinivaasanka-Inspiron-1545 kernel: [ 7440.140400]  [<c17059db>] schedule+0x2b/0x80
Nov  1 12:37:16 shrinivaasanka-Inspiron-1545 kernel: [ 7440.140405]  [<c117aa37>] kmap_high+0xf7/0x210
Nov  1 12:37:16 shrinivaasanka-Inspiron-1545 kernel: [ 7440.140410]  [<c108def0>] ? wake_up_state+0x20/0x20
Nov  1 12:37:16 shrinivaasanka-Inspiron-1545 kernel: [ 7440.140415]  [<c10602ff>] kmap+0x5f/0x70
Nov  1 12:37:16 shrinivaasanka-Inspiron-1545 kernel: [ 7440.140421]  [<c11bbb16>] copy_strings+0x1a6/0x270
Nov  1 12:37:16 shrinivaasanka-Inspiron-1545 kernel: [ 7440.140426]  [<c11bbc06>] copy_strings_kernel+0x26/0x30
Nov  1 12:37:16 shrinivaasanka-Inspiron-1545 kernel: [ 7440.140431]  [<c11bd1dd>] do_execveat_common+0x44d/0x630
Nov  1 12:37:16 shrinivaasanka-Inspiron-1545 kernel: [ 7440.140436]  [<c11c56ea>] ? getname_flags+0x3a/0x1a0
Nov  1 12:37:16 shrinivaasanka-Inspiron-1545 kernel: [ 7440.140441]  [<c11bd5f4>] SyS_execve+0x34/0x40
Nov  1 12:37:16 shrinivaasanka-Inspiron-1545 kernel: [ 7440.140445]  [<c170969b>] sysenter_do_call+0x12/0x12
Nov  1 12:37:16 shrinivaasanka-Inspiron-1545 kernel: [ 7440.140449] INFO: task bash:13173 blocked for more than 120 seconds.
Nov  1 12:37:16 shrinivaasanka-Inspiron-1545 kernel: [ 7440.140453]       Not tainted 4.1.5 #15
Nov  1 12:37:16 shrinivaasanka-Inspiron-1545 kernel: [ 7440.140456] "echo 0 > /proc/sys/kernel/hung_task_timeout_secs" disables this message.
Nov  1 12:37:16 shrinivaasanka-Inspiron-1545 kernel: [ 7440.140458] bash            D f4c67e7c     0 13173  12634 0x00000000
Nov  1 12:37:16 shrinivaasanka-Inspiron-1545 kernel: [ 7440.140464]  f4c67e90 00000086 f2f0fc60 f4c67e7c c1179911 00000017 f4f66ff8 00000000
Nov  1 12:37:16 shrinivaasanka-Inspiron-1545 kernel: [ 7440.140474]  0000069a cf045400 c1c7f9c0 f5dce800 f247b280 f4c68000 f247b280 f7188a70
Nov  1 12:37:16 shrinivaasanka-Inspiron-1545 kernel: [ 7440.140483]  f4c67e9c c17059db 000001ff f4c67ed8 c117aa37 00000001 c0000ff4 00000000
Nov  1 12:37:16 shrinivaasanka-Inspiron-1545 kernel: [ 7440.140493] Call Trace:
Nov  1 12:37:16 shrinivaasanka-Inspiron-1545 kernel: [ 7440.140498]  [<c1179911>] ? follow_page_mask+0x141/0x260
Nov  1 12:37:16 shrinivaasanka-Inspiron-1545 kernel: [ 7440.140503]  [<c17059db>] schedule+0x2b/0x80
Nov  1 12:37:16 shrinivaasanka-Inspiron-1545 kernel: [ 7440.140508]  [<c117aa37>] kmap_high+0xf7/0x210
Nov  1 12:37:16 shrinivaasanka-Inspiron-1545 kernel: [ 7440.140513]  [<c108def0>] ? wake_up_state+0x20/0x20
Nov  1 12:37:16 shrinivaasanka-Inspiron-1545 kernel: [ 7440.140518]  [<c10602ff>] kmap+0x5f/0x70
Nov  1 12:37:16 shrinivaasanka-Inspiron-1545 kernel: [ 7440.140522]  [<c11bbb16>] copy_strings+0x1a6/0x270
Nov  1 12:37:16 shrinivaasanka-Inspiron-1545 kernel: [ 7440.140528]  [<c11bbc06>] copy_strings_kernel+0x26/0x30
Nov  1 12:37:16 shrinivaasanka-Inspiron-1545 kernel: [ 7440.140532]  [<c11bd1dd>] do_execveat_common+0x44d/0x630
Nov  1 12:37:16 shrinivaasanka-Inspiron-1545 kernel: [ 7440.140537]  [<c11c56ea>] ? getname_flags+0x3a/0x1a0
Nov  1 12:37:16 shrinivaasanka-Inspiron-1545 kernel: [ 7440.140542]  [<c11bd5f4>] SyS_execve+0x34/0x40
Nov  1 12:37:16 shrinivaasanka-Inspiron-1545 kernel: [ 7440.140546]  [<c170969b>] sysenter_do_call+0x12/0x12
Nov  1 12:37:20 shrinivaasanka-Inspiron-1545 kernel: [ 7444.776145] usb 2-3: USB disconnect, device number 9
Nov  1 12:37:33 shrinivaasanka-Inspiron-1545 kernel: [ 7457.456145] usb 2-3: new high-speed USB device number 10 using ehci-pci
Nov  1 12:37:33 shrinivaasanka-Inspiron-1545 kernel: [ 7457.590118] usb 2-3: New USB device found, idVendor=1058, idProduct=0741
Nov  1 12:37:33 shrinivaasanka-Inspiron-1545 kernel: [ 7457.590125] usb 2-3: New USB device strings: Mfr=1, Product=2, SerialNumber=5
Nov  1 12:37:33 shrinivaasanka-Inspiron-1545 kernel: [ 7457.590130] usb 2-3: Product: My Passport 0741
Nov  1 12:37:33 shrinivaasanka-Inspiron-1545 kernel: [ 7457.590134] usb 2-3: Manufacturer: Western Digital
Nov  1 12:37:33 shrinivaasanka-Inspiron-1545 kernel: [ 7457.590139] usb 2-3: SerialNumber: 575832314142333339343835
Nov  1 12:37:33 shrinivaasanka-Inspiron-1545 kernel: [ 7457.591054] usb-storage 2-3:1.0: USB Mass Storage device detected
Nov  1 12:37:33 shrinivaasanka-Inspiron-1545 kernel: [ 7457.591310] scsi host23: usb-storage 2-3:1.0
Nov  1 12:37:34 shrinivaasanka-Inspiron-1545 kernel: [ 7458.589300] scsi 23:0:0:0: Direct-Access     WD       My Passport 0741 1025 PQ: 0 ANSI: 6
Nov  1 12:37:34 shrinivaasanka-Inspiron-1545 kernel: [ 7458.589772] scsi 23:0:0:1: Enclosure         WD       SES Device       1025 PQ: 0 ANSI: 6
Nov  1 12:37:34 shrinivaasanka-Inspiron-1545 kernel: [ 7458.593444] sd 23:0:0:0: Attached scsi generic sg3 type 0
Nov  1 12:37:34 shrinivaasanka-Inspiron-1545 kernel: [ 7458.593690] ses 23:0:0:1: Attached Enclosure device
Nov  1 12:37:34 shrinivaasanka-Inspiron-1545 kernel: [ 7458.593868] ses 23:0:0:1: Attached scsi generic sg4 type 13
Nov  1 12:37:39 shrinivaasanka-Inspiron-1545 kernel: [ 7463.385513] sd 23:0:0:0: [sdd] 1953458176 512-byte logical blocks: (1.00 TB/931 GiB)
Nov  1 12:37:39 shrinivaasanka-Inspiron-1545 kernel: [ 7463.387497] sd 23:0:0:0: [sdd] Write Protect is off
Nov  1 12:37:39 shrinivaasanka-Inspiron-1545 kernel: [ 7463.387504] sd 23:0:0:0: [sdd] Mode Sense: 47 00 10 08
Nov  1 12:37:39 shrinivaasanka-Inspiron-1545 kernel: [ 7463.388877] sd 23:0:0:0: [sdd] No Caching mode page found
Nov  1 12:37:39 shrinivaasanka-Inspiron-1545 kernel: [ 7463.388884] sd 23:0:0:0: [sdd] Assuming drive cache: write through
Nov  1 12:37:39 shrinivaasanka-Inspiron-1545 kernel: [ 7463.408031]  sdd: sdd1
Nov  1 12:37:39 shrinivaasanka-Inspiron-1545 kernel: [ 7463.412638] sd 23:0:0:0: [sdd] Attached SCSI disk
Nov  1 12:37:41 shrinivaasanka-Inspiron-1545 kernel: [ 7466.108094] buffer_io_error: 53 callbacks suppressed
Nov  1 12:37:41 shrinivaasanka-Inspiron-1545 kernel: [ 7466.108102] Buffer I/O error on dev sdc1, logical block 904465, async page read
Nov  1 12:37:41 shrinivaasanka-Inspiron-1545 kernel: [ 7466.108616] Buffer I/O error on dev sdc1, logical block 904465, async page read
Nov  1 12:37:41 shrinivaasanka-Inspiron-1545 kernel: [ 7466.108954] Buffer I/O error on dev sdc1, logical block 904465, async page read
Nov  1 12:37:41 shrinivaasanka-Inspiron-1545 kernel: [ 7466.109245] Buffer I/O error on dev sdc1, logical block 904465, async page read
Nov  1 12:37:41 shrinivaasanka-Inspiron-1545 kernel: [ 7466.109729] Buffer I/O error on dev sdc1, logical block 904465, async page read
Nov  1 12:37:41 shrinivaasanka-Inspiron-1545 kernel: [ 7466.110029] Buffer I/O error on dev sdc1, logical block 904465, async page read
Nov  1 12:37:41 shrinivaasanka-Inspiron-1545 kernel: [ 7466.110298] Buffer I/O error on dev sdc1, logical block 904465, async page read
Nov  1 12:37:41 shrinivaasanka-Inspiron-1545 kernel: [ 7466.110560] Buffer I/O error on dev sdc1, logical block 904465, async page read
Nov  1 12:37:41 shrinivaasanka-Inspiron-1545 kernel: [ 7466.110819] Buffer I/O error on dev sdc1, logical block 904465, async page read
Nov  1 12:37:41 shrinivaasanka-Inspiron-1545 kernel: [ 7466.111102] Buffer I/O error on dev sdc1, logical block 904465, async page read
Nov  1 12:37:54 shrinivaasanka-Inspiron-1545 kernel: [ 7478.469528] buffer_io_error: 53 callbacks suppressed
Nov  1 12:37:54 shrinivaasanka-Inspiron-1545 kernel: [ 7478.469538] Buffer I/O error on dev sdc1, logical block 122091017, async page read
Nov  1 12:37:54 shrinivaasanka-Inspiron-1545 kernel: [ 7478.470015] Buffer I/O error on dev sdc1, logical block 122091017, async page read
Nov  1 12:38:00 shrinivaasanka-Inspiron-1545 kernel: [ 7484.715029] usb 2-3: USB disconnect, device number 10
Nov  1 12:38:11 shrinivaasanka-Inspiron-1545 kernel: [ 7495.928309] Buffer I/O error on dev sdc1, logical block 33856059, async page read
Nov  1 12:38:11 shrinivaasanka-Inspiron-1545 kernel: [ 7495.928608] Buffer I/O error on dev sdc1, logical block 33856059, async page read
Nov  1 12:38:11 shrinivaasanka-Inspiron-1545 kernel: [ 7495.928861] Buffer I/O error on dev sdc1, logical block 33856059, async page read
Nov  1 12:38:12 shrinivaasanka-Inspiron-1545 kernel: [ 7496.631864] Buffer I/O error on dev sdc1, logical block 33856059, async page read
Nov  1 12:38:12 shrinivaasanka-Inspiron-1545 kernel: [ 7496.6322Nov  1 12:39:23 shrinivaasanka-Inspiron-1545 kernel: [    0.000000] Initializing cgroup subsys cpuset
Nov  1 12:39:23 shrinivaasanka-Inspiron-1545 kernel: [    0.000000] Initializing cgroup subsys cpu
Nov  1 12:39:23 shrinivaasanka-Inspiron-1545 kernel: [    0.000000] Initializing cgroup subsys cpuacct
Nov  1 12:39:23 shrinivaasanka-Inspiron-1545 kernel: [    0.000000] Linux version 4.1.5 (root@shrinivaasanka-Inspiron-1545) (gcc version 4.9.2 (Ubuntu 4.9.2-10ubuntu13) ) #15 SMP Sun Oct 4 19:55:36 IST 2015
Nov  1 12:39:23 shrinivaasanka-Inspiron-1545 kernel: [    0.000000] KERNEL supported cpus:
Nov  1 12:39:23 shrinivaasanka-Inspiron-1545 kernel: [    0.000000]   Intel GenuineIntel
Nov  1 12:39:23 shrinivaasanka-Inspiron-1545 kernel: [    0.000000]   AMD AuthenticAMD
Nov  1 12:39:23 shrinivaasanka-Inspiron-1545 kernel: [    0.000000]   NSC Geode by NSC
Nov  1 12:39:23 shrinivaasanka-Inspiron-1545 kernel: [    0.000000]   Cyrix CyrixInstead
Nov  1 12:39:23 shrinivaasanka-Inspiron-1545 kernel: [    0.000000]   Centaur CentaurHauls
Nov  1 12:39:23 shrinivaasanka-Inspiron-1545 kernel: [    0.000000]   Transmeta GenuineTMx86
Nov  1 12:39:23 shrinivaasanka-Inspiron-1545 kernel: [    0.000000]   Transmeta TransmetaCPU
Nov  1 12:39:23 shrinivaasanka-Inspiron-1545 kernel: [    0.000000]   UMC UMC UMC UMC
Nov  1 12:39:23 shrinivaasanka-Inspiron-1545 kernel: [    0.000000] e820: BIOS-provided physical RAM map:
Nov  1 12:39:23 shrinivaasanka-Inspiron-1545 kernel: [    0.000000] BIOS-e820: [mem 0x0000000000000000-0x000000000009efff] usable
Nov  1 12:39:23 shrinivaasanka-Inspiron-1545 kernel: [    0.000000] BIOS-e820: [mem 0x000000000009f000-0x000000000009ffff] reserved
Nov  1 12:39:23 shrinivaasanka-Inspiron-1545 kernel: [    0.000000] BIOS-e820: [mem 0x0000000000100000-0x00000000bd8bf3ff] usable
Nov  1 12:39:23 shrinivaasanka-Inspiron-1545 kernel: [    0.000000] BIOS-e820: [mem 0x00000000bd8bf400-0x00000000bdac13ff] ACPI NVS
Nov  1 12:39:23 shrinivaasanka-Inspiron-1545 kernel: [    0.000000] BIOS-e820: [mem 0x00000000bdac1400-0x00000000bfffffff] reserved
Nov  1 12:39:23 shrinivaasanka-Inspiron-1545 kernel: [    0.000000] BIOS-e820: [mem 0x00000000f8000000-0x00000000fbffffff] reserved
Nov  1 12:39:23 shrinivaasanka-Inspiron-1545 kernel: [    0.000000] BIOS-e820: [mem 0x00000000fec00000-0x00000000fec0ffff] reserved
Nov  1 12:39:23 shrinivaasanka-Inspiron-1545 kernel: [    0.000000] BIOS-e820: [mem 0x00000000fed18000-0x00000000fed1bfff] reserved
Nov  1 12:39:23 shrinivaasanka-Inspiron-1545 kernel: [    0.000000] BIOS-e820: [mem 0x00000000fed20000-0x00000000fed8ffff] reserved
Nov  1 12:39:23 shrinivaasanka-Inspiron-1545 kernel: [    0.000000] BIOS-e820: [mem 0x00000000feda0000-0x00000000feda5fff] reserved
Nov  1 12:39:23 shrinivaasanka-Inspiron-1545 kernel: [    0.000000] BIOS-e820: [mem 0x00000000fee00000-0x00000000fee0ffff] reserved
Nov  1 12:39:23 shrinivaasanka-Inspiron-1545 kernel: [    0.000000] BIOS-e820: [mem 0x00000000ffe00000-0x00000000ffffffff] reserved
Nov  1 12:39:23 shrinivaasanka-Inspiron-1545 kernel: [    0.000000] NX (Execute Disable) protection: active
Nov  1 12:39:23 shrinivaasanka-Inspiron-1545 kernel: [    0.000000] SMBIOS 2.4 present.
Nov  1 12:39:23 shrinivaasanka-Inspiron-1545 kernel: [    0.000000] DMI: Dell Inc. Inspiron 1545                   /0J037P, BIOS A14 12/07/2009
Nov  1 12:39:23 shrinivaasanka-Inspiron-1545 kernel: [    0.000000] e820: update [mem 0x00000000-0x00000fff] usable ==> reserved
Nov  1 12:39:23 shrinivaasanka-Inspiron-1545 kernel: [    0.000000] e820: remove [mem 0x000a0000-0x000fffff] usable
Nov  1 12:39:23 shrinivaasanka-Inspiron-1545 kernel: [    0.000000] e820: last_pfn = 0xbd8bf max_arch_pfn = 0x1000000
Nov  1 12:39:23 shrinivaasanka-Inspiron-1545 kernel: [    0.000000] MTRR default type: uncachable
Nov  1 12:39:23 shrinivaasanka-Inspiron-1545 kernel: [    0.000000] MTRR fixed ranges enabled:
Nov  1 12:39:23 shrinivaasanka-Inspiron-1545 kernel: [    0.000000]   00000-9FFFF write-back
Nov  1 12:39:23 shrinivaasanka-Inspiron-1545 kernel: [    0.000000]   A0000-BFFFF uncachable
Nov  1 12:39:23 shrinivaasanka-Inspiron-1545 kernel: [    0.000000]   C0000-CFFFF write-protect
Nov  1 12:39:23 shrinivaasanka-Inspiron-1545 kernel: [    0.000000]   D0000-EFFFF uncachable
Nov  1 12:39:23 shrinivaasanka-Inspiron-1545 kernel: [    0.000000]   F0000-FFFFF write-protect
Nov  1 12:39:23 shrinivaasanka-Inspiron-1545 kernel: [    0.000000] MTRR variable ranges enabled:
Nov  1 12:39:23 shrinivaasanka-Inspiron-1545 kernel: [    0.000000]   0 base 000000000 mask 800000000 write-back
Nov  1 12:39:23 shrinivaasanka-Inspiron-1545 kernel: [    0.000000]   1 base 0E0000000 mask FE0000000 uncachable
Nov  1 12:39:23 shrinivaasanka-Inspiron-1545 kernel: [    0.000000]   2 base 0BDC00000 mask FFFC00000 uncachable
Nov  1 12:39:23 shrinivaasanka-Inspiron-1545 kernel: [    0.000000]   3 base 0BE000000 mask FFE000000 uncachable
Nov  1 12:39:23 shrinivaasanka-Inspiron-1545 kernel: [    0.000000]   4 disabled
Nov  1 12:39:23 shrinivaasanka-Inspiron-1545 kernel: [    0.000000]   5 disabled
Nov  1 12:39:23 shrinivaasanka-Inspiron-1545 kernel: [    0.000000]   6 disabled
Nov  1 12:39:23 shrinivaasanka-Inspiron-1545 kernel: [    0.000000] PAT configuration [0-7]: WB  WC  UC- UC  WB  WC  UC- UC  
Nov  1 12:39:23 shrinivaasanka-Inspiron-1545 kernel: [    0.000000] original variable MTRRs
Nov  1 12:39:23 shrinivaasanka-Inspiron-1545 kernel: [    0.000000] reg 0, base: 0GB, range: 32GB, type WB
Nov  1 12:39:23 shrinivaasanka-Inspiron-1545 kernel: [    0.000000] reg 1, base: 3584MB, range: 512MB, type UC
Nov  1 12:39:23 shrinivaasanka-Inspiron-1545 kernel: [    0.000000] reg 2, base: 3036MB, range: 4MB, type UC
Nov  1 12:39:23 shrinivaasanka-Inspiron-1545 kernel: [    0.000000] reg 3, base: 3040MB, range: 32MB, type UC
Nov  1 12:39:23 shrinivaasanka-Inspiron-1545 kernel: [    0.000000] total RAM covered: 32220M
Nov  1 12:39:23 shrinivaasanka-Inspiron-1545 kernel: [    0.000000]  gran_size: 64K 	chunk_size: 64K 	num_reg: 7  	lose cover RAM: 29188M
Nov  1 12:39:23 shrinivaasanka-Inspiron-1545 kernel: [    0.000000]  gran_size: 64K 	chunk_size: 128K 	num_reg: 7  	lose cover RAM: 29188M
Nov  1 12:39:23 shrinivaasanka-Inspiron-1545 kernel: [    0.000000]  gran_size: 64K 	chunk_size: 256K 	num_reg: 7  	lose cover RAM: 29188M
Nov  1 12:39:23 shrinivaasanka-Inspiron-1545 kernel: [    0.000000]  gran_size: 64K 	chunk_size: 512K 	num_reg: 7  	lose cover RAM: 29188M
Nov  1 12:39:23 shrinivaasanka-Inspiron-1545 kernel: [    0.000000]  gran_size: 64K 	chunk_size: 1M 	num_reg: 7  	lose cover RAM: 29188M
Nov  1 12:39:23 shrinivaasanka-Inspiron-1545 kernel: [    0.000000]  gran_size: 64K 	chunk_size: 2M 	num_reg: 7  	lose cover RAM: 29188M
Nov  1 12:39:23 shrinivaasanka-Inspiron-1545 kernel: [    0.000000]  gran_size: 64K 	chunk_size: 4M 	num_reg: 7  	lose cover RAM: 29188M
Nov  1 12:39:23 shrinivaasanka-Inspiron-1545 kernel: [    0.000000]  gran_size: 64K 	chunk_size: 8M 	num_reg: 7  	lose cover RAM: 29184M
Nov  1 12:39:23 shrinivaasanka-Inspiron-1545 kernel: [    0.000000]  gran_size: 64K 	chunk_size: 16M 	num_reg: 7  	lose cover RAM: 29184M
Nov  1 12:39:23 shrinivaasanka-Inspiron-1545 kernel: [    0.000000]  gran_size: 64K 	chunk_size: 32M 	num_reg: 7  	lose cover RAM: 29184M
Nov  1 12:39:23 shrinivaasanka-Inspiron-1545 kernel: [    0.000000]  gran_size: 64K 	chunk_size: 64M 	num_reg: 7  	lose cover RAM: 16G
Nov  1 12:39:23 shrinivaasanka-Inspiron-1545 kernel: [    0.000000]  gran_size: 64K 	chunk_size: 128M 	num_reg: 7  	lose cover RAM: 16G
Nov  1 12:39:23 shrinivaasanka-Inspiron-1545 kernel: [    0.000000]  gran_size: 64K 	chunk_size: 256M 	num_reg: 7  	lose cover RAM: 16G
Nov  1 12:39:23 shrinivaasanka-Inspiron-1545 kernel: [    0.000000]  gran_size: 64K 	chunk_size: 512M 	num_reg: 7  	lose cover RAM: 16G
Nov  1 12:39:23 shrinivaasanka-Inspiron-1545 kernel: [    0.000000]  gran_size: 64K 	chunk_size: 1G 	num_reg: 7  	lose cover RAM: 16G
Nov  1 12:39:23 shrinivaasanka-Inspiron-1545 kernel: [    0.000000]  gran_size: 64K 	chunk_size: 2G 	num_reg: 7  	lose cover RAM: 29188M
Nov  1 12:39:23 shrinivaasanka-Inspiron-1545 kernel: [    0.000000]  gran_size: 128K 	chunk_size: 128K 	num_reg: 7  	lose cover RAM: 29188M
Nov  1 12:39:23 shrinivaasanka-Inspiron-1545 kernel: [    0.000000]  gran_size: 128K 	chunk_size: 256K 	num_reg: 7  	lose cover RAM: 29188M
Nov  1 12:39:23 shrinivaasanka-Inspiron-1545 kernel: [    0.000000]  gran_size: 128K 	chunk_size: 512K 	num_reg: 7  	lose cover RAM: 29188M
Nov  1 12:39:23 shrinivaasanka-Inspiron-1545 kernel: [    0.000000]  gran_size: 128K 	chunk_size: 1M 	num_reg: 7  	lose cover RAM: 29188M
Nov  1 12:39:23 shrinivaasanka-Inspiron-1545 kernel: [    0.000000]  gran_size: 128K 	chunk_size: 2M 	num_reg: 7  	lose cover RAM: 29188M
Nov  1 12:39:23 shrinivaasanka-Inspiron-1545 kernel: [    0.000000]  gran_size: 128K 	chunk_size: 4M 	num_reg: 7  	lose cover RAM: 29188M
Nov  1 12:39:23 shrinivaasanka-Inspiron-1545 kernel: [    0.000000]  gran_size: 128K 	chunk_size: 8M 	num_reg: 7  	lose cover RAM: 29184M
Nov  1 12:39:23 shrinivaasanka-Inspiron-1545 kernel: [    0.000000]  gran_size: 128K 	chunk_size: 16M 	num_reg: 7  	lose cover RAM: 29184M
Nov  1 12:39:23 shrinivaasanka-Inspiron-1545 kernel: [    0.000000]  gran_size: 128K 	chunk_size: 32M 	num_reg: 7  	lose cover RAM: 29184M
Nov  1 12:39:23 shrinivaasanka-Inspiron-1545 kernel: [    0.000000]  gran_size: 128K 	chunk_size: 64M 	num_reg: 7  	lose cover RAM: 16G
Nov  1 12:39:23 shrinivaasanka-Inspiron-1545 kernel: [    0.000000]  gran_size: 128K 	chunk_size: 128M 	num_reg: 7  	lose cover RAM: 16G
Nov  1 12:39:23 shrinivaasanka-Inspiron-1545 kernel: [    0.000000]  gran_size: 128K 	chunk_size: 256M 	num_reg: 7  	lose cover RAM: 16G
Nov  1 12:39:23 shrinivaasanka-Inspiron-1545 kernel: [    0.000000]  gran_size: 128K 	chunk_size: 512M 	num_reg: 7  	lose cover RAM: 16G
Nov  1 12:39:23 shrinivaasanka-Inspiron-1545 kernel: [    0.000000]  gran_size: 128K 	chunk_size: 1G 	num_reg: 7  	lose cover RAM: 16G
Nov  1 12:39:23 shrinivaasanka-Inspiron-1545 kernel: [    0.000000]  gran_size: 128K 	chunk_size: 2G 	num_reg: 7  	lose cover RAM: 29188M
Nov  1 12:39:23 shrinivaasanka-Inspiron-1545 kernel: [    0.000000]  gran_size: 256K 	chunk_size: 256K 	num_reg: 7  	lose cover RAM: 29188M
Nov  1 12:39:23 shrinivaasanka-Inspiron-1545 kernel: [    0.000000]  gran_size: 256K 	chunk_size: 512K 	num_reg: 7  	lose cover RAM: 29188M
Nov  1 12:39:23 shrinivaasanka-Inspiron-1545 kernel: [    0.000000]  gran_size: 256K 	chunk_size: 1M 	num_reg: 7  	lose cover RAM: 29188M
Nov  1 12:39:23 shrinivaasanka-Inspiron-1545 kernel: [    0.000000]  gran_size: 256K 	chunk_size: 2M 	num_reg: 7  	lose cover RAM: 29188M
Nov  1 12:39:23 shrinivaasanka-Inspiron-1545 kernel: [    0.000000]  gran_size: 256K 	chunk_size: 4M 	num_reg: 7  	lose cover RAM: 29188M
Nov  1 12:39:23 shrinivaasanka-Inspiron-1545 kernel: [    0.000000]  gran_size: 256K 	chunk_size: 8M 	num_reg: 7  	lose cover RAM: 29184M
Nov  1 12:39:23 shrinivaasanka-Inspiron-1545 kernel: [    0.000000]  gran_size: 256K 	chunk_size: 16M 	num_reg: 7  	lose cover RAM: 29184M
Nov  1 12:39:23 shrinivaasanka-Inspiron-1545 kernel: [    0.000000]  gran_size: 256K 	chunk_size: 32M 	num_reg: 7  	lose cover RAM: 29184M
Nov  1 12:39:23 shrinivaasanka-Inspiron-1545 kernel: [    0.000000]  gran_size: 256K 	chunk_size: 64M 	num_reg: 7  	lose cover RAM: 16G
Nov  1 12:39:23 shrinivaasanka-Inspiron-1545 kernel: [    0.000000]  gran_size: 256K 	chunk_size: 128M 	num_reg: 7  	lose cover RAM: 16G
Nov  1 12:39:23 shrinivaasanka-Inspiron-1545 kernel: [    0.000000]  gran_size: 256K 	chunk_size: 256M 	num_reg: 7  	lose cover RAM: 16G
Nov  1 12:39:23 shrinivaasanka-Inspiron-1545 kernel: [    0.000000]  gran_size: 256K 	chunk_size: 512M 	num_reg: 7  	lose cover RAM: 16G
Nov  1 12:39:23 shrinivaasanka-Inspiron-1545 kernel: [    0.000000]  gran_size: 256K 	chunk_size: 1G 	num_reg: 7  	lose cover RAM: 16G
Nov  1 12:39:23 shrinivaasanka-Inspiron-1545 kernel: [    0.000000]  gran_size: 256K 	chunk_size: 2G 	num_reg: 7  	lose cover RAM: 29188M
Nov  1 12:39:23 shrinivaasanka-Inspiron-1545 kernel: [    0.000000]  gran_size: 512K 	chunk_size: 512K 	num_reg: 7  	lose cover RAM: 29188M
Nov  1 12:39:23 shrinivaasanka-Inspiron-1545 kernel: [    0.000000]  gran_size: 512K 	chunk_size: 1M 	num_reg: 7  	lose cover RAM: 29188M
Nov  1 12:39:23 shrinivaasanka-Inspiron-1545 kernel: [    0.000000]  gran_size: 512K 	chunk_size: 2M 	num_reg: 7  	lose cover RAM: 29188M
Nov  1 12:39:23 shrinivaasanka-Inspiron-1545 kernel: [    0.000000]  gran_size: 512K 	chunk_size: 4M 	num_reg: 7  	lose cover RAM: 29188M
Nov  1 12:39:23 shrinivaasanka-Inspiron-1545 kernel: [    0.000000]  gran_size: 512K 	chunk_size: 8M 	num_reg: 7  	lose cover RAM: 29184M
Nov  1 12:39:23 shrinivaasanka-Inspiron-1545 kernel: [    0.000000]  gran_size: 512K 	chunk_size: 16M 	num_reg: 7  	lose cover RAM: 29184M
Nov  1 12:39:23 shrinivaasanka-Inspiron-1545 kernel: [    0.000000]  gran_size: 512K 	chunk_size: 32M 	num_reg: 7  	lose cover RAM: 29184M
Nov  1 12:39:23 shrinivaasanka-Inspiron-1545 kernel: [    0.000000]  gran_size: 512K 	chunk_size: 64M 	num_reg: 7  	lose cover RAM: 16G
Nov  1 12:39:23 shrinivaasanka-Inspiron-1545 kernel: [    0.000000]  gran_size: 512K 	chunk_size: 128M 	num_reg: 7  	lose cover RAM: 16G
Nov  1 12:39:23 shrinivaasanka-Inspiron-1545 kernel: [    0.000000]  gran_size: 512K 	chunk_size: 256M 	num_reg: 7  	lose cover RAM: 16G
Nov  1 12:39:23 shrinivaasanka-Inspiron-1545 kernel: [    0.000000]  gran_size: 512K 	chunk_size: 512M 	num_reg: 7  	lose cover RAM: 16G
Nov  1 12:39:23 shrinivaasanka-Inspiron-1545 kernel: [    0.000000]  gran_size: 512K 	chunk_size: 1G 	num_reg: 7  	lose cover RAM: 16G
Nov  1 12:39:23 shrinivaasanka-Inspiron-1545 kernel: [    0.000000]  gran_size: 512K 	chunk_size: 2G 	num_reg: 7  	lose cover RAM: 29188M
Nov  1 12:39:23 shrinivaasanka-Inspiron-1545 kernel: [    0.000000]  gran_size: 1M 	chunk_size: 1M 	num_reg: 7  	lose cover RAM: 29188M
Nov  1 12:39:23 shrinivaasanka-Inspiron-1545 kernel: [    0.000000]  gran_size: 1M 	chunk_size: 2M 	num_reg: 7  	lose cover RAM: 29188M
Nov  1 12:39:23 shrinivaasanka-Inspiron-1545 kernel: [    0.000000]  gran_size: 1M 	chunk_size: 4M 	num_reg: 7  	lose cover RAM: 29188M
Nov  1 12:39:23 shrinivaasanka-Inspiron-1545 kernel: [    0.000000]  gran_size: 1M 	chunk_size: 8M 	num_reg: 7  	lose cover RAM: 29184M
Nov  1 12:39:23 shrinivaasanka-Inspiron-1545 kernel: [    0.000000]  gran_size: 1M 	chunk_size: 16M 	num_reg: 7  	lose cover RAM: 29184M
Nov  1 12:39:23 shrinivaasanka-Inspiron-1545 kernel: [    0.000000]  gran_size: 1M 	chunk_size: 32M 	num_reg: 7  	lose cover RAM: 29184M
Nov  1 12:39:23 shrinivaasanka-Inspiron-1545 kernel: [    0.000000]  gran_size: 1M 	chunk_size: 64M 	num_reg: 7  	lose cover RAM: 16G
Nov  1 12:39:23 shrinivaasanka-Inspiron-1545 kernel: [    0.000000]  gran_size: 1M 	chunk_size: 128M 	num_reg: 7  	lose cover RAM: 16G
Nov  1 12:39:23 shrinivaasanka-Inspiron-1545 kernel: [    0.000000]  gran_size: 1M 	chunk_size: 256M 	num_reg: 7  	lose cover RAM: 16G
Nov  1 12:39:23 shrinivaasanka-Inspiron-1545 kernel: [    0.000000]  gran_size: 1M 	chunk_size: 512M 	num_reg: 7  	lose cover RAM: 16G
Nov  1 12:39:23 shrinivaasanka-Inspiron-1545 kernel: [    0.000000]  gran_size: 1M 	chunk_size: 1G 	num_reg: 7  	lose cover RAM: 16G
Nov  1 12:39:23 shrinivaasanka-Inspiron-1545 kernel: [    0.000000]  gran_size: 1M 	chunk_size: 2G 	num_reg: 7  	lose cover RAM: 29188M
Nov  1 12:39:23 shrinivaasanka-Inspiron-1545 kernel: [    0.000000]  gran_size: 2M 	chunk_size: 2M 	num_reg: 7  	lose cover RAM: 29188M
Nov  1 12:39:23 shrinivaasanka-Inspiron-1545 kernel: [    0.000000]  gran_size: 2M 	chunk_size: 4M 	num_reg: 7  	lose cover RAM: 29188M
Nov  1 12:39:23 shrinivaasanka-Inspiron-1545 kernel: [    0.000000]  gran_size: 2M 	chunk_size: 8M 	num_reg: 7  	lose cover RAM: 29184M
Nov  1 12:39:23 shrinivaasanka-Inspiron-1545 kernel: [    0.000000]  gran_size: 2M 	chunk_size: 16M 	num_reg: 7  	lose cover RAM: 29184M
Nov  1 12:39:23 shrinivaasanka-Inspiron-1545 kernel: [    0.000000]  gran_size: 2M 	chunk_size: 32M 	num_reg: 7  	lose cover RAM: 29184M
Nov  1 12:39:23 shrinivaasanka-Inspiron-1545 kernel: [    0.000000]  gran_size: 2M 	chunk_size: 64M 	num_reg: 7  	lose cover RAM: 16G
Nov  1 12:39:23 shrinivaasanka-Inspiron-1545 kernel: [    0.000000]  gran_size: 2M 	chunk_size: 128M 	num_reg: 7  	lose cover RAM: 16G
Nov  1 12:39:23 shrinivaasanka-Inspiron-1545 kernel: [    0.000000]  gran_size: 2M 	chunk_size: 256M 	num_reg: 7  	lose cover RAM: 16G
Nov  1 12:39:23 shrinivaasanka-Inspiron-1545 kernel: [    0.000000]  gran_size: 2M 	chunk_size: 512M 	num_reg: 7  	lose cover RAM: 16G
Nov  1 12:39:23 shrinivaasanka-Inspiron-1545 kernel: [    0.000000]  gran_size: 2M 	chunk_size: 1G 	num_reg: 7  	lose cover RAM: 16G
Nov  1 12:39:23 shrinivaasanka-Inspiron-1545 kernel: [    0.000000]  gran_size: 2M 	chunk_size: 2G 	num_reg: 7  	lose cover RAM: 29188M
Nov  1 12:39:23 shrinivaasanka-Inspiron-1545 kernel: [    0.000000]  gran_size: 4M 	chunk_size: 4M 	num_reg: 7  	lose cover RAM: 29188M
Nov  1 12:39:23 shrinivaasanka-Inspiron-1545 kernel: [    0.000000]  gran_size: 4M 	chunk_size: 8M 	num_reg: 7  	lose cover RAM: 29184M
Nov  1 12:39:23 shrinivaasanka-Inspiron-1545 kernel: [    0.000000]  gran_size: 4M 	chunk_size: 16M 	num_reg: 7  	lose cover RAM: 29184M
Nov  1 12:39:23 shrinivaasanka-Inspiron-1545 kernel: [    0.000000]  gran_size: 4M 	chunk_size: 32M 	num_reg: 7  	lose cover RAM: 29184M
Nov  1 12:39:23 shrinivaasanka-Inspiron-1545 kernel: [    0.000000]  gran_size: 4M 	chunk_size: 64M 	num_reg: 7  	lose cover RAM: 16G
Nov  1 12:39:23 shrinivaasanka-Inspiron-1545 kernel: [    0.000000]  gran_size: 4M 	chunk_size: 128M 	num_reg: 7  	lose cover RAM: 16G
Nov  1 12:39:23 shrinivaasanka-Inspiron-1545 kernel: [    0.000000]  gran_size: 4M 	chunk_size: 256M 	num_reg: 7  	lose cover RAM: 16G
Nov  1 12:39:23 shrinivaasanka-Inspiron-1545 kernel: [    0.000000]  gran_size: 4M 	chunk_size: 512M 	num_reg: 7  	lose cover RAM: 16G
Nov  1 12:39:23 shrinivaasanka-Inspiron-1545 kernel: [    0.000000]  gran_size: 4M 	chunk_size: 1G 	num_reg: 7  	lose cover RAM: 16G
Nov  1 12:39:23 shrinivaasanka-Inspiron-1545 kernel: [    0.000000]  gran_size: 4M 	chunk_size: 2G 	num_reg: 7  	lose cover RAM: 29188M
Nov  1 12:39:23 shrinivaasanka-Inspiron-1545 kernel: [    0.000000]  gran_size: 8M 	chunk_size: 8M 	num_reg: 7  	lose cover RAM: 29188M
Nov  1 12:39:23 shrinivaasanka-Inspiron-1545 kernel: [    0.000000]  gran_size: 8M 	chunk_size: 16M 	num_reg: 7  	lose cover RAM: 29188M
Nov  1 12:39:23 shrinivaasanka-Inspiron-1545 kernel: [    0.000000]  gran_size: 8M 	chunk_size: 32M 	num_reg: 7  	lose cover RAM: 29188M
Nov  1 12:39:23 shrinivaasanka-Inspiron-1545 kernel: [    0.000000]  gran_size: 8M 	chunk_size: 64M 	num_reg: 7  	lose cover RAM: 16388M
Nov  1 12:39:23 shrinivaasanka-Inspiron-1545 kernel: [    0.000000]  gran_size: 8M 	chunk_size: 128M 	num_reg: 7  	lose cover RAM: 16388M
Nov  1 12:39:23 shrinivaasanka-Inspiron-1545 kernel: [    0.000000]  gran_size: 8M 	chunk_size: 256M 	num_reg: 7  	lose cover RAM: 16388M
Nov  1 12:39:23 shrinivaasanka-Inspiron-1545 kernel: [    0.000000]  gran_size: 8M 	chunk_size: 512M 	num_reg: 7  	lose cover RAM: 16388M
Nov  1 12:39:23 shrinivaasanka-Inspiron-1545 kernel: [    0.000000]  gran_size: 8M 	chunk_size: 1G 	num_reg: 7  	lose cover RAM: 16388M
Nov  1 12:39:23 shrinivaasanka-Inspiron-1545 kernel: [    0.000000]  gran_size: 8M 	chunk_size: 2G 	num_reg: 7  	lose cover RAM: 29188M
Nov  1 12:39:23 shrinivaasanka-Inspiron-1545 kernel: [    0.000000]  gran_size: 16M 	chunk_size: 16M 	num_reg: 7  	lose cover RAM: 28684M
Nov  1 12:39:23 shrinivaasanka-Inspiron-1545 kernel: [    0.000000]  gran_size: 16M 	chunk_size: 32M 	num_reg: 7  	lose cover RAM: 29196M
Nov  1 12:39:23 shrinivaasanka-Inspiron-1545 kernel: [    0.000000]  gran_size: 16M 	chunk_size: 64M 	num_reg: 7  	lose cover RAM: 16396M
Nov  1 12:39:23 shrinivaasanka-Inspiron-1545 kernel: [    0.000000]  gran_size: 16M 	chunk_size: 128M 	num_reg: 7  	lose cover RAM: 16396M
Nov  1 12:39:23 shrinivaasanka-Inspiron-1545 kernel: [    0.000000]  gran_size: 16M 	chunk_size: 256M 	num_reg: 7  	lose cover RAM: 16396M
Nov  1 12:39:23 shrinivaasanka-Inspiron-1545 kernel: [    0.000000]  gran_size: 16M 	chunk_size: 512M 	num_reg: 7  	lose cover RAM: 16396M
Nov  1 12:39:23 shrinivaasanka-Inspiron-1545 kernel: [    0.000000]  gran_size: 16M 	chunk_size: 1G 	num_reg: 7  	lose cover RAM: 16396M
Nov  1 12:39:23 shrinivaasanka-Inspiron-1545 kernel: [    0.000000]  gran_size: 16M 	chunk_size: 2G 	num_reg: 7  	lose cover RAM: 28172M
Nov  1 12:39:23 shrinivaasanka-Inspiron-1545 kernel: [    0.000000]  gran_size: 32M 	chunk_size: 32M 	num_reg: 7  	lose cover RAM: 24604M
Nov  1 12:39:23 shrinivaasanka-Inspiron-1545 kernel: [    0.000000]  gran_size: 32M 	chunk_size: 64M 	num_reg: 7  	lose cover RAM: 24604M
Nov  1 12:39:23 shrinivaasanka-Inspiron-1545 kernel: [    0.000000]  gran_size: 32M 	chunk_size: 128M 	num_reg: 7  	lose cover RAM: 28M
Nov  1 12:39:23 shrinivaasanka-Inspiron-1545 kernel: [    0.000000]  gran_size: 32M 	chunk_size: 256M 	num_reg: 7  	lose cover RAM: 28M
Nov  1 12:39:23 shrinivaasanka-Inspiron-1545 kernel: [    0.000000]  gran_size: 32M 	chunk_size: 512M 	num_reg: 7  	lose cover RAM: 28M
Nov  1 12:39:23 shrinivaasanka-Inspiron-1545 kernel: [    0.000000]  gran_size: 32M 	chunk_size: 1G 	num_reg: 7  	lose cover RAM: 28M
Nov  1 12:39:23 shrinivaasanka-Inspiron-1545 kernel: [    0.000000]  gran_size: 32M 	chunk_size: 2G 	num_reg: 7  	lose cover RAM: 27164M
Nov  1 12:39:23 shrinivaasanka-Inspiron-1545 kernel: [    0.000000]  gran_size: 64M 	chunk_size: 64M 	num_reg: 7  	lose cover RAM: 24604M
Nov  1 12:39:23 shrinivaasanka-Inspiron-1545 kernel: [    0.000000]  gran_size: 64M 	chunk_size: 128M 	num_reg: 7  	lose cover RAM: 28M
Nov  1 12:39:23 shrinivaasanka-Inspiron-1545 kernel: [    0.000000]  gran_size: 64M 	chunk_size: 256M 	num_reg: 7  	lose cover RAM: 28M
Nov  1 12:39:23 shrinivaasanka-Inspiron-1545 kernel: [    0.000000]  gran_size: 64M 	chunk_size: 512M 	num_reg: 7  	lose cover RAM: 28M
Nov  1 12:39:23 shrinivaasanka-Inspiron-1545 kernel: [    0.000000]  gran_size: 64M 	chunk_size: 1G 	num_reg: 7  	lose cover RAM: 28M
Nov  1 12:39:23 shrinivaasanka-Inspiron-1545 kernel: [    0.000000]  gran_size: 64M 	chunk_size: 2G 	num_reg: 7  	lose cover RAM: 27164M
Nov  1 12:39:23 shrinivaasanka-Inspiron-1545 kernel: [    0.000000]  gran_size: 128M 	chunk_size: 128M 	num_reg: 7  	lose cover RAM: 16476M
Nov  1 12:39:23 shrinivaasanka-Inspiron-1545 kernel: [    0.000000]  gran_size: 128M 	chunk_size: 256M 	num_reg: 7  	lose cover RAM: 92M
Nov  1 12:39:23 shrinivaasanka-Inspiron-1545 kernel: [    0.000000]  gran_size: 128M 	chunk_size: 512M 	num_reg: 7  	lose cover RAM: 92M
Nov  1 12:39:23 shrinivaasanka-Inspiron-1545 kernel: [    0.000000]  gran_size: 128M 	chunk_size: 1G 	num_reg: 7  	lose cover RAM: 92M
Nov  1 12:39:23 shrinivaasanka-Inspiron-1545 kernel: [    0.000000]  gran_size: 128M 	chunk_size: 2G 	num_reg: 7  	lose cover RAM: 27740M
Nov  1 12:39:23 shrinivaasanka-Inspiron-1545 kernel: [    0.000000]  gran_size: 256M 	chunk_size: 256M 	num_reg: 7  	lose cover RAM: 220M
Nov  1 12:39:23 shrinivaasanka-Inspiron-1545 kernel: [    0.000000]  gran_size: 256M 	chunk_size: 512M 	num_reg: 7  	lose cover RAM: 220M
Nov  1 12:39:23 shrinivaasanka-Inspiron-1545 kernel: [    0.000000]  gran_size: 256M 	chunk_size: 1G 	num_reg: 7  	lose cover RAM: 220M
Nov  1 12:39:23 shrinivaasanka-Inspiron-1545 kernel: [    0.000000]  gran_size: 256M 	chunk_size: 2G 	num_reg: 7  	lose cover RAM: 26844M
Nov  1 12:39:23 shrinivaasanka-Inspiron-1545 kernel: [    0.000000]  gran_size: 512M 	chunk_size: 512M 	num_reg: 6  	lose cover RAM: 476M
Nov  1 12:39:23 shrinivaasanka-Inspiron-1545 kernel: [    0.000000]  gran_size: 512M 	chunk_size: 1G 	num_reg: 7  	lose cover RAM: 476M
Nov  1 12:39:23 shrinivaasanka-Inspiron-1545 kernel: [    0.000000]  gran_size: 512M 	chunk_size: 2G 	num_reg: 7  	lose cover RAM: 25052M
Nov  1 12:39:23 shrinivaasanka-Inspiron-1545 kernel: [    0.000000]  gran_size: 1G 	chunk_size: 1G 	num_reg: 4  	lose cover RAM: 1500M
Nov  1 12:39:23 shrinivaasanka-Inspiron-1545 kernel: [    0.000000]  gran_size: 1G 	chunk_size: 2G 	num_reg: 4  	lose cover RAM: 1500M
Nov  1 12:39:23 shrinivaasanka-Inspiron-1545 kernel: [    0.000000]  gran_size: 2G 	chunk_size: 2G 	num_reg: 4  	lose cover RAM: 1500M
Nov  1 12:39:23 shrinivaasanka-Inspiron-1545 kernel: [    0.000000] mtrr_cleanup: can not find optimal value
Nov  1 12:39:23 shrinivaasanka-Inspiron-1545 kernel: [    0.000000] please specify mtrr_gran_size/mtrr_chunk_size
Nov  1 12:39:23 shrinivaasanka-Inspiron-1545 kernel: [    0.000000] e820: update [mem 0xbdc00000-0xbfffffff] usable ==> reserved
Nov  1 12:39:23 shrinivaasanka-Inspiron-1545 kernel: [    0.000000] e820: update [mem 0xe0000000-0xffffffff] usable ==> reserved
Nov  1 12:39:23 shrinivaasanka-Inspiron-1545 kernel: [    0.000000] Scanning 1 areas for low memory corruption
Nov  1 12:39:23 shrinivaasanka-Inspiron-1545 kernel: [    0.000000] initial memory mapped: [mem 0x00000000-0x021fffff]
Nov  1 12:39:23 shrinivaasanka-Inspiron-1545 kernel: [    0.000000] Base memory trampoline at [c009b000] 9b000 size 16384
Nov  1 12:39:23 shrinivaasanka-Inspiron-1545 kernel: [    0.000000] init_memory_mapping: [mem 0x00000000-0x000fffff]
Nov  1 12:39:23 shrinivaasanka-Inspiron-1545 kernel: [    0.000000]  [mem 0x00000000-0x000fffff] page 4k
Nov  1 12:39:23 shrinivaasanka-Inspiron-1545 kernel: [    0.000000] init_memory_mapping: [mem 0x37800000-0x379fffff]
Nov  1 12:39:23 shrinivaasanka-Inspiron-1545 kernel: [    0.000000]  [mem 0x37800000-0x379fffff] page 2M
Nov  1 12:39:23 shrinivaasanka-Inspiron-1545 kernel: [    0.000000] init_memory_mapping: [mem 0x20000000-0x377fffff]
Nov  1 12:39:23 shrinivaasanka-Inspiron-1545 kernel: [    0.000000]  [mem 0x20000000-0x377fffff] page 2M
Nov  1 12:39:23 shrinivaasanka-Inspiron-1545 kernel: [    0.000000] init_memory_mapping: [mem 0x00100000-0x1fffffff]
Nov  1 12:39:23 shrinivaasanka-Inspiron-1545 kernel: [    0.000000]  [mem 0x00100000-0x001fffff] page 4k
Nov  1 12:39:23 shrinivaasanka-Inspiron-1545 kernel: [    0.000000]  [mem 0x00200000-0x1fffffff] page 2M
Nov  1 12:39:23 shrinivaasanka-Inspiron-1545 kernel: [    0.000000] init_memory_mapping: [mem 0x37a00000-0x37bfdfff]
Nov  1 12:39:23 shrinivaasanka-Inspiron-1545 kernel: [    0.000000]  [mem 0x37a00000-0x37bfdfff] page 4k
Nov  1 12:39:23 shrinivaasanka-Inspiron-1545 kernel: [    0.000000] BRK [0x01cb7000, 0x01cb7fff] PGTABLE
Nov  1 12:39:23 shrinivaasanka-Inspiron-1545 kernel: [    0.000000] BRK [0x01cb8000, 0x01cb8fff] PGTABLE
Nov  1 12:39:23 shrinivaasanka-Inspiron-1545 kernel: [    0.000000] RAMDISK: [mem 0x2480a000-0x2e3fcfff]
Nov  1 12:39:23 shrinivaasanka-Inspiron-1545 kernel: [    0.000000] ACPI: Early table checksum verification disabled
Nov  1 12:39:23 shrinivaasanka-Inspiron-1545 kernel: [    0.000000] ACPI: RSDP 0x00000000000FBDD0 000024 (v02 DELL  )
Nov  1 12:39:23 shrinivaasanka-Inspiron-1545 kernel: [    0.000000] ACPI: XSDT 0x00000000BDAC3E00 000054 (v01 DELL   WN09     27D90C07 ASL  00000061)
Nov  1 12:39:23 shrinivaasanka-Inspiron-1545 kernel: [    0.000000] ACPI: FACP 0x00000000BDAC3C9C 0000F4 (v04 DELL   WN09     27D90C07 ASL  00000061)
Nov  1 12:39:23 shrinivaasanka-Inspiron-1545 kernel: [    0.000000] ACPI BIOS Warning (bug): 32/64X length mismatch in FADT/Gpe0Block: 128/64 (20150410/tbfadt-623)
Nov  1 12:39:23 shrinivaasanka-Inspiron-1545 kernel: [    0.000000] ACPI: DSDT 0x00000000BDAC4400 005451 (v02 INT430 SYSFexxx 00001001 INTL 20050624)
Nov  1 12:39:23 shrinivaasanka-Inspiron-1545 kernel: [    0.000000] ACPI: FACS 0x00000000BDAD2C00 000040
Nov  1 12:39:23 shrinivaasanka-Inspiron-1545 kernel: [    0.000000] ACPI: FACS 0x00000000BDAD2C00 000040
Nov  1 12:39:23 shrinivaasanka-Inspiron-1545 kernel: [    0.000000] ACPI: HPET 0x00000000BDAC3F00 000038 (v01 DELL   WN09     00000001 ASL  00000061)
Nov  1 12:39:23 shrinivaasanka-Inspiron-1545 kernel: [    0.000000] ACPI: APIC 0x00000000BDAC4000 000068 (v01 DELL   WN09     27D90C07 ASL  00000047)
Nov  1 12:39:23 shrinivaasanka-Inspiron-1545 kernel: [    0.000000] ACPI: MCFG 0x00000000BDAC3FC0 00003E (v16 DELL   WN09     27D90C07 ASL  00000061)
Nov  1 12:39:23 shrinivaasanka-Inspiron-1545 kernel: [    0.000000] ACPI: SLIC 0x00000000BDAC409C 000176 (v01 DELL   WN09     27D90C07 ASL  00000061)
Nov  1 12:39:23 shrinivaasanka-Inspiron-1545 kernel: [    0.000000] ACPI: SSDT 0x00000000BDAC2363 00066C (v01 PmRef  CpuPm    00003000 INTL 20050624)
Nov  1 12:39:23 shrinivaasanka-Inspiron-1545 kernel: [    0.000000] ACPI: Local APIC address 0xfee00000
Nov  1 12:39:23 shrinivaasanka-Inspiron-1545 kernel: [    0.000000] 2140MB HIGHMEM available.
Nov  1 12:39:23 shrinivaasanka-Inspiron-1545 kernel: [    0.000000] 891MB LOWMEM available.
Nov  1 12:39:23 shrinivaasanka-Inspiron-1545 kernel: [    0.000000]   mapped low ram: 0 - 37bfe000
Nov  1 12:39:23 shrinivaasanka-Inspiron-1545 kernel: [    0.000000]   low ram: 0 - 37bfe000
Nov  1 12:39:23 shrinivaasanka-Inspiron-1545 kernel: [    0.000000] Reserving 128MB of memory at 384MB for crashkernel (System RAM: 3032MB)
Nov  1 12:39:23 shrinivaasanka-Inspiron-1545 kernel: [    0.000000] Zone ranges:
Nov  1 12:39:23 shrinivaasanka-Inspiron-1545 kernel: [    0.000000]   DMA      [mem 0x0000000000001000-0x0000000000ffffff]
Nov  1 12:39:23 shrinivaasanka-Inspiron-1545 kernel: [    0.000000]   Normal   [mem 0x0000000001000000-0x0000000037bfdfff]
Nov  1 12:39:23 shrinivaasanka-Inspiron-1545 kernel: [    0.000000]   HighMem  [mem 0x0000000037bfe000-0x00000000bd8befff]
Nov  1 12:39:23 shrinivaasanka-Inspiron-1545 kernel: [    0.000000] Movable zone start for each node
Nov  1 12:39:23 shrinivaasanka-Inspiron-1545 kernel: [    0.000000] Early memory node ranges
Nov  1 12:39:23 shrinivaasanka-Inspiron-1545 kernel: [    0.000000]   node   0: [mem 0x0000000000001000-0x000000000009efff]
Nov  1 12:39:23 shrinivaasanka-Inspiron-1545 kernel: [    0.000000]   node   0: [mem 0x0000000000100000-0x00000000bd8befff]
Nov  1 12:39:23 shrinivaasanka-Inspiron-1545 kernel: [    0.000000] Initmem setup node 0 [mem 0x0000000000001000-0x00000000bd8befff]
Nov  1 12:39:23 shrinivaasanka-Inspiron-1545 kernel: [    0.000000] On node 0 totalpages: 776285
Nov  1 12:39:23 shrinivaasanka-Inspiron-1545 kernel: [    0.000000]   DMA zone: 40 pages used for memmap
Nov  1 12:39:23 shrinivaasanka-Inspiron-1545 kernel: [    0.000000]   DMA zone: 0 pages reserved
Nov  1 12:39:23 shrinivaasanka-Inspiron-1545 kernel: [    0.000000]   DMA zone: 3998 pages, LIFO batch:0
Nov  1 12:39:23 shrinivaasanka-Inspiron-1545 kernel: [    0.000000]   Normal zone: 2190 pages used for memmap
Nov  1 12:39:23 shrinivaasanka-Inspiron-1545 kernel: [    0.000000]   Normal zone: 224254 pages, LIFO batch:31
Nov  1 12:39:23 shrinivaasanka-Inspiron-1545 kernel: [    0.000000]   HighMem zone: 548033 pages, LIFO batch:31
Nov  1 12:39:23 shrinivaasanka-Inspiron-1545 kernel: [    0.000000] Using APIC driver default
Nov  1 12:39:23 shrinivaasanka-Inspiron-1545 kernel: [    0.000000] Reserving Intel graphics stolen memory at 0xbe000000-0xbfffffff
Nov  1 12:39:23 shrinivaasanka-Inspiron-1545 kernel: [    0.000000] ACPI: PM-Timer IO Port: 0x1008
Nov  1 12:39:23 shrinivaasanka-Inspiron-1545 kernel: [    0.000000] ACPI: Local APIC address 0xfee00000
Nov  1 12:39:23 shrinivaasanka-Inspiron-1545 kernel: [    0.000000] ACPI: LAPIC_NMI (acpi_id[0x00] high edge lint[0x1])
Nov  1 12:39:23 shrinivaasanka-Inspiron-1545 kernel: [    0.000000] ACPI: LAPIC_NMI (acpi_id[0x01] high edge lint[0x1])
Nov  1 12:39:23 shrinivaasanka-Inspiron-1545 kernel: [    0.000000] IOAPIC[0]: apic_id 2, version 32, address 0xfec00000, GSI 0-23
Nov  1 12:39:23 shrinivaasanka-Inspiron-1545 kernel: [    0.000000] ACPI: INT_SRC_OVR (bus 0 bus_irq 0 global_irq 2 dfl dfl)
Nov  1 12:39:23 shrinivaasanka-Inspiron-1545 kernel: [    0.000000] ACPI: INT_SRC_OVR (bus 0 bus_irq 9 global_irq 9 high level)
Nov  1 12:39:23 shrinivaasanka-Inspiron-1545 kernel: [    0.000000] ACPI: IRQ0 used by override.
Nov  1 12:39:23 shrinivaasanka-Inspiron-1545 kernel: [    0.000000] ACPI: IRQ9 used by override.
Nov  1 12:39:23 shrinivaasanka-Inspiron-1545 kernel: [    0.000000] Using ACPI (MADT) for SMP configuration information
Nov  1 12:39:23 shrinivaasanka-Inspiron-1545 kernel: [    0.000000] ACPI: HPET id: 0x8086a201 base: 0xfed00000
Nov  1 12:39:23 shrinivaasanka-Inspiron-1545 kernel: [    0.000000] smpboot: Allowing 2 CPUs, 0 hotplug CPUs
Nov  1 12:39:23 shrinivaasanka-Inspiron-1545 kernel: [    0.000000] PM: Registered nosave memory: [mem 0x00000000-0x00000fff]
Nov  1 12:39:23 shrinivaasanka-Inspiron-1545 kernel: [    0.000000] PM: Registered nosave memory: [mem 0x0009f000-0x0009ffff]
Nov  1 12:39:23 shrinivaasanka-Inspiron-1545 kernel: [    0.000000] PM: Registered nosave memory: [mem 0x000a0000-0x000fffff]
Nov  1 12:39:23 shrinivaasanka-Inspiron-1545 kernel: [    0.000000] e820: [mem 0xc0000000-0xf7ffffff] available for PCI devices
Nov  1 12:39:23 shrinivaasanka-Inspiron-1545 kernel: [    0.000000] Booting paravirtualized kernel on bare hardware
Nov  1 12:39:23 shrinivaasanka-Inspiron-1545 kernel: [    0.000000] clocksource refined-jiffies: mask: 0xffffffff max_cycles: 0xffffffff, max_idle_ns: 7645519600211568 ns
Nov  1 12:39:23 shrinivaasanka-Inspiron-1545 kernel: [    0.000000] setup_percpu: NR_CPUS:8 nr_cpumask_bits:8 nr_cpu_ids:2 nr_node_ids:1
Nov  1 12:39:23 shrinivaasanka-Inspiron-1545 kernel: [    0.000000] PERCPU: Embedded 20 pages/cpu @f5daf000 s49740 r0 d32180 u81920
Nov  1 12:39:23 shrinivaasanka-Inspiron-1545 kernel: [    0.000000] pcpu-alloc: s49740 r0 d32180 u81920 alloc=20*4096
Nov  1 12:39:23 shrinivaasanka-Inspiron-1545 kernel: [    0.000000] pcpu-alloc: [0] 0 [0] 1 
Nov  1 12:39:23 shrinivaasanka-Inspiron-1545 kernel: [    0.000000] Built 1 zonelists in Zone order, mobility grouping on.  Total pages: 774055
Nov  1 12:39:23 shrinivaasanka-Inspiron-1545 kernel: [    0.000000] Kernel command line: BOOT_IMAGE=/boot/vmlinuz-4.1.5 root=UUID=6944b01d-ff0d-43eb-8699-cca469511742 ro quiet splash crashkernel=384M-:128M vt.handoff=7 init=/sbin/upstart
Nov  1 12:39:23 shrinivaasanka-Inspiron-1545 kernel: [    0.000000] PID hash table entries: 4096 (order: 2, 16384 bytes)
Nov  1 12:39:23 shrinivaasanka-Inspiron-1545 kernel: [    0.000000] Dentry cache hash table entries: 131072 (order: 7, 524288 bytes)
Nov  1 12:39:23 shrinivaasanka-Inspiron-1545 kernel: [    0.000000] Inode-cache hash table entries: 65536 (order: 6, 262144 bytes)
Nov  1 12:39:23 shrinivaasanka-Inspiron-1545 kernel: [    0.000000] microcode: CPU0 microcode updated early to revision 0xa0b, date = 2010-09-28
Nov  1 12:39:23 shrinivaasanka-Inspiron-1545 kernel: [    0.000000] Initializing CPU#0
Nov  1 12:39:23 shrinivaasanka-Inspiron-1545 kernel: [    0.000000] xsave: enabled xstate_bv 0x3, cntxt size 0x240 using standard form
Nov  1 12:39:23 shrinivaasanka-Inspiron-1545 kernel: [    0.000000] Initializing HighMem for node 0 (00037bfe:000bd8bf)
Nov  1 12:39:23 shrinivaasanka-Inspiron-1545 kernel: [    0.000000] Initializing Movable for node 0 (00000000:00000000)
Nov  1 12:39:23 shrinivaasanka-Inspiron-1545 kernel: [    0.000000] Memory: 2769440K/3105140K available (7213K kernel code, 781K rwdata, 3116K rodata, 904K init, 888K bss, 335700K reserved, 0K cma-reserved, 2192132K highmem)
Nov  1 12:39:23 shrinivaasanka-Inspiron-1545 kernel: [    0.000000] virtual kernel memory layout:
Nov  1 12:39:23 shrinivaasanka-Inspiron-1545 kernel: [    0.000000]     fixmap  : 0xfff15000 - 0xfffff000   ( 936 kB)
Nov  1 12:39:23 shrinivaasanka-Inspiron-1545 kernel: [    0.000000]     pkmap   : 0xffc00000 - 0xffe00000   (2048 kB)
Nov  1 12:39:23 shrinivaasanka-Inspiron-1545 kernel: [    0.000000]     vmalloc : 0xf83fe000 - 0xffbfe000   ( 120 MB)
Nov  1 12:39:23 shrinivaasanka-Inspiron-1545 kernel: [    0.000000]     lowmem  : 0xc0000000 - 0xf7bfe000   ( 891 MB)
Nov  1 12:39:23 shrinivaasanka-Inspiron-1545 kernel: [    0.000000]       .init : 0xc1add000 - 0xc1bbf000   ( 904 kB)
Nov  1 12:39:23 shrinivaasanka-Inspiron-1545 kernel: [    0.000000]       .data : 0xc170ba4a - 0xc1adb580   (3902 kB)
Nov  1 12:39:23 shrinivaasanka-Inspiron-1545 kernel: [    0.000000]       .text : 0xc1000000 - 0xc170ba4a   (7214 kB)
Nov  1 12:39:23 shrinivaasanka-Inspiron-1545 kernel: [    0.000000] Checking if this processor honours the WP bit even in supervisor mode...Ok.
Nov  1 12:39:23 shrinivaasanka-Inspiron-1545 kernel: [    0.000000] SLUB: HWalign=64, Order=0-3, MinObjects=0, CPUs=2, Nodes=1
Nov  1 12:39:23 shrinivaasanka-Inspiron-1545 kernel: [    0.000000] Hierarchical RCU implementation.
Nov  1 12:39:23 shrinivaasanka-Inspiron-1545 kernel: [    0.000000] 	RCU dyntick-idle grace-period acceleration is enabled.
Nov  1 12:39:23 shrinivaasanka-Inspiron-1545 kernel: [    0.000000] 	RCU restricting CPUs from NR_CPUS=8 to nr_cpu_ids=2.
Nov  1 12:39:23 shrinivaasanka-Inspiron-1545 kernel: [    0.000000] RCU: Adjusting geometry for rcu_fanout_leaf=16, nr_cpu_ids=2
Nov  1 12:39:23 shrinivaasanka-Inspiron-1545 kernel: [    0.000000] NR_IRQS:2304 nr_irqs:440 16
Nov  1 12:39:23 shrinivaasanka-Inspiron-1545 kernel: [    0.000000] CPU 0 irqstacks, hard=f5836000 soft=f5838000
Nov  1 12:39:23 shrinivaasanka-Inspiron-1545 kernel: [    0.000000] Console: colour dummy device 80x25
Nov  1 12:39:23 shrinivaasanka-Inspiron-1545 kernel: [    0.000000] console [tty0] enabled
Nov  1 12:39:23 shrinivaasanka-Inspiron-1545 kernel: [    0.000000] clocksource hpet: mask: 0xffffffff max_cycles: 0xffffffff, max_idle_ns: 133484882848 ns
Nov  1 12:39:23 shrinivaasanka-Inspiron-1545 kernel: [    0.000000] hpet clockevent registered
Nov  1 12:39:23 shrinivaasanka-Inspiron-1545 kernel: [    0.000000] tsc: Fast TSC calibration using PIT
Nov  1 12:39:23 shrinivaasanka-Inspiron-1545 kernel: [    0.000000] tsc: Detected 1994.994 MHz processor
Nov  1 12:39:23 shrinivaasanka-Inspiron-1545 kernel: [    0.004016] Calibrating delay loop (skipped), value calculated using timer frequency.. 3989.98 BogoMIPS (lpj=7979976)
Nov  1 12:39:23 shrinivaasanka-Inspiron-1545 kernel: [    0.004022] pid_max: default: 32768 minimum: 301
Nov  1 12:39:23 shrinivaasanka-Inspiron-1545 kernel: [    0.004032] ACPI: Core revision 20150410
Nov  1 12:39:23 shrinivaasanka-Inspiron-1545 kernel: [    0.017458] ACPI: All ACPI Tables successfully acquired
Nov  1 12:39:23 shrinivaasanka-Inspiron-1545 kernel: [    0.017493] Security Framework initialized
Nov  1 12:39:23 shrinivaasanka-Inspiron-1545 kernel: [    0.017515] AppArmor: AppArmor initialized
Nov  1 12:39:23 shrinivaasanka-Inspiron-1545 kernel: [    0.017518] Yama: becoming mindful.
Nov  1 12:39:23 shrinivaasanka-Inspiron-1545 kernel: [    0.017593] Mount-cache hash table entries: 2048 (order: 1, 8192 bytes)
Nov  1 12:39:23 shrinivaasanka-Inspiron-1545 kernel: [    0.017598] Mountpoint-cache hash table entries: 2048 (order: 1, 8192 bytes)
Nov  1 12:39:23 shrinivaasanka-Inspiron-1545 kernel: [    0.018001] Initializing cgroup subsys blkio
Nov  1 12:39:23 shrinivaasanka-Inspiron-1545 kernel: [    0.018007] Initializing cgroup subsys memory
Nov  1 12:39:23 shrinivaasanka-Inspiron-1545 kernel: [    0.018021] Initializing cgroup subsys devices
Nov  1 12:39:23 shrinivaasanka-Inspiron-1545 kernel: [    0.018026] Initializing cgroup subsys freezer
Nov  1 12:39:23 shrinivaasanka-Inspiron-1545 kernel: [    0.018031] Initializing cgroup subsys net_cls
Nov  1 12:39:23 shrinivaasanka-Inspiron-1545 kernel: [    0.018036] Initializing cgroup subsys perf_event
Nov  1 12:39:23 shrinivaasanka-Inspiron-1545 kernel: [    0.018042] Initializing cgroup subsys net_prio
Nov  1 12:39:23 shrinivaasanka-Inspiron-1545 kernel: [    0.018047] Initializing cgroup subsys hugetlb
Nov  1 12:39:23 shrinivaasanka-Inspiron-1545 kernel: [    0.018083] CPU: Physical Processor ID: 0
Nov  1 12:39:23 shrinivaasanka-Inspiron-1545 kernel: [    0.018086] CPU: Processor Core ID: 0
Nov  1 12:39:23 shrinivaasanka-Inspiron-1545 kernel: [    0.018094] mce: CPU supports 6 MCE banks
Nov  1 12:39:23 shrinivaasanka-Inspiron-1545 kernel: [    0.018108] CPU0: Thermal monitoring enabled (TM2)
Nov  1 12:39:23 shrinivaasanka-Inspiron-1545 kernel: [    0.018112] process: using mwait in idle threads
Nov  1 12:39:23 shrinivaasanka-Inspiron-1545 kernel: [    0.018122] Last level iTLB entries: 4KB 128, 2MB 4, 4MB 4
Nov  1 12:39:23 shrinivaasanka-Inspiron-1545 kernel: [    0.018125] Last level dTLB entries: 4KB 256, 2MB 0, 4MB 32, 1GB 0
Nov  1 12:39:23 shrinivaasanka-Inspiron-1545 kernel: [    0.018958] Freeing SMP alternatives memory: 32K (c1bbf000 - c1bc7000)
Nov  1 12:39:23 shrinivaasanka-Inspiron-1545 kernel: [    0.024009] ftrace: allocating 29636 entries in 58 pages
Nov  1 12:39:23 shrinivaasanka-Inspiron-1545 kernel: [    0.040132] Enabling APIC mode:  Flat.  Using 1 I/O APICs
Nov  1 12:39:23 shrinivaasanka-Inspiron-1545 kernel: [    0.044409] ..TIMER: vector=0x30 apic1=0 pin1=2 apic2=-1 pin2=-1
Nov  1 12:39:23 shrinivaasanka-Inspiron-1545 kernel: [    0.088000] smpboot: CPU0: Intel(R) Core(TM)2 Duo CPU     T6400  @ 2.00GHz (fam: 06, model: 17, stepping: 0a)
Nov  1 12:39:23 shrinivaasanka-Inspiron-1545 kernel: [    0.088000] Performance Events: PEBS fmt0+, 4-deep LBR, Core2 events, Intel PMU driver.
Nov  1 12:39:23 shrinivaasanka-Inspiron-1545 kernel: [    0.088000] ... version:                2
Nov  1 12:39:23 shrinivaasanka-Inspiron-1545 kernel: [    0.088000] ... bit width:              40
Nov  1 12:39:23 shrinivaasanka-Inspiron-1545 kernel: [    0.088000] ... generic registers:      2
Nov  1 12:39:23 shrinivaasanka-Inspiron-1545 kernel: [    0.088000] ... value mask:             000000ffffffffff
Nov  1 12:39:23 shrinivaasanka-Inspiron-1545 kernel: [    0.088000] ... max period:             000000007fffffff
Nov  1 12:39:23 shrinivaasanka-Inspiron-1545 kernel: [    0.088000] ... fixed-purpose events:   3
Nov  1 12:39:23 shrinivaasanka-Inspiron-1545 kernel: [    0.088000] ... event mask:             0000000700000003
Nov  1 12:39:23 shrinivaasanka-Inspiron-1545 kernel: [    0.088000] CPU 1 irqstacks, hard=f5954000 soft=f5956000
Nov  1 12:39:23 shrinivaasanka-Inspiron-1545 kernel: [    0.088000] x86: Booting SMP configuration:
Nov  1 12:39:23 shrinivaasanka-Inspiron-1545 kernel: [    0.088000] .... node  #0, CPUs:      #1
Nov  1 12:39:23 shrinivaasanka-Inspiron-1545 kernel: [    0.008000] microcode: CPU1 microcode updated early to revision 0xa0b, date = 2010-09-28
Nov  1 12:39:23 shrinivaasanka-Inspiron-1545 kernel: [    0.008000] Initializing CPU#1
Nov  1 12:39:23 shrinivaasanka-Inspiron-1545 kernel: [    0.106478] x86: Booted up 1 node, 2 CPUs
Nov  1 12:39:23 shrinivaasanka-Inspiron-1545 kernel: [    0.106486] smpboot: Total of 2 processors activated (7979.97 BogoMIPS)
Nov  1 12:39:23 shrinivaasanka-Inspiron-1545 kernel: [    0.106566] NMI watchdog: enabled on all CPUs, permanently consumes one hw-PMU counter.
Nov  1 12:39:23 shrinivaasanka-Inspiron-1545 kernel: [    0.108197] devtmpfs: initialized
Nov  1 12:39:23 shrinivaasanka-Inspiron-1545 kernel: [    0.108851] evm: security.selinux
Nov  1 12:39:23 shrinivaasanka-Inspiron-1545 kernel: [    0.108855] evm: security.SMACK64
Nov  1 12:39:23 shrinivaasanka-Inspiron-1545 kernel: [    0.108857] evm: security.SMACK64EXEC
Nov  1 12:39:23 shrinivaasanka-Inspiron-1545 kernel: [    0.108860] evm: security.SMACK64TRANSMUTE
Nov  1 12:39:23 shrinivaasanka-Inspiron-1545 kernel: [    0.108862] evm: security.SMACK64MMAP
Nov  1 12:39:23 shrinivaasanka-Inspiron-1545 kernel: [    0.108864] evm: security.ima
Nov  1 12:39:23 shrinivaasanka-Inspiron-1545 kernel: [    0.108867] evm: security.capability
Nov  1 12:39:23 shrinivaasanka-Inspiron-1545 kernel: [    0.109133] PM: Registering ACPI NVS region [mem 0xbd8bf400-0xbdac13ff] (2105344 bytes)
Nov  1 12:39:23 shrinivaasanka-Inspiron-1545 kernel: [    0.109133] clocksource jiffies: mask: 0xffffffff max_cycles: 0xffffffff, max_idle_ns: 7645041785100000 ns
Nov  1 12:39:23 shrinivaasanka-Inspiron-1545 kernel: [    0.109133] pinctrl core: initialized pinctrl subsystem
Nov  1 12:39:23 shrinivaasanka-Inspiron-1545 kernel: [    0.109133] RTC time:  7:08:57, date: 11/01/15
Nov  1 12:39:23 shrinivaasanka-Inspiron-1545 kernel: [    0.109133] NET: Registered protocol family 16
Nov  1 12:39:23 shrinivaasanka-Inspiron-1545 kernel: [    0.109133] EISA bus registered
Nov  1 12:39:23 shrinivaasanka-Inspiron-1545 kernel: [    0.120010] cpuidle: using governor ladder
Nov  1 12:39:23 shrinivaasanka-Inspiron-1545 kernel: [    0.132005] cpuidle: using governor menu
Nov  1 12:39:23 shrinivaasanka-Inspiron-1545 kernel: [    0.132271] ACPI: bus type PCI registered
Nov  1 12:39:23 shrinivaasanka-Inspiron-1545 kernel: [    0.132276] acpiphp: ACPI Hot Plug PCI Controller Driver version: 0.5
Nov  1 12:39:23 shrinivaasanka-Inspiron-1545 kernel: [    0.132442] PCI: MMCONFIG for domain 0000 [bus 00-3f] at [mem 0xf8000000-0xfbffffff] (base 0xf8000000)
Nov  1 12:39:23 shrinivaasanka-Inspiron-1545 kernel: [    0.132447] PCI: MMCONFIG at [mem 0xf8000000-0xfbffffff] reserved in E820
Nov  1 12:39:23 shrinivaasanka-Inspiron-1545 kernel: [    0.132450] PCI: Using MMCONFIG for extended config space
Nov  1 12:39:23 shrinivaasanka-Inspiron-1545 kernel: [    0.132453] PCI: Using configuration type 1 for base access
Nov  1 12:39:23 shrinivaasanka-Inspiron-1545 kernel: [    0.132473] dmi type 0xB1 record - unknown flag
Nov  1 12:39:23 shrinivaasanka-Inspiron-1545 kernel: [    0.144224] ACPI: Added _OSI(Module Device)
Nov  1 12:39:23 shrinivaasanka-Inspiron-1545 kernel: [    0.144229] ACPI: Added _OSI(Processor Device)
Nov  1 12:39:23 shrinivaasanka-Inspiron-1545 kernel: [    0.144233] ACPI: Added _OSI(3.0 _SCP Extensions)
Nov  1 12:39:23 shrinivaasanka-Inspiron-1545 kernel: [    0.144236] ACPI: Added _OSI(Processor Aggregator Device)
Nov  1 12:39:23 shrinivaasanka-Inspiron-1545 kernel: [    0.160194] [Firmware Bug]: ACPI: BIOS _OSI(Linux) query ignored
Nov  1 12:39:23 shrinivaasanka-Inspiron-1545 kernel: [    0.165216] ACPI: Dynamic OEM Table Load:
Nov  1 12:39:23 shrinivaasanka-Inspiron-1545 kernel: [    0.165231] ACPI: SSDT 0x00000000F5812800 0005C6 (v01 PmRef  BspCst   00003001 INTL 20050624)
Nov  1 12:39:23 shrinivaasanka-Inspiron-1545 kernel: [    0.166488] ACPI: Dynamic OEM Table Load:
Nov  1 12:39:23 shrinivaasanka-Inspiron-1545 kernel: [    0.166499] ACPI: SSDT 0x00000000F5939240 00008D (v01 PmRef  ApCst    00003000 INTL 20050624)
Nov  1 12:39:23 shrinivaasanka-Inspiron-1545 kernel: [    0.167312] ACPI: Interpreter enabled
Nov  1 12:39:23 shrinivaasanka-Inspiron-1545 kernel: [    0.167334] ACPI Exception: AE_NOT_FOUND, While evaluating Sleep State [\_S1_] (20150410/hwxface-580)
Nov  1 12:39:23 shrinivaasanka-Inspiron-1545 kernel: [    0.167342] ACPI Exception: AE_NOT_FOUND, While evaluating Sleep State [\_S2_] (20150410/hwxface-580)
Nov  1 12:39:23 shrinivaasanka-Inspiron-1545 kernel: [    0.167368] ACPI: (supports S0 S3 S4 S5)
Nov  1 12:39:23 shrinivaasanka-Inspiron-1545 kernel: [    0.167372] ACPI: Using IOAPIC for interrupt routing
Nov  1 12:39:23 shrinivaasanka-Inspiron-1545 kernel: [    0.167427] PCI: Using host bridge windows from ACPI; if necessary, use "pci=nocrs" and report a bug
Nov  1 12:39:23 shrinivaasanka-Inspiron-1545 kernel: [    0.282362] ACPI: PCI Root Bridge [PCI0] (domain 0000 [bus 00-ff])
Nov  1 12:39:23 shrinivaasanka-Inspiron-1545 kernel: [    0.282375] acpi PNP0A03:00: _OSC: OS supports [ExtendedConfig ASPM ClockPM Segments MSI]
Nov  1 12:39:23 shrinivaasanka-Inspiron-1545 kernel: [    0.282385] acpi PNP0A03:00: _OSC failed (AE_NOT_FOUND); disabling ASPM
Nov  1 12:39:23 shrinivaasanka-Inspiron-1545 kernel: [    0.306758] acpi PNP0A03:00: [Firmware Info]: MMCONFIG for domain 0000 [bus 00-3f] only partially covers this bridge
Nov  1 12:39:23 shrinivaasanka-Inspiron-1545 kernel: [    0.307191] PCI host bridge to bus 0000:00
Nov  1 12:39:23 shrinivaasanka-Inspiron-1545 kernel: [    0.307198] pci_bus 0000:00: root bus resource [bus 00-ff]
Nov  1 12:39:23 shrinivaasanka-Inspiron-1545 kernel: [    0.307203] pci_bus 0000:00: root bus resource [io  0x0000-0x0cf7 window]
Nov  1 12:39:23 shrinivaasanka-Inspiron-1545 kernel: [    0.307208] pci_bus 0000:00: root bus resource [io  0x0d00-0xffff window]
Nov  1 12:39:23 shrinivaasanka-Inspiron-1545 kernel: [    0.307213] pci_bus 0000:00: root bus resource [mem 0x000a0000-0x000bffff window]
Nov  1 12:39:23 shrinivaasanka-Inspiron-1545 kernel: [    0.307217] pci_bus 0000:00: root bus resource [mem 0x000d0000-0x000dffff window]
Nov  1 12:39:23 shrinivaasanka-Inspiron-1545 kernel: [    0.307222] pci_bus 0000:00: root bus resource [mem 0xc0000000-0xf7ffffff window]
Nov  1 12:39:23 shrinivaasanka-Inspiron-1545 kernel: [    0.307226] pci_bus 0000:00: root bus resource [mem 0xfc000000-0xfebfffff window]
Nov  1 12:39:23 shrinivaasanka-Inspiron-1545 kernel: [    0.307231] pci_bus 0000:00: root bus resource [mem 0xfec10000-0xfecfffff window]
Nov  1 12:39:23 shrinivaasanka-Inspiron-1545 kernel: [    0.307235] pci_bus 0000:00: root bus resource [mem 0xfed1c000-0xfed1ffff window]
Nov  1 12:39:23 shrinivaasanka-Inspiron-1545 kernel: [    0.307240] pci_bus 0000:00: root bus resource [mem 0xfed90000-0xfed9ffff window]
Nov  1 12:39:23 shrinivaasanka-Inspiron-1545 kernel: [    0.307244] pci_bus 0000:00: root bus resource [mem 0xfeda7000-0xfedfffff window]
Nov  1 12:39:23 shrinivaasanka-Inspiron-1545 kernel: [    0.307249] pci_bus 0000:00: root bus resource [mem 0xfee10000-0xff9fffff window]
Nov  1 12:39:23 shrinivaasanka-Inspiron-1545 kernel: [    0.307253] pci_bus 0000:00: root bus resource [mem 0xffc00000-0xffdfffff window]
Nov  1 12:39:23 shrinivaasanka-Inspiron-1545 kernel: [    0.307269] pci 0000:00:00.0: [8086:2a40] type 00 class 0x060000
Nov  1 12:39:23 shrinivaasanka-Inspiron-1545 kernel: [    0.307312] DMAR: Forcing write-buffer flush capability
Nov  1 12:39:23 shrinivaasanka-Inspiron-1545 kernel: [    0.307315] DMAR: Disabling IOMMU for graphics on this chipset
Nov  1 12:39:23 shrinivaasanka-Inspiron-1545 kernel: [    0.307501] pci 0000:00:02.0: [8086:2a42] type 00 class 0x030000
Nov  1 12:39:23 shrinivaasanka-Inspiron-1545 kernel: [    0.307524] pci 0000:00:02.0: reg 0x10: [mem 0xf6c00000-0xf6ffffff 64bit]
Nov  1 12:39:23 shrinivaasanka-Inspiron-1545 kernel: [    0.307539] pci 0000:00:02.0: reg 0x18: [mem 0xe0000000-0xefffffff 64bit pref]
Nov  1 12:39:23 shrinivaasanka-Inspiron-1545 kernel: [    0.307550] pci 0000:00:02.0: reg 0x20: [io  0xefe8-0xefef]
Nov  1 12:39:23 shrinivaasanka-Inspiron-1545 kernel: [    0.307765] pci 0000:00:02.1: [8086:2a43] type 00 class 0x038000
Nov  1 12:39:23 shrinivaasanka-Inspiron-1545 kernel: [    0.307785] pci 0000:00:02.1: reg 0x10: [mem 0xf6b00000-0xf6bfffff 64bit]
Nov  1 12:39:23 shrinivaasanka-Inspiron-1545 kernel: [    0.308081] pci 0000:00:1a.0: [8086:2937] type 00 class 0x0c0300
Nov  1 12:39:23 shrinivaasanka-Inspiron-1545 kernel: [    0.308157] pci 0000:00:1a.0: reg 0x20: [io  0x6f60-0x6f7f]
Nov  1 12:39:23 shrinivaasanka-Inspiron-1545 kernel: [    0.312726] pci 0000:00:1a.0: System wakeup disabled by ACPI
Nov  1 12:39:23 shrinivaasanka-Inspiron-1545 kernel: [    0.312842] pci 0000:00:1a.1: [8086:2938] type 00 class 0x0c0300
Nov  1 12:39:23 shrinivaasanka-Inspiron-1545 kernel: [    0.312919] pci 0000:00:1a.1: reg 0x20: [io  0x6f80-0x6f9f]
Nov  1 12:39:23 shrinivaasanka-Inspiron-1545 kernel: [    0.317602] pci 0000:00:1a.1: System wakeup disabled by ACPI
Nov  1 12:39:23 shrinivaasanka-Inspiron-1545 kernel: [    0.317715] pci 0000:00:1a.2: [8086:2939] type 00 class 0x0c0300
Nov  1 12:39:23 shrinivaasanka-Inspiron-1545 kernel: [    0.317791] pci 0000:00:1a.2: reg 0x20: [io  0x6fa0-0x6fbf]
Nov  1 12:39:23 shrinivaasanka-Inspiron-1545 kernel: [    0.322944] pci 0000:00:1a.2: System wakeup disabled by ACPI
Nov  1 12:39:23 shrinivaasanka-Inspiron-1545 kernel: [    0.323066] pci 0000:00:1a.7: [8086:293c] type 00 class 0x0c0320
Nov  1 12:39:23 shrinivaasanka-Inspiron-1545 kernel: [    0.323097] pci 0000:00:1a.7: reg 0x10: [mem 0xfed1c400-0xfed1c7ff]
Nov  1 12:39:23 shrinivaasanka-Inspiron-1545 kernel: [    0.323230] pci 0000:00:1a.7: PME# supported from D0 D3hot D3cold
Nov  1 12:39:23 shrinivaasanka-Inspiron-1545 kernel: [    0.328126] pci 0000:00:1a.7: System wakeup disabled by ACPI
Nov  1 12:39:23 shrinivaasanka-Inspiron-1545 kernel: [    0.328246] pci 0000:00:1b.0: [8086:293e] type 00 class 0x040300
Nov  1 12:39:23 shrinivaasanka-Inspiron-1545 kernel: [    0.328281] pci 0000:00:1b.0: reg 0x10: [mem 0xf6afc000-0xf6afffff 64bit]
Nov  1 12:39:23 shrinivaasanka-Inspiron-1545 kernel: [    0.328417] pci 0000:00:1b.0: PME# supported from D0 D3hot D3cold
Nov  1 12:39:23 shrinivaasanka-Inspiron-1545 kernel: [    0.328528] pci 0000:00:1b.0: System wakeup disabled by ACPI
Nov  1 12:39:23 shrinivaasanka-Inspiron-1545 kernel: [    0.328640] pci 0000:00:1c.0: [8086:2940] type 01 class 0x060400
Nov  1 12:39:23 shrinivaasanka-Inspiron-1545 kernel: [    0.328774] pci 0000:00:1c.0: PME# supported from D0 D3hot D3cold
Nov  1 12:39:23 shrinivaasanka-Inspiron-1545 kernel: [    0.328884] pci 0000:00:1c.0: System wakeup disabled by ACPI
Nov  1 12:39:23 shrinivaasanka-Inspiron-1545 kernel: [    0.328997] pci 0000:00:1c.1: [8086:2942] type 01 class 0x060400
Nov  1 12:39:23 shrinivaasanka-Inspiron-1545 kernel: [    0.329130] pci 0000:00:1c.1: PME# supported from D0 D3hot D3cold
Nov  1 12:39:23 shrinivaasanka-Inspiron-1545 kernel: [    0.329240] pci 0000:00:1c.1: System wakeup disabled by ACPI
Nov  1 12:39:23 shrinivaasanka-Inspiron-1545 kernel: [    0.329356] pci 0000:00:1c.2: [8086:2944] type 01 class 0x060400
Nov  1 12:39:23 shrinivaasanka-Inspiron-1545 kernel: [    0.329489] pci 0000:00:1c.2: PME# supported from D0 D3hot D3cold
Nov  1 12:39:23 shrinivaasanka-Inspiron-1545 kernel: [    0.329599] pci 0000:00:1c.2: System wakeup disabled by ACPI
Nov  1 12:39:23 shrinivaasanka-Inspiron-1545 kernel: [    0.329711] pci 0000:00:1c.4: [8086:2948] type 01 class 0x060400
Nov  1 12:39:23 shrinivaasanka-Inspiron-1545 kernel: [    0.329843] pci 0000:00:1c.4: PME# supported from D0 D3hot D3cold
Nov  1 12:39:23 shrinivaasanka-Inspiron-1545 kernel: [    0.329953] pci 0000:00:1c.4: System wakeup disabled by ACPI
Nov  1 12:39:23 shrinivaasanka-Inspiron-1545 kernel: [    0.330067] pci 0000:00:1d.0: [8086:2934] type 00 class 0x0c0300
Nov  1 12:39:23 shrinivaasanka-Inspiron-1545 kernel: [    0.330143] pci 0000:00:1d.0: reg 0x20: [io  0x6f00-0x6f1f]
Nov  1 12:39:23 shrinivaasanka-Inspiron-1545 kernel: [    0.335141] pci 0000:00:1d.0: System wakeup disabled by ACPI
Nov  1 12:39:23 shrinivaasanka-Inspiron-1545 kernel: [    0.335256] pci 0000:00:1d.1: [8086:2935] type 00 class 0x0c0300
Nov  1 12:39:23 shrinivaasanka-Inspiron-1545 kernel: [    0.335332] pci 0000:00:1d.1: reg 0x20: [io  0x6f20-0x6f3f]
Nov  1 12:39:23 shrinivaasanka-Inspiron-1545 kernel: [    0.340133] pci 0000:00:1d.1: System wakeup disabled by ACPI
Nov  1 12:39:23 shrinivaasanka-Inspiron-1545 kernel: [    0.340248] pci 0000:00:1d.2: [8086:2936] type 00 class 0x0c0300
Nov  1 12:39:23 shrinivaasanka-Inspiron-1545 kernel: [    0.340324] pci 0000:00:1d.2: reg 0x20: [io  0x6f40-0x6f5f]
Nov  1 12:39:23 shrinivaasanka-Inspiron-1545 kernel: [    0.344725] pci 0000:00:1d.2: System wakeup disabled by ACPI
Nov  1 12:39:23 shrinivaasanka-Inspiron-1545 kernel: [    0.344848] pci 0000:00:1d.7: [8086:293a] type 00 class 0x0c0320
Nov  1 12:39:23 shrinivaasanka-Inspiron-1545 kernel: [    0.344880] pci 0000:00:1d.7: reg 0x10: [mem 0xfed1c000-0xfed1c3ff]
Nov  1 12:39:23 shrinivaasanka-Inspiron-1545 kernel: [    0.345012] pci 0000:00:1d.7: PME# supported from D0 D3hot D3cold
Nov  1 12:39:23 shrinivaasanka-Inspiron-1545 kernel: [    0.350066] pci 0000:00:1d.7: System wakeup disabled by ACPI
Nov  1 12:39:23 shrinivaasanka-Inspiron-1545 kernel: [    0.350179] pci 0000:00:1e.0: [8086:2448] type 01 class 0x060401
Nov  1 12:39:23 shrinivaasanka-Inspiron-1545 kernel: [    0.350367] pci 0000:00:1e.0: System wakeup disabled by ACPI
Nov  1 12:39:23 shrinivaasanka-Inspiron-1545 kernel: [    0.350481] pci 0000:00:1f.0: [8086:2919] type 00 class 0x060100
Nov  1 12:39:23 shrinivaasanka-Inspiron-1545 kernel: [    0.350832] pci 0000:00:1f.2: [8086:2929] type 00 class 0x010601
Nov  1 12:39:23 shrinivaasanka-Inspiron-1545 kernel: [    0.350865] pci 0000:00:1f.2: reg 0x10: [io  0x6e70-0x6e77]
Nov  1 12:39:23 shrinivaasanka-Inspiron-1545 kernel: [    0.350882] pci 0000:00:1f.2: reg 0x14: [io  0x6e78-0x6e7b]
Nov  1 12:39:23 shrinivaasanka-Inspiron-1545 kernel: [    0.350899] pci 0000:00:1f.2: reg 0x18: [io  0x6e80-0x6e87]
Nov  1 12:39:23 shrinivaasanka-Inspiron-1545 kernel: [    0.350915] pci 0000:00:1f.2: reg 0x1c: [io  0x6e88-0x6e8b]
Nov  1 12:39:23 shrinivaasanka-Inspiron-1545 kernel: [    0.350932] pci 0000:00:1f.2: reg 0x20: [io  0x6ea0-0x6ebf]
Nov  1 12:39:23 shrinivaasanka-Inspiron-1545 kernel: [    0.350949] pci 0000:00:1f.2: reg 0x24: [mem 0xfed1c800-0xfed1cfff]
Nov  1 12:39:23 shrinivaasanka-Inspiron-1545 kernel: [    0.351027] pci 0000:00:1f.2: PME# supported from D3hot
Nov  1 12:39:23 shrinivaasanka-Inspiron-1545 kernel: [    0.351230] pci 0000:00:1f.3: [8086:2930] type 00 class 0x0c0500
Nov  1 12:39:23 shrinivaasanka-Inspiron-1545 kernel: [    0.351261] pci 0000:00:1f.3: reg 0x10: [mem 0xf6afbf00-0xf6afbfff 64bit]
Nov  1 12:39:23 shrinivaasanka-Inspiron-1545 kernel: [    0.351302] pci 0000:00:1f.3: reg 0x20: [io  0x1100-0x111f]
Nov  1 12:39:23 shrinivaasanka-Inspiron-1545 kernel: [    0.351623] pci 0000:00:1c.0: PCI bridge to [bus 0b]
Nov  1 12:39:23 shrinivaasanka-Inspiron-1545 kernel: [    0.352068] pci 0000:0c:00.0: [14e4:4315] type 00 class 0x028000
Nov  1 12:39:23 shrinivaasanka-Inspiron-1545 kernel: [    0.352157] pci 0000:0c:00.0: reg 0x10: [mem 0xf69fc000-0xf69fffff 64bit]
Nov  1 12:39:23 shrinivaasanka-Inspiron-1545 kernel: [    0.352577] pci 0000:0c:00.0: supports D1 D2
Nov  1 12:39:23 shrinivaasanka-Inspiron-1545 kernel: [    0.352582] pci 0000:0c:00.0: PME# supported from D0 D3hot D3cold
Nov  1 12:39:23 shrinivaasanka-Inspiron-1545 kernel: [    0.353040] pci 0000:00:1c.1: PCI bridge to [bus 0c]
Nov  1 12:39:23 shrinivaasanka-Inspiron-1545 kernel: [    0.353052] pci 0000:00:1c.1:   bridge window [mem 0xf6900000-0xf69fffff]
Nov  1 12:39:23 shrinivaasanka-Inspiron-1545 kernel: [    0.353207] pci 0000:09:00.0: [11ab:4354] type 00 class 0x020000
Nov  1 12:39:23 shrinivaasanka-Inspiron-1545 kernel: [    0.353255] pci 0000:09:00.0: reg 0x10: [mem 0xf68fc000-0xf68fffff 64bit]
Nov  1 12:39:23 shrinivaasanka-Inspiron-1545 kernel: [    0.353278] pci 0000:09:00.0: reg 0x18: [io  0xde00-0xdeff]
Nov  1 12:39:23 shrinivaasanka-Inspiron-1545 kernel: [    0.353450] pci 0000:09:00.0: supports D1 D2
Nov  1 12:39:23 shrinivaasanka-Inspiron-1545 kernel: [    0.353455] pci 0000:09:00.0: PME# supported from D0 D1 D2 D3hot D3cold
