Apr 20 11:03:03 kashrinivaasan-Inspiron-1545 kernel: [  868.223079] [UFW BLOCK] IN=ppp0 OUT= MAC= SRC=125.89.79.236 DST=14.99.76.159 LEN=48 TOS=0x00 PREC=0x00 TTL=101 ID=45645 DF PROTO=TCP SPT=4959 DPT=4899 WINDOW=65535 RES=0x00 SYN URGP=0 
Apr 20 11:03:06 kashrinivaasan-Inspiron-1545 kernel: [  871.203078] [UFW BLOCK] IN=ppp0 OUT= MAC= SRC=125.89.79.236 DST=14.99.76.159 LEN=48 TOS=0x00 PREC=0x00 TTL=101 ID=45796 DF PROTO=TCP SPT=4959 DPT=4899 WINDOW=65535 RES=0x00 SYN URGP=0 
Apr 20 11:03:12 kashrinivaasan-Inspiron-1545 kernel: [  877.192085] [UFW BLOCK] IN=ppp0 OUT= MAC= SRC=125.89.79.236 DST=14.99.76.159 LEN=48 TOS=0x00 PREC=0x00 TTL=101 ID=46300 DF PROTO=TCP SPT=4959 DPT=4899 WINDOW=65535 RES=0x00 SYN URGP=0 
Apr 20 11:03:16 kashrinivaasan-Inspiron-1545 kernel: [  881.173076] sd 7:0:0:0: [sdb] Test WP failed, assume Write Enabled
Apr 20 11:03:16 kashrinivaasan-Inspiron-1545 kernel: [  881.175192] sd 7:0:0:0: [sdb] Asking for cache data failed
Apr 20 11:03:16 kashrinivaasan-Inspiron-1545 kernel: [  881.175198] sd 7:0:0:0: [sdb] Assuming drive cache: write through
Apr 20 11:03:23 kashrinivaasan-Inspiron-1545 kernel: [  888.212090] [UFW BLOCK] IN=ppp0 OUT= MAC= SRC=91.189.88.150 DST=14.99.76.159 LEN=40 TOS=0x00 PREC=0x00 TTL=52 ID=42336 DF PROTO=TCP SPT=80 DPT=39108 WINDOW=0 RES=0x00 RST URGP=0 
Apr 20 11:03:29 kashrinivaasan-Inspiron-1545 kernel: [  894.482061] [UFW BLOCK] IN=ppp0 OUT= MAC= SRC=120.192.185.200 DST=14.99.76.159 LEN=40 TOS=0x00 PREC=0x00 TTL=100 ID=36370 PROTO=TCP SPT=6000 DPT=3306 WINDOW=16384 RES=0x00 SYN URGP=0 
Apr 20 11:03:30 kashrinivaasan-Inspiron-1545 kernel: [  895.243064] [UFW BLOCK] IN=ppp0 OUT= MAC= SRC=87.106.16.223 DST=14.99.76.159 LEN=40 TOS=0x00 PREC=0x00 TTL=49 ID=0 DF PROTO=TCP SPT=80 DPT=59364 WINDOW=0 RES=0x00 RST URGP=0 
Apr 20 11:04:08 kashrinivaasan-Inspiron-1545 kernel: [  932.885211] sd 7:0:0:0: [sdb] Test WP failed, assume Write Enabled
Apr 20 11:04:08 kashrinivaasan-Inspiron-1545 kernel: [  932.887333] sd 7:0:0:0: [sdb] Asking for cache data failed
Apr 20 11:04:08 kashrinivaasan-Inspiron-1545 kernel: [  932.887340] sd 7:0:0:0: [sdb] Assuming drive cache: write through
Apr 20 11:04:59 kashrinivaasan-Inspiron-1545 kernel: [  984.597313] sd 7:0:0:0: [sdb] Test WP failed, assume Write Enabled
Apr 20 11:04:59 kashrinivaasan-Inspiron-1545 kernel: [  984.599617] sd 7:0:0:0: [sdb] Asking for cache data failed
Apr 20 11:04:59 kashrinivaasan-Inspiron-1545 kernel: [  984.599624] sd 7:0:0:0: [sdb] Assuming drive cache: write through
Apr 20 11:05:51 kashrinivaasan-Inspiron-1545 kernel: [ 1036.313096] sd 7:0:0:0: [sdb] Test WP failed, assume Write Enabled
Apr 20 11:05:51 kashrinivaasan-Inspiron-1545 kernel: [ 1036.315224] sd 7:0:0:0: [sdb] Asking for cache data failed
Apr 20 11:05:51 kashrinivaasan-Inspiron-1545 kernel: [ 1036.315230] sd 7:0:0:0: [sdb] Assuming drive cache: write through
Apr 20 11:06:43 kashrinivaasan-Inspiron-1545 kernel: [ 1088.025479] sd 7:0:0:0: [sdb] Test WP failed, assume Write Enabled
Apr 20 11:06:43 kashrinivaasan-Inspiron-1545 kernel: [ 1088.027854] sd 7:0:0:0: [sdb] Asking for cache data failed
Apr 20 11:06:43 kashrinivaasan-Inspiron-1545 kernel: [ 1088.027863] sd 7:0:0:0: [sdb] Assuming drive cache: write through
Apr 20 11:07:34 kashrinivaasan-Inspiron-1545 kernel: [ 1139.737487] sd 7:0:0:0: [sdb] Test WP failed, assume Write Enabled
Apr 20 11:07:34 kashrinivaasan-Inspiron-1545 kernel: [ 1139.739782] sd 7:0:0:0: [sdb] Asking for cache data failed
Apr 20 11:07:34 kashrinivaasan-Inspiron-1545 kernel: [ 1139.739791] sd 7:0:0:0: [sdb] Assuming drive cache: write through
Apr 20 11:08:11 kashrinivaasan-Inspiron-1545 kernel: [ 1176.701213] [UFW BLOCK] IN=ppp0 OUT= MAC= SRC=116.28.14.131 DST=14.99.76.159 LEN=48 TOS=0x00 PREC=0x00 TTL=109 ID=15086 DF PROTO=TCP SPT=9515 DPT=4899 WINDOW=65535 RES=0x00 SYN URGP=0 
Apr 20 11:08:14 kashrinivaasan-Inspiron-1545 kernel: [ 1179.760140] [UFW BLOCK] IN=ppp0 OUT= MAC= SRC=116.28.14.131 DST=14.99.76.159 LEN=48 TOS=0x00 PREC=0x00 TTL=109 ID=15737 DF PROTO=TCP SPT=9515 DPT=4899 WINDOW=65535 RES=0x00 SYN URGP=0 
Apr 20 11:08:20 kashrinivaasan-Inspiron-1545 kernel: [ 1185.700220] [UFW BLOCK] IN=ppp0 OUT= MAC= SRC=116.28.14.131 DST=14.99.76.159 LEN=48 TOS=0x00 PREC=0x00 TTL=109 ID=16980 DF PROTO=TCP SPT=9515 DPT=4899 WINDOW=65535 RES=0x00 SYN URGP=0 
Apr 20 11:08:26 kashrinivaasan-Inspiron-1545 kernel: [ 1191.449374] sd 7:0:0:0: [sdb] Test WP failed, assume Write Enabled
Apr 20 11:08:26 kashrinivaasan-Inspiron-1545 kernel: [ 1191.451653] sd 7:0:0:0: [sdb] Asking for cache data failed
Apr 20 11:08:26 kashrinivaasan-Inspiron-1545 kernel: [ 1191.451662] sd 7:0:0:0: [sdb] Assuming drive cache: write through
Apr 20 11:08:31 kashrinivaasan-Inspiron-1545 kernel: [ 1196.661223] [UFW BLOCK] IN=ppp0 OUT= MAC= SRC=188.136.161.111 DST=14.99.76.159 LEN=44 TOS=0x00 PREC=0x00 TTL=99 ID=17170 PROTO=UDP SPT=10000 DPT=16464 LEN=24 
Apr 20 11:08:54 kashrinivaasan-Inspiron-1545 kernel: [ 1218.921146] [UFW BLOCK] IN=ppp0 OUT= MAC= SRC=70.39.95.17 DST=14.99.76.159 LEN=40 TOS=0x08 PREC=0x00 TTL=103 ID=256 PROTO=TCP SPT=6000 DPT=1433 WINDOW=16384 RES=0x00 SYN URGP=0 
Apr 20 11:09:18 kashrinivaasan-Inspiron-1545 kernel: [ 1243.160898] sd 7:0:0:0: [sdb] Test WP failed, assume Write Enabled
Apr 20 11:09:18 kashrinivaasan-Inspiron-1545 kernel: [ 1243.163013] sd 7:0:0:0: [sdb] Asking for cache data failed
Apr 20 11:09:18 kashrinivaasan-Inspiron-1545 kernel: [ 1243.163020] sd 7:0:0:0: [sdb] Assuming drive cache: write through
Apr 20 11:10:10 kashrinivaasan-Inspiron-1545 kernel: [ 1294.873394] sd 7:0:0:0: [sdb] Test WP failed, assume Write Enabled
Apr 20 11:10:10 kashrinivaasan-Inspiron-1545 kernel: [ 1294.875754] sd 7:0:0:0: [sdb] Asking for cache data failed
Apr 20 11:10:10 kashrinivaasan-Inspiron-1545 kernel: [ 1294.875765] sd 7:0:0:0: [sdb] Assuming drive cache: write through
Apr 20 11:10:56 kashrinivaasan-Inspiron-1545 kernel: [ 1341.260250] [UFW BLOCK] IN=ppp0 OUT= MAC= SRC=204.42.253.2 DST=14.99.76.159 LEN=78 TOS=0x00 PREC=0x00 TTL=50 ID=38559 DF PROTO=UDP SPT=59386 DPT=53 LEN=58 
Apr 20 11:11:01 kashrinivaasan-Inspiron-1545 kernel: [ 1346.585402] sd 7:0:0:0: [sdb] Test WP failed, assume Write Enabled
Apr 20 11:11:01 kashrinivaasan-Inspiron-1545 kernel: [ 1346.587758] sd 7:0:0:0: [sdb] Asking for cache data failed
Apr 20 11:11:01 kashrinivaasan-Inspiron-1545 kernel: [ 1346.587768] sd 7:0:0:0: [sdb] Assuming drive cache: write through
Apr 20 11:11:12 kashrinivaasan-Inspiron-1545 kernel: [ 1357.579174] [UFW BLOCK] IN=ppp0 OUT= MAC= SRC=178.199.248.142 DST=14.99.76.159 LEN=52 TOS=0x00 PREC=0x00 TTL=108 ID=22717 DF PROTO=TCP SPT=61696 DPT=4899 WINDOW=8192 RES=0x00 SYN URGP=0 
Apr 20 11:11:15 kashrinivaasan-Inspiron-1545 kernel: [ 1360.579187] [UFW BLOCK] IN=ppp0 OUT= MAC= SRC=178.199.248.142 DST=14.99.76.159 LEN=52 TOS=0x00 PREC=0x00 TTL=108 ID=22925 DF PROTO=TCP SPT=61696 DPT=4899 WINDOW=8192 RES=0x00 SYN URGP=0 
Apr 20 11:11:21 kashrinivaasan-Inspiron-1545 kernel: [ 1366.579259] [UFW BLOCK] IN=ppp0 OUT= MAC= SRC=178.199.248.142 DST=14.99.76.159 LEN=48 TOS=0x00 PREC=0x00 TTL=108 ID=23338 DF PROTO=TCP SPT=61696 DPT=4899 WINDOW=8192 RES=0x00 SYN URGP=0 
Apr 20 11:11:44 kashrinivaasan-Inspiron-1545 kernel: [ 1388.881260] [UFW BLOCK] IN=ppp0 OUT= MAC= SRC=192.168.191.64 DST=14.99.76.159 LEN=44 TOS=0x00 PREC=0x00 TTL=110 ID=15396 PROTO=UDP SPT=49157 DPT=16470 LEN=24 
Apr 20 11:11:51 kashrinivaasan-Inspiron-1545 kernel: [ 1396.379198] [UFW BLOCK] IN=ppp0 OUT= MAC= SRC=89.230.220.168 DST=14.99.76.159 LEN=52 TOS=0x00 PREC=0x00 TTL=111 ID=3694 DF PROTO=TCP SPT=54206 DPT=4899 WINDOW=8192 RES=0x00 SYN URGP=0 
Apr 20 11:11:53 kashrinivaasan-Inspiron-1545 kernel: [ 1398.297291] sd 7:0:0:0: [sdb] Test WP failed, assume Write Enabled
Apr 20 11:11:53 kashrinivaasan-Inspiron-1545 kernel: [ 1398.299708] sd 7:0:0:0: [sdb] Asking for cache data failed
Apr 20 11:11:53 kashrinivaasan-Inspiron-1545 kernel: [ 1398.299717] sd 7:0:0:0: [sdb] Assuming drive cache: write through
Apr 20 11:11:54 kashrinivaasan-Inspiron-1545 kernel: [ 1399.360269] [UFW BLOCK] IN=ppp0 OUT= MAC= SRC=89.230.220.168 DST=14.99.76.159 LEN=52 TOS=0x00 PREC=0x00 TTL=111 ID=3922 DF PROTO=TCP SPT=54206 DPT=4899 WINDOW=8192 RES=0x00 SYN URGP=0 
Apr 20 11:12:00 kashrinivaasan-Inspiron-1545 kernel: [ 1405.379262] [UFW BLOCK] IN=ppp0 OUT= MAC= SRC=89.230.220.168 DST=14.99.76.159 LEN=48 TOS=0x00 PREC=0x00 TTL=111 ID=4355 DF PROTO=TCP SPT=54206 DPT=4899 WINDOW=8192 RES=0x00 SYN URGP=0 
Apr 20 11:12:16 kashrinivaasan-Inspiron-1545 kernel: [ 1421.038259] [UFW BLOCK] IN=ppp0 OUT= MAC= SRC=221.3.54.32 DST=14.99.76.159 LEN=48 TOS=0x00 PREC=0x00 TTL=110 ID=30843 DF PROTO=TCP SPT=52029 DPT=4899 WINDOW=65535 RES=0x00 SYN URGP=0 
Apr 20 11:12:19 kashrinivaasan-Inspiron-1545 kernel: [ 1423.999285] [UFW BLOCK] IN=ppp0 OUT= MAC= SRC=221.3.54.32 DST=14.99.76.159 LEN=48 TOS=0x00 PREC=0x00 TTL=110 ID=31054 DF PROTO=TCP SPT=52029 DPT=4899 WINDOW=65535 RES=0x00 SYN URGP=0 
Apr 20 11:12:25 kashrinivaasan-Inspiron-1545 kernel: [ 1430.039270] [UFW BLOCK] IN=ppp0 OUT= MAC= SRC=221.3.54.32 DST=14.99.76.159 LEN=48 TOS=0x00 PREC=0x00 TTL=110 ID=31453 DF PROTO=TCP SPT=52029 DPT=4899 WINDOW=65535 RES=0x00 SYN URGP=0 
Apr 20 11:12:45 kashrinivaasan-Inspiron-1545 kernel: [ 1450.009300] sd 7:0:0:0: [sdb] Test WP failed, assume Write Enabled
Apr 20 11:12:45 kashrinivaasan-Inspiron-1545 kernel: [ 1450.011596] sd 7:0:0:0: [sdb] Asking for cache data failed
Apr 20 11:12:45 kashrinivaasan-Inspiron-1545 kernel: [ 1450.011605] sd 7:0:0:0: [sdb] Assuming drive cache: write through
Apr 20 11:13:36 kashrinivaasan-Inspiron-1545 kernel: [ 1501.721335] sd 7:0:0:0: [sdb] Test WP failed, assume Write Enabled
Apr 20 11:13:36 kashrinivaasan-Inspiron-1545 kernel: [ 1501.723447] sd 7:0:0:0: [sdb] Asking for cache data failed
Apr 20 11:13:36 kashrinivaasan-Inspiron-1545 kernel: [ 1501.723454] sd 7:0:0:0: [sdb] Assuming drive cache: write through
Apr 20 11:14:28 kashrinivaasan-Inspiron-1545 kernel: [ 1553.433319] sd 7:0:0:0: [sdb] Test WP failed, assume Write Enabled
Apr 20 11:14:28 kashrinivaasan-Inspiron-1545 kernel: [ 1553.435820] sd 7:0:0:0: [sdb] Asking for cache data failed
Apr 20 11:14:28 kashrinivaasan-Inspiron-1545 kernel: [ 1553.435829] sd 7:0:0:0: [sdb] Assuming drive cache: write through
Apr 20 11:15:20 kashrinivaasan-Inspiron-1545 kernel: [ 1605.145326] sd 7:0:0:0: [sdb] Test WP failed, assume Write Enabled
Apr 20 11:15:20 kashrinivaasan-Inspiron-1545 kernel: [ 1605.147688] sd 7:0:0:0: [sdb] Asking for cache data failed
Apr 20 11:15:20 kashrinivaasan-Inspiron-1545 kernel: [ 1605.147697] sd 7:0:0:0: [sdb] Assuming drive cache: write through
Apr 20 11:16:11 kashrinivaasan-Inspiron-1545 kernel: [ 1656.857339] sd 7:0:0:0: [sdb] Test WP failed, assume Write Enabled
Apr 20 11:16:11 kashrinivaasan-Inspiron-1545 kernel: [ 1656.859589] sd 7:0:0:0: [sdb] Asking for cache data failed
Apr 20 11:16:11 kashrinivaasan-Inspiron-1545 kernel: [ 1656.859599] sd 7:0:0:0: [sdb] Assuming drive cache: write through
Apr 20 11:17:03 kashrinivaasan-Inspiron-1545 kernel: [ 1708.569348] sd 7:0:0:0: [sdb] Test WP failed, assume Write Enabled
Apr 20 11:17:03 kashrinivaasan-Inspiron-1545 kernel: [ 1708.571707] sd 7:0:0:0: [sdb] Asking for cache data failed
Apr 20 11:17:03 kashrinivaasan-Inspiron-1545 kernel: [ 1708.571716] sd 7:0:0:0: [sdb] Assuming drive cache: write through
Apr 20 11:17:55 kashrinivaasan-Inspiron-1545 kernel: [ 1760.281607] sd 7:0:0:0: [sdb] Test WP failed, assume Write Enabled
Apr 20 11:17:55 kashrinivaasan-Inspiron-1545 kernel: [ 1760.284107] sd 7:0:0:0: [sdb] Asking for cache data failed
Apr 20 11:17:55 kashrinivaasan-Inspiron-1545 kernel: [ 1760.284115] sd 7:0:0:0: [sdb] Assuming drive cache: write through
Apr 20 11:18:47 kashrinivaasan-Inspiron-1545 kernel: [ 1811.993370] sd 7:0:0:0: [sdb] Test WP failed, assume Write Enabled
Apr 20 11:18:47 kashrinivaasan-Inspiron-1545 kernel: [ 1811.995725] sd 7:0:0:0: [sdb] Asking for cache data failed
Apr 20 11:18:47 kashrinivaasan-Inspiron-1545 kernel: [ 1811.995733] sd 7:0:0:0: [sdb] Assuming drive cache: write through
Apr 20 11:19:10 kashrinivaasan-Inspiron-1545 kernel: [ 1835.696345] [UFW BLOCK] IN=ppp0 OUT= MAC= SRC=112.133.6.74 DST=14.99.76.159 LEN=52 TOS=0x00 PREC=0x00 TTL=111 ID=15039 DF PROTO=TCP SPT=57997 DPT=4899 WINDOW=8192 RES=0x00 SYN URGP=0 
Apr 20 11:19:13 kashrinivaasan-Inspiron-1545 kernel: [ 1838.716352] [UFW BLOCK] IN=ppp0 OUT= MAC= SRC=112.133.6.74 DST=14.99.76.159 LEN=52 TOS=0x00 PREC=0x00 TTL=111 ID=21936 DF PROTO=TCP SPT=57997 DPT=4899 WINDOW=8192 RES=0x00 SYN URGP=0 
Apr 20 11:19:19 kashrinivaasan-Inspiron-1545 kernel: [ 1844.736356] [UFW BLOCK] IN=ppp0 OUT= MAC= SRC=112.133.6.74 DST=14.99.76.159 LEN=48 TOS=0x00 PREC=0x00 TTL=111 ID=181 DF PROTO=TCP SPT=57997 DPT=4899 WINDOW=8192 RES=0x00 SYN URGP=0 
Apr 20 11:19:38 kashrinivaasan-Inspiron-1545 kernel: [ 1863.705152] sd 7:0:0:0: [sdb] Test WP failed, assume Write Enabled
Apr 20 11:19:38 kashrinivaasan-Inspiron-1545 kernel: [ 1863.707261] sd 7:0:0:0: [sdb] Asking for cache data failed
Apr 20 11:19:38 kashrinivaasan-Inspiron-1545 kernel: [ 1863.707269] sd 7:0:0:0: [sdb] Assuming drive cache: write through
Apr 20 11:20:30 kashrinivaasan-Inspiron-1545 kernel: [ 1915.417312] sd 7:0:0:0: [sdb] Test WP failed, assume Write Enabled
Apr 20 11:20:30 kashrinivaasan-Inspiron-1545 kernel: [ 1915.419535] sd 7:0:0:0: [sdb] Asking for cache data failed
Apr 20 11:20:30 kashrinivaasan-Inspiron-1545 kernel: [ 1915.419543] sd 7:0:0:0: [sdb] Assuming drive cache: write through
Apr 20 11:21:16 kashrinivaasan-Inspiron-1545 kernel: [ 1960.994380] [UFW BLOCK] IN=ppp0 OUT= MAC= SRC=112.237.24.218 DST=14.99.76.159 LEN=40 TOS=0x00 PREC=0x00 TTL=103 ID=256 PROTO=TCP SPT=6000 DPT=1433 WINDOW=16384 RES=0x00 SYN URGP=0 
Apr 20 11:21:22 kashrinivaasan-Inspiron-1545 kernel: [ 1967.129401] sd 7:0:0:0: [sdb] Test WP failed, assume Write Enabled
Apr 20 11:21:22 kashrinivaasan-Inspiron-1545 kernel: [ 1967.131695] sd 7:0:0:0: [sdb] Asking for cache data failed
Apr 20 11:21:22 kashrinivaasan-Inspiron-1545 kernel: [ 1967.131704] sd 7:0:0:0: [sdb] Assuming drive cache: write through
Apr 20 11:21:35 kashrinivaasan-Inspiron-1545 kernel: [ 1980.056302] [UFW BLOCK] IN=ppp0 OUT= MAC= SRC=89.230.220.168 DST=14.99.76.159 LEN=52 TOS=0x00 PREC=0x00 TTL=111 ID=12751 DF PROTO=TCP SPT=52206 DPT=4899 WINDOW=8192 RES=0x00 SYN URGP=0 
Apr 20 11:21:38 kashrinivaasan-Inspiron-1545 kernel: [ 1983.215378] [UFW BLOCK] IN=ppp0 OUT= MAC= SRC=89.230.220.168 DST=14.99.76.159 LEN=52 TOS=0x00 PREC=0x00 TTL=111 ID=12950 DF PROTO=TCP SPT=52206 DPT=4899 WINDOW=8192 RES=0x00 SYN URGP=0 
Apr 20 11:21:44 kashrinivaasan-Inspiron-1545 kernel: [ 1989.077373] [UFW BLOCK] IN=ppp0 OUT= MAC= SRC=89.230.220.168 DST=14.99.76.159 LEN=48 TOS=0x00 PREC=0x00 TTL=111 ID=13423 DF PROTO=TCP SPT=52206 DPT=4899 WINDOW=8192 RES=0x00 SYN URGP=0 
Apr 20 11:21:54 kashrinivaasan-Inspiron-1545 kernel: [ 1998.936299] [UFW BLOCK] IN=ppp0 OUT= MAC= SRC=113.17.173.12 DST=14.99.76.159 LEN=40 TOS=0x00 PREC=0x00 TTL=236 ID=54321 PROTO=TCP SPT=59724 DPT=1723 WINDOW=65535 RES=0x00 SYN URGP=0 
Apr 20 11:22:13 kashrinivaasan-Inspiron-1545 kernel: [ 2018.841284] sd 7:0:0:0: [sdb] Test WP failed, assume Write Enabled
Apr 20 11:22:13 kashrinivaasan-Inspiron-1545 kernel: [ 2018.843644] sd 7:0:0:0: [sdb] Asking for cache data failed
Apr 20 11:22:13 kashrinivaasan-Inspiron-1545 kernel: [ 2018.843655] sd 7:0:0:0: [sdb] Assuming drive cache: write through
Apr 20 11:23:00 kashrinivaasan-Inspiron-1545 kernel: [ 2064.954320] [UFW BLOCK] IN=ppp0 OUT= MAC= SRC=125.17.246.169 DST=14.99.76.159 LEN=52 TOS=0x00 PREC=0x00 TTL=113 ID=25370 DF PROTO=TCP SPT=54011 DPT=4899 WINDOW=8192 RES=0x00 SYN URGP=0 
Apr 20 11:23:03 kashrinivaasan-Inspiron-1545 kernel: [ 2067.954308] [UFW BLOCK] IN=ppp0 OUT= MAC= SRC=125.17.246.169 DST=14.99.76.159 LEN=52 TOS=0x00 PREC=0x00 TTL=113 ID=25583 DF PROTO=TCP SPT=54011 DPT=4899 WINDOW=8192 RES=0x00 SYN URGP=0 
Apr 20 11:23:05 kashrinivaasan-Inspiron-1545 kernel: [ 2070.553417] sd 7:0:0:0: [sdb] Test WP failed, assume Write Enabled
Apr 20 11:23:05 kashrinivaasan-Inspiron-1545 kernel: [ 2070.555917] sd 7:0:0:0: [sdb] Asking for cache data failed
Apr 20 11:23:05 kashrinivaasan-Inspiron-1545 kernel: [ 2070.555925] sd 7:0:0:0: [sdb] Assuming drive cache: write through
Apr 20 11:23:09 kashrinivaasan-Inspiron-1545 kernel: [ 2073.934320] [UFW BLOCK] IN=ppp0 OUT= MAC= SRC=125.17.246.169 DST=14.99.76.159 LEN=48 TOS=0x00 PREC=0x00 TTL=113 ID=25989 DF PROTO=TCP SPT=54011 DPT=4899 WINDOW=8192 RES=0x00 SYN URGP=0 
Apr 20 11:23:57 kashrinivaasan-Inspiron-1545 kernel: [ 2122.265559] sd 7:0:0:0: [sdb] Test WP failed, assume Write Enabled
Apr 20 11:23:57 kashrinivaasan-Inspiron-1545 kernel: [ 2122.267725] sd 7:0:0:0: [sdb] Asking for cache data failed
Apr 20 11:23:57 kashrinivaasan-Inspiron-1545 kernel: [ 2122.267733] sd 7:0:0:0: [sdb] Assuming drive cache: write through
Apr 20 11:24:05 kashrinivaasan-Inspiron-1545 kernel: [ 2129.983349] [UFW BLOCK] IN=ppp0 OUT= MAC= SRC=92.45.121.37 DST=14.99.76.159 LEN=52 TOS=0x00 PREC=0x00 TTL=112 ID=51256 DF PROTO=TCP SPT=61749 DPT=4899 WINDOW=65535 RES=0x00 SYN URGP=0 
Apr 20 11:24:08 kashrinivaasan-Inspiron-1545 kernel: [ 2132.982398] [UFW BLOCK] IN=ppp0 OUT= MAC= SRC=92.45.121.37 DST=14.99.76.159 LEN=52 TOS=0x00 PREC=0x00 TTL=112 ID=51704 DF PROTO=TCP SPT=61749 DPT=4899 WINDOW=65535 RES=0x00 SYN URGP=0 
Apr 20 11:24:14 kashrinivaasan-Inspiron-1545 kernel: [ 2139.034407] [UFW BLOCK] IN=ppp0 OUT= MAC= SRC=92.45.121.37 DST=14.99.76.159 LEN=52 TOS=0x00 PREC=0x00 TTL=112 ID=52660 DF PROTO=TCP SPT=61749 DPT=4899 WINDOW=65535 RES=0x00 SYN URGP=0 
Apr 20 11:24:49 kashrinivaasan-Inspiron-1545 kernel: [ 2173.977067] sd 7:0:0:0: [sdb] Test WP failed, assume Write Enabled
Apr 20 11:24:49 kashrinivaasan-Inspiron-1545 kernel: [ 2173.979440] sd 7:0:0:0: [sdb] Asking for cache data failed
Apr 20 11:24:49 kashrinivaasan-Inspiron-1545 kernel: [ 2173.979449] sd 7:0:0:0: [sdb] Assuming drive cache: write through
Apr 20 11:25:01 kashrinivaasan-Inspiron-1545 kernel: [ 2186.542413] [UFW BLOCK] IN=ppp0 OUT= MAC= SRC=125.89.79.236 DST=14.99.76.159 LEN=48 TOS=0x00 PREC=0x00 TTL=101 ID=161 DF PROTO=TCP SPT=1162 DPT=4899 WINDOW=65535 RES=0x00 SYN URGP=0 
Apr 20 11:25:04 kashrinivaasan-Inspiron-1545 kernel: [ 2189.563328] [UFW BLOCK] IN=ppp0 OUT= MAC= SRC=125.89.79.236 DST=14.99.76.159 LEN=48 TOS=0x00 PREC=0x00 TTL=101 ID=419 DF PROTO=TCP SPT=1162 DPT=4899 WINDOW=65535 RES=0x00 SYN URGP=0 
Apr 20 11:25:10 kashrinivaasan-Inspiron-1545 kernel: [ 2195.583426] [UFW BLOCK] IN=ppp0 OUT= MAC= SRC=125.89.79.236 DST=14.99.76.159 LEN=48 TOS=0x00 PREC=0x00 TTL=101 ID=830 DF PROTO=TCP SPT=1162 DPT=4899 WINDOW=65535 RES=0x00 SYN URGP=0 
Apr 20 11:25:38 kashrinivaasan-Inspiron-1545 kernel: [ 2222.953323] [UFW BLOCK] IN=ppp0 OUT= MAC= SRC=124.206.120.145 DST=14.99.76.159 LEN=48 TOS=0x00 PREC=0x00 TTL=105 ID=12660 DF PROTO=TCP SPT=3441 DPT=4899 WINDOW=65535 RES=0x00 SYN URGP=0 
Apr 20 11:25:40 kashrinivaasan-Inspiron-1545 kernel: [ 2225.689327] sd 7:0:0:0: [sdb] Test WP failed, assume Write Enabled
Apr 20 11:25:40 kashrinivaasan-Inspiron-1545 kernel: [ 2225.691744] sd 7:0:0:0: [sdb] Asking for cache data failed
Apr 20 11:25:40 kashrinivaasan-Inspiron-1545 kernel: [ 2225.691753] sd 7:0:0:0: [sdb] Assuming drive cache: write through
Apr 20 11:25:41 kashrinivaasan-Inspiron-1545 kernel: [ 2225.993424] [UFW BLOCK] IN=ppp0 OUT= MAC= SRC=124.206.120.145 DST=14.99.76.159 LEN=48 TOS=0x00 PREC=0x00 TTL=105 ID=13050 DF PROTO=TCP SPT=3441 DPT=4899 WINDOW=65535 RES=0x00 SYN URGP=0 
Apr 20 11:25:47 kashrinivaasan-Inspiron-1545 kernel: [ 2231.913433] [UFW BLOCK] IN=ppp0 OUT= MAC= SRC=124.206.120.145 DST=14.99.76.159 LEN=48 TOS=0x00 PREC=0x00 TTL=105 ID=13790 DF PROTO=TCP SPT=3441 DPT=4899 WINDOW=65535 RES=0x00 SYN URGP=0 
Apr 20 11:26:32 kashrinivaasan-Inspiron-1545 kernel: [ 2277.401468] sd 7:0:0:0: [sdb] Test WP failed, assume Write Enabled
Apr 20 11:26:32 kashrinivaasan-Inspiron-1545 kernel: [ 2277.403620] sd 7:0:0:0: [sdb] Asking for cache data failed
Apr 20 11:26:32 kashrinivaasan-Inspiron-1545 kernel: [ 2277.403627] sd 7:0:0:0: [sdb] Assuming drive cache: write through
Apr 20 11:27:24 kashrinivaasan-Inspiron-1545 kernel: [ 2329.113467] sd 7:0:0:0: [sdb] Test WP failed, assume Write Enabled
Apr 20 11:27:24 kashrinivaasan-Inspiron-1545 kernel: [ 2329.115836] sd 7:0:0:0: [sdb] Asking for cache data failed
Apr 20 11:27:24 kashrinivaasan-Inspiron-1545 kernel: [ 2329.115844] sd 7:0:0:0: [sdb] Assuming drive cache: write through
Apr 20 11:27:43 kashrinivaasan-Inspiron-1545 kernel: [ 2348.131370] [UFW BLOCK] IN=ppp0 OUT= MAC= SRC=198.20.69.74 DST=14.99.76.159 LEN=40 TOS=0x00 PREC=0x00 TTL=114 ID=28105 PROTO=TCP SPT=32702 DPT=13 WINDOW=47282 RES=0x00 SYN URGP=0 
Apr 20 11:28:15 kashrinivaasan-Inspiron-1545 kernel: [ 2380.660320] [UFW BLOCK] IN=ppp0 OUT= MAC= SRC=192.210.51.188 DST=14.99.76.159 LEN=40 TOS=0x00 PREC=0x00 TTL=107 ID=256 PROTO=TCP SPT=6000 DPT=1433 WINDOW=16384 RES=0x00 SYN URGP=0 
Apr 20 11:28:15 kashrinivaasan-Inspiron-1545 kernel: [ 2380.824860] sd 7:0:0:0: [sdb] Test WP failed, assume Write Enabled
Apr 20 11:28:15 kashrinivaasan-Inspiron-1545 kernel: [ 2380.826995] sd 7:0:0:0: [sdb] Asking for cache data failed
Apr 20 11:28:15 kashrinivaasan-Inspiron-1545 kernel: [ 2380.827002] sd 7:0:0:0: [sdb] Assuming drive cache: write through
Apr 20 11:29:06 kashrinivaasan-Inspiron-1545 kernel: [ 2431.213472] [UFW BLOCK] IN=ppp0 OUT= MAC= SRC=92.45.47.242 DST=14.99.76.159 LEN=48 TOS=0x00 PREC=0x00 TTL=111 ID=20245 DF PROTO=TCP SPT=13635 DPT=4899 WINDOW=65535 RES=0x00 SYN URGP=0 
Apr 20 11:29:07 kashrinivaasan-Inspiron-1545 kernel: [ 2432.537368] sd 7:0:0:0: [sdb] Test WP failed, assume Write Enabled
Apr 20 11:29:07 kashrinivaasan-Inspiron-1545 kernel: [ 2432.539706] sd 7:0:0:0: [sdb] Asking for cache data failed
Apr 20 11:29:07 kashrinivaasan-Inspiron-1545 kernel: [ 2432.539714] sd 7:0:0:0: [sdb] Assuming drive cache: write through
Apr 20 11:29:09 kashrinivaasan-Inspiron-1545 kernel: [ 2434.311385] [UFW BLOCK] IN=ppp0 OUT= MAC= SRC=92.45.47.242 DST=14.99.76.159 LEN=48 TOS=0x00 PREC=0x00 TTL=111 ID=20589 DF PROTO=TCP SPT=13635 DPT=4899 WINDOW=65535 RES=0x00 SYN URGP=0 
Apr 20 11:29:15 kashrinivaasan-Inspiron-1545 kernel: [ 2440.451470] [UFW BLOCK] IN=ppp0 OUT= MAC= SRC=92.45.47.242 DST=14.99.76.159 LEN=48 TOS=0x00 PREC=0x00 TTL=111 ID=21328 DF PROTO=TCP SPT=13635 DPT=4899 WINDOW=65535 RES=0x00 SYN URGP=0 
Apr 20 11:29:59 kashrinivaasan-Inspiron-1545 kernel: [ 2484.249620] sd 7:0:0:0: [sdb] Test WP failed, assume Write Enabled
Apr 20 11:29:59 kashrinivaasan-Inspiron-1545 kernel: [ 2484.251996] sd 7:0:0:0: [sdb] Asking for cache data failed
Apr 20 11:29:59 kashrinivaasan-Inspiron-1545 kernel: [ 2484.252031] sd 7:0:0:0: [sdb] Assuming drive cache: write through
Apr 20 11:30:48 kashrinivaasan-Inspiron-1545 kernel: [ 2533.850495] [UFW BLOCK] IN=ppp0 OUT= MAC= SRC=178.139.228.75 DST=14.99.76.159 LEN=48 TOS=0x00 PREC=0x00 TTL=111 ID=63499 DF PROTO=TCP SPT=3461 DPT=4899 WINDOW=65535 RES=0x00 SYN URGP=0 
Apr 20 11:30:51 kashrinivaasan-Inspiron-1545 kernel: [ 2535.961509] sd 7:0:0:0: [sdb] Test WP failed, assume Write Enabled
Apr 20 11:30:51 kashrinivaasan-Inspiron-1545 kernel: [ 2535.963883] sd 7:0:0:0: [sdb] Asking for cache data failed
Apr 20 11:30:51 kashrinivaasan-Inspiron-1545 kernel: [ 2535.963891] sd 7:0:0:0: [sdb] Assuming drive cache: write through
Apr 20 11:30:51 kashrinivaasan-Inspiron-1545 kernel: [ 2536.810489] [UFW BLOCK] IN=ppp0 OUT= MAC= SRC=178.139.228.75 DST=14.99.76.159 LEN=48 TOS=0x00 PREC=0x00 TTL=111 ID=63824 DF PROTO=TCP SPT=3461 DPT=4899 WINDOW=65535 RES=0x00 SYN URGP=0 
Apr 20 11:30:57 kashrinivaasan-Inspiron-1545 kernel: [ 2542.730414] [UFW BLOCK] IN=ppp0 OUT= MAC= SRC=178.139.228.75 DST=14.99.76.159 LEN=48 TOS=0x00 PREC=0x00 TTL=111 ID=64505 DF PROTO=TCP SPT=3461 DPT=4899 WINDOW=65535 RES=0x00 SYN URGP=0 
Apr 20 11:31:20 kashrinivaasan-Inspiron-1545 kernel: [ 2565.170493] [UFW BLOCK] IN=ppp0 OUT= MAC= SRC=201.53.201.11 DST=14.99.76.159 LEN=48 TOS=0x00 PREC=0x00 TTL=110 ID=21127 DF PROTO=TCP SPT=3148 DPT=4899 WINDOW=65535 RES=0x00 SYN URGP=0 
Apr 20 11:31:23 kashrinivaasan-Inspiron-1545 kernel: [ 2567.971415] [UFW BLOCK] IN=ppp0 OUT= MAC= SRC=201.53.201.11 DST=14.99.76.159 LEN=48 TOS=0x00 PREC=0x00 TTL=110 ID=21371 DF PROTO=TCP SPT=3148 DPT=4899 WINDOW=65535 RES=0x00 SYN URGP=0 
Apr 20 11:31:29 kashrinivaasan-Inspiron-1545 kernel: [ 2573.979490] [UFW BLOCK] IN=ppp0 OUT= MAC= SRC=201.53.201.11 DST=14.99.76.159 LEN=48 TOS=0x00 PREC=0x00 TTL=110 ID=21830 DF PROTO=TCP SPT=3148 DPT=4899 WINDOW=65535 RES=0x00 SYN URGP=0 
Apr 20 11:31:42 kashrinivaasan-Inspiron-1545 kernel: [ 2587.673400] sd 7:0:0:0: [sdb] Test WP failed, assume Write Enabled
Apr 20 11:31:42 kashrinivaasan-Inspiron-1545 kernel: [ 2587.675751] sd 7:0:0:0: [sdb] Asking for cache data failed
Apr 20 11:31:42 kashrinivaasan-Inspiron-1545 kernel: [ 2587.675760] sd 7:0:0:0: [sdb] Assuming drive cache: write through
Apr 20 11:32:27 kashrinivaasan-Inspiron-1545 kernel: [ 2632.650512] [UFW BLOCK] IN=ppp0 OUT= MAC= SRC=112.133.6.74 DST=14.99.76.159 LEN=52 TOS=0x00 PREC=0x00 TTL=111 ID=32301 DF PROTO=TCP SPT=60721 DPT=4899 WINDOW=8192 RES=0x00 SYN URGP=0 
Apr 20 11:32:30 kashrinivaasan-Inspiron-1545 kernel: [ 2635.649501] [UFW BLOCK] IN=ppp0 OUT= MAC= SRC=112.133.6.74 DST=14.99.76.159 LEN=52 TOS=0x00 PREC=0x00 TTL=111 ID=421 DF PROTO=TCP SPT=60721 DPT=4899 WINDOW=8192 RES=0x00 SYN URGP=0 
Apr 20 11:32:34 kashrinivaasan-Inspiron-1545 kernel: [ 2639.385409] sd 7:0:0:0: [sdb] Test WP failed, assume Write Enabled
Apr 20 11:32:34 kashrinivaasan-Inspiron-1545 kernel: [ 2639.387686] sd 7:0:0:0: [sdb] Asking for cache data failed
Apr 20 11:32:34 kashrinivaasan-Inspiron-1545 kernel: [ 2639.387696] sd 7:0:0:0: [sdb] Assuming drive cache: write through
Apr 20 11:32:36 kashrinivaasan-Inspiron-1545 kernel: [ 2641.669502] [UFW BLOCK] IN=ppp0 OUT= MAC= SRC=112.133.6.74 DST=14.99.76.159 LEN=48 TOS=0x00 PREC=0x00 TTL=111 ID=4190 DF PROTO=TCP SPT=60721 DPT=4899 WINDOW=8192 RES=0x00 SYN URGP=0 
Apr 20 11:32:58 kashrinivaasan-Inspiron-1545 kernel: [ 2663.410503] [UFW BLOCK] IN=ppp0 OUT= MAC= SRC=124.206.120.145 DST=14.99.76.159 LEN=48 TOS=0x00 PREC=0x00 TTL=105 ID=9148 DF PROTO=TCP SPT=1279 DPT=4899 WINDOW=65535 RES=0x00 SYN URGP=0 
Apr 20 11:33:01 kashrinivaasan-Inspiron-1545 kernel: [ 2666.449417] [UFW BLOCK] IN=ppp0 OUT= MAC= SRC=124.206.120.145 DST=14.99.76.159 LEN=48 TOS=0x00 PREC=0x00 TTL=105 ID=9508 DF PROTO=TCP SPT=1279 DPT=4899 WINDOW=65535 RES=0x00 SYN URGP=0 
Apr 20 11:33:07 kashrinivaasan-Inspiron-1545 kernel: [ 2672.469438] [UFW BLOCK] IN=ppp0 OUT= MAC= SRC=124.206.120.145 DST=14.99.76.159 LEN=48 TOS=0x00 PREC=0x00 TTL=105 ID=10200 DF PROTO=TCP SPT=1279 DPT=4899 WINDOW=65535 RES=0x00 SYN URGP=0 
Apr 20 11:33:26 kashrinivaasan-Inspiron-1545 kernel: [ 2691.097418] sd 7:0:0:0: [sdb] Test WP failed, assume Write Enabled
Apr 20 11:33:26 kashrinivaasan-Inspiron-1545 kernel: [ 2691.099772] sd 7:0:0:0: [sdb] Asking for cache data failed
Apr 20 11:33:26 kashrinivaasan-Inspiron-1545 kernel: [ 2691.099781] sd 7:0:0:0: [sdb] Assuming drive cache: write through
Apr 20 11:34:06 kashrinivaasan-Inspiron-1545 kernel: [ 2731.689524] [UFW BLOCK] IN=ppp0 OUT= MAC= SRC=112.133.6.74 DST=14.99.76.159 LEN=52 TOS=0x00 PREC=0x00 TTL=110 ID=25656 DF PROTO=TCP SPT=63125 DPT=4899 WINDOW=8192 RES=0x00 SYN URGP=0 
Apr 20 11:34:09 kashrinivaasan-Inspiron-1545 kernel: [ 2734.670523] [UFW BLOCK] IN=ppp0 OUT= MAC= SRC=112.133.6.74 DST=14.99.76.159 LEN=52 TOS=0x00 PREC=0x00 TTL=110 ID=27528 DF PROTO=TCP SPT=63125 DPT=4899 WINDOW=8192 RES=0x00 SYN URGP=0 
Apr 20 11:34:15 kashrinivaasan-Inspiron-1545 kernel: [ 2740.689527] [UFW BLOCK] IN=ppp0 OUT= MAC= SRC=112.133.6.74 DST=14.99.76.159 LEN=48 TOS=0x00 PREC=0x00 TTL=110 ID=31435 DF PROTO=TCP SPT=63125 DPT=4899 WINDOW=65535 RES=0x00 SYN URGP=0 
Apr 20 11:34:17 kashrinivaasan-Inspiron-1545 kernel: [ 2742.809550] sd 7:0:0:0: [sdb] Test WP failed, assume Write Enabled
Apr 20 11:34:17 kashrinivaasan-Inspiron-1545 kernel: [ 2742.811690] sd 7:0:0:0: [sdb] Asking for cache data failed
Apr 20 11:34:17 kashrinivaasan-Inspiron-1545 kernel: [ 2742.811697] sd 7:0:0:0: [sdb] Assuming drive cache: write through
Apr 20 11:35:09 kashrinivaasan-Inspiron-1545 kernel: [ 2794.521229] sd 7:0:0:0: [sdb] Test WP failed, assume Write Enabled
Apr 20 11:35:09 kashrinivaasan-Inspiron-1545 kernel: [ 2794.523337] sd 7:0:0:0: [sdb] Asking for cache data failed
Apr 20 11:35:09 kashrinivaasan-Inspiron-1545 kernel: [ 2794.523346] sd 7:0:0:0: [sdb] Assuming drive cache: write through
Apr 20 11:35:13 kashrinivaasan-Inspiron-1545 kernel: [ 2798.207544] [UFW BLOCK] IN=ppp0 OUT= MAC= SRC=222.186.42.34 DST=14.99.76.159 LEN=40 TOS=0x00 PREC=0x00 TTL=100 ID=256 PROTO=TCP SPT=6000 DPT=3389 WINDOW=16384 RES=0x00 SYN URGP=0 
Apr 20 11:35:46 kashrinivaasan-Inspiron-1545 kernel: [ 2831.237473] [UFW BLOCK] IN=ppp0 OUT= MAC= SRC=221.3.54.32 DST=14.99.76.159 LEN=48 TOS=0x00 PREC=0x00 TTL=110 ID=32052 DF PROTO=TCP SPT=49629 DPT=4899 WINDOW=65535 RES=0x00 SYN URGP=0 
Apr 20 11:35:49 kashrinivaasan-Inspiron-1545 kernel: [ 2834.117470] [UFW BLOCK] IN=ppp0 OUT= MAC= SRC=221.3.54.32 DST=14.99.76.159 LEN=48 TOS=0x00 PREC=0x00 TTL=110 ID=32259 DF PROTO=TCP SPT=49629 DPT=4899 WINDOW=65535 RES=0x00 SYN URGP=0 
Apr 20 11:35:49 kashrinivaasan-Inspiron-1545 kernel: [ 2834.817448] [UFW BLOCK] IN=ppp0 OUT= MAC= SRC=192.168.191.64 DST=14.99.76.159 LEN=44 TOS=0x00 PREC=0x00 TTL=110 ID=19982 PROTO=UDP SPT=49157 DPT=16470 LEN=24 
Apr 20 11:35:55 kashrinivaasan-Inspiron-1545 kernel: [ 2840.717469] [UFW BLOCK] IN=ppp0 OUT= MAC= SRC=221.3.54.32 DST=14.99.76.159 LEN=48 TOS=0x00 PREC=0x00 TTL=110 ID=32690 DF PROTO=TCP SPT=49629 DPT=4899 WINDOW=65535 RES=0x00 SYN URGP=0 
Apr 20 11:36:01 kashrinivaasan-Inspiron-1545 kernel: [ 2846.233574] sd 7:0:0:0: [sdb] Test WP failed, assume Write Enabled
Apr 20 11:36:01 kashrinivaasan-Inspiron-1545 kernel: [ 2846.235949] sd 7:0:0:0: [sdb] Asking for cache data failed
Apr 20 11:36:01 kashrinivaasan-Inspiron-1545 kernel: [ 2846.235958] sd 7:0:0:0: [sdb] Assuming drive cache: write through
Apr 20 11:36:17 kashrinivaasan-Inspiron-1545 kernel: [ 2862.367425] [UFW BLOCK] IN=ppp0 OUT= MAC= SRC=112.133.6.74 DST=14.99.76.159 LEN=52 TOS=0x00 PREC=0x00 TTL=111 ID=2489 DF PROTO=TCP SPT=49895 DPT=4899 WINDOW=8192 RES=0x00 SYN URGP=0 
Apr 20 11:36:20 kashrinivaasan-Inspiron-1545 kernel: [ 2865.357556] [UFW BLOCK] IN=ppp0 OUT= MAC= SRC=112.133.6.74 DST=14.99.76.159 LEN=52 TOS=0x00 PREC=0x00 TTL=111 ID=2825 DF PROTO=TCP SPT=49895 DPT=4899 WINDOW=8192 RES=0x00 SYN URGP=0 
Apr 20 11:36:26 kashrinivaasan-Inspiron-1545 kernel: [ 2871.378557] [UFW BLOCK] IN=ppp0 OUT= MAC= SRC=112.133.6.74 DST=14.99.76.159 LEN=48 TOS=0x00 PREC=0x00 TTL=111 ID=5073 DF PROTO=TCP SPT=49895 DPT=4899 WINDOW=8192 RES=0x00 SYN URGP=0 
Apr 20 11:36:31 kashrinivaasan-Inspiron-1545 kernel: [ 2876.357563] [UFW BLOCK] IN=ppp0 OUT= MAC= SRC=221.3.54.32 DST=14.99.76.159 LEN=48 TOS=0x00 PREC=0x00 TTL=110 ID=2441 DF PROTO=TCP SPT=50724 DPT=4899 WINDOW=65535 RES=0x00 SYN URGP=0 
Apr 20 11:36:34 kashrinivaasan-Inspiron-1545 kernel: [ 2879.277440] [UFW BLOCK] IN=ppp0 OUT= MAC= SRC=221.3.54.32 DST=14.99.76.159 LEN=48 TOS=0x00 PREC=0x00 TTL=110 ID=2640 DF PROTO=TCP SPT=50724 DPT=4899 WINDOW=65535 RES=0x00 SYN URGP=0 
Apr 20 11:36:40 kashrinivaasan-Inspiron-1545 kernel: [ 2885.328558] [UFW BLOCK] IN=ppp0 OUT= MAC= SRC=221.3.54.32 DST=14.99.76.159 LEN=48 TOS=0x00 PREC=0x00 TTL=110 ID=3027 DF PROTO=TCP SPT=50724 DPT=4899 WINDOW=65535 RES=0x00 SYN URGP=0 
Apr 20 11:36:53 kashrinivaasan-Inspiron-1545 kernel: [ 2897.945334] sd 7:0:0:0: [sdb] Test WP failed, assume Write Enabled
Apr 20 11:36:53 kashrinivaasan-Inspiron-1545 kernel: [ 2897.947830] sd 7:0:0:0: [sdb] Asking for cache data failed
Apr 20 11:36:53 kashrinivaasan-Inspiron-1545 kernel: [ 2897.947838] sd 7:0:0:0: [sdb] Assuming drive cache: write through
Apr 20 11:37:05 kashrinivaasan-Inspiron-1545 kernel: [ 2910.827558] [UFW BLOCK] IN=ppp0 OUT= MAC= SRC=116.10.191.189 DST=14.99.76.159 LEN=40 TOS=0x00 PREC=0x00 TTL=101 ID=256 PROTO=TCP SPT=6000 DPT=22 WINDOW=16384 RES=0x00 SYN URGP=0 
Apr 20 11:37:44 kashrinivaasan-Inspiron-1545 kernel: [ 2949.657473] sd 7:0:0:0: [sdb] Test WP failed, assume Write Enabled
Apr 20 11:37:44 kashrinivaasan-Inspiron-1545 kernel: [ 2949.659845] sd 7:0:0:0: [sdb] Asking for cache data failed
Apr 20 11:37:44 kashrinivaasan-Inspiron-1545 kernel: [ 2949.659854] sd 7:0:0:0: [sdb] Assuming drive cache: write through
Apr 20 11:38:04 kashrinivaasan-Inspiron-1545 kernel: [ 2969.027568] [UFW BLOCK] IN=ppp0 OUT= MAC= SRC=116.28.12.95 DST=14.99.76.159 LEN=48 TOS=0x00 PREC=0x00 TTL=109 ID=17921 DF PROTO=TCP SPT=7141 DPT=4899 WINDOW=65535 RES=0x00 SYN URGP=0 
Apr 20 11:38:07 kashrinivaasan-Inspiron-1545 kernel: [ 2972.007497] [UFW BLOCK] IN=ppp0 OUT= MAC= SRC=116.28.12.95 DST=14.99.76.159 LEN=48 TOS=0x00 PREC=0x00 TTL=109 ID=18405 DF PROTO=TCP SPT=7141 DPT=4899 WINDOW=65535 RES=0x00 SYN URGP=0 
Apr 20 11:38:13 kashrinivaasan-Inspiron-1545 kernel: [ 2977.947573] [UFW BLOCK] IN=ppp0 OUT= MAC= SRC=116.28.12.95 DST=14.99.76.159 LEN=48 TOS=0x00 PREC=0x00 TTL=109 ID=19381 DF PROTO=TCP SPT=7141 DPT=4899 WINDOW=65535 RES=0x00 SYN URGP=0 
Apr 20 11:38:36 kashrinivaasan-Inspiron-1545 kernel: [ 3001.370244] sd 7:0:0:0: [sdb] Test WP failed, assume Write Enabled
Apr 20 11:38:36 kashrinivaasan-Inspiron-1545 kernel: [ 3001.372364] sd 7:0:0:0: [sdb] Asking for cache data failed
Apr 20 11:38:36 kashrinivaasan-Inspiron-1545 kernel: [ 3001.372371] sd 7:0:0:0: [sdb] Assuming drive cache: write through
Apr 20 11:39:28 kashrinivaasan-Inspiron-1545 kernel: [ 3053.081362] sd 7:0:0:0: [sdb] Test WP failed, assume Write Enabled
Apr 20 11:39:28 kashrinivaasan-Inspiron-1545 kernel: [ 3053.083717] sd 7:0:0:0: [sdb] Asking for cache data failed
Apr 20 11:39:28 kashrinivaasan-Inspiron-1545 kernel: [ 3053.083725] sd 7:0:0:0: [sdb] Assuming drive cache: write through
Apr 20 11:40:19 kashrinivaasan-Inspiron-1545 kernel: [ 3104.793502] sd 7:0:0:0: [sdb] Test WP failed, assume Write Enabled
Apr 20 11:40:19 kashrinivaasan-Inspiron-1545 kernel: [ 3104.795864] sd 7:0:0:0: [sdb] Asking for cache data failed
Apr 20 11:40:19 kashrinivaasan-Inspiron-1545 kernel: [ 3104.795877] sd 7:0:0:0: [sdb] Assuming drive cache: write through
Apr 20 11:41:11 kashrinivaasan-Inspiron-1545 kernel: [ 3156.505383] sd 7:0:0:0: [sdb] Test WP failed, assume Write Enabled
Apr 20 11:41:11 kashrinivaasan-Inspiron-1545 kernel: [ 3156.507747] sd 7:0:0:0: [sdb] Asking for cache data failed
Apr 20 11:41:11 kashrinivaasan-Inspiron-1545 kernel: [ 3156.507756] sd 7:0:0:0: [sdb] Assuming drive cache: write through
Apr 20 11:41:17 kashrinivaasan-Inspiron-1545 kernel: [ 3162.745610] [UFW BLOCK] IN=ppp0 OUT= MAC= SRC=74.82.47.57 DST=14.99.76.159 LEN=29 TOS=0x00 PREC=0x00 TTL=51 ID=26236 DF PROTO=UDP SPT=48511 DPT=19 LEN=9 
Apr 20 11:41:30 kashrinivaasan-Inspiron-1545 kernel: [ 3175.467607] [UFW BLOCK] IN=ppp0 OUT= MAC= SRC=221.194.44.197 DST=14.99.76.159 LEN=40 TOS=0x00 PREC=0x00 TTL=98 ID=256 PROTO=TCP SPT=6000 DPT=1433 WINDOW=16384 RES=0x00 SYN URGP=0 
Apr 20 11:42:03 kashrinivaasan-Inspiron-1545 kernel: [ 3208.217519] sd 7:0:0:0: [sdb] Test WP failed, assume Write Enabled
Apr 20 11:42:03 kashrinivaasan-Inspiron-1545 kernel: [ 3208.219794] sd 7:0:0:0: [sdb] Asking for cache data failed
Apr 20 11:42:03 kashrinivaasan-Inspiron-1545 kernel: [ 3208.219803] sd 7:0:0:0: [sdb] Assuming drive cache: write through
Apr 20 11:42:41 kashrinivaasan-Inspiron-1545 kernel: [ 3246.304625] [UFW BLOCK] IN=ppp0 OUT= MAC= SRC=222.136.82.167 DST=14.99.76.159 LEN=40 TOS=0x00 PREC=0x00 TTL=102 ID=256 PROTO=TCP SPT=6000 DPT=3306 WINDOW=16384 RES=0x00 SYN URGP=0 
Apr 20 11:42:50 kashrinivaasan-Inspiron-1545 kernel: [ 3255.064631] [UFW BLOCK] IN=ppp0 OUT= MAC= SRC=117.95.60.146 DST=14.99.76.159 LEN=52 TOS=0x00 PREC=0x00 TTL=46 ID=18015 DF PROTO=TCP SPT=16181 DPT=4899 WINDOW=65535 RES=0x00 SYN URGP=0 
Apr 20 11:42:53 kashrinivaasan-Inspiron-1545 kernel: [ 3258.024560] [UFW BLOCK] IN=ppp0 OUT= MAC= SRC=117.95.60.146 DST=14.99.76.159 LEN=52 TOS=0x00 PREC=0x00 TTL=46 ID=18308 DF PROTO=TCP SPT=16181 DPT=4899 WINDOW=65535 RES=0x00 SYN URGP=0 
Apr 20 11:42:55 kashrinivaasan-Inspiron-1545 kernel: [ 3259.929563] sd 7:0:0:0: [sdb] Test WP failed, assume Write Enabled
Apr 20 11:42:55 kashrinivaasan-Inspiron-1545 kernel: [ 3259.931816] sd 7:0:0:0: [sdb] Asking for cache data failed
Apr 20 11:42:55 kashrinivaasan-Inspiron-1545 kernel: [ 3259.931825] sd 7:0:0:0: [sdb] Assuming drive cache: write through
Apr 20 11:42:55 kashrinivaasan-Inspiron-1545 kernel: [ 3260.405626] [UFW BLOCK] IN=ppp0 OUT= MAC= SRC=117.95.60.146 DST=14.99.76.159 LEN=52 TOS=0x00 PREC=0x00 TTL=46 ID=18656 DF PROTO=TCP SPT=16302 DPT=4899 WINDOW=65535 RES=0x00 SYN URGP=0 
Apr 20 11:42:58 kashrinivaasan-Inspiron-1545 kernel: [ 3263.485627] [UFW BLOCK] IN=ppp0 OUT= MAC= SRC=117.95.60.146 DST=14.99.76.159 LEN=52 TOS=0x00 PREC=0x00 TTL=46 ID=18949 DF PROTO=TCP SPT=16302 DPT=4899 WINDOW=65535 RES=0x00 SYN URGP=0 
Apr 20 11:42:59 kashrinivaasan-Inspiron-1545 kernel: [ 3264.064558] [UFW BLOCK] IN=ppp0 OUT= MAC= SRC=117.95.60.146 DST=14.99.76.159 LEN=52 TOS=0x00 PREC=0x00 TTL=46 ID=19002 DF PROTO=TCP SPT=16181 DPT=4899 WINDOW=65535 RES=0x00 SYN URGP=0 
Apr 20 11:43:04 kashrinivaasan-Inspiron-1545 kernel: [ 3269.404631] [UFW BLOCK] IN=ppp0 OUT= MAC= SRC=117.95.60.146 DST=14.99.76.159 LEN=52 TOS=0x00 PREC=0x00 TTL=46 ID=19536 DF PROTO=TCP SPT=16302 DPT=4899 WINDOW=65535 RES=0x00 SYN URGP=0 
Apr 20 11:43:42 kashrinivaasan-Inspiron-1545 kernel: [ 3307.393568] [UFW BLOCK] IN=ppp0 OUT= MAC= SRC=1.93.14.128 DST=14.99.76.159 LEN=40 TOS=0x00 PREC=0x00 TTL=105 ID=256 PROTO=TCP SPT=5821 DPT=1433 WINDOW=16384 RES=0x00 SYN URGP=0 
Apr 20 11:43:46 kashrinivaasan-Inspiron-1545 kernel: [ 3310.984639] [UFW BLOCK] IN=ppp0 OUT= MAC= SRC=221.194.44.197 DST=14.99.76.159 LEN=40 TOS=0x00 PREC=0x00 TTL=98 ID=256 PROTO=TCP SPT=6000 DPT=1433 WINDOW=16384 RES=0x00 SYN URGP=0 
Apr 20 11:43:46 kashrinivaasan-Inspiron-1545 kernel: [ 3311.640660] sd 7:0:0:0: [sdb] Test WP failed, assume Write Enabled
Apr 20 11:43:46 kashrinivaasan-Inspiron-1545 kernel: [ 3311.642775] sd 7:0:0:0: [sdb] Asking for cache data failed
Apr 20 11:43:46 kashrinivaasan-Inspiron-1545 kernel: [ 3311.642780] sd 7:0:0:0: [sdb] Assuming drive cache: write through
Apr 20 11:44:38 kashrinivaasan-Inspiron-1545 kernel: [ 3363.352821] sd 7:0:0:0: [sdb] Test WP failed, assume Write Enabled
Apr 20 11:44:38 kashrinivaasan-Inspiron-1545 kernel: [ 3363.355068] sd 7:0:0:0: [sdb] Asking for cache data failed
Apr 20 11:44:38 kashrinivaasan-Inspiron-1545 kernel: [ 3363.355076] sd 7:0:0:0: [sdb] Assuming drive cache: write through
Apr 20 11:44:55 kashrinivaasan-Inspiron-1545 kernel: [ 3380.423565] [UFW BLOCK] IN=ppp0 OUT= MAC= SRC=92.100.109.43 DST=14.99.76.159 LEN=44 TOS=0x00 PREC=0x00 TTL=50 ID=2339 PROTO=UDP SPT=51943 DPT=16464 LEN=24 
Apr 20 11:45:08 kashrinivaasan-Inspiron-1545 kernel: [ 3392.863656] [UFW BLOCK] IN=ppp0 OUT= MAC= SRC=60.191.170.186 DST=14.99.76.159 LEN=40 TOS=0x00 PREC=0x00 TTL=104 ID=256 PROTO=TCP SPT=6000 DPT=1433 WINDOW=16384 RES=0x00 SYN URGP=0 
Apr 20 11:45:23 kashrinivaasan-Inspiron-1545 kernel: [ 3408.824660] [UFW BLOCK] IN=ppp0 OUT= MAC= SRC=112.133.6.74 DST=14.99.76.159 LEN=52 TOS=0x00 PREC=0x00 TTL=110 ID=25943 DF PROTO=TCP SPT=63029 DPT=4899 WINDOW=8192 RES=0x00 SYN URGP=0 
Apr 20 11:45:27 kashrinivaasan-Inspiron-1545 kernel: [ 3411.943655] [UFW BLOCK] IN=ppp0 OUT= MAC= SRC=112.133.6.74 DST=14.99.76.159 LEN=52 TOS=0x00 PREC=0x00 TTL=110 ID=27375 DF PROTO=TCP SPT=63029 DPT=4899 WINDOW=8192 RES=0x00 SYN URGP=0 
Apr 20 11:45:30 kashrinivaasan-Inspiron-1545 kernel: [ 3415.065093] sd 7:0:0:0: [sdb] Test WP failed, assume Write Enabled
Apr 20 11:45:30 kashrinivaasan-Inspiron-1545 kernel: [ 3415.067193] sd 7:0:0:0: [sdb] Asking for cache data failed
Apr 20 11:45:30 kashrinivaasan-Inspiron-1545 kernel: [ 3415.067200] sd 7:0:0:0: [sdb] Assuming drive cache: write through
Apr 20 11:45:32 kashrinivaasan-Inspiron-1545 kernel: [ 3417.812597] [UFW BLOCK] IN=ppp0 OUT= MAC= SRC=112.133.6.74 DST=14.99.76.159 LEN=48 TOS=0x00 PREC=0x00 TTL=110 ID=32325 DF PROTO=TCP SPT=63029 DPT=4899 WINDOW=8192 RES=0x00 SYN URGP=0 
Apr 20 11:46:21 kashrinivaasan-Inspiron-1545 kernel: [ 3466.777322] sd 7:0:0:0: [sdb] Test WP failed, assume Write Enabled
Apr 20 11:46:21 kashrinivaasan-Inspiron-1545 kernel: [ 3466.779616] sd 7:0:0:0: [sdb] Asking for cache data failed
Apr 20 11:46:21 kashrinivaasan-Inspiron-1545 kernel: [ 3466.779624] sd 7:0:0:0: [sdb] Assuming drive cache: write through
Apr 20 11:47:13 kashrinivaasan-Inspiron-1545 kernel: [ 3518.489332] sd 7:0:0:0: [sdb] Test WP failed, assume Write Enabled
Apr 20 11:47:13 kashrinivaasan-Inspiron-1545 kernel: [ 3518.491613] sd 7:0:0:0: [sdb] Asking for cache data failed
Apr 20 11:47:13 kashrinivaasan-Inspiron-1545 kernel: [ 3518.491622] sd 7:0:0:0: [sdb] Assuming drive cache: write through
Apr 20 11:48:05 kashrinivaasan-Inspiron-1545 kernel: [ 3570.201468] sd 7:0:0:0: [sdb] Test WP failed, assume Write Enabled
Apr 20 11:48:05 kashrinivaasan-Inspiron-1545 kernel: [ 3570.203841] sd 7:0:0:0: [sdb] Asking for cache data failed
Apr 20 11:48:05 kashrinivaasan-Inspiron-1545 kernel: [ 3570.203850] sd 7:0:0:0: [sdb] Assuming drive cache: write through
Apr 20 11:48:32 kashrinivaasan-Inspiron-1545 kernel: [ 3597.042695] [UFW BLOCK] IN=ppp0 OUT= MAC= SRC=124.225.3.45 DST=14.99.76.159 LEN=52 TOS=0x00 PREC=0x00 TTL=48 ID=5135 DF PROTO=TCP SPT=2547 DPT=4899 WINDOW=65535 RES=0x00 SYN URGP=0 
Apr 20 11:48:35 kashrinivaasan-Inspiron-1545 kernel: [ 3600.052542] [UFW BLOCK] IN=ppp0 OUT= MAC= SRC=124.225.3.45 DST=14.99.76.159 LEN=52 TOS=0x00 PREC=0x00 TTL=48 ID=5435 DF PROTO=TCP SPT=2547 DPT=4899 WINDOW=65535 RES=0x00 SYN URGP=0 
Apr 20 11:48:41 kashrinivaasan-Inspiron-1545 kernel: [ 3605.872701] [UFW BLOCK] IN=ppp0 OUT= MAC= SRC=124.225.3.45 DST=14.99.76.159 LEN=52 TOS=0x00 PREC=0x00 TTL=48 ID=6051 DF PROTO=TCP SPT=2547 DPT=4899 WINDOW=65535 RES=0x00 SYN URGP=0 
Apr 20 11:48:57 kashrinivaasan-Inspiron-1545 kernel: [ 3621.913229] sd 7:0:0:0: [sdb] Test WP failed, assume Write Enabled
Apr 20 11:48:57 kashrinivaasan-Inspiron-1545 kernel: [ 3621.915592] sd 7:0:0:0: [sdb] Asking for cache data failed
Apr 20 11:48:57 kashrinivaasan-Inspiron-1545 kernel: [ 3621.915601] sd 7:0:0:0: [sdb] Assuming drive cache: write through
Apr 20 11:49:48 kashrinivaasan-Inspiron-1545 kernel: [ 3673.625611] sd 7:0:0:0: [sdb] Test WP failed, assume Write Enabled
Apr 20 11:49:48 kashrinivaasan-Inspiron-1545 kernel: [ 3673.627860] sd 7:0:0:0: [sdb] Asking for cache data failed
Apr 20 11:49:48 kashrinivaasan-Inspiron-1545 kernel: [ 3673.627869] sd 7:0:0:0: [sdb] Assuming drive cache: write through
Apr 20 11:50:40 kashrinivaasan-Inspiron-1545 kernel: [ 3725.337246] sd 7:0:0:0: [sdb] Test WP failed, assume Write Enabled
Apr 20 11:50:40 kashrinivaasan-Inspiron-1545 kernel: [ 3725.339643] sd 7:0:0:0: [sdb] Asking for cache data failed
Apr 20 11:50:40 kashrinivaasan-Inspiron-1545 kernel: [ 3725.339656] sd 7:0:0:0: [sdb] Assuming drive cache: write through
Apr 20 11:50:40 kashrinivaasan-Inspiron-1545 kernel: [ 3725.721644] [UFW BLOCK] IN=ppp0 OUT= MAC= SRC=223.239.142.197 DST=14.99.76.159 LEN=48 TOS=0x00 PREC=0x00 TTL=116 ID=6711 DF PROTO=TCP SPT=56629 DPT=4899 WINDOW=8192 RES=0x00 SYN URGP=0 
Apr 20 11:50:43 kashrinivaasan-Inspiron-1545 kernel: [ 3728.741723] [UFW BLOCK] IN=ppp0 OUT= MAC= SRC=223.239.142.197 DST=14.99.76.159 LEN=48 TOS=0x00 PREC=0x00 TTL=116 ID=6910 DF PROTO=TCP SPT=56629 DPT=4899 WINDOW=8192 RES=0x00 SYN URGP=0 
Apr 20 11:50:45 kashrinivaasan-Inspiron-1545 kernel: [ 3730.341724] [UFW BLOCK] IN=ppp0 OUT= MAC= SRC=92.45.121.37 DST=14.99.76.159 LEN=52 TOS=0x00 PREC=0x00 TTL=112 ID=61967 DF PROTO=TCP SPT=64177 DPT=4899 WINDOW=65535 RES=0x00 SYN URGP=0 
Apr 20 11:50:48 kashrinivaasan-Inspiron-1545 kernel: [ 3733.341725] [UFW BLOCK] IN=ppp0 OUT= MAC= SRC=92.45.121.37 DST=14.99.76.159 LEN=52 TOS=0x00 PREC=0x00 TTL=112 ID=62486 DF PROTO=TCP SPT=64177 DPT=4899 WINDOW=65535 RES=0x00 SYN URGP=0 
Apr 20 11:50:49 kashrinivaasan-Inspiron-1545 kernel: [ 3734.721640] [UFW BLOCK] IN=ppp0 OUT= MAC= SRC=223.239.142.197 DST=14.99.76.159 LEN=48 TOS=0x00 PREC=0x00 TTL=116 ID=7266 DF PROTO=TCP SPT=56629 DPT=4899 WINDOW=8192 RES=0x00 SYN URGP=0 
Apr 20 11:50:54 kashrinivaasan-Inspiron-1545 kernel: [ 3739.381717] [UFW BLOCK] IN=ppp0 OUT= MAC= SRC=92.45.121.37 DST=14.99.76.159 LEN=52 TOS=0x00 PREC=0x00 TTL=112 ID=63546 DF PROTO=TCP SPT=64177 DPT=4899 WINDOW=65535 RES=0x00 SYN URGP=0 
Apr 20 11:50:55 kashrinivaasan-Inspiron-1545 kernel: [ 3740.801720] [UFW BLOCK] IN=ppp0 OUT= MAC= SRC=218.77.79.34 DST=14.99.76.159 LEN=40 TOS=0x00 PREC=0x00 TTL=238 ID=54321 PROTO=TCP SPT=57190 DPT=443 WINDOW=65535 RES=0x00 SYN URGP=0 
Apr 20 11:51:02 kashrinivaasan-Inspiron-1545 kernel: [ 3746.901718] [UFW BLOCK] IN=ppp0 OUT= MAC= SRC=184.105.139.96 DST=14.99.76.159 LEN=40 TOS=0x00 PREC=0x00 TTL=51 ID=52963 DF PROTO=UDP SPT=33540 DPT=123 LEN=20 
Apr 20 11:51:22 kashrinivaasan-Inspiron-1545 kernel: [ 3767.550726] [UFW BLOCK] IN=ppp0 OUT= MAC= SRC=116.28.14.131 DST=14.99.76.159 LEN=48 TOS=0x00 PREC=0x00 TTL=109 ID=10466 DF PROTO=TCP SPT=8533 DPT=4899 WINDOW=65535 RES=0x00 SYN URGP=0 
Apr 20 11:51:25 kashrinivaasan-Inspiron-1545 kernel: [ 3770.520735] [UFW BLOCK] IN=ppp0 OUT= MAC= SRC=116.28.14.131 DST=14.99.76.159 LEN=48 TOS=0x00 PREC=0x00 TTL=109 ID=11052 DF PROTO=TCP SPT=8533 DPT=4899 WINDOW=65535 RES=0x00 SYN URGP=0 
Apr 20 11:51:31 kashrinivaasan-Inspiron-1545 kernel: [ 3776.462732] [UFW BLOCK] IN=ppp0 OUT= MAC= SRC=116.28.14.131 DST=14.99.76.159 LEN=48 TOS=0x00 PREC=0x00 TTL=109 ID=12207 DF PROTO=TCP SPT=8533 DPT=4899 WINDOW=65535 RES=0x00 SYN URGP=0 
Apr 20 11:51:32 kashrinivaasan-Inspiron-1545 kernel: [ 3777.049256] sd 7:0:0:0: [sdb] Test WP failed, assume Write Enabled
Apr 20 11:51:32 kashrinivaasan-Inspiron-1545 kernel: [ 3777.051545] sd 7:0:0:0: [sdb] Asking for cache data failed
Apr 20 11:51:32 kashrinivaasan-Inspiron-1545 kernel: [ 3777.051554] sd 7:0:0:0: [sdb] Assuming drive cache: write through
Apr 20 11:51:37 kashrinivaasan-Inspiron-1545 kernel: [ 3781.999733] [UFW BLOCK] IN=ppp0 OUT= MAC= SRC=123.23.230.246 DST=14.99.76.159 LEN=48 TOS=0x00 PREC=0x00 TTL=112 ID=7435 DF PROTO=TCP SPT=36889 DPT=4899 WINDOW=65535 RES=0x00 SYN URGP=0 
Apr 20 11:51:46 kashrinivaasan-Inspiron-1545 kernel: [ 3790.900738] [UFW BLOCK] IN=ppp0 OUT= MAC= SRC=123.23.230.246 DST=14.99.76.159 LEN=48 TOS=0x00 PREC=0x00 TTL=112 ID=7990 DF PROTO=TCP SPT=36889 DPT=4899 WINDOW=65535 RES=0x00 SYN URGP=0 
Apr 20 11:52:23 kashrinivaasan-Inspiron-1545 kernel: [ 3828.761299] sd 7:0:0:0: [sdb] Test WP failed, assume Write Enabled
Apr 20 11:52:23 kashrinivaasan-Inspiron-1545 kernel: [ 3828.763742] sd 7:0:0:0: [sdb] Asking for cache data failed
Apr 20 11:52:23 kashrinivaasan-Inspiron-1545 kernel: [ 3828.763750] sd 7:0:0:0: [sdb] Assuming drive cache: write through
Apr 20 11:52:51 kashrinivaasan-Inspiron-1545 kernel: [ 3856.301668] [UFW BLOCK] IN=ppp0 OUT= MAC= SRC=223.239.142.197 DST=14.99.76.159 LEN=48 TOS=0x00 PREC=0x00 TTL=116 ID=15526 DF PROTO=TCP SPT=59577 DPT=4899 WINDOW=8192 RES=0x00 SYN URGP=0 
Apr 20 11:52:54 kashrinivaasan-Inspiron-1545 kernel: [ 3859.320756] [UFW BLOCK] IN=ppp0 OUT= MAC= SRC=223.239.142.197 DST=14.99.76.159 LEN=48 TOS=0x00 PREC=0x00 TTL=116 ID=15721 DF PROTO=TCP SPT=59577 DPT=4899 WINDOW=8192 RES=0x00 SYN URGP=0 
Apr 20 11:53:00 kashrinivaasan-Inspiron-1545 kernel: [ 3865.270750] [UFW BLOCK] IN=ppp0 OUT= MAC= SRC=223.239.142.197 DST=14.99.76.159 LEN=48 TOS=0x00 PREC=0x00 TTL=116 ID=16153 DF PROTO=TCP SPT=59577 DPT=4899 WINDOW=8192 RES=0x00 SYN URGP=0 
Apr 20 11:53:15 kashrinivaasan-Inspiron-1545 kernel: [ 3880.473653] sd 7:0:0:0: [sdb] Test WP failed, assume Write Enabled
Apr 20 11:53:15 kashrinivaasan-Inspiron-1545 kernel: [ 3880.475832] sd 7:0:0:0: [sdb] Asking for cache data failed
Apr 20 11:53:15 kashrinivaasan-Inspiron-1545 kernel: [ 3880.475841] sd 7:0:0:0: [sdb] Assuming drive cache: write through
Apr 20 11:53:37 kashrinivaasan-Inspiron-1545 kernel: [ 3902.128673] [UFW BLOCK] IN=ppp0 OUT= MAC= SRC=201.53.201.11 DST=14.99.76.159 LEN=48 TOS=0x00 PREC=0x00 TTL=110 ID=58017 DF PROTO=TCP SPT=2813 DPT=4899 WINDOW=65535 RES=0x00 SYN URGP=0 
Apr 20 11:53:40 kashrinivaasan-Inspiron-1545 kernel: [ 3905.369608] [UFW BLOCK] IN=ppp0 OUT= MAC= SRC=201.53.201.11 DST=14.99.76.159 LEN=48 TOS=0x00 PREC=0x00 TTL=110 ID=58615 DF PROTO=TCP SPT=2813 DPT=4899 WINDOW=65535 RES=0x00 SYN URGP=0 
Apr 20 11:53:46 kashrinivaasan-Inspiron-1545 kernel: [ 3911.051758] [UFW BLOCK] IN=ppp0 OUT= MAC= SRC=201.53.201.11 DST=14.99.76.159 LEN=48 TOS=0x00 PREC=0x00 TTL=110 ID=59047 DF PROTO=TCP SPT=2813 DPT=4899 WINDOW=65535 RES=0x00 SYN URGP=0 
Apr 20 11:54:07 kashrinivaasan-Inspiron-1545 kernel: [ 3932.185665] sd 7:0:0:0: [sdb] Test WP failed, assume Write Enabled
Apr 20 11:54:07 kashrinivaasan-Inspiron-1545 kernel: [ 3932.188037] sd 7:0:0:0: [sdb] Asking for cache data failed
Apr 20 11:54:07 kashrinivaasan-Inspiron-1545 kernel: [ 3932.188050] sd 7:0:0:0: [sdb] Assuming drive cache: write through
Apr 20 11:54:25 kashrinivaasan-Inspiron-1545 kernel: [ 3950.199768] [UFW BLOCK] IN=ppp0 OUT= MAC= SRC=112.133.6.74 DST=14.99.76.159 LEN=52 TOS=0x00 PREC=0x00 TTL=110 ID=22396 DF PROTO=TCP SPT=59754 DPT=4899 WINDOW=8192 RES=0x00 SYN URGP=0 
Apr 20 11:54:28 kashrinivaasan-Inspiron-1545 kernel: [ 3953.200761] [UFW BLOCK] IN=ppp0 OUT= MAC= SRC=112.133.6.74 DST=14.99.76.159 LEN=52 TOS=0x00 PREC=0x00 TTL=110 ID=23519 DF PROTO=TCP SPT=59754 DPT=4899 WINDOW=8192 RES=0x00 SYN URGP=0 
Apr 20 11:54:46 kashrinivaasan-Inspiron-1545 kernel: [ 3971.178776] [UFW BLOCK] IN=ppp0 OUT= MAC= SRC=203.156.217.163 DST=14.99.76.159 LEN=40 TOS=0x00 PREC=0x00 TTL=99 ID=256 PROTO=TCP SPT=6000 DPT=1433 WINDOW=16384 RES=0x00 SYN URGP=0 
Apr 20 11:54:59 kashrinivaasan-Inspiron-1545 kernel: [ 3983.897425] sd 7:0:0:0: [sdb] Test WP failed, assume Write Enabled
Apr 20 11:54:59 kashrinivaasan-Inspiron-1545 kernel: [ 3983.899695] sd 7:0:0:0: [sdb] Asking for cache data failed
Apr 20 11:54:59 kashrinivaasan-Inspiron-1545 kernel: [ 3983.899704] sd 7:0:0:0: [sdb] Assuming drive cache: write through
Apr 20 11:55:50 kashrinivaasan-Inspiron-1545 kernel: [ 4035.609306] sd 7:0:0:0: [sdb] Test WP failed, assume Write Enabled
Apr 20 11:55:50 kashrinivaasan-Inspiron-1545 kernel: [ 4035.611809] sd 7:0:0:0: [sdb] Asking for cache data failed
Apr 20 11:55:50 kashrinivaasan-Inspiron-1545 kernel: [ 4035.611818] sd 7:0:0:0: [sdb] Assuming drive cache: write through
Apr 20 11:56:42 kashrinivaasan-Inspiron-1545 kernel: [ 4087.321442] sd 7:0:0:0: [sdb] Test WP failed, assume Write Enabled
Apr 20 11:56:42 kashrinivaasan-Inspiron-1545 kernel: [ 4087.323607] sd 7:0:0:0: [sdb] Asking for cache data failed
Apr 20 11:56:42 kashrinivaasan-Inspiron-1545 kernel: [ 4087.323616] sd 7:0:0:0: [sdb] Assuming drive cache: write through
Apr 20 11:57:34 kashrinivaasan-Inspiron-1545 kernel: [ 4139.033453] sd 7:0:0:0: [sdb] Test WP failed, assume Write Enabled
Apr 20 11:57:34 kashrinivaasan-Inspiron-1545 kernel: [ 4139.035955] sd 7:0:0:0: [sdb] Asking for cache data failed
Apr 20 11:57:34 kashrinivaasan-Inspiron-1545 kernel: [ 4139.035965] sd 7:0:0:0: [sdb] Assuming drive cache: write through
Apr 20 11:58:19 kashrinivaasan-Inspiron-1545 kernel: [ 4184.477809] [UFW BLOCK] IN=ppp0 OUT= MAC= SRC=61.48.4.201 DST=14.99.76.159 LEN=60 TOS=0x00 PREC=0x00 TTL=46 ID=31 DF PROTO=TCP SPT=63713 DPT=23 WINDOW=5840 RES=0x00 SYN URGP=0 
Apr 20 11:58:22 kashrinivaasan-Inspiron-1545 kernel: [ 4187.416811] [UFW BLOCK] IN=ppp0 OUT= MAC= SRC=61.48.4.201 DST=14.99.76.159 LEN=60 TOS=0x00 PREC=0x00 TTL=46 ID=32 DF PROTO=TCP SPT=63713 DPT=23 WINDOW=5840 RES=0x00 SYN URGP=0 
Apr 20 11:58:25 kashrinivaasan-Inspiron-1545 kernel: [ 4190.745338] sd 7:0:0:0: [sdb] Test WP failed, assume Write Enabled
Apr 20 11:58:25 kashrinivaasan-Inspiron-1545 kernel: [ 4190.747704] sd 7:0:0:0: [sdb] Asking for cache data failed
Apr 20 11:58:25 kashrinivaasan-Inspiron-1545 kernel: [ 4190.747713] sd 7:0:0:0: [sdb] Assuming drive cache: write through
Apr 20 11:58:28 kashrinivaasan-Inspiron-1545 kernel: [ 4193.518814] [UFW BLOCK] IN=ppp0 OUT= MAC= SRC=61.48.4.201 DST=14.99.76.159 LEN=60 TOS=0x00 PREC=0x00 TTL=46 ID=33 DF PROTO=TCP SPT=63713 DPT=23 WINDOW=5840 RES=0x00 SYN URGP=0 
Apr 20 11:59:17 kashrinivaasan-Inspiron-1545 kernel: [ 4242.457236] sd 7:0:0:0: [sdb] Test WP failed, assume Write Enabled
Apr 20 11:59:17 kashrinivaasan-Inspiron-1545 kernel: [ 4242.459736] sd 7:0:0:0: [sdb] Asking for cache data failed
Apr 20 11:59:17 kashrinivaasan-Inspiron-1545 kernel: [ 4242.459745] sd 7:0:0:0: [sdb] Assuming drive cache: write through
Apr 20 11:59:55 kashrinivaasan-Inspiron-1545 kernel: [ 4280.857833] [UFW BLOCK] IN=ppp0 OUT= MAC= SRC=192.168.191.64 DST=14.99.76.159 LEN=44 TOS=0x00 PREC=0x00 TTL=110 ID=26016 PROTO=UDP SPT=49157 DPT=16470 LEN=24 
Apr 20 12:00:09 kashrinivaasan-Inspiron-1545 kernel: [ 4294.169484] sd 7:0:0:0: [sdb] Test WP failed, assume Write Enabled
Apr 20 12:00:09 kashrinivaasan-Inspiron-1545 kernel: [ 4294.171861] sd 7:0:0:0: [sdb] Asking for cache data failed
Apr 20 12:00:09 kashrinivaasan-Inspiron-1545 kernel: [ 4294.171871] sd 7:0:0:0: [sdb] Assuming drive cache: write through
Apr 20 12:00:25 kashrinivaasan-Inspiron-1545 kernel: [ 4310.116745] [UFW BLOCK] IN=ppp0 OUT= MAC= SRC=92.45.121.37 DST=14.99.76.159 LEN=52 TOS=0x00 PREC=0x00 TTL=112 ID=30095 DF PROTO=TCP SPT=63444 DPT=4899 WINDOW=65535 RES=0x00 SYN URGP=0 
Apr 20 12:00:28 kashrinivaasan-Inspiron-1545 kernel: [ 4313.096832] [UFW BLOCK] IN=ppp0 OUT= MAC= SRC=92.45.121.37 DST=14.99.76.159 LEN=52 TOS=0x00 PREC=0x00 TTL=112 ID=30608 DF PROTO=TCP SPT=63444 DPT=4899 WINDOW=65535 RES=0x00 SYN URGP=0 
Apr 20 12:00:34 kashrinivaasan-Inspiron-1545 kernel: [ 4319.135836] [UFW BLOCK] IN=ppp0 OUT= MAC= SRC=92.45.121.37 DST=14.99.76.159 LEN=52 TOS=0x00 PREC=0x00 TTL=112 ID=31537 DF PROTO=TCP SPT=63444 DPT=4899 WINDOW=65535 RES=0x00 SYN URGP=0 
Apr 20 12:01:01 kashrinivaasan-Inspiron-1545 kernel: [ 4345.876643] sd 7:0:0:0: [sdb] Test WP failed, assume Write Enabled
Apr 20 12:01:01 kashrinivaasan-Inspiron-1545 kernel: [ 4345.878760] sd 7:0:0:0: [sdb] Asking for cache data failed
Apr 20 12:01:01 kashrinivaasan-Inspiron-1545 kernel: [ 4345.878767] sd 7:0:0:0: [sdb] Assuming drive cache: write through
Apr 20 12:01:06 kashrinivaasan-Inspiron-1545 kernel: [ 4351.346779] [UFW BLOCK] IN=ppp0 OUT= MAC= SRC=108.185.60.35 DST=14.99.76.159 LEN=58 TOS=0x00 PREC=0x00 TTL=48 ID=0 DF PROTO=UDP SPT=51413 DPT=34840 LEN=38 
Apr 20 12:01:52 kashrinivaasan-Inspiron-1545 kernel: [ 4397.593154] sd 7:0:0:0: [sdb] Test WP failed, assume Write Enabled
Apr 20 12:01:52 kashrinivaasan-Inspiron-1545 kernel: [ 4397.595251] sd 7:0:0:0: [sdb] Asking for cache data failed
Apr 20 12:01:52 kashrinivaasan-Inspiron-1545 kernel: [ 4397.595258] sd 7:0:0:0: [sdb] Assuming drive cache: write through
Apr 20 12:02:44 kashrinivaasan-Inspiron-1545 kernel: [ 4449.305388] sd 7:0:0:0: [sdb] Test WP failed, assume Write Enabled
Apr 20 12:02:44 kashrinivaasan-Inspiron-1545 kernel: [ 4449.307781] sd 7:0:0:0: [sdb] Asking for cache data failed
Apr 20 12:02:44 kashrinivaasan-Inspiron-1545 kernel: [ 4449.307790] sd 7:0:0:0: [sdb] Assuming drive cache: write through
Apr 20 12:03:02 kashrinivaasan-Inspiron-1545 kernel: [ 4467.154866] [UFW BLOCK] IN=ppp0 OUT= MAC= SRC=58.246.0.20 DST=14.99.76.159 LEN=52 TOS=0x00 PREC=0x00 TTL=46 ID=2836 DF PROTO=TCP SPT=9990 DPT=1433 WINDOW=65535 RES=0x00 SYN URGP=0 
Apr 20 12:03:05 kashrinivaasan-Inspiron-1545 kernel: [ 4470.076876] [UFW BLOCK] IN=ppp0 OUT= MAC= SRC=58.246.0.20 DST=14.99.76.159 LEN=52 TOS=0x00 PREC=0x00 TTL=46 ID=5865 DF PROTO=TCP SPT=9990 DPT=1433 WINDOW=65535 RES=0x00 SYN URGP=0 
Apr 20 12:03:32 kashrinivaasan-Inspiron-1545 kernel: [ 4497.555873] [UFW BLOCK] IN=ppp0 OUT= MAC= SRC=119.193.32.69 DST=14.99.76.159 LEN=48 TOS=0x00 PREC=0x00 TTL=105 ID=62747 DF PROTO=TCP SPT=1451 DPT=4899 WINDOW=65535 RES=0x00 SYN URGP=0 
Apr 20 12:03:35 kashrinivaasan-Inspiron-1545 kernel: [ 4500.516870] [UFW BLOCK] IN=ppp0 OUT= MAC= SRC=119.193.32.69 DST=14.99.76.159 LEN=48 TOS=0x00 PREC=0x00 TTL=105 ID=62802 DF PROTO=TCP SPT=1451 DPT=4899 WINDOW=65535 RES=0x00 SYN URGP=0 
Apr 20 12:03:36 kashrinivaasan-Inspiron-1545 kernel: [ 4501.017274] sd 7:0:0:0: [sdb] Test WP failed, assume Write Enabled
Apr 20 12:03:36 kashrinivaasan-Inspiron-1545 kernel: [ 4501.019565] sd 7:0:0:0: [sdb] Asking for cache data failed
Apr 20 12:03:36 kashrinivaasan-Inspiron-1545 kernel: [ 4501.019574] sd 7:0:0:0: [sdb] Assuming drive cache: write through
Apr 20 12:03:41 kashrinivaasan-Inspiron-1545 kernel: [ 4506.454875] [UFW BLOCK] IN=ppp0 OUT= MAC= SRC=119.193.32.69 DST=14.99.76.159 LEN=48 TOS=0x00 PREC=0x00 TTL=105 ID=63041 DF PROTO=TCP SPT=1451 DPT=4899 WINDOW=65535 RES=0x00 SYN URGP=0 
Apr 20 12:04:27 kashrinivaasan-Inspiron-1545 kernel: [ 4552.729414] sd 7:0:0:0: [sdb] Test WP failed, assume Write Enabled
Apr 20 12:04:27 kashrinivaasan-Inspiron-1545 kernel: [ 4552.731779] sd 7:0:0:0: [sdb] Asking for cache data failed
Apr 20 12:04:27 kashrinivaasan-Inspiron-1545 kernel: [ 4552.731788] sd 7:0:0:0: [sdb] Assuming drive cache: write through
Apr 20 12:05:19 kashrinivaasan-Inspiron-1545 kernel: [ 4604.441297] sd 7:0:0:0: [sdb] Test WP failed, assume Write Enabled
Apr 20 12:05:19 kashrinivaasan-Inspiron-1545 kernel: [ 4604.443656] sd 7:0:0:0: [sdb] Asking for cache data failed
Apr 20 12:05:19 kashrinivaasan-Inspiron-1545 kernel: [ 4604.443665] sd 7:0:0:0: [sdb] Assuming drive cache: write through
Apr 20 12:06:11 kashrinivaasan-Inspiron-1545 kernel: [ 4656.153327] sd 7:0:0:0: [sdb] Test WP failed, assume Write Enabled
Apr 20 12:06:11 kashrinivaasan-Inspiron-1545 kernel: [ 4656.155567] sd 7:0:0:0: [sdb] Asking for cache data failed
Apr 20 12:06:11 kashrinivaasan-Inspiron-1545 kernel: [ 4656.155575] sd 7:0:0:0: [sdb] Assuming drive cache: write through
Apr 20 12:07:03 kashrinivaasan-Inspiron-1545 kernel: [ 4707.865442] sd 7:0:0:0: [sdb] Test WP failed, assume Write Enabled
Apr 20 12:07:03 kashrinivaasan-Inspiron-1545 kernel: [ 4707.867810] sd 7:0:0:0: [sdb] Asking for cache data failed
Apr 20 12:07:03 kashrinivaasan-Inspiron-1545 kernel: [ 4707.867818] sd 7:0:0:0: [sdb] Assuming drive cache: write through
Apr 20 12:07:15 kashrinivaasan-Inspiron-1545 kernel: [ 4720.174936] [UFW BLOCK] IN=ppp0 OUT= MAC= SRC=36.224.128.221 DST=14.99.76.159 LEN=48 TOS=0x00 PREC=0x00 TTL=113 ID=46006 DF PROTO=TCP SPT=4599 DPT=25 WINDOW=65535 RES=0x00 SYN URGP=0 
Apr 20 12:07:18 kashrinivaasan-Inspiron-1545 kernel: [ 4723.154924] [UFW BLOCK] IN=ppp0 OUT= MAC= SRC=36.224.128.221 DST=14.99.76.159 LEN=48 TOS=0x00 PREC=0x00 TTL=113 ID=50159 DF PROTO=TCP SPT=4599 DPT=25 WINDOW=65535 RES=0x00 SYN URGP=0 
Apr 20 12:07:24 kashrinivaasan-Inspiron-1545 kernel: [ 4729.173926] [UFW BLOCK] IN=ppp0 OUT= MAC= SRC=36.224.128.221 DST=14.99.76.159 LEN=48 TOS=0x00 PREC=0x00 TTL=113 ID=58453 DF PROTO=TCP SPT=4599 DPT=25 WINDOW=65535 RES=0x00 SYN URGP=0 
Apr 20 12:07:54 kashrinivaasan-Inspiron-1545 kernel: [ 4759.577390] sd 7:0:0:0: [sdb] Test WP failed, assume Write Enabled
Apr 20 12:07:54 kashrinivaasan-Inspiron-1545 kernel: [ 4759.579738] sd 7:0:0:0: [sdb] Asking for cache data failed
Apr 20 12:07:54 kashrinivaasan-Inspiron-1545 kernel: [ 4759.579747] sd 7:0:0:0: [sdb] Assuming drive cache: write through
Apr 20 12:08:46 kashrinivaasan-Inspiron-1545 kernel: [ 4811.289211] sd 7:0:0:0: [sdb] Test WP failed, assume Write Enabled
Apr 20 12:08:46 kashrinivaasan-Inspiron-1545 kernel: [ 4811.291497] sd 7:0:0:0: [sdb] Asking for cache data failed
Apr 20 12:08:46 kashrinivaasan-Inspiron-1545 kernel: [ 4811.291506] sd 7:0:0:0: [sdb] Assuming drive cache: write through
Apr 20 12:08:48 kashrinivaasan-Inspiron-1545 kernel: [ 4812.882929] [UFW BLOCK] IN=ppp0 OUT= MAC= SRC=92.45.121.37 DST=14.99.76.159 LEN=52 TOS=0x00 PREC=0x00 TTL=112 ID=51234 DF PROTO=TCP SPT=63171 DPT=4899 WINDOW=65535 RES=0x00 SYN URGP=0 
Apr 20 12:08:51 kashrinivaasan-Inspiron-1545 kernel: [ 4815.902937] [UFW BLOCK] IN=ppp0 OUT= MAC= SRC=92.45.121.37 DST=14.99.76.159 LEN=52 TOS=0x00 PREC=0x00 TTL=112 ID=51734 DF PROTO=TCP SPT=63171 DPT=4899 WINDOW=65535 RES=0x00 SYN URGP=0 
Apr 20 12:08:57 kashrinivaasan-Inspiron-1545 kernel: [ 4821.872930] [UFW BLOCK] IN=ppp0 OUT= MAC= SRC=92.45.121.37 DST=14.99.76.159 LEN=52 TOS=0x00 PREC=0x00 TTL=112 ID=52745 DF PROTO=TCP SPT=63171 DPT=4899 WINDOW=65535 RES=0x00 SYN URGP=0 
Apr 20 12:09:13 kashrinivaasan-Inspiron-1545 kernel: Kernel logging (proc) stopped.
Apr 20 12:12:15 kashrinivaasan-Inspiron-1545 kernel: imklog 5.8.6, log source = /proc/kmsg started.
Apr 20 12:12:15 kashrinivaasan-Inspiron-1545 kernel: [    0.000000] Initializing cgroup subsys cpuset
Apr 20 12:12:15 kashrinivaasan-Inspiron-1545 kernel: [    0.000000] Initializing cgroup subsys cpu
Apr 20 12:12:15 kashrinivaasan-Inspiron-1545 kernel: [    0.000000] Linux version 3.7.8 (root@kashrinivaasan-Inspiron-1545) (gcc version 4.4.1 (GCC) ) #1 SMP Thu Dec 5 14:55:47 IST 2013
Apr 20 12:12:15 kashrinivaasan-Inspiron-1545 kernel: [    0.000000] KERNEL supported cpus:
Apr 20 12:12:15 kashrinivaasan-Inspiron-1545 kernel: [    0.000000]   Intel GenuineIntel
Apr 20 12:12:15 kashrinivaasan-Inspiron-1545 kernel: [    0.000000]   AMD AuthenticAMD
Apr 20 12:12:15 kashrinivaasan-Inspiron-1545 kernel: [    0.000000]   NSC Geode by NSC
Apr 20 12:12:15 kashrinivaasan-Inspiron-1545 kernel: [    0.000000]   Cyrix CyrixInstead
Apr 20 12:12:15 kashrinivaasan-Inspiron-1545 kernel: [    0.000000]   Centaur CentaurHauls
Apr 20 12:12:15 kashrinivaasan-Inspiron-1545 kernel: [    0.000000]   Transmeta GenuineTMx86
Apr 20 12:12:15 kashrinivaasan-Inspiron-1545 kernel: [    0.000000]   Transmeta TransmetaCPU
Apr 20 12:12:15 kashrinivaasan-Inspiron-1545 kernel: [    0.000000]   UMC UMC UMC UMC
Apr 20 12:12:15 kashrinivaasan-Inspiron-1545 kernel: [    0.000000] e820: BIOS-provided physical RAM map:
Apr 20 12:12:15 kashrinivaasan-Inspiron-1545 kernel: [    0.000000] BIOS-e820: [mem 0x0000000000000000-0x000000000009efff] usable
Apr 20 12:12:15 kashrinivaasan-Inspiron-1545 kernel: [    0.000000] BIOS-e820: [mem 0x000000000009f000-0x000000000009ffff] reserved
Apr 20 12:12:15 kashrinivaasan-Inspiron-1545 kernel: [    0.000000] BIOS-e820: [mem 0x0000000000100000-0x00000000bd8bf3ff] usable
Apr 20 12:12:15 kashrinivaasan-Inspiron-1545 kernel: [    0.000000] BIOS-e820: [mem 0x00000000bd8bf400-0x00000000bdac13ff] ACPI NVS
Apr 20 12:12:15 kashrinivaasan-Inspiron-1545 kernel: [    0.000000] BIOS-e820: [mem 0x00000000bdac1400-0x00000000bfffffff] reserved
Apr 20 12:12:15 kashrinivaasan-Inspiron-1545 kernel: [    0.000000] BIOS-e820: [mem 0x00000000f8000000-0x00000000fbffffff] reserved
Apr 20 12:12:15 kashrinivaasan-Inspiron-1545 kernel: [    0.000000] BIOS-e820: [mem 0x00000000fec00000-0x00000000fec0ffff] reserved
Apr 20 12:12:15 kashrinivaasan-Inspiron-1545 kernel: [    0.000000] BIOS-e820: [mem 0x00000000fed18000-0x00000000fed1bfff] reserved
Apr 20 12:12:15 kashrinivaasan-Inspiron-1545 kernel: [    0.000000] BIOS-e820: [mem 0x00000000fed20000-0x00000000fed8ffff] reserved
Apr 20 12:12:15 kashrinivaasan-Inspiron-1545 kernel: [    0.000000] BIOS-e820: [mem 0x00000000feda0000-0x00000000feda5fff] reserved
Apr 20 12:12:15 kashrinivaasan-Inspiron-1545 kernel: [    0.000000] BIOS-e820: [mem 0x00000000fee00000-0x00000000fee0ffff] reserved
Apr 20 12:12:15 kashrinivaasan-Inspiron-1545 kernel: [    0.000000] BIOS-e820: [mem 0x00000000ffe00000-0x00000000ffffffff] reserved
Apr 20 12:12:15 kashrinivaasan-Inspiron-1545 kernel: [    0.000000] NX (Execute Disable) protection: active
Apr 20 12:12:15 kashrinivaasan-Inspiron-1545 kernel: [    0.000000] SMBIOS 2.4 present.
Apr 20 12:12:15 kashrinivaasan-Inspiron-1545 kernel: [    0.000000] DMI: Dell Inc. Inspiron 1545                   /0J037P, BIOS A14 12/07/2009
Apr 20 12:12:15 kashrinivaasan-Inspiron-1545 kernel: [    0.000000] e820: update [mem 0x00000000-0x0000ffff] usable ==> reserved
Apr 20 12:12:15 kashrinivaasan-Inspiron-1545 kernel: [    0.000000] e820: remove [mem 0x000a0000-0x000fffff] usable
Apr 20 12:12:15 kashrinivaasan-Inspiron-1545 kernel: [    0.000000] e820: last_pfn = 0xbd8bf max_arch_pfn = 0x1000000
Apr 20 12:12:15 kashrinivaasan-Inspiron-1545 kernel: [    0.000000] MTRR default type: uncachable
Apr 20 12:12:15 kashrinivaasan-Inspiron-1545 kernel: [    0.000000] MTRR fixed ranges enabled:
Apr 20 12:12:15 kashrinivaasan-Inspiron-1545 kernel: [    0.000000]   00000-9FFFF write-back
Apr 20 12:12:15 kashrinivaasan-Inspiron-1545 kernel: [    0.000000]   A0000-BFFFF uncachable
Apr 20 12:12:15 kashrinivaasan-Inspiron-1545 kernel: [    0.000000]   C0000-CFFFF write-protect
Apr 20 12:12:15 kashrinivaasan-Inspiron-1545 kernel: [    0.000000]   D0000-EFFFF uncachable
Apr 20 12:12:15 kashrinivaasan-Inspiron-1545 kernel: [    0.000000]   F0000-FFFFF write-protect
Apr 20 12:12:15 kashrinivaasan-Inspiron-1545 kernel: [    0.000000] MTRR variable ranges enabled:
Apr 20 12:12:15 kashrinivaasan-Inspiron-1545 kernel: [    0.000000]   0 base 000000000 mask 800000000 write-back
Apr 20 12:12:15 kashrinivaasan-Inspiron-1545 kernel: [    0.000000]   1 base 0E0000000 mask FE0000000 uncachable
Apr 20 12:12:15 kashrinivaasan-Inspiron-1545 kernel: [    0.000000]   2 base 0BDC00000 mask FFFC00000 uncachable
Apr 20 12:12:15 kashrinivaasan-Inspiron-1545 kernel: [    0.000000]   3 base 0BE000000 mask FFE000000 uncachable
Apr 20 12:12:15 kashrinivaasan-Inspiron-1545 kernel: [    0.000000]   4 disabled
Apr 20 12:12:15 kashrinivaasan-Inspiron-1545 kernel: [    0.000000]   5 disabled
Apr 20 12:12:15 kashrinivaasan-Inspiron-1545 kernel: [    0.000000]   6 disabled
Apr 20 12:12:15 kashrinivaasan-Inspiron-1545 kernel: [    0.000000] x86 PAT enabled: cpu 0, old 0x7040600070406, new 0x7010600070106
Apr 20 12:12:15 kashrinivaasan-Inspiron-1545 kernel: [    0.000000] original variable MTRRs
Apr 20 12:12:15 kashrinivaasan-Inspiron-1545 kernel: [    0.000000] reg 0, base: 0GB, range: 32GB, type WB
Apr 20 12:12:15 kashrinivaasan-Inspiron-1545 kernel: [    0.000000] reg 1, base: 3584MB, range: 512MB, type UC
Apr 20 12:12:15 kashrinivaasan-Inspiron-1545 kernel: [    0.000000] reg 2, base: 3036MB, range: 4MB, type UC
Apr 20 12:12:15 kashrinivaasan-Inspiron-1545 kernel: [    0.000000] reg 3, base: 3040MB, range: 32MB, type UC
Apr 20 12:12:15 kashrinivaasan-Inspiron-1545 kernel: [    0.000000] total RAM covered: 32220M
Apr 20 12:12:15 kashrinivaasan-Inspiron-1545 kernel: [    0.000000]  gran_size: 64K 	chunk_size: 64K 	num_reg: 7  	lose cover RAM: 29188M
Apr 20 12:12:15 kashrinivaasan-Inspiron-1545 kernel: [    0.000000]  gran_size: 64K 	chunk_size: 128K 	num_reg: 7  	lose cover RAM: 29188M
Apr 20 12:12:15 kashrinivaasan-Inspiron-1545 kernel: [    0.000000]  gran_size: 64K 	chunk_size: 256K 	num_reg: 7  	lose cover RAM: 29188M
Apr 20 12:12:15 kashrinivaasan-Inspiron-1545 kernel: [    0.000000]  gran_size: 64K 	chunk_size: 512K 	num_reg: 7  	lose cover RAM: 29188M
Apr 20 12:12:15 kashrinivaasan-Inspiron-1545 kernel: [    0.000000]  gran_size: 64K 	chunk_size: 1M 	num_reg: 7  	lose cover RAM: 29188M
Apr 20 12:12:15 kashrinivaasan-Inspiron-1545 kernel: [    0.000000]  gran_size: 64K 	chunk_size: 2M 	num_reg: 7  	lose cover RAM: 29188M
Apr 20 12:12:15 kashrinivaasan-Inspiron-1545 kernel: [    0.000000]  gran_size: 64K 	chunk_size: 4M 	num_reg: 7  	lose cover RAM: 29188M
Apr 20 12:12:15 kashrinivaasan-Inspiron-1545 kernel: [    0.000000]  gran_size: 64K 	chunk_size: 8M 	num_reg: 7  	lose cover RAM: 29184M
Apr 20 12:12:15 kashrinivaasan-Inspiron-1545 kernel: [    0.000000]  gran_size: 64K 	chunk_size: 16M 	num_reg: 7  	lose cover RAM: 29184M
Apr 20 12:12:15 kashrinivaasan-Inspiron-1545 kernel: [    0.000000]  gran_size: 64K 	chunk_size: 32M 	num_reg: 7  	lose cover RAM: 29184M
Apr 20 12:12:15 kashrinivaasan-Inspiron-1545 kernel: [    0.000000]  gran_size: 64K 	chunk_size: 64M 	num_reg: 7  	lose cover RAM: 16G
Apr 20 12:12:15 kashrinivaasan-Inspiron-1545 kernel: [    0.000000]  gran_size: 64K 	chunk_size: 128M 	num_reg: 7  	lose cover RAM: 16G
Apr 20 12:12:15 kashrinivaasan-Inspiron-1545 kernel: [    0.000000]  gran_size: 64K 	chunk_size: 256M 	num_reg: 7  	lose cover RAM: 16G
Apr 20 12:12:15 kashrinivaasan-Inspiron-1545 kernel: [    0.000000]  gran_size: 64K 	chunk_size: 512M 	num_reg: 7  	lose cover RAM: 16G
Apr 20 12:12:15 kashrinivaasan-Inspiron-1545 kernel: [    0.000000]  gran_size: 64K 	chunk_size: 1G 	num_reg: 7  	lose cover RAM: 16G
Apr 20 12:12:15 kashrinivaasan-Inspiron-1545 kernel: [    0.000000]  gran_size: 64K 	chunk_size: 2G 	num_reg: 7  	lose cover RAM: 29188M
Apr 20 12:12:15 kashrinivaasan-Inspiron-1545 kernel: [    0.000000]  gran_size: 128K 	chunk_size: 128K 	num_reg: 7  	lose cover RAM: 29188M
Apr 20 12:12:15 kashrinivaasan-Inspiron-1545 kernel: [    0.000000]  gran_size: 128K 	chunk_size: 256K 	num_reg: 7  	lose cover RAM: 29188M
Apr 20 12:12:15 kashrinivaasan-Inspiron-1545 kernel: [    0.000000]  gran_size: 128K 	chunk_size: 512K 	num_reg: 7  	lose cover RAM: 29188M
Apr 20 12:12:15 kashrinivaasan-Inspiron-1545 kernel: [    0.000000]  gran_size: 128K 	chunk_size: 1M 	num_reg: 7  	lose cover RAM: 29188M
Apr 20 12:12:15 kashrinivaasan-Inspiron-1545 kernel: [    0.000000]  gran_size: 128K 	chunk_size: 2M 	num_reg: 7  	lose cover RAM: 29188M
Apr 20 12:12:15 kashrinivaasan-Inspiron-1545 kernel: [    0.000000]  gran_size: 128K 	chunk_size: 4M 	num_reg: 7  	lose cover RAM: 29188M
Apr 20 12:12:15 kashrinivaasan-Inspiron-1545 kernel: [    0.000000]  gran_size: 128K 	chunk_size: 8M 	num_reg: 7  	lose cover RAM: 29184M
Apr 20 12:12:15 kashrinivaasan-Inspiron-1545 kernel: [    0.000000]  gran_size: 128K 	chunk_size: 16M 	num_reg: 7  	lose cover RAM: 29184M
Apr 20 12:12:15 kashrinivaasan-Inspiron-1545 kernel: [    0.000000]  gran_size: 128K 	chunk_size: 32M 	num_reg: 7  	lose cover RAM: 29184M
Apr 20 12:12:15 kashrinivaasan-Inspiron-1545 kernel: [    0.000000]  gran_size: 128K 	chunk_size: 64M 	num_reg: 7  	lose cover RAM: 16G
Apr 20 12:12:15 kashrinivaasan-Inspiron-1545 kernel: [    0.000000]  gran_size: 128K 	chunk_size: 128M 	num_reg: 7  	lose cover RAM: 16G
Apr 20 12:12:15 kashrinivaasan-Inspiron-1545 kernel: [    0.000000]  gran_size: 128K 	chunk_size: 256M 	num_reg: 7  	lose cover RAM: 16G
Apr 20 12:12:15 kashrinivaasan-Inspiron-1545 kernel: [    0.000000]  gran_size: 128K 	chunk_size: 512M 	num_reg: 7  	lose cover RAM: 16G
Apr 20 12:12:15 kashrinivaasan-Inspiron-1545 kernel: [    0.000000]  gran_size: 128K 	chunk_size: 1G 	num_reg: 7  	lose cover RAM: 16G
Apr 20 12:12:15 kashrinivaasan-Inspiron-1545 kernel: [    0.000000]  gran_size: 128K 	chunk_size: 2G 	num_reg: 7  	lose cover RAM: 29188M
Apr 20 12:12:15 kashrinivaasan-Inspiron-1545 kernel: [    0.000000]  gran_size: 256K 	chunk_size: 256K 	num_reg: 7  	lose cover RAM: 29188M
Apr 20 12:12:15 kashrinivaasan-Inspiron-1545 kernel: [    0.000000]  gran_size: 256K 	chunk_size: 512K 	num_reg: 7  	lose cover RAM: 29188M
Apr 20 12:12:15 kashrinivaasan-Inspiron-1545 kernel: [    0.000000]  gran_size: 256K 	chunk_size: 1M 	num_reg: 7  	lose cover RAM: 29188M
Apr 20 12:12:15 kashrinivaasan-Inspiron-1545 kernel: [    0.000000]  gran_size: 256K 	chunk_size: 2M 	num_reg: 7  	lose cover RAM: 29188M
Apr 20 12:12:15 kashrinivaasan-Inspiron-1545 kernel: [    0.000000]  gran_size: 256K 	chunk_size: 4M 	num_reg: 7  	lose cover RAM: 29188M
Apr 20 12:12:15 kashrinivaasan-Inspiron-1545 kernel: [    0.000000]  gran_size: 256K 	chunk_size: 8M 	num_reg: 7  	lose cover RAM: 29184M
Apr 20 12:12:15 kashrinivaasan-Inspiron-1545 kernel: [    0.000000]  gran_size: 256K 	chunk_size: 16M 	num_reg: 7  	lose cover RAM: 29184M
Apr 20 12:12:15 kashrinivaasan-Inspiron-1545 kernel: [    0.000000]  gran_size: 256K 	chunk_size: 32M 	num_reg: 7  	lose cover RAM: 29184M
Apr 20 12:12:15 kashrinivaasan-Inspiron-1545 kernel: [    0.000000]  gran_size: 256K 	chunk_size: 64M 	num_reg: 7  	lose cover RAM: 16G
Apr 20 12:12:15 kashrinivaasan-Inspiron-1545 kernel: [    0.000000]  gran_size: 256K 	chunk_size: 128M 	num_reg: 7  	lose cover RAM: 16G
Apr 20 12:12:15 kashrinivaasan-Inspiron-1545 kernel: [    0.000000]  gran_size: 256K 	chunk_size: 256M 	num_reg: 7  	lose cover RAM: 16G
Apr 20 12:12:15 kashrinivaasan-Inspiron-1545 kernel: [    0.000000]  gran_size: 256K 	chunk_size: 512M 	num_reg: 7  	lose cover RAM: 16G
Apr 20 12:12:15 kashrinivaasan-Inspiron-1545 kernel: [    0.000000]  gran_size: 256K 	chunk_size: 1G 	num_reg: 7  	lose cover RAM: 16G
Apr 20 12:12:15 kashrinivaasan-Inspiron-1545 kernel: [    0.000000]  gran_size: 256K 	chunk_size: 2G 	num_reg: 7  	lose cover RAM: 29188M
Apr 20 12:12:15 kashrinivaasan-Inspiron-1545 kernel: [    0.000000]  gran_size: 512K 	chunk_size: 512K 	num_reg: 7  	lose cover RAM: 29188M
Apr 20 12:12:15 kashrinivaasan-Inspiron-1545 kernel: [    0.000000]  gran_size: 512K 	chunk_size: 1M 	num_reg: 7  	lose cover RAM: 29188M
Apr 20 12:12:15 kashrinivaasan-Inspiron-1545 kernel: [    0.000000]  gran_size: 512K 	chunk_size: 2M 	num_reg: 7  	lose cover RAM: 29188M
Apr 20 12:12:15 kashrinivaasan-Inspiron-1545 kernel: [    0.000000]  gran_size: 512K 	chunk_size: 4M 	num_reg: 7  	lose cover RAM: 29188M
Apr 20 12:12:15 kashrinivaasan-Inspiron-1545 kernel: [    0.000000]  gran_size: 512K 	chunk_size: 8M 	num_reg: 7  	lose cover RAM: 29184M
Apr 20 12:12:15 kashrinivaasan-Inspiron-1545 kernel: [    0.000000]  gran_size: 512K 	chunk_size: 16M 	num_reg: 7  	lose cover RAM: 29184M
Apr 20 12:12:15 kashrinivaasan-Inspiron-1545 kernel: [    0.000000]  gran_size: 512K 	chunk_size: 32M 	num_reg: 7  	lose cover RAM: 29184M
Apr 20 12:12:15 kashrinivaasan-Inspiron-1545 kernel: [    0.000000]  gran_size: 512K 	chunk_size: 64M 	num_reg: 7  	lose cover RAM: 16G
Apr 20 12:12:15 kashrinivaasan-Inspiron-1545 kernel: [    0.000000]  gran_size: 512K 	chunk_size: 128M 	num_reg: 7  	lose cover RAM: 16G
Apr 20 12:12:15 kashrinivaasan-Inspiron-1545 kernel: [    0.000000]  gran_size: 512K 	chunk_size: 256M 	num_reg: 7  	lose cover RAM: 16G
Apr 20 12:12:15 kashrinivaasan-Inspiron-1545 kernel: [    0.000000]  gran_size: 512K 	chunk_size: 512M 	num_reg: 7  	lose cover RAM: 16G
Apr 20 12:12:15 kashrinivaasan-Inspiron-1545 kernel: [    0.000000]  gran_size: 512K 	chunk_size: 1G 	num_reg: 7  	lose cover RAM: 16G
Apr 20 12:12:15 kashrinivaasan-Inspiron-1545 kernel: [    0.000000]  gran_size: 512K 	chunk_size: 2G 	num_reg: 7  	lose cover RAM: 29188M
Apr 20 12:12:15 kashrinivaasan-Inspiron-1545 kernel: [    0.000000]  gran_size: 1M 	chunk_size: 1M 	num_reg: 7  	lose cover RAM: 29188M
Apr 20 12:12:15 kashrinivaasan-Inspiron-1545 kernel: [    0.000000]  gran_size: 1M 	chunk_size: 2M 	num_reg: 7  	lose cover RAM: 29188M
Apr 20 12:12:15 kashrinivaasan-Inspiron-1545 kernel: [    0.000000]  gran_size: 1M 	chunk_size: 4M 	num_reg: 7  	lose cover RAM: 29188M
Apr 20 12:12:15 kashrinivaasan-Inspiron-1545 kernel: [    0.000000]  gran_size: 1M 	chunk_size: 8M 	num_reg: 7  	lose cover RAM: 29184M
Apr 20 12:12:15 kashrinivaasan-Inspiron-1545 kernel: [    0.000000]  gran_size: 1M 	chunk_size: 16M 	num_reg: 7  	lose cover RAM: 29184M
Apr 20 12:12:15 kashrinivaasan-Inspiron-1545 kernel: [    0.000000]  gran_size: 1M 	chunk_size: 32M 	num_reg: 7  	lose cover RAM: 29184M
Apr 20 12:12:15 kashrinivaasan-Inspiron-1545 kernel: [    0.000000]  gran_size: 1M 	chunk_size: 64M 	num_reg: 7  	lose cover RAM: 16G
Apr 20 12:12:15 kashrinivaasan-Inspiron-1545 kernel: [    0.000000]  gran_size: 1M 	chunk_size: 128M 	num_reg: 7  	lose cover RAM: 16G
Apr 20 12:12:15 kashrinivaasan-Inspiron-1545 kernel: [    0.000000]  gran_size: 1M 	chunk_size: 256M 	num_reg: 7  	lose cover RAM: 16G
Apr 20 12:12:15 kashrinivaasan-Inspiron-1545 kernel: [    0.000000]  gran_size: 1M 	chunk_size: 512M 	num_reg: 7  	lose cover RAM: 16G
Apr 20 12:12:15 kashrinivaasan-Inspiron-1545 kernel: [    0.000000]  gran_size: 1M 	chunk_size: 1G 	num_reg: 7  	lose cover RAM: 16G
Apr 20 12:12:15 kashrinivaasan-Inspiron-1545 kernel: [    0.000000]  gran_size: 1M 	chunk_size: 2G 	num_reg: 7  	lose cover RAM: 29188M
Apr 20 12:12:15 kashrinivaasan-Inspiron-1545 kernel: [    0.000000]  gran_size: 2M 	chunk_size: 2M 	num_reg: 7  	lose cover RAM: 29188M
Apr 20 12:12:15 kashrinivaasan-Inspiron-1545 kernel: [    0.000000]  gran_size: 2M 	chunk_size: 4M 	num_reg: 7  	lose cover RAM: 29188M
Apr 20 12:12:15 kashrinivaasan-Inspiron-1545 kernel: [    0.000000]  gran_size: 2M 	chunk_size: 8M 	num_reg: 7  	lose cover RAM: 29184M
Apr 20 12:12:15 kashrinivaasan-Inspiron-1545 kernel: [    0.000000]  gran_size: 2M 	chunk_size: 16M 	num_reg: 7  	lose cover RAM: 29184M
Apr 20 12:12:15 kashrinivaasan-Inspiron-1545 kernel: [    0.000000]  gran_size: 2M 	chunk_size: 32M 	num_reg: 7  	lose cover RAM: 29184M
Apr 20 12:12:15 kashrinivaasan-Inspiron-1545 kernel: [    0.000000]  gran_size: 2M 	chunk_size: 64M 	num_reg: 7  	lose cover RAM: 16G
Apr 20 12:12:15 kashrinivaasan-Inspiron-1545 kernel: [    0.000000]  gran_size: 2M 	chunk_size: 128M 	num_reg: 7  	lose cover RAM: 16G
Apr 20 12:12:15 kashrinivaasan-Inspiron-1545 kernel: [    0.000000]  gran_size: 2M 	chunk_size: 256M 	num_reg: 7  	lose cover RAM: 16G
Apr 20 12:12:15 kashrinivaasan-Inspiron-1545 kernel: [    0.000000]  gran_size: 2M 	chunk_size: 512M 	num_reg: 7  	lose cover RAM: 16G
Apr 20 12:12:15 kashrinivaasan-Inspiron-1545 kernel: [    0.000000]  gran_size: 2M 	chunk_size: 1G 	num_reg: 7  	lose cover RAM: 16G
Apr 20 12:12:15 kashrinivaasan-Inspiron-1545 kernel: [    0.000000]  gran_size: 2M 	chunk_size: 2G 	num_reg: 7  	lose cover RAM: 29188M
Apr 20 12:12:15 kashrinivaasan-Inspiron-1545 kernel: [    0.000000]  gran_size: 4M 	chunk_size: 4M 	num_reg: 7  	lose cover RAM: 29188M
Apr 20 12:12:15 kashrinivaasan-Inspiron-1545 kernel: [    0.000000]  gran_size: 4M 	chunk_size: 8M 	num_reg: 7  	lose cover RAM: 29184M
Apr 20 12:12:15 kashrinivaasan-Inspiron-1545 kernel: [    0.000000]  gran_size: 4M 	chunk_size: 16M 	num_reg: 7  	lose cover RAM: 29184M
Apr 20 12:12:15 kashrinivaasan-Inspiron-1545 kernel: [    0.000000]  gran_size: 4M 	chunk_size: 32M 	num_reg: 7  	lose cover RAM: 29184M
Apr 20 12:12:15 kashrinivaasan-Inspiron-1545 kernel: [    0.000000]  gran_size: 4M 	chunk_size: 64M 	num_reg: 7  	lose cover RAM: 16G
Apr 20 12:12:15 kashrinivaasan-Inspiron-1545 kernel: [    0.000000]  gran_size: 4M 	chunk_size: 128M 	num_reg: 7  	lose cover RAM: 16G
Apr 20 12:12:15 kashrinivaasan-Inspiron-1545 kernel: [    0.000000]  gran_size: 4M 	chunk_size: 256M 	num_reg: 7  	lose cover RAM: 16G
Apr 20 12:12:15 kashrinivaasan-Inspiron-1545 kernel: [    0.000000]  gran_size: 4M 	chunk_size: 512M 	num_reg: 7  	lose cover RAM: 16G
Apr 20 12:12:15 kashrinivaasan-Inspiron-1545 kernel: [    0.000000]  gran_size: 4M 	chunk_size: 1G 	num_reg: 7  	lose cover RAM: 16G
Apr 20 12:12:15 kashrinivaasan-Inspiron-1545 kernel: [    0.000000]  gran_size: 4M 	chunk_size: 2G 	num_reg: 7  	lose cover RAM: 29188M
Apr 20 12:12:15 kashrinivaasan-Inspiron-1545 kernel: [    0.000000]  gran_size: 8M 	chunk_size: 8M 	num_reg: 7  	lose cover RAM: 29188M
Apr 20 12:12:15 kashrinivaasan-Inspiron-1545 kernel: [    0.000000]  gran_size: 8M 	chunk_size: 16M 	num_reg: 7  	lose cover RAM: 29188M
Apr 20 12:12:15 kashrinivaasan-Inspiron-1545 kernel: [    0.000000]  gran_size: 8M 	chunk_size: 32M 	num_reg: 7  	lose cover RAM: 29188M
Apr 20 12:12:15 kashrinivaasan-Inspiron-1545 kernel: [    0.000000]  gran_size: 8M 	chunk_size: 64M 	num_reg: 7  	lose cover RAM: 16388M
Apr 20 12:12:15 kashrinivaasan-Inspiron-1545 kernel: [    0.000000]  gran_size: 8M 	chunk_size: 128M 	num_reg: 7  	lose cover RAM: 16388M
Apr 20 12:12:15 kashrinivaasan-Inspiron-1545 kernel: [    0.000000]  gran_size: 8M 	chunk_size: 256M 	num_reg: 7  	lose cover RAM: 16388M
Apr 20 12:12:15 kashrinivaasan-Inspiron-1545 kernel: [    0.000000]  gran_size: 8M 	chunk_size: 512M 	num_reg: 7  	lose cover RAM: 16388M
Apr 20 12:12:15 kashrinivaasan-Inspiron-1545 kernel: [    0.000000]  gran_size: 8M 	chunk_size: 1G 	num_reg: 7  	lose cover RAM: 16388M
Apr 20 12:12:15 kashrinivaasan-Inspiron-1545 kernel: [    0.000000]  gran_size: 8M 	chunk_size: 2G 	num_reg: 7  	lose cover RAM: 29188M
Apr 20 12:12:15 kashrinivaasan-Inspiron-1545 kernel: [    0.000000]  gran_size: 16M 	chunk_size: 16M 	num_reg: 7  	lose cover RAM: 28684M
Apr 20 12:12:15 kashrinivaasan-Inspiron-1545 kernel: [    0.000000]  gran_size: 16M 	chunk_size: 32M 	num_reg: 7  	lose cover RAM: 29196M
Apr 20 12:12:15 kashrinivaasan-Inspiron-1545 kernel: [    0.000000]  gran_size: 16M 	chunk_size: 64M 	num_reg: 7  	lose cover RAM: 16396M
Apr 20 12:12:15 kashrinivaasan-Inspiron-1545 kernel: [    0.000000]  gran_size: 16M 	chunk_size: 128M 	num_reg: 7  	lose cover RAM: 16396M
Apr 20 12:12:15 kashrinivaasan-Inspiron-1545 kernel: [    0.000000]  gran_size: 16M 	chunk_size: 256M 	num_reg: 7  	lose cover RAM: 16396M
Apr 20 12:12:15 kashrinivaasan-Inspiron-1545 kernel: [    0.000000]  gran_size: 16M 	chunk_size: 512M 	num_reg: 7  	lose cover RAM: 16396M
Apr 20 12:12:15 kashrinivaasan-Inspiron-1545 kernel: [    0.000000]  gran_size: 16M 	chunk_size: 1G 	num_reg: 7  	lose cover RAM: 16396M
Apr 20 12:12:15 kashrinivaasan-Inspiron-1545 kernel: [    0.000000]  gran_size: 16M 	chunk_size: 2G 	num_reg: 7  	lose cover RAM: 28172M
Apr 20 12:12:15 kashrinivaasan-Inspiron-1545 kernel: [    0.000000]  gran_size: 32M 	chunk_size: 32M 	num_reg: 7  	lose cover RAM: 24604M
Apr 20 12:12:15 kashrinivaasan-Inspiron-1545 kernel: [    0.000000]  gran_size: 32M 	chunk_size: 64M 	num_reg: 7  	lose cover RAM: 24604M
Apr 20 12:12:15 kashrinivaasan-Inspiron-1545 kernel: [    0.000000]  gran_size: 32M 	chunk_size: 128M 	num_reg: 7  	lose cover RAM: 28M
Apr 20 12:12:15 kashrinivaasan-Inspiron-1545 kernel: [    0.000000]  gran_size: 32M 	chunk_size: 256M 	num_reg: 7  	lose cover RAM: 28M
Apr 20 12:12:15 kashrinivaasan-Inspiron-1545 kernel: [    0.000000]  gran_size: 32M 	chunk_size: 512M 	num_reg: 7  	lose cover RAM: 28M
Apr 20 12:12:15 kashrinivaasan-Inspiron-1545 kernel: [    0.000000]  gran_size: 32M 	chunk_size: 1G 	num_reg: 7  	lose cover RAM: 28M
Apr 20 12:12:15 kashrinivaasan-Inspiron-1545 kernel: [    0.000000]  gran_size: 32M 	chunk_size: 2G 	num_reg: 7  	lose cover RAM: 27164M
Apr 20 12:12:15 kashrinivaasan-Inspiron-1545 kernel: [    0.000000]  gran_size: 64M 	chunk_size: 64M 	num_reg: 7  	lose cover RAM: 24604M
Apr 20 12:12:15 kashrinivaasan-Inspiron-1545 kernel: [    0.000000]  gran_size: 64M 	chunk_size: 128M 	num_reg: 7  	lose cover RAM: 28M
Apr 20 12:12:15 kashrinivaasan-Inspiron-1545 kernel: [    0.000000]  gran_size: 64M 	chunk_size: 256M 	num_reg: 7  	lose cover RAM: 28M
Apr 20 12:12:15 kashrinivaasan-Inspiron-1545 kernel: [    0.000000]  gran_size: 64M 	chunk_size: 512M 	num_reg: 7  	lose cover RAM: 28M
Apr 20 12:12:15 kashrinivaasan-Inspiron-1545 kernel: [    0.000000]  gran_size: 64M 	chunk_size: 1G 	num_reg: 7  	lose cover RAM: 28M
Apr 20 12:12:15 kashrinivaasan-Inspiron-1545 kernel: [    0.000000]  gran_size: 64M 	chunk_size: 2G 	num_reg: 7  	lose cover RAM: 27164M
Apr 20 12:12:15 kashrinivaasan-Inspiron-1545 kernel: [    0.000000]  gran_size: 128M 	chunk_size: 128M 	num_reg: 7  	lose cover RAM: 16476M
Apr 20 12:12:15 kashrinivaasan-Inspiron-1545 kernel: [    0.000000]  gran_size: 128M 	chunk_size: 256M 	num_reg: 7  	lose cover RAM: 92M
Apr 20 12:12:15 kashrinivaasan-Inspiron-1545 kernel: [    0.000000]  gran_size: 128M 	chunk_size: 512M 	num_reg: 7  	lose cover RAM: 92M
Apr 20 12:12:15 kashrinivaasan-Inspiron-1545 kernel: [    0.000000]  gran_size: 128M 	chunk_size: 1G 	num_reg: 7  	lose cover RAM: 92M
Apr 20 12:12:15 kashrinivaasan-Inspiron-1545 kernel: [    0.000000]  gran_size: 128M 	chunk_size: 2G 	num_reg: 7  	lose cover RAM: 27740M
Apr 20 12:12:15 kashrinivaasan-Inspiron-1545 kernel: [    0.000000]  gran_size: 256M 	chunk_size: 256M 	num_reg: 7  	lose cover RAM: 220M
Apr 20 12:12:15 kashrinivaasan-Inspiron-1545 kernel: [    0.000000]  gran_size: 256M 	chunk_size: 512M 	num_reg: 7  	lose cover RAM: 220M
Apr 20 12:12:15 kashrinivaasan-Inspiron-1545 kernel: [    0.000000]  gran_size: 256M 	chunk_size: 1G 	num_reg: 7  	lose cover RAM: 220M
Apr 20 12:12:15 kashrinivaasan-Inspiron-1545 kernel: [    0.000000]  gran_size: 256M 	chunk_size: 2G 	num_reg: 7  	lose cover RAM: 26844M
Apr 20 12:12:15 kashrinivaasan-Inspiron-1545 kernel: [    0.000000]  gran_size: 512M 	chunk_size: 512M 	num_reg: 6  	lose cover RAM: 476M
Apr 20 12:12:15 kashrinivaasan-Inspiron-1545 kernel: [    0.000000]  gran_size: 512M 	chunk_size: 1G 	num_reg: 7  	lose cover RAM: 476M
Apr 20 12:12:15 kashrinivaasan-Inspiron-1545 kernel: [    0.000000]  gran_size: 512M 	chunk_size: 2G 	num_reg: 7  	lose cover RAM: 25052M
Apr 20 12:12:15 kashrinivaasan-Inspiron-1545 kernel: [    0.000000]  gran_size: 1G 	chunk_size: 1G 	num_reg: 4  	lose cover RAM: 1500M
Apr 20 12:12:15 kashrinivaasan-Inspiron-1545 kernel: [    0.000000]  gran_size: 1G 	chunk_size: 2G 	num_reg: 4  	lose cover RAM: 1500M
Apr 20 12:12:15 kashrinivaasan-Inspiron-1545 kernel: [    0.000000]  gran_size: 2G 	chunk_size: 2G 	num_reg: 4  	lose cover RAM: 1500M
Apr 20 12:12:15 kashrinivaasan-Inspiron-1545 kernel: [    0.000000] mtrr_cleanup: can not find optimal value
Apr 20 12:12:15 kashrinivaasan-Inspiron-1545 kernel: [    0.000000] please specify mtrr_gran_size/mtrr_chunk_size
Apr 20 12:12:15 kashrinivaasan-Inspiron-1545 kernel: [    0.000000] e820: update [mem 0xbdc00000-0xbfffffff] usable ==> reserved
Apr 20 12:12:15 kashrinivaasan-Inspiron-1545 kernel: [    0.000000] e820: update [mem 0xe0000000-0xffffffff] usable ==> reserved
Apr 20 12:12:15 kashrinivaasan-Inspiron-1545 kernel: [    0.000000] initial memory mapped: [mem 0x00000000-0x01ffffff]
Apr 20 12:12:15 kashrinivaasan-Inspiron-1545 kernel: [    0.000000] Base memory trampoline at [c009b000] 9b000 size 16384
Apr 20 12:12:15 kashrinivaasan-Inspiron-1545 kernel: [    0.000000] init_memory_mapping: [mem 0x00000000-0x37bfdfff]
Apr 20 12:12:15 kashrinivaasan-Inspiron-1545 kernel: [    0.000000]  [mem 0x00000000-0x001fffff] page 4k
Apr 20 12:12:15 kashrinivaasan-Inspiron-1545 kernel: [    0.000000]  [mem 0x00200000-0x379fffff] page 2M
Apr 20 12:12:15 kashrinivaasan-Inspiron-1545 kernel: [    0.000000]  [mem 0x37a00000-0x37bfdfff] page 4k
Apr 20 12:12:15 kashrinivaasan-Inspiron-1545 kernel: [    0.000000] kernel direct mapping tables up to 0x37bfdfff @ [mem 0x01ffa000-0x01ffffff]
Apr 20 12:12:15 kashrinivaasan-Inspiron-1545 kernel: [    0.000000] RAMDISK: [mem 0x35972000-0x36cb0fff]
Apr 20 12:12:15 kashrinivaasan-Inspiron-1545 kernel: [    0.000000] ACPI: RSDP 000fbdd0 00024 (v02 DELL  )
Apr 20 12:12:15 kashrinivaasan-Inspiron-1545 kernel: [    0.000000] ACPI: XSDT bdac3e00 00054 (v01 DELL    WN09    27D90C07 ASL  00000061)
Apr 20 12:12:15 kashrinivaasan-Inspiron-1545 kernel: [    0.000000] ACPI: FACP bdac3c9c 000F4 (v04 DELL    WN09    27D90C07 ASL  00000061)
Apr 20 12:12:15 kashrinivaasan-Inspiron-1545 kernel: [    0.000000] ACPI: DSDT bdac4400 05451 (v02 INT430 SYSFexxx 00001001 INTL 20050624)
Apr 20 12:12:15 kashrinivaasan-Inspiron-1545 kernel: [    0.000000] ACPI: FACS bdad2c00 00040
Apr 20 12:12:15 kashrinivaasan-Inspiron-1545 kernel: [    0.000000] ACPI: HPET bdac3f00 00038 (v01 DELL    WN09    00000001 ASL  00000061)
Apr 20 12:12:15 kashrinivaasan-Inspiron-1545 kernel: [    0.000000] ACPI: APIC bdac4000 00068 (v01 DELL    WN09    27D90C07 ASL  00000047)
Apr 20 12:12:15 kashrinivaasan-Inspiron-1545 kernel: [    0.000000] ACPI: MCFG bdac3fc0 0003E (v16 DELL    WN09    27D90C07 ASL  00000061)
Apr 20 12:12:15 kashrinivaasan-Inspiron-1545 kernel: [    0.000000] ACPI: SLIC bdac409c 00176 (v01 DELL    WN09    27D90C07 ASL  00000061)
Apr 20 12:12:15 kashrinivaasan-Inspiron-1545 kernel: [    0.000000] ACPI: SSDT bdac2363 0066C (v01  PmRef    CpuPm 00003000 INTL 20050624)
Apr 20 12:12:15 kashrinivaasan-Inspiron-1545 kernel: [    0.000000] ACPI: Local APIC address 0xfee00000
Apr 20 12:12:15 kashrinivaasan-Inspiron-1545 kernel: [    0.000000] 2140MB HIGHMEM available.
Apr 20 12:12:15 kashrinivaasan-Inspiron-1545 kernel: [    0.000000] 891MB LOWMEM available.
Apr 20 12:12:15 kashrinivaasan-Inspiron-1545 kernel: [    0.000000]   mapped low ram: 0 - 37bfe000
Apr 20 12:12:15 kashrinivaasan-Inspiron-1545 kernel: [    0.000000]   low ram: 0 - 37bfe000
Apr 20 12:12:15 kashrinivaasan-Inspiron-1545 kernel: [    0.000000] Zone ranges:
Apr 20 12:12:15 kashrinivaasan-Inspiron-1545 kernel: [    0.000000]   DMA      [mem 0x00010000-0x00ffffff]
Apr 20 12:12:15 kashrinivaasan-Inspiron-1545 kernel: [    0.000000]   Normal   [mem 0x01000000-0x37bfdfff]
Apr 20 12:12:15 kashrinivaasan-Inspiron-1545 kernel: [    0.000000]   HighMem  [mem 0x37bfe000-0xbd8befff]
Apr 20 12:12:15 kashrinivaasan-Inspiron-1545 kernel: [    0.000000] Movable zone start for each node
Apr 20 12:12:15 kashrinivaasan-Inspiron-1545 kernel: [    0.000000] Early memory node ranges
Apr 20 12:12:15 kashrinivaasan-Inspiron-1545 kernel: [    0.000000]   node   0: [mem 0x00010000-0x0009efff]
Apr 20 12:12:15 kashrinivaasan-Inspiron-1545 kernel: [    0.000000]   node   0: [mem 0x00100000-0xbd8befff]
Apr 20 12:12:15 kashrinivaasan-Inspiron-1545 kernel: [    0.000000] On node 0 totalpages: 776270
Apr 20 12:12:15 kashrinivaasan-Inspiron-1545 kernel: [    0.000000] free_area_init_node: node 0, pgdat c18d32c0, node_mem_map f41ba200
Apr 20 12:12:15 kashrinivaasan-Inspiron-1545 kernel: [    0.000000]   DMA zone: 32 pages used for memmap
Apr 20 12:12:15 kashrinivaasan-Inspiron-1545 kernel: [    0.000000]   DMA zone: 0 pages reserved
Apr 20 12:12:15 kashrinivaasan-Inspiron-1545 kernel: [    0.000000]   DMA zone: 3951 pages, LIFO batch:0
Apr 20 12:12:15 kashrinivaasan-Inspiron-1545 kernel: [    0.000000]   Normal zone: 1752 pages used for memmap
Apr 20 12:12:15 kashrinivaasan-Inspiron-1545 kernel: [    0.000000]   Normal zone: 222502 pages, LIFO batch:31
Apr 20 12:12:15 kashrinivaasan-Inspiron-1545 kernel: [    0.000000]   HighMem zone: 4282 pages used for memmap
Apr 20 12:12:15 kashrinivaasan-Inspiron-1545 kernel: [    0.000000]   HighMem zone: 543751 pages, LIFO batch:31
Apr 20 12:12:15 kashrinivaasan-Inspiron-1545 kernel: [    0.000000] Using APIC driver default
Apr 20 12:12:15 kashrinivaasan-Inspiron-1545 kernel: [    0.000000] ACPI: PM-Timer IO Port: 0x1008
Apr 20 12:12:15 kashrinivaasan-Inspiron-1545 kernel: [    0.000000] ACPI: Local APIC address 0xfee00000
Apr 20 12:12:15 kashrinivaasan-Inspiron-1545 kernel: [    0.000000] ACPI: LAPIC (acpi_id[0x00] lapic_id[0x00] enabled)
Apr 20 12:12:15 kashrinivaasan-Inspiron-1545 kernel: [    0.000000] ACPI: LAPIC (acpi_id[0x01] lapic_id[0x01] enabled)
Apr 20 12:12:15 kashrinivaasan-Inspiron-1545 kernel: [    0.000000] ACPI: LAPIC_NMI (acpi_id[0x00] high edge lint[0x1])
Apr 20 12:12:15 kashrinivaasan-Inspiron-1545 kernel: [    0.000000] ACPI: LAPIC_NMI (acpi_id[0x01] high edge lint[0x1])
Apr 20 12:12:15 kashrinivaasan-Inspiron-1545 kernel: [    0.000000] ACPI: IOAPIC (id[0x02] address[0xfec00000] gsi_base[0])
Apr 20 12:12:15 kashrinivaasan-Inspiron-1545 kernel: [    0.000000] IOAPIC[0]: apic_id 2, version 32, address 0xfec00000, GSI 0-23
Apr 20 12:12:15 kashrinivaasan-Inspiron-1545 kernel: [    0.000000] ACPI: INT_SRC_OVR (bus 0 bus_irq 0 global_irq 2 dfl dfl)
Apr 20 12:12:15 kashrinivaasan-Inspiron-1545 kernel: [    0.000000] ACPI: INT_SRC_OVR (bus 0 bus_irq 9 global_irq 9 high level)
Apr 20 12:12:15 kashrinivaasan-Inspiron-1545 kernel: [    0.000000] ACPI: IRQ0 used by override.
Apr 20 12:12:15 kashrinivaasan-Inspiron-1545 kernel: [    0.000000] ACPI: IRQ2 used by override.
Apr 20 12:12:15 kashrinivaasan-Inspiron-1545 kernel: [    0.000000] ACPI: IRQ9 used by override.
Apr 20 12:12:15 kashrinivaasan-Inspiron-1545 kernel: [    0.000000] Using ACPI (MADT) for SMP configuration information
Apr 20 12:12:15 kashrinivaasan-Inspiron-1545 kernel: [    0.000000] ACPI: HPET id: 0x8086a201 base: 0xfed00000
Apr 20 12:12:15 kashrinivaasan-Inspiron-1545 kernel: [    0.000000] smpboot: Allowing 2 CPUs, 0 hotplug CPUs
Apr 20 12:12:15 kashrinivaasan-Inspiron-1545 kernel: [    0.000000] nr_irqs_gsi: 40
Apr 20 12:12:15 kashrinivaasan-Inspiron-1545 kernel: [    0.000000] PM: Registered nosave memory: 000000000009f000 - 00000000000a0000
Apr 20 12:12:15 kashrinivaasan-Inspiron-1545 kernel: [    0.000000] PM: Registered nosave memory: 00000000000a0000 - 0000000000100000
Apr 20 12:12:15 kashrinivaasan-Inspiron-1545 kernel: [    0.000000] e820: [mem 0xc0000000-0xf7ffffff] available for PCI devices
Apr 20 12:12:15 kashrinivaasan-Inspiron-1545 kernel: [    0.000000] Booting paravirtualized kernel on bare hardware
Apr 20 12:12:15 kashrinivaasan-Inspiron-1545 kernel: [    0.000000] setup_percpu: NR_CPUS:8 nr_cpumask_bits:8 nr_cpu_ids:2 nr_node_ids:1
Apr 20 12:12:15 kashrinivaasan-Inspiron-1545 kernel: [    0.000000] PERCPU: Embedded 14 pages/cpu @f7bcf000 s34944 r0 d22400 u57344
Apr 20 12:12:15 kashrinivaasan-Inspiron-1545 kernel: [    0.000000] pcpu-alloc: s34944 r0 d22400 u57344 alloc=14*4096
Apr 20 12:12:15 kashrinivaasan-Inspiron-1545 kernel: [    0.000000] pcpu-alloc: [0] 0 [0] 1 
Apr 20 12:12:15 kashrinivaasan-Inspiron-1545 kernel: [    0.000000] Built 1 zonelists in Zone order, mobility grouping on.  Total pages: 770204
Apr 20 12:12:15 kashrinivaasan-Inspiron-1545 kernel: [    0.000000] Kernel command line: BOOT_IMAGE=/boot/vmlinuz-3.7.8 root=UUID=0fc4d8a2-1c74-42b8-8099-9ef78d8c8ea2 ro quiet splash vt.handoff=7
Apr 20 12:12:15 kashrinivaasan-Inspiron-1545 kernel: [    0.000000] PID hash table entries: 4096 (order: 2, 16384 bytes)
Apr 20 12:12:15 kashrinivaasan-Inspiron-1545 kernel: [    0.000000] Dentry cache hash table entries: 131072 (order: 7, 524288 bytes)
Apr 20 12:12:15 kashrinivaasan-Inspiron-1545 kernel: [    0.000000] Inode-cache hash table entries: 65536 (order: 6, 262144 bytes)
Apr 20 12:12:15 kashrinivaasan-Inspiron-1545 kernel: [    0.000000] __ex_table already sorted, skipping sort
Apr 20 12:12:15 kashrinivaasan-Inspiron-1545 kernel: [    0.000000] Initializing CPU#0
Apr 20 12:12:15 kashrinivaasan-Inspiron-1545 kernel: [    0.000000] xsave: enabled xstate_bv 0x3, cntxt size 0x240
Apr 20 12:12:15 kashrinivaasan-Inspiron-1545 kernel: [    0.000000] allocated 6210936 bytes of page_cgroup
Apr 20 12:12:15 kashrinivaasan-Inspiron-1545 kernel: [    0.000000] please try 'cgroup_disable=memory' option if you don't want memory cgroups
Apr 20 12:12:15 kashrinivaasan-Inspiron-1545 kernel: [    0.000000] Initializing HighMem for node 0 (00037bfe:000bd8bf)
Apr 20 12:12:15 kashrinivaasan-Inspiron-1545 kernel: [    0.000000] Memory: 3043132k/3105532k available (6105k kernel code, 61948k reserved, 2978k data, 788k init, 2192132k highmem)
Apr 20 12:12:15 kashrinivaasan-Inspiron-1545 kernel: [    0.000000] virtual kernel memory layout:
Apr 20 12:12:15 kashrinivaasan-Inspiron-1545 kernel: [    0.000000]     fixmap  : 0xfff15000 - 0xfffff000   ( 936 kB)
Apr 20 12:12:15 kashrinivaasan-Inspiron-1545 kernel: [    0.000000]     pkmap   : 0xffc00000 - 0xffe00000   (2048 kB)
Apr 20 12:12:15 kashrinivaasan-Inspiron-1545 kernel: [    0.000000]     vmalloc : 0xf83fe000 - 0xffbfe000   ( 120 MB)
Apr 20 12:12:15 kashrinivaasan-Inspiron-1545 kernel: [    0.000000]     lowmem  : 0xc0000000 - 0xf7bfe000   ( 891 MB)
Apr 20 12:12:15 kashrinivaasan-Inspiron-1545 kernel: [    0.000000]       .init : 0xc18df000 - 0xc19a4000   ( 788 kB)
Apr 20 12:12:15 kashrinivaasan-Inspiron-1545 kernel: [    0.000000]       .data : 0xc15f6719 - 0xc18def80   (2978 kB)
Apr 20 12:12:15 kashrinivaasan-Inspiron-1545 kernel: [    0.000000]       .text : 0xc1000000 - 0xc15f6719   (6105 kB)
Apr 20 12:12:15 kashrinivaasan-Inspiron-1545 kernel: [    0.000000] Checking if this processor honours the WP bit even in supervisor mode...Ok.
Apr 20 12:12:15 kashrinivaasan-Inspiron-1545 kernel: [    0.000000] SLUB: Genslabs=15, HWalign=64, Order=0-3, MinObjects=0, CPUs=2, Nodes=1
Apr 20 12:12:15 kashrinivaasan-Inspiron-1545 kernel: [    0.000000] Hierarchical RCU implementation.
Apr 20 12:12:15 kashrinivaasan-Inspiron-1545 kernel: [    0.000000] 	RCU dyntick-idle grace-period acceleration is enabled.
Apr 20 12:12:15 kashrinivaasan-Inspiron-1545 kernel: [    0.000000] 	RCU restricting CPUs from NR_CPUS=8 to nr_cpu_ids=2.
Apr 20 12:12:15 kashrinivaasan-Inspiron-1545 kernel: [    0.000000] NR_IRQS:2304 nr_irqs:512 16
Apr 20 12:12:15 kashrinivaasan-Inspiron-1545 kernel: [    0.000000] CPU 0 irqstacks, hard=f7008000 soft=f700a000
Apr 20 12:12:15 kashrinivaasan-Inspiron-1545 kernel: [    0.000000] Extended CMOS year: 2000
Apr 20 12:12:15 kashrinivaasan-Inspiron-1545 kernel: [    0.000000] Console: colour dummy device 80x25
Apr 20 12:12:15 kashrinivaasan-Inspiron-1545 kernel: [    0.000000] console [tty0] enabled
Apr 20 12:12:15 kashrinivaasan-Inspiron-1545 kernel: [    0.000000] hpet clockevent registered
Apr 20 12:12:15 kashrinivaasan-Inspiron-1545 kernel: [    0.000000] tsc: Fast TSC calibration using PIT
Apr 20 12:12:15 kashrinivaasan-Inspiron-1545 kernel: [    0.000000] tsc: Detected 1994.873 MHz processor
Apr 20 12:12:15 kashrinivaasan-Inspiron-1545 kernel: [    0.004002] Calibrating delay loop (skipped), value calculated using timer frequency.. 3989.74 BogoMIPS (lpj=7979492)
Apr 20 12:12:15 kashrinivaasan-Inspiron-1545 kernel: [    0.004006] pid_max: default: 32768 minimum: 301
Apr 20 12:12:15 kashrinivaasan-Inspiron-1545 kernel: [    0.004038] Security Framework initialized
Apr 20 12:12:15 kashrinivaasan-Inspiron-1545 kernel: [    0.004046] AppArmor: AppArmor initialized
Apr 20 12:12:15 kashrinivaasan-Inspiron-1545 kernel: [    0.004048] Yama: becoming mindful.
Apr 20 12:12:15 kashrinivaasan-Inspiron-1545 kernel: [    0.004100] Mount-cache hash table entries: 512
Apr 20 12:12:15 kashrinivaasan-Inspiron-1545 kernel: [    0.004355] Initializing cgroup subsys cpuacct
Apr 20 12:12:15 kashrinivaasan-Inspiron-1545 kernel: [    0.004358] Initializing cgroup subsys memory
Apr 20 12:12:15 kashrinivaasan-Inspiron-1545 kernel: [    0.004366] Initializing cgroup subsys devices
Apr 20 12:12:15 kashrinivaasan-Inspiron-1545 kernel: [    0.004368] Initializing cgroup subsys freezer
Apr 20 12:12:15 kashrinivaasan-Inspiron-1545 kernel: [    0.004370] Initializing cgroup subsys blkio
Apr 20 12:12:15 kashrinivaasan-Inspiron-1545 kernel: [    0.004372] Initializing cgroup subsys perf_event
Apr 20 12:12:15 kashrinivaasan-Inspiron-1545 kernel: [    0.004376] Initializing cgroup subsys hugetlb
Apr 20 12:12:15 kashrinivaasan-Inspiron-1545 kernel: [    0.004406] CPU: Physical Processor ID: 0
Apr 20 12:12:15 kashrinivaasan-Inspiron-1545 kernel: [    0.004408] CPU: Processor Core ID: 0
Apr 20 12:12:15 kashrinivaasan-Inspiron-1545 kernel: [    0.004411] mce: CPU supports 6 MCE banks
Apr 20 12:12:15 kashrinivaasan-Inspiron-1545 kernel: [    0.004419] CPU0: Thermal monitoring enabled (TM2)
Apr 20 12:12:15 kashrinivaasan-Inspiron-1545 kernel: [    0.004422] process: using mwait in idle threads
Apr 20 12:12:15 kashrinivaasan-Inspiron-1545 kernel: [    0.004430] Last level iTLB entries: 4KB 128, 2MB 4, 4MB 4
Apr 20 12:12:15 kashrinivaasan-Inspiron-1545 kernel: [    0.004430] Last level dTLB entries: 4KB 256, 2MB 0, 4MB 32
Apr 20 12:12:15 kashrinivaasan-Inspiron-1545 kernel: [    0.004430] tlb_flushall_shift: -1
Apr 20 12:12:15 kashrinivaasan-Inspiron-1545 kernel: [    0.004736] Freeing SMP alternatives: 24k freed
Apr 20 12:12:15 kashrinivaasan-Inspiron-1545 kernel: [    0.008677] ACPI: Core revision 20120913
Apr 20 12:12:15 kashrinivaasan-Inspiron-1545 kernel: [    0.012012] ftrace: allocating 24997 entries in 49 pages
Apr 20 12:12:15 kashrinivaasan-Inspiron-1545 kernel: [    0.024069] Enabling APIC mode:  Flat.  Using 1 I/O APICs
Apr 20 12:12:15 kashrinivaasan-Inspiron-1545 kernel: [    0.024521] ..TIMER: vector=0x30 apic1=0 pin1=2 apic2=-1 pin2=-1
Apr 20 12:12:15 kashrinivaasan-Inspiron-1545 kernel: [    0.066460] smpboot: CPU0: Intel(R) Core(TM)2 Duo CPU     T6400  @ 2.00GHz (fam: 06, model: 17, stepping: 0a)
Apr 20 12:12:15 kashrinivaasan-Inspiron-1545 kernel: [    0.068000] Performance Events: PEBS fmt0+, 4-deep LBR, Core2 events, Intel PMU driver.
