Nov 22 11:23:20 kashrinivaasan-Inspiron-1545 kernel: [ 4664.080471] strip_control_M(): str=virgo_cloud_malloc(1000)
Nov 22 11:23:20 kashrinivaasan-Inspiron-1545 kernel: [ 4664.080471]  before strsep
Nov 22 11:23:20 kashrinivaasan-Inspiron-1545 kernel: [ 4664.080475] strip_control_M(): newstr=virgo_cloud_malloc(1000) after carriage return newline strsep
Nov 22 11:23:20 kashrinivaasan-Inspiron-1545 kernel: [ 4664.080477] virgocloudexec_mempool_recvfrom(): kernel_recvmsg() returns in recv: iov.iov_base=, buffer: virgo_cloud_malloc(1000)
Nov 22 11:23:20 kashrinivaasan-Inspiron-1545 kernel: [ 4664.080477] 
Nov 22 11:23:20 kashrinivaasan-Inspiron-1545 kernel: [ 4664.080480] virgo_cloudexec_mempool: print_buffer(): 
Nov 22 11:23:20 kashrinivaasan-Inspiron-1545 kernel: [ 4664.080481] vi
Nov 22 11:23:20 kashrinivaasan-Inspiron-1545 kernel: [ 4664.080484] rg
Nov 22 11:23:20 kashrinivaasan-Inspiron-1545 kernel: [ 4664.080486] o_
Nov 22 11:23:20 kashrinivaasan-Inspiron-1545 kernel: [ 4664.080489] cl
Nov 22 11:23:20 kashrinivaasan-Inspiron-1545 kernel: [ 4664.080491] ou
Nov 22 11:23:20 kashrinivaasan-Inspiron-1545 kernel: [ 4664.080493] d_
Nov 22 11:23:20 kashrinivaasan-Inspiron-1545 kernel: [ 4664.080496] ma
Nov 22 11:23:20 kashrinivaasan-Inspiron-1545 kernel: [ 4664.080500] ll
Nov 22 11:23:20 kashrinivaasan-Inspiron-1545 kernel: [ 4664.080503] oc
Nov 22 11:23:20 kashrinivaasan-Inspiron-1545 kernel: [ 4664.080505] (1
Nov 22 11:23:20 kashrinivaasan-Inspiron-1545 kernel: [ 4664.080507] 00
Nov 22 11:23:20 kashrinivaasan-Inspiron-1545 kernel: [ 4664.080510] 0)
Nov 22 11:23:20 kashrinivaasan-Inspiron-1545 kernel: [ 4664.080512] <6>[ 4664.080514] 
Nov 22 11:23:20 kashrinivaasan-Inspiron-1545 kernel: [ 4664.080515] 
Nov 22 11:23:20 kashrinivaasan-Inspiron-1545 kernel: [ 4664.080516] 
Nov 22 11:23:20 kashrinivaasan-Inspiron-1545 kernel: [ 4664.080519] 
Nov 22 11:23:20 kashrinivaasan-Inspiron-1545 kernel: [ 4664.080521] 
Nov 22 11:23:20 kashrinivaasan-Inspiron-1545 kernel: [ 4664.080523] 
Nov 22 11:23:20 kashrinivaasan-Inspiron-1545 kernel: [ 4664.080526] 
Nov 22 11:23:20 kashrinivaasan-Inspiron-1545 kernel: [ 4664.080528] 
Nov 22 11:23:20 kashrinivaasan-Inspiron-1545 kernel: [ 4664.080530] 
Nov 22 11:23:20 kashrinivaasan-Inspiron-1545 kernel: [ 4664.080532] 
Nov 22 11:23:20 kashrinivaasan-Inspiron-1545 kernel: [ 4664.080535] 
Nov 22 11:23:20 kashrinivaasan-Inspiron-1545 kernel: [ 4664.080537] 
Nov 22 11:23:20 kashrinivaasan-Inspiron-1545 kernel: [ 4664.080539] 
Nov 22 11:23:20 kashrinivaasan-Inspiron-1545 kernel: [ 4664.080542] 
Nov 22 11:23:20 kashrinivaasan-Inspiron-1545 kernel: [ 4664.080544] 
Nov 22 11:23:20 kashrinivaasan-Inspiron-1545 kernel: [ 4664.080546] 
Nov 22 11:23:20 kashrinivaasan-Inspiron-1545 kernel: [ 4664.080548] 
Nov 22 11:23:20 kashrinivaasan-Inspiron-1545 kernel: [ 4664.080551] 
Nov 22 11:23:20 kashrinivaasan-Inspiron-1545 kernel: [ 4664.080553] 
Nov 22 11:23:20 kashrinivaasan-Inspiron-1545 kernel: [ 4664.080555] 
Nov 22 11:23:20 kashrinivaasan-Inspiron-1545 kernel: [ 4664.080558] 
Nov 22 11:23:20 kashrinivaasan-Inspiron-1545 kernel: [ 4664.080560] 
Nov 22 11:23:20 kashrinivaasan-Inspiron-1545 kernel: [ 4664.080562] 
Nov 22 11:23:20 kashrinivaasan-Inspiron-1545 kernel: [ 4664.080565] 
Nov 22 11:23:20 kashrinivaasan-Inspiron-1545 kernel: [ 4664.080567] 
Nov 22 11:23:20 kashrinivaasan-Inspiron-1545 kernel: [ 4664.080569] 
Nov 22 11:23:20 kashrinivaasan-Inspiron-1545 kernel: [ 4664.080571] 
Nov 22 11:23:20 kashrinivaasan-Inspiron-1545 kernel: [ 4664.080574] 
Nov 22 11:23:20 kashrinivaasan-Inspiron-1545 kernel: [ 4664.080576] 
Nov 22 11:23:20 kashrinivaasan-Inspiron-1545 kernel: [ 4664.080578] 
Nov 22 11:23:20 kashrinivaasan-Inspiron-1545 kernel: [ 4664.080581] 
Nov 22 11:23:20 kashrinivaasan-Inspiron-1545 kernel: [ 4664.080583] 
Nov 22 11:23:20 kashrinivaasan-Inspiron-1545 kernel: [ 4664.080585] 
Nov 22 11:23:20 kashrinivaasan-Inspiron-1545 kernel: [ 4664.080588] 
Nov 22 11:23:20 kashrinivaasan-Inspiron-1545 kernel: [ 4664.080590] 
Nov 22 11:23:20 kashrinivaasan-Inspiron-1545 kernel: [ 4664.080592] 
Nov 22 11:23:20 kashrinivaasan-Inspiron-1545 kernel: [ 4664.080594] 
Nov 22 11:23:20 kashrinivaasan-Inspiron-1545 kernel: [ 4664.080597] 
Nov 22 11:23:20 kashrinivaasan-Inspiron-1545 kernel: [ 4664.080599] 
Nov 22 11:23:20 kashrinivaasan-Inspiron-1545 kernel: [ 4664.080601] 
Nov 22 11:23:20 kashrinivaasan-Inspiron-1545 kernel: [ 4664.080604] 
Nov 22 11:23:20 kashrinivaasan-Inspiron-1545 kernel: [ 4664.080606] 
Nov 22 11:23:20 kashrinivaasan-Inspiron-1545 kernel: [ 4664.080608] 
Nov 22 11:23:20 kashrinivaasan-Inspiron-1545 kernel: [ 4664.080615] 
Nov 22 11:23:20 kashrinivaasan-Inspiron-1545 kernel: [ 4664.080617] 
Nov 22 11:23:20 kashrinivaasan-Inspiron-1545 kernel: [ 4664.080620] 
Nov 22 11:23:20 kashrinivaasan-Inspiron-1545 kernel: [ 4664.080622] 
Nov 22 11:23:20 kashrinivaasan-Inspiron-1545 kernel: [ 4664.080624] 
Nov 22 11:23:20 kashrinivaasan-Inspiron-1545 kernel: [ 4664.080627] 
Nov 22 11:23:20 kashrinivaasan-Inspiron-1545 kernel: [ 4664.080629] 
Nov 22 11:23:20 kashrinivaasan-Inspiron-1545 kernel: [ 4664.080631] 
Nov 22 11:23:20 kashrinivaasan-Inspiron-1545 kernel: [ 4664.080633] 
Nov 22 11:23:20 kashrinivaasan-Inspiron-1545 kernel: [ 4664.080636] 
Nov 22 11:23:20 kashrinivaasan-Inspiron-1545 kernel: [ 4664.080638] 
Nov 22 11:23:20 kashrinivaasan-Inspiron-1545 kernel: [ 4664.080640] 
Nov 22 11:23:20 kashrinivaasan-Inspiron-1545 kernel: [ 4664.080643] 
Nov 22 11:23:20 kashrinivaasan-Inspiron-1545 kernel: [ 4664.080645] 
Nov 22 11:23:20 kashrinivaasan-Inspiron-1545 kernel: [ 4664.080647] 
Nov 22 11:23:20 kashrinivaasan-Inspiron-1545 kernel: [ 4664.080649] 
Nov 22 11:23:20 kashrinivaasan-Inspiron-1545 kernel: [ 4664.080652] 
Nov 22 11:23:20 kashrinivaasan-Inspiron-1545 kernel: [ 4664.080654] 
Nov 22 11:23:20 kashrinivaasan-Inspiron-1545 kernel: [ 4664.080656] 
Nov 22 11:23:20 kashrinivaasan-Inspiron-1545 kernel: [ 4664.080659] 
Nov 22 11:23:20 kashrinivaasan-Inspiron-1545 kernel: [ 4664.080661] 
Nov 22 11:23:20 kashrinivaasan-Inspiron-1545 kernel: [ 4664.080663] 
Nov 22 11:23:20 kashrinivaasan-Inspiron-1545 kernel: [ 4664.080665] 
Nov 22 11:23:20 kashrinivaasan-Inspiron-1545 kernel: [ 4664.080668] 
Nov 22 11:23:20 kashrinivaasan-Inspiron-1545 kernel: [ 4664.080670] 
Nov 22 11:23:20 kashrinivaasan-Inspiron-1545 kernel: [ 4664.080672] 
Nov 22 11:23:20 kashrinivaasan-Inspiron-1545 kernel: [ 4664.080675] 
Nov 22 11:23:20 kashrinivaasan-Inspiron-1545 kernel: [ 4664.080677] 
Nov 22 11:23:20 kashrinivaasan-Inspiron-1545 kernel: [ 4664.080679] 
Nov 22 11:23:20 kashrinivaasan-Inspiron-1545 kernel: [ 4664.080682] 
Nov 22 11:23:20 kashrinivaasan-Inspiron-1545 kernel: [ 4664.080684] 
Nov 22 11:23:20 kashrinivaasan-Inspiron-1545 kernel: [ 4664.080686] 
Nov 22 11:23:20 kashrinivaasan-Inspiron-1545 kernel: [ 4664.080689] 
Nov 22 11:23:20 kashrinivaasan-Inspiron-1545 kernel: [ 4664.080691] 
Nov 22 11:23:20 kashrinivaasan-Inspiron-1545 kernel: [ 4664.080693] 
Nov 22 11:23:20 kashrinivaasan-Inspiron-1545 kernel: [ 4664.080695] 
Nov 22 11:23:20 kashrinivaasan-Inspiron-1545 kernel: [ 4664.080698] 
Nov 22 11:23:20 kashrinivaasan-Inspiron-1545 kernel: [ 4664.080700] 
Nov 22 11:23:20 kashrinivaasan-Inspiron-1545 kernel: [ 4664.080702] 
Nov 22 11:23:20 kashrinivaasan-Inspiron-1545 kernel: [ 4664.080705] 
Nov 22 11:23:20 kashrinivaasan-Inspiron-1545 kernel: [ 4664.080707] 
Nov 22 11:23:20 kashrinivaasan-Inspiron-1545 kernel: [ 4664.080709] 
Nov 22 11:23:20 kashrinivaasan-Inspiron-1545 kernel: [ 4664.080711] 
Nov 22 11:23:20 kashrinivaasan-Inspiron-1545 kernel: [ 4664.080714] 
Nov 22 11:23:20 kashrinivaasan-Inspiron-1545 kernel: [ 4664.080716] 
Nov 22 11:23:20 kashrinivaasan-Inspiron-1545 kernel: [ 4664.080718] 
Nov 22 11:23:20 kashrinivaasan-Inspiron-1545 kernel: [ 4664.080721] 
Nov 22 11:23:20 kashrinivaasan-Inspiron-1545 kernel: [ 4664.080723] 
Nov 22 11:23:20 kashrinivaasan-Inspiron-1545 kernel: [ 4664.080725] 
Nov 22 11:23:20 kashrinivaasan-Inspiron-1545 kernel: [ 4664.080728] 
Nov 22 11:23:20 kashrinivaasan-Inspiron-1545 kernel: [ 4664.080730] 
Nov 22 11:23:20 kashrinivaasan-Inspiron-1545 kernel: [ 4664.080732] 
Nov 22 11:23:20 kashrinivaasan-Inspiron-1545 kernel: [ 4664.080734] 
Nov 22 11:23:20 kashrinivaasan-Inspiron-1545 kernel: [ 4664.080737] 
Nov 22 11:23:20 kashrinivaasan-Inspiron-1545 kernel: [ 4664.080739] 
Nov 22 11:23:20 kashrinivaasan-Inspiron-1545 kernel: [ 4664.080741] 
Nov 22 11:23:20 kashrinivaasan-Inspiron-1545 kernel: [ 4664.080743] 
Nov 22 11:23:20 kashrinivaasan-Inspiron-1545 kernel: [ 4664.080746] 
Nov 22 11:23:20 kashrinivaasan-Inspiron-1545 kernel: [ 4664.080748] 
Nov 22 11:23:20 kashrinivaasan-Inspiron-1545 kernel: [ 4664.080750] 
Nov 22 11:23:20 kashrinivaasan-Inspiron-1545 kernel: [ 4664.080753] 
Nov 22 11:23:20 kashrinivaasan-Inspiron-1545 kernel: [ 4664.080755] 
Nov 22 11:23:20 kashrinivaasan-Inspiron-1545 kernel: [ 4664.080757] 
Nov 22 11:23:20 kashrinivaasan-Inspiron-1545 kernel: [ 4664.080760] 
Nov 22 11:23:20 kashrinivaasan-Inspiron-1545 kernel: [ 4664.080762] 
Nov 22 11:23:20 kashrinivaasan-Inspiron-1545 kernel: [ 4664.080764] 
Nov 22 11:23:20 kashrinivaasan-Inspiron-1545 kernel: [ 4664.080767] 
Nov 22 11:23:20 kashrinivaasan-Inspiron-1545 kernel: [ 4664.080769] 
Nov 22 11:23:20 kashrinivaasan-Inspiron-1545 kernel: [ 4664.080771] 
Nov 22 11:23:20 kashrinivaasan-Inspiron-1545 kernel: [ 4664.080773] 
Nov 22 11:23:20 kashrinivaasan-Inspiron-1545 kernel: [ 4664.080776] 
Nov 22 11:23:20 kashrinivaasan-Inspiron-1545 kernel: [ 4664.080778] 
Nov 22 11:23:20 kashrinivaasan-Inspiron-1545 kernel: [ 4664.080780] 
Nov 22 11:23:20 kashrinivaasan-Inspiron-1545 kernel: [ 4664.080783] 
Nov 22 11:23:20 kashrinivaasan-Inspiron-1545 kernel: [ 4664.080785] 
Nov 22 11:23:20 kashrinivaasan-Inspiron-1545 kernel: [ 4664.080787] 
Nov 22 11:23:20 kashrinivaasan-Inspiron-1545 kernel: [ 4664.080790] 
Nov 22 11:23:20 kashrinivaasan-Inspiron-1545 kernel: [ 4664.080792] 
Nov 22 11:23:20 kashrinivaasan-Inspiron-1545 kernel: [ 4664.080794] 
Nov 22 11:23:20 kashrinivaasan-Inspiron-1545 kernel: [ 4664.080796] 
Nov 22 11:23:20 kashrinivaasan-Inspiron-1545 kernel: [ 4664.080799] 
Nov 22 11:23:20 kashrinivaasan-Inspiron-1545 kernel: [ 4664.080801] 
Nov 22 11:23:20 kashrinivaasan-Inspiron-1545 kernel: [ 4664.080803] 
Nov 22 11:23:20 kashrinivaasan-Inspiron-1545 kernel: [ 4664.080806] 
Nov 22 11:23:20 kashrinivaasan-Inspiron-1545 kernel: [ 4664.080808] 
Nov 22 11:23:20 kashrinivaasan-Inspiron-1545 kernel: [ 4664.080810] 
Nov 22 11:23:20 kashrinivaasan-Inspiron-1545 kernel: [ 4664.080813] 
Nov 22 11:23:20 kashrinivaasan-Inspiron-1545 kernel: [ 4664.080815] 
Nov 22 11:23:20 kashrinivaasan-Inspiron-1545 kernel: [ 4664.080817] 
Nov 22 11:23:20 kashrinivaasan-Inspiron-1545 kernel: [ 4664.080819] 
Nov 22 11:23:20 kashrinivaasan-Inspiron-1545 kernel: [ 4664.080822] 
Nov 22 11:23:20 kashrinivaasan-Inspiron-1545 kernel: [ 4664.080824] 
Nov 22 11:23:20 kashrinivaasan-Inspiron-1545 kernel: [ 4664.080826] 
Nov 22 11:23:20 kashrinivaasan-Inspiron-1545 kernel: [ 4664.080829] 
Nov 22 11:23:20 kashrinivaasan-Inspiron-1545 kernel: [ 4664.080831] 
Nov 22 11:23:20 kashrinivaasan-Inspiron-1545 kernel: [ 4664.080833] 
Nov 22 11:23:20 kashrinivaasan-Inspiron-1545 kernel: [ 4664.080836] 
Nov 22 11:23:20 kashrinivaasan-Inspiron-1545 kernel: [ 4664.080838] 
Nov 22 11:23:20 kashrinivaasan-Inspiron-1545 kernel: [ 4664.080840] 
Nov 22 11:23:20 kashrinivaasan-Inspiron-1545 kernel: [ 4664.080842] 
Nov 22 11:23:20 kashrinivaasan-Inspiron-1545 kernel: [ 4664.080845] 
Nov 22 11:23:20 kashrinivaasan-Inspiron-1545 kernel: [ 4664.080847] 
Nov 22 11:23:20 kashrinivaasan-Inspiron-1545 kernel: [ 4664.080849] 
Nov 22 11:23:20 kashrinivaasan-Inspiron-1545 kernel: [ 4664.080852] 
Nov 22 11:23:20 kashrinivaasan-Inspiron-1545 kernel: [ 4664.080854] 
Nov 22 11:23:20 kashrinivaasan-Inspiron-1545 kernel: [ 4664.080856] 
Nov 22 11:23:20 kashrinivaasan-Inspiron-1545 kernel: [ 4664.080859] 
Nov 22 11:23:20 kashrinivaasan-Inspiron-1545 kernel: [ 4664.080861] 
Nov 22 11:23:20 kashrinivaasan-Inspiron-1545 kernel: [ 4664.080863] 
Nov 22 11:23:20 kashrinivaasan-Inspiron-1545 kernel: [ 4664.080866] 
Nov 22 11:23:20 kashrinivaasan-Inspiron-1545 kernel: [ 4664.080868] 
Nov 22 11:23:20 kashrinivaasan-Inspiron-1545 kernel: [ 4664.080870] 
Nov 22 11:23:20 kashrinivaasan-Inspiron-1545 kernel: [ 4664.080872] 
Nov 22 11:23:20 kashrinivaasan-Inspiron-1545 kernel: [ 4664.080875] 
Nov 22 11:23:20 kashrinivaasan-Inspiron-1545 kernel: [ 4664.080877] 
Nov 22 11:23:20 kashrinivaasan-Inspiron-1545 kernel: [ 4664.080879] 
Nov 22 11:23:20 kashrinivaasan-Inspiron-1545 kernel: [ 4664.080882] 
Nov 22 11:23:20 kashrinivaasan-Inspiron-1545 kernel: [ 4664.080884] 
Nov 22 11:23:20 kashrinivaasan-Inspiron-1545 kernel: [ 4664.080886] 
Nov 22 11:23:20 kashrinivaasan-Inspiron-1545 kernel: [ 4664.080889] 
Nov 22 11:23:20 kashrinivaasan-Inspiron-1545 kernel: [ 4664.080891] 
Nov 22 11:23:20 kashrinivaasan-Inspiron-1545 kernel: [ 4664.080893] 
Nov 22 11:23:20 kashrinivaasan-Inspiron-1545 kernel: [ 4664.080896] 
Nov 22 11:23:20 kashrinivaasan-Inspiron-1545 kernel: [ 4664.080898] 
Nov 22 11:23:20 kashrinivaasan-Inspiron-1545 kernel: [ 4664.080900] 
Nov 22 11:23:20 kashrinivaasan-Inspiron-1545 kernel: [ 4664.080903] 
Nov 22 11:23:20 kashrinivaasan-Inspiron-1545 kernel: [ 4664.080905] 
Nov 22 11:23:20 kashrinivaasan-Inspiron-1545 kernel: [ 4664.080907] 
Nov 22 11:23:20 kashrinivaasan-Inspiron-1545 kernel: [ 4664.080909] 
Nov 22 11:23:20 kashrinivaasan-Inspiron-1545 kernel: [ 4664.080912] 
Nov 22 11:23:20 kashrinivaasan-Inspiron-1545 kernel: [ 4664.080914] 
Nov 22 11:23:20 kashrinivaasan-Inspiron-1545 kernel: [ 4664.080916] 
Nov 22 11:23:20 kashrinivaasan-Inspiron-1545 kernel: [ 4664.080919] 
Nov 22 11:23:20 kashrinivaasan-Inspiron-1545 kernel: [ 4664.080921] 
Nov 22 11:23:20 kashrinivaasan-Inspiron-1545 kernel: [ 4664.080923] 
Nov 22 11:23:20 kashrinivaasan-Inspiron-1545 kernel: [ 4664.080926] 
Nov 22 11:23:20 kashrinivaasan-Inspiron-1545 kernel: [ 4664.080928] 
Nov 22 11:23:20 kashrinivaasan-Inspiron-1545 kernel: [ 4664.080930] 
Nov 22 11:23:20 kashrinivaasan-Inspiron-1545 kernel: [ 4664.080932] 
Nov 22 11:23:20 kashrinivaasan-Inspiron-1545 kernel: [ 4664.080935] 
Nov 22 11:23:20 kashrinivaasan-Inspiron-1545 kernel: [ 4664.080937] 
Nov 22 11:23:20 kashrinivaasan-Inspiron-1545 kernel: [ 4664.080939] 
Nov 22 11:23:20 kashrinivaasan-Inspiron-1545 kernel: [ 4664.080942] 
Nov 22 11:23:20 kashrinivaasan-Inspiron-1545 kernel: [ 4664.080944] 
Nov 22 11:23:20 kashrinivaasan-Inspiron-1545 kernel: [ 4664.080946] 
Nov 22 11:23:20 kashrinivaasan-Inspiron-1545 kernel: [ 4664.080949] 
Nov 22 11:23:20 kashrinivaasan-Inspiron-1545 kernel: [ 4664.080951] 
Nov 22 11:23:20 kashrinivaasan-Inspiron-1545 kernel: [ 4664.080953] 
Nov 22 11:23:20 kashrinivaasan-Inspiron-1545 kernel: [ 4664.080955] 
Nov 22 11:23:20 kashrinivaasan-Inspiron-1545 kernel: [ 4664.080958] 
Nov 22 11:23:20 kashrinivaasan-Inspiron-1545 kernel: [ 4664.080960] 
Nov 22 11:23:20 kashrinivaasan-Inspiron-1545 kernel: [ 4664.080962] 
Nov 22 11:23:20 kashrinivaasan-Inspiron-1545 kernel: [ 4664.080965] 
Nov 22 11:23:20 kashrinivaasan-Inspiron-1545 kernel: [ 4664.080967] 
Nov 22 11:23:20 kashrinivaasan-Inspiron-1545 kernel: [ 4664.080969] 
Nov 22 11:23:20 kashrinivaasan-Inspiron-1545 kernel: [ 4664.080971] 
Nov 22 11:23:20 kashrinivaasan-Inspiron-1545 kernel: [ 4664.080974] 
Nov 22 11:23:20 kashrinivaasan-Inspiron-1545 kernel: [ 4664.080976] 
Nov 22 11:23:20 kashrinivaasan-Inspiron-1545 kernel: [ 4664.080978] 
Nov 22 11:23:20 kashrinivaasan-Inspiron-1545 kernel: [ 4664.080980] 
Nov 22 11:23:20 kashrinivaasan-Inspiron-1545 kernel: [ 4664.080983] 
Nov 22 11:23:20 kashrinivaasan-Inspiron-1545 kernel: [ 4664.080985] 
Nov 22 11:23:20 kashrinivaasan-Inspiron-1545 kernel: [ 4664.080987] 
Nov 22 11:23:20 kashrinivaasan-Inspiron-1545 kernel: [ 4664.080990] 
Nov 22 11:23:20 kashrinivaasan-Inspiron-1545 kernel: [ 4664.080992] 
Nov 22 11:23:20 kashrinivaasan-Inspiron-1545 kernel: [ 4664.080994] 
Nov 22 11:23:20 kashrinivaasan-Inspiron-1545 kernel: [ 4664.080996] 
Nov 22 11:23:20 kashrinivaasan-Inspiron-1545 kernel: [ 4664.080999] 
Nov 22 11:23:20 kashrinivaasan-Inspiron-1545 kernel: [ 4664.081001] 
Nov 22 11:23:20 kashrinivaasan-Inspiron-1545 kernel: [ 4664.081003] 
Nov 22 11:23:20 kashrinivaasan-Inspiron-1545 kernel: [ 4664.081005] 
Nov 22 11:23:20 kashrinivaasan-Inspiron-1545 kernel: [ 4664.081008] 
Nov 22 11:23:20 kashrinivaasan-Inspiron-1545 kernel: [ 4664.081010] 
Nov 22 11:23:20 kashrinivaasan-Inspiron-1545 kernel: [ 4664.081012] 
Nov 22 11:23:20 kashrinivaasan-Inspiron-1545 kernel: [ 4664.081015] 
Nov 22 11:23:20 kashrinivaasan-Inspiron-1545 kernel: [ 4664.081017] 
Nov 22 11:23:20 kashrinivaasan-Inspiron-1545 kernel: [ 4664.081019] 
Nov 22 11:23:20 kashrinivaasan-Inspiron-1545 kernel: [ 4664.081021] 
Nov 22 11:23:20 kashrinivaasan-Inspiron-1545 kernel: [ 4664.081024] 
Nov 22 11:23:20 kashrinivaasan-Inspiron-1545 kernel: [ 4664.081026] 
Nov 22 11:23:20 kashrinivaasan-Inspiron-1545 kernel: [ 4664.081028] 
Nov 22 11:23:20 kashrinivaasan-Inspiron-1545 kernel: [ 4664.081030] 
Nov 22 11:23:20 kashrinivaasan-Inspiron-1545 kernel: [ 4664.081033] 
Nov 22 11:23:20 kashrinivaasan-Inspiron-1545 kernel: [ 4664.081035] 
Nov 22 11:23:20 kashrinivaasan-Inspiron-1545 kernel: [ 4664.081037] 
Nov 22 11:23:20 kashrinivaasan-Inspiron-1545 kernel: [ 4664.081039] 
Nov 22 11:23:20 kashrinivaasan-Inspiron-1545 kernel: [ 4664.081042] 
Nov 22 11:23:20 kashrinivaasan-Inspiron-1545 kernel: [ 4664.081044] 
Nov 22 11:23:20 kashrinivaasan-Inspiron-1545 kernel: [ 4664.081046] 
Nov 22 11:23:20 kashrinivaasan-Inspiron-1545 kernel: [ 4664.081049] 
Nov 22 11:23:20 kashrinivaasan-Inspiron-1545 kernel: [ 4664.081051] 
Nov 22 11:23:20 kashrinivaasan-Inspiron-1545 kernel: [ 4664.081053] 
Nov 22 11:23:20 kashrinivaasan-Inspiron-1545 kernel: [ 4664.081055] 
Nov 22 11:23:20 kashrinivaasan-Inspiron-1545 kernel: [ 4664.081058] 
Nov 22 11:23:20 kashrinivaasan-Inspiron-1545 kernel: [ 4664.081060] 
Nov 22 11:23:20 kashrinivaasan-Inspiron-1545 kernel: [ 4664.081062] <6>[ 4664.081064] 
Nov 22 11:23:20 kashrinivaasan-Inspiron-1545 kernel: [ 4664.081066] virgocloudexec_mempool_recvfrom(): kernel_recvmsg() le32 to cpu virgo_cloud_malloc(1000)
Nov 22 11:23:20 kashrinivaasan-Inspiron-1545 kernel: [ 4664.081066] 
Nov 22 11:23:20 kashrinivaasan-Inspiron-1545 kernel: [ 4664.081068] virgocloudexec_mempool_recvfrom(): mempoolFunction : virgo_cloud_malloc(1000) 
Nov 22 11:23:20 kashrinivaasan-Inspiron-1545 kernel: [ 4664.081071] parse_virgomempool_command: vmargs->mempool_cmd: virgo_cloud_malloc
Nov 22 11:23:20 kashrinivaasan-Inspiron-1545 kernel: [ 4664.081074] parse_virgomempool_command: vmargs->mempool_args[0]: 1000
Nov 22 11:23:20 kashrinivaasan-Inspiron-1545 kernel: [ 4664.081078] mempool_func(): creating kernel thread and waking up, parameterIsExecutable=2
Nov 22 11:23:20 kashrinivaasan-Inspiron-1545 kernel: [ 4664.081080] Creating Kernel Thread for virgo_cloud_malloc in virgo_cloud_mempool_kernelspace mempool driver module with mempool_args[0]=1000, mempool_args[1]=(null)
Nov 22 11:23:20 kashrinivaasan-Inspiron-1545 kernel: [ 4664.081083] virgo_cloud_mempool_kernelspace.c:Executing virgo_cloud_mempool on cloud node, Invoking virgo_cloud_malloc_kernelspace(), Writing to file opened by Kernel, Kernel Space to User space communication works
Nov 22 11:23:20 kashrinivaasan-Inspiron-1545 kernel: [ 4664.081085] virgo_cloud_mempool_kernelspace.c:virgo_cloud_malloc_kernelspace(): size str=1000
Nov 22 11:23:20 kashrinivaasan-Inspiron-1545 kernel: [ 4664.081088] toInteger(): strInt=[1000], integer=1000
Nov 22 11:23:20 kashrinivaasan-Inspiron-1545 kernel: [ 4664.081090] virgo_cloud_mempool_kernelspace.c:virgo_cloud_malloc_kernelspace(): size=1000
Nov 22 11:23:20 kashrinivaasan-Inspiron-1545 kernel: [ 4664.081093] virgo_cloud_mempool_kernelspace.c:virgo_cloud_malloc_kernelspace(): ptr=d5eec000
Nov 22 11:23:20 kashrinivaasan-Inspiron-1545 kernel: [ 4664.081095] virgo_cloud_mempool_kernelspace.c:virgo_cloud_malloc_kernelspace(): setting ptr=d5eec000 in vmargs as an out arg
Nov 22 11:23:20 kashrinivaasan-Inspiron-1545 kernel: [ 4664.081097] mempool_func(): virgo mempool kernelspace module returns value virgo_mempool_ret=d5eec000
Nov 22 11:23:20 kashrinivaasan-Inspiron-1545 kernel: [ 4664.081099] virgo_mempool_client_thread(): virgo_mempool_ops.virgo_mempool_sendto()
Nov 22 11:23:20 kashrinivaasan-Inspiron-1545 kernel: [ 4664.081100] virgocloudexec_mempool_sendto(): virgo_mempool_ret=
Nov 22 11:23:20 kashrinivaasan-Inspiron-1545 kernel: [ 4664.081102] virgocloudexec_mempool_sendto(): address sent=d5eec000
Nov 22 11:23:20 kashrinivaasan-Inspiron-1545 kernel: [ 4664.081105] toAddressString(): address=d5eec000, sprintf strAddress=[d5eec000]
Nov 22 11:23:20 kashrinivaasan-Inspiron-1545 kernel: [ 4664.081106] virgocloudexec_mempool_sendto(): before kernel_sendmsg() for send buffer: d5eec000
Nov 22 11:23:20 kashrinivaasan-Inspiron-1545 kernel: [ 4664.081131] virgocloudexec_mempool_sendto(): kernel_sendmsg() returns ret: 500
Nov 22 11:23:20 kashrinivaasan-Inspiron-1545 kernel: [ 4664.081149] virgocloudexec_mempool_sendto(): sock_release invoked on client socket 
Nov 22 11:23:21 kashrinivaasan-Inspiron-1545 kernel: [ 4665.039172] [UFW BLOCK] IN=ppp0 OUT= MAC= SRC=182.189.5.216 DST=14.99.34.191 LEN=52 TOS=0x00 PREC=0x00 TTL=109 ID=15733 DF PROTO=TCP SPT=57593 DPT=39216 WINDOW=8192 RES=0x00 SYN URGP=0 
Nov 22 11:23:22 kashrinivaasan-Inspiron-1545 kernel: [ 4665.750964] virgo_cloudexec_mempool_service(): virgo mempool client thread per request 
Nov 22 11:23:22 kashrinivaasan-Inspiron-1545 kernel: [ 4665.751097] virgo_cloudexec_mempool_service(): virgo_mempool_ops.virgo_create() 
Nov 22 11:23:22 kashrinivaasan-Inspiron-1545 kernel: [ 4665.751101] virgo_mempool_client_thread(): virgo_mempool_ops.virgo_mempool_recvfrom()
Nov 22 11:23:22 kashrinivaasan-Inspiron-1545 kernel: [ 4665.751107] virgocloudexec_mempool_recvfrom(): before kernel_recvmsg()
Nov 22 11:23:23 kashrinivaasan-Inspiron-1545 kernel: [ 4666.521242] [UFW BLOCK] IN=ppp0 OUT= MAC= SRC=182.189.5.216 DST=14.99.34.191 LEN=52 TOS=0x00 PREC=0x00 TTL=109 ID=15923 DF PROTO=TCP SPT=57593 DPT=39216 WINDOW=8192 RES=0x00 SYN URGP=0 
Nov 22 11:23:27 kashrinivaasan-Inspiron-1545 kernel: [ 4670.329235] [UFW BLOCK] IN=ppp0 OUT= MAC= SRC=199.59.149.230 DST=14.99.34.191 LEN=40 TOS=0x00 PREC=0x00 TTL=244 ID=34263 DF PROTO=TCP SPT=443 DPT=51516 WINDOW=0 RES=0x00 ACK RST URGP=0 
Nov 22 11:23:29 kashrinivaasan-Inspiron-1545 kernel: [ 4672.389240] [UFW BLOCK] IN=ppp0 OUT= MAC= SRC=182.189.5.216 DST=14.99.34.191 LEN=48 TOS=0x00 PREC=0x00 TTL=109 ID=16505 DF PROTO=TCP SPT=57593 DPT=39216 WINDOW=8192 RES=0x00 SYN URGP=0 
Nov 22 11:23:29 kashrinivaasan-Inspiron-1545 kernel: [ 4672.709134] [UFW BLOCK] IN=ppp0 OUT= MAC= SRC=1.93.14.200 DST=14.99.34.191 LEN=40 TOS=0x00 PREC=0x00 TTL=98 ID=256 PROTO=TCP SPT=6000 DPT=1433 WINDOW=16384 RES=0x00 SYN URGP=0 
Nov 22 11:23:39 kashrinivaasan-Inspiron-1545 kernel: [ 4683.129154] [UFW BLOCK] IN=ppp0 OUT= MAC= SRC=74.125.236.128 DST=14.99.34.191 LEN=40 TOS=0x00 PREC=0x00 TTL=57 ID=23526 PROTO=TCP SPT=443 DPT=53023 WINDOW=0 RES=0x00 RST URGP=0 
Nov 22 11:23:42 kashrinivaasan-Inspiron-1545 kernel: [ 4686.133313] virgocloudexec_mempool_recvfrom(): kernel_recvmsg() returns len: 36
Nov 22 11:23:42 kashrinivaasan-Inspiron-1545 kernel: [ 4686.133326] strip_control_M(): str=virgo_cloud_set("d5eec000","data")
Nov 22 11:23:42 kashrinivaasan-Inspiron-1545 kernel: [ 4686.133326]  before strsep
Nov 22 11:23:42 kashrinivaasan-Inspiron-1545 kernel: [ 4686.133332] strip_control_M(): newstr=virgo_cloud_set("d5eec000","data") after carriage return newline strsep
Nov 22 11:23:42 kashrinivaasan-Inspiron-1545 kernel: [ 4686.133336] virgocloudexec_mempool_recvfrom(): kernel_recvmsg() returns in recv: iov.iov_base=, buffer: virgo_cloud_set("d5eec000","data")
Nov 22 11:23:42 kashrinivaasan-Inspiron-1545 kernel: [ 4686.133336] 
Nov 22 11:23:42 kashrinivaasan-Inspiron-1545 kernel: [ 4686.133340] virgo_cloudexec_mempool: print_buffer(): 
Nov 22 11:23:42 kashrinivaasan-Inspiron-1545 kernel: [ 4686.133343] vi
Nov 22 11:23:42 kashrinivaasan-Inspiron-1545 kernel: [ 4686.133347] rg
Nov 22 11:23:42 kashrinivaasan-Inspiron-1545 kernel: [ 4686.133351] o_
Nov 22 11:23:42 kashrinivaasan-Inspiron-1545 kernel: [ 4686.133355] cl
Nov 22 11:23:42 kashrinivaasan-Inspiron-1545 kernel: [ 4686.133359] ou
Nov 22 11:23:42 kashrinivaasan-Inspiron-1545 kernel: [ 4686.133363] d_
Nov 22 11:23:42 kashrinivaasan-Inspiron-1545 kernel: [ 4686.133366] se
Nov 22 11:23:42 kashrinivaasan-Inspiron-1545 kernel: [ 4686.133370] t(
Nov 22 11:23:42 kashrinivaasan-Inspiron-1545 kernel: [ 4686.133374] "d
Nov 22 11:23:42 kashrinivaasan-Inspiron-1545 kernel: [ 4686.133378] 5e
Nov 22 11:23:42 kashrinivaasan-Inspiron-1545 kernel: [ 4686.133382] ec
Nov 22 11:23:42 kashrinivaasan-Inspiron-1545 kernel: [ 4686.133385] 00
Nov 22 11:23:42 kashrinivaasan-Inspiron-1545 kernel: [ 4686.133389] 0"
Nov 22 11:23:42 kashrinivaasan-Inspiron-1545 kernel: [ 4686.133393] ,"
Nov 22 11:23:42 kashrinivaasan-Inspiron-1545 kernel: [ 4686.133397] da
Nov 22 11:23:42 kashrinivaasan-Inspiron-1545 kernel: [ 4686.133401] ta
Nov 22 11:23:42 kashrinivaasan-Inspiron-1545 kernel: [ 4686.133405] ")
Nov 22 11:23:42 kashrinivaasan-Inspiron-1545 kernel: [ 4686.133408] <6>[ 4686.133411] 
Nov 22 11:23:42 kashrinivaasan-Inspiron-1545 kernel: [ 4686.133413] 
Nov 22 11:23:42 kashrinivaasan-Inspiron-1545 kernel: [ 4686.133416] 
Nov 22 11:23:42 kashrinivaasan-Inspiron-1545 kernel: [ 4686.133420] 
Nov 22 11:23:42 kashrinivaasan-Inspiron-1545 kernel: [ 4686.133423] 
Nov 22 11:23:42 kashrinivaasan-Inspiron-1545 kernel: [ 4686.133427] 
Nov 22 11:23:42 kashrinivaasan-Inspiron-1545 kernel: [ 4686.133431] 
Nov 22 11:23:42 kashrinivaasan-Inspiron-1545 kernel: [ 4686.133435] 
Nov 22 11:23:42 kashrinivaasan-Inspiron-1545 kernel: [ 4686.133442] 
Nov 22 11:23:42 kashrinivaasan-Inspiron-1545 kernel: [ 4686.133446] 
Nov 22 11:23:42 kashrinivaasan-Inspiron-1545 kernel: [ 4686.133450] 
Nov 22 11:23:42 kashrinivaasan-Inspiron-1545 kernel: [ 4686.133454] 
Nov 22 11:23:42 kashrinivaasan-Inspiron-1545 kernel: [ 4686.133457] 
Nov 22 11:23:42 kashrinivaasan-Inspiron-1545 kernel: [ 4686.133461] 
Nov 22 11:23:42 kashrinivaasan-Inspiron-1545 kernel: [ 4686.133465] 
Nov 22 11:23:42 kashrinivaasan-Inspiron-1545 kernel: [ 4686.133469] 
Nov 22 11:23:42 kashrinivaasan-Inspiron-1545 kernel: [ 4686.133473] 
Nov 22 11:23:42 kashrinivaasan-Inspiron-1545 kernel: [ 4686.133476] 
Nov 22 11:23:42 kashrinivaasan-Inspiron-1545 kernel: [ 4686.133480] 
Nov 22 11:23:42 kashrinivaasan-Inspiron-1545 kernel: [ 4686.133484] 
Nov 22 11:23:42 kashrinivaasan-Inspiron-1545 kernel: [ 4686.133488] 
Nov 22 11:23:42 kashrinivaasan-Inspiron-1545 kernel: [ 4686.133491] 
Nov 22 11:23:42 kashrinivaasan-Inspiron-1545 kernel: [ 4686.133495] 
Nov 22 11:23:42 kashrinivaasan-Inspiron-1545 kernel: [ 4686.133499] 
Nov 22 11:23:42 kashrinivaasan-Inspiron-1545 kernel: [ 4686.133503] 
Nov 22 11:23:42 kashrinivaasan-Inspiron-1545 kernel: [ 4686.133507] 
Nov 22 11:23:42 kashrinivaasan-Inspiron-1545 kernel: [ 4686.133510] 
Nov 22 11:23:42 kashrinivaasan-Inspiron-1545 kernel: [ 4686.133514] 
Nov 22 11:23:42 kashrinivaasan-Inspiron-1545 kernel: [ 4686.133518] 
Nov 22 11:23:42 kashrinivaasan-Inspiron-1545 kernel: [ 4686.133522] 
Nov 22 11:23:42 kashrinivaasan-Inspiron-1545 kernel: [ 4686.133526] 
Nov 22 11:23:42 kashrinivaasan-Inspiron-1545 kernel: [ 4686.133529] 
Nov 22 11:23:42 kashrinivaasan-Inspiron-1545 kernel: [ 4686.133533] 
Nov 22 11:23:42 kashrinivaasan-Inspiron-1545 kernel: [ 4686.133537] 
Nov 22 11:23:42 kashrinivaasan-Inspiron-1545 kernel: [ 4686.133541] 
Nov 22 11:23:42 kashrinivaasan-Inspiron-1545 kernel: [ 4686.133545] 
Nov 22 11:23:42 kashrinivaasan-Inspiron-1545 kernel: [ 4686.133548] 
Nov 22 11:23:42 kashrinivaasan-Inspiron-1545 kernel: [ 4686.133552] 
Nov 22 11:23:42 kashrinivaasan-Inspiron-1545 kernel: [ 4686.133556] 
Nov 22 11:23:42 kashrinivaasan-Inspiron-1545 kernel: [ 4686.133560] 
Nov 22 11:23:42 kashrinivaasan-Inspiron-1545 kernel: [ 4686.133563] 
Nov 22 11:23:42 kashrinivaasan-Inspiron-1545 kernel: [ 4686.133567] 
Nov 22 11:23:42 kashrinivaasan-Inspiron-1545 kernel: [ 4686.133571] 
Nov 22 11:23:42 kashrinivaasan-Inspiron-1545 kernel: [ 4686.133575] 
Nov 22 11:23:42 kashrinivaasan-Inspiron-1545 kernel: [ 4686.133579] 
Nov 22 11:23:42 kashrinivaasan-Inspiron-1545 kernel: [ 4686.133582] 
Nov 22 11:23:42 kashrinivaasan-Inspiron-1545 kernel: [ 4686.133586] 
Nov 22 11:23:42 kashrinivaasan-Inspiron-1545 kernel: [ 4686.133590] 
Nov 22 11:23:42 kashrinivaasan-Inspiron-1545 kernel: [ 4686.133594] 
Nov 22 11:23:42 kashrinivaasan-Inspiron-1545 kernel: [ 4686.133598] 
Nov 22 11:23:42 kashrinivaasan-Inspiron-1545 kernel: [ 4686.133601] 
Nov 22 11:23:42 kashrinivaasan-Inspiron-1545 kernel: [ 4686.133605] 
Nov 22 11:23:42 kashrinivaasan-Inspiron-1545 kernel: [ 4686.133609] 
Nov 22 11:23:42 kashrinivaasan-Inspiron-1545 kernel: [ 4686.133613] 
Nov 22 11:23:42 kashrinivaasan-Inspiron-1545 kernel: [ 4686.133617] 
Nov 22 11:23:42 kashrinivaasan-Inspiron-1545 kernel: [ 4686.133620] 
Nov 22 11:23:42 kashrinivaasan-Inspiron-1545 kernel: [ 4686.133624] 
Nov 22 11:23:42 kashrinivaasan-Inspiron-1545 kernel: [ 4686.133628] 
Nov 22 11:23:42 kashrinivaasan-Inspiron-1545 kernel: [ 4686.133632] 
Nov 22 11:23:42 kashrinivaasan-Inspiron-1545 kernel: [ 4686.133636] 
Nov 22 11:23:42 kashrinivaasan-Inspiron-1545 kernel: [ 4686.133639] 
Nov 22 11:23:42 kashrinivaasan-Inspiron-1545 kernel: [ 4686.133643] 
Nov 22 11:23:42 kashrinivaasan-Inspiron-1545 kernel: [ 4686.133647] 
Nov 22 11:23:42 kashrinivaasan-Inspiron-1545 kernel: [ 4686.133651] 
Nov 22 11:23:42 kashrinivaasan-Inspiron-1545 kernel: [ 4686.133655] 
Nov 22 11:23:42 kashrinivaasan-Inspiron-1545 kernel: [ 4686.133658] 
Nov 22 11:23:42 kashrinivaasan-Inspiron-1545 kernel: [ 4686.133662] 
Nov 22 11:23:42 kashrinivaasan-Inspiron-1545 kernel: [ 4686.133666] 
Nov 22 11:23:42 kashrinivaasan-Inspiron-1545 kernel: [ 4686.133670] 
Nov 22 11:23:42 kashrinivaasan-Inspiron-1545 kernel: [ 4686.133674] 
Nov 22 11:23:42 kashrinivaasan-Inspiron-1545 kernel: [ 4686.133677] 
Nov 22 11:23:42 kashrinivaasan-Inspiron-1545 kernel: [ 4686.133681] 
Nov 22 11:23:42 kashrinivaasan-Inspiron-1545 kernel: [ 4686.133685] 
Nov 22 11:23:42 kashrinivaasan-Inspiron-1545 kernel: [ 4686.133689] 
Nov 22 11:23:42 kashrinivaasan-Inspiron-1545 kernel: [ 4686.133693] 
Nov 22 11:23:42 kashrinivaasan-Inspiron-1545 kernel: [ 4686.133696] 
Nov 22 11:23:42 kashrinivaasan-Inspiron-1545 kernel: [ 4686.133700] 
Nov 22 11:23:42 kashrinivaasan-Inspiron-1545 kernel: [ 4686.133704] 
Nov 22 11:23:42 kashrinivaasan-Inspiron-1545 kernel: [ 4686.133708] 
Nov 22 11:23:42 kashrinivaasan-Inspiron-1545 kernel: [ 4686.133712] 
Nov 22 11:23:42 kashrinivaasan-Inspiron-1545 kernel: [ 4686.133715] 
Nov 22 11:23:42 kashrinivaasan-Inspiron-1545 kernel: [ 4686.133719] 
Nov 22 11:23:42 kashrinivaasan-Inspiron-1545 kernel: [ 4686.133723] 
Nov 22 11:23:42 kashrinivaasan-Inspiron-1545 kernel: [ 4686.133727] 
Nov 22 11:23:42 kashrinivaasan-Inspiron-1545 kernel: [ 4686.133731] 
Nov 22 11:23:42 kashrinivaasan-Inspiron-1545 kernel: [ 4686.133734] 
Nov 22 11:23:42 kashrinivaasan-Inspiron-1545 kernel: [ 4686.133738] 
Nov 22 11:23:42 kashrinivaasan-Inspiron-1545 kernel: [ 4686.133742] 
Nov 22 11:23:42 kashrinivaasan-Inspiron-1545 kernel: [ 4686.133746] 
Nov 22 11:23:42 kashrinivaasan-Inspiron-1545 kernel: [ 4686.133750] 
Nov 22 11:23:42 kashrinivaasan-Inspiron-1545 kernel: [ 4686.133753] 
Nov 22 11:23:42 kashrinivaasan-Inspiron-1545 kernel: [ 4686.133757] 
Nov 22 11:23:42 kashrinivaasan-Inspiron-1545 kernel: [ 4686.133761] 
Nov 22 11:23:42 kashrinivaasan-Inspiron-1545 kernel: [ 4686.133765] 
Nov 22 11:23:42 kashrinivaasan-Inspiron-1545 kernel: [ 4686.133769] 
Nov 22 11:23:42 kashrinivaasan-Inspiron-1545 kernel: [ 4686.133772] 
Nov 22 11:23:42 kashrinivaasan-Inspiron-1545 kernel: [ 4686.133776] 
Nov 22 11:23:42 kashrinivaasan-Inspiron-1545 kernel: [ 4686.133780] 
Nov 22 11:23:42 kashrinivaasan-Inspiron-1545 kernel: [ 4686.133784] 
Nov 22 11:23:42 kashrinivaasan-Inspiron-1545 kernel: [ 4686.133787] 
Nov 22 11:23:42 kashrinivaasan-Inspiron-1545 kernel: [ 4686.133791] 
Nov 22 11:23:42 kashrinivaasan-Inspiron-1545 kernel: [ 4686.133795] 
Nov 22 11:23:42 kashrinivaasan-Inspiron-1545 kernel: [ 4686.133799] 
Nov 22 11:23:42 kashrinivaasan-Inspiron-1545 kernel: [ 4686.133803] 
Nov 22 11:23:42 kashrinivaasan-Inspiron-1545 kernel: [ 4686.133806] 
Nov 22 11:23:42 kashrinivaasan-Inspiron-1545 kernel: [ 4686.133810] 
Nov 22 11:23:42 kashrinivaasan-Inspiron-1545 kernel: [ 4686.133814] 
Nov 22 11:23:42 kashrinivaasan-Inspiron-1545 kernel: [ 4686.133818] 
Nov 22 11:23:42 kashrinivaasan-Inspiron-1545 kernel: [ 4686.133822] 
Nov 22 11:23:42 kashrinivaasan-Inspiron-1545 kernel: [ 4686.133825] 
Nov 22 11:23:42 kashrinivaasan-Inspiron-1545 kernel: [ 4686.133829] 
Nov 22 11:23:42 kashrinivaasan-Inspiron-1545 kernel: [ 4686.133833] 
Nov 22 11:23:42 kashrinivaasan-Inspiron-1545 kernel: [ 4686.133837] 
Nov 22 11:23:42 kashrinivaasan-Inspiron-1545 kernel: [ 4686.133841] 
Nov 22 11:23:42 kashrinivaasan-Inspiron-1545 kernel: [ 4686.133844] 
Nov 22 11:23:42 kashrinivaasan-Inspiron-1545 kernel: [ 4686.133848] 
Nov 22 11:23:42 kashrinivaasan-Inspiron-1545 kernel: [ 4686.133852] 
Nov 22 11:23:42 kashrinivaasan-Inspiron-1545 kernel: [ 4686.133856] 
Nov 22 11:23:42 kashrinivaasan-Inspiron-1545 kernel: [ 4686.133860] 
Nov 22 11:23:42 kashrinivaasan-Inspiron-1545 kernel: [ 4686.133863] 
Nov 22 11:23:42 kashrinivaasan-Inspiron-1545 kernel: [ 4686.133867] 
Nov 22 11:23:42 kashrinivaasan-Inspiron-1545 kernel: [ 4686.133871] 
Nov 22 11:23:42 kashrinivaasan-Inspiron-1545 kernel: [ 4686.133875] 
Nov 22 11:23:42 kashrinivaasan-Inspiron-1545 kernel: [ 4686.133879] 
Nov 22 11:23:42 kashrinivaasan-Inspiron-1545 kernel: [ 4686.133882] 
Nov 22 11:23:42 kashrinivaasan-Inspiron-1545 kernel: [ 4686.133886] 
Nov 22 11:23:42 kashrinivaasan-Inspiron-1545 kernel: [ 4686.133890] 
Nov 22 11:23:42 kashrinivaasan-Inspiron-1545 kernel: [ 4686.133894] 
Nov 22 11:23:42 kashrinivaasan-Inspiron-1545 kernel: [ 4686.133898] 
Nov 22 11:23:42 kashrinivaasan-Inspiron-1545 kernel: [ 4686.133902] 
Nov 22 11:23:42 kashrinivaasan-Inspiron-1545 kernel: [ 4686.133905] 
Nov 22 11:23:42 kashrinivaasan-Inspiron-1545 kernel: [ 4686.133909] 
Nov 22 11:23:42 kashrinivaasan-Inspiron-1545 kernel: [ 4686.133913] 
Nov 22 11:23:42 kashrinivaasan-Inspiron-1545 kernel: [ 4686.133917] 
Nov 22 11:23:42 kashrinivaasan-Inspiron-1545 kernel: [ 4686.133921] 
Nov 22 11:23:42 kashrinivaasan-Inspiron-1545 kernel: [ 4686.133925] 
Nov 22 11:23:42 kashrinivaasan-Inspiron-1545 kernel: [ 4686.133928] 
Nov 22 11:23:42 kashrinivaasan-Inspiron-1545 kernel: [ 4686.133932] 
Nov 22 11:23:42 kashrinivaasan-Inspiron-1545 kernel: [ 4686.133936] 
Nov 22 11:23:42 kashrinivaasan-Inspiron-1545 kernel: [ 4686.133940] 
Nov 22 11:23:42 kashrinivaasan-Inspiron-1545 kernel: [ 4686.133944] 
Nov 22 11:23:42 kashrinivaasan-Inspiron-1545 kernel: [ 4686.133947] 
Nov 22 11:23:42 kashrinivaasan-Inspiron-1545 kernel: [ 4686.133951] 
Nov 22 11:23:42 kashrinivaasan-Inspiron-1545 kernel: [ 4686.133955] 
Nov 22 11:23:42 kashrinivaasan-Inspiron-1545 kernel: [ 4686.133959] 
Nov 22 11:23:42 kashrinivaasan-Inspiron-1545 kernel: [ 4686.133963] 
Nov 22 11:23:42 kashrinivaasan-Inspiron-1545 kernel: [ 4686.133967] 
Nov 22 11:23:42 kashrinivaasan-Inspiron-1545 kernel: [ 4686.133971] 
Nov 22 11:23:42 kashrinivaasan-Inspiron-1545 kernel: [ 4686.133974] 
Nov 22 11:23:42 kashrinivaasan-Inspiron-1545 kernel: [ 4686.133978] 
Nov 22 11:23:42 kashrinivaasan-Inspiron-1545 kernel: [ 4686.133982] 
Nov 22 11:23:42 kashrinivaasan-Inspiron-1545 kernel: [ 4686.133986] 
Nov 22 11:23:42 kashrinivaasan-Inspiron-1545 kernel: [ 4686.133989] 
Nov 22 11:23:42 kashrinivaasan-Inspiron-1545 kernel: [ 4686.133993] 
Nov 22 11:23:42 kashrinivaasan-Inspiron-1545 kernel: [ 4686.133997] 
Nov 22 11:23:42 kashrinivaasan-Inspiron-1545 kernel: [ 4686.134001] 
Nov 22 11:23:42 kashrinivaasan-Inspiron-1545 kernel: [ 4686.134004] 
Nov 22 11:23:42 kashrinivaasan-Inspiron-1545 kernel: [ 4686.134008] 
Nov 22 11:23:42 kashrinivaasan-Inspiron-1545 kernel: [ 4686.134012] 
Nov 22 11:23:42 kashrinivaasan-Inspiron-1545 kernel: [ 4686.134016] 
Nov 22 11:23:42 kashrinivaasan-Inspiron-1545 kernel: [ 4686.134020] 
Nov 22 11:23:42 kashrinivaasan-Inspiron-1545 kernel: [ 4686.134024] 
Nov 22 11:23:42 kashrinivaasan-Inspiron-1545 kernel: [ 4686.134027] 
Nov 22 11:23:42 kashrinivaasan-Inspiron-1545 kernel: [ 4686.134031] 
Nov 22 11:23:42 kashrinivaasan-Inspiron-1545 kernel: [ 4686.134035] 
Nov 22 11:23:42 kashrinivaasan-Inspiron-1545 kernel: [ 4686.134039] 
Nov 22 11:23:42 kashrinivaasan-Inspiron-1545 kernel: [ 4686.134042] 
Nov 22 11:23:42 kashrinivaasan-Inspiron-1545 kernel: [ 4686.134046] 
Nov 22 11:23:42 kashrinivaasan-Inspiron-1545 kernel: [ 4686.134050] 
Nov 22 11:23:42 kashrinivaasan-Inspiron-1545 kernel: [ 4686.134054] 
Nov 22 11:23:42 kashrinivaasan-Inspiron-1545 kernel: [ 4686.134057] 
Nov 22 11:23:42 kashrinivaasan-Inspiron-1545 kernel: [ 4686.134061] 
Nov 22 11:23:42 kashrinivaasan-Inspiron-1545 kernel: [ 4686.134065] 
Nov 22 11:23:42 kashrinivaasan-Inspiron-1545 kernel: [ 4686.134069] 
Nov 22 11:23:42 kashrinivaasan-Inspiron-1545 kernel: [ 4686.134072] 
Nov 22 11:23:42 kashrinivaasan-Inspiron-1545 kernel: [ 4686.134076] 
Nov 22 11:23:42 kashrinivaasan-Inspiron-1545 kernel: [ 4686.134080] 
Nov 22 11:23:42 kashrinivaasan-Inspiron-1545 kernel: [ 4686.134083] 
Nov 22 11:23:42 kashrinivaasan-Inspiron-1545 kernel: [ 4686.134087] 
Nov 22 11:23:42 kashrinivaasan-Inspiron-1545 kernel: [ 4686.134091] 
Nov 22 11:23:42 kashrinivaasan-Inspiron-1545 kernel: [ 4686.134095] 
Nov 22 11:23:42 kashrinivaasan-Inspiron-1545 kernel: [ 4686.134098] 
Nov 22 11:23:42 kashrinivaasan-Inspiron-1545 kernel: [ 4686.134102] 
Nov 22 11:23:42 kashrinivaasan-Inspiron-1545 kernel: [ 4686.134106] 
Nov 22 11:23:42 kashrinivaasan-Inspiron-1545 kernel: [ 4686.134110] 
Nov 22 11:23:42 kashrinivaasan-Inspiron-1545 kernel: [ 4686.134113] 
Nov 22 11:23:42 kashrinivaasan-Inspiron-1545 kernel: [ 4686.134117] 
Nov 22 11:23:42 kashrinivaasan-Inspiron-1545 kernel: [ 4686.134121] 
Nov 22 11:23:42 kashrinivaasan-Inspiron-1545 kernel: [ 4686.134125] 
Nov 22 11:23:42 kashrinivaasan-Inspiron-1545 kernel: [ 4686.134128] 
Nov 22 11:23:42 kashrinivaasan-Inspiron-1545 kernel: [ 4686.134132] 
Nov 22 11:23:42 kashrinivaasan-Inspiron-1545 kernel: [ 4686.134136] 
Nov 22 11:23:42 kashrinivaasan-Inspiron-1545 kernel: [ 4686.134140] 
Nov 22 11:23:42 kashrinivaasan-Inspiron-1545 kernel: [ 4686.134143] 
Nov 22 11:23:42 kashrinivaasan-Inspiron-1545 kernel: [ 4686.134147] 
Nov 22 11:23:42 kashrinivaasan-Inspiron-1545 kernel: [ 4686.134151] 
Nov 22 11:23:42 kashrinivaasan-Inspiron-1545 kernel: [ 4686.134155] 
Nov 22 11:23:42 kashrinivaasan-Inspiron-1545 kernel: [ 4686.134158] 
Nov 22 11:23:42 kashrinivaasan-Inspiron-1545 kernel: [ 4686.134162] 
Nov 22 11:23:42 kashrinivaasan-Inspiron-1545 kernel: [ 4686.134166] 
Nov 22 11:23:42 kashrinivaasan-Inspiron-1545 kernel: [ 4686.134169] 
Nov 22 11:23:42 kashrinivaasan-Inspiron-1545 kernel: [ 4686.134173] 
Nov 22 11:23:42 kashrinivaasan-Inspiron-1545 kernel: [ 4686.134177] 
Nov 22 11:23:42 kashrinivaasan-Inspiron-1545 kernel: [ 4686.134181] 
Nov 22 11:23:42 kashrinivaasan-Inspiron-1545 kernel: [ 4686.134184] 
Nov 22 11:23:42 kashrinivaasan-Inspiron-1545 kernel: [ 4686.134188] 
Nov 22 11:23:42 kashrinivaasan-Inspiron-1545 kernel: [ 4686.134192] 
Nov 22 11:23:42 kashrinivaasan-Inspiron-1545 kernel: [ 4686.134196] 
Nov 22 11:23:42 kashrinivaasan-Inspiron-1545 kernel: [ 4686.134199] 
Nov 22 11:23:42 kashrinivaasan-Inspiron-1545 kernel: [ 4686.134203] 
Nov 22 11:23:42 kashrinivaasan-Inspiron-1545 kernel: [ 4686.134207] 
Nov 22 11:23:42 kashrinivaasan-Inspiron-1545 kernel: [ 4686.134211] 
Nov 22 11:23:42 kashrinivaasan-Inspiron-1545 kernel: [ 4686.134214] 
Nov 22 11:23:42 kashrinivaasan-Inspiron-1545 kernel: [ 4686.134218] 
Nov 22 11:23:42 kashrinivaasan-Inspiron-1545 kernel: [ 4686.134222] 
Nov 22 11:23:42 kashrinivaasan-Inspiron-1545 kernel: [ 4686.134226] 
Nov 22 11:23:42 kashrinivaasan-Inspiron-1545 kernel: [ 4686.134229] 
Nov 22 11:23:42 kashrinivaasan-Inspiron-1545 kernel: [ 4686.134233] 
Nov 22 11:23:42 kashrinivaasan-Inspiron-1545 kernel: [ 4686.134237] 
Nov 22 11:23:42 kashrinivaasan-Inspiron-1545 kernel: [ 4686.134241] 
Nov 22 11:23:42 kashrinivaasan-Inspiron-1545 kernel: [ 4686.134244] 
Nov 22 11:23:42 kashrinivaasan-Inspiron-1545 kernel: [ 4686.134248] 
Nov 22 11:23:42 kashrinivaasan-Inspiron-1545 kernel: [ 4686.134252] 
Nov 22 11:23:42 kashrinivaasan-Inspiron-1545 kernel: [ 4686.134256] 
Nov 22 11:23:42 kashrinivaasan-Inspiron-1545 kernel: [ 4686.134259] 
Nov 22 11:23:42 kashrinivaasan-Inspiron-1545 kernel: [ 4686.134263] 
Nov 22 11:23:42 kashrinivaasan-Inspiron-1545 kernel: [ 4686.134267] 
Nov 22 11:23:42 kashrinivaasan-Inspiron-1545 kernel: [ 4686.134271] 
Nov 22 11:23:42 kashrinivaasan-Inspiron-1545 kernel: [ 4686.134274] 
Nov 22 11:23:42 kashrinivaasan-Inspiron-1545 kernel: [ 4686.134278] 
Nov 22 11:23:42 kashrinivaasan-Inspiron-1545 kernel: [ 4686.134282] 
Nov 22 11:23:42 kashrinivaasan-Inspiron-1545 kernel: [ 4686.134286] 
Nov 22 11:23:42 kashrinivaasan-Inspiron-1545 kernel: [ 4686.134289] 
Nov 22 11:23:42 kashrinivaasan-Inspiron-1545 kernel: [ 4686.134293] <6>[ 4686.134296] 
Nov 22 11:23:42 kashrinivaasan-Inspiron-1545 kernel: [ 4686.134299] virgocloudexec_mempool_recvfrom(): kernel_recvmsg() le32 to cpu virgo_cloud_set("d5eec000","data")
Nov 22 11:23:42 kashrinivaasan-Inspiron-1545 kernel: [ 4686.134299] 
Nov 22 11:23:42 kashrinivaasan-Inspiron-1545 kernel: [ 4686.134303] virgocloudexec_mempool_recvfrom(): mempoolFunction : virgo_cloud_set("d5eec000","data") 
Nov 22 11:23:42 kashrinivaasan-Inspiron-1545 kernel: [ 4686.134308] parse_virgomempool_command: vmargs->mempool_cmd: virgo_cloud_set
Nov 22 11:23:42 kashrinivaasan-Inspiron-1545 kernel: [ 4686.134312] parse_virgomempool_command: vmargs->mempool_args[0]: "d5eec000"
Nov 22 11:23:42 kashrinivaasan-Inspiron-1545 kernel: [ 4686.134315] parse_virgomempool_command: vmargs->mempool_args[1]: "data"
Nov 22 11:23:42 kashrinivaasan-Inspiron-1545 kernel: [ 4686.134318] mempool_func(): creating kernel thread and waking up, parameterIsExecutable=2
Nov 22 11:23:42 kashrinivaasan-Inspiron-1545 kernel: [ 4686.134322] Creating Kernel Thread for virgo_cloud_set in virgo_cloud_mempool_kernelspace mempool driver module with mempool_args[0]="d5eec000", mempool_args[1]="data"
Nov 22 11:23:42 kashrinivaasan-Inspiron-1545 kernel: [ 4686.134327] virgo_cloud_mempool_kernelspace.c:Executing virgo_cloud_mempool on cloud node, Invoking virgo_cloud_set_kernelspace(), Writing to file opened by Kernel, Kernel Space to User space communication works
Nov 22 11:23:42 kashrinivaasan-Inspiron-1545 kernel: [ 4686.134331] virgo_cloud_set_kernelspace(): vmargs->mempool_cmd=virgo_cloud_set, vmargs->mempool_args[0] = "d5eec000"
Nov 22 11:23:42 kashrinivaasan-Inspiron-1545 kernel: [ 4686.134331] , vmargs->mempool_args[1]="data" 
Nov 22 11:23:42 kashrinivaasan-Inspiron-1545 kernel: [ 4686.134336] virgo_parse_integer(): *s=", res=0
Nov 22 11:23:42 kashrinivaasan-Inspiron-1545 kernel: [ 4686.134339] virgo_parse_integer(): *s=d, res=0
Nov 22 11:23:42 kashrinivaasan-Inspiron-1545 kernel: [ 4686.134342] virgo_parse_integer(): *s=5, res=13
Nov 22 11:23:42 kashrinivaasan-Inspiron-1545 kernel: [ 4686.134345] virgo_parse_integer(): *s=e, res=213
Nov 22 11:23:42 kashrinivaasan-Inspiron-1545 kernel: [ 4686.134348] virgo_parse_integer(): *s=e, res=3422
Nov 22 11:23:42 kashrinivaasan-Inspiron-1545 kernel: [ 4686.134351] virgo_parse_integer(): *s=c, res=54766
Nov 22 11:23:42 kashrinivaasan-Inspiron-1545 kernel: [ 4686.134354] virgo_parse_integer(): *s=0, res=876268
Nov 22 11:23:42 kashrinivaasan-Inspiron-1545 kernel: [ 4686.134357] virgo_parse_integer(): *s=0, res=14020288
Nov 22 11:23:42 kashrinivaasan-Inspiron-1545 kernel: [ 4686.134360] virgo_parse_integer(): *s=0, res=224324608
Nov 22 11:23:42 kashrinivaasan-Inspiron-1545 kernel: [ 4686.134364] virgo_parse_integer(): *s=", res=-705773568
Nov 22 11:23:42 kashrinivaasan-Inspiron-1545 kernel: [ 4686.134368] toKernelAddress(): virgo_parse_integer: ll3=-705773568, (char*)ll3=  (null), (void*)ll3=d5eec000, strAddress=[]
Nov 22 11:23:42 kashrinivaasan-Inspiron-1545 kernel: [ 4686.134371] toKernelAddress(): virgo_parse_integer: data at (char*)ll3=[]
Nov 22 11:23:42 kashrinivaasan-Inspiron-1545 kernel: [ 4686.134374] virgo_cloud_set_kernelspace(): ptr set by toKernelAddress=d5eec000
Nov 22 11:23:42 kashrinivaasan-Inspiron-1545 kernel: [ 4686.134378] virgo_cloud_set_kernelspace(): address=d5eec000, data to be set="data", data after set="data"
Nov 22 11:23:42 kashrinivaasan-Inspiron-1545 kernel: [ 4686.134382] mempool_func(): virgo mempool kernelspace module returns value virgo_mempool_ret=d5eec000
Nov 22 11:23:42 kashrinivaasan-Inspiron-1545 kernel: [ 4686.134385] virgo_mempool_client_thread(): virgo_mempool_ops.virgo_mempool_sendto()
Nov 22 11:23:42 kashrinivaasan-Inspiron-1545 kernel: [ 4686.134388] virgocloudexec_mempool_sendto(): virgo_mempool_ret="data"
Nov 22 11:23:42 kashrinivaasan-Inspiron-1545 kernel: [ 4686.134391] virgocloudexec_mempool_sendto(): address sent=d5eec000
Nov 22 11:23:42 kashrinivaasan-Inspiron-1545 kernel: [ 4686.134394] toAddressString(): address=d5eec000, sprintf strAddress=[d5eec000]
Nov 22 11:23:42 kashrinivaasan-Inspiron-1545 kernel: [ 4686.134398] virgocloudexec_mempool_sendto(): before kernel_sendmsg() for send buffer: d5eec000
Nov 22 11:23:42 kashrinivaasan-Inspiron-1545 kernel: [ 4686.134434] virgocloudexec_mempool_sendto(): kernel_sendmsg() returns ret: 500
Nov 22 11:23:42 kashrinivaasan-Inspiron-1545 kernel: [ 4686.134458] virgocloudexec_mempool_sendto(): sock_release invoked on client socket 
Nov 22 11:23:44 kashrinivaasan-Inspiron-1545 kernel: [ 4687.729216] virgo_cloudexec_mempool_service(): virgo mempool client thread per request 
Nov 22 11:23:44 kashrinivaasan-Inspiron-1545 kernel: [ 4687.729333] virgo_cloudexec_mempool_service(): virgo_mempool_ops.virgo_create() 
Nov 22 11:23:44 kashrinivaasan-Inspiron-1545 kernel: [ 4687.729343] virgo_mempool_client_thread(): virgo_mempool_ops.virgo_mempool_recvfrom()
Nov 22 11:23:44 kashrinivaasan-Inspiron-1545 kernel: [ 4687.729348] virgocloudexec_mempool_recvfrom(): before kernel_recvmsg()
Nov 22 11:23:49 kashrinivaasan-Inspiron-1545 kernel: [ 4692.929230] [UFW BLOCK] IN=ppp0 OUT= MAC= SRC=173.194.36.15 DST=14.99.34.191 LEN=40 TOS=0x00 PREC=0x00 TTL=57 ID=22714 PROTO=TCP SPT=443 DPT=55534 WINDOW=0 RES=0x00 RST URGP=0 
Nov 22 11:24:01 kashrinivaasan-Inspiron-1545 kernel: [ 4704.582784] virgocloudexec_mempool_recvfrom(): kernel_recvmsg() returns len: 29
Nov 22 11:24:01 kashrinivaasan-Inspiron-1545 kernel: [ 4704.582792] strip_control_M(): str=virgo_cloud_get("d5eec000")
Nov 22 11:24:01 kashrinivaasan-Inspiron-1545 kernel: [ 4704.582792]  before strsep
Nov 22 11:24:01 kashrinivaasan-Inspiron-1545 kernel: [ 4704.582798] strip_control_M(): newstr=virgo_cloud_get("d5eec000") after carriage return newline strsep
Nov 22 11:24:01 kashrinivaasan-Inspiron-1545 kernel: [ 4704.582801] virgocloudexec_mempool_recvfrom(): kernel_recvmsg() returns in recv: iov.iov_base=, buffer: virgo_cloud_get("d5eec000")
Nov 22 11:24:01 kashrinivaasan-Inspiron-1545 kernel: [ 4704.582801] 
Nov 22 11:24:01 kashrinivaasan-Inspiron-1545 kernel: [ 4704.582806] virgo_cloudexec_mempool: print_buffer(): 
Nov 22 11:24:01 kashrinivaasan-Inspiron-1545 kernel: [ 4704.582809] vi
Nov 22 11:24:01 kashrinivaasan-Inspiron-1545 kernel: [ 4704.582813] rg
Nov 22 11:24:01 kashrinivaasan-Inspiron-1545 kernel: [ 4704.582817] o_
Nov 22 11:24:01 kashrinivaasan-Inspiron-1545 kernel: [ 4704.582821] cl
Nov 22 11:24:01 kashrinivaasan-Inspiron-1545 kernel: [ 4704.582825] ou
Nov 22 11:24:01 kashrinivaasan-Inspiron-1545 kernel: [ 4704.582828] d_
Nov 22 11:24:01 kashrinivaasan-Inspiron-1545 kernel: [ 4704.582832] ge
Nov 22 11:24:01 kashrinivaasan-Inspiron-1545 kernel: [ 4704.582836] t(
Nov 22 11:24:01 kashrinivaasan-Inspiron-1545 kernel: [ 4704.582840] "d
Nov 22 11:24:01 kashrinivaasan-Inspiron-1545 kernel: [ 4704.582844] 5e
Nov 22 11:24:01 kashrinivaasan-Inspiron-1545 kernel: [ 4704.582848] ec
Nov 22 11:24:01 kashrinivaasan-Inspiron-1545 kernel: [ 4704.582851] 00
Nov 22 11:24:01 kashrinivaasan-Inspiron-1545 kernel: [ 4704.582855] 0"
Nov 22 11:24:01 kashrinivaasan-Inspiron-1545 kernel: [ 4704.582859] )
Nov 22 11:24:01 kashrinivaasan-Inspiron-1545 kernel: [ 4704.582863] 
Nov 22 11:24:01 kashrinivaasan-Inspiron-1545 kernel: [ 4704.582865] 
Nov 22 11:24:01 kashrinivaasan-Inspiron-1545 kernel: [ 4704.582868] 
Nov 22 11:24:01 kashrinivaasan-Inspiron-1545 kernel: [ 4704.582871] 
Nov 22 11:24:01 kashrinivaasan-Inspiron-1545 kernel: [ 4704.582875] 
Nov 22 11:24:01 kashrinivaasan-Inspiron-1545 kernel: [ 4704.582879] 
Nov 22 11:24:01 kashrinivaasan-Inspiron-1545 kernel: [ 4704.582883] 
Nov 22 11:24:01 kashrinivaasan-Inspiron-1545 kernel: [ 4704.582887] 
Nov 22 11:24:01 kashrinivaasan-Inspiron-1545 kernel: [ 4704.582891] 
Nov 22 11:24:01 kashrinivaasan-Inspiron-1545 kernel: [ 4704.582895] 
Nov 22 11:24:01 kashrinivaasan-Inspiron-1545 kernel: [ 4704.582898] 
Nov 22 11:24:01 kashrinivaasan-Inspiron-1545 kernel: [ 4704.582902] 
Nov 22 11:24:01 kashrinivaasan-Inspiron-1545 kernel: [ 4704.582906] 
Nov 22 11:24:01 kashrinivaasan-Inspiron-1545 kernel: [ 4704.582910] 
Nov 22 11:24:01 kashrinivaasan-Inspiron-1545 kernel: [ 4704.582914] 
Nov 22 11:24:01 kashrinivaasan-Inspiron-1545 kernel: [ 4704.582917] 
Nov 22 11:24:01 kashrinivaasan-Inspiron-1545 kernel: [ 4704.582921] 
Nov 22 11:24:01 kashrinivaasan-Inspiron-1545 kernel: [ 4704.582925] 
Nov 22 11:24:01 kashrinivaasan-Inspiron-1545 kernel: [ 4704.582929] 
Nov 22 11:24:01 kashrinivaasan-Inspiron-1545 kernel: [ 4704.582933] 
Nov 22 11:24:01 kashrinivaasan-Inspiron-1545 kernel: [ 4704.582936] 
Nov 22 11:24:01 kashrinivaasan-Inspiron-1545 kernel: [ 4704.582940] 
Nov 22 11:24:01 kashrinivaasan-Inspiron-1545 kernel: [ 4704.582944] 
Nov 22 11:24:01 kashrinivaasan-Inspiron-1545 kernel: [ 4704.582948] 
Nov 22 11:24:01 kashrinivaasan-Inspiron-1545 kernel: [ 4704.582952] 
Nov 22 11:24:01 kashrinivaasan-Inspiron-1545 kernel: [ 4704.582956] 
Nov 22 11:24:01 kashrinivaasan-Inspiron-1545 kernel: [ 4704.582959] 
Nov 22 11:24:01 kashrinivaasan-Inspiron-1545 kernel: [ 4704.582963] 
Nov 22 11:24:01 kashrinivaasan-Inspiron-1545 kernel: [ 4704.582967] 
Nov 22 11:24:01 kashrinivaasan-Inspiron-1545 kernel: [ 4704.582971] 
Nov 22 11:24:01 kashrinivaasan-Inspiron-1545 kernel: [ 4704.582975] 
Nov 22 11:24:01 kashrinivaasan-Inspiron-1545 kernel: [ 4704.582979] 
Nov 22 11:24:01 kashrinivaasan-Inspiron-1545 kernel: [ 4704.582982] 
Nov 22 11:24:01 kashrinivaasan-Inspiron-1545 kernel: [ 4704.582986] 
Nov 22 11:24:01 kashrinivaasan-Inspiron-1545 kernel: [ 4704.582990] 
Nov 22 11:24:01 kashrinivaasan-Inspiron-1545 kernel: [ 4704.582994] 
Nov 22 11:24:01 kashrinivaasan-Inspiron-1545 kernel: [ 4704.582998] 
Nov 22 11:24:01 kashrinivaasan-Inspiron-1545 kernel: [ 4704.583002] 
Nov 22 11:24:01 kashrinivaasan-Inspiron-1545 kernel: [ 4704.583006] 
Nov 22 11:24:01 kashrinivaasan-Inspiron-1545 kernel: [ 4704.583009] 
Nov 22 11:24:01 kashrinivaasan-Inspiron-1545 kernel: [ 4704.583013] 
Nov 22 11:24:01 kashrinivaasan-Inspiron-1545 kernel: [ 4704.583017] 
Nov 22 11:24:01 kashrinivaasan-Inspiron-1545 kernel: [ 4704.583021] 
Nov 22 11:24:01 kashrinivaasan-Inspiron-1545 kernel: [ 4704.583025] 
Nov 22 11:24:01 kashrinivaasan-Inspiron-1545 kernel: [ 4704.583028] 
Nov 22 11:24:01 kashrinivaasan-Inspiron-1545 kernel: [ 4704.583032] 
Nov 22 11:24:01 kashrinivaasan-Inspiron-1545 kernel: [ 4704.583036] 
Nov 22 11:24:01 kashrinivaasan-Inspiron-1545 kernel: [ 4704.583040] 
Nov 22 11:24:01 kashrinivaasan-Inspiron-1545 kernel: [ 4704.583044] 
Nov 22 11:24:01 kashrinivaasan-Inspiron-1545 kernel: [ 4704.583048] 
Nov 22 11:24:01 kashrinivaasan-Inspiron-1545 kernel: [ 4704.583051] 
Nov 22 11:24:01 kashrinivaasan-Inspiron-1545 kernel: [ 4704.583055] 
Nov 22 11:24:01 kashrinivaasan-Inspiron-1545 kernel: [ 4704.583059] 
Nov 22 11:24:01 kashrinivaasan-Inspiron-1545 kernel: [ 4704.583063] 
Nov 22 11:24:01 kashrinivaasan-Inspiron-1545 kernel: [ 4704.583066] 
Nov 22 11:24:01 kashrinivaasan-Inspiron-1545 kernel: [ 4704.583070] 
Nov 22 11:24:01 kashrinivaasan-Inspiron-1545 kernel: [ 4704.583074] 
Nov 22 11:24:01 kashrinivaasan-Inspiron-1545 kernel: [ 4704.583078] 
Nov 22 11:24:01 kashrinivaasan-Inspiron-1545 kernel: [ 4704.583082] 
Nov 22 11:24:01 kashrinivaasan-Inspiron-1545 kernel: [ 4704.583086] 
Nov 22 11:24:01 kashrinivaasan-Inspiron-1545 kernel: [ 4704.583090] 
Nov 22 11:24:01 kashrinivaasan-Inspiron-1545 kernel: [ 4704.583093] 
Nov 22 11:24:01 kashrinivaasan-Inspiron-1545 kernel: [ 4704.583097] 
Nov 22 11:24:01 kashrinivaasan-Inspiron-1545 kernel: [ 4704.583101] 
Nov 22 11:24:01 kashrinivaasan-Inspiron-1545 kernel: [ 4704.583105] 
Nov 22 11:24:01 kashrinivaasan-Inspiron-1545 kernel: [ 4704.583109] 
Nov 22 11:24:01 kashrinivaasan-Inspiron-1545 kernel: [ 4704.583112] 
Nov 22 11:24:01 kashrinivaasan-Inspiron-1545 kernel: [ 4704.583116] 
Nov 22 11:24:01 kashrinivaasan-Inspiron-1545 kernel: [ 4704.583120] 
Nov 22 11:24:01 kashrinivaasan-Inspiron-1545 kernel: [ 4704.583124] 
Nov 22 11:24:01 kashrinivaasan-Inspiron-1545 kernel: [ 4704.583128] 
Nov 22 11:24:01 kashrinivaasan-Inspiron-1545 kernel: [ 4704.583131] 
Nov 22 11:24:01 kashrinivaasan-Inspiron-1545 kernel: [ 4704.583135] 
Nov 22 11:24:01 kashrinivaasan-Inspiron-1545 kernel: [ 4704.583139] 
Nov 22 11:24:01 kashrinivaasan-Inspiron-1545 kernel: [ 4704.583143] 
Nov 22 11:24:01 kashrinivaasan-Inspiron-1545 kernel: [ 4704.583147] 
Nov 22 11:24:01 kashrinivaasan-Inspiron-1545 kernel: [ 4704.583150] 
Nov 22 11:24:01 kashrinivaasan-Inspiron-1545 kernel: [ 4704.583154] 
Nov 22 11:24:01 kashrinivaasan-Inspiron-1545 kernel: [ 4704.583158] 
Nov 22 11:24:01 kashrinivaasan-Inspiron-1545 kernel: [ 4704.583162] 
Nov 22 11:24:01 kashrinivaasan-Inspiron-1545 kernel: [ 4704.583166] 
Nov 22 11:24:01 kashrinivaasan-Inspiron-1545 kernel: [ 4704.583170] 
Nov 22 11:24:01 kashrinivaasan-Inspiron-1545 kernel: [ 4704.583174] 
Nov 22 11:24:01 kashrinivaasan-Inspiron-1545 kernel: [ 4704.583178] 
Nov 22 11:24:01 kashrinivaasan-Inspiron-1545 kernel: [ 4704.583181] 
Nov 22 11:24:01 kashrinivaasan-Inspiron-1545 kernel: [ 4704.583185] 
Nov 22 11:24:01 kashrinivaasan-Inspiron-1545 kernel: [ 4704.583189] 
Nov 22 11:24:01 kashrinivaasan-Inspiron-1545 kernel: [ 4704.583193] 
Nov 22 11:24:01 kashrinivaasan-Inspiron-1545 kernel: [ 4704.583197] 
Nov 22 11:24:01 kashrinivaasan-Inspiron-1545 kernel: [ 4704.583201] 
Nov 22 11:24:01 kashrinivaasan-Inspiron-1545 kernel: [ 4704.583205] 
Nov 22 11:24:01 kashrinivaasan-Inspiron-1545 kernel: [ 4704.583209] 
Nov 22 11:24:01 kashrinivaasan-Inspiron-1545 kernel: [ 4704.583212] 
Nov 22 11:24:01 kashrinivaasan-Inspiron-1545 kernel: [ 4704.583216] 
Nov 22 11:24:01 kashrinivaasan-Inspiron-1545 kernel: [ 4704.583220] 
Nov 22 11:24:01 kashrinivaasan-Inspiron-1545 kernel: [ 4704.583224] 
Nov 22 11:24:01 kashrinivaasan-Inspiron-1545 kernel: [ 4704.583228] 
Nov 22 11:24:01 kashrinivaasan-Inspiron-1545 kernel: [ 4704.583231] 
Nov 22 11:24:01 kashrinivaasan-Inspiron-1545 kernel: [ 4704.583235] 
Nov 22 11:24:01 kashrinivaasan-Inspiron-1545 kernel: [ 4704.583239] 
Nov 22 11:24:01 kashrinivaasan-Inspiron-1545 kernel: [ 4704.583243] 
Nov 22 11:24:01 kashrinivaasan-Inspiron-1545 kernel: [ 4704.583247] 
Nov 22 11:24:01 kashrinivaasan-Inspiron-1545 kernel: [ 4704.583251] 
Nov 22 11:24:01 kashrinivaasan-Inspiron-1545 kernel: [ 4704.583254] 
Nov 22 11:24:01 kashrinivaasan-Inspiron-1545 kernel: [ 4704.583258] 
Nov 22 11:24:01 kashrinivaasan-Inspiron-1545 kernel: [ 4704.583262] 
Nov 22 11:24:01 kashrinivaasan-Inspiron-1545 kernel: [ 4704.583266] 
Nov 22 11:24:01 kashrinivaasan-Inspiron-1545 kernel: [ 4704.583270] 
Nov 22 11:24:01 kashrinivaasan-Inspiron-1545 kernel: [ 4704.583273] 
Nov 22 11:24:01 kashrinivaasan-Inspiron-1545 kernel: [ 4704.583277] 
Nov 22 11:24:01 kashrinivaasan-Inspiron-1545 kernel: [ 4704.583281] 
Nov 22 11:24:01 kashrinivaasan-Inspiron-1545 kernel: [ 4704.583285] 
Nov 22 11:24:01 kashrinivaasan-Inspiron-1545 kernel: [ 4704.583289] 
Nov 22 11:24:01 kashrinivaasan-Inspiron-1545 kernel: [ 4704.583292] 
Nov 22 11:24:01 kashrinivaasan-Inspiron-1545 kernel: [ 4704.583296] 
Nov 22 11:24:01 kashrinivaasan-Inspiron-1545 kernel: [ 4704.583300] 
Nov 22 11:24:01 kashrinivaasan-Inspiron-1545 kernel: [ 4704.583304] 
Nov 22 11:24:01 kashrinivaasan-Inspiron-1545 kernel: [ 4704.583308] 
Nov 22 11:24:01 kashrinivaasan-Inspiron-1545 kernel: [ 4704.583311] 
Nov 22 11:24:01 kashrinivaasan-Inspiron-1545 kernel: [ 4704.583315] 
Nov 22 11:24:01 kashrinivaasan-Inspiron-1545 kernel: [ 4704.583319] 
Nov 22 11:24:01 kashrinivaasan-Inspiron-1545 kernel: [ 4704.583323] 
Nov 22 11:24:01 kashrinivaasan-Inspiron-1545 kernel: [ 4704.583327] 
Nov 22 11:24:01 kashrinivaasan-Inspiron-1545 kernel: [ 4704.583330] 
Nov 22 11:24:01 kashrinivaasan-Inspiron-1545 kernel: [ 4704.583334] 
Nov 22 11:24:01 kashrinivaasan-Inspiron-1545 kernel: [ 4704.583338] 
Nov 22 11:24:01 kashrinivaasan-Inspiron-1545 kernel: [ 4704.583342] 
Nov 22 11:24:01 kashrinivaasan-Inspiron-1545 kernel: [ 4704.583346] 
Nov 22 11:24:01 kashrinivaasan-Inspiron-1545 kernel: [ 4704.583350] 
Nov 22 11:24:01 kashrinivaasan-Inspiron-1545 kernel: [ 4704.583353] 
Nov 22 11:24:01 kashrinivaasan-Inspiron-1545 kernel: [ 4704.583357] 
Nov 22 11:24:01 kashrinivaasan-Inspiron-1545 kernel: [ 4704.583361] 
Nov 22 11:24:01 kashrinivaasan-Inspiron-1545 kernel: [ 4704.583365] 
Nov 22 11:24:01 kashrinivaasan-Inspiron-1545 kernel: [ 4704.583369] 
Nov 22 11:24:01 kashrinivaasan-Inspiron-1545 kernel: [ 4704.583373] 
Nov 22 11:24:01 kashrinivaasan-Inspiron-1545 kernel: [ 4704.583376] 
Nov 22 11:24:01 kashrinivaasan-Inspiron-1545 kernel: [ 4704.583380] 
Nov 22 11:24:01 kashrinivaasan-Inspiron-1545 kernel: [ 4704.583384] 
Nov 22 11:24:01 kashrinivaasan-Inspiron-1545 kernel: [ 4704.583388] 
Nov 22 11:24:01 kashrinivaasan-Inspiron-1545 kernel: [ 4704.583392] 
Nov 22 11:24:01 kashrinivaasan-Inspiron-1545 kernel: [ 4704.583395] 
Nov 22 11:24:01 kashrinivaasan-Inspiron-1545 kernel: [ 4704.583399] 
Nov 22 11:24:01 kashrinivaasan-Inspiron-1545 kernel: [ 4704.583403] 
Nov 22 11:24:01 kashrinivaasan-Inspiron-1545 kernel: [ 4704.583407] 
Nov 22 11:24:01 kashrinivaasan-Inspiron-1545 kernel: [ 4704.583411] 
Nov 22 11:24:01 kashrinivaasan-Inspiron-1545 kernel: [ 4704.583414] 
Nov 22 11:24:01 kashrinivaasan-Inspiron-1545 kernel: [ 4704.583418] 
Nov 22 11:24:01 kashrinivaasan-Inspiron-1545 kernel: [ 4704.583422] 
Nov 22 11:24:01 kashrinivaasan-Inspiron-1545 kernel: [ 4704.583426] 
Nov 22 11:24:01 kashrinivaasan-Inspiron-1545 kernel: [ 4704.583430] 
Nov 22 11:24:01 kashrinivaasan-Inspiron-1545 kernel: [ 4704.583433] 
Nov 22 11:24:01 kashrinivaasan-Inspiron-1545 kernel: [ 4704.583437] 
Nov 22 11:24:01 kashrinivaasan-Inspiron-1545 kernel: [ 4704.583441] 
Nov 22 11:24:01 kashrinivaasan-Inspiron-1545 kernel: [ 4704.583445] 
Nov 22 11:24:01 kashrinivaasan-Inspiron-1545 kernel: [ 4704.583449] 
Nov 22 11:24:01 kashrinivaasan-Inspiron-1545 kernel: [ 4704.583452] 
Nov 22 11:24:01 kashrinivaasan-Inspiron-1545 kernel: [ 4704.583456] 
Nov 22 11:24:01 kashrinivaasan-Inspiron-1545 kernel: [ 4704.583460] 
Nov 22 11:24:01 kashrinivaasan-Inspiron-1545 kernel: [ 4704.583464] 
Nov 22 11:24:01 kashrinivaasan-Inspiron-1545 kernel: [ 4704.583468] 
Nov 22 11:24:01 kashrinivaasan-Inspiron-1545 kernel: [ 4704.583472] 
Nov 22 11:24:01 kashrinivaasan-Inspiron-1545 kernel: [ 4704.583476] 
Nov 22 11:24:01 kashrinivaasan-Inspiron-1545 kernel: [ 4704.583479] 
Nov 22 11:24:01 kashrinivaasan-Inspiron-1545 kernel: [ 4704.583483] 
Nov 22 11:24:01 kashrinivaasan-Inspiron-1545 kernel: [ 4704.583487] 
Nov 22 11:24:01 kashrinivaasan-Inspiron-1545 kernel: [ 4704.583491] 
Nov 22 11:24:01 kashrinivaasan-Inspiron-1545 kernel: [ 4704.583495] 
Nov 22 11:24:01 kashrinivaasan-Inspiron-1545 kernel: [ 4704.583498] 
Nov 22 11:24:01 kashrinivaasan-Inspiron-1545 kernel: [ 4704.583502] 
Nov 22 11:24:01 kashrinivaasan-Inspiron-1545 kernel: [ 4704.583506] 
Nov 22 11:24:01 kashrinivaasan-Inspiron-1545 kernel: [ 4704.583510] 
Nov 22 11:24:01 kashrinivaasan-Inspiron-1545 kernel: [ 4704.583513] 
Nov 22 11:24:01 kashrinivaasan-Inspiron-1545 kernel: [ 4704.583517] 
Nov 22 11:24:01 kashrinivaasan-Inspiron-1545 kernel: [ 4704.583521] 
Nov 22 11:24:01 kashrinivaasan-Inspiron-1545 kernel: [ 4704.583524] 
Nov 22 11:24:01 kashrinivaasan-Inspiron-1545 kernel: [ 4704.583528] 
Nov 22 11:24:01 kashrinivaasan-Inspiron-1545 kernel: [ 4704.583532] 
Nov 22 11:24:01 kashrinivaasan-Inspiron-1545 kernel: [ 4704.583536] 
Nov 22 11:24:01 kashrinivaasan-Inspiron-1545 kernel: [ 4704.583539] 
Nov 22 11:24:01 kashrinivaasan-Inspiron-1545 kernel: [ 4704.583543] 
Nov 22 11:24:01 kashrinivaasan-Inspiron-1545 kernel: [ 4704.583547] 
Nov 22 11:24:01 kashrinivaasan-Inspiron-1545 kernel: [ 4704.583551] 
Nov 22 11:24:01 kashrinivaasan-Inspiron-1545 kernel: [ 4704.583555] 
Nov 22 11:24:01 kashrinivaasan-Inspiron-1545 kernel: [ 4704.583558] 
Nov 22 11:24:01 kashrinivaasan-Inspiron-1545 kernel: [ 4704.583562] 
Nov 22 11:24:01 kashrinivaasan-Inspiron-1545 kernel: [ 4704.583566] 
Nov 22 11:24:01 kashrinivaasan-Inspiron-1545 kernel: [ 4704.583570] 
Nov 22 11:24:01 kashrinivaasan-Inspiron-1545 kernel: [ 4704.583573] 
Nov 22 11:24:01 kashrinivaasan-Inspiron-1545 kernel: [ 4704.583577] 
Nov 22 11:24:01 kashrinivaasan-Inspiron-1545 kernel: [ 4704.583581] 
Nov 22 11:24:01 kashrinivaasan-Inspiron-1545 kernel: [ 4704.583585] 
Nov 22 11:24:01 kashrinivaasan-Inspiron-1545 kernel: [ 4704.583588] 
Nov 22 11:24:01 kashrinivaasan-Inspiron-1545 kernel: [ 4704.583592] 
Nov 22 11:24:01 kashrinivaasan-Inspiron-1545 kernel: [ 4704.583596] 
Nov 22 11:24:01 kashrinivaasan-Inspiron-1545 kernel: [ 4704.583600] 
Nov 22 11:24:01 kashrinivaasan-Inspiron-1545 kernel: [ 4704.583603] 
Nov 22 11:24:01 kashrinivaasan-Inspiron-1545 kernel: [ 4704.583607] 
Nov 22 11:24:01 kashrinivaasan-Inspiron-1545 kernel: [ 4704.583611] 
Nov 22 11:24:01 kashrinivaasan-Inspiron-1545 kernel: [ 4704.583615] 
Nov 22 11:24:01 kashrinivaasan-Inspiron-1545 kernel: [ 4704.583618] 
Nov 22 11:24:01 kashrinivaasan-Inspiron-1545 kernel: [ 4704.583622] 
Nov 22 11:24:01 kashrinivaasan-Inspiron-1545 kernel: [ 4704.583626] 
Nov 22 11:24:01 kashrinivaasan-Inspiron-1545 kernel: [ 4704.583630] 
Nov 22 11:24:01 kashrinivaasan-Inspiron-1545 kernel: [ 4704.583634] 
Nov 22 11:24:01 kashrinivaasan-Inspiron-1545 kernel: [ 4704.583637] 
Nov 22 11:24:01 kashrinivaasan-Inspiron-1545 kernel: [ 4704.583641] 
Nov 22 11:24:01 kashrinivaasan-Inspiron-1545 kernel: [ 4704.583645] 
Nov 22 11:24:01 kashrinivaasan-Inspiron-1545 kernel: [ 4704.583649] 
Nov 22 11:24:01 kashrinivaasan-Inspiron-1545 kernel: [ 4704.583652] 
Nov 22 11:24:01 kashrinivaasan-Inspiron-1545 kernel: [ 4704.583656] 
Nov 22 11:24:01 kashrinivaasan-Inspiron-1545 kernel: [ 4704.583660] 
Nov 22 11:24:01 kashrinivaasan-Inspiron-1545 kernel: [ 4704.583664] 
Nov 22 11:24:01 kashrinivaasan-Inspiron-1545 kernel: [ 4704.583667] 
Nov 22 11:24:01 kashrinivaasan-Inspiron-1545 kernel: [ 4704.583671] 
Nov 22 11:24:01 kashrinivaasan-Inspiron-1545 kernel: [ 4704.583675] 
Nov 22 11:24:01 kashrinivaasan-Inspiron-1545 kernel: [ 4704.583679] 
Nov 22 11:24:01 kashrinivaasan-Inspiron-1545 kernel: [ 4704.583683] 
Nov 22 11:24:01 kashrinivaasan-Inspiron-1545 kernel: [ 4704.583686] 
Nov 22 11:24:01 kashrinivaasan-Inspiron-1545 kernel: [ 4704.583690] 
Nov 22 11:24:01 kashrinivaasan-Inspiron-1545 kernel: [ 4704.583694] 
Nov 22 11:24:01 kashrinivaasan-Inspiron-1545 kernel: [ 4704.583698] 
Nov 22 11:24:01 kashrinivaasan-Inspiron-1545 kernel: [ 4704.583701] 
Nov 22 11:24:01 kashrinivaasan-Inspiron-1545 kernel: [ 4704.583705] 
Nov 22 11:24:01 kashrinivaasan-Inspiron-1545 kernel: [ 4704.583709] 
Nov 22 11:24:01 kashrinivaasan-Inspiron-1545 kernel: [ 4704.583713] 
Nov 22 11:24:01 kashrinivaasan-Inspiron-1545 kernel: [ 4704.583716] 
Nov 22 11:24:01 kashrinivaasan-Inspiron-1545 kernel: [ 4704.583720] 
Nov 22 11:24:01 kashrinivaasan-Inspiron-1545 kernel: [ 4704.583724] 
Nov 22 11:24:01 kashrinivaasan-Inspiron-1545 kernel: [ 4704.583728] 
Nov 22 11:24:01 kashrinivaasan-Inspiron-1545 kernel: [ 4704.583731] 
Nov 22 11:24:01 kashrinivaasan-Inspiron-1545 kernel: [ 4704.583735] 
Nov 22 11:24:01 kashrinivaasan-Inspiron-1545 kernel: [ 4704.583739] 
Nov 22 11:24:01 kashrinivaasan-Inspiron-1545 kernel: [ 4704.583743] 
Nov 22 11:24:01 kashrinivaasan-Inspiron-1545 kernel: [ 4704.583746] 
Nov 22 11:24:01 kashrinivaasan-Inspiron-1545 kernel: [ 4704.583750] 
Nov 22 11:24:01 kashrinivaasan-Inspiron-1545 kernel: [ 4704.583754] 
Nov 22 11:24:01 kashrinivaasan-Inspiron-1545 kernel: [ 4704.583758] 
Nov 22 11:24:01 kashrinivaasan-Inspiron-1545 kernel: [ 4704.583762] 
Nov 22 11:24:01 kashrinivaasan-Inspiron-1545 kernel: [ 4704.583765] virgocloudexec_mempool_recvfrom(): kernel_recvmsg() le32 to cpu virgo_cloud_get("d5eec000")
Nov 22 11:24:01 kashrinivaasan-Inspiron-1545 kernel: [ 4704.583765] 
Nov 22 11:24:01 kashrinivaasan-Inspiron-1545 kernel: [ 4704.583769] virgocloudexec_mempool_recvfrom(): mempoolFunction : virgo_cloud_get("d5eec000") 
Nov 22 11:24:01 kashrinivaasan-Inspiron-1545 kernel: [ 4704.583773] parse_virgomempool_command: vmargs->mempool_cmd: virgo_cloud_get
Nov 22 11:24:01 kashrinivaasan-Inspiron-1545 kernel: [ 4704.583777] parse_virgomempool_command: vmargs->mempool_args[0]: "d5eec000"
Nov 22 11:24:01 kashrinivaasan-Inspiron-1545 kernel: [ 4704.583780] mempool_func(): creating kernel thread and waking up, parameterIsExecutable=2
Nov 22 11:24:01 kashrinivaasan-Inspiron-1545 kernel: [ 4704.583784] Creating Kernel Thread for virgo_cloud_get in virgo_cloud_mempool_kernelspace mempool driver module with mempool_args[0]="d5eec000", mempool_args[1]=(null)
Nov 22 11:24:01 kashrinivaasan-Inspiron-1545 kernel: [ 4704.583789] virgo_cloud_mempool_kernelspace.c:Executing virgo_cloud_mempool on cloud node, Invoking virgo_cloud_get_kernelspace(), Writing to file opened by Kernel, Kernel Space to User space communication works
Nov 22 11:24:01 kashrinivaasan-Inspiron-1545 kernel: [ 4704.583793] virgo_parse_integer(): *s=", res=0
Nov 22 11:24:01 kashrinivaasan-Inspiron-1545 kernel: [ 4704.583796] virgo_parse_integer(): *s=d, res=0
Nov 22 11:24:01 kashrinivaasan-Inspiron-1545 kernel: [ 4704.583799] virgo_parse_integer(): *s=5, res=13
Nov 22 11:24:01 kashrinivaasan-Inspiron-1545 kernel: [ 4704.583803] virgo_parse_integer(): *s=e, res=213
Nov 22 11:24:01 kashrinivaasan-Inspiron-1545 kernel: [ 4704.583806] virgo_parse_integer(): *s=e, res=3422
Nov 22 11:24:01 kashrinivaasan-Inspiron-1545 kernel: [ 4704.583809] virgo_parse_integer(): *s=c, res=54766
Nov 22 11:24:01 kashrinivaasan-Inspiron-1545 kernel: [ 4704.583812] virgo_parse_integer(): *s=0, res=876268
Nov 22 11:24:01 kashrinivaasan-Inspiron-1545 kernel: [ 4704.583815] virgo_parse_integer(): *s=0, res=14020288
Nov 22 11:24:01 kashrinivaasan-Inspiron-1545 kernel: [ 4704.583818] virgo_parse_integer(): *s=0, res=224324608
Nov 22 11:24:01 kashrinivaasan-Inspiron-1545 kernel: [ 4704.583821] virgo_parse_integer(): *s=", res=-705773568
Nov 22 11:24:01 kashrinivaasan-Inspiron-1545 kernel: [ 4704.583826] toKernelAddress(): virgo_parse_integer: ll3=-705773568, (char*)ll3=  (null), (void*)ll3=d5eec000, strAddress=["data"]
Nov 22 11:24:01 kashrinivaasan-Inspiron-1545 kernel: [ 4704.583829] toKernelAddress(): virgo_parse_integer: data at (char*)ll3=["data"]
Nov 22 11:24:01 kashrinivaasan-Inspiron-1545 kernel: [ 4704.583833] virgo_cloud_mempool_kernelspace.c: virgo_cloud_get_kernelspace(): data at ptr parsed by toKernelAddress() = ["data"]
Nov 22 11:24:01 kashrinivaasan-Inspiron-1545 kernel: [ 4704.583837] virgo_cloud_mempool_kernelspace.c: virgo_cloud_get_kernelspace(): address=d5eec000, data="data", data with added prefix=virgodata:"data"
Nov 22 11:24:01 kashrinivaasan-Inspiron-1545 kernel: [ 4704.583840] mempool_func(): virgo mempool kernelspace module returns value virgo_mempool_ret=d998c3a0
Nov 22 11:24:01 kashrinivaasan-Inspiron-1545 kernel: [ 4704.583843] virgo_mempool_client_thread(): virgo_mempool_ops.virgo_mempool_sendto()
Nov 22 11:24:01 kashrinivaasan-Inspiron-1545 kernel: [ 4704.583847] virgocloudexec_mempool_sendto(): virgo_mempool_ret=virgodata:"data"
Nov 22 11:24:01 kashrinivaasan-Inspiron-1545 kernel: [ 4704.583850] virgocloudexec_mempool_sendto(): data sent="data"
Nov 22 11:24:01 kashrinivaasan-Inspiron-1545 kernel: [ 4704.583853] virgocloudexec_mempool_sendto(): before kernel_sendmsg() for send buffer: "data"
Nov 22 11:24:01 kashrinivaasan-Inspiron-1545 kernel: [ 4704.583891] virgocloudexec_mempool_sendto(): kernel_sendmsg() returns ret: 500
Nov 22 11:24:01 kashrinivaasan-Inspiron-1545 kernel: [ 4704.583917] virgocloudexec_mempool_sendto(): sock_release invoked on client socket 
Nov 22 11:25:15 kashrinivaasan-Inspiron-1545 kernel: imklog 5.8.6, log source = /proc/kmsg started.
Nov 22 11:25:16 kashrinivaasan-Inspiron-1545 kernel: [    0.000000] Initializing cgroup subsys cpuset
Nov 22 11:25:16 kashrinivaasan-Inspiron-1545 kernel: [    0.000000] Initializing cgroup subsys cpu
Nov 22 11:25:16 kashrinivaasan-Inspiron-1545 kernel: [    0.000000] Linux version 3.7.8 (root@kashrinivaasan-Inspiron-1545) (gcc version 4.4.1 (GCC) ) #1 SMP Wed Nov 6 15:57:52 IST 2013
Nov 22 11:25:16 kashrinivaasan-Inspiron-1545 kernel: [    0.000000] KERNEL supported cpus:
Nov 22 11:25:16 kashrinivaasan-Inspiron-1545 kernel: [    0.000000]   Intel GenuineIntel
Nov 22 11:25:16 kashrinivaasan-Inspiron-1545 kernel: [    0.000000]   AMD AuthenticAMD
Nov 22 11:25:16 kashrinivaasan-Inspiron-1545 kernel: [    0.000000]   NSC Geode by NSC
Nov 22 11:25:16 kashrinivaasan-Inspiron-1545 kernel: [    0.000000]   Cyrix CyrixInstead
Nov 22 11:25:16 kashrinivaasan-Inspiron-1545 kernel: [    0.000000]   Centaur CentaurHauls
Nov 22 11:25:16 kashrinivaasan-Inspiron-1545 kernel: [    0.000000]   Transmeta GenuineTMx86
Nov 22 11:25:16 kashrinivaasan-Inspiron-1545 kernel: [    0.000000]   Transmeta TransmetaCPU
Nov 22 11:25:16 kashrinivaasan-Inspiron-1545 kernel: [    0.000000]   UMC UMC UMC UMC
Nov 22 11:25:16 kashrinivaasan-Inspiron-1545 kernel: [    0.000000] e820: BIOS-provided physical RAM map:
Nov 22 11:25:16 kashrinivaasan-Inspiron-1545 kernel: [    0.000000] BIOS-e820: [mem 0x0000000000000000-0x000000000009efff] usable
Nov 22 11:25:16 kashrinivaasan-Inspiron-1545 kernel: [    0.000000] BIOS-e820: [mem 0x000000000009f000-0x000000000009ffff] reserved
Nov 22 11:25:16 kashrinivaasan-Inspiron-1545 kernel: [    0.000000] BIOS-e820: [mem 0x0000000000100000-0x00000000bd8bf3ff] usable
Nov 22 11:25:16 kashrinivaasan-Inspiron-1545 kernel: [    0.000000] BIOS-e820: [mem 0x00000000bd8bf400-0x00000000bdac13ff] ACPI NVS
Nov 22 11:25:16 kashrinivaasan-Inspiron-1545 kernel: [    0.000000] BIOS-e820: [mem 0x00000000bdac1400-0x00000000bfffffff] reserved
Nov 22 11:25:16 kashrinivaasan-Inspiron-1545 kernel: [    0.000000] BIOS-e820: [mem 0x00000000f8000000-0x00000000fbffffff] reserved
Nov 22 11:25:16 kashrinivaasan-Inspiron-1545 kernel: [    0.000000] BIOS-e820: [mem 0x00000000fec00000-0x00000000fec0ffff] reserved
Nov 22 11:25:16 kashrinivaasan-Inspiron-1545 kernel: [    0.000000] BIOS-e820: [mem 0x00000000fed18000-0x00000000fed1bfff] reserved
Nov 22 11:25:16 kashrinivaasan-Inspiron-1545 kernel: [    0.000000] BIOS-e820: [mem 0x00000000fed20000-0x00000000fed8ffff] reserved
Nov 22 11:25:16 kashrinivaasan-Inspiron-1545 kernel: [    0.000000] BIOS-e820: [mem 0x00000000feda0000-0x00000000feda5fff] reserved
Nov 22 11:25:16 kashrinivaasan-Inspiron-1545 kernel: [    0.000000] BIOS-e820: [mem 0x00000000fee00000-0x00000000fee0ffff] reserved
Nov 22 11:25:16 kashrinivaasan-Inspiron-1545 kernel: [    0.000000] BIOS-e820: [mem 0x00000000ffe00000-0x00000000ffffffff] reserved
Nov 22 11:25:16 kashrinivaasan-Inspiron-1545 kernel: [    0.000000] NX (Execute Disable) protection: active
Nov 22 11:25:16 kashrinivaasan-Inspiron-1545 kernel: [    0.000000] SMBIOS 2.4 present.
Nov 22 11:25:16 kashrinivaasan-Inspiron-1545 kernel: [    0.000000] DMI: Dell Inc. Inspiron 1545                   /0J037P, BIOS A14 12/07/2009
Nov 22 11:25:16 kashrinivaasan-Inspiron-1545 kernel: [    0.000000] e820: update [mem 0x00000000-0x0000ffff] usable ==> reserved
Nov 22 11:25:16 kashrinivaasan-Inspiron-1545 kernel: [    0.000000] e820: remove [mem 0x000a0000-0x000fffff] usable
Nov 22 11:25:16 kashrinivaasan-Inspiron-1545 kernel: [    0.000000] e820: last_pfn = 0xbd8bf max_arch_pfn = 0x1000000
Nov 22 11:25:16 kashrinivaasan-Inspiron-1545 kernel: [    0.000000] MTRR default type: uncachable
Nov 22 11:25:16 kashrinivaasan-Inspiron-1545 kernel: [    0.000000] MTRR fixed ranges enabled:
Nov 22 11:25:16 kashrinivaasan-Inspiron-1545 kernel: [    0.000000]   00000-9FFFF write-back
Nov 22 11:25:16 kashrinivaasan-Inspiron-1545 kernel: [    0.000000]   A0000-BFFFF uncachable
Nov 22 11:25:16 kashrinivaasan-Inspiron-1545 kernel: [    0.000000]   C0000-CFFFF write-protect
Nov 22 11:25:16 kashrinivaasan-Inspiron-1545 kernel: [    0.000000]   D0000-EFFFF uncachable
Nov 22 11:25:16 kashrinivaasan-Inspiron-1545 kernel: [    0.000000]   F0000-FFFFF write-protect
Nov 22 11:25:16 kashrinivaasan-Inspiron-1545 kernel: [    0.000000] MTRR variable ranges enabled:
Nov 22 11:25:16 kashrinivaasan-Inspiron-1545 kernel: [    0.000000]   0 base 000000000 mask 800000000 write-back
Nov 22 11:25:16 kashrinivaasan-Inspiron-1545 kernel: [    0.000000]   1 base 0E0000000 mask FE0000000 uncachable
Nov 22 11:25:16 kashrinivaasan-Inspiron-1545 kernel: [    0.000000]   2 base 0BDC00000 mask FFFC00000 uncachable
Nov 22 11:25:16 kashrinivaasan-Inspiron-1545 kernel: [    0.000000]   3 base 0BE000000 mask FFE000000 uncachable
Nov 22 11:25:16 kashrinivaasan-Inspiron-1545 kernel: [    0.000000]   4 disabled
Nov 22 11:25:16 kashrinivaasan-Inspiron-1545 kernel: [    0.000000]   5 disabled
Nov 22 11:25:16 kashrinivaasan-Inspiron-1545 kernel: [    0.000000]   6 disabled
Nov 22 11:25:16 kashrinivaasan-Inspiron-1545 kernel: [    0.000000] x86 PAT enabled: cpu 0, old 0x7040600070406, new 0x7010600070106
Nov 22 11:25:16 kashrinivaasan-Inspiron-1545 kernel: [    0.000000] original variable MTRRs
Nov 22 11:25:16 kashrinivaasan-Inspiron-1545 kernel: [    0.000000] reg 0, base: 0GB, range: 32GB, type WB
Nov 22 11:25:16 kashrinivaasan-Inspiron-1545 kernel: [    0.000000] reg 1, base: 3584MB, range: 512MB, type UC
Nov 22 11:25:16 kashrinivaasan-Inspiron-1545 kernel: [    0.000000] reg 2, base: 3036MB, range: 4MB, type UC
Nov 22 11:25:16 kashrinivaasan-Inspiron-1545 kernel: [    0.000000] reg 3, base: 3040MB, range: 32MB, type UC
Nov 22 11:25:16 kashrinivaasan-Inspiron-1545 kernel: [    0.000000] total RAM covered: 32220M
Nov 22 11:25:16 kashrinivaasan-Inspiron-1545 kernel: [    0.000000]  gran_size: 64K 	chunk_size: 64K 	num_reg: 7  	lose cover RAM: 29188M
Nov 22 11:25:16 kashrinivaasan-Inspiron-1545 kernel: [    0.000000]  gran_size: 64K 	chunk_size: 128K 	num_reg: 7  	lose cover RAM: 29188M
Nov 22 11:25:16 kashrinivaasan-Inspiron-1545 kernel: [    0.000000]  gran_size: 64K 	chunk_size: 256K 	num_reg: 7  	lose cover RAM: 29188M
Nov 22 11:25:16 kashrinivaasan-Inspiron-1545 kernel: [    0.000000]  gran_size: 64K 	chunk_size: 512K 	num_reg: 7  	lose cover RAM: 29188M
Nov 22 11:25:16 kashrinivaasan-Inspiron-1545 kernel: [    0.000000]  gran_size: 64K 	chunk_size: 1M 	num_reg: 7  	lose cover RAM: 29188M
Nov 22 11:25:16 kashrinivaasan-Inspiron-1545 kernel: [    0.000000]  gran_size: 64K 	chunk_size: 2M 	num_reg: 7  	lose cover RAM: 29188M
Nov 22 11:25:16 kashrinivaasan-Inspiron-1545 kernel: [    0.000000]  gran_size: 64K 	chunk_size: 4M 	num_reg: 7  	lose cover RAM: 29188M
Nov 22 11:25:16 kashrinivaasan-Inspiron-1545 kernel: [    0.000000]  gran_size: 64K 	chunk_size: 8M 	num_reg: 7  	lose cover RAM: 29184M
Nov 22 11:25:16 kashrinivaasan-Inspiron-1545 kernel: [    0.000000]  gran_size: 64K 	chunk_size: 16M 	num_reg: 7  	lose cover RAM: 29184M
Nov 22 11:25:16 kashrinivaasan-Inspiron-1545 kernel: [    0.000000]  gran_size: 64K 	chunk_size: 32M 	num_reg: 7  	lose cover RAM: 29184M
Nov 22 11:25:16 kashrinivaasan-Inspiron-1545 kernel: [    0.000000]  gran_size: 64K 	chunk_size: 64M 	num_reg: 7  	lose cover RAM: 16G
Nov 22 11:25:16 kashrinivaasan-Inspiron-1545 kernel: [    0.000000]  gran_size: 64K 	chunk_size: 128M 	num_reg: 7  	lose cover RAM: 16G
Nov 22 11:25:16 kashrinivaasan-Inspiron-1545 kernel: [    0.000000]  gran_size: 64K 	chunk_size: 256M 	num_reg: 7  	lose cover RAM: 16G
Nov 22 11:25:16 kashrinivaasan-Inspiron-1545 kernel: [    0.000000]  gran_size: 64K 	chunk_size: 512M 	num_reg: 7  	lose cover RAM: 16G
Nov 22 11:25:16 kashrinivaasan-Inspiron-1545 kernel: [    0.000000]  gran_size: 64K 	chunk_size: 1G 	num_reg: 7  	lose cover RAM: 16G
Nov 22 11:25:16 kashrinivaasan-Inspiron-1545 kernel: [    0.000000]  gran_size: 64K 	chunk_size: 2G 	num_reg: 7  	lose cover RAM: 29188M
Nov 22 11:25:16 kashrinivaasan-Inspiron-1545 kernel: [    0.000000]  gran_size: 128K 	chunk_size: 128K 	num_reg: 7  	lose cover RAM: 29188M
Nov 22 11:25:16 kashrinivaasan-Inspiron-1545 kernel: [    0.000000]  gran_size: 128K 	chunk_size: 256K 	num_reg: 7  	lose cover RAM: 29188M
Nov 22 11:25:16 kashrinivaasan-Inspiron-1545 kernel: [    0.000000]  gran_size: 128K 	chunk_size: 512K 	num_reg: 7  	lose cover RAM: 29188M
Nov 22 11:25:16 kashrinivaasan-Inspiron-1545 kernel: [    0.000000]  gran_size: 128K 	chunk_size: 1M 	num_reg: 7  	lose cover RAM: 29188M
Nov 22 11:25:16 kashrinivaasan-Inspiron-1545 kernel: [    0.000000]  gran_size: 128K 	chunk_size: 2M 	num_reg: 7  	lose cover RAM: 29188M
Nov 22 11:25:16 kashrinivaasan-Inspiron-1545 kernel: [    0.000000]  gran_size: 128K 	chunk_size: 4M 	num_reg: 7  	lose cover RAM: 29188M
Nov 22 11:25:16 kashrinivaasan-Inspiron-1545 kernel: [    0.000000]  gran_size: 128K 	chunk_size: 8M 	num_reg: 7  	lose cover RAM: 29184M
Nov 22 11:25:16 kashrinivaasan-Inspiron-1545 kernel: [    0.000000]  gran_size: 128K 	chunk_size: 16M 	num_reg: 7  	lose cover RAM: 29184M
Nov 22 11:25:16 kashrinivaasan-Inspiron-1545 kernel: [    0.000000]  gran_size: 128K 	chunk_size: 32M 	num_reg: 7  	lose cover RAM: 29184M
Nov 22 11:25:16 kashrinivaasan-Inspiron-1545 kernel: [    0.000000]  gran_size: 128K 	chunk_size: 64M 	num_reg: 7  	lose cover RAM: 16G
Nov 22 11:25:16 kashrinivaasan-Inspiron-1545 kernel: [    0.000000]  gran_size: 128K 	chunk_size: 128M 	num_reg: 7  	lose cover RAM: 16G
Nov 22 11:25:16 kashrinivaasan-Inspiron-1545 kernel: [    0.000000]  gran_size: 128K 	chunk_size: 256M 	num_reg: 7  	lose cover RAM: 16G
Nov 22 11:25:16 kashrinivaasan-Inspiron-1545 kernel: [    0.000000]  gran_size: 128K 	chunk_size: 512M 	num_reg: 7  	lose cover RAM: 16G
Nov 22 11:25:16 kashrinivaasan-Inspiron-1545 kernel: [    0.000000]  gran_size: 128K 	chunk_size: 1G 	num_reg: 7  	lose cover RAM: 16G
Nov 22 11:25:16 kashrinivaasan-Inspiron-1545 kernel: [    0.000000]  gran_size: 128K 	chunk_size: 2G 	num_reg: 7  	lose cover RAM: 29188M
Nov 22 11:25:16 kashrinivaasan-Inspiron-1545 kernel: [    0.000000]  gran_size: 256K 	chunk_size: 256K 	num_reg: 7  	lose cover RAM: 29188M
Nov 22 11:25:16 kashrinivaasan-Inspiron-1545 kernel: [    0.000000]  gran_size: 256K 	chunk_size: 512K 	num_reg: 7  	lose cover RAM: 29188M
Nov 22 11:25:16 kashrinivaasan-Inspiron-1545 kernel: [    0.000000]  gran_size: 256K 	chunk_size: 1M 	num_reg: 7  	lose cover RAM: 29188M
Nov 22 11:25:16 kashrinivaasan-Inspiron-1545 kernel: [    0.000000]  gran_size: 256K 	chunk_size: 2M 	num_reg: 7  	lose cover RAM: 29188M
Nov 22 11:25:16 kashrinivaasan-Inspiron-1545 kernel: [    0.000000]  gran_size: 256K 	chunk_size: 4M 	num_reg: 7  	lose cover RAM: 29188M
Nov 22 11:25:16 kashrinivaasan-Inspiron-1545 kernel: [    0.000000]  gran_size: 256K 	chunk_size: 8M 	num_reg: 7  	lose cover RAM: 29184M
Nov 22 11:25:16 kashrinivaasan-Inspiron-1545 kernel: [    0.000000]  gran_size: 256K 	chunk_size: 16M 	num_reg: 7  	lose cover RAM: 29184M
Nov 22 11:25:16 kashrinivaasan-Inspiron-1545 kernel: [    0.000000]  gran_size: 256K 	chunk_size: 32M 	num_reg: 7  	lose cover RAM: 29184M
Nov 22 11:25:16 kashrinivaasan-Inspiron-1545 kernel: [    0.000000]  gran_size: 256K 	chunk_size: 64M 	num_reg: 7  	lose cover RAM: 16G
Nov 22 11:25:16 kashrinivaasan-Inspiron-1545 kernel: [    0.000000]  gran_size: 256K 	chunk_size: 128M 	num_reg: 7  	lose cover RAM: 16G
Nov 22 11:25:16 kashrinivaasan-Inspiron-1545 kernel: [    0.000000]  gran_size: 256K 	chunk_size: 256M 	num_reg: 7  	lose cover RAM: 16G
Nov 22 11:25:16 kashrinivaasan-Inspiron-1545 kernel: [    0.000000]  gran_size: 256K 	chunk_size: 512M 	num_reg: 7  	lose cover RAM: 16G
Nov 22 11:25:16 kashrinivaasan-Inspiron-1545 kernel: [    0.000000]  gran_size: 256K 	chunk_size: 1G 	num_reg: 7  	lose cover RAM: 16G
Nov 22 11:25:16 kashrinivaasan-Inspiron-1545 kernel: [    0.000000]  gran_size: 256K 	chunk_size: 2G 	num_reg: 7  	lose cover RAM: 29188M
Nov 22 11:25:16 kashrinivaasan-Inspiron-1545 kernel: [    0.000000]  gran_size: 512K 	chunk_size: 512K 	num_reg: 7  	lose cover RAM: 29188M
Nov 22 11:25:16 kashrinivaasan-Inspiron-1545 kernel: [    0.000000]  gran_size: 512K 	chunk_size: 1M 	num_reg: 7  	lose cover RAM: 29188M
Nov 22 11:25:16 kashrinivaasan-Inspiron-1545 kernel: [    0.000000]  gran_size: 512K 	chunk_size: 2M 	num_reg: 7  	lose cover RAM: 29188M
Nov 22 11:25:16 kashrinivaasan-Inspiron-1545 kernel: [    0.000000]  gran_size: 512K 	chunk_size: 4M 	num_reg: 7  	lose cover RAM: 29188M
Nov 22 11:25:16 kashrinivaasan-Inspiron-1545 kernel: [    0.000000]  gran_size: 512K 	chunk_size: 8M 	num_reg: 7  	lose cover RAM: 29184M
Nov 22 11:25:16 kashrinivaasan-Inspiron-1545 kernel: [    0.000000]  gran_size: 512K 	chunk_size: 16M 	num_reg: 7  	lose cover RAM: 29184M
Nov 22 11:25:16 kashrinivaasan-Inspiron-1545 kernel: [    0.000000]  gran_size: 512K 	chunk_size: 32M 	num_reg: 7  	lose cover RAM: 29184M
Nov 22 11:25:16 kashrinivaasan-Inspiron-1545 kernel: [    0.000000]  gran_size: 512K 	chunk_size: 64M 	num_reg: 7  	lose cover RAM: 16G
Nov 22 11:25:16 kashrinivaasan-Inspiron-1545 kernel: [    0.000000]  gran_size: 512K 	chunk_size: 128M 	num_reg: 7  	lose cover RAM: 16G
Nov 22 11:25:16 kashrinivaasan-Inspiron-1545 kernel: [    0.000000]  gran_size: 512K 	chunk_size: 256M 	num_reg: 7  	lose cover RAM: 16G
Nov 22 11:25:16 kashrinivaasan-Inspiron-1545 kernel: [    0.000000]  gran_size: 512K 	chunk_size: 512M 	num_reg: 7  	lose cover RAM: 16G
Nov 22 11:25:16 kashrinivaasan-Inspiron-1545 kernel: [    0.000000]  gran_size: 512K 	chunk_size: 1G 	num_reg: 7  	lose cover RAM: 16G
Nov 22 11:25:16 kashrinivaasan-Inspiron-1545 kernel: [    0.000000]  gran_size: 512K 	chunk_size: 2G 	num_reg: 7  	lose cover RAM: 29188M
Nov 22 11:25:16 kashrinivaasan-Inspiron-1545 kernel: [    0.000000]  gran_size: 1M 	chunk_size: 1M 	num_reg: 7  	lose cover RAM: 29188M
Nov 22 11:25:16 kashrinivaasan-Inspiron-1545 kernel: [    0.000000]  gran_size: 1M 	chunk_size: 2M 	num_reg: 7  	lose cover RAM: 29188M
Nov 22 11:25:16 kashrinivaasan-Inspiron-1545 kernel: [    0.000000]  gran_size: 1M 	chunk_size: 4M 	num_reg: 7  	lose cover RAM: 29188M
Nov 22 11:25:16 kashrinivaasan-Inspiron-1545 kernel: [    0.000000]  gran_size: 1M 	chunk_size: 8M 	num_reg: 7  	lose cover RAM: 29184M
Nov 22 11:25:16 kashrinivaasan-Inspiron-1545 kernel: [    0.000000]  gran_size: 1M 	chunk_size: 16M 	num_reg: 7  	lose cover RAM: 29184M
Nov 22 11:25:16 kashrinivaasan-Inspiron-1545 kernel: [    0.000000]  gran_size: 1M 	chunk_size: 32M 	num_reg: 7  	lose cover RAM: 29184M
Nov 22 11:25:16 kashrinivaasan-Inspiron-1545 kernel: [    0.000000]  gran_size: 1M 	chunk_size: 64M 	num_reg: 7  	lose cover RAM: 16G
Nov 22 11:25:16 kashrinivaasan-Inspiron-1545 kernel: [    0.000000]  gran_size: 1M 	chunk_size: 128M 	num_reg: 7  	lose cover RAM: 16G
Nov 22 11:25:16 kashrinivaasan-Inspiron-1545 kernel: [    0.000000]  gran_size: 1M 	chunk_size: 256M 	num_reg: 7  	lose cover RAM: 16G
Nov 22 11:25:16 kashrinivaasan-Inspiron-1545 kernel: [    0.000000]  gran_size: 1M 	chunk_size: 512M 	num_reg: 7  	lose cover RAM: 16G
Nov 22 11:25:16 kashrinivaasan-Inspiron-1545 kernel: [    0.000000]  gran_size: 1M 	chunk_size: 1G 	num_reg: 7  	lose cover RAM: 16G
Nov 22 11:25:16 kashrinivaasan-Inspiron-1545 kernel: [    0.000000]  gran_size: 1M 	chunk_size: 2G 	num_reg: 7  	lose cover RAM: 29188M
Nov 22 11:25:16 kashrinivaasan-Inspiron-1545 kernel: [    0.000000]  gran_size: 2M 	chunk_size: 2M 	num_reg: 7  	lose cover RAM: 29188M
Nov 22 11:25:16 kashrinivaasan-Inspiron-1545 kernel: [    0.000000]  gran_size: 2M 	chunk_size: 4M 	num_reg: 7  	lose cover RAM: 29188M
Nov 22 11:25:16 kashrinivaasan-Inspiron-1545 kernel: [    0.000000]  gran_size: 2M 	chunk_size: 8M 	num_reg: 7  	lose cover RAM: 29184M
Nov 22 11:25:16 kashrinivaasan-Inspiron-1545 kernel: [    0.000000]  gran_size: 2M 	chunk_size: 16M 	num_reg: 7  	lose cover RAM: 29184M
Nov 22 11:25:16 kashrinivaasan-Inspiron-1545 kernel: [    0.000000]  gran_size: 2M 	chunk_size: 32M 	num_reg: 7  	lose cover RAM: 29184M
Nov 22 11:25:16 kashrinivaasan-Inspiron-1545 kernel: [    0.000000]  gran_size: 2M 	chunk_size: 64M 	num_reg: 7  	lose cover RAM: 16G
Nov 22 11:25:16 kashrinivaasan-Inspiron-1545 kernel: [    0.000000]  gran_size: 2M 	chunk_size: 128M 	num_reg: 7  	lose cover RAM: 16G
Nov 22 11:25:16 kashrinivaasan-Inspiron-1545 kernel: [    0.000000]  gran_size: 2M 	chunk_size: 256M 	num_reg: 7  	lose cover RAM: 16G
Nov 22 11:25:16 kashrinivaasan-Inspiron-1545 kernel: [    0.000000]  gran_size: 2M 	chunk_size: 512M 	num_reg: 7  	lose cover RAM: 16G
Nov 22 11:25:16 kashrinivaasan-Inspiron-1545 kernel: [    0.000000]  gran_size: 2M 	chunk_size: 1G 	num_reg: 7  	lose cover RAM: 16G
Nov 22 11:25:16 kashrinivaasan-Inspiron-1545 kernel: [    0.000000]  gran_size: 2M 	chunk_size: 2G 	num_reg: 7  	lose cover RAM: 29188M
Nov 22 11:25:16 kashrinivaasan-Inspiron-1545 kernel: [    0.000000]  gran_size: 4M 	chunk_size: 4M 	num_reg: 7  	lose cover RAM: 29188M
Nov 22 11:25:16 kashrinivaasan-Inspiron-1545 kernel: [    0.000000]  gran_size: 4M 	chunk_size: 8M 	num_reg: 7  	lose cover RAM: 29184M
Nov 22 11:25:16 kashrinivaasan-Inspiron-1545 kernel: [    0.000000]  gran_size: 4M 	chunk_size: 16M 	num_reg: 7  	lose cover RAM: 29184M
Nov 22 11:25:16 kashrinivaasan-Inspiron-1545 kernel: [    0.000000]  gran_size: 4M 	chunk_size: 32M 	num_reg: 7  	lose cover RAM: 29184M
Nov 22 11:25:16 kashrinivaasan-Inspiron-1545 kernel: [    0.000000]  gran_size: 4M 	chunk_size: 64M 	num_reg: 7  	lose cover RAM: 16G
Nov 22 11:25:16 kashrinivaasan-Inspiron-1545 kernel: [    0.000000]  gran_size: 4M 	chunk_size: 128M 	num_reg: 7  	lose cover RAM: 16G
Nov 22 11:25:16 kashrinivaasan-Inspiron-1545 kernel: [    0.000000]  gran_size: 4M 	chunk_size: 256M 	num_reg: 7  	lose cover RAM: 16G
Nov 22 11:25:16 kashrinivaasan-Inspiron-1545 kernel: [    0.000000]  gran_size: 4M 	chunk_size: 512M 	num_reg: 7  	lose cover RAM: 16G
Nov 22 11:25:16 kashrinivaasan-Inspiron-1545 kernel: [    0.000000]  gran_size: 4M 	chunk_size: 1G 	num_reg: 7  	lose cover RAM: 16G
Nov 22 11:25:16 kashrinivaasan-Inspiron-1545 kernel: [    0.000000]  gran_size: 4M 	chunk_size: 2G 	num_reg: 7  	lose cover RAM: 29188M
Nov 22 11:25:16 kashrinivaasan-Inspiron-1545 kernel: [    0.000000]  gran_size: 8M 	chunk_size: 8M 	num_reg: 7  	lose cover RAM: 29188M
Nov 22 11:25:16 kashrinivaasan-Inspiron-1545 kernel: [    0.000000]  gran_size: 8M 	chunk_size: 16M 	num_reg: 7  	lose cover RAM: 29188M
Nov 22 11:25:16 kashrinivaasan-Inspiron-1545 kernel: [    0.000000]  gran_size: 8M 	chunk_size: 32M 	num_reg: 7  	lose cover RAM: 29188M
Nov 22 11:25:16 kashrinivaasan-Inspiron-1545 kernel: [    0.000000]  gran_size: 8M 	chunk_size: 64M 	num_reg: 7  	lose cover RAM: 16388M
Nov 22 11:25:16 kashrinivaasan-Inspiron-1545 kernel: [    0.000000]  gran_size: 8M 	chunk_size: 128M 	num_reg: 7  	lose cover RAM: 16388M
Nov 22 11:25:16 kashrinivaasan-Inspiron-1545 kernel: [    0.000000]  gran_size: 8M 	chunk_size: 256M 	num_reg: 7  	lose cover RAM: 16388M
Nov 22 11:25:16 kashrinivaasan-Inspiron-1545 kernel: [    0.000000]  gran_size: 8M 	chunk_size: 512M 	num_reg: 7  	lose cover RAM: 16388M
Nov 22 11:25:16 kashrinivaasan-Inspiron-1545 kernel: [    0.000000]  gran_size: 8M 	chunk_size: 1G 	num_reg: 7  	lose cover RAM: 16388M
Nov 22 11:25:16 kashrinivaasan-Inspiron-1545 kernel: [    0.000000]  gran_size: 8M 	chunk_size: 2G 	num_reg: 7  	lose cover RAM: 29188M
Nov 22 11:25:16 kashrinivaasan-Inspiron-1545 kernel: [    0.000000]  gran_size: 16M 	chunk_size: 16M 	num_reg: 7  	lose cover RAM: 28684M
Nov 22 11:25:16 kashrinivaasan-Inspiron-1545 kernel: [    0.000000]  gran_size: 16M 	chunk_size: 32M 	num_reg: 7  	lose cover RAM: 29196M
Nov 22 11:25:16 kashrinivaasan-Inspiron-1545 kernel: [    0.000000]  gran_size: 16M 	chunk_size: 64M 	num_reg: 7  	lose cover RAM: 16396M
Nov 22 11:25:16 kashrinivaasan-Inspiron-1545 kernel: [    0.000000]  gran_size: 16M 	chunk_size: 128M 	num_reg: 7  	lose cover RAM: 16396M
Nov 22 11:25:16 kashrinivaasan-Inspiron-1545 kernel: [    0.000000]  gran_size: 16M 	chunk_size: 256M 	num_reg: 7  	lose cover RAM: 16396M
Nov 22 11:25:16 kashrinivaasan-Inspiron-1545 kernel: [    0.000000]  gran_size: 16M 	chunk_size: 512M 	num_reg: 7  	lose cover RAM: 16396M
Nov 22 11:25:16 kashrinivaasan-Inspiron-1545 kernel: [    0.000000]  gran_size: 16M 	chunk_size: 1G 	num_reg: 7  	lose cover RAM: 16396M
Nov 22 11:25:16 kashrinivaasan-Inspiron-1545 kernel: [    0.000000]  gran_size: 16M 	chunk_size: 2G 	num_reg: 7  	lose cover RAM: 28172M
Nov 22 11:25:16 kashrinivaasan-Inspiron-1545 kernel: [    0.000000]  gran_size: 32M 	chunk_size: 32M 	num_reg: 7  	lose cover RAM: 24604M
Nov 22 11:25:16 kashrinivaasan-Inspiron-1545 kernel: [    0.000000]  gran_size: 32M 	chunk_size: 64M 	num_reg: 7  	lose cover RAM: 24604M
Nov 22 11:25:16 kashrinivaasan-Inspiron-1545 kernel: [    0.000000]  gran_size: 32M 	chunk_size: 128M 	num_reg: 7  	lose cover RAM: 28M
Nov 22 11:25:16 kashrinivaasan-Inspiron-1545 kernel: [    0.000000]  gran_size: 32M 	chunk_size: 256M 	num_reg: 7  	lose cover RAM: 28M
Nov 22 11:25:16 kashrinivaasan-Inspiron-1545 kernel: [    0.000000]  gran_size: 32M 	chunk_size: 512M 	num_reg: 7  	lose cover RAM: 28M
Nov 22 11:25:16 kashrinivaasan-Inspiron-1545 kernel: [    0.000000]  gran_size: 32M 	chunk_size: 1G 	num_reg: 7  	lose cover RAM: 28M
Nov 22 11:25:16 kashrinivaasan-Inspiron-1545 kernel: [    0.000000]  gran_size: 32M 	chunk_size: 2G 	num_reg: 7  	lose cover RAM: 27164M
Nov 22 11:25:16 kashrinivaasan-Inspiron-1545 kernel: [    0.000000]  gran_size: 64M 	chunk_size: 64M 	num_reg: 7  	lose cover RAM: 24604M
Nov 22 11:25:16 kashrinivaasan-Inspiron-1545 kernel: [    0.000000]  gran_size: 64M 	chunk_size: 128M 	num_reg: 7  	lose cover RAM: 28M
Nov 22 11:25:16 kashrinivaasan-Inspiron-1545 kernel: [    0.000000]  gran_size: 64M 	chunk_size: 256M 	num_reg: 7  	lose cover RAM: 28M
Nov 22 11:25:16 kashrinivaasan-Inspiron-1545 kernel: [    0.000000]  gran_size: 64M 	chunk_size: 512M 	num_reg: 7  	lose cover RAM: 28M
Nov 22 11:25:16 kashrinivaasan-Inspiron-1545 kernel: [    0.000000]  gran_size: 64M 	chunk_size: 1G 	num_reg: 7  	lose cover RAM: 28M
Nov 22 11:25:16 kashrinivaasan-Inspiron-1545 kernel: [    0.000000]  gran_size: 64M 	chunk_size: 2G 	num_reg: 7  	lose cover RAM: 27164M
Nov 22 11:25:16 kashrinivaasan-Inspiron-1545 kernel: [    0.000000]  gran_size: 128M 	chunk_size: 128M 	num_reg: 7  	lose cover RAM: 16476M
Nov 22 11:25:16 kashrinivaasan-Inspiron-1545 kernel: [    0.000000]  gran_size: 128M 	chunk_size: 256M 	num_reg: 7  	lose cover RAM: 92M
Nov 22 11:25:16 kashrinivaasan-Inspiron-1545 kernel: [    0.000000]  gran_size: 128M 	chunk_size: 512M 	num_reg: 7  	lose cover RAM: 92M
Nov 22 11:25:16 kashrinivaasan-Inspiron-1545 kernel: [    0.000000]  gran_size: 128M 	chunk_size: 1G 	num_reg: 7  	lose cover RAM: 92M
Nov 22 11:25:16 kashrinivaasan-Inspiron-1545 kernel: [    0.000000]  gran_size: 128M 	chunk_size: 2G 	num_reg: 7  	lose cover RAM: 27740M
Nov 22 11:25:16 kashrinivaasan-Inspiron-1545 kernel: [    0.000000]  gran_size: 256M 	chunk_size: 256M 	num_reg: 7  	lose cover RAM: 220M
Nov 22 11:25:16 kashrinivaasan-Inspiron-1545 kernel: [    0.000000]  gran_size: 256M 	chunk_size: 512M 	num_reg: 7  	lose cover RAM: 220M
Nov 22 11:25:16 kashrinivaasan-Inspiron-1545 kernel: [    0.000000]  gran_size: 256M 	chunk_size: 1G 	num_reg: 7  	lose cover RAM: 220M
Nov 22 11:25:16 kashrinivaasan-Inspiron-1545 kernel: [    0.000000]  gran_size: 256M 	chunk_size: 2G 	num_reg: 7  	lose cover RAM: 26844M
Nov 22 11:25:16 kashrinivaasan-Inspiron-1545 kernel: [    0.000000]  gran_size: 512M 	chunk_size: 512M 	num_reg: 6  	lose cover RAM: 476M
Nov 22 11:25:16 kashrinivaasan-Inspiron-1545 kernel: [    0.000000]  gran_size: 512M 	chunk_size: 1G 	num_reg: 7  	lose cover RAM: 476M
Nov 22 11:25:16 kashrinivaasan-Inspiron-1545 kernel: [    0.000000]  gran_size: 512M 	chunk_size: 2G 	num_reg: 7  	lose cover RAM: 25052M
Nov 22 11:25:16 kashrinivaasan-Inspiron-1545 kernel: [    0.000000]  gran_size: 1G 	chunk_size: 1G 	num_reg: 4  	lose cover RAM: 1500M
Nov 22 11:25:16 kashrinivaasan-Inspiron-1545 kernel: [    0.000000]  gran_size: 1G 	chunk_size: 2G 	num_reg: 4  	lose cover RAM: 1500M
Nov 22 11:25:16 kashrinivaasan-Inspiron-1545 kernel: [    0.000000]  gran_size: 2G 	chunk_size: 2G 	num_reg: 4  	lose cover RAM: 1500M
Nov 22 11:25:16 kashrinivaasan-Inspiron-1545 kernel: [    0.000000] mtrr_cleanup: can not find optimal value
Nov 22 11:25:16 kashrinivaasan-Inspiron-1545 kernel: [    0.000000] please specify mtrr_gran_size/mtrr_chunk_size
Nov 22 11:25:16 kashrinivaasan-Inspiron-1545 kernel: [    0.000000] e820: update [mem 0xbdc00000-0xbfffffff] usable ==> reserved
Nov 22 11:25:16 kashrinivaasan-Inspiron-1545 kernel: [    0.000000] e820: update [mem 0xe0000000-0xffffffff] usable ==> reserved
Nov 22 11:25:16 kashrinivaasan-Inspiron-1545 kernel: [    0.000000] initial memory mapped: [mem 0x00000000-0x01ffffff]
Nov 22 11:25:16 kashrinivaasan-Inspiron-1545 kernel: [    0.000000] Base memory trampoline at [c009b000] 9b000 size 16384
Nov 22 11:25:16 kashrinivaasan-Inspiron-1545 kernel: [    0.000000] init_memory_mapping: [mem 0x00000000-0x37bfdfff]
Nov 22 11:25:16 kashrinivaasan-Inspiron-1545 kernel: [    0.000000]  [mem 0x00000000-0x001fffff] page 4k
Nov 22 11:25:16 kashrinivaasan-Inspiron-1545 kernel: [    0.000000]  [mem 0x00200000-0x379fffff] page 2M
Nov 22 11:25:16 kashrinivaasan-Inspiron-1545 kernel: [    0.000000]  [mem 0x37a00000-0x37bfdfff] page 4k
Nov 22 11:25:16 kashrinivaasan-Inspiron-1545 kernel: [    0.000000] kernel direct mapping tables up to 0x37bfdfff @ [mem 0x01ffa000-0x01ffffff]
Nov 22 11:25:16 kashrinivaasan-Inspiron-1545 kernel: [    0.000000] RAMDISK: [mem 0x35972000-0x36cb0fff]
Nov 22 11:25:16 kashrinivaasan-Inspiron-1545 kernel: [    0.000000] ACPI: RSDP 000fbdd0 00024 (v02 DELL  )
Nov 22 11:25:16 kashrinivaasan-Inspiron-1545 kernel: [    0.000000] ACPI: XSDT bdac3e00 00054 (v01 DELL    WN09    27D90C07 ASL  00000061)
Nov 22 11:25:16 kashrinivaasan-Inspiron-1545 kernel: [    0.000000] ACPI: FACP bdac3c9c 000F4 (v04 DELL    WN09    27D90C07 ASL  00000061)
Nov 22 11:25:16 kashrinivaasan-Inspiron-1545 kernel: [    0.000000] ACPI: DSDT bdac4400 05451 (v02 INT430 SYSFexxx 00001001 INTL 20050624)
Nov 22 11:25:16 kashrinivaasan-Inspiron-1545 kernel: [    0.000000] ACPI: FACS bdad2c00 00040
Nov 22 11:25:16 kashrinivaasan-Inspiron-1545 kernel: [    0.000000] ACPI: HPET bdac3f00 00038 (v01 DELL    WN09    00000001 ASL  00000061)
Nov 22 11:25:16 kashrinivaasan-Inspiron-1545 kernel: [    0.000000] ACPI: APIC bdac4000 00068 (v01 DELL    WN09    27D90C07 ASL  00000047)
Nov 22 11:25:16 kashrinivaasan-Inspiron-1545 kernel: [    0.000000] ACPI: MCFG bdac3fc0 0003E (v16 DELL    WN09    27D90C07 ASL  00000061)
Nov 22 11:25:16 kashrinivaasan-Inspiron-1545 kernel: [    0.000000] ACPI: SLIC bdac409c 00176 (v01 DELL    WN09    27D90C07 ASL  00000061)
Nov 22 11:25:16 kashrinivaasan-Inspiron-1545 kernel: [    0.000000] ACPI: SSDT bdac2363 0066C (v01  PmRef    CpuPm 00003000 INTL 20050624)
Nov 22 11:25:16 kashrinivaasan-Inspiron-1545 kernel: [    0.000000] ACPI: Local APIC address 0xfee00000
Nov 22 11:25:16 kashrinivaasan-Inspiron-1545 kernel: [    0.000000] 2140MB HIGHMEM available.
Nov 22 11:25:16 kashrinivaasan-Inspiron-1545 kernel: [    0.000000] 891MB LOWMEM available.
Nov 22 11:25:16 kashrinivaasan-Inspiron-1545 kernel: [    0.000000]   mapped low ram: 0 - 37bfe000
Nov 22 11:25:16 kashrinivaasan-Inspiron-1545 kernel: [    0.000000]   low ram: 0 - 37bfe000
Nov 22 11:25:16 kashrinivaasan-Inspiron-1545 kernel: [    0.000000] Zone ranges:
Nov 22 11:25:16 kashrinivaasan-Inspiron-1545 kernel: [    0.000000]   DMA      [mem 0x00010000-0x00ffffff]
Nov 22 11:25:16 kashrinivaasan-Inspiron-1545 kernel: [    0.000000]   Normal   [mem 0x01000000-0x37bfdfff]
Nov 22 11:25:16 kashrinivaasan-Inspiron-1545 kernel: [    0.000000]   HighMem  [mem 0x37bfe000-0xbd8befff]
Nov 22 11:25:16 kashrinivaasan-Inspiron-1545 kernel: [    0.000000] Movable zone start for each node
Nov 22 11:25:16 kashrinivaasan-Inspiron-1545 kernel: [    0.000000] Early memory node ranges
Nov 22 11:25:16 kashrinivaasan-Inspiron-1545 kernel: [    0.000000]   node   0: [mem 0x00010000-0x0009efff]
Nov 22 11:25:16 kashrinivaasan-Inspiron-1545 kernel: [    0.000000]   node   0: [mem 0x00100000-0xbd8befff]
Nov 22 11:25:16 kashrinivaasan-Inspiron-1545 kernel: [    0.000000] On node 0 totalpages: 776270
Nov 22 11:25:16 kashrinivaasan-Inspiron-1545 kernel: [    0.000000] free_area_init_node: node 0, pgdat c18d32c0, node_mem_map f41ba200
Nov 22 11:25:16 kashrinivaasan-Inspiron-1545 kernel: [    0.000000]   DMA zone: 32 pages used for memmap
Nov 22 11:25:16 kashrinivaasan-Inspiron-1545 kernel: [    0.000000]   DMA zone: 0 pages reserved
Nov 22 11:25:16 kashrinivaasan-Inspiron-1545 kernel: [    0.000000]   DMA zone: 3951 pages, LIFO batch:0
Nov 22 11:25:16 kashrinivaasan-Inspiron-1545 kernel: [    0.000000]   Normal zone: 1752 pages used for memmap
Nov 22 11:25:16 kashrinivaasan-Inspiron-1545 kernel: [    0.000000]   Normal zone: 222502 pages, LIFO batch:31
Nov 22 11:25:16 kashrinivaasan-Inspiron-1545 kernel: [    0.000000]   HighMem zone: 4282 pages used for memmap
Nov 22 11:25:16 kashrinivaasan-Inspiron-1545 kernel: [    0.000000]   HighMem zone: 543751 pages, LIFO batch:31
Nov 22 11:25:16 kashrinivaasan-Inspiron-1545 kernel: [    0.000000] Using APIC driver default
Nov 22 11:25:16 kashrinivaasan-Inspiron-1545 kernel: [    0.000000] ACPI: PM-Timer IO Port: 0x1008
Nov 22 11:25:16 kashrinivaasan-Inspiron-1545 kernel: [    0.000000] ACPI: Local APIC address 0xfee00000
Nov 22 11:25:16 kashrinivaasan-Inspiron-1545 kernel: [    0.000000] ACPI: LAPIC (acpi_id[0x00] lapic_id[0x00] enabled)
Nov 22 11:25:16 kashrinivaasan-Inspiron-1545 kernel: [    0.000000] ACPI: LAPIC (acpi_id[0x01] lapic_id[0x01] enabled)
Nov 22 11:25:16 kashrinivaasan-Inspiron-1545 kernel: [    0.000000] ACPI: LAPIC_NMI (acpi_id[0x00] high edge lint[0x1])
Nov 22 11:25:16 kashrinivaasan-Inspiron-1545 kernel: [    0.000000] ACPI: LAPIC_NMI (acpi_id[0x01] high edge lint[0x1])
Nov 22 11:25:16 kashrinivaasan-Inspiron-1545 kernel: [    0.000000] ACPI: IOAPIC (id[0x02] address[0xfec00000] gsi_base[0])
Nov 22 11:25:16 kashrinivaasan-Inspiron-1545 kernel: [    0.000000] IOAPIC[0]: apic_id 2, version 32, address 0xfec00000, GSI 0-23
Nov 22 11:25:16 kashrinivaasan-Inspiron-1545 kernel: [    0.000000] ACPI: INT_SRC_OVR (bus 0 bus_irq 0 global_irq 2 dfl dfl)
Nov 22 11:25:16 kashrinivaasan-Inspiron-1545 kernel: [    0.000000] ACPI: INT_SRC_OVR (bus 0 bus_irq 9 global_irq 9 high level)
Nov 22 11:25:16 kashrinivaasan-Inspiron-1545 kernel: [    0.000000] ACPI: IRQ0 used by override.
