Nov  4 21:00:47 kashrinivaasan-Inspiron-1545 kernel: [    2.758694] acpi device:3b: registered as cooling_device2
Nov  4 21:00:47 kashrinivaasan-Inspiron-1545 kernel: [    2.759308] ACPI: Video Device [VID1] (multi-head: yes  rom: no  post: no)
Nov  4 21:00:47 kashrinivaasan-Inspiron-1545 kernel: [    2.759362] input: Video Bus as /devices/LNXSYSTM:00/LNXSYBUS:00/PNP0A03:00/LNXVIDEO:01/input/input4
Nov  4 21:00:47 kashrinivaasan-Inspiron-1545 kernel: [    2.759425] [Firmware Bug]: Duplicate ACPI video bus devices for the same VGA controller, please try module parameter "video.allow_duplicates=1"if the current driver doesn't work.
Nov  4 21:00:47 kashrinivaasan-Inspiron-1545 kernel: [    2.759446] [drm] Initialized i915 1.6.0 20080730 for 0000:00:02.0 on minor 0
Nov  4 21:00:47 kashrinivaasan-Inspiron-1545 kernel: [    2.788148] usb 7-1: New USB device found, idVendor=12d1, idProduct=1505
Nov  4 21:00:47 kashrinivaasan-Inspiron-1545 kernel: [    2.788156] usb 7-1: New USB device strings: Mfr=1, Product=2, SerialNumber=4
Nov  4 21:00:47 kashrinivaasan-Inspiron-1545 kernel: [    2.788161] usb 7-1: Product: HUAWEI Mobile
Nov  4 21:00:47 kashrinivaasan-Inspiron-1545 kernel: [    2.788165] usb 7-1: Manufacturer: HUAÿWEI TECHNOLOGIES
Nov  4 21:00:47 kashrinivaasan-Inspiron-1545 kernel: [    2.788169] usb 7-1: SerialNumber: ÿÿÿÿÿÿÿÿÿÿÿÿÿÿÿÿÿÿÿ
Nov  4 21:00:47 kashrinivaasan-Inspiron-1545 kernel: [    2.792220] scsi6 : usb-storage 7-1:1.0
Nov  4 21:00:47 kashrinivaasan-Inspiron-1545 kernel: [    2.880202] usb 7-1: USB disconnect, device number 2
Nov  4 21:00:47 kashrinivaasan-Inspiron-1545 kernel: [    2.944126] ata6: SATA link down (SStatus 0 SControl 300)
Nov  4 21:00:47 kashrinivaasan-Inspiron-1545 kernel: [    2.954472] scsi7 : usb-storage 1-5:1.0
Nov  4 21:00:47 kashrinivaasan-Inspiron-1545 kernel: [    2.954580] usbcore: registered new interface driver ums-realtek
Nov  4 21:00:47 kashrinivaasan-Inspiron-1545 kernel: [    3.708733] Disabling lock debugging due to kernel taint
Nov  4 21:00:47 kashrinivaasan-Inspiron-1545 kernel: [    3.708874] virgo_cloud_test_kernelspace_init(): doing init() of virgo cloud kernel space test module
Nov  4 21:00:47 kashrinivaasan-Inspiron-1545 kernel: [    3.708982] virgo_cloudexec: no symbol version for node_ip_addrs_in_cloud
Nov  4 21:00:47 kashrinivaasan-Inspiron-1545 kernel: [    3.708984] virgo_cloudexec: Unknown symbol node_ip_addrs_in_cloud (err -22)
Nov  4 21:00:47 kashrinivaasan-Inspiron-1545 kernel: [    3.708987] virgo_cloudexec: no symbol version for num_cloud_nodes
Nov  4 21:00:47 kashrinivaasan-Inspiron-1545 kernel: [    3.708988] virgo_cloudexec: Unknown symbol num_cloud_nodes (err -22)
Nov  4 21:00:47 kashrinivaasan-Inspiron-1545 kernel: [    3.790868] EXT3-fs (sda5): recovery required on readonly filesystem
Nov  4 21:00:47 kashrinivaasan-Inspiron-1545 kernel: [    3.790875] EXT3-fs (sda5): write access will be enabled during recovery
Nov  4 21:00:47 kashrinivaasan-Inspiron-1545 kernel: [    3.954375] scsi 7:0:0:0: Direct-Access     Generic- Multi-Card       1.00 PQ: 0 ANSI: 0 CCS
Nov  4 21:00:47 kashrinivaasan-Inspiron-1545 kernel: [    3.955183] sd 7:0:0:0: Attached scsi generic sg2 type 0
Nov  4 21:00:47 kashrinivaasan-Inspiron-1545 kernel: [    3.959821] sd 7:0:0:0: [sdb] Attached SCSI removable disk
Nov  4 21:00:47 kashrinivaasan-Inspiron-1545 kernel: [    4.814532] kjournald starting.  Commit interval 5 seconds
Nov  4 21:00:47 kashrinivaasan-Inspiron-1545 kernel: [    4.814641] EXT3-fs (sda5): orphan cleanup on readonly fs
Nov  4 21:00:47 kashrinivaasan-Inspiron-1545 kernel: [    4.814647] ext3_orphan_cleanup: deleting unreferenced inode 519644
Nov  4 21:00:47 kashrinivaasan-Inspiron-1545 kernel: [    4.814681] ext3_orphan_cleanup: deleting unreferenced inode 646434
Nov  4 21:00:47 kashrinivaasan-Inspiron-1545 kernel: [    4.814699] EXT3-fs (sda5): 2 orphan inodes deleted
Nov  4 21:00:47 kashrinivaasan-Inspiron-1545 kernel: [    4.925881] EXT3-fs (sda5): recovery complete
Nov  4 21:00:47 kashrinivaasan-Inspiron-1545 kernel: [    4.925887] EXT3-fs (sda5): mounted filesystem with ordered data mode
Nov  4 21:00:47 kashrinivaasan-Inspiron-1545 kernel: [    6.320056] usb 7-1: new full-speed USB device number 3 using uhci_hcd
Nov  4 21:00:47 kashrinivaasan-Inspiron-1545 kernel: [    6.482115] usb 7-1: New USB device found, idVendor=12d1, idProduct=140b
Nov  4 21:00:47 kashrinivaasan-Inspiron-1545 kernel: [    6.482122] usb 7-1: New USB device strings: Mfr=1, Product=2, SerialNumber=4
Nov  4 21:00:47 kashrinivaasan-Inspiron-1545 kernel: [    6.482127] usb 7-1: Product: HUAWEI Mobile
Nov  4 21:00:47 kashrinivaasan-Inspiron-1545 kernel: [    6.482132] usb 7-1: Manufacturer: HUAÿWEI TECHNOLOGIES
Nov  4 21:00:47 kashrinivaasan-Inspiron-1545 kernel: [    6.482137] usb 7-1: SerialNumber: ÿÿÿÿÿÿÿÿÿÿÿÿÿÿÿÿÿÿÿ
Nov  4 21:00:47 kashrinivaasan-Inspiron-1545 kernel: [    6.491313] scsi8 : usb-storage 7-1:1.3
Nov  4 21:00:47 kashrinivaasan-Inspiron-1545 kernel: [    7.492159] scsi 8:0:0:0: CD-ROM            HUAWEI   Mass Storage     2.31 PQ: 0 ANSI: 0
Nov  4 21:00:47 kashrinivaasan-Inspiron-1545 kernel: [    7.495125] scsi 8:0:0:1: Direct-Access     HUAWEI   SD Storage       2.31 PQ: 0 ANSI: 2
Nov  4 21:00:47 kashrinivaasan-Inspiron-1545 kernel: [    7.514125] sr1: scsi-1 drive
Nov  4 21:00:47 kashrinivaasan-Inspiron-1545 kernel: [    7.514303] sr 8:0:0:0: Attached scsi CD-ROM sr1
Nov  4 21:00:47 kashrinivaasan-Inspiron-1545 kernel: [    7.514386] sr 8:0:0:0: Attached scsi generic sg3 type 5
Nov  4 21:00:47 kashrinivaasan-Inspiron-1545 kernel: [    7.514575] sd 8:0:0:1: Attached scsi generic sg4 type 0
Nov  4 21:00:47 kashrinivaasan-Inspiron-1545 kernel: [    7.531115] sd 8:0:0:1: [sdc] Attached SCSI removable disk
Nov  4 21:00:47 kashrinivaasan-Inspiron-1545 kernel: [    9.762976] EXT3-fs (sda5): using internal journal
Nov  4 21:00:47 kashrinivaasan-Inspiron-1545 kernel: [   10.329754] RPC: Registered named UNIX socket transport module.
Nov  4 21:00:47 kashrinivaasan-Inspiron-1545 kernel: [   10.329758] RPC: Registered udp transport module.
Nov  4 21:00:47 kashrinivaasan-Inspiron-1545 kernel: [   10.329760] RPC: Registered tcp transport module.
Nov  4 21:00:47 kashrinivaasan-Inspiron-1545 kernel: [   10.329762] RPC: Registered tcp NFSv4.1 backchannel transport module.
Nov  4 21:00:47 kashrinivaasan-Inspiron-1545 kernel: [   10.413750] FS-Cache: Loaded
Nov  4 21:00:47 kashrinivaasan-Inspiron-1545 kernel: [   10.430065] FS-Cache: Netfs 'nfs' registered for caching
Nov  4 21:00:47 kashrinivaasan-Inspiron-1545 kernel: [   10.547342] Installing knfsd (copyright (C) 1996 okir@monad.swb.de).
Nov  4 21:00:47 kashrinivaasan-Inspiron-1545 kernel: [   10.602345] lp: driver loaded but no devices found
Nov  4 21:00:47 kashrinivaasan-Inspiron-1545 kernel: [   10.742186] virgo_cloud_mempool_kernelspace_init(): doing init() of virgo cloud kernel space test module
Nov  4 21:00:47 kashrinivaasan-Inspiron-1545 kernel: [   10.742192] virgo_cloud_mempool_kernelspace_init(): test_str=ef098363, test_ul=4010378083
Nov  4 21:00:47 kashrinivaasan-Inspiron-1545 kernel: [   10.752121] virgocloudexec_mempool_init(): doing init() of virgocloudexec_mempool kernel module
Nov  4 21:00:47 kashrinivaasan-Inspiron-1545 kernel: [   10.752125] virgocloudexec_mempool_init(): starting virgo cloudexec service kernel thread
Nov  4 21:00:47 kashrinivaasan-Inspiron-1545 kernel: [   10.752126] virgocloudexec_mempool_init(): invoking read_virgo_config()
Nov  4 21:00:47 kashrinivaasan-Inspiron-1545 kernel: [   10.752143] virgo kernel service: read_virgo_config(): before reading virgo_cloud.conf - virgo_cloud ip address - 1: 127.0.0.1
Nov  4 21:00:47 kashrinivaasan-Inspiron-1545 kernel: [   10.752146] virgo kernel service: read_virgo_config(): before reading virgo_cloud.conf - virgo_cloud ip address - 2: 127.0.0.1
Nov  4 21:00:47 kashrinivaasan-Inspiron-1545 kernel: [   10.752147] read_virgo_config(): virgo_cloud config file being read 
Nov  4 21:00:47 kashrinivaasan-Inspiron-1545 kernel: [   10.864591] do_virgo_cloud_init(): virgo_cloud config file string of comma separated IPs : 127.0.0.1,127.0.0.1
Nov  4 21:00:47 kashrinivaasan-Inspiron-1545 kernel: [   10.864591]  
Nov  4 21:00:47 kashrinivaasan-Inspiron-1545 kernel: [   10.864600] tokenize_list_of_ip_addrs(): bufdup = 127.0.0.1,127.0.0.1
Nov  4 21:00:47 kashrinivaasan-Inspiron-1545 kernel: [   10.864600] 
Nov  4 21:00:47 kashrinivaasan-Inspiron-1545 kernel: [   10.864605] tokenize_list_of_ip_addrs(): 127.0.0.1
Nov  4 21:00:47 kashrinivaasan-Inspiron-1545 kernel: [   10.864608] tokenize_list_of_ip_addrs(): node_ip_addrs_in_cloud[0] = 127.0.0.1
Nov  4 21:00:47 kashrinivaasan-Inspiron-1545 kernel: [   10.864612] tokenize_list_of_ip_addrs(): 127.0.0.1
Nov  4 21:00:47 kashrinivaasan-Inspiron-1545 kernel: [   10.864612] 
Nov  4 21:00:47 kashrinivaasan-Inspiron-1545 kernel: [   10.864616] tokenize_list_of_ip_addrs(): node_ip_addrs_in_cloud[1] = 127.0.0.1
Nov  4 21:00:47 kashrinivaasan-Inspiron-1545 kernel: [   10.864616] 
Nov  4 21:00:47 kashrinivaasan-Inspiron-1545 kernel: [   10.864634] virgocloudexec_mempool_init(): sock_create() returns error code: 0
Nov  4 21:00:47 kashrinivaasan-Inspiron-1545 kernel: [   10.864640] virgocloudexec_mempool_init(): kernel_bind() returns error code: 0
Nov  4 21:00:47 kashrinivaasan-Inspiron-1545 kernel: [   10.864650] virgocloudexec_mempool_init(): kernel_listen() returns error code: 0
Nov  4 21:00:47 kashrinivaasan-Inspiron-1545 kernel: [   10.864653] virgo_cloudexec_mempool_service(): virgo_mempool_ops.virgo_create() 
Nov  4 21:00:47 kashrinivaasan-Inspiron-1545 kernel: [   11.701602] dcdbas dcdbas: Dell Systems Management Base Driver (version 5.6.0-3.2)
Nov  4 21:00:47 kashrinivaasan-Inspiron-1545 kernel: [   11.727237] microcode: CPU0 sig=0x1067a, pf=0x80, revision=0xa07
Nov  4 21:00:47 kashrinivaasan-Inspiron-1545 kernel: [   11.868864] gpio_ich: GPIO from 195 to 255 on gpio_ich
Nov  4 21:00:47 kashrinivaasan-Inspiron-1545 kernel: [   12.084830] microcode: CPU1 sig=0x1067a, pf=0x80, revision=0xa07
Nov  4 21:00:47 kashrinivaasan-Inspiron-1545 kernel: [   12.086835] microcode: Microcode Update Driver: v2.00 <tigran@aivazian.fsnet.co.uk>, Peter Oruba
Nov  4 21:00:47 kashrinivaasan-Inspiron-1545 kernel: [   12.566938] usbcore: registered new interface driver usbserial
Nov  4 21:00:47 kashrinivaasan-Inspiron-1545 kernel: [   12.567050] usbcore: registered new interface driver usbserial_generic
Nov  4 21:00:47 kashrinivaasan-Inspiron-1545 kernel: [   12.567514] usbserial: USB Serial support registered for generic
Nov  4 21:00:47 kashrinivaasan-Inspiron-1545 kernel: [   12.584044] input: Dell WMI hotkeys as /devices/virtual/input/input5
Nov  4 21:00:47 kashrinivaasan-Inspiron-1545 kernel: [   12.696147] ip_tables: (C) 2000-2006 Netfilter Core Team
Nov  4 21:00:47 kashrinivaasan-Inspiron-1545 kernel: [   12.711613] usbcore: registered new interface driver option
Nov  4 21:00:47 kashrinivaasan-Inspiron-1545 kernel: [   12.712251] usbserial: USB Serial support registered for GSM modem (1-port)
Nov  4 21:00:47 kashrinivaasan-Inspiron-1545 kernel: [   12.712897] option 7-1:1.0: GSM modem (1-port) converter detected
Nov  4 21:00:47 kashrinivaasan-Inspiron-1545 kernel: [   12.713112] usb 7-1: GSM modem (1-port) converter now attached to ttyUSB0
Nov  4 21:00:47 kashrinivaasan-Inspiron-1545 kernel: [   12.713135] option 7-1:1.1: GSM modem (1-port) converter detected
Nov  4 21:00:47 kashrinivaasan-Inspiron-1545 kernel: [   12.713311] usb 7-1: GSM modem (1-port) converter now attached to ttyUSB1
Nov  4 21:00:47 kashrinivaasan-Inspiron-1545 kernel: [   12.713330] option 7-1:1.2: GSM modem (1-port) converter detected
Nov  4 21:00:47 kashrinivaasan-Inspiron-1545 kernel: [   12.713507] usb 7-1: GSM modem (1-port) converter now attached to ttyUSB2
Nov  4 21:00:47 kashrinivaasan-Inspiron-1545 kernel: [   12.973805] Linux video capture interface: v2.00
Nov  4 21:00:47 kashrinivaasan-Inspiron-1545 kernel: [   13.035119] nf_conntrack version 0.5.0 (16384 buckets, 65536 max)
Nov  4 21:00:47 kashrinivaasan-Inspiron-1545 kernel: [   13.608595] uvcvideo: Found UVC 1.00 device Integrated_Webcam_1.3M (0c45:63ee)
Nov  4 21:00:47 kashrinivaasan-Inspiron-1545 kernel: [   13.616602] snd_hda_intel 0000:00:1b.0: irq 47 for MSI/MSI-X
Nov  4 21:00:47 kashrinivaasan-Inspiron-1545 kernel: [   13.617021] input: Integrated_Webcam_1.3M as /devices/pci0000:00/0000:00:1a.7/usb1/1-6/1-6:1.0/input/input6
Nov  4 21:00:47 kashrinivaasan-Inspiron-1545 kernel: [   13.617221] usbcore: registered new interface driver uvcvideo
Nov  4 21:00:47 kashrinivaasan-Inspiron-1545 kernel: [   13.617224] USB Video Class driver (1.1.1)
Nov  4 21:00:47 kashrinivaasan-Inspiron-1545 kernel: [   13.694661] input: PS/2 Mouse as /devices/platform/i8042/serio2/input/input7
Nov  4 21:00:47 kashrinivaasan-Inspiron-1545 kernel: [   13.720907] input: AlpsPS/2 ALPS GlidePoint as /devices/platform/i8042/serio2/input/input8
Nov  4 21:00:47 kashrinivaasan-Inspiron-1545 kernel: [   13.802741] ip6_tables: (C) 2000-2006 Netfilter Core Team
Nov  4 21:00:47 kashrinivaasan-Inspiron-1545 kernel: [   13.958103] input: HDA Intel Mic as /devices/pci0000:00/0000:00:1b.0/sound/card0/input9
Nov  4 21:00:47 kashrinivaasan-Inspiron-1545 kernel: [   13.958266] input: HDA Intel Headphone as /devices/pci0000:00/0000:00:1b.0/sound/card0/input10
Nov  4 21:00:47 kashrinivaasan-Inspiron-1545 kernel: [   15.466911] type=1400 audit(1383579047.608:2): apparmor="STATUS" operation="profile_load" name="/sbin/dhclient" pid=750 comm="apparmor_parser"
Nov  4 21:00:47 kashrinivaasan-Inspiron-1545 kernel: [   15.466923] type=1400 audit(1383579047.608:3): apparmor="STATUS" operation="profile_replace" name="/sbin/dhclient" pid=786 comm="apparmor_parser"
Nov  4 21:00:47 kashrinivaasan-Inspiron-1545 kernel: [   15.467421] type=1400 audit(1383579047.608:4): apparmor="STATUS" operation="profile_load" name="/usr/lib/NetworkManager/nm-dhcp-client.action" pid=750 comm="apparmor_parser"
Nov  4 21:00:47 kashrinivaasan-Inspiron-1545 kernel: [   15.467432] type=1400 audit(1383579047.608:5): apparmor="STATUS" operation="profile_replace" name="/usr/lib/NetworkManager/nm-dhcp-client.action" pid=786 comm="apparmor_parser"
Nov  4 21:00:47 kashrinivaasan-Inspiron-1545 kernel: [   15.467708] type=1400 audit(1383579047.608:6): apparmor="STATUS" operation="profile_load" name="/usr/lib/connman/scripts/dhclient-script" pid=750 comm="apparmor_parser"
Nov  4 21:00:47 kashrinivaasan-Inspiron-1545 kernel: [   15.467721] type=1400 audit(1383579047.608:7): apparmor="STATUS" operation="profile_replace" name="/usr/lib/connman/scripts/dhclient-script" pid=786 comm="apparmor_parser"
Nov  4 21:00:48 kashrinivaasan-Inspiron-1545 kernel: [   16.596787] ppdev: user-space parallel port driver
Nov  4 21:00:48 kashrinivaasan-Inspiron-1545 kernel: [   16.757080] Bluetooth: Core ver 2.16
Nov  4 21:00:48 kashrinivaasan-Inspiron-1545 kernel: [   16.757131] NET: Registered protocol family 31
Nov  4 21:00:48 kashrinivaasan-Inspiron-1545 kernel: [   16.757134] Bluetooth: HCI device and connection manager initialized
Nov  4 21:00:48 kashrinivaasan-Inspiron-1545 kernel: [   16.757661] Bluetooth: HCI socket layer initialized
Nov  4 21:00:48 kashrinivaasan-Inspiron-1545 kernel: [   16.757666] Bluetooth: L2CAP socket layer initialized
Nov  4 21:00:48 kashrinivaasan-Inspiron-1545 kernel: [   16.757675] Bluetooth: SCO socket layer initialized
Nov  4 21:00:49 kashrinivaasan-Inspiron-1545 kernel: [   16.915549] type=1400 audit(1383579049.056:8): apparmor="STATUS" operation="profile_load" name="/usr/lib/cups/backend/cups-pdf" pid=996 comm="apparmor_parser"
Nov  4 21:00:49 kashrinivaasan-Inspiron-1545 kernel: [   16.916192] type=1400 audit(1383579049.060:9): apparmor="STATUS" operation="profile_load" name="/usr/sbin/cupsd" pid=996 comm="apparmor_parser"
Nov  4 21:00:49 kashrinivaasan-Inspiron-1545 kernel: [   17.016805] Bluetooth: BNEP (Ethernet Emulation) ver 1.3
Nov  4 21:00:49 kashrinivaasan-Inspiron-1545 kernel: [   17.016809] Bluetooth: BNEP filters: protocol multicast
Nov  4 21:00:49 kashrinivaasan-Inspiron-1545 kernel: [   17.016820] Bluetooth: BNEP socket layer initialized
Nov  4 21:00:49 kashrinivaasan-Inspiron-1545 kernel: [   17.098625] Bluetooth: RFCOMM TTY layer initialized
Nov  4 21:00:49 kashrinivaasan-Inspiron-1545 kernel: [   17.098641] Bluetooth: RFCOMM socket layer initialized
Nov  4 21:00:49 kashrinivaasan-Inspiron-1545 kernel: [   17.098643] Bluetooth: RFCOMM ver 1.11
Nov  4 21:00:50 kashrinivaasan-Inspiron-1545 kernel: [   18.769529] type=1400 audit(1383579050.912:10): apparmor="STATUS" operation="profile_replace" name="/sbin/dhclient" pid=1084 comm="apparmor_parser"
Nov  4 21:00:50 kashrinivaasan-Inspiron-1545 kernel: [   18.771242] type=1400 audit(1383579050.912:11): apparmor="STATUS" operation="profile_replace" name="/usr/lib/NetworkManager/nm-dhcp-client.action" pid=1084 comm="apparmor_parser"
Nov  4 21:00:53 kashrinivaasan-Inspiron-1545 kernel: [   21.270351] sky2 0000:09:00.0 eth0: enabling interface
Nov  4 21:00:53 kashrinivaasan-Inspiron-1545 kernel: [   21.270449] IPv6: ADDRCONF(NETDEV_UP): eth0: link is not ready
Nov  4 21:00:54 kashrinivaasan-Inspiron-1545 kernel: [   21.883443] NFSD: Using /var/lib/nfs/v4recovery as the NFSv4 state recovery directory
Nov  4 21:00:54 kashrinivaasan-Inspiron-1545 kernel: [   22.095145] NFSD: starting 90-second grace period
Nov  4 21:01:01 kashrinivaasan-Inspiron-1545 kernel: [   29.594419] bio: create slab <bio-1> at 1
Nov  4 21:01:04 kashrinivaasan-Inspiron-1545 kernel: [   32.136337] Adding 4490132k swap on /dev/mapper/cryptswap1.  Priority:-1 extents:1 across:4490132k 
Nov  4 21:01:27 kashrinivaasan-Inspiron-1545 kernel: [   55.316614] sd 7:0:0:0: [sdb] Test WP failed, assume Write Enabled
Nov  4 21:01:27 kashrinivaasan-Inspiron-1545 kernel: [   55.318720] sd 7:0:0:0: [sdb] Asking for cache data failed
Nov  4 21:01:27 kashrinivaasan-Inspiron-1545 kernel: [   55.318727] sd 7:0:0:0: [sdb] Assuming drive cache: write through
Nov  4 21:02:08 kashrinivaasan-Inspiron-1545 kernel: [   96.118564] virgo_cloudexec_mempool_service(): virgo mempool client thread per request 
Nov  4 21:02:08 kashrinivaasan-Inspiron-1545 kernel: [   96.118611] virgo_cloudexec_mempool_service(): virgo_mempool_ops.virgo_create() 
Nov  4 21:02:08 kashrinivaasan-Inspiron-1545 kernel: [   96.118617] virgo_mempool_client_thread(): virgo_mempool_ops.virgo_mempool_recvfrom()
Nov  4 21:02:08 kashrinivaasan-Inspiron-1545 kernel: [   96.118619] virgocloudexec_mempool_recvfrom(): before kernel_recvmsg()
Nov  4 21:02:17 kashrinivaasan-Inspiron-1545 kernel: [  105.140231] virgocloudexec_mempool_recvfrom(): kernel_recvmsg() returns len: 26
Nov  4 21:02:17 kashrinivaasan-Inspiron-1545 kernel: [  105.140239] strip_control_M(): str=virgo_cloud_malloc(1000)
Nov  4 21:02:17 kashrinivaasan-Inspiron-1545 kernel: [  105.140239]  before strsep
Nov  4 21:02:17 kashrinivaasan-Inspiron-1545 kernel: [  105.140244] strip_control_M(): newstr=virgo_cloud_malloc(1000) after carriage return newline strsep
Nov  4 21:02:17 kashrinivaasan-Inspiron-1545 kernel: [  105.140248] virgocloudexec_mempool_recvfrom(): kernel_recvmsg() returns in recv: iov.iov_base=, buffer: virgo_cloud_malloc(1000)
Nov  4 21:02:17 kashrinivaasan-Inspiron-1545 kernel: [  105.140248] 
Nov  4 21:02:17 kashrinivaasan-Inspiron-1545 kernel: [  105.140252] virgo_cloudexec_mempool: print_buffer(): 
Nov  4 21:02:17 kashrinivaasan-Inspiron-1545 kernel: [  105.140255] vi
Nov  4 21:02:17 kashrinivaasan-Inspiron-1545 kernel: [  105.140259] rg
Nov  4 21:02:17 kashrinivaasan-Inspiron-1545 kernel: [  105.140263] o_
Nov  4 21:02:17 kashrinivaasan-Inspiron-1545 kernel: [  105.140267] cl
Nov  4 21:02:17 kashrinivaasan-Inspiron-1545 kernel: [  105.140271] ou
Nov  4 21:02:17 kashrinivaasan-Inspiron-1545 kernel: [  105.140275] d_
Nov  4 21:02:17 kashrinivaasan-Inspiron-1545 kernel: [  105.140279] ma
Nov  4 21:02:17 kashrinivaasan-Inspiron-1545 kernel: [  105.140282] ll
Nov  4 21:02:17 kashrinivaasan-Inspiron-1545 kernel: [  105.140286] oc
Nov  4 21:02:17 kashrinivaasan-Inspiron-1545 kernel: [  105.140290] (1
Nov  4 21:02:17 kashrinivaasan-Inspiron-1545 kernel: [  105.140294] 00
Nov  4 21:02:17 kashrinivaasan-Inspiron-1545 kernel: [  105.140298] 0)
Nov  4 21:02:17 kashrinivaasan-Inspiron-1545 kernel: [  105.140302] <6>[  105.140304] 
Nov  4 21:02:17 kashrinivaasan-Inspiron-1545 kernel: [  105.140306] 
Nov  4 21:02:17 kashrinivaasan-Inspiron-1545 kernel: [  105.140309] 
Nov  4 21:02:17 kashrinivaasan-Inspiron-1545 kernel: [  105.140312] 
Nov  4 21:02:17 kashrinivaasan-Inspiron-1545 kernel: [  105.140316] 
Nov  4 21:02:17 kashrinivaasan-Inspiron-1545 kernel: [  105.140320] 
Nov  4 21:02:17 kashrinivaasan-Inspiron-1545 kernel: [  105.140324] 
Nov  4 21:02:17 kashrinivaasan-Inspiron-1545 kernel: [  105.140328] 
Nov  4 21:02:17 kashrinivaasan-Inspiron-1545 kernel: [  105.140331] 
Nov  4 21:02:17 kashrinivaasan-Inspiron-1545 kernel: [  105.140335] 
Nov  4 21:02:17 kashrinivaasan-Inspiron-1545 kernel: [  105.140339] 
Nov  4 21:02:17 kashrinivaasan-Inspiron-1545 kernel: [  105.140343] 
Nov  4 21:02:17 kashrinivaasan-Inspiron-1545 kernel: [  105.140346] 
Nov  4 21:02:17 kashrinivaasan-Inspiron-1545 kernel: [  105.140350] 
Nov  4 21:02:17 kashrinivaasan-Inspiron-1545 kernel: [  105.140354] 
Nov  4 21:02:17 kashrinivaasan-Inspiron-1545 kernel: [  105.140358] 
Nov  4 21:02:17 kashrinivaasan-Inspiron-1545 kernel: [  105.140361] 
Nov  4 21:02:17 kashrinivaasan-Inspiron-1545 kernel: [  105.140365] 
Nov  4 21:02:17 kashrinivaasan-Inspiron-1545 kernel: [  105.140369] 
Nov  4 21:02:17 kashrinivaasan-Inspiron-1545 kernel: [  105.140373] 
Nov  4 21:02:17 kashrinivaasan-Inspiron-1545 kernel: [  105.140377] 
Nov  4 21:02:17 kashrinivaasan-Inspiron-1545 kernel: [  105.140380] 
Nov  4 21:02:17 kashrinivaasan-Inspiron-1545 kernel: [  105.140384] 
Nov  4 21:02:17 kashrinivaasan-Inspiron-1545 kernel: [  105.140388] 
Nov  4 21:02:17 kashrinivaasan-Inspiron-1545 kernel: [  105.140392] 
Nov  4 21:02:17 kashrinivaasan-Inspiron-1545 kernel: [  105.140396] 
Nov  4 21:02:17 kashrinivaasan-Inspiron-1545 kernel: [  105.140399] 
Nov  4 21:02:17 kashrinivaasan-Inspiron-1545 kernel: [  105.140403] 
Nov  4 21:02:17 kashrinivaasan-Inspiron-1545 kernel: [  105.140407] 
Nov  4 21:02:17 kashrinivaasan-Inspiron-1545 kernel: [  105.140411] 
Nov  4 21:02:17 kashrinivaasan-Inspiron-1545 kernel: [  105.140415] 
Nov  4 21:02:17 kashrinivaasan-Inspiron-1545 kernel: [  105.140418] 
Nov  4 21:02:17 kashrinivaasan-Inspiron-1545 kernel: [  105.140422] 
Nov  4 21:02:17 kashrinivaasan-Inspiron-1545 kernel: [  105.140426] 
Nov  4 21:02:17 kashrinivaasan-Inspiron-1545 kernel: [  105.140430] 
Nov  4 21:02:17 kashrinivaasan-Inspiron-1545 kernel: [  105.140433] 
Nov  4 21:02:17 kashrinivaasan-Inspiron-1545 kernel: [  105.140437] 
Nov  4 21:02:17 kashrinivaasan-Inspiron-1545 kernel: [  105.140441] 
Nov  4 21:02:17 kashrinivaasan-Inspiron-1545 kernel: [  105.140445] 
Nov  4 21:02:17 kashrinivaasan-Inspiron-1545 kernel: [  105.140449] 
Nov  4 21:02:17 kashrinivaasan-Inspiron-1545 kernel: [  105.140452] 
Nov  4 21:02:17 kashrinivaasan-Inspiron-1545 kernel: [  105.140456] 
Nov  4 21:02:17 kashrinivaasan-Inspiron-1545 kernel: [  105.140460] 
Nov  4 21:02:17 kashrinivaasan-Inspiron-1545 kernel: [  105.140464] 
Nov  4 21:02:17 kashrinivaasan-Inspiron-1545 kernel: [  105.140468] 
Nov  4 21:02:17 kashrinivaasan-Inspiron-1545 kernel: [  105.140472] 
Nov  4 21:02:17 kashrinivaasan-Inspiron-1545 kernel: [  105.140475] 
Nov  4 21:02:17 kashrinivaasan-Inspiron-1545 kernel: [  105.140479] 
Nov  4 21:02:17 kashrinivaasan-Inspiron-1545 kernel: [  105.140483] 
Nov  4 21:02:17 kashrinivaasan-Inspiron-1545 kernel: [  105.140487] 
Nov  4 21:02:17 kashrinivaasan-Inspiron-1545 kernel: [  105.140490] 
Nov  4 21:02:17 kashrinivaasan-Inspiron-1545 kernel: [  105.140494] 
Nov  4 21:02:17 kashrinivaasan-Inspiron-1545 kernel: [  105.140498] 
Nov  4 21:02:17 kashrinivaasan-Inspiron-1545 kernel: [  105.140502] 
Nov  4 21:02:17 kashrinivaasan-Inspiron-1545 kernel: [  105.140505] 
Nov  4 21:02:17 kashrinivaasan-Inspiron-1545 kernel: [  105.140509] 
Nov  4 21:02:17 kashrinivaasan-Inspiron-1545 kernel: [  105.140513] 
Nov  4 21:02:17 kashrinivaasan-Inspiron-1545 kernel: [  105.140517] 
Nov  4 21:02:17 kashrinivaasan-Inspiron-1545 kernel: [  105.140521] 
Nov  4 21:02:17 kashrinivaasan-Inspiron-1545 kernel: [  105.140524] 
Nov  4 21:02:17 kashrinivaasan-Inspiron-1545 kernel: [  105.140528] 
Nov  4 21:02:17 kashrinivaasan-Inspiron-1545 kernel: [  105.140532] 
Nov  4 21:02:17 kashrinivaasan-Inspiron-1545 kernel: [  105.140536] 
Nov  4 21:02:17 kashrinivaasan-Inspiron-1545 kernel: [  105.140539] 
Nov  4 21:02:17 kashrinivaasan-Inspiron-1545 kernel: [  105.140543] 
Nov  4 21:02:17 kashrinivaasan-Inspiron-1545 kernel: [  105.140547] 
Nov  4 21:02:17 kashrinivaasan-Inspiron-1545 kernel: [  105.140551] 
Nov  4 21:02:17 kashrinivaasan-Inspiron-1545 kernel: [  105.140554] 
Nov  4 21:02:17 kashrinivaasan-Inspiron-1545 kernel: [  105.140558] 
Nov  4 21:02:17 kashrinivaasan-Inspiron-1545 kernel: [  105.140562] 
Nov  4 21:02:17 kashrinivaasan-Inspiron-1545 kernel: [  105.140566] 
Nov  4 21:02:17 kashrinivaasan-Inspiron-1545 kernel: [  105.140570] 
Nov  4 21:02:17 kashrinivaasan-Inspiron-1545 kernel: [  105.140573] 
Nov  4 21:02:17 kashrinivaasan-Inspiron-1545 kernel: [  105.140577] 
Nov  4 21:02:17 kashrinivaasan-Inspiron-1545 kernel: [  105.140581] 
Nov  4 21:02:17 kashrinivaasan-Inspiron-1545 kernel: [  105.140585] 
Nov  4 21:02:17 kashrinivaasan-Inspiron-1545 kernel: [  105.140588] 
Nov  4 21:02:17 kashrinivaasan-Inspiron-1545 kernel: [  105.140592] 
Nov  4 21:02:17 kashrinivaasan-Inspiron-1545 kernel: [  105.140596] 
Nov  4 21:02:17 kashrinivaasan-Inspiron-1545 kernel: [  105.140600] 
Nov  4 21:02:17 kashrinivaasan-Inspiron-1545 kernel: [  105.140603] 
Nov  4 21:02:17 kashrinivaasan-Inspiron-1545 kernel: [  105.140607] 
Nov  4 21:02:17 kashrinivaasan-Inspiron-1545 kernel: [  105.140611] 
Nov  4 21:02:17 kashrinivaasan-Inspiron-1545 kernel: [  105.140615] 
Nov  4 21:02:17 kashrinivaasan-Inspiron-1545 kernel: [  105.140618] 
Nov  4 21:02:17 kashrinivaasan-Inspiron-1545 kernel: [  105.140622] 
Nov  4 21:02:17 kashrinivaasan-Inspiron-1545 kernel: [  105.140626] 
Nov  4 21:02:17 kashrinivaasan-Inspiron-1545 kernel: [  105.140630] 
Nov  4 21:02:17 kashrinivaasan-Inspiron-1545 kernel: [  105.140634] 
Nov  4 21:02:17 kashrinivaasan-Inspiron-1545 kernel: [  105.140637] 
Nov  4 21:02:17 kashrinivaasan-Inspiron-1545 kernel: [  105.140641] 
Nov  4 21:02:17 kashrinivaasan-Inspiron-1545 kernel: [  105.140645] 
Nov  4 21:02:17 kashrinivaasan-Inspiron-1545 kernel: [  105.140649] 
Nov  4 21:02:17 kashrinivaasan-Inspiron-1545 kernel: [  105.140652] 
Nov  4 21:02:17 kashrinivaasan-Inspiron-1545 kernel: [  105.140656] 
Nov  4 21:02:17 kashrinivaasan-Inspiron-1545 kernel: [  105.140660] 
Nov  4 21:02:17 kashrinivaasan-Inspiron-1545 kernel: [  105.140664] 
Nov  4 21:02:17 kashrinivaasan-Inspiron-1545 kernel: [  105.140672] 
Nov  4 21:02:17 kashrinivaasan-Inspiron-1545 kernel: [  105.140676] 
Nov  4 21:02:17 kashrinivaasan-Inspiron-1545 kernel: [  105.140680] 
Nov  4 21:02:17 kashrinivaasan-Inspiron-1545 kernel: [  105.140683] 
Nov  4 21:02:17 kashrinivaasan-Inspiron-1545 kernel: [  105.140687] 
Nov  4 21:02:17 kashrinivaasan-Inspiron-1545 kernel: [  105.140691] 
Nov  4 21:02:17 kashrinivaasan-Inspiron-1545 kernel: [  105.140695] 
Nov  4 21:02:17 kashrinivaasan-Inspiron-1545 kernel: [  105.140698] 
Nov  4 21:02:17 kashrinivaasan-Inspiron-1545 kernel: [  105.140702] 
Nov  4 21:02:17 kashrinivaasan-Inspiron-1545 kernel: [  105.140706] 
Nov  4 21:02:17 kashrinivaasan-Inspiron-1545 kernel: [  105.140710] 
Nov  4 21:02:17 kashrinivaasan-Inspiron-1545 kernel: [  105.140713] 
Nov  4 21:02:17 kashrinivaasan-Inspiron-1545 kernel: [  105.140717] 
Nov  4 21:02:17 kashrinivaasan-Inspiron-1545 kernel: [  105.140721] 
Nov  4 21:02:17 kashrinivaasan-Inspiron-1545 kernel: [  105.140725] 
Nov  4 21:02:17 kashrinivaasan-Inspiron-1545 kernel: [  105.140728] 
Nov  4 21:02:17 kashrinivaasan-Inspiron-1545 kernel: [  105.140732] 
Nov  4 21:02:17 kashrinivaasan-Inspiron-1545 kernel: [  105.140736] 
Nov  4 21:02:17 kashrinivaasan-Inspiron-1545 kernel: [  105.140740] 
Nov  4 21:02:17 kashrinivaasan-Inspiron-1545 kernel: [  105.140744] 
Nov  4 21:02:17 kashrinivaasan-Inspiron-1545 kernel: [  105.140747] 
Nov  4 21:02:17 kashrinivaasan-Inspiron-1545 kernel: [  105.140751] 
Nov  4 21:02:17 kashrinivaasan-Inspiron-1545 kernel: [  105.140755] 
Nov  4 21:02:17 kashrinivaasan-Inspiron-1545 kernel: [  105.140759] 
Nov  4 21:02:17 kashrinivaasan-Inspiron-1545 kernel: [  105.140762] 
Nov  4 21:02:17 kashrinivaasan-Inspiron-1545 kernel: [  105.140766] 
Nov  4 21:02:17 kashrinivaasan-Inspiron-1545 kernel: [  105.140770] 
Nov  4 21:02:17 kashrinivaasan-Inspiron-1545 kernel: [  105.140774] 
Nov  4 21:02:17 kashrinivaasan-Inspiron-1545 kernel: [  105.140777] 
Nov  4 21:02:17 kashrinivaasan-Inspiron-1545 kernel: [  105.140781] 
Nov  4 21:02:17 kashrinivaasan-Inspiron-1545 kernel: [  105.140785] 
Nov  4 21:02:17 kashrinivaasan-Inspiron-1545 kernel: [  105.140789] 
Nov  4 21:02:17 kashrinivaasan-Inspiron-1545 kernel: [  105.140792] 
Nov  4 21:02:17 kashrinivaasan-Inspiron-1545 kernel: [  105.140796] 
Nov  4 21:02:17 kashrinivaasan-Inspiron-1545 kernel: [  105.140800] 
Nov  4 21:02:17 kashrinivaasan-Inspiron-1545 kernel: [  105.140804] 
Nov  4 21:02:17 kashrinivaasan-Inspiron-1545 kernel: [  105.140807] 
Nov  4 21:02:17 kashrinivaasan-Inspiron-1545 kernel: [  105.140811] 
Nov  4 21:02:17 kashrinivaasan-Inspiron-1545 kernel: [  105.140815] 
Nov  4 21:02:17 kashrinivaasan-Inspiron-1545 kernel: [  105.140819] 
Nov  4 21:02:17 kashrinivaasan-Inspiron-1545 kernel: [  105.140822] 
Nov  4 21:02:17 kashrinivaasan-Inspiron-1545 kernel: [  105.140826] 
Nov  4 21:02:17 kashrinivaasan-Inspiron-1545 kernel: [  105.140830] 
Nov  4 21:02:17 kashrinivaasan-Inspiron-1545 kernel: [  105.140834] 
Nov  4 21:02:17 kashrinivaasan-Inspiron-1545 kernel: [  105.140837] 
Nov  4 21:02:17 kashrinivaasan-Inspiron-1545 kernel: [  105.140841] 
Nov  4 21:02:17 kashrinivaasan-Inspiron-1545 kernel: [  105.140845] 
Nov  4 21:02:17 kashrinivaasan-Inspiron-1545 kernel: [  105.140849] 
Nov  4 21:02:17 kashrinivaasan-Inspiron-1545 kernel: [  105.140853] 
Nov  4 21:02:17 kashrinivaasan-Inspiron-1545 kernel: [  105.140856] 
Nov  4 21:02:17 kashrinivaasan-Inspiron-1545 kernel: [  105.140860] 
Nov  4 21:02:17 kashrinivaasan-Inspiron-1545 kernel: [  105.140864] 
Nov  4 21:02:17 kashrinivaasan-Inspiron-1545 kernel: [  105.140868] 
Nov  4 21:02:17 kashrinivaasan-Inspiron-1545 kernel: [  105.140871] 
Nov  4 21:02:17 kashrinivaasan-Inspiron-1545 kernel: [  105.140875] 
Nov  4 21:02:17 kashrinivaasan-Inspiron-1545 kernel: [  105.140879] 
Nov  4 21:02:17 kashrinivaasan-Inspiron-1545 kernel: [  105.140883] 
Nov  4 21:02:17 kashrinivaasan-Inspiron-1545 kernel: [  105.140886] 
Nov  4 21:02:17 kashrinivaasan-Inspiron-1545 kernel: [  105.140890] 
Nov  4 21:02:17 kashrinivaasan-Inspiron-1545 kernel: [  105.140894] 
Nov  4 21:02:17 kashrinivaasan-Inspiron-1545 kernel: [  105.140898] 
Nov  4 21:02:17 kashrinivaasan-Inspiron-1545 kernel: [  105.140901] 
Nov  4 21:02:17 kashrinivaasan-Inspiron-1545 kernel: [  105.140905] 
Nov  4 21:02:17 kashrinivaasan-Inspiron-1545 kernel: [  105.140909] 
Nov  4 21:02:17 kashrinivaasan-Inspiron-1545 kernel: [  105.140913] 
Nov  4 21:02:17 kashrinivaasan-Inspiron-1545 kernel: [  105.140917] 
Nov  4 21:02:17 kashrinivaasan-Inspiron-1545 kernel: [  105.140920] 
Nov  4 21:02:17 kashrinivaasan-Inspiron-1545 kernel: [  105.140924] 
Nov  4 21:02:17 kashrinivaasan-Inspiron-1545 kernel: [  105.140928] 
Nov  4 21:02:17 kashrinivaasan-Inspiron-1545 kernel: [  105.140932] 
Nov  4 21:02:17 kashrinivaasan-Inspiron-1545 kernel: [  105.140935] 
Nov  4 21:02:17 kashrinivaasan-Inspiron-1545 kernel: [  105.140939] 
Nov  4 21:02:17 kashrinivaasan-Inspiron-1545 kernel: [  105.140943] 
Nov  4 21:02:17 kashrinivaasan-Inspiron-1545 kernel: [  105.140947] 
Nov  4 21:02:17 kashrinivaasan-Inspiron-1545 kernel: [  105.140951] 
Nov  4 21:02:17 kashrinivaasan-Inspiron-1545 kernel: [  105.140954] 
Nov  4 21:02:17 kashrinivaasan-Inspiron-1545 kernel: [  105.140958] 
Nov  4 21:02:17 kashrinivaasan-Inspiron-1545 kernel: [  105.140962] 
Nov  4 21:02:17 kashrinivaasan-Inspiron-1545 kernel: [  105.140966] 
Nov  4 21:02:17 kashrinivaasan-Inspiron-1545 kernel: [  105.140969] 
Nov  4 21:02:17 kashrinivaasan-Inspiron-1545 kernel: [  105.140973] 
Nov  4 21:02:17 kashrinivaasan-Inspiron-1545 kernel: [  105.140977] 
Nov  4 21:02:17 kashrinivaasan-Inspiron-1545 kernel: [  105.140981] 
Nov  4 21:02:17 kashrinivaasan-Inspiron-1545 kernel: [  105.140984] 
Nov  4 21:02:17 kashrinivaasan-Inspiron-1545 kernel: [  105.140988] 
Nov  4 21:02:17 kashrinivaasan-Inspiron-1545 kernel: [  105.140992] 
Nov  4 21:02:17 kashrinivaasan-Inspiron-1545 kernel: [  105.140995] 
Nov  4 21:02:17 kashrinivaasan-Inspiron-1545 kernel: [  105.140999] 
Nov  4 21:02:17 kashrinivaasan-Inspiron-1545 kernel: [  105.141003] 
Nov  4 21:02:17 kashrinivaasan-Inspiron-1545 kernel: [  105.141007] 
Nov  4 21:02:17 kashrinivaasan-Inspiron-1545 kernel: [  105.141010] 
Nov  4 21:02:17 kashrinivaasan-Inspiron-1545 kernel: [  105.141014] 
Nov  4 21:02:17 kashrinivaasan-Inspiron-1545 kernel: [  105.141018] 
Nov  4 21:02:17 kashrinivaasan-Inspiron-1545 kernel: [  105.141021] 
Nov  4 21:02:17 kashrinivaasan-Inspiron-1545 kernel: [  105.141025] 
Nov  4 21:02:17 kashrinivaasan-Inspiron-1545 kernel: [  105.141029] 
Nov  4 21:02:17 kashrinivaasan-Inspiron-1545 kernel: [  105.141033] 
Nov  4 21:02:17 kashrinivaasan-Inspiron-1545 kernel: [  105.141036] 
Nov  4 21:02:17 kashrinivaasan-Inspiron-1545 kernel: [  105.141040] 
Nov  4 21:02:17 kashrinivaasan-Inspiron-1545 kernel: [  105.141044] 
Nov  4 21:02:17 kashrinivaasan-Inspiron-1545 kernel: [  105.141047] 
Nov  4 21:02:17 kashrinivaasan-Inspiron-1545 kernel: [  105.141051] 
Nov  4 21:02:17 kashrinivaasan-Inspiron-1545 kernel: [  105.141055] 
Nov  4 21:02:17 kashrinivaasan-Inspiron-1545 kernel: [  105.141059] 
Nov  4 21:02:17 kashrinivaasan-Inspiron-1545 kernel: [  105.141062] 
Nov  4 21:02:17 kashrinivaasan-Inspiron-1545 kernel: [  105.141066] 
Nov  4 21:02:17 kashrinivaasan-Inspiron-1545 kernel: [  105.141070] 
Nov  4 21:02:17 kashrinivaasan-Inspiron-1545 kernel: [  105.141073] 
Nov  4 21:02:17 kashrinivaasan-Inspiron-1545 kernel: [  105.141077] 
Nov  4 21:02:17 kashrinivaasan-Inspiron-1545 kernel: [  105.141081] 
Nov  4 21:02:17 kashrinivaasan-Inspiron-1545 kernel: [  105.141085] 
Nov  4 21:02:17 kashrinivaasan-Inspiron-1545 kernel: [  105.141088] 
Nov  4 21:02:17 kashrinivaasan-Inspiron-1545 kernel: [  105.141092] 
Nov  4 21:02:17 kashrinivaasan-Inspiron-1545 kernel: [  105.141096] 
Nov  4 21:02:17 kashrinivaasan-Inspiron-1545 kernel: [  105.141100] 
Nov  4 21:02:17 kashrinivaasan-Inspiron-1545 kernel: [  105.141103] 
Nov  4 21:02:17 kashrinivaasan-Inspiron-1545 kernel: [  105.141107] 
Nov  4 21:02:17 kashrinivaasan-Inspiron-1545 kernel: [  105.141111] 
Nov  4 21:02:17 kashrinivaasan-Inspiron-1545 kernel: [  105.141114] 
Nov  4 21:02:17 kashrinivaasan-Inspiron-1545 kernel: [  105.141118] 
Nov  4 21:02:17 kashrinivaasan-Inspiron-1545 kernel: [  105.141122] 
Nov  4 21:02:17 kashrinivaasan-Inspiron-1545 kernel: [  105.141126] 
Nov  4 21:02:17 kashrinivaasan-Inspiron-1545 kernel: [  105.141129] 
Nov  4 21:02:17 kashrinivaasan-Inspiron-1545 kernel: [  105.141133] 
Nov  4 21:02:17 kashrinivaasan-Inspiron-1545 kernel: [  105.141137] 
Nov  4 21:02:17 kashrinivaasan-Inspiron-1545 kernel: [  105.141140] 
Nov  4 21:02:17 kashrinivaasan-Inspiron-1545 kernel: [  105.141144] 
Nov  4 21:02:17 kashrinivaasan-Inspiron-1545 kernel: [  105.141148] 
Nov  4 21:02:17 kashrinivaasan-Inspiron-1545 kernel: [  105.141152] 
Nov  4 21:02:17 kashrinivaasan-Inspiron-1545 kernel: [  105.141155] 
Nov  4 21:02:17 kashrinivaasan-Inspiron-1545 kernel: [  105.141159] 
Nov  4 21:02:17 kashrinivaasan-Inspiron-1545 kernel: [  105.141163] 
Nov  4 21:02:17 kashrinivaasan-Inspiron-1545 kernel: [  105.141167] 
Nov  4 21:02:17 kashrinivaasan-Inspiron-1545 kernel: [  105.141170] 
Nov  4 21:02:17 kashrinivaasan-Inspiron-1545 kernel: [  105.141174] 
Nov  4 21:02:17 kashrinivaasan-Inspiron-1545 kernel: [  105.141178] 
Nov  4 21:02:17 kashrinivaasan-Inspiron-1545 kernel: [  105.141181] 
Nov  4 21:02:17 kashrinivaasan-Inspiron-1545 kernel: [  105.141185] 
Nov  4 21:02:17 kashrinivaasan-Inspiron-1545 kernel: [  105.141189] 
Nov  4 21:02:17 kashrinivaasan-Inspiron-1545 kernel: [  105.141193] 
Nov  4 21:02:17 kashrinivaasan-Inspiron-1545 kernel: [  105.141196] 
Nov  4 21:02:17 kashrinivaasan-Inspiron-1545 kernel: [  105.141200] <6>[  105.141202] 
Nov  4 21:02:17 kashrinivaasan-Inspiron-1545 kernel: [  105.141205] virgocloudexec_mempool_recvfrom(): kernel_recvmsg() le32 to cpu virgo_cloud_malloc(1000)
Nov  4 21:02:17 kashrinivaasan-Inspiron-1545 kernel: [  105.141205] 
Nov  4 21:02:17 kashrinivaasan-Inspiron-1545 kernel: [  105.141209] virgocloudexec_mempool_recvfrom(): mempoolFunction : virgo_cloud_malloc(1000) 
Nov  4 21:02:17 kashrinivaasan-Inspiron-1545 kernel: [  105.141213] parse_virgomempool_command: vmargs->mempool_cmd: virgo_cloud_malloc
Nov  4 21:02:17 kashrinivaasan-Inspiron-1545 kernel: [  105.141217] parse_virgomempool_command: vmargs->mempool_args[0]: 1000
Nov  4 21:02:17 kashrinivaasan-Inspiron-1545 kernel: [  105.141220] mempool_func(): creating kernel thread and waking up, parameterIsExecutable=2
Nov  4 21:02:17 kashrinivaasan-Inspiron-1545 kernel: [  105.141224] Creating Kernel Thread for virgo_cloud_malloc in virgo_cloud_mempool_kernelspace mempool driver module with mempool_args[0]=1000, mempool_args[1]=(null)
Nov  4 21:02:17 kashrinivaasan-Inspiron-1545 kernel: [  105.141229] virgo_cloud_mempool_kernelspace.c:Executing virgo_cloud_mempool on cloud node, Invoking virgo_cloud_malloc_kernelspace(), Writing to file opened by Kernel, Kernel Space to User space communication works
Nov  4 21:02:17 kashrinivaasan-Inspiron-1545 kernel: [  105.141233] virgo_cloud_mempool_kernelspace.c:virgo_cloud_malloc_kernelspace(): size str=1000
Nov  4 21:02:17 kashrinivaasan-Inspiron-1545 kernel: [  105.141237] toInteger(): strInt=[1000], integer=1000
Nov  4 21:02:17 kashrinivaasan-Inspiron-1545 kernel: [  105.141240] virgo_cloud_mempool_kernelspace.c:virgo_cloud_malloc_kernelspace(): size=1000
Nov  4 21:02:17 kashrinivaasan-Inspiron-1545 kernel: [  105.141248] virgo_cloud_mempool_kernelspace.c:virgo_cloud_malloc_kernelspace(): ptr=f29be400
Nov  4 21:02:17 kashrinivaasan-Inspiron-1545 kernel: [  105.141252] virgo_cloud_mempool_kernelspace.c:virgo_cloud_malloc_kernelspace(): setting ptr=f29be400 in vmargs as an out arg
Nov  4 21:02:17 kashrinivaasan-Inspiron-1545 kernel: [  105.141255] mempool_func(): virgo mempool kernelspace module returns value virgo_mempool_ret=f29be400
Nov  4 21:02:17 kashrinivaasan-Inspiron-1545 kernel: [  105.141258] virgo_mempool_client_thread(): virgo_mempool_ops.virgo_mempool_sendto()
Nov  4 21:02:17 kashrinivaasan-Inspiron-1545 kernel: [  105.141262] toAddressString(): address=f29be400, sprintf strAddress=[f29be400]
Nov  4 21:02:17 kashrinivaasan-Inspiron-1545 kernel: [  105.141265] virgocloudexec_mempool_sendto(): before kernel_sendmsg() for send buffer: f29be400
Nov  4 21:02:17 kashrinivaasan-Inspiron-1545 kernel: [  105.141301] virgocloudexec_mempool_sendto(): kernel_sendmsg() returns ret: 500
Nov  4 21:02:17 kashrinivaasan-Inspiron-1545 kernel: [  105.141305] virgocloudexec_mempool_sendto(): Shut down Kernel Side Client Socket with SOCK_WAKE_URG after sendmsg 
Nov  4 21:02:17 kashrinivaasan-Inspiron-1545 kernel: [  105.141329] virgocloudexec_mempool_sendto(): sock_release invoked on client socket 
Nov  4 21:02:18 kashrinivaasan-Inspiron-1545 kernel: [  106.521486] sd 7:0:0:0: [sdb] Test WP failed, assume Write Enabled
Nov  4 21:02:18 kashrinivaasan-Inspiron-1545 kernel: [  106.523978] sd 7:0:0:0: [sdb] Asking for cache data failed
Nov  4 21:02:18 kashrinivaasan-Inspiron-1545 kernel: [  106.523986] sd 7:0:0:0: [sdb] Assuming drive cache: write through
Nov  4 21:02:19 kashrinivaasan-Inspiron-1545 kernel: [  107.226374] virgo_cloudexec_mempool_service(): virgo mempool client thread per request 
Nov  4 21:02:19 kashrinivaasan-Inspiron-1545 kernel: [  107.226513] virgo_cloudexec_mempool_service(): virgo_mempool_ops.virgo_create() 
Nov  4 21:02:19 kashrinivaasan-Inspiron-1545 kernel: [  107.226522] virgo_mempool_client_thread(): virgo_mempool_ops.virgo_mempool_recvfrom()
Nov  4 21:02:19 kashrinivaasan-Inspiron-1545 kernel: [  107.226526] virgocloudexec_mempool_recvfrom(): before kernel_recvmsg()
Nov  4 21:02:40 kashrinivaasan-Inspiron-1545 kernel: [  128.676348] virgocloudexec_mempool_recvfrom(): kernel_recvmsg() returns len: 36
Nov  4 21:02:40 kashrinivaasan-Inspiron-1545 kernel: [  128.676355] strip_control_M(): str=virgo_cloud_set("f29be400","data")
Nov  4 21:02:40 kashrinivaasan-Inspiron-1545 kernel: [  128.676355]  before strsep
Nov  4 21:02:40 kashrinivaasan-Inspiron-1545 kernel: [  128.676361] strip_control_M(): newstr=virgo_cloud_set("f29be400","data") after carriage return newline strsep
Nov  4 21:02:40 kashrinivaasan-Inspiron-1545 kernel: [  128.676365] virgocloudexec_mempool_recvfrom(): kernel_recvmsg() returns in recv: iov.iov_base=, buffer: virgo_cloud_set("f29be400","data")
Nov  4 21:02:40 kashrinivaasan-Inspiron-1545 kernel: [  128.676365] 
Nov  4 21:02:40 kashrinivaasan-Inspiron-1545 kernel: [  128.676369] virgo_cloudexec_mempool: print_buffer(): 
Nov  4 21:02:40 kashrinivaasan-Inspiron-1545 kernel: [  128.676372] vi
Nov  4 21:02:40 kashrinivaasan-Inspiron-1545 kernel: [  128.676377] rg
Nov  4 21:02:40 kashrinivaasan-Inspiron-1545 kernel: [  128.676381] o_
Nov  4 21:02:40 kashrinivaasan-Inspiron-1545 kernel: [  128.676384] cl
Nov  4 21:02:40 kashrinivaasan-Inspiron-1545 kernel: [  128.676388] ou
Nov  4 21:02:40 kashrinivaasan-Inspiron-1545 kernel: [  128.676392] d_
Nov  4 21:02:40 kashrinivaasan-Inspiron-1545 kernel: [  128.676396] se
Nov  4 21:02:40 kashrinivaasan-Inspiron-1545 kernel: [  128.676399] t(
Nov  4 21:02:40 kashrinivaasan-Inspiron-1545 kernel: [  128.676403] "f
Nov  4 21:02:40 kashrinivaasan-Inspiron-1545 kernel: [  128.676407] 29
Nov  4 21:02:40 kashrinivaasan-Inspiron-1545 kernel: [  128.676411] be
Nov  4 21:02:40 kashrinivaasan-Inspiron-1545 kernel: [  128.676415] 40
Nov  4 21:02:40 kashrinivaasan-Inspiron-1545 kernel: [  128.676418] 0"
Nov  4 21:02:40 kashrinivaasan-Inspiron-1545 kernel: [  128.676423] ,"
Nov  4 21:02:40 kashrinivaasan-Inspiron-1545 kernel: [  128.676426] da
Nov  4 21:02:40 kashrinivaasan-Inspiron-1545 kernel: [  128.676430] ta
Nov  4 21:02:40 kashrinivaasan-Inspiron-1545 kernel: [  128.676434] ")
Nov  4 21:02:40 kashrinivaasan-Inspiron-1545 kernel: [  128.676438] <6>[  128.676440] 
Nov  4 21:02:40 kashrinivaasan-Inspiron-1545 kernel: [  128.676443] 
Nov  4 21:02:40 kashrinivaasan-Inspiron-1545 kernel: [  128.676445] 
Nov  4 21:02:40 kashrinivaasan-Inspiron-1545 kernel: [  128.676449] 
Nov  4 21:02:40 kashrinivaasan-Inspiron-1545 kernel: [  128.676453] 
Nov  4 21:02:40 kashrinivaasan-Inspiron-1545 kernel: [  128.676456] 
Nov  4 21:02:40 kashrinivaasan-Inspiron-1545 kernel: [  128.676460] 
Nov  4 21:02:40 kashrinivaasan-Inspiron-1545 kernel: [  128.676464] 
Nov  4 21:02:40 kashrinivaasan-Inspiron-1545 kernel: [  128.676468] 
Nov  4 21:02:40 kashrinivaasan-Inspiron-1545 kernel: [  128.676471] 
Nov  4 21:02:40 kashrinivaasan-Inspiron-1545 kernel: [  128.676475] 
Nov  4 21:02:40 kashrinivaasan-Inspiron-1545 kernel: [  128.676479] 
Nov  4 21:02:40 kashrinivaasan-Inspiron-1545 kernel: [  128.676483] 
Nov  4 21:02:40 kashrinivaasan-Inspiron-1545 kernel: [  128.676486] 
Nov  4 21:02:40 kashrinivaasan-Inspiron-1545 kernel: [  128.676490] 
Nov  4 21:02:40 kashrinivaasan-Inspiron-1545 kernel: [  128.676494] 
Nov  4 21:02:40 kashrinivaasan-Inspiron-1545 kernel: [  128.676498] 
Nov  4 21:02:40 kashrinivaasan-Inspiron-1545 kernel: [  128.676502] 
Nov  4 21:02:40 kashrinivaasan-Inspiron-1545 kernel: [  128.676505] 
Nov  4 21:02:40 kashrinivaasan-Inspiron-1545 kernel: [  128.676509] 
Nov  4 21:02:40 kashrinivaasan-Inspiron-1545 kernel: [  128.676513] 
Nov  4 21:02:40 kashrinivaasan-Inspiron-1545 kernel: [  128.676517] 
Nov  4 21:02:40 kashrinivaasan-Inspiron-1545 kernel: [  128.676520] 
Nov  4 21:02:40 kashrinivaasan-Inspiron-1545 kernel: [  128.676524] 
Nov  4 21:02:40 kashrinivaasan-Inspiron-1545 kernel: [  128.676528] 
Nov  4 21:02:40 kashrinivaasan-Inspiron-1545 kernel: [  128.676532] 
Nov  4 21:02:40 kashrinivaasan-Inspiron-1545 kernel: [  128.676535] 
Nov  4 21:02:40 kashrinivaasan-Inspiron-1545 kernel: [  128.676539] 
Nov  4 21:02:40 kashrinivaasan-Inspiron-1545 kernel: [  128.676543] 
Nov  4 21:02:40 kashrinivaasan-Inspiron-1545 kernel: [  128.676547] 
Nov  4 21:02:40 kashrinivaasan-Inspiron-1545 kernel: [  128.676550] 
Nov  4 21:02:40 kashrinivaasan-Inspiron-1545 kernel: [  128.676554] 
Nov  4 21:02:40 kashrinivaasan-Inspiron-1545 kernel: [  128.676558] 
Nov  4 21:02:40 kashrinivaasan-Inspiron-1545 kernel: [  128.676562] 
Nov  4 21:02:40 kashrinivaasan-Inspiron-1545 kernel: [  128.676565] 
Nov  4 21:02:40 kashrinivaasan-Inspiron-1545 kernel: [  128.676569] 
Nov  4 21:02:40 kashrinivaasan-Inspiron-1545 kernel: [  128.676573] 
Nov  4 21:02:40 kashrinivaasan-Inspiron-1545 kernel: [  128.676577] 
Nov  4 21:02:40 kashrinivaasan-Inspiron-1545 kernel: [  128.676580] 
Nov  4 21:02:40 kashrinivaasan-Inspiron-1545 kernel: [  128.676584] 
Nov  4 21:02:40 kashrinivaasan-Inspiron-1545 kernel: [  128.676588] 
Nov  4 21:02:40 kashrinivaasan-Inspiron-1545 kernel: [  128.676592] 
Nov  4 21:02:40 kashrinivaasan-Inspiron-1545 kernel: [  128.676596] 
Nov  4 21:02:40 kashrinivaasan-Inspiron-1545 kernel: [  128.676599] 
Nov  4 21:02:40 kashrinivaasan-Inspiron-1545 kernel: [  128.676603] 
Nov  4 21:02:40 kashrinivaasan-Inspiron-1545 kernel: [  128.676607] 
Nov  4 21:02:40 kashrinivaasan-Inspiron-1545 kernel: [  128.676611] 
Nov  4 21:02:40 kashrinivaasan-Inspiron-1545 kernel: [  128.676614] 
Nov  4 21:02:40 kashrinivaasan-Inspiron-1545 kernel: [  128.676618] 
Nov  4 21:02:40 kashrinivaasan-Inspiron-1545 kernel: [  128.676622] 
Nov  4 21:02:40 kashrinivaasan-Inspiron-1545 kernel: [  128.676626] 
Nov  4 21:02:40 kashrinivaasan-Inspiron-1545 kernel: [  128.676629] 
Nov  4 21:02:40 kashrinivaasan-Inspiron-1545 kernel: [  128.676633] 
Nov  4 21:02:40 kashrinivaasan-Inspiron-1545 kernel: [  128.676637] 
Nov  4 21:02:40 kashrinivaasan-Inspiron-1545 kernel: [  128.676641] 
Nov  4 21:02:40 kashrinivaasan-Inspiron-1545 kernel: [  128.676644] 
Nov  4 21:02:40 kashrinivaasan-Inspiron-1545 kernel: [  128.676648] 
Nov  4 21:02:40 kashrinivaasan-Inspiron-1545 kernel: [  128.676652] 
Nov  4 21:02:40 kashrinivaasan-Inspiron-1545 kernel: [  128.676656] 
Nov  4 21:02:40 kashrinivaasan-Inspiron-1545 kernel: [  128.676659] 
Nov  4 21:02:40 kashrinivaasan-Inspiron-1545 kernel: [  128.676663] 
Nov  4 21:02:40 kashrinivaasan-Inspiron-1545 kernel: [  128.676667] 
Nov  4 21:02:40 kashrinivaasan-Inspiron-1545 kernel: [  128.676671] 
Nov  4 21:02:40 kashrinivaasan-Inspiron-1545 kernel: [  128.676675] 
Nov  4 21:02:40 kashrinivaasan-Inspiron-1545 kernel: [  128.676678] 
Nov  4 21:02:40 kashrinivaasan-Inspiron-1545 kernel: [  128.676682] 
Nov  4 21:02:40 kashrinivaasan-Inspiron-1545 kernel: [  128.676686] 
Nov  4 21:02:40 kashrinivaasan-Inspiron-1545 kernel: [  128.676690] 
Nov  4 21:02:40 kashrinivaasan-Inspiron-1545 kernel: [  128.676694] 
Nov  4 21:02:40 kashrinivaasan-Inspiron-1545 kernel: [  128.676697] 
Nov  4 21:02:40 kashrinivaasan-Inspiron-1545 kernel: [  128.676701] 
Nov  4 21:02:40 kashrinivaasan-Inspiron-1545 kernel: [  128.676705] 
Nov  4 21:02:40 kashrinivaasan-Inspiron-1545 kernel: [  128.676709] 
Nov  4 21:02:40 kashrinivaasan-Inspiron-1545 kernel: [  128.676713] 
Nov  4 21:02:40 kashrinivaasan-Inspiron-1545 kernel: [  128.676716] 
Nov  4 21:02:40 kashrinivaasan-Inspiron-1545 kernel: [  128.676720] 
Nov  4 21:02:40 kashrinivaasan-Inspiron-1545 kernel: [  128.676724] 
Nov  4 21:02:40 kashrinivaasan-Inspiron-1545 kernel: [  128.676728] 
Nov  4 21:02:40 kashrinivaasan-Inspiron-1545 kernel: [  128.676731] 
Nov  4 21:02:40 kashrinivaasan-Inspiron-1545 kernel: [  128.676735] 
Nov  4 21:02:40 kashrinivaasan-Inspiron-1545 kernel: [  128.676739] 
Nov  4 21:02:40 kashrinivaasan-Inspiron-1545 kernel: [  128.676743] 
Nov  4 21:02:40 kashrinivaasan-Inspiron-1545 kernel: [  128.676747] 
Nov  4 21:02:40 kashrinivaasan-Inspiron-1545 kernel: [  128.676750] 
Nov  4 21:02:40 kashrinivaasan-Inspiron-1545 kernel: [  128.676754] 
Nov  4 21:02:40 kashrinivaasan-Inspiron-1545 kernel: [  128.676758] 
Nov  4 21:02:40 kashrinivaasan-Inspiron-1545 kernel: [  128.676762] 
Nov  4 21:02:40 kashrinivaasan-Inspiron-1545 kernel: [  128.676765] 
Nov  4 21:02:40 kashrinivaasan-Inspiron-1545 kernel: [  128.676769] 
Nov  4 21:02:40 kashrinivaasan-Inspiron-1545 kernel: [  128.676773] 
Nov  4 21:02:40 kashrinivaasan-Inspiron-1545 kernel: [  128.676777] 
Nov  4 21:02:40 kashrinivaasan-Inspiron-1545 kernel: [  128.676781] 
Nov  4 21:02:40 kashrinivaasan-Inspiron-1545 kernel: [  128.676784] 
Nov  4 21:02:40 kashrinivaasan-Inspiron-1545 kernel: [  128.676788] 
Nov  4 21:02:40 kashrinivaasan-Inspiron-1545 kernel: [  128.676792] 
Nov  4 21:02:40 kashrinivaasan-Inspiron-1545 kernel: [  128.676795] 
Nov  4 21:02:40 kashrinivaasan-Inspiron-1545 kernel: [  128.676799] 
Nov  4 21:02:40 kashrinivaasan-Inspiron-1545 kernel: [  128.676803] 
Nov  4 21:02:40 kashrinivaasan-Inspiron-1545 kernel: [  128.676807] 
Nov  4 21:02:40 kashrinivaasan-Inspiron-1545 kernel: [  128.676810] 
Nov  4 21:02:40 kashrinivaasan-Inspiron-1545 kernel: [  128.676814] 
Nov  4 21:02:40 kashrinivaasan-Inspiron-1545 kernel: [  128.676818] 
Nov  4 21:02:40 kashrinivaasan-Inspiron-1545 kernel: [  128.676822] 
Nov  4 21:02:40 kashrinivaasan-Inspiron-1545 kernel: [  128.676825] 
Nov  4 21:02:40 kashrinivaasan-Inspiron-1545 kernel: [  128.676829] 
Nov  4 21:02:40 kashrinivaasan-Inspiron-1545 kernel: [  128.676833] 
Nov  4 21:02:40 kashrinivaasan-Inspiron-1545 kernel: [  128.676837] 
Nov  4 21:02:40 kashrinivaasan-Inspiron-1545 kernel: [  128.676840] 
Nov  4 21:02:40 kashrinivaasan-Inspiron-1545 kernel: [  128.676844] 
Nov  4 21:02:40 kashrinivaasan-Inspiron-1545 kernel: [  128.676848] 
Nov  4 21:02:40 kashrinivaasan-Inspiron-1545 kernel: [  128.676852] 
Nov  4 21:02:40 kashrinivaasan-Inspiron-1545 kernel: [  128.676856] 
Nov  4 21:02:40 kashrinivaasan-Inspiron-1545 kernel: [  128.676859] 
Nov  4 21:02:40 kashrinivaasan-Inspiron-1545 kernel: [  128.676863] 
Nov  4 21:02:40 kashrinivaasan-Inspiron-1545 kernel: [  128.676867] 
Nov  4 21:02:40 kashrinivaasan-Inspiron-1545 kernel: [  128.676871] 
Nov  4 21:02:40 kashrinivaasan-Inspiron-1545 kernel: [  128.676874] 
Nov  4 21:02:40 kashrinivaasan-Inspiron-1545 kernel: [  128.676878] 
Nov  4 21:02:40 kashrinivaasan-Inspiron-1545 kernel: [  128.676882] 
Nov  4 21:02:40 kashrinivaasan-Inspiron-1545 kernel: [  128.676886] 
Nov  4 21:02:40 kashrinivaasan-Inspiron-1545 kernel: [  128.676889] 
Nov  4 21:02:40 kashrinivaasan-Inspiron-1545 kernel: [  128.676893] 
Nov  4 21:02:40 kashrinivaasan-Inspiron-1545 kernel: [  128.676897] 
Nov  4 21:02:40 kashrinivaasan-Inspiron-1545 kernel: [  128.676901] 
Nov  4 21:02:40 kashrinivaasan-Inspiron-1545 kernel: [  128.676904] 
Nov  4 21:02:40 kashrinivaasan-Inspiron-1545 kernel: [  128.676908] 
Nov  4 21:02:40 kashrinivaasan-Inspiron-1545 kernel: [  128.676912] 
Nov  4 21:02:40 kashrinivaasan-Inspiron-1545 kernel: [  128.676916] 
Nov  4 21:02:40 kashrinivaasan-Inspiron-1545 kernel: [  128.676919] 
Nov  4 21:02:40 kashrinivaasan-Inspiron-1545 kernel: [  128.676923] 
Nov  4 21:02:40 kashrinivaasan-Inspiron-1545 kernel: [  128.676927] 
Nov  4 21:02:40 kashrinivaasan-Inspiron-1545 kernel: [  128.676931] 
Nov  4 21:02:40 kashrinivaasan-Inspiron-1545 kernel: [  128.676934] 
Nov  4 21:02:40 kashrinivaasan-Inspiron-1545 kernel: [  128.676938] 
Nov  4 21:02:40 kashrinivaasan-Inspiron-1545 kernel: [  128.676942] 
Nov  4 21:02:40 kashrinivaasan-Inspiron-1545 kernel: [  128.676946] 
Nov  4 21:02:40 kashrinivaasan-Inspiron-1545 kernel: [  128.676949] 
Nov  4 21:02:40 kashrinivaasan-Inspiron-1545 kernel: [  128.676953] 
Nov  4 21:02:40 kashrinivaasan-Inspiron-1545 kernel: [  128.676957] 
Nov  4 21:02:40 kashrinivaasan-Inspiron-1545 kernel: [  128.676961] 
Nov  4 21:02:40 kashrinivaasan-Inspiron-1545 kernel: [  128.676964] 
Nov  4 21:02:40 kashrinivaasan-Inspiron-1545 kernel: [  128.676968] 
Nov  4 21:02:40 kashrinivaasan-Inspiron-1545 kernel: [  128.676972] 
Nov  4 21:02:40 kashrinivaasan-Inspiron-1545 kernel: [  128.676975] 
Nov  4 21:02:40 kashrinivaasan-Inspiron-1545 kernel: [  128.676979] 
Nov  4 21:02:40 kashrinivaasan-Inspiron-1545 kernel: [  128.676983] 
Nov  4 21:02:40 kashrinivaasan-Inspiron-1545 kernel: [  128.676987] 
Nov  4 21:02:40 kashrinivaasan-Inspiron-1545 kernel: [  128.676990] 
Nov  4 21:02:40 kashrinivaasan-Inspiron-1545 kernel: [  128.676994] 
Nov  4 21:02:40 kashrinivaasan-Inspiron-1545 kernel: [  128.676998] 
Nov  4 21:02:40 kashrinivaasan-Inspiron-1545 kernel: [  128.677001] 
Nov  4 21:02:40 kashrinivaasan-Inspiron-1545 kernel: [  128.677005] 
Nov  4 21:02:40 kashrinivaasan-Inspiron-1545 kernel: [  128.677009] 
Nov  4 21:02:40 kashrinivaasan-Inspiron-1545 kernel: [  128.677013] 
Nov  4 21:02:40 kashrinivaasan-Inspiron-1545 kernel: [  128.677016] 
Nov  4 21:02:40 kashrinivaasan-Inspiron-1545 kernel: [  128.677020] 
Nov  4 21:02:40 kashrinivaasan-Inspiron-1545 kernel: [  128.677024] 
Nov  4 21:02:40 kashrinivaasan-Inspiron-1545 kernel: [  128.677027] 
Nov  4 21:02:40 kashrinivaasan-Inspiron-1545 kernel: [  128.677031] 
Nov  4 21:02:40 kashrinivaasan-Inspiron-1545 kernel: [  128.677035] 
Nov  4 21:02:40 kashrinivaasan-Inspiron-1545 kernel: [  128.677039] 
Nov  4 21:02:40 kashrinivaasan-Inspiron-1545 kernel: [  128.677042] 
Nov  4 21:02:40 kashrinivaasan-Inspiron-1545 kernel: [  128.677046] 
Nov  4 21:02:40 kashrinivaasan-Inspiron-1545 kernel: [  128.677050] 
Nov  4 21:02:40 kashrinivaasan-Inspiron-1545 kernel: [  128.677054] 
Nov  4 21:02:40 kashrinivaasan-Inspiron-1545 kernel: [  128.677057] 
Nov  4 21:02:40 kashrinivaasan-Inspiron-1545 kernel: [  128.677061] 
Nov  4 21:02:40 kashrinivaasan-Inspiron-1545 kernel: [  128.677065] 
Nov  4 21:02:40 kashrinivaasan-Inspiron-1545 kernel: [  128.677068] 
Nov  4 21:02:40 kashrinivaasan-Inspiron-1545 kernel: [  128.677072] 
Nov  4 21:02:40 kashrinivaasan-Inspiron-1545 kernel: [  128.677076] 
Nov  4 21:02:40 kashrinivaasan-Inspiron-1545 kernel: [  128.677080] 
Nov  4 21:02:40 kashrinivaasan-Inspiron-1545 kernel: [  128.677083] 
Nov  4 21:02:40 kashrinivaasan-Inspiron-1545 kernel: [  128.677087] 
Nov  4 21:02:40 kashrinivaasan-Inspiron-1545 kernel: [  128.677091] 
Nov  4 21:02:40 kashrinivaasan-Inspiron-1545 kernel: [  128.677094] 
Nov  4 21:02:40 kashrinivaasan-Inspiron-1545 kernel: [  128.677098] 
Nov  4 21:02:40 kashrinivaasan-Inspiron-1545 kernel: [  128.677102] 
Nov  4 21:02:40 kashrinivaasan-Inspiron-1545 kernel: [  128.677105] 
Nov  4 21:02:40 kashrinivaasan-Inspiron-1545 kernel: [  128.677109] 
Nov  4 21:02:40 kashrinivaasan-Inspiron-1545 kernel: [  128.677113] 
Nov  4 21:02:40 kashrinivaasan-Inspiron-1545 kernel: [  128.677117] 
Nov  4 21:02:40 kashrinivaasan-Inspiron-1545 kernel: [  128.677120] 
Nov  4 21:02:40 kashrinivaasan-Inspiron-1545 kernel: [  128.677124] 
Nov  4 21:02:40 kashrinivaasan-Inspiron-1545 kernel: [  128.677128] 
Nov  4 21:02:40 kashrinivaasan-Inspiron-1545 kernel: [  128.677132] 
Nov  4 21:02:40 kashrinivaasan-Inspiron-1545 kernel: [  128.677135] 
Nov  4 21:02:40 kashrinivaasan-Inspiron-1545 kernel: [  128.677139] 
Nov  4 21:02:40 kashrinivaasan-Inspiron-1545 kernel: [  128.677143] 
Nov  4 21:02:40 kashrinivaasan-Inspiron-1545 kernel: [  128.677147] 
Nov  4 21:02:40 kashrinivaasan-Inspiron-1545 kernel: [  128.677150] 
Nov  4 21:02:40 kashrinivaasan-Inspiron-1545 kernel: [  128.677154] 
Nov  4 21:02:40 kashrinivaasan-Inspiron-1545 kernel: [  128.677158] 
Nov  4 21:02:40 kashrinivaasan-Inspiron-1545 kernel: [  128.677161] 
Nov  4 21:02:40 kashrinivaasan-Inspiron-1545 kernel: [  128.677165] 
Nov  4 21:02:40 kashrinivaasan-Inspiron-1545 kernel: [  128.677169] 
Nov  4 21:02:40 kashrinivaasan-Inspiron-1545 kernel: [  128.677173] 
Nov  4 21:02:40 kashrinivaasan-Inspiron-1545 kernel: [  128.677176] 
Nov  4 21:02:40 kashrinivaasan-Inspiron-1545 kernel: [  128.677180] 
Nov  4 21:02:40 kashrinivaasan-Inspiron-1545 kernel: [  128.677184] 
Nov  4 21:02:40 kashrinivaasan-Inspiron-1545 kernel: [  128.677188] 
Nov  4 21:02:40 kashrinivaasan-Inspiron-1545 kernel: [  128.677191] 
Nov  4 21:02:40 kashrinivaasan-Inspiron-1545 kernel: [  128.677195] 
Nov  4 21:02:40 kashrinivaasan-Inspiron-1545 kernel: [  128.677199] 
Nov  4 21:02:40 kashrinivaasan-Inspiron-1545 kernel: [  128.677203] 
Nov  4 21:02:40 kashrinivaasan-Inspiron-1545 kernel: [  128.677206] 
Nov  4 21:02:40 kashrinivaasan-Inspiron-1545 kernel: [  128.677210] 
Nov  4 21:02:40 kashrinivaasan-Inspiron-1545 kernel: [  128.677214] 
Nov  4 21:02:40 kashrinivaasan-Inspiron-1545 kernel: [  128.677217] 
Nov  4 21:02:40 kashrinivaasan-Inspiron-1545 kernel: [  128.677221] 
Nov  4 21:02:40 kashrinivaasan-Inspiron-1545 kernel: [  128.677225] 
Nov  4 21:02:40 kashrinivaasan-Inspiron-1545 kernel: [  128.677228] 
Nov  4 21:02:40 kashrinivaasan-Inspiron-1545 kernel: [  128.677232] 
Nov  4 21:02:40 kashrinivaasan-Inspiron-1545 kernel: [  128.677236] 
Nov  4 21:02:40 kashrinivaasan-Inspiron-1545 kernel: [  128.677240] 
Nov  4 21:02:40 kashrinivaasan-Inspiron-1545 kernel: [  128.677243] 
Nov  4 21:02:40 kashrinivaasan-Inspiron-1545 kernel: [  128.677247] 
Nov  4 21:02:40 kashrinivaasan-Inspiron-1545 kernel: [  128.677251] 
Nov  4 21:02:40 kashrinivaasan-Inspiron-1545 kernel: [  128.677254] 
Nov  4 21:02:40 kashrinivaasan-Inspiron-1545 kernel: [  128.677258] 
Nov  4 21:02:40 kashrinivaasan-Inspiron-1545 kernel: [  128.677262] 
Nov  4 21:02:40 kashrinivaasan-Inspiron-1545 kernel: [  128.677266] 
Nov  4 21:02:40 kashrinivaasan-Inspiron-1545 kernel: [  128.677269] 
Nov  4 21:02:40 kashrinivaasan-Inspiron-1545 kernel: [  128.677273] 
Nov  4 21:02:40 kashrinivaasan-Inspiron-1545 kernel: [  128.677277] 
Nov  4 21:02:40 kashrinivaasan-Inspiron-1545 kernel: [  128.677280] 
Nov  4 21:02:40 kashrinivaasan-Inspiron-1545 kernel: [  128.677284] 
Nov  4 21:02:40 kashrinivaasan-Inspiron-1545 kernel: [  128.677288] 
Nov  4 21:02:40 kashrinivaasan-Inspiron-1545 kernel: [  128.677292] 
Nov  4 21:02:40 kashrinivaasan-Inspiron-1545 kernel: [  128.677295] 
Nov  4 21:02:40 kashrinivaasan-Inspiron-1545 kernel: [  128.677299] 
Nov  4 21:02:40 kashrinivaasan-Inspiron-1545 kernel: [  128.677303] 
Nov  4 21:02:40 kashrinivaasan-Inspiron-1545 kernel: [  128.677306] 
Nov  4 21:02:40 kashrinivaasan-Inspiron-1545 kernel: [  128.677310] <6>[  128.677313] 
Nov  4 21:02:40 kashrinivaasan-Inspiron-1545 kernel: [  128.677315] virgocloudexec_mempool_recvfrom(): kernel_recvmsg() le32 to cpu virgo_cloud_set("f29be400","data")
Nov  4 21:02:40 kashrinivaasan-Inspiron-1545 kernel: [  128.677315] 
Nov  4 21:02:40 kashrinivaasan-Inspiron-1545 kernel: [  128.677320] virgocloudexec_mempool_recvfrom(): mempoolFunction : virgo_cloud_set("f29be400","data") 
Nov  4 21:02:40 kashrinivaasan-Inspiron-1545 kernel: [  128.677324] parse_virgomempool_command: vmargs->mempool_cmd: virgo_cloud_set
Nov  4 21:02:40 kashrinivaasan-Inspiron-1545 kernel: [  128.677328] parse_virgomempool_command: vmargs->mempool_args[0]: "f29be400"
Nov  4 21:02:40 kashrinivaasan-Inspiron-1545 kernel: [  128.677331] parse_virgomempool_command: vmargs->mempool_args[1]: "data"
Nov  4 21:02:40 kashrinivaasan-Inspiron-1545 kernel: [  128.677334] mempool_func(): creating kernel thread and waking up, parameterIsExecutable=2
Nov  4 21:02:40 kashrinivaasan-Inspiron-1545 kernel: [  128.677338] Creating Kernel Thread for virgo_cloud_set in virgo_cloud_mempool_kernelspace mempool driver module with mempool_args[0]="f29be400", mempool_args[1]="data"
Nov  4 21:02:40 kashrinivaasan-Inspiron-1545 kernel: [  128.677343] virgo_cloud_mempool_kernelspace.c:Executing virgo_cloud_mempool on cloud node, Invoking virgo_cloud_set_kernelspace(), Writing to file opened by Kernel, Kernel Space to User space communication works
Nov  4 21:02:40 kashrinivaasan-Inspiron-1545 kernel: [  128.677347] virgo_cloud_set_kernelspace(): vmargs->mempool_cmd=virgo_cloud_set, vmargs->mempool_args[0] = "f29be400"
Nov  4 21:02:40 kashrinivaasan-Inspiron-1545 kernel: [  128.677347] , vmargs->mempool_args[1]="data" 
Nov  4 21:02:40 kashrinivaasan-Inspiron-1545 kernel: [  128.677353] toKernelAddress(): sscanf: strAddress1=[ef098363], ptr =   (null)
Nov  4 21:02:40 kashrinivaasan-Inspiron-1545 kernel: [  128.677356] toKernelAddress(): before simple_strtoul: strAddress1=[ef098363] 
Nov  4 21:02:40 kashrinivaasan-Inspiron-1545 kernel: [  128.677361] toKernelAddress(): after simple_strtoul: strAddress1=[ef098363], (void*)ul1=ef098363, ul1=4010378083
Nov  4 21:02:40 kashrinivaasan-Inspiron-1545 kernel: [  128.677365] toKernelAddress(): kstrtoul: ul=4010378083, (void*)ul=ef098363,strAddress2=[ef098363]
Nov  4 21:02:40 kashrinivaasan-Inspiron-1545 kernel: [  128.677367] virgo_cloud_mempool_kernelspace.c: ptr set by toKernelAddress=ef098363
Nov  4 21:02:40 kashrinivaasan-Inspiron-1545 kernel: [  128.677372] virgo_cloud_mempool_kernelspace.c: virgo_cloud_set_kernelspace(): address=ef098363, data to be set="data", data after set="data"
Nov  4 21:02:40 kashrinivaasan-Inspiron-1545 kernel: [  128.677375] mempool_func(): virgo mempool kernelspace module returns value virgo_mempool_ret=  (null)
Nov  4 21:02:40 kashrinivaasan-Inspiron-1545 kernel: [  128.677378] virgo_mempool_client_thread(): virgo_mempool_ops.virgo_mempool_sendto()
Nov  4 21:02:40 kashrinivaasan-Inspiron-1545 kernel: [  128.677382] toAddressString(): address=  (null), sprintf strAddress=[  (null)]
Nov  4 21:02:40 kashrinivaasan-Inspiron-1545 kernel: [  128.677385] virgocloudexec_mempool_sendto(): before kernel_sendmsg() for send buffer:   (null)
Nov  4 21:02:40 kashrinivaasan-Inspiron-1545 kernel: [  128.677421] virgocloudexec_mempool_sendto(): kernel_sendmsg() returns ret: 500
Nov  4 21:02:40 kashrinivaasan-Inspiron-1545 kernel: [  128.677425] virgocloudexec_mempool_sendto(): Shut down Kernel Side Client Socket with SOCK_WAKE_URG after sendmsg 
Nov  4 21:02:40 kashrinivaasan-Inspiron-1545 kernel: [  128.677448] virgocloudexec_mempool_sendto(): sock_release invoked on client socket 
Nov  4 21:02:41 kashrinivaasan-Inspiron-1545 kernel: [  128.727738] BUG: unable to handle kernel paging request at 6e72656b
Nov  4 21:02:41 kashrinivaasan-Inspiron-1545 kernel: [  128.727792] IP: [<c114ae5b>] __kmalloc+0xbb/0x1b0
Nov  4 21:02:41 kashrinivaasan-Inspiron-1545 kernel: [  128.727827] *pdpt = 00000000367b1001 *pde = 0000000000000000 
Nov  4 21:02:41 kashrinivaasan-Inspiron-1545 kernel: [  128.727865] Oops: 0000 [#1] SMP 
Nov  4 21:02:41 kashrinivaasan-Inspiron-1545 kernel: [  128.727892] Modules linked in: dm_crypt rfcomm bnep parport_pc bluetooth ppdev xt_hl ip6t_rt nf_conntrack_ipv6 nf_defrag_ipv6 ipt_REJECT xt_LOG xt_limit xt_tcpudp xt_addrtype nf_conntrack_ipv4 nf_defrag_ipv4 xt_state ip6table_filter snd_hda_codec_idt joydev ip6_tables snd_hda_intel uvcvideo nf_conntrack_netbios_ns snd_hda_codec nf_conntrack_broadcast nf_nat_ftp nf_nat nf_conntrack_ftp snd_hwdep nf_conntrack snd_pcm videobuf2_core videodev snd_seq_midi psmouse snd_rawmidi iptable_filter snd_seq_midi_event option ip_tables snd_seq videobuf2_vmalloc snd_timer coretemp serio_raw usb_wwan dell_wmi snd_seq_device usbserial videobuf2_memops sparse_keymap binfmt_misc dell_laptop x_tables snd gpio_ich soundcore microcode dcdbas snd_page_alloc lpc_ich mac_hid virgo_cloudexec_mempool(O+) virgo_cloud_mempool_kernelspace(O) nfsd lp nfs_acl auth_rpcgss nfs fscache lockd sunrpc parport virgo_cloud_test_kernelspace(OF) ums_realtek usb_storage i915 drm_kms_helper drm ahci libahci i2c_algo_bit wm
Nov  4 21:02:41 kashrinivaasan-Inspiron-1545 kernel: i sky2 video
Nov  4 21:02:41 kashrinivaasan-Inspiron-1545 kernel: [  128.731598] Pid: 1198, comm: Xorg Tainted: GF          O 3.7.8 #1 Dell Inc. Inspiron 1545                   /0J037P
Nov  4 21:02:41 kashrinivaasan-Inspiron-1545 kernel: [  128.731598] EIP: 0060:[<c114ae5b>] EFLAGS: 00013202 CPU: 1
Nov  4 21:02:41 kashrinivaasan-Inspiron-1545 kernel: [  128.731598] EIP is at __kmalloc+0xbb/0x1b0
Nov  4 21:02:41 kashrinivaasan-Inspiron-1545 kernel: [  128.731598] EAX: 00000000 EBX: 6e72656b ECX: 0000466e EDX: 0000466d
Nov  4 21:02:41 kashrinivaasan-Inspiron-1545 kernel: [  128.731598] ESI: f7002280 EDI: 0000466e EBP: f657bd74 ESP: f657bd40
Nov  4 21:02:41 kashrinivaasan-Inspiron-1545 kernel: [  128.731598]  DS: 007b ES: 007b FS: 00d8 GS: 00e0 SS: 0068
Nov  4 21:02:41 kashrinivaasan-Inspiron-1545 kernel: [  128.731598] CR0: 80050033 CR2: 6e72656b CR3: 3646b000 CR4: 000407f0
Nov  4 21:02:41 kashrinivaasan-Inspiron-1545 kernel: [  128.731598] DR0: 00000000 DR1: 00000000 DR2: 00000000 DR3: 00000000
Nov  4 21:02:41 kashrinivaasan-Inspiron-1545 kernel: [  128.731598] DR6: ffff0ff0 DR7: 00000400
Nov  4 21:02:41 kashrinivaasan-Inspiron-1545 kernel: [  128.731598] Process Xorg (pid: 1198, ti=f657a000 task=f6b49960 task.ti=f657a000)
Nov  4 21:02:41 kashrinivaasan-Inspiron-1545 kernel: [  128.731598] Stack:
Nov  4 21:02:41 kashrinivaasan-Inspiron-1545 kernel: [  128.731598]  f657bd50 c1580f39 00000304 6e72656b c15ebae0 f3b50800 f8875d77 000080d0
Nov  4 21:02:41 kashrinivaasan-Inspiron-1545 kernel: [  128.731598]  0000000c f7002180 00000002 f683cd18 f294e5b0 f657be10 f8875d77 f657be10
Nov  4 21:02:41 kashrinivaasan-Inspiron-1545 kernel: [  128.731598]  f657bdb0 c1582bf1 f2ab1e40 f2ab1e40 f6acdb00 f657bda0 c14f6cbd f2ab1e40
Nov  4 21:02:41 kashrinivaasan-Inspiron-1545 kernel: [  128.731598] Call Trace:
Nov  4 21:02:41 kashrinivaasan-Inspiron-1545 kernel: [  128.731598]  [<c1580f39>] ? unix_write_space+0x49/0x80
Nov  4 21:02:41 kashrinivaasan-Inspiron-1545 kernel: [  128.731598]  [<c15ebae0>] ? mutex_lock_interruptible+0x10/0x40
Nov  4 21:02:41 kashrinivaasan-Inspiron-1545 kernel: [  128.731598]  [<f8875d77>] ? i915_gem_do_execbuffer+0x337/0xe20 [i915]
Nov  4 21:02:41 kashrinivaasan-Inspiron-1545 kernel: [  128.731598]  [<f8875d77>] i915_gem_do_execbuffer+0x337/0xe20 [i915]
Nov  4 21:02:41 kashrinivaasan-Inspiron-1545 kernel: [  128.731598]  [<c1582bf1>] ? scm_recv+0x141/0x180
Nov  4 21:02:41 kashrinivaasan-Inspiron-1545 kernel: [  128.731598]  [<c14f6cbd>] ? __kfree_skb+0x3d/0x90
Nov  4 21:02:41 kashrinivaasan-Inspiron-1545 kernel: [  128.731598]  [<c1044cdf>] ? kmap_atomic_prot_pfn+0x8f/0xb0
Nov  4 21:02:41 kashrinivaasan-Inspiron-1545 kernel: [  128.731598]  [<c1044d4d>] ? iomap_atomic_prot_pfn+0x4d/0x60
Nov  4 21:02:41 kashrinivaasan-Inspiron-1545 kernel: [  128.731598]  [<c1044c25>] ? iounmap_atomic+0x65/0x90
Nov  4 21:02:41 kashrinivaasan-Inspiron-1545 kernel: [  128.731598]  [<f8872431>] ? i915_gem_pwrite_ioctl+0x191/0x7f0 [i915]
Nov  4 21:02:41 kashrinivaasan-Inspiron-1545 kernel: [  128.731598]  [<f887685b>] ? i915_gem_do_execbuffer+0xe1b/0xe20 [i915]
Nov  4 21:02:41 kashrinivaasan-Inspiron-1545 kernel: [  128.731598]  [<c12e7e9d>] ? _copy_from_user+0x3d/0x130
Nov  4 21:02:41 kashrinivaasan-Inspiron-1545 kernel: [  128.731598]  [<f88768c6>] i915_gem_execbuffer2+0x66/0x1e0 [i915]
Nov  4 21:02:41 kashrinivaasan-Inspiron-1545 kernel: [  128.731598]  [<f8784f16>] drm_ioctl+0x2d6/0x460 [drm]
Nov  4 21:02:41 kashrinivaasan-Inspiron-1545 kernel: [  128.731598]  [<f8876860>] ? i915_gem_do_execbuffer+0xe20/0xe20 [i915]
Nov  4 21:02:41 kashrinivaasan-Inspiron-1545 kernel: [  128.731598]  [<f8784c40>] ? drm_version+0xa0/0xa0 [drm]
Nov  4 21:02:41 kashrinivaasan-Inspiron-1545 kernel: [  128.731598]  [<c116b6d6>] do_vfs_ioctl+0x86/0x590
Nov  4 21:02:41 kashrinivaasan-Inspiron-1545 kernel: [  128.731598]  [<c115c19d>] ? vfs_read+0xfd/0x170
Nov  4 21:02:41 kashrinivaasan-Inspiron-1545 kernel: [  128.731598]  [<c116bc5a>] sys_ioctl+0x7a/0x80
Nov  4 21:02:41 kashrinivaasan-Inspiron-1545 kernel: [  128.731598]  [<c106c572>] ? sys_clock_gettime+0xa2/0xc0
Nov  4 21:02:41 kashrinivaasan-Inspiron-1545 kernel: [  128.731598]  [<c15f4e8d>] sysenter_do_call+0x12/0x28
Nov  4 21:02:41 kashrinivaasan-Inspiron-1545 kernel: [  128.731598]  [<c15e0000>] ? max8925_device_exit+0x25/0x2c
Nov  4 21:02:41 kashrinivaasan-Inspiron-1545 kernel: [  128.731598] Code: e4 0f 85 89 00 00 00 8b 06 64 03 05 14 e0 99 c1 8b 50 04 8b 08 85 c9 89 4d d8 0f 84 d2 00 00 00 8b 46 14 8d 7a 01 8b 5d d8 89 f9 <8b> 04 03 89 7d f0 89 55 dc 89 45 e0 89 c3 8b 3e 8b 45 d8 64 0f
Nov  4 21:02:41 kashrinivaasan-Inspiron-1545 kernel: [  128.731598] EIP: [<c114ae5b>] __kmalloc+0xbb/0x1b0 SS:ESP 0068:f657bd40
Nov  4 21:02:41 kashrinivaasan-Inspiron-1545 kernel: [  128.731598] CR2: 000000006e72656b
Nov  4 21:02:41 kashrinivaasan-Inspiron-1545 kernel: [  128.731598] BUG: unable to handle kernel paging request at 6e72656b
Nov  4 21:02:41 kashrinivaasan-Inspiron-1545 kernel: [  128.731598] IP: [<c114aacf>] kmem_cache_alloc_trace+0x4f/0x120
Nov  4 21:02:41 kashrinivaasan-Inspiron-1545 kernel: [  128.731598] *pdpt = 00000000367b1001 *pde = 0000000000000000 
Nov  4 21:02:41 kashrinivaasan-Inspiron-1545 kernel: [  128.731598] Oops: 0000 [#2] SMP 
Nov  4 21:02:41 kashrinivaasan-Inspiron-1545 kernel: [  128.731598] Modules linked in: dm_crypt rfcomm bnep parport_pc bluetooth ppdev xt_hl ip6t_rt nf_conntrack_ipv6 nf_defrag_ipv6 ipt_REJECT xt_LOG xt_limit xt_tcpudp xt_addrtype nf_conntrack_ipv4 nf_defrag_ipv4 xt_state ip6table_filter snd_hda_codec_idt joydev ip6_tables snd_hda_intel uvcvideo nf_conntrack_netbios_ns snd_hda_codec nf_conntrack_broadcast nf_nat_ftp nf_nat nf_conntrack_ftp snd_hwdep nf_conntrack snd_pcm videobuf2_core videodev snd_seq_midi psmouse snd_rawmidi iptable_filter snd_seq_midi_event option ip_tables snd_seq videobuf2_vmalloc snd_timer coretemp serio_raw usb_wwan dell_wmi snd_seq_device usbserial videobuf2_memops sparse_keymap binfmt_misc dell_laptop x_tables snd gpio_ich soundcore microcode dcdbas snd_page_alloc lpc_ich mac_hid virgo_cloudexec_mempool(O+) virgo_cloud_mempool_kernelspace(O) nfsd lp nfs_acl auth_rpcgss nfs fscache lockd sunrpc parport virgo_cloud_test_kernelspace(OF) ums_realtek usb_storage i915 drm_kms_helper drm ahci libahci i2c_algo_bit wm
Nov  4 21:02:41 kashrinivaasan-Inspiron-1545 kernel: i sky2 video
Nov  4 21:02:41 kashrinivaasan-Inspiron-1545 kernel: [  128.731598] Pid: 1198, comm: Xorg Tainted: GF          O 3.7.8 #1 Dell Inc. Inspiron 1545                   /0J037P
Nov  4 21:02:41 kashrinivaasan-Inspiron-1545 kernel: [  128.731598] EIP: 0060:[<c114aacf>] EFLAGS: 00013002 CPU: 1
Nov  4 21:02:41 kashrinivaasan-Inspiron-1545 kernel: [  128.731598] EIP is at kmem_cache_alloc_trace+0x4f/0x120
Nov  4 21:02:41 kashrinivaasan-Inspiron-1545 kernel: [  128.731598] EAX: 00000000 EBX: 6e72656b ECX: 0000466e EDX: 0000466d
Nov  4 21:02:41 kashrinivaasan-Inspiron-1545 kernel: [  128.731598] ESI: f7002280 EDI: 0000466e EBP: f657b930 ESP: f657b8fc
Nov  4 21:02:41 kashrinivaasan-Inspiron-1545 kernel: [  128.731598]  DS: 007b ES: 007b FS: 00d8 GS: 00e0 SS: 0068
Nov  4 21:02:41 kashrinivaasan-Inspiron-1545 kernel: [  128.731598] CR0: 80050033 CR2: 6e72656b CR3: 3646b000 CR4: 000407f0
Nov  4 21:02:41 kashrinivaasan-Inspiron-1545 kernel: [  128.731598] DR0: 00000000 DR1: 00000000 DR2: 00000000 DR3: 00000000
Nov  4 21:02:41 kashrinivaasan-Inspiron-1545 kernel: [  128.731598] DR6: ffff0ff0 DR7: 00000400
Nov  4 21:02:41 kashrinivaasan-Inspiron-1545 kernel: [  128.731598] Process Xorg (pid: 1198, ti=f657a000 task=f6b49960 task.ti=f657a000)
Nov  4 21:02:41 kashrinivaasan-Inspiron-1545 kernel: [  128.731598] Stack:
Nov  4 21:02:41 kashrinivaasan-Inspiron-1545 kernel: [  128.731598]  00000068 00000000 f8df1a20 6e72656b 00001580 00000000 0000000c f888a51b
Nov  4 21:02:41 kashrinivaasan-Inspiron-1545 kernel: [  128.731598]  000080d0 c162eee0 00000010 f3a51a80 f3a51a80 f657b994 f888a51b 00000004
Nov  4 21:02:41 kashrinivaasan-Inspiron-1545 kernel: [  128.731598]  f88bfad5 f88afced f88ba614 00000003 00000009 00000001 00000000 00000000
Nov  4 21:02:41 kashrinivaasan-Inspiron-1545 kernel: [  128.731598] Call Trace:
Nov  4 21:02:41 kashrinivaasan-Inspiron-1545 kernel: [  128.731598]  [<f888a51b>] ? intel_crtc_set_config+0xcb/0x870 [i915]
Nov  4 21:02:41 kashrinivaasan-Inspiron-1545 kernel: [  128.731598]  [<f888a51b>] intel_crtc_set_config+0xcb/0x870 [i915]
Nov  4 21:02:41 kashrinivaasan-Inspiron-1545 kernel: [  128.731598]  [<c103d918>] ? default_spin_lock_flags+0x8/0x10
Nov  4 21:02:41 kashrinivaasan-Inspiron-1545 kernel: [  128.731598]  [<f850e67f>] drm_fb_helper_pan_display+0x6f/0xb0 [drm_kms_helper]
Nov  4 21:02:41 kashrinivaasan-Inspiron-1545 kernel: [  128.731598]  [<f850e610>] ? drm_fb_helper_fill_var+0x1a0/0x1a0 [drm_kms_helper]
Nov  4 21:02:41 kashrinivaasan-Inspiron-1545 kernel: [  128.731598]  [<c1327c3d>] fb_pan_display+0xed/0x140
Nov  4 21:02:41 kashrinivaasan-Inspiron-1545 kernel: [  128.731598]  [<c1336e72>] bit_update_start+0x22/0x50
Nov  4 21:02:41 kashrinivaasan-Inspiron-1545 kernel: [  128.731598]  [<c13336e6>] fbcon_switch+0x3a6/0x550
Nov  4 21:02:41 kashrinivaasan-Inspiron-1545 kernel: [  128.731598]  [<c133157a>] ? get_color+0x2a/0x120
Nov  4 21:02:41 kashrinivaasan-Inspiron-1545 kernel: [  128.731598]  [<c13a1c0b>] redraw_screen+0x12b/0x220
Nov  4 21:02:41 kashrinivaasan-Inspiron-1545 kernel: [  128.731598]  [<c1333275>] fbcon_blank+0x235/0x300
Nov  4 21:02:41 kashrinivaasan-Inspiron-1545 kernel: [  128.731598]  [<c13a1370>] ? vt_console_print+0x280/0x360
Nov  4 21:02:41 kashrinivaasan-Inspiron-1545 kernel: [  128.731598]  [<c103d918>] ? default_spin_lock_flags+0x8/0x10
Nov  4 21:02:41 kashrinivaasan-Inspiron-1545 kernel: [  128.731598]  [<c15edb9f>] ? _raw_spin_lock_irqsave+0x2f/0x50
Nov  4 21:02:41 kashrinivaasan-Inspiron-1545 kernel: [  128.897699]  [<c104e4fa>] ? console_unlock+0x23a/0x460
Nov  4 21:02:41 kashrinivaasan-Inspiron-1545 kernel: [  128.897699]  [<c103d918>] ? default_spin_lock_flags+0x8/0x10
Nov  4 21:02:41 kashrinivaasan-Inspiron-1545 kernel: [  128.897699]  [<c15edb9f>] ? _raw_spin_lock_irqsave+0x2f/0x50
Nov  4 21:02:41 kashrinivaasan-Inspiron-1545 kernel: [  128.897699]  [<c105bf6c>] ? lock_timer_base+0x2c/0x60
Nov  4 21:02:41 kashrinivaasan-Inspiron-1545 kernel: [  128.897699]  [<c105d297>] ? mod_timer+0xf7/0x1d0
Nov  4 21:02:41 kashrinivaasan-Inspiron-1545 kernel: [  128.897699]  [<c13a24dc>] do_unblank_screen+0xac/0x1c0
Nov  4 21:02:41 kashrinivaasan-Inspiron-1545 kernel: [  128.897699]  [<c13a25ff>] unblank_screen+0xf/0x20
Nov  4 21:02:41 kashrinivaasan-Inspiron-1545 kernel: [  128.897699]  [<c12e8e55>] bust_spinlocks+0x15/0x40
Nov  4 21:02:41 kashrinivaasan-Inspiron-1545 kernel: [  128.897699]  [<c15eede4>] oops_end+0x34/0xd0
Nov  4 21:02:41 kashrinivaasan-Inspiron-1545 kernel: [  128.897699]  [<c103eb78>] no_context+0xd8/0x1e0
Nov  4 21:02:41 kashrinivaasan-Inspiron-1545 kernel: [  128.897699]  [<c103ed28>] __bad_area_nosemaphore+0xa8/0x150
Nov  4 21:02:41 kashrinivaasan-Inspiron-1545 kernel: [  128.897699]  [<c116c690>] ? __pollwait+0xe0/0xe0
Nov  4 21:02:41 kashrinivaasan-Inspiron-1545 kernel: [  128.897699]  [<c103ee2f>] __bad_area+0x3f/0x50
Nov  4 21:02:41 kashrinivaasan-Inspiron-1545 kernel: [  128.897699]  [<c15f1670>] ? __do_page_fault+0x4d0/0x4d0
Nov  4 21:02:41 kashrinivaasan-Inspiron-1545 kernel: [  128.897699]  [<c103ee57>] bad_area+0x17/0x20
Nov  4 21:02:41 kashrinivaasan-Inspiron-1545 kernel: [  128.897699]  [<c15f1667>] __do_page_fault+0x4c7/0x4d0
Nov  4 21:02:41 kashrinivaasan-Inspiron-1545 kernel: [  128.897699]  [<c116c690>] ? __pollwait+0xe0/0xe0
Nov  4 21:02:41 kashrinivaasan-Inspiron-1545 kernel: last message repeated 2 times
Nov  4 21:02:41 kashrinivaasan-Inspiron-1545 kernel: [  128.897699]  [<c15f1670>] ? __do_page_fault+0x4d0/0x4d0
Nov  4 21:02:41 kashrinivaasan-Inspiron-1545 kernel: [  128.897699]  [<c15f167d>] do_page_fault+0xd/0x10
Nov  4 21:02:41 kashrinivaasan-Inspiron-1545 kernel: [  128.897699]  [<c15ee5f7>] error_code+0x67/0x6c
Nov  4 21:02:41 kashrinivaasan-Inspiron-1545 kernel: [  128.897699]  [<c114ae5b>] ? __kmalloc+0xbb/0x1b0
Nov  4 21:02:41 kashrinivaasan-Inspiron-1545 kernel: [  128.897699]  [<c1580f39>] ? unix_write_space+0x49/0x80
Nov  4 21:02:41 kashrinivaasan-Inspiron-1545 kernel: [  128.897699]  [<c15ebae0>] ? mutex_lock_interruptible+0x10/0x40
Nov  4 21:02:41 kashrinivaasan-Inspiron-1545 kernel: [  128.897699]  [<f8875d77>] ? i915_gem_do_execbuffer+0x337/0xe20 [i915]
Nov  4 21:02:41 kashrinivaasan-Inspiron-1545 kernel: [  128.897699]  [<f8875d77>] i915_gem_do_execbuffer+0x337/0xe20 [i915]
Nov  4 21:02:41 kashrinivaasan-Inspiron-1545 kernel: [  128.897699]  [<c1582bf1>] ? scm_recv+0x141/0x180
Nov  4 21:02:41 kashrinivaasan-Inspiron-1545 kernel: [  128.897699]  [<c14f6cbd>] ? __kfree_skb+0x3d/0x90
Nov  4 21:02:41 kashrinivaasan-Inspiron-1545 kernel: [  128.897699]  [<c1044cdf>] ? kmap_atomic_prot_pfn+0x8f/0xb0
Nov  4 21:02:41 kashrinivaasan-Inspiron-1545 kernel: [  128.897699]  [<c1044d4d>] ? iomap_atomic_prot_pfn+0x4d/0x60
Nov  4 21:02:41 kashrinivaasan-Inspiron-1545 kernel: [  128.897699]  [<c1044c25>] ? iounmap_atomic+0x65/0x90
Nov  4 21:02:41 kashrinivaasan-Inspiron-1545 kernel: [  128.897699]  [<f8872431>] ? i915_gem_pwrite_ioctl+0x191/0x7f0 [i915]
Nov  4 21:02:41 kashrinivaasan-Inspiron-1545 kernel: [  128.897699]  [<f887685b>] ? i915_gem_do_execbuffer+0xe1b/0xe20 [i915]
Nov  4 21:02:41 kashrinivaasan-Inspiron-1545 kernel: [  128.897699]  [<c12e7e9d>] ? _copy_from_user+0x3d/0x130
Nov  4 21:02:41 kashrinivaasan-Inspiron-1545 kernel: [  128.897699]  [<f88768c6>] i915_gem_execbuffer2+0x66/0x1e0 [i915]
Nov  4 21:02:41 kashrinivaasan-Inspiron-1545 kernel: [  128.897699]  [<f8784f16>] drm_ioctl+0x2d6/0x460 [drm]
Nov  4 21:02:41 kashrinivaasan-Inspiron-1545 kernel: [  128.897699]  [<f8876860>] ? i915_gem_do_execbuffer+0xe20/0xe20 [i915]
Nov  4 21:02:41 kashrinivaasan-Inspiron-1545 kernel: [  128.897699]  [<f8784c40>] ? drm_version+0xa0/0xa0 [drm]
Nov  4 21:02:41 kashrinivaasan-Inspiron-1545 kernel: [  128.897699]  [<c116b6d6>] do_vfs_ioctl+0x86/0x590
Nov  4 21:02:41 kashrinivaasan-Inspiron-1545 kernel: [  128.897699]  [<c115c19d>] ? vfs_read+0xfd/0x170
Nov  4 21:02:41 kashrinivaasan-Inspiron-1545 kernel: [  128.897699]  [<c116bc5a>] sys_ioctl+0x7a/0x80
Nov  4 21:02:41 kashrinivaasan-Inspiron-1545 kernel: [  128.897699]  [<c106c572>] ? sys_clock_gettime+0xa2/0xc0
Nov  4 21:02:41 kashrinivaasan-Inspiron-1545 kernel: [  128.897699]  [<c15f4e8d>] sysenter_do_call+0x12/0x28
Nov  4 21:02:41 kashrinivaasan-Inspiron-1545 kernel: [  128.897699]  [<c15e0000>] ? max8925_device_exit+0x25/0x2c
Nov  4 21:02:41 kashrinivaasan-Inspiron-1545 kernel: [  128.897699] Code: 10 0f 85 8d 00 00 00 8b 06 64 03 05 14 e0 99 c1 8b 50 04 8b 08 85 c9 89 4d d8 0f 84 81 00 00 00 8b 46 14 8d 7a 01 8b 5d d8 89 f9 <8b> 04 03 89 7d f0 89 55 dc 89 45 e0 89 c3 8b 3e 8b 45 d8 64 0f
Nov  4 21:02:41 kashrinivaasan-Inspiron-1545 kernel: [  128.897699] EIP: [<c114aacf>] kmem_cache_alloc_trace+0x4f/0x120 SS:ESP 0068:f657b8fc
Nov  4 21:02:41 kashrinivaasan-Inspiron-1545 kernel: [  128.897699] CR2: 000000006e72656b
Nov  4 21:02:41 kashrinivaasan-Inspiron-1545 kernel: [  128.897699] ---[ end trace 4b03434c5ced7080 ]---
Nov  4 21:03:24 kashrinivaasan-Inspiron-1545 kernel: imklog 5.8.6, log source = /proc/kmsg started.
Nov  4 21:03:24 kashrinivaasan-Inspiron-1545 kernel: [    0.000000] Initializing cgroup subsys cpuset
Nov  4 21:03:24 kashrinivaasan-Inspiron-1545 kernel: [    0.000000] Initializing cgroup subsys cpu
Nov  4 21:03:24 kashrinivaasan-Inspiron-1545 kernel: [    0.000000] Linux version 3.7.8 (root@kashrinivaasan-Inspiron-1545) (gcc version 4.4.1 (GCC) ) #1 SMP Thu Oct 31 14:21:03 IST 2013
Nov  4 21:03:24 kashrinivaasan-Inspiron-1545 kernel: [    0.000000] KERNEL supported cpus:
Nov  4 21:03:24 kashrinivaasan-Inspiron-1545 kernel: [    0.000000]   Intel GenuineIntel
Nov  4 21:03:24 kashrinivaasan-Inspiron-1545 kernel: [    0.000000]   AMD AuthenticAMD
Nov  4 21:03:24 kashrinivaasan-Inspiron-1545 kernel: [    0.000000]   NSC Geode by NSC
Nov  4 21:03:24 kashrinivaasan-Inspiron-1545 kernel: [    0.000000]   Cyrix CyrixInstead
Nov  4 21:03:24 kashrinivaasan-Inspiron-1545 kernel: [    0.000000]   Centaur CentaurHauls
Nov  4 21:03:24 kashrinivaasan-Inspiron-1545 kernel: [    0.000000]   Transmeta GenuineTMx86
Nov  4 21:03:24 kashrinivaasan-Inspiron-1545 kernel: [    0.000000]   Transmeta TransmetaCPU
Nov  4 21:03:24 kashrinivaasan-Inspiron-1545 kernel: [    0.000000]   UMC UMC UMC UMC
Nov  4 21:03:24 kashrinivaasan-Inspiron-1545 kernel: [    0.000000] e820: BIOS-provided physical RAM map:
Nov  4 21:03:24 kashrinivaasan-Inspiron-1545 kernel: [    0.000000] BIOS-e820: [mem 0x0000000000000000-0x000000000009efff] usable
Nov  4 21:03:24 kashrinivaasan-Inspiron-1545 kernel: [    0.000000] BIOS-e820: [mem 0x000000000009f000-0x000000000009ffff] reserved
Nov  4 21:03:24 kashrinivaasan-Inspiron-1545 kernel: [    0.000000] BIOS-e820: [mem 0x0000000000100000-0x00000000bd8bf3ff] usable
Nov  4 21:03:24 kashrinivaasan-Inspiron-1545 kernel: [    0.000000] BIOS-e820: [mem 0x00000000bd8bf400-0x00000000bdac13ff] ACPI NVS
Nov  4 21:03:24 kashrinivaasan-Inspiron-1545 kernel: [    0.000000] BIOS-e820: [mem 0x00000000bdac1400-0x00000000bfffffff] reserved
Nov  4 21:03:24 kashrinivaasan-Inspiron-1545 kernel: [    0.000000] BIOS-e820: [mem 0x00000000f8000000-0x00000000fbffffff] reserved
Nov  4 21:03:24 kashrinivaasan-Inspiron-1545 kernel: [    0.000000] BIOS-e820: [mem 0x00000000fec00000-0x00000000fec0ffff] reserved
Nov  4 21:03:24 kashrinivaasan-Inspiron-1545 kernel: [    0.000000] BIOS-e820: [mem 0x00000000fed18000-0x00000000fed1bfff] reserved
Nov  4 21:03:24 kashrinivaasan-Inspiron-1545 kernel: [    0.000000] BIOS-e820: [mem 0x00000000fed20000-0x00000000fed8ffff] reserved
Nov  4 21:03:24 kashrinivaasan-Inspiron-1545 kernel: [    0.000000] BIOS-e820: [mem 0x00000000feda0000-0x00000000feda5fff] reserved
Nov  4 21:03:24 kashrinivaasan-Inspiron-1545 kernel: [    0.000000] BIOS-e820: [mem 0x00000000fee00000-0x00000000fee0ffff] reserved
Nov  4 21:03:24 kashrinivaasan-Inspiron-1545 kernel: [    0.000000] BIOS-e820: [mem 0x00000000ffe00000-0x00000000ffffffff] reserved
Nov  4 21:03:24 kashrinivaasan-Inspiron-1545 kernel: [    0.000000] NX (Execute Disable) protection: active
Nov  4 21:03:24 kashrinivaasan-Inspiron-1545 kernel: [    0.000000] SMBIOS 2.4 present.
Nov  4 21:03:24 kashrinivaasan-Inspiron-1545 kernel: [    0.000000] DMI: Dell Inc. Inspiron 1545                   /0J037P, BIOS A14 12/07/2009
Nov  4 21:03:24 kashrinivaasan-Inspiron-1545 kernel: [    0.000000] e820: update [mem 0x00000000-0x0000ffff] usable ==> reserved
Nov  4 21:03:24 kashrinivaasan-Inspiron-1545 kernel: [    0.000000] e820: remove [mem 0x000a0000-0x000fffff] usable
Nov  4 21:03:24 kashrinivaasan-Inspiron-1545 kernel: [    0.000000] e820: last_pfn = 0xbd8bf max_arch_pfn = 0x1000000
Nov  4 21:03:24 kashrinivaasan-Inspiron-1545 kernel: [    0.000000] MTRR default type: uncachable
Nov  4 21:03:24 kashrinivaasan-Inspiron-1545 kernel: [    0.000000] MTRR fixed ranges enabled:
Nov  4 21:03:24 kashrinivaasan-Inspiron-1545 kernel: [    0.000000]   00000-9FFFF write-back
Nov  4 21:03:24 kashrinivaasan-Inspiron-1545 kernel: [    0.000000]   A0000-BFFFF uncachable
Nov  4 21:03:24 kashrinivaasan-Inspiron-1545 kernel: [    0.000000]   C0000-CFFFF write-protect
Nov  4 21:03:24 kashrinivaasan-Inspiron-1545 kernel: [    0.000000]   D0000-EFFFF uncachable
Nov  4 21:03:24 kashrinivaasan-Inspiron-1545 kernel: [    0.000000]   F0000-FFFFF write-protect
Nov  4 21:03:24 kashrinivaasan-Inspiron-1545 kernel: [    0.000000] MTRR variable ranges enabled:
Nov  4 21:03:24 kashrinivaasan-Inspiron-1545 kernel: [    0.000000]   0 base 000000000 mask 800000000 write-back
Nov  4 21:03:24 kashrinivaasan-Inspiron-1545 kernel: [    0.000000]   1 base 0E0000000 mask FE0000000 uncachable
Nov  4 21:03:24 kashrinivaasan-Inspiron-1545 kernel: [    0.000000]   2 base 0BDC00000 mask FFFC00000 uncachable
Nov  4 21:03:24 kashrinivaasan-Inspiron-1545 kernel: [    0.000000]   3 base 0BE000000 mask FFE000000 uncachable
Nov  4 21:03:24 kashrinivaasan-Inspiron-1545 kernel: [    0.000000]   4 disabled
Nov  4 21:03:24 kashrinivaasan-Inspiron-1545 kernel: [    0.000000]   5 disabled
Nov  4 21:03:24 kashrinivaasan-Inspiron-1545 kernel: [    0.000000]   6 disabled
Nov  4 21:03:24 kashrinivaasan-Inspiron-1545 kernel: [    0.000000] x86 PAT enabled: cpu 0, old 0x7040600070406, new 0x7010600070106
Nov  4 21:03:24 kashrinivaasan-Inspiron-1545 kernel: [    0.000000] original variable MTRRs
Nov  4 21:03:24 kashrinivaasan-Inspiron-1545 kernel: [    0.000000] reg 0, base: 0GB, range: 32GB, type WB
Nov  4 21:03:24 kashrinivaasan-Inspiron-1545 kernel: [    0.000000] reg 1, base: 3584MB, range: 512MB, type UC
Nov  4 21:03:24 kashrinivaasan-Inspiron-1545 kernel: [    0.000000] reg 2, base: 3036MB, range: 4MB, type UC
Nov  4 21:03:24 kashrinivaasan-Inspiron-1545 kernel: [    0.000000] reg 3, base: 3040MB, range: 32MB, type UC
Nov  4 21:03:24 kashrinivaasan-Inspiron-1545 kernel: [    0.000000] total RAM covered: 32220M
Nov  4 21:03:24 kashrinivaasan-Inspiron-1545 kernel: [    0.000000]  gran_size: 64K 	chunk_size: 64K 	num_reg: 7  	lose cover RAM: 29188M
Nov  4 21:03:24 kashrinivaasan-Inspiron-1545 kernel: [    0.000000]  gran_size: 64K 	chunk_size: 128K 	num_reg: 7  	lose cover RAM: 29188M
Nov  4 21:03:24 kashrinivaasan-Inspiron-1545 kernel: [    0.000000]  gran_size: 64K 	chunk_size: 256K 	num_reg: 7  	lose cover RAM: 29188M
Nov  4 21:03:24 kashrinivaasan-Inspiron-1545 kernel: [    0.000000]  gran_size: 64K 	chunk_size: 512K 	num_reg: 7  	lose cover RAM: 29188M
Nov  4 21:03:24 kashrinivaasan-Inspiron-1545 kernel: [    0.000000]  gran_size: 64K 	chunk_size: 1M 	num_reg: 7  	lose cover RAM: 29188M
Nov  4 21:03:24 kashrinivaasan-Inspiron-1545 kernel: [    0.000000]  gran_size: 64K 	chunk_size: 2M 	num_reg: 7  	lose cover RAM: 29188M
Nov  4 21:03:24 kashrinivaasan-Inspiron-1545 kernel: [    0.000000]  gran_size: 64K 	chunk_size: 4M 	num_reg: 7  	lose cover RAM: 29188M
Nov  4 21:03:24 kashrinivaasan-Inspiron-1545 kernel: [    0.000000]  gran_size: 64K 	chunk_size: 8M 	num_reg: 7  	lose cover RAM: 29184M
Nov  4 21:03:24 kashrinivaasan-Inspiron-1545 kernel: [    0.000000]  gran_size: 64K 	chunk_size: 16M 	num_reg: 7  	lose cover RAM: 29184M
Nov  4 21:03:24 kashrinivaasan-Inspiron-1545 kernel: [    0.000000]  gran_size: 64K 	chunk_size: 32M 	num_reg: 7  	lose cover RAM: 29184M
Nov  4 21:03:24 kashrinivaasan-Inspiron-1545 kernel: [    0.000000]  gran_size: 64K 	chunk_size: 64M 	num_reg: 7  	lose cover RAM: 16G
Nov  4 21:03:24 kashrinivaasan-Inspiron-1545 kernel: [    0.000000]  gran_size: 64K 	chunk_size: 128M 	num_reg: 7  	lose cover RAM: 16G
Nov  4 21:03:24 kashrinivaasan-Inspiron-1545 kernel: [    0.000000]  gran_size: 64K 	chunk_size: 256M 	num_reg: 7  	lose cover RAM: 16G
Nov  4 21:03:24 kashrinivaasan-Inspiron-1545 kernel: [    0.000000]  gran_size: 64K 	chunk_size: 512M 	num_reg: 7  	lose cover RAM: 16G
Nov  4 21:03:24 kashrinivaasan-Inspiron-1545 kernel: [    0.000000]  gran_size: 64K 	chunk_size: 1G 	num_reg: 7  	lose cover RAM: 16G
Nov  4 21:03:24 kashrinivaasan-Inspiron-1545 kernel: [    0.000000]  gran_size: 64K 	chunk_size: 2G 	num_reg: 7  	lose cover RAM: 29188M
Nov  4 21:03:24 kashrinivaasan-Inspiron-1545 kernel: [    0.000000]  gran_size: 128K 	chunk_size: 128K 	num_reg: 7  	lose cover RAM: 29188M
Nov  4 21:03:24 kashrinivaasan-Inspiron-1545 kernel: [    0.000000]  gran_size: 128K 	chunk_size: 256K 	num_reg: 7  	lose cover RAM: 29188M
Nov  4 21:03:24 kashrinivaasan-Inspiron-1545 kernel: [    0.000000]  gran_size: 128K 	chunk_size: 512K 	num_reg: 7  	lose cover RAM: 29188M
Nov  4 21:03:24 kashrinivaasan-Inspiron-1545 kernel: [    0.000000]  gran_size: 128K 	chunk_size: 1M 	num_reg: 7  	lose cover RAM: 29188M
Nov  4 21:03:24 kashrinivaasan-Inspiron-1545 kernel: [    0.000000]  gran_size: 128K 	chunk_size: 2M 	num_reg: 7  	lose cover RAM: 29188M
Nov  4 21:03:24 kashrinivaasan-Inspiron-1545 kernel: [    0.000000]  gran_size: 128K 	chunk_size: 4M 	num_reg: 7  	lose cover RAM: 29188M
Nov  4 21:03:24 kashrinivaasan-Inspiron-1545 kernel: [    0.000000]  gran_size: 128K 	chunk_size: 8M 	num_reg: 7  	lose cover RAM: 29184M
Nov  4 21:03:24 kashrinivaasan-Inspiron-1545 kernel: [    0.000000]  gran_size: 128K 	chunk_size: 16M 	num_reg: 7  	lose cover RAM: 29184M
Nov  4 21:03:24 kashrinivaasan-Inspiron-1545 kernel: [    0.000000]  gran_size: 128K 	chunk_size: 32M 	num_reg: 7  	lose cover RAM: 29184M
Nov  4 21:03:24 kashrinivaasan-Inspiron-1545 kernel: [    0.000000]  gran_size: 128K 	chunk_size: 64M 	num_reg: 7  	lose cover RAM: 16G
Nov  4 21:03:24 kashrinivaasan-Inspiron-1545 kernel: [    0.000000]  gran_size: 128K 	chunk_size: 128M 	num_reg: 7  	lose cover RAM: 16G
Nov  4 21:03:24 kashrinivaasan-Inspiron-1545 kernel: [    0.000000]  gran_size: 128K 	chunk_size: 256M 	num_reg: 7  	lose cover RAM: 16G
Nov  4 21:03:24 kashrinivaasan-Inspiron-1545 kernel: [    0.000000]  gran_size: 128K 	chunk_size: 512M 	num_reg: 7  	lose cover RAM: 16G
Nov  4 21:03:24 kashrinivaasan-Inspiron-1545 kernel: [    0.000000]  gran_size: 128K 	chunk_size: 1G 	num_reg: 7  	lose cover RAM: 16G
Nov  4 21:03:24 kashrinivaasan-Inspiron-1545 kernel: [    0.000000]  gran_size: 128K 	chunk_size: 2G 	num_reg: 7  	lose cover RAM: 29188M
Nov  4 21:03:24 kashrinivaasan-Inspiron-1545 kernel: [    0.000000]  gran_size: 256K 	chunk_size: 256K 	num_reg: 7  	lose cover RAM: 29188M
Nov  4 21:03:24 kashrinivaasan-Inspiron-1545 kernel: [    0.000000]  gran_size: 256K 	chunk_size: 512K 	num_reg: 7  	lose cover RAM: 29188M
Nov  4 21:03:24 kashrinivaasan-Inspiron-1545 kernel: [    0.000000]  gran_size: 256K 	chunk_size: 1M 	num_reg: 7  	lose cover RAM: 29188M
Nov  4 21:03:24 kashrinivaasan-Inspiron-1545 kernel: [    0.000000]  gran_size: 256K 	chunk_size: 2M 	num_reg: 7  	lose cover RAM: 29188M
Nov  4 21:03:24 kashrinivaasan-Inspiron-1545 kernel: [    0.000000]  gran_size: 256K 	chunk_size: 4M 	num_reg: 7  	lose cover RAM: 29188M
Nov  4 21:03:24 kashrinivaasan-Inspiron-1545 kernel: [    0.000000]  gran_size: 256K 	chunk_size: 8M 	num_reg: 7  	lose cover RAM: 29184M
Nov  4 21:03:24 kashrinivaasan-Inspiron-1545 kernel: [    0.000000]  gran_size: 256K 	chunk_size: 16M 	num_reg: 7  	lose cover RAM: 29184M
Nov  4 21:03:24 kashrinivaasan-Inspiron-1545 kernel: [    0.000000]  gran_size: 256K 	chunk_size: 32M 	num_reg: 7  	lose cover RAM: 29184M
Nov  4 21:03:24 kashrinivaasan-Inspiron-1545 kernel: [    0.000000]  gran_size: 256K 	chunk_size: 64M 	num_reg: 7  	lose cover RAM: 16G
Nov  4 21:03:24 kashrinivaasan-Inspiron-1545 kernel: [    0.000000]  gran_size: 256K 	chunk_size: 128M 	num_reg: 7  	lose cover RAM: 16G
Nov  4 21:03:24 kashrinivaasan-Inspiron-1545 kernel: [    0.000000]  gran_size: 256K 	chunk_size: 256M 	num_reg: 7  	lose cover RAM: 16G
Nov  4 21:03:24 kashrinivaasan-Inspiron-1545 kernel: [    0.000000]  gran_size: 256K 	chunk_size: 512M 	num_reg: 7  	lose cover RAM: 16G
Nov  4 21:03:24 kashrinivaasan-Inspiron-1545 kernel: [    0.000000]  gran_size: 256K 	chunk_size: 1G 	num_reg: 7  	lose cover RAM: 16G
Nov  4 21:03:24 kashrinivaasan-Inspiron-1545 kernel: [    0.000000]  gran_size: 256K 	chunk_size: 2G 	num_reg: 7  	lose cover RAM: 29188M
Nov  4 21:03:24 kashrinivaasan-Inspiron-1545 kernel: [    0.000000]  gran_size: 512K 	chunk_size: 512K 	num_reg: 7  	lose cover RAM: 29188M
Nov  4 21:03:24 kashrinivaasan-Inspiron-1545 kernel: [    0.000000]  gran_size: 512K 	chunk_size: 1M 	num_reg: 7  	lose cover RAM: 29188M
Nov  4 21:03:24 kashrinivaasan-Inspiron-1545 kernel: [    0.000000]  gran_size: 512K 	chunk_size: 2M 	num_reg: 7  	lose cover RAM: 29188M
Nov  4 21:03:24 kashrinivaasan-Inspiron-1545 kernel: [    0.000000]  gran_size: 512K 	chunk_size: 4M 	num_reg: 7  	lose cover RAM: 29188M
Nov  4 21:03:24 kashrinivaasan-Inspiron-1545 kernel: [    0.000000]  gran_size: 512K 	chunk_size: 8M 	num_reg: 7  	lose cover RAM: 29184M
Nov  4 21:03:24 kashrinivaasan-Inspiron-1545 kernel: [    0.000000]  gran_size: 512K 	chunk_size: 16M 	num_reg: 7  	lose cover RAM: 29184M
Nov  4 21:03:24 kashrinivaasan-Inspiron-1545 kernel: [    0.000000]  gran_size: 512K 	chunk_size: 32M 	num_reg: 7  	lose cover RAM: 29184M
Nov  4 21:03:24 kashrinivaasan-Inspiron-1545 kernel: [    0.000000]  gran_size: 512K 	chunk_size: 64M 	num_reg: 7  	lose cover RAM: 16G
Nov  4 21:03:24 kashrinivaasan-Inspiron-1545 kernel: [    0.000000]  gran_size: 512K 	chunk_size: 128M 	num_reg: 7  	lose cover RAM: 16G
Nov  4 21:03:24 kashrinivaasan-Inspiron-1545 kernel: [    0.000000]  gran_size: 512K 	chunk_size: 256M 	num_reg: 7  	lose cover RAM: 16G
Nov  4 21:03:24 kashrinivaasan-Inspiron-1545 kernel: [    0.000000]  gran_size: 512K 	chunk_size: 512M 	num_reg: 7  	lose cover RAM: 16G
Nov  4 21:03:24 kashrinivaasan-Inspiron-1545 kernel: [    0.000000]  gran_size: 512K 	chunk_size: 1G 	num_reg: 7  	lose cover RAM: 16G
Nov  4 21:03:24 kashrinivaasan-Inspiron-1545 kernel: [    0.000000]  gran_size: 512K 	chunk_size: 2G 	num_reg: 7  	lose cover RAM: 29188M
Nov  4 21:03:24 kashrinivaasan-Inspiron-1545 kernel: [    0.000000]  gran_size: 1M 	chunk_size: 1M 	num_reg: 7  	lose cover RAM: 29188M
Nov  4 21:03:24 kashrinivaasan-Inspiron-1545 kernel: [    0.000000]  gran_size: 1M 	chunk_size: 2M 	num_reg: 7  	lose cover RAM: 29188M
Nov  4 21:03:24 kashrinivaasan-Inspiron-1545 kernel: [    0.000000]  gran_size: 1M 	chunk_size: 4M 	num_reg: 7  	lose cover RAM: 29188M
Nov  4 21:03:24 kashrinivaasan-Inspiron-1545 kernel: [    0.000000]  gran_size: 1M 	chunk_size: 8M 	num_reg: 7  	lose cover RAM: 29184M
Nov  4 21:03:24 kashrinivaasan-Inspiron-1545 kernel: [    0.000000]  gran_size: 1M 	chunk_size: 16M 	num_reg: 7  	lose cover RAM: 29184M
Nov  4 21:03:24 kashrinivaasan-Inspiron-1545 kernel: [    0.000000]  gran_size: 1M 	chunk_size: 32M 	num_reg: 7  	lose cover RAM: 29184M
Nov  4 21:03:24 kashrinivaasan-Inspiron-1545 kernel: [    0.000000]  gran_size: 1M 	chunk_size: 64M 	num_reg: 7  	lose cover RAM: 16G
Nov  4 21:03:24 kashrinivaasan-Inspiron-1545 kernel: [    0.000000]  gran_size: 1M 	chunk_size: 128M 	num_reg: 7  	lose cover RAM: 16G
Nov  4 21:03:24 kashrinivaasan-Inspiron-1545 kernel: [    0.000000]  gran_size: 1M 	chunk_size: 256M 	num_reg: 7  	lose cover RAM: 16G
Nov  4 21:03:24 kashrinivaasan-Inspiron-1545 kernel: [    0.000000]  gran_size: 1M 	chunk_size: 512M 	num_reg: 7  	lose cover RAM: 16G
Nov  4 21:03:24 kashrinivaasan-Inspiron-1545 kernel: [    0.000000]  gran_size: 1M 	chunk_size: 1G 	num_reg: 7  	lose cover RAM: 16G
Nov  4 21:03:24 kashrinivaasan-Inspiron-1545 kernel: [    0.000000]  gran_size: 1M 	chunk_size: 2G 	num_reg: 7  	lose cover RAM: 29188M
Nov  4 21:03:24 kashrinivaasan-Inspiron-1545 kernel: [    0.000000]  gran_size: 2M 	chunk_size: 2M 	num_reg: 7  	lose cover RAM: 29188M
Nov  4 21:03:24 kashrinivaasan-Inspiron-1545 kernel: [    0.000000]  gran_size: 2M 	chunk_size: 4M 	num_reg: 7  	lose cover RAM: 29188M
Nov  4 21:03:24 kashrinivaasan-Inspiron-1545 kernel: [    0.000000]  gran_size: 2M 	chunk_size: 8M 	num_reg: 7  	lose cover RAM: 29184M
Nov  4 21:03:24 kashrinivaasan-Inspiron-1545 kernel: [    0.000000]  gran_size: 2M 	chunk_size: 16M 	num_reg: 7  	lose cover RAM: 29184M
Nov  4 21:03:24 kashrinivaasan-Inspiron-1545 kernel: [    0.000000]  gran_size: 2M 	chunk_size: 32M 	num_reg: 7  	lose cover RAM: 29184M
Nov  4 21:03:24 kashrinivaasan-Inspiron-1545 kernel: [    0.000000]  gran_size: 2M 	chunk_size: 64M 	num_reg: 7  	lose cover RAM: 16G
Nov  4 21:03:24 kashrinivaasan-Inspiron-1545 kernel: [    0.000000]  gran_size: 2M 	chunk_size: 128M 	num_reg: 7  	lose cover RAM: 16G
Nov  4 21:03:24 kashrinivaasan-Inspiron-1545 kernel: [    0.000000]  gran_size: 2M 	chunk_size: 256M 	num_reg: 7  	lose cover RAM: 16G
Nov  4 21:03:24 kashrinivaasan-Inspiron-1545 kernel: [    0.000000]  gran_size: 2M 	chunk_size: 512M 	num_reg: 7  	lose cover RAM: 16G
Nov  4 21:03:24 kashrinivaasan-Inspiron-1545 kernel: [    0.000000]  gran_size: 2M 	chunk_size: 1G 	num_reg: 7  	lose cover RAM: 16G
Nov  4 21:03:24 kashrinivaasan-Inspiron-1545 kernel: [    0.000000]  gran_size: 2M 	chunk_size: 2G 	num_reg: 7  	lose cover RAM: 29188M
Nov  4 21:03:24 kashrinivaasan-Inspiron-1545 kernel: [    0.000000]  gran_size: 4M 	chunk_size: 4M 	num_reg: 7  	lose cover RAM: 29188M
Nov  4 21:03:24 kashrinivaasan-Inspiron-1545 kernel: [    0.000000]  gran_size: 4M 	chunk_size: 8M 	num_reg: 7  	lose cover RAM: 29184M
Nov  4 21:03:24 kashrinivaasan-Inspiron-1545 kernel: [    0.000000]  gran_size: 4M 	chunk_size: 16M 	num_reg: 7  	lose cover RAM: 29184M
Nov  4 21:03:24 kashrinivaasan-Inspiron-1545 kernel: [    0.000000]  gran_size: 4M 	chunk_size: 32M 	num_reg: 7  	lose cover RAM: 29184M
Nov  4 21:03:24 kashrinivaasan-Inspiron-1545 kernel: [    0.000000]  gran_size: 4M 	chunk_size: 64M 	num_reg: 7  	lose cover RAM: 16G
Nov  4 21:03:24 kashrinivaasan-Inspiron-1545 kernel: [    0.000000]  gran_size: 4M 	chunk_size: 128M 	num_reg: 7  	lose cover RAM: 16G
Nov  4 21:03:24 kashrinivaasan-Inspiron-1545 kernel: [    0.000000]  gran_size: 4M 	chunk_size: 256M 	num_reg: 7  	lose cover RAM: 16G
Nov  4 21:03:24 kashrinivaasan-Inspiron-1545 kernel: [    0.000000]  gran_size: 4M 	chunk_size: 512M 	num_reg: 7  	lose cover RAM: 16G
Nov  4 21:03:24 kashrinivaasan-Inspiron-1545 kernel: [    0.000000]  gran_size: 4M 	chunk_size: 1G 	num_reg: 7  	lose cover RAM: 16G
Nov  4 21:03:24 kashrinivaasan-Inspiron-1545 kernel: [    0.000000]  gran_size: 4M 	chunk_size: 2G 	num_reg: 7  	lose cover RAM: 29188M
Nov  4 21:03:24 kashrinivaasan-Inspiron-1545 kernel: [    0.000000]  gran_size: 8M 	chunk_size: 8M 	num_reg: 7  	lose cover RAM: 29188M
Nov  4 21:03:24 kashrinivaasan-Inspiron-1545 kernel: [    0.000000]  gran_size: 8M 	chunk_size: 16M 	num_reg: 7  	lose cover RAM: 29188M
Nov  4 21:03:24 kashrinivaasan-Inspiron-1545 kernel: [    0.000000]  gran_size: 8M 	chunk_size: 32M 	num_reg: 7  	lose cover RAM: 29188M
Nov  4 21:03:24 kashrinivaasan-Inspiron-1545 kernel: [    0.000000]  gran_size: 8M 	chunk_size: 64M 	num_reg: 7  	lose cover RAM: 16388M
Nov  4 21:03:24 kashrinivaasan-Inspiron-1545 kernel: [    0.000000]  gran_size: 8M 	chunk_size: 128M 	num_reg: 7  	lose cover RAM: 16388M
Nov  4 21:03:24 kashrinivaasan-Inspiron-1545 kernel: [    0.000000]  gran_size: 8M 	chunk_size: 256M 	num_reg: 7  	lose cover RAM: 16388M
Nov  4 21:03:24 kashrinivaasan-Inspiron-1545 kernel: [    0.000000]  gran_size: 8M 	chunk_size: 512M 	num_reg: 7  	lose cover RAM: 16388M
Nov  4 21:03:24 kashrinivaasan-Inspiron-1545 kernel: [    0.000000]  gran_size: 8M 	chunk_size: 1G 	num_reg: 7  	lose cover RAM: 16388M
Nov  4 21:03:24 kashrinivaasan-Inspiron-1545 kernel: [    0.000000]  gran_size: 8M 	chunk_size: 2G 	num_reg: 7  	lose cover RAM: 29188M
Nov  4 21:03:24 kashrinivaasan-Inspiron-1545 kernel: [    0.000000]  gran_size: 16M 	chunk_size: 16M 	num_reg: 7  	lose cover RAM: 28684M
Nov  4 21:03:24 kashrinivaasan-Inspiron-1545 kernel: [    0.000000]  gran_size: 16M 	chunk_size: 32M 	num_reg: 7  	lose cover RAM: 29196M
Nov  4 21:03:24 kashrinivaasan-Inspiron-1545 kernel: [    0.000000]  gran_size: 16M 	chunk_size: 64M 	num_reg: 7  	lose cover RAM: 16396M
Nov  4 21:03:24 kashrinivaasan-Inspiron-1545 kernel: [    0.000000]  gran_size: 16M 	chunk_size: 128M 	num_reg: 7  	lose cover RAM: 16396M
Nov  4 21:03:24 kashrinivaasan-Inspiron-1545 kernel: [    0.000000]  gran_size: 16M 	chunk_size: 256M 	num_reg: 7  	lose cover RAM: 16396M
Nov  4 21:03:24 kashrinivaasan-Inspiron-1545 kernel: [    0.000000]  gran_size: 16M 	chunk_size: 512M 	num_reg: 7  	lose cover RAM: 16396M
