Nov  6 18:03:23 kashrinivaasan-Inspiron-1545 kernel: [    2.732366] fb0: inteldrmfb frame buffer device
Nov  6 18:03:23 kashrinivaasan-Inspiron-1545 kernel: [    2.732368] drm: registered panic notifier
Nov  6 18:03:23 kashrinivaasan-Inspiron-1545 kernel: [    2.746559] acpi device:3b: registered as cooling_device2
Nov  6 18:03:23 kashrinivaasan-Inspiron-1545 kernel: [    2.747177] ACPI: Video Device [VID1] (multi-head: yes  rom: no  post: no)
Nov  6 18:03:23 kashrinivaasan-Inspiron-1545 kernel: [    2.747234] input: Video Bus as /devices/LNXSYSTM:00/LNXSYBUS:00/PNP0A03:00/LNXVIDEO:01/input/input4
Nov  6 18:03:23 kashrinivaasan-Inspiron-1545 kernel: [    2.747301] [Firmware Bug]: Duplicate ACPI video bus devices for the same VGA controller, please try module parameter "video.allow_duplicates=1"if the current driver doesn't work.
Nov  6 18:03:23 kashrinivaasan-Inspiron-1545 kernel: [    2.747319] [drm] Initialized i915 1.6.0 20080730 for 0000:00:02.0 on minor 0
Nov  6 18:03:23 kashrinivaasan-Inspiron-1545 kernel: [    2.789145] usb 7-1: New USB device found, idVendor=12d1, idProduct=1505
Nov  6 18:03:23 kashrinivaasan-Inspiron-1545 kernel: [    2.789152] usb 7-1: New USB device strings: Mfr=1, Product=2, SerialNumber=4
Nov  6 18:03:23 kashrinivaasan-Inspiron-1545 kernel: [    2.789158] usb 7-1: Product: HUAWEI Mobile
Nov  6 18:03:23 kashrinivaasan-Inspiron-1545 kernel: [    2.789162] usb 7-1: Manufacturer: HUAÿWEI TECHNOLOGIES
Nov  6 18:03:23 kashrinivaasan-Inspiron-1545 kernel: [    2.789167] usb 7-1: SerialNumber: ÿÿÿÿÿÿÿÿÿÿÿÿÿÿÿÿÿÿÿ
Nov  6 18:03:23 kashrinivaasan-Inspiron-1545 kernel: [    2.793226] scsi6 : usb-storage 7-1:1.0
Nov  6 18:03:23 kashrinivaasan-Inspiron-1545 kernel: [    2.880195] usb 7-1: USB disconnect, device number 2
Nov  6 18:03:23 kashrinivaasan-Inspiron-1545 kernel: [    3.000115] ata6: SATA link down (SStatus 0 SControl 300)
Nov  6 18:03:23 kashrinivaasan-Inspiron-1545 kernel: [    3.011223] scsi7 : usb-storage 1-5:1.0
Nov  6 18:03:23 kashrinivaasan-Inspiron-1545 kernel: [    3.011324] usbcore: registered new interface driver ums-realtek
Nov  6 18:03:23 kashrinivaasan-Inspiron-1545 kernel: [    3.720768] Disabling lock debugging due to kernel taint
Nov  6 18:03:23 kashrinivaasan-Inspiron-1545 kernel: [    3.720907] virgo_cloud_test_kernelspace_init(): doing init() of virgo cloud kernel space test module
Nov  6 18:03:23 kashrinivaasan-Inspiron-1545 kernel: [    3.721014] virgo_cloudexec: no symbol version for node_ip_addrs_in_cloud
Nov  6 18:03:23 kashrinivaasan-Inspiron-1545 kernel: [    3.721016] virgo_cloudexec: Unknown symbol node_ip_addrs_in_cloud (err -22)
Nov  6 18:03:23 kashrinivaasan-Inspiron-1545 kernel: [    3.721019] virgo_cloudexec: no symbol version for num_cloud_nodes
Nov  6 18:03:23 kashrinivaasan-Inspiron-1545 kernel: [    3.721020] virgo_cloudexec: Unknown symbol num_cloud_nodes (err -22)
Nov  6 18:03:23 kashrinivaasan-Inspiron-1545 kernel: [    3.742135] EXT3-fs (sda5): recovery required on readonly filesystem
Nov  6 18:03:23 kashrinivaasan-Inspiron-1545 kernel: [    3.742141] EXT3-fs (sda5): write access will be enabled during recovery
Nov  6 18:03:23 kashrinivaasan-Inspiron-1545 kernel: [    4.010385] scsi 7:0:0:0: Direct-Access     Generic- Multi-Card       1.00 PQ: 0 ANSI: 0 CCS
Nov  6 18:03:23 kashrinivaasan-Inspiron-1545 kernel: [    4.011178] sd 7:0:0:0: Attached scsi generic sg2 type 0
Nov  6 18:03:23 kashrinivaasan-Inspiron-1545 kernel: [    4.015725] sd 7:0:0:0: [sdb] Attached SCSI removable disk
Nov  6 18:03:23 kashrinivaasan-Inspiron-1545 kernel: [    5.259074] kjournald starting.  Commit interval 5 seconds
Nov  6 18:03:23 kashrinivaasan-Inspiron-1545 kernel: [    5.259188] EXT3-fs (sda5): orphan cleanup on readonly fs
Nov  6 18:03:23 kashrinivaasan-Inspiron-1545 kernel: [    5.259195] ext3_orphan_cleanup: deleting unreferenced inode 4892196
Nov  6 18:03:23 kashrinivaasan-Inspiron-1545 kernel: [    5.259226] EXT3-fs (sda5): 1 orphan inode deleted
Nov  6 18:03:23 kashrinivaasan-Inspiron-1545 kernel: [    5.337120] EXT3-fs (sda5): recovery complete
Nov  6 18:03:23 kashrinivaasan-Inspiron-1545 kernel: [    5.337126] EXT3-fs (sda5): mounted filesystem with ordered data mode
Nov  6 18:03:23 kashrinivaasan-Inspiron-1545 kernel: [    6.416089] usb 7-1: new full-speed USB device number 3 using uhci_hcd
Nov  6 18:03:23 kashrinivaasan-Inspiron-1545 kernel: [    6.581100] usb 7-1: New USB device found, idVendor=12d1, idProduct=140b
Nov  6 18:03:23 kashrinivaasan-Inspiron-1545 kernel: [    6.581106] usb 7-1: New USB device strings: Mfr=1, Product=2, SerialNumber=4
Nov  6 18:03:23 kashrinivaasan-Inspiron-1545 kernel: [    6.581111] usb 7-1: Product: HUAWEI Mobile
Nov  6 18:03:23 kashrinivaasan-Inspiron-1545 kernel: [    6.581116] usb 7-1: Manufacturer: HUAÿWEI TECHNOLOGIES
Nov  6 18:03:23 kashrinivaasan-Inspiron-1545 kernel: [    6.581121] usb 7-1: SerialNumber: ÿÿÿÿÿÿÿÿÿÿÿÿÿÿÿÿÿÿÿ
Nov  6 18:03:23 kashrinivaasan-Inspiron-1545 kernel: [    6.590310] scsi8 : usb-storage 7-1:1.3
Nov  6 18:03:23 kashrinivaasan-Inspiron-1545 kernel: [    7.592131] scsi 8:0:0:0: CD-ROM            HUAWEI   Mass Storage     2.31 PQ: 0 ANSI: 0
Nov  6 18:03:23 kashrinivaasan-Inspiron-1545 kernel: [    7.595147] scsi 8:0:0:1: Direct-Access     HUAWEI   SD Storage       2.31 PQ: 0 ANSI: 2
Nov  6 18:03:23 kashrinivaasan-Inspiron-1545 kernel: [    7.615126] sr1: scsi-1 drive
Nov  6 18:03:23 kashrinivaasan-Inspiron-1545 kernel: [    7.615314] sr 8:0:0:0: Attached scsi CD-ROM sr1
Nov  6 18:03:23 kashrinivaasan-Inspiron-1545 kernel: [    7.615399] sr 8:0:0:0: Attached scsi generic sg3 type 5
Nov  6 18:03:23 kashrinivaasan-Inspiron-1545 kernel: [    7.615583] sd 8:0:0:1: Attached scsi generic sg4 type 0
Nov  6 18:03:23 kashrinivaasan-Inspiron-1545 kernel: [    7.632089] sd 8:0:0:1: [sdc] Attached SCSI removable disk
Nov  6 18:03:23 kashrinivaasan-Inspiron-1545 kernel: [   11.081868] lp: driver loaded but no devices found
Nov  6 18:03:23 kashrinivaasan-Inspiron-1545 kernel: [   11.097532] virgo_cloud_mempool_kernelspace_init(): doing init() of virgo cloud kernel space test module
Nov  6 18:03:23 kashrinivaasan-Inspiron-1545 kernel: [   11.097537] virgo_cloud_mempool_kernelspace_init(): test_str=ef098363, test_ul=4010378083
Nov  6 18:03:23 kashrinivaasan-Inspiron-1545 kernel: [   11.117346] virgocloudexec_mempool_init(): doing init() of virgocloudexec_mempool kernel module
Nov  6 18:03:23 kashrinivaasan-Inspiron-1545 kernel: [   11.117349] virgocloudexec_mempool_init(): starting virgo cloudexec service kernel thread
Nov  6 18:03:23 kashrinivaasan-Inspiron-1545 kernel: [   11.117351] virgocloudexec_mempool_init(): invoking read_virgo_config()
Nov  6 18:03:23 kashrinivaasan-Inspiron-1545 kernel: [   11.117370] virgo kernel service: read_virgo_config(): before reading virgo_cloud.conf - virgo_cloud ip address - 1: 127.0.0.1
Nov  6 18:03:23 kashrinivaasan-Inspiron-1545 kernel: [   11.117372] virgo kernel service: read_virgo_config(): before reading virgo_cloud.conf - virgo_cloud ip address - 2: 127.0.0.1
Nov  6 18:03:23 kashrinivaasan-Inspiron-1545 kernel: [   11.117374] read_virgo_config(): virgo_cloud config file being read 
Nov  6 18:03:23 kashrinivaasan-Inspiron-1545 kernel: [   11.231309] do_virgo_cloud_init(): virgo_cloud config file string of comma separated IPs : 127.0.0.1,127.0.0.1
Nov  6 18:03:23 kashrinivaasan-Inspiron-1545 kernel: [   11.231309]  
Nov  6 18:03:23 kashrinivaasan-Inspiron-1545 kernel: [   11.231316] tokenize_list_of_ip_addrs(): bufdup = 127.0.0.1,127.0.0.1
Nov  6 18:03:23 kashrinivaasan-Inspiron-1545 kernel: [   11.231316] 
Nov  6 18:03:23 kashrinivaasan-Inspiron-1545 kernel: [   11.231321] tokenize_list_of_ip_addrs(): 127.0.0.1
Nov  6 18:03:23 kashrinivaasan-Inspiron-1545 kernel: [   11.231324] tokenize_list_of_ip_addrs(): node_ip_addrs_in_cloud[0] = 127.0.0.1
Nov  6 18:03:23 kashrinivaasan-Inspiron-1545 kernel: [   11.231327] tokenize_list_of_ip_addrs(): 127.0.0.1
Nov  6 18:03:23 kashrinivaasan-Inspiron-1545 kernel: [   11.231327] 
Nov  6 18:03:23 kashrinivaasan-Inspiron-1545 kernel: [   11.231332] tokenize_list_of_ip_addrs(): node_ip_addrs_in_cloud[1] = 127.0.0.1
Nov  6 18:03:23 kashrinivaasan-Inspiron-1545 kernel: [   11.231332] 
Nov  6 18:03:23 kashrinivaasan-Inspiron-1545 kernel: [   11.231353] virgocloudexec_mempool_init(): sock_create() returns error code: 0
Nov  6 18:03:23 kashrinivaasan-Inspiron-1545 kernel: [   11.231360] virgocloudexec_mempool_init(): kernel_bind() returns error code: 0
Nov  6 18:03:23 kashrinivaasan-Inspiron-1545 kernel: [   11.231370] virgocloudexec_mempool_init(): kernel_listen() returns error code: 0
Nov  6 18:03:23 kashrinivaasan-Inspiron-1545 kernel: [   11.231373] virgo_cloudexec_mempool_service(): virgo_mempool_ops.virgo_create() 
Nov  6 18:03:23 kashrinivaasan-Inspiron-1545 kernel: [   12.356442] dcdbas dcdbas: Dell Systems Management Base Driver (version 5.6.0-3.2)
Nov  6 18:03:23 kashrinivaasan-Inspiron-1545 kernel: [   12.459486] microcode: CPU0 sig=0x1067a, pf=0x80, revision=0xa07
Nov  6 18:03:23 kashrinivaasan-Inspiron-1545 kernel: [   12.713525] gpio_ich: GPIO from 195 to 255 on gpio_ich
Nov  6 18:03:23 kashrinivaasan-Inspiron-1545 kernel: [   12.778095] input: Dell WMI hotkeys as /devices/virtual/input/input5
Nov  6 18:03:23 kashrinivaasan-Inspiron-1545 kernel: [   12.940686] microcode: CPU1 sig=0x1067a, pf=0x80, revision=0xa07
Nov  6 18:03:23 kashrinivaasan-Inspiron-1545 kernel: [   12.942680] microcode: Microcode Update Driver: v2.00 <tigran@aivazian.fsnet.co.uk>, Peter Oruba
Nov  6 18:03:23 kashrinivaasan-Inspiron-1545 kernel: [   13.034991] usbcore: registered new interface driver usbserial
Nov  6 18:03:23 kashrinivaasan-Inspiron-1545 kernel: [   13.035034] usbcore: registered new interface driver usbserial_generic
Nov  6 18:03:23 kashrinivaasan-Inspiron-1545 kernel: [   13.035071] usbserial: USB Serial support registered for generic
Nov  6 18:03:23 kashrinivaasan-Inspiron-1545 kernel: [   13.424735] usbcore: registered new interface driver option
Nov  6 18:03:23 kashrinivaasan-Inspiron-1545 kernel: [   13.425276] usbserial: USB Serial support registered for GSM modem (1-port)
Nov  6 18:03:23 kashrinivaasan-Inspiron-1545 kernel: [   13.425874] option 7-1:1.0: GSM modem (1-port) converter detected
Nov  6 18:03:23 kashrinivaasan-Inspiron-1545 kernel: [   13.426026] usb 7-1: GSM modem (1-port) converter now attached to ttyUSB0
Nov  6 18:03:23 kashrinivaasan-Inspiron-1545 kernel: [   13.426050] option 7-1:1.1: GSM modem (1-port) converter detected
Nov  6 18:03:23 kashrinivaasan-Inspiron-1545 kernel: [   13.426175] usb 7-1: GSM modem (1-port) converter now attached to ttyUSB1
Nov  6 18:03:23 kashrinivaasan-Inspiron-1545 kernel: [   13.426194] option 7-1:1.2: GSM modem (1-port) converter detected
Nov  6 18:03:23 kashrinivaasan-Inspiron-1545 kernel: [   13.426318] usb 7-1: GSM modem (1-port) converter now attached to ttyUSB2
Nov  6 18:03:23 kashrinivaasan-Inspiron-1545 kernel: [   13.488485] Linux video capture interface: v2.00
Nov  6 18:03:23 kashrinivaasan-Inspiron-1545 kernel: [   13.628818] input: PS/2 Mouse as /devices/platform/i8042/serio2/input/input6
Nov  6 18:03:23 kashrinivaasan-Inspiron-1545 kernel: [   13.655515] input: AlpsPS/2 ALPS GlidePoint as /devices/platform/i8042/serio2/input/input7
Nov  6 18:03:23 kashrinivaasan-Inspiron-1545 kernel: [   13.743986] snd_hda_intel 0000:00:1b.0: irq 47 for MSI/MSI-X
Nov  6 18:03:23 kashrinivaasan-Inspiron-1545 kernel: [   13.861535] input: HDA Intel Mic as /devices/pci0000:00/0000:00:1b.0/sound/card0/input8
Nov  6 18:03:23 kashrinivaasan-Inspiron-1545 kernel: [   13.861713] input: HDA Intel Headphone as /devices/pci0000:00/0000:00:1b.0/sound/card0/input9
Nov  6 18:03:23 kashrinivaasan-Inspiron-1545 kernel: [   13.904765] ip_tables: (C) 2000-2006 Netfilter Core Team
Nov  6 18:03:23 kashrinivaasan-Inspiron-1545 kernel: [   14.002642] nf_conntrack version 0.5.0 (16384 buckets, 65536 max)
Nov  6 18:03:23 kashrinivaasan-Inspiron-1545 kernel: [   14.174571] uvcvideo: Found UVC 1.00 device Integrated_Webcam_1.3M (0c45:63ee)
Nov  6 18:03:23 kashrinivaasan-Inspiron-1545 kernel: [   14.182747] input: Integrated_Webcam_1.3M as /devices/pci0000:00/0000:00:1a.7/usb1/1-6/1-6:1.0/input/input10
Nov  6 18:03:23 kashrinivaasan-Inspiron-1545 kernel: [   14.182936] usbcore: registered new interface driver uvcvideo
Nov  6 18:03:23 kashrinivaasan-Inspiron-1545 kernel: [   14.182939] USB Video Class driver (1.1.1)
Nov  6 18:03:23 kashrinivaasan-Inspiron-1545 kernel: [   14.956703] ip6_tables: (C) 2000-2006 Netfilter Core Team
Nov  6 18:03:23 kashrinivaasan-Inspiron-1545 kernel: [   15.611275] type=1400 audit(1383740325.749:2): apparmor="STATUS" operation="profile_load" name="/sbin/dhclient" pid=826 comm="apparmor_parser"
Nov  6 18:03:23 kashrinivaasan-Inspiron-1545 kernel: [   15.611286] type=1400 audit(1383740325.749:3): apparmor="STATUS" operation="profile_replace" name="/sbin/dhclient" pid=827 comm="apparmor_parser"
Nov  6 18:03:23 kashrinivaasan-Inspiron-1545 kernel: [   15.611793] type=1400 audit(1383740325.749:4): apparmor="STATUS" operation="profile_load" name="/usr/lib/NetworkManager/nm-dhcp-client.action" pid=827 comm="apparmor_parser"
Nov  6 18:03:23 kashrinivaasan-Inspiron-1545 kernel: [   15.611802] type=1400 audit(1383740325.749:5): apparmor="STATUS" operation="profile_replace" name="/usr/lib/NetworkManager/nm-dhcp-client.action" pid=826 comm="apparmor_parser"
Nov  6 18:03:23 kashrinivaasan-Inspiron-1545 kernel: [   15.612116] type=1400 audit(1383740325.753:6): apparmor="STATUS" operation="profile_load" name="/usr/lib/connman/scripts/dhclient-script" pid=826 comm="apparmor_parser"
Nov  6 18:03:23 kashrinivaasan-Inspiron-1545 kernel: [   15.612129] type=1400 audit(1383740325.753:7): apparmor="STATUS" operation="profile_replace" name="/usr/lib/connman/scripts/dhclient-script" pid=827 comm="apparmor_parser"
Nov  6 18:03:23 kashrinivaasan-Inspiron-1545 kernel: [   29.908718] bio: create slab <bio-1> at 1
Nov  6 18:03:23 kashrinivaasan-Inspiron-1545 kernel: [   31.735938] Adding 4490132k swap on /dev/mapper/cryptswap1.  Priority:-1 extents:1 across:4490132k 
Nov  6 18:03:23 kashrinivaasan-Inspiron-1545 kernel: [   54.292875] sd 7:0:0:0: [sdb] Test WP failed, assume Write Enabled
Nov  6 18:03:23 kashrinivaasan-Inspiron-1545 kernel: [   54.294997] sd 7:0:0:0: [sdb] Asking for cache data failed
Nov  6 18:03:23 kashrinivaasan-Inspiron-1545 kernel: [   54.295005] sd 7:0:0:0: [sdb] Assuming drive cache: write through
Nov  6 18:03:23 kashrinivaasan-Inspiron-1545 kernel: [  106.004647] sd 7:0:0:0: [sdb] Test WP failed, assume Write Enabled
Nov  6 18:03:23 kashrinivaasan-Inspiron-1545 kernel: [  106.006770] sd 7:0:0:0: [sdb] Asking for cache data failed
Nov  6 18:03:23 kashrinivaasan-Inspiron-1545 kernel: [  106.006777] sd 7:0:0:0: [sdb] Assuming drive cache: write through
Nov  6 18:03:23 kashrinivaasan-Inspiron-1545 kernel: [  157.716645] sd 7:0:0:0: [sdb] Test WP failed, assume Write Enabled
Nov  6 18:03:23 kashrinivaasan-Inspiron-1545 kernel: [  157.718893] sd 7:0:0:0: [sdb] Asking for cache data failed
Nov  6 18:03:23 kashrinivaasan-Inspiron-1545 kernel: [  157.718900] sd 7:0:0:0: [sdb] Assuming drive cache: write through
Nov  6 18:03:23 kashrinivaasan-Inspiron-1545 kernel: [  209.428768] sd 7:0:0:0: [sdb] Test WP failed, assume Write Enabled
Nov  6 18:03:23 kashrinivaasan-Inspiron-1545 kernel: [  209.430902] sd 7:0:0:0: [sdb] Asking for cache data failed
Nov  6 18:03:23 kashrinivaasan-Inspiron-1545 kernel: [  209.430910] sd 7:0:0:0: [sdb] Assuming drive cache: write through
Nov  6 18:03:23 kashrinivaasan-Inspiron-1545 kernel: [  261.140801] sd 7:0:0:0: [sdb] Test WP failed, assume Write Enabled
Nov  6 18:03:23 kashrinivaasan-Inspiron-1545 kernel: [  261.142923] sd 7:0:0:0: [sdb] Asking for cache data failed
Nov  6 18:03:23 kashrinivaasan-Inspiron-1545 kernel: [  261.142930] sd 7:0:0:0: [sdb] Assuming drive cache: write through
Nov  6 18:03:23 kashrinivaasan-Inspiron-1545 kernel: [  312.852802] sd 7:0:0:0: [sdb] Test WP failed, assume Write Enabled
Nov  6 18:03:23 kashrinivaasan-Inspiron-1545 kernel: [  312.854933] sd 7:0:0:0: [sdb] Asking for cache data failed
Nov  6 18:03:23 kashrinivaasan-Inspiron-1545 kernel: [  312.854941] sd 7:0:0:0: [sdb] Assuming drive cache: write through
Nov  6 18:03:23 kashrinivaasan-Inspiron-1545 kernel: [  364.564688] sd 7:0:0:0: [sdb] Test WP failed, assume Write Enabled
Nov  6 18:03:23 kashrinivaasan-Inspiron-1545 kernel: [  364.566807] sd 7:0:0:0: [sdb] Asking for cache data failed
Nov  6 18:03:23 kashrinivaasan-Inspiron-1545 kernel: [  364.566814] sd 7:0:0:0: [sdb] Assuming drive cache: write through
Nov  6 18:03:23 kashrinivaasan-Inspiron-1545 kernel: [  416.276824] sd 7:0:0:0: [sdb] Test WP failed, assume Write Enabled
Nov  6 18:03:23 kashrinivaasan-Inspiron-1545 kernel: [  416.279071] sd 7:0:0:0: [sdb] Asking for cache data failed
Nov  6 18:03:23 kashrinivaasan-Inspiron-1545 kernel: [  416.279079] sd 7:0:0:0: [sdb] Assuming drive cache: write through
Nov  6 18:03:23 kashrinivaasan-Inspiron-1545 kernel: [  467.988720] sd 7:0:0:0: [sdb] Test WP failed, assume Write Enabled
Nov  6 18:03:23 kashrinivaasan-Inspiron-1545 kernel: [  467.990826] sd 7:0:0:0: [sdb] Asking for cache data failed
Nov  6 18:03:23 kashrinivaasan-Inspiron-1545 kernel: [  467.990832] sd 7:0:0:0: [sdb] Assuming drive cache: write through
Nov  6 18:03:23 kashrinivaasan-Inspiron-1545 kernel: [  519.700726] sd 7:0:0:0: [sdb] Test WP failed, assume Write Enabled
Nov  6 18:03:23 kashrinivaasan-Inspiron-1545 kernel: [  519.702840] sd 7:0:0:0: [sdb] Asking for cache data failed
Nov  6 18:03:23 kashrinivaasan-Inspiron-1545 kernel: [  519.702848] sd 7:0:0:0: [sdb] Assuming drive cache: write through
Nov  6 18:03:23 kashrinivaasan-Inspiron-1545 kernel: [  571.412740] sd 7:0:0:0: [sdb] Test WP failed, assume Write Enabled
Nov  6 18:03:23 kashrinivaasan-Inspiron-1545 kernel: [  571.414850] sd 7:0:0:0: [sdb] Asking for cache data failed
Nov  6 18:03:23 kashrinivaasan-Inspiron-1545 kernel: [  571.414858] sd 7:0:0:0: [sdb] Assuming drive cache: write through
Nov  6 18:03:23 kashrinivaasan-Inspiron-1545 kernel: [  623.124735] sd 7:0:0:0: [sdb] Test WP failed, assume Write Enabled
Nov  6 18:03:23 kashrinivaasan-Inspiron-1545 kernel: [  623.126859] sd 7:0:0:0: [sdb] Asking for cache data failed
Nov  6 18:03:23 kashrinivaasan-Inspiron-1545 kernel: [  623.126867] sd 7:0:0:0: [sdb] Assuming drive cache: write through
Nov  6 18:03:23 kashrinivaasan-Inspiron-1545 kernel: [  674.836624] sd 7:0:0:0: [sdb] Test WP failed, assume Write Enabled
Nov  6 18:03:23 kashrinivaasan-Inspiron-1545 kernel: [  674.838743] sd 7:0:0:0: [sdb] Asking for cache data failed
Nov  6 18:03:23 kashrinivaasan-Inspiron-1545 kernel: [  674.838751] sd 7:0:0:0: [sdb] Assuming drive cache: write through
Nov  6 18:03:23 kashrinivaasan-Inspiron-1545 kernel: [  726.548760] sd 7:0:0:0: [sdb] Test WP failed, assume Write Enabled
Nov  6 18:03:23 kashrinivaasan-Inspiron-1545 kernel: [  726.550879] sd 7:0:0:0: [sdb] Asking for cache data failed
Nov  6 18:03:23 kashrinivaasan-Inspiron-1545 kernel: [  726.550885] sd 7:0:0:0: [sdb] Assuming drive cache: write through
Nov  6 18:03:23 kashrinivaasan-Inspiron-1545 kernel: [  778.260647] sd 7:0:0:0: [sdb] Test WP failed, assume Write Enabled
Nov  6 18:03:23 kashrinivaasan-Inspiron-1545 kernel: [  778.262775] sd 7:0:0:0: [sdb] Asking for cache data failed
Nov  6 18:03:23 kashrinivaasan-Inspiron-1545 kernel: [  778.262782] sd 7:0:0:0: [sdb] Assuming drive cache: write through
Nov  6 18:03:23 kashrinivaasan-Inspiron-1545 kernel: [  829.972786] sd 7:0:0:0: [sdb] Test WP failed, assume Write Enabled
Nov  6 18:03:23 kashrinivaasan-Inspiron-1545 kernel: [  829.974908] sd 7:0:0:0: [sdb] Asking for cache data failed
Nov  6 18:03:23 kashrinivaasan-Inspiron-1545 kernel: [  829.974916] sd 7:0:0:0: [sdb] Assuming drive cache: write through
Nov  6 18:03:23 kashrinivaasan-Inspiron-1545 kernel: [  881.684637] sd 7:0:0:0: [sdb] Test WP failed, assume Write Enabled
Nov  6 18:03:23 kashrinivaasan-Inspiron-1545 kernel: [  881.686759] sd 7:0:0:0: [sdb] Asking for cache data failed
Nov  6 18:03:23 kashrinivaasan-Inspiron-1545 kernel: [  881.686764] sd 7:0:0:0: [sdb] Assuming drive cache: write through
Nov  6 18:03:23 kashrinivaasan-Inspiron-1545 kernel: [  891.311580] EXT3-fs (sda5): using internal journal
Nov  6 18:03:23 kashrinivaasan-Inspiron-1545 kernel: [  891.564265] RPC: Registered named UNIX socket transport module.
Nov  6 18:03:23 kashrinivaasan-Inspiron-1545 kernel: [  891.564271] RPC: Registered udp transport module.
Nov  6 18:03:23 kashrinivaasan-Inspiron-1545 kernel: [  891.564272] RPC: Registered tcp transport module.
Nov  6 18:03:23 kashrinivaasan-Inspiron-1545 kernel: [  891.564274] RPC: Registered tcp NFSv4.1 backchannel transport module.
Nov  6 18:03:23 kashrinivaasan-Inspiron-1545 kernel: [  892.205131] FS-Cache: Loaded
Nov  6 18:03:23 kashrinivaasan-Inspiron-1545 kernel: [  892.385275] FS-Cache: Netfs 'nfs' registered for caching
Nov  6 18:03:23 kashrinivaasan-Inspiron-1545 kernel: [  892.458199] type=1400 audit(1383741202.598:8): apparmor="STATUS" operation="profile_replace" name="/sbin/dhclient" pid=1313 comm="apparmor_parser"
Nov  6 18:03:23 kashrinivaasan-Inspiron-1545 kernel: [  892.458733] type=1400 audit(1383741202.598:9): apparmor="STATUS" operation="profile_replace" name="/usr/lib/NetworkManager/nm-dhcp-client.action" pid=1313 comm="apparmor_parser"
Nov  6 18:03:23 kashrinivaasan-Inspiron-1545 kernel: [  892.459023] type=1400 audit(1383741202.598:10): apparmor="STATUS" operation="profile_replace" name="/usr/lib/connman/scripts/dhclient-script" pid=1313 comm="apparmor_parser"
Nov  6 18:03:23 kashrinivaasan-Inspiron-1545 kernel: [  892.485681] type=1400 audit(1383741202.630:11): apparmor="STATUS" operation="profile_load" name="/usr/lib/lightdm/lightdm/lightdm-guest-session-wrapper" pid=1312 comm="apparmor_parser"
Nov  6 18:03:23 kashrinivaasan-Inspiron-1545 kernel: [  892.512774] type=1400 audit(1383741202.654:12): apparmor="STATUS" operation="profile_load" name="/usr/lib/telepathy/mission-control-5" pid=1316 comm="apparmor_parser"
Nov  6 18:03:23 kashrinivaasan-Inspiron-1545 kernel: [  892.513388] type=1400 audit(1383741202.654:13): apparmor="STATUS" operation="profile_load" name="/usr/lib/telepathy/telepathy-*" pid=1316 comm="apparmor_parser"
Nov  6 18:03:23 kashrinivaasan-Inspiron-1545 kernel: [  892.520308] type=1400 audit(1383741202.662:14): apparmor="STATUS" operation="profile_load" name="/usr/lib/cups/backend/cups-pdf" pid=1317 comm="apparmor_parser"
Nov  6 18:03:23 kashrinivaasan-Inspiron-1545 kernel: [  892.520946] type=1400 audit(1383741202.662:15): apparmor="STATUS" operation="profile_load" name="/usr/sbin/cupsd" pid=1317 comm="apparmor_parser"
Nov  6 18:03:23 kashrinivaasan-Inspiron-1545 kernel: [  892.526600] type=1400 audit(1383741202.666:16): apparmor="STATUS" operation="profile_load" name="/usr/sbin/tcpdump" pid=1319 comm="apparmor_parser"
Nov  6 18:03:23 kashrinivaasan-Inspiron-1545 kernel: [  892.552062] type=1400 audit(1383741202.694:17): apparmor="STATUS" operation="profile_load" name="/usr/bin/evince" pid=1314 comm="apparmor_parser"
Nov  6 18:03:23 kashrinivaasan-Inspiron-1545 kernel: [  892.714111] Installing knfsd (copyright (C) 1996 okir@monad.swb.de).
Nov  6 18:03:23 kashrinivaasan-Inspiron-1545 kernel: [  893.627443] ppdev: user-space parallel port driver
Nov  6 18:03:24 kashrinivaasan-Inspiron-1545 kernel: [  894.768706] Bluetooth: Core ver 2.16
Nov  6 18:03:24 kashrinivaasan-Inspiron-1545 kernel: [  894.768728] NET: Registered protocol family 31
Nov  6 18:03:24 kashrinivaasan-Inspiron-1545 kernel: [  894.768730] Bluetooth: HCI device and connection manager initialized
Nov  6 18:03:24 kashrinivaasan-Inspiron-1545 kernel: [  894.768741] Bluetooth: HCI socket layer initialized
Nov  6 18:03:24 kashrinivaasan-Inspiron-1545 kernel: [  894.768745] Bluetooth: L2CAP socket layer initialized
Nov  6 18:03:24 kashrinivaasan-Inspiron-1545 kernel: [  894.768753] Bluetooth: SCO socket layer initialized
Nov  6 18:03:24 kashrinivaasan-Inspiron-1545 kernel: [  894.779498] Bluetooth: RFCOMM TTY layer initialized
Nov  6 18:03:24 kashrinivaasan-Inspiron-1545 kernel: [  894.779513] Bluetooth: RFCOMM socket layer initialized
Nov  6 18:03:24 kashrinivaasan-Inspiron-1545 kernel: [  894.779516] Bluetooth: RFCOMM ver 1.11
Nov  6 18:03:25 kashrinivaasan-Inspiron-1545 kernel: [  895.087621] Bluetooth: BNEP (Ethernet Emulation) ver 1.3
Nov  6 18:03:25 kashrinivaasan-Inspiron-1545 kernel: [  895.087626] Bluetooth: BNEP filters: protocol multicast
Nov  6 18:03:25 kashrinivaasan-Inspiron-1545 kernel: [  895.087637] Bluetooth: BNEP socket layer initialized
Nov  6 18:03:25 kashrinivaasan-Inspiron-1545 kernel: [  895.166981] NFSD: Using /var/lib/nfs/v4recovery as the NFSv4 state recovery directory
Nov  6 18:03:25 kashrinivaasan-Inspiron-1545 kernel: [  895.233663] NFSD: starting 90-second grace period
Nov  6 18:03:28 kashrinivaasan-Inspiron-1545 kernel: [  898.656533] sky2 0000:09:00.0 eth0: enabling interface
Nov  6 18:03:28 kashrinivaasan-Inspiron-1545 kernel: [  898.656631] IPv6: ADDRCONF(NETDEV_UP): eth0: link is not ready
Nov  6 18:04:03 kashrinivaasan-Inspiron-1545 kernel: [  933.396809] sd 7:0:0:0: [sdb] Test WP failed, assume Write Enabled
Nov  6 18:04:03 kashrinivaasan-Inspiron-1545 kernel: [  933.398926] sd 7:0:0:0: [sdb] Asking for cache data failed
Nov  6 18:04:03 kashrinivaasan-Inspiron-1545 kernel: [  933.398933] sd 7:0:0:0: [sdb] Assuming drive cache: write through
Nov  6 18:04:55 kashrinivaasan-Inspiron-1545 kernel: [  985.113423] sd 7:0:0:0: [sdb] Test WP failed, assume Write Enabled
Nov  6 18:04:55 kashrinivaasan-Inspiron-1545 kernel: [  985.115784] sd 7:0:0:0: [sdb] Asking for cache data failed
Nov  6 18:04:55 kashrinivaasan-Inspiron-1545 kernel: [  985.115794] sd 7:0:0:0: [sdb] Assuming drive cache: write through
Nov  6 18:05:46 kashrinivaasan-Inspiron-1545 kernel: [ 1036.825312] sd 7:0:0:0: [sdb] Test WP failed, assume Write Enabled
Nov  6 18:05:46 kashrinivaasan-Inspiron-1545 kernel: [ 1036.827722] sd 7:0:0:0: [sdb] Asking for cache data failed
Nov  6 18:05:46 kashrinivaasan-Inspiron-1545 kernel: [ 1036.827732] sd 7:0:0:0: [sdb] Assuming drive cache: write through
Nov  6 18:06:38 kashrinivaasan-Inspiron-1545 kernel: [ 1088.537435] sd 7:0:0:0: [sdb] Test WP failed, assume Write Enabled
Nov  6 18:06:38 kashrinivaasan-Inspiron-1545 kernel: [ 1088.539802] sd 7:0:0:0: [sdb] Asking for cache data failed
Nov  6 18:06:38 kashrinivaasan-Inspiron-1545 kernel: [ 1088.539811] sd 7:0:0:0: [sdb] Assuming drive cache: write through
Nov  6 18:07:30 kashrinivaasan-Inspiron-1545 kernel: [ 1140.249452] sd 7:0:0:0: [sdb] Test WP failed, assume Write Enabled
Nov  6 18:07:30 kashrinivaasan-Inspiron-1545 kernel: [ 1140.251743] sd 7:0:0:0: [sdb] Asking for cache data failed
Nov  6 18:07:30 kashrinivaasan-Inspiron-1545 kernel: [ 1140.251752] sd 7:0:0:0: [sdb] Assuming drive cache: write through
Nov  6 18:08:22 kashrinivaasan-Inspiron-1545 kernel: [ 1191.961340] sd 7:0:0:0: [sdb] Test WP failed, assume Write Enabled
Nov  6 18:08:22 kashrinivaasan-Inspiron-1545 kernel: [ 1191.963712] sd 7:0:0:0: [sdb] Asking for cache data failed
Nov  6 18:08:22 kashrinivaasan-Inspiron-1545 kernel: [ 1191.963720] sd 7:0:0:0: [sdb] Assuming drive cache: write through
Nov  6 18:09:13 kashrinivaasan-Inspiron-1545 kernel: [ 1243.673472] sd 7:0:0:0: [sdb] Test WP failed, assume Write Enabled
Nov  6 18:09:13 kashrinivaasan-Inspiron-1545 kernel: [ 1243.675969] sd 7:0:0:0: [sdb] Asking for cache data failed
Nov  6 18:09:13 kashrinivaasan-Inspiron-1545 kernel: [ 1243.675978] sd 7:0:0:0: [sdb] Assuming drive cache: write through
Nov  6 18:10:05 kashrinivaasan-Inspiron-1545 kernel: [ 1295.385483] sd 7:0:0:0: [sdb] Test WP failed, assume Write Enabled
Nov  6 18:10:05 kashrinivaasan-Inspiron-1545 kernel: [ 1295.387767] sd 7:0:0:0: [sdb] Asking for cache data failed
Nov  6 18:10:05 kashrinivaasan-Inspiron-1545 kernel: [ 1295.387776] sd 7:0:0:0: [sdb] Assuming drive cache: write through
Nov  6 18:10:57 kashrinivaasan-Inspiron-1545 kernel: [ 1347.097492] sd 7:0:0:0: [sdb] Test WP failed, assume Write Enabled
Nov  6 18:10:57 kashrinivaasan-Inspiron-1545 kernel: [ 1347.099778] sd 7:0:0:0: [sdb] Asking for cache data failed
Nov  6 18:10:57 kashrinivaasan-Inspiron-1545 kernel: [ 1347.099786] sd 7:0:0:0: [sdb] Assuming drive cache: write through
Nov  6 18:11:48 kashrinivaasan-Inspiron-1545 kernel: [ 1398.809378] sd 7:0:0:0: [sdb] Test WP failed, assume Write Enabled
Nov  6 18:11:48 kashrinivaasan-Inspiron-1545 kernel: [ 1398.811733] sd 7:0:0:0: [sdb] Asking for cache data failed
Nov  6 18:11:48 kashrinivaasan-Inspiron-1545 kernel: [ 1398.811741] sd 7:0:0:0: [sdb] Assuming drive cache: write through
Nov  6 18:12:40 kashrinivaasan-Inspiron-1545 kernel: [ 1450.521390] sd 7:0:0:0: [sdb] Test WP failed, assume Write Enabled
Nov  6 18:12:40 kashrinivaasan-Inspiron-1545 kernel: [ 1450.523883] sd 7:0:0:0: [sdb] Asking for cache data failed
Nov  6 18:12:40 kashrinivaasan-Inspiron-1545 kernel: [ 1450.523891] sd 7:0:0:0: [sdb] Assuming drive cache: write through
Nov  6 18:13:32 kashrinivaasan-Inspiron-1545 kernel: [ 1502.233525] sd 7:0:0:0: [sdb] Test WP failed, assume Write Enabled
Nov  6 18:13:32 kashrinivaasan-Inspiron-1545 kernel: [ 1502.235813] sd 7:0:0:0: [sdb] Asking for cache data failed
Nov  6 18:13:32 kashrinivaasan-Inspiron-1545 kernel: [ 1502.235822] sd 7:0:0:0: [sdb] Assuming drive cache: write through
Nov  6 18:14:24 kashrinivaasan-Inspiron-1545 kernel: [ 1553.945404] sd 7:0:0:0: [sdb] Test WP failed, assume Write Enabled
Nov  6 18:14:24 kashrinivaasan-Inspiron-1545 kernel: [ 1553.947760] sd 7:0:0:0: [sdb] Asking for cache data failed
Nov  6 18:14:24 kashrinivaasan-Inspiron-1545 kernel: [ 1553.947768] sd 7:0:0:0: [sdb] Assuming drive cache: write through
Nov  6 18:15:15 kashrinivaasan-Inspiron-1545 kernel: [ 1605.657415] sd 7:0:0:0: [sdb] Test WP failed, assume Write Enabled
Nov  6 18:15:15 kashrinivaasan-Inspiron-1545 kernel: [ 1605.659770] sd 7:0:0:0: [sdb] Asking for cache data failed
Nov  6 18:15:15 kashrinivaasan-Inspiron-1545 kernel: [ 1605.659779] sd 7:0:0:0: [sdb] Assuming drive cache: write through
Nov  6 18:16:07 kashrinivaasan-Inspiron-1545 kernel: [ 1657.369300] sd 7:0:0:0: [sdb] Test WP failed, assume Write Enabled
Nov  6 18:16:07 kashrinivaasan-Inspiron-1545 kernel: [ 1657.371797] sd 7:0:0:0: [sdb] Asking for cache data failed
Nov  6 18:16:07 kashrinivaasan-Inspiron-1545 kernel: [ 1657.371805] sd 7:0:0:0: [sdb] Assuming drive cache: write through
Nov  6 18:16:59 kashrinivaasan-Inspiron-1545 kernel: [ 1709.081310] sd 7:0:0:0: [sdb] Test WP failed, assume Write Enabled
Nov  6 18:16:59 kashrinivaasan-Inspiron-1545 kernel: [ 1709.083669] sd 7:0:0:0: [sdb] Asking for cache data failed
Nov  6 18:16:59 kashrinivaasan-Inspiron-1545 kernel: [ 1709.083677] sd 7:0:0:0: [sdb] Assuming drive cache: write through
Nov  6 18:17:50 kashrinivaasan-Inspiron-1545 kernel: [ 1760.793318] sd 7:0:0:0: [sdb] Test WP failed, assume Write Enabled
Nov  6 18:17:50 kashrinivaasan-Inspiron-1545 kernel: [ 1760.795681] sd 7:0:0:0: [sdb] Asking for cache data failed
Nov  6 18:17:50 kashrinivaasan-Inspiron-1545 kernel: [ 1760.795689] sd 7:0:0:0: [sdb] Assuming drive cache: write through
Nov  6 18:18:42 kashrinivaasan-Inspiron-1545 kernel: [ 1812.505458] sd 7:0:0:0: [sdb] Test WP failed, assume Write Enabled
Nov  6 18:18:42 kashrinivaasan-Inspiron-1545 kernel: [ 1812.507752] sd 7:0:0:0: [sdb] Asking for cache data failed
Nov  6 18:18:42 kashrinivaasan-Inspiron-1545 kernel: [ 1812.507760] sd 7:0:0:0: [sdb] Assuming drive cache: write through
Nov  6 18:19:34 kashrinivaasan-Inspiron-1545 kernel: [ 1864.217339] sd 7:0:0:0: [sdb] Test WP failed, assume Write Enabled
Nov  6 18:19:34 kashrinivaasan-Inspiron-1545 kernel: [ 1864.219699] sd 7:0:0:0: [sdb] Asking for cache data failed
Nov  6 18:19:34 kashrinivaasan-Inspiron-1545 kernel: [ 1864.219708] sd 7:0:0:0: [sdb] Assuming drive cache: write through
Nov  6 18:20:26 kashrinivaasan-Inspiron-1545 kernel: [ 1915.929476] sd 7:0:0:0: [sdb] Test WP failed, assume Write Enabled
Nov  6 18:20:26 kashrinivaasan-Inspiron-1545 kernel: [ 1915.931765] sd 7:0:0:0: [sdb] Asking for cache data failed
Nov  6 18:20:26 kashrinivaasan-Inspiron-1545 kernel: [ 1915.931773] sd 7:0:0:0: [sdb] Assuming drive cache: write through
Nov  6 18:21:17 kashrinivaasan-Inspiron-1545 kernel: [ 1967.160620] sd 7:0:0:0: [sdb] Test WP failed, assume Write Enabled
Nov  6 18:21:17 kashrinivaasan-Inspiron-1545 kernel: [ 1967.162863] sd 7:0:0:0: [sdb] Asking for cache data failed
Nov  6 18:21:17 kashrinivaasan-Inspiron-1545 kernel: [ 1967.162871] sd 7:0:0:0: [sdb] Assuming drive cache: write through
Nov  6 18:21:46 kashrinivaasan-Inspiron-1545 kernel: [ 1996.028580] virgo_cloudexec_mempool_service(): virgo mempool client thread per request 
Nov  6 18:21:46 kashrinivaasan-Inspiron-1545 kernel: [ 1996.028633] virgo_cloudexec_mempool_service(): virgo_mempool_ops.virgo_create() 
Nov  6 18:21:46 kashrinivaasan-Inspiron-1545 kernel: [ 1996.028639] virgo_mempool_client_thread(): virgo_mempool_ops.virgo_mempool_recvfrom()
Nov  6 18:21:46 kashrinivaasan-Inspiron-1545 kernel: [ 1996.028641] virgocloudexec_mempool_recvfrom(): before kernel_recvmsg()
Nov  6 18:21:55 kashrinivaasan-Inspiron-1545 kernel: [ 2005.675787] virgocloudexec_mempool_recvfrom(): kernel_recvmsg() returns len: 26
Nov  6 18:21:55 kashrinivaasan-Inspiron-1545 kernel: [ 2005.675792] strip_control_M(): str=virgo_cloud_malloc(1000)
Nov  6 18:21:55 kashrinivaasan-Inspiron-1545 kernel: [ 2005.675792]  before strsep
Nov  6 18:21:55 kashrinivaasan-Inspiron-1545 kernel: [ 2005.675796] strip_control_M(): newstr=virgo_cloud_malloc(1000) after carriage return newline strsep
Nov  6 18:21:55 kashrinivaasan-Inspiron-1545 kernel: [ 2005.675798] virgocloudexec_mempool_recvfrom(): kernel_recvmsg() returns in recv: iov.iov_base=, buffer: virgo_cloud_malloc(1000)
Nov  6 18:21:55 kashrinivaasan-Inspiron-1545 kernel: [ 2005.675798] 
Nov  6 18:21:55 kashrinivaasan-Inspiron-1545 kernel: [ 2005.675801] virgo_cloudexec_mempool: print_buffer(): 
Nov  6 18:21:55 kashrinivaasan-Inspiron-1545 kernel: [ 2005.675802] vi
Nov  6 18:21:55 kashrinivaasan-Inspiron-1545 kernel: [ 2005.675805] rg
Nov  6 18:21:55 kashrinivaasan-Inspiron-1545 kernel: [ 2005.675807] o_
Nov  6 18:21:55 kashrinivaasan-Inspiron-1545 kernel: [ 2005.675810] cl
Nov  6 18:21:55 kashrinivaasan-Inspiron-1545 kernel: [ 2005.675812] ou
Nov  6 18:21:55 kashrinivaasan-Inspiron-1545 kernel: [ 2005.675814] d_
Nov  6 18:21:55 kashrinivaasan-Inspiron-1545 kernel: [ 2005.675816] ma
Nov  6 18:21:55 kashrinivaasan-Inspiron-1545 kernel: [ 2005.675819] ll
Nov  6 18:21:55 kashrinivaasan-Inspiron-1545 kernel: [ 2005.675821] oc
Nov  6 18:21:55 kashrinivaasan-Inspiron-1545 kernel: [ 2005.675823] (1
Nov  6 18:21:55 kashrinivaasan-Inspiron-1545 kernel: [ 2005.675826] 00
Nov  6 18:21:55 kashrinivaasan-Inspiron-1545 kernel: [ 2005.675828] 0)
Nov  6 18:21:55 kashrinivaasan-Inspiron-1545 kernel: [ 2005.675830] <6>[ 2005.675832] 
Nov  6 18:21:55 kashrinivaasan-Inspiron-1545 kernel: [ 2005.675833] 
Nov  6 18:21:55 kashrinivaasan-Inspiron-1545 kernel: [ 2005.675835] 
Nov  6 18:21:55 kashrinivaasan-Inspiron-1545 kernel: [ 2005.675837] 
Nov  6 18:21:55 kashrinivaasan-Inspiron-1545 kernel: [ 2005.675839] 
Nov  6 18:21:55 kashrinivaasan-Inspiron-1545 kernel: [ 2005.675842] 
Nov  6 18:21:55 kashrinivaasan-Inspiron-1545 kernel: [ 2005.675844] 
Nov  6 18:21:55 kashrinivaasan-Inspiron-1545 kernel: [ 2005.675846] 
Nov  6 18:21:55 kashrinivaasan-Inspiron-1545 kernel: [ 2005.675848] 
Nov  6 18:21:55 kashrinivaasan-Inspiron-1545 kernel: [ 2005.675851] 
Nov  6 18:21:55 kashrinivaasan-Inspiron-1545 kernel: [ 2005.675853] 
Nov  6 18:21:55 kashrinivaasan-Inspiron-1545 kernel: [ 2005.675855] 
Nov  6 18:21:55 kashrinivaasan-Inspiron-1545 kernel: [ 2005.675857] 
Nov  6 18:21:55 kashrinivaasan-Inspiron-1545 kernel: [ 2005.675860] 
Nov  6 18:21:55 kashrinivaasan-Inspiron-1545 kernel: [ 2005.675862] 
Nov  6 18:21:55 kashrinivaasan-Inspiron-1545 kernel: [ 2005.675864] 
Nov  6 18:21:55 kashrinivaasan-Inspiron-1545 kernel: [ 2005.675867] 
Nov  6 18:21:55 kashrinivaasan-Inspiron-1545 kernel: [ 2005.675869] 
Nov  6 18:21:55 kashrinivaasan-Inspiron-1545 kernel: [ 2005.675871] 
Nov  6 18:21:55 kashrinivaasan-Inspiron-1545 kernel: [ 2005.675873] 
Nov  6 18:21:55 kashrinivaasan-Inspiron-1545 kernel: [ 2005.675876] 
Nov  6 18:21:55 kashrinivaasan-Inspiron-1545 kernel: [ 2005.675878] 
Nov  6 18:21:55 kashrinivaasan-Inspiron-1545 kernel: [ 2005.675880] 
Nov  6 18:21:55 kashrinivaasan-Inspiron-1545 kernel: [ 2005.675882] 
Nov  6 18:21:55 kashrinivaasan-Inspiron-1545 kernel: [ 2005.675885] 
Nov  6 18:21:55 kashrinivaasan-Inspiron-1545 kernel: [ 2005.675887] 
Nov  6 18:21:55 kashrinivaasan-Inspiron-1545 kernel: [ 2005.675889] 
Nov  6 18:21:55 kashrinivaasan-Inspiron-1545 kernel: [ 2005.675892] 
Nov  6 18:21:55 kashrinivaasan-Inspiron-1545 kernel: [ 2005.675894] 
Nov  6 18:21:55 kashrinivaasan-Inspiron-1545 kernel: [ 2005.675896] 
Nov  6 18:21:55 kashrinivaasan-Inspiron-1545 kernel: [ 2005.675898] 
Nov  6 18:21:55 kashrinivaasan-Inspiron-1545 kernel: [ 2005.675901] 
Nov  6 18:21:55 kashrinivaasan-Inspiron-1545 kernel: [ 2005.675903] 
Nov  6 18:21:55 kashrinivaasan-Inspiron-1545 kernel: [ 2005.675905] 
Nov  6 18:21:55 kashrinivaasan-Inspiron-1545 kernel: [ 2005.675908] 
Nov  6 18:21:55 kashrinivaasan-Inspiron-1545 kernel: [ 2005.675910] 
Nov  6 18:21:55 kashrinivaasan-Inspiron-1545 kernel: [ 2005.675912] 
Nov  6 18:21:55 kashrinivaasan-Inspiron-1545 kernel: [ 2005.675914] 
Nov  6 18:21:55 kashrinivaasan-Inspiron-1545 kernel: [ 2005.675917] 
Nov  6 18:21:55 kashrinivaasan-Inspiron-1545 kernel: [ 2005.675919] 
Nov  6 18:21:55 kashrinivaasan-Inspiron-1545 kernel: [ 2005.675921] 
Nov  6 18:21:55 kashrinivaasan-Inspiron-1545 kernel: [ 2005.675923] 
Nov  6 18:21:55 kashrinivaasan-Inspiron-1545 kernel: [ 2005.675926] 
Nov  6 18:21:55 kashrinivaasan-Inspiron-1545 kernel: [ 2005.675928] 
Nov  6 18:21:55 kashrinivaasan-Inspiron-1545 kernel: [ 2005.675930] 
Nov  6 18:21:55 kashrinivaasan-Inspiron-1545 kernel: [ 2005.675932] 
Nov  6 18:21:55 kashrinivaasan-Inspiron-1545 kernel: [ 2005.675935] 
Nov  6 18:21:55 kashrinivaasan-Inspiron-1545 kernel: [ 2005.675937] 
Nov  6 18:21:55 kashrinivaasan-Inspiron-1545 kernel: [ 2005.675939] 
Nov  6 18:21:55 kashrinivaasan-Inspiron-1545 kernel: [ 2005.675941] 
Nov  6 18:21:55 kashrinivaasan-Inspiron-1545 kernel: [ 2005.675944] 
Nov  6 18:21:55 kashrinivaasan-Inspiron-1545 kernel: [ 2005.675946] 
Nov  6 18:21:55 kashrinivaasan-Inspiron-1545 kernel: [ 2005.675948] 
Nov  6 18:21:55 kashrinivaasan-Inspiron-1545 kernel: [ 2005.675951] 
Nov  6 18:21:55 kashrinivaasan-Inspiron-1545 kernel: [ 2005.675953] 
Nov  6 18:21:55 kashrinivaasan-Inspiron-1545 kernel: [ 2005.675955] 
Nov  6 18:21:55 kashrinivaasan-Inspiron-1545 kernel: [ 2005.675957] 
Nov  6 18:21:55 kashrinivaasan-Inspiron-1545 kernel: [ 2005.675960] 
Nov  6 18:21:55 kashrinivaasan-Inspiron-1545 kernel: [ 2005.675962] 
Nov  6 18:21:55 kashrinivaasan-Inspiron-1545 kernel: [ 2005.675964] 
Nov  6 18:21:55 kashrinivaasan-Inspiron-1545 kernel: [ 2005.675967] 
Nov  6 18:21:55 kashrinivaasan-Inspiron-1545 kernel: [ 2005.675969] 
Nov  6 18:21:55 kashrinivaasan-Inspiron-1545 kernel: [ 2005.675971] 
Nov  6 18:21:55 kashrinivaasan-Inspiron-1545 kernel: [ 2005.675974] 
Nov  6 18:21:55 kashrinivaasan-Inspiron-1545 kernel: [ 2005.675976] 
Nov  6 18:21:55 kashrinivaasan-Inspiron-1545 kernel: [ 2005.675978] 
Nov  6 18:21:55 kashrinivaasan-Inspiron-1545 kernel: [ 2005.675980] 
Nov  6 18:21:55 kashrinivaasan-Inspiron-1545 kernel: [ 2005.675983] 
Nov  6 18:21:55 kashrinivaasan-Inspiron-1545 kernel: [ 2005.675985] 
Nov  6 18:21:55 kashrinivaasan-Inspiron-1545 kernel: [ 2005.675987] 
Nov  6 18:21:55 kashrinivaasan-Inspiron-1545 kernel: [ 2005.675989] 
Nov  6 18:21:55 kashrinivaasan-Inspiron-1545 kernel: [ 2005.675992] 
Nov  6 18:21:55 kashrinivaasan-Inspiron-1545 kernel: [ 2005.675994] 
Nov  6 18:21:55 kashrinivaasan-Inspiron-1545 kernel: [ 2005.675996] 
Nov  6 18:21:55 kashrinivaasan-Inspiron-1545 kernel: [ 2005.676020] 
Nov  6 18:21:55 kashrinivaasan-Inspiron-1545 kernel: [ 2005.676022] 
Nov  6 18:21:55 kashrinivaasan-Inspiron-1545 kernel: [ 2005.676024] 
Nov  6 18:21:55 kashrinivaasan-Inspiron-1545 kernel: [ 2005.676027] 
Nov  6 18:21:55 kashrinivaasan-Inspiron-1545 kernel: [ 2005.676029] 
Nov  6 18:21:55 kashrinivaasan-Inspiron-1545 kernel: [ 2005.676031] 
Nov  6 18:21:55 kashrinivaasan-Inspiron-1545 kernel: [ 2005.676033] 
Nov  6 18:21:55 kashrinivaasan-Inspiron-1545 kernel: [ 2005.676036] 
Nov  6 18:21:55 kashrinivaasan-Inspiron-1545 kernel: [ 2005.676038] 
Nov  6 18:21:55 kashrinivaasan-Inspiron-1545 kernel: [ 2005.676040] 
Nov  6 18:21:55 kashrinivaasan-Inspiron-1545 kernel: [ 2005.676042] 
Nov  6 18:21:55 kashrinivaasan-Inspiron-1545 kernel: [ 2005.676045] 
Nov  6 18:21:55 kashrinivaasan-Inspiron-1545 kernel: [ 2005.676047] 
Nov  6 18:21:55 kashrinivaasan-Inspiron-1545 kernel: [ 2005.676049] 
Nov  6 18:21:55 kashrinivaasan-Inspiron-1545 kernel: [ 2005.676051] 
Nov  6 18:21:55 kashrinivaasan-Inspiron-1545 kernel: [ 2005.676054] 
Nov  6 18:21:55 kashrinivaasan-Inspiron-1545 kernel: [ 2005.676056] 
Nov  6 18:21:55 kashrinivaasan-Inspiron-1545 kernel: [ 2005.676058] 
Nov  6 18:21:55 kashrinivaasan-Inspiron-1545 kernel: [ 2005.676060] 
Nov  6 18:21:55 kashrinivaasan-Inspiron-1545 kernel: [ 2005.676063] 
Nov  6 18:21:55 kashrinivaasan-Inspiron-1545 kernel: [ 2005.676065] 
Nov  6 18:21:55 kashrinivaasan-Inspiron-1545 kernel: [ 2005.676067] 
Nov  6 18:21:55 kashrinivaasan-Inspiron-1545 kernel: [ 2005.676069] 
Nov  6 18:21:55 kashrinivaasan-Inspiron-1545 kernel: [ 2005.676072] 
Nov  6 18:21:55 kashrinivaasan-Inspiron-1545 kernel: [ 2005.676074] 
Nov  6 18:21:55 kashrinivaasan-Inspiron-1545 kernel: [ 2005.676076] 
Nov  6 18:21:55 kashrinivaasan-Inspiron-1545 kernel: [ 2005.676078] 
Nov  6 18:21:55 kashrinivaasan-Inspiron-1545 kernel: [ 2005.676080] 
Nov  6 18:21:55 kashrinivaasan-Inspiron-1545 kernel: [ 2005.676083] 
Nov  6 18:21:55 kashrinivaasan-Inspiron-1545 kernel: [ 2005.676085] 
Nov  6 18:21:55 kashrinivaasan-Inspiron-1545 kernel: [ 2005.676087] 
Nov  6 18:21:55 kashrinivaasan-Inspiron-1545 kernel: [ 2005.676089] 
Nov  6 18:21:55 kashrinivaasan-Inspiron-1545 kernel: [ 2005.676092] 
Nov  6 18:21:55 kashrinivaasan-Inspiron-1545 kernel: [ 2005.676094] 
Nov  6 18:21:55 kashrinivaasan-Inspiron-1545 kernel: [ 2005.676096] 
Nov  6 18:21:55 kashrinivaasan-Inspiron-1545 kernel: [ 2005.676098] 
Nov  6 18:21:55 kashrinivaasan-Inspiron-1545 kernel: [ 2005.676101] 
Nov  6 18:21:55 kashrinivaasan-Inspiron-1545 kernel: [ 2005.676103] 
Nov  6 18:21:55 kashrinivaasan-Inspiron-1545 kernel: [ 2005.676105] 
Nov  6 18:21:55 kashrinivaasan-Inspiron-1545 kernel: [ 2005.676107] 
Nov  6 18:21:55 kashrinivaasan-Inspiron-1545 kernel: [ 2005.676109] 
Nov  6 18:21:55 kashrinivaasan-Inspiron-1545 kernel: [ 2005.676112] 
Nov  6 18:21:55 kashrinivaasan-Inspiron-1545 kernel: [ 2005.676114] 
Nov  6 18:21:55 kashrinivaasan-Inspiron-1545 kernel: [ 2005.676116] 
Nov  6 18:21:55 kashrinivaasan-Inspiron-1545 kernel: [ 2005.676119] 
Nov  6 18:21:55 kashrinivaasan-Inspiron-1545 kernel: [ 2005.676121] 
Nov  6 18:21:55 kashrinivaasan-Inspiron-1545 kernel: [ 2005.676123] 
Nov  6 18:21:55 kashrinivaasan-Inspiron-1545 kernel: [ 2005.676125] 
Nov  6 18:21:55 kashrinivaasan-Inspiron-1545 kernel: [ 2005.676127] 
Nov  6 18:21:55 kashrinivaasan-Inspiron-1545 kernel: [ 2005.676130] 
Nov  6 18:21:55 kashrinivaasan-Inspiron-1545 kernel: [ 2005.676132] 
Nov  6 18:21:55 kashrinivaasan-Inspiron-1545 kernel: [ 2005.676134] 
Nov  6 18:21:55 kashrinivaasan-Inspiron-1545 kernel: [ 2005.676136] 
Nov  6 18:21:55 kashrinivaasan-Inspiron-1545 kernel: [ 2005.676138] 
Nov  6 18:21:55 kashrinivaasan-Inspiron-1545 kernel: [ 2005.676141] 
Nov  6 18:21:55 kashrinivaasan-Inspiron-1545 kernel: [ 2005.676143] 
Nov  6 18:21:55 kashrinivaasan-Inspiron-1545 kernel: [ 2005.676145] 
Nov  6 18:21:55 kashrinivaasan-Inspiron-1545 kernel: [ 2005.676147] 
Nov  6 18:21:55 kashrinivaasan-Inspiron-1545 kernel: [ 2005.676150] 
Nov  6 18:21:55 kashrinivaasan-Inspiron-1545 kernel: [ 2005.676152] 
Nov  6 18:21:55 kashrinivaasan-Inspiron-1545 kernel: [ 2005.676154] 
Nov  6 18:21:55 kashrinivaasan-Inspiron-1545 kernel: [ 2005.676156] 
Nov  6 18:21:55 kashrinivaasan-Inspiron-1545 kernel: [ 2005.676158] 
Nov  6 18:21:55 kashrinivaasan-Inspiron-1545 kernel: [ 2005.676161] 
Nov  6 18:21:55 kashrinivaasan-Inspiron-1545 kernel: [ 2005.676163] 
Nov  6 18:21:55 kashrinivaasan-Inspiron-1545 kernel: [ 2005.676165] 
Nov  6 18:21:55 kashrinivaasan-Inspiron-1545 kernel: [ 2005.676167] 
Nov  6 18:21:55 kashrinivaasan-Inspiron-1545 kernel: [ 2005.676170] 
Nov  6 18:21:55 kashrinivaasan-Inspiron-1545 kernel: [ 2005.676172] 
Nov  6 18:21:55 kashrinivaasan-Inspiron-1545 kernel: [ 2005.676174] 
Nov  6 18:21:55 kashrinivaasan-Inspiron-1545 kernel: [ 2005.676176] 
Nov  6 18:21:55 kashrinivaasan-Inspiron-1545 kernel: [ 2005.676178] 
Nov  6 18:21:55 kashrinivaasan-Inspiron-1545 kernel: [ 2005.676181] 
Nov  6 18:21:55 kashrinivaasan-Inspiron-1545 kernel: [ 2005.676183] 
Nov  6 18:21:55 kashrinivaasan-Inspiron-1545 kernel: [ 2005.676185] 
Nov  6 18:21:55 kashrinivaasan-Inspiron-1545 kernel: [ 2005.676189] 
Nov  6 18:21:55 kashrinivaasan-Inspiron-1545 kernel: [ 2005.676191] 
Nov  6 18:21:55 kashrinivaasan-Inspiron-1545 kernel: [ 2005.676193] 
Nov  6 18:21:55 kashrinivaasan-Inspiron-1545 kernel: [ 2005.676195] 
Nov  6 18:21:55 kashrinivaasan-Inspiron-1545 kernel: [ 2005.676198] 
Nov  6 18:21:55 kashrinivaasan-Inspiron-1545 kernel: [ 2005.676200] 
Nov  6 18:21:55 kashrinivaasan-Inspiron-1545 kernel: [ 2005.676202] 
Nov  6 18:21:55 kashrinivaasan-Inspiron-1545 kernel: [ 2005.676204] 
Nov  6 18:21:55 kashrinivaasan-Inspiron-1545 kernel: [ 2005.676206] 
Nov  6 18:21:55 kashrinivaasan-Inspiron-1545 kernel: [ 2005.676209] 
Nov  6 18:21:55 kashrinivaasan-Inspiron-1545 kernel: [ 2005.676211] 
Nov  6 18:21:55 kashrinivaasan-Inspiron-1545 kernel: [ 2005.676213] 
Nov  6 18:21:55 kashrinivaasan-Inspiron-1545 kernel: [ 2005.676215] 
Nov  6 18:21:55 kashrinivaasan-Inspiron-1545 kernel: [ 2005.676217] 
Nov  6 18:21:55 kashrinivaasan-Inspiron-1545 kernel: [ 2005.676220] 
Nov  6 18:21:55 kashrinivaasan-Inspiron-1545 kernel: [ 2005.676222] 
Nov  6 18:21:55 kashrinivaasan-Inspiron-1545 kernel: [ 2005.676224] 
Nov  6 18:21:55 kashrinivaasan-Inspiron-1545 kernel: [ 2005.676226] 
Nov  6 18:21:55 kashrinivaasan-Inspiron-1545 kernel: [ 2005.676228] 
Nov  6 18:21:55 kashrinivaasan-Inspiron-1545 kernel: [ 2005.676231] 
Nov  6 18:21:55 kashrinivaasan-Inspiron-1545 kernel: [ 2005.676233] 
Nov  6 18:21:55 kashrinivaasan-Inspiron-1545 kernel: [ 2005.676235] 
Nov  6 18:21:55 kashrinivaasan-Inspiron-1545 kernel: [ 2005.676237] 
Nov  6 18:21:55 kashrinivaasan-Inspiron-1545 kernel: [ 2005.676239] 
Nov  6 18:21:55 kashrinivaasan-Inspiron-1545 kernel: [ 2005.676242] 
Nov  6 18:21:55 kashrinivaasan-Inspiron-1545 kernel: [ 2005.676244] 
Nov  6 18:21:55 kashrinivaasan-Inspiron-1545 kernel: [ 2005.676246] 
Nov  6 18:21:55 kashrinivaasan-Inspiron-1545 kernel: [ 2005.676248] 
Nov  6 18:21:55 kashrinivaasan-Inspiron-1545 kernel: [ 2005.676251] 
Nov  6 18:21:55 kashrinivaasan-Inspiron-1545 kernel: [ 2005.676253] 
Nov  6 18:21:55 kashrinivaasan-Inspiron-1545 kernel: [ 2005.676255] 
Nov  6 18:21:55 kashrinivaasan-Inspiron-1545 kernel: [ 2005.676257] 
Nov  6 18:21:55 kashrinivaasan-Inspiron-1545 kernel: [ 2005.676259] 
Nov  6 18:21:55 kashrinivaasan-Inspiron-1545 kernel: [ 2005.676262] 
Nov  6 18:21:55 kashrinivaasan-Inspiron-1545 kernel: [ 2005.676264] 
Nov  6 18:21:55 kashrinivaasan-Inspiron-1545 kernel: [ 2005.676266] 
Nov  6 18:21:55 kashrinivaasan-Inspiron-1545 kernel: [ 2005.676268] 
Nov  6 18:21:55 kashrinivaasan-Inspiron-1545 kernel: [ 2005.676271] 
Nov  6 18:21:55 kashrinivaasan-Inspiron-1545 kernel: [ 2005.676273] 
Nov  6 18:21:55 kashrinivaasan-Inspiron-1545 kernel: [ 2005.676275] 
Nov  6 18:21:55 kashrinivaasan-Inspiron-1545 kernel: [ 2005.676277] 
Nov  6 18:21:55 kashrinivaasan-Inspiron-1545 kernel: [ 2005.676280] 
Nov  6 18:21:55 kashrinivaasan-Inspiron-1545 kernel: [ 2005.676282] 
Nov  6 18:21:55 kashrinivaasan-Inspiron-1545 kernel: [ 2005.676284] 
Nov  6 18:21:55 kashrinivaasan-Inspiron-1545 kernel: [ 2005.676286] 
Nov  6 18:21:55 kashrinivaasan-Inspiron-1545 kernel: [ 2005.676288] 
Nov  6 18:21:55 kashrinivaasan-Inspiron-1545 kernel: [ 2005.676291] 
Nov  6 18:21:55 kashrinivaasan-Inspiron-1545 kernel: [ 2005.676293] 
Nov  6 18:21:55 kashrinivaasan-Inspiron-1545 kernel: [ 2005.676295] 
Nov  6 18:21:55 kashrinivaasan-Inspiron-1545 kernel: [ 2005.676297] 
Nov  6 18:21:55 kashrinivaasan-Inspiron-1545 kernel: [ 2005.676300] 
Nov  6 18:21:55 kashrinivaasan-Inspiron-1545 kernel: [ 2005.676302] 
Nov  6 18:21:55 kashrinivaasan-Inspiron-1545 kernel: [ 2005.676304] 
Nov  6 18:21:55 kashrinivaasan-Inspiron-1545 kernel: [ 2005.676306] 
Nov  6 18:21:55 kashrinivaasan-Inspiron-1545 kernel: [ 2005.676308] 
Nov  6 18:21:55 kashrinivaasan-Inspiron-1545 kernel: [ 2005.676311] 
Nov  6 18:21:55 kashrinivaasan-Inspiron-1545 kernel: [ 2005.676313] 
Nov  6 18:21:55 kashrinivaasan-Inspiron-1545 kernel: [ 2005.676315] 
Nov  6 18:21:55 kashrinivaasan-Inspiron-1545 kernel: [ 2005.676317] 
Nov  6 18:21:55 kashrinivaasan-Inspiron-1545 kernel: [ 2005.676320] 
Nov  6 18:21:55 kashrinivaasan-Inspiron-1545 kernel: [ 2005.676322] 
Nov  6 18:21:55 kashrinivaasan-Inspiron-1545 kernel: [ 2005.676324] 
Nov  6 18:21:55 kashrinivaasan-Inspiron-1545 kernel: [ 2005.676326] 
Nov  6 18:21:55 kashrinivaasan-Inspiron-1545 kernel: [ 2005.676328] 
Nov  6 18:21:55 kashrinivaasan-Inspiron-1545 kernel: [ 2005.676331] 
Nov  6 18:21:55 kashrinivaasan-Inspiron-1545 kernel: [ 2005.676333] 
Nov  6 18:21:55 kashrinivaasan-Inspiron-1545 kernel: [ 2005.676335] 
Nov  6 18:21:55 kashrinivaasan-Inspiron-1545 kernel: [ 2005.676337] 
Nov  6 18:21:55 kashrinivaasan-Inspiron-1545 kernel: [ 2005.676340] 
Nov  6 18:21:55 kashrinivaasan-Inspiron-1545 kernel: [ 2005.676342] 
Nov  6 18:21:55 kashrinivaasan-Inspiron-1545 kernel: [ 2005.676344] 
Nov  6 18:21:55 kashrinivaasan-Inspiron-1545 kernel: [ 2005.676346] 
Nov  6 18:21:55 kashrinivaasan-Inspiron-1545 kernel: [ 2005.676349] 
Nov  6 18:21:55 kashrinivaasan-Inspiron-1545 kernel: [ 2005.676351] 
Nov  6 18:21:55 kashrinivaasan-Inspiron-1545 kernel: [ 2005.676353] 
Nov  6 18:21:55 kashrinivaasan-Inspiron-1545 kernel: [ 2005.676355] 
Nov  6 18:21:55 kashrinivaasan-Inspiron-1545 kernel: [ 2005.676357] 
Nov  6 18:21:55 kashrinivaasan-Inspiron-1545 kernel: [ 2005.676360] 
Nov  6 18:21:55 kashrinivaasan-Inspiron-1545 kernel: [ 2005.676362] 
Nov  6 18:21:55 kashrinivaasan-Inspiron-1545 kernel: [ 2005.676364] 
Nov  6 18:21:55 kashrinivaasan-Inspiron-1545 kernel: [ 2005.676366] 
Nov  6 18:21:55 kashrinivaasan-Inspiron-1545 kernel: [ 2005.676368] 
Nov  6 18:21:55 kashrinivaasan-Inspiron-1545 kernel: [ 2005.676371] 
Nov  6 18:21:55 kashrinivaasan-Inspiron-1545 kernel: [ 2005.676373] 
Nov  6 18:21:55 kashrinivaasan-Inspiron-1545 kernel: [ 2005.676375] 
Nov  6 18:21:55 kashrinivaasan-Inspiron-1545 kernel: [ 2005.676377] 
Nov  6 18:21:55 kashrinivaasan-Inspiron-1545 kernel: [ 2005.676379] 
Nov  6 18:21:55 kashrinivaasan-Inspiron-1545 kernel: [ 2005.676382] 
Nov  6 18:21:55 kashrinivaasan-Inspiron-1545 kernel: [ 2005.676384] 
Nov  6 18:21:55 kashrinivaasan-Inspiron-1545 kernel: [ 2005.676386] <6>[ 2005.676388] 
Nov  6 18:21:55 kashrinivaasan-Inspiron-1545 kernel: [ 2005.676389] virgocloudexec_mempool_recvfrom(): kernel_recvmsg() le32 to cpu virgo_cloud_malloc(1000)
Nov  6 18:21:55 kashrinivaasan-Inspiron-1545 kernel: [ 2005.676389] 
Nov  6 18:21:55 kashrinivaasan-Inspiron-1545 kernel: [ 2005.676392] virgocloudexec_mempool_recvfrom(): mempoolFunction : virgo_cloud_malloc(1000) 
Nov  6 18:21:55 kashrinivaasan-Inspiron-1545 kernel: [ 2005.676394] parse_virgomempool_command: vmargs->mempool_cmd: virgo_cloud_malloc
Nov  6 18:21:55 kashrinivaasan-Inspiron-1545 kernel: [ 2005.676397] parse_virgomempool_command: vmargs->mempool_args[0]: 1000
Nov  6 18:21:55 kashrinivaasan-Inspiron-1545 kernel: [ 2005.676399] mempool_func(): creating kernel thread and waking up, parameterIsExecutable=2
Nov  6 18:21:55 kashrinivaasan-Inspiron-1545 kernel: [ 2005.676401] Creating Kernel Thread for virgo_cloud_malloc in virgo_cloud_mempool_kernelspace mempool driver module with mempool_args[0]=1000, mempool_args[1]=(null)
Nov  6 18:21:55 kashrinivaasan-Inspiron-1545 kernel: [ 2005.676404] virgo_cloud_mempool_kernelspace.c:Executing virgo_cloud_mempool on cloud node, Invoking virgo_cloud_malloc_kernelspace(), Writing to file opened by Kernel, Kernel Space to User space communication works
Nov  6 18:21:55 kashrinivaasan-Inspiron-1545 kernel: [ 2005.676406] virgo_cloud_mempool_kernelspace.c:virgo_cloud_malloc_kernelspace(): size str=1000
Nov  6 18:21:55 kashrinivaasan-Inspiron-1545 kernel: [ 2005.676409] toInteger(): strInt=[1000], integer=1000
Nov  6 18:21:55 kashrinivaasan-Inspiron-1545 kernel: [ 2005.676411] virgo_cloud_mempool_kernelspace.c:virgo_cloud_malloc_kernelspace(): size=1000
Nov  6 18:21:55 kashrinivaasan-Inspiron-1545 kernel: [ 2005.676414] virgo_cloud_mempool_kernelspace.c:virgo_cloud_malloc_kernelspace(): ptr=e7684c00
Nov  6 18:21:55 kashrinivaasan-Inspiron-1545 kernel: [ 2005.676416] virgo_cloud_mempool_kernelspace.c:virgo_cloud_malloc_kernelspace(): setting ptr=e7684c00 in vmargs as an out arg
Nov  6 18:21:55 kashrinivaasan-Inspiron-1545 kernel: [ 2005.676418] mempool_func(): virgo mempool kernelspace module returns value virgo_mempool_ret=e7684c00
Nov  6 18:21:55 kashrinivaasan-Inspiron-1545 kernel: [ 2005.676420] virgo_mempool_client_thread(): virgo_mempool_ops.virgo_mempool_sendto()
Nov  6 18:21:55 kashrinivaasan-Inspiron-1545 kernel: [ 2005.676423] toAddressString(): address=e7684c00, sprintf strAddress=[e7684c00]
Nov  6 18:21:55 kashrinivaasan-Inspiron-1545 kernel: [ 2005.676425] virgocloudexec_mempool_sendto(): before kernel_sendmsg() for send buffer: e7684c00
Nov  6 18:21:55 kashrinivaasan-Inspiron-1545 kernel: [ 2005.676453] virgocloudexec_mempool_sendto(): kernel_sendmsg() returns ret: 500
Nov  6 18:21:55 kashrinivaasan-Inspiron-1545 kernel: [ 2005.676456] virgocloudexec_mempool_sendto(): Shut down Kernel Side Client Socket with SOCK_WAKE_URG after sendmsg 
Nov  6 18:21:55 kashrinivaasan-Inspiron-1545 kernel: [ 2005.676473] virgocloudexec_mempool_sendto(): sock_release invoked on client socket 
Nov  6 18:21:58 kashrinivaasan-Inspiron-1545 kernel: [ 2007.919491] virgo_cloudexec_mempool_service(): virgo mempool client thread per request 
Nov  6 18:21:58 kashrinivaasan-Inspiron-1545 kernel: [ 2007.919614] virgo_cloudexec_mempool_service(): virgo_mempool_ops.virgo_create() 
Nov  6 18:21:58 kashrinivaasan-Inspiron-1545 kernel: [ 2007.919620] virgo_mempool_client_thread(): virgo_mempool_ops.virgo_mempool_recvfrom()
Nov  6 18:21:58 kashrinivaasan-Inspiron-1545 kernel: [ 2007.919623] virgocloudexec_mempool_recvfrom(): before kernel_recvmsg()
Nov  6 18:22:08 kashrinivaasan-Inspiron-1545 kernel: [ 2018.841376] sd 7:0:0:0: [sdb] Test WP failed, assume Write Enabled
Nov  6 18:22:08 kashrinivaasan-Inspiron-1545 kernel: [ 2018.843872] sd 7:0:0:0: [sdb] Asking for cache data failed
Nov  6 18:22:08 kashrinivaasan-Inspiron-1545 kernel: [ 2018.843881] sd 7:0:0:0: [sdb] Assuming drive cache: write through
Nov  6 18:22:17 kashrinivaasan-Inspiron-1545 kernel: [ 2027.448475] virgocloudexec_mempool_recvfrom(): kernel_recvmsg() returns len: 40
Nov  6 18:22:17 kashrinivaasan-Inspiron-1545 kernel: [ 2027.448481] strip_control_M(): str=virgo_cloud_set("e7684c00","testdata")
Nov  6 18:22:17 kashrinivaasan-Inspiron-1545 kernel: [ 2027.448481]  before strsep
Nov  6 18:22:17 kashrinivaasan-Inspiron-1545 kernel: [ 2027.448485] strip_control_M(): newstr=virgo_cloud_set("e7684c00","testdata") after carriage return newline strsep
Nov  6 18:22:17 kashrinivaasan-Inspiron-1545 kernel: [ 2027.448487] virgocloudexec_mempool_recvfrom(): kernel_recvmsg() returns in recv: iov.iov_base=, buffer: virgo_cloud_set("e7684c00","testdata")
Nov  6 18:22:17 kashrinivaasan-Inspiron-1545 kernel: [ 2027.448487] 
Nov  6 18:22:17 kashrinivaasan-Inspiron-1545 kernel: [ 2027.448490] virgo_cloudexec_mempool: print_buffer(): 
Nov  6 18:22:17 kashrinivaasan-Inspiron-1545 kernel: [ 2027.448491] vi
Nov  6 18:22:17 kashrinivaasan-Inspiron-1545 kernel: [ 2027.448494] rg
Nov  6 18:22:17 kashrinivaasan-Inspiron-1545 kernel: [ 2027.448496] o_
Nov  6 18:22:17 kashrinivaasan-Inspiron-1545 kernel: [ 2027.448499] cl
Nov  6 18:22:17 kashrinivaasan-Inspiron-1545 kernel: [ 2027.448501] ou
Nov  6 18:22:17 kashrinivaasan-Inspiron-1545 kernel: [ 2027.448503] d_
Nov  6 18:22:17 kashrinivaasan-Inspiron-1545 kernel: [ 2027.448506] se
Nov  6 18:22:17 kashrinivaasan-Inspiron-1545 kernel: [ 2027.448508] t(
Nov  6 18:22:17 kashrinivaasan-Inspiron-1545 kernel: [ 2027.448510] "e
Nov  6 18:22:17 kashrinivaasan-Inspiron-1545 kernel: [ 2027.448512] 76
Nov  6 18:22:17 kashrinivaasan-Inspiron-1545 kernel: [ 2027.448515] 84
Nov  6 18:22:17 kashrinivaasan-Inspiron-1545 kernel: [ 2027.448517] c0
Nov  6 18:22:17 kashrinivaasan-Inspiron-1545 kernel: [ 2027.448519] 0"
Nov  6 18:22:17 kashrinivaasan-Inspiron-1545 kernel: [ 2027.448522] ,"
Nov  6 18:22:17 kashrinivaasan-Inspiron-1545 kernel: [ 2027.448524] te
Nov  6 18:22:17 kashrinivaasan-Inspiron-1545 kernel: [ 2027.448526] st
Nov  6 18:22:17 kashrinivaasan-Inspiron-1545 kernel: [ 2027.448529] da
Nov  6 18:22:17 kashrinivaasan-Inspiron-1545 kernel: [ 2027.448531] ta
Nov  6 18:22:17 kashrinivaasan-Inspiron-1545 kernel: [ 2027.448533] ")
Nov  6 18:22:17 kashrinivaasan-Inspiron-1545 kernel: [ 2027.448536] <6>[ 2027.448537] 
Nov  6 18:22:17 kashrinivaasan-Inspiron-1545 kernel: [ 2027.448539] 
Nov  6 18:22:17 kashrinivaasan-Inspiron-1545 kernel: [ 2027.448540] 
Nov  6 18:22:17 kashrinivaasan-Inspiron-1545 kernel: [ 2027.448542] 
Nov  6 18:22:17 kashrinivaasan-Inspiron-1545 kernel: [ 2027.448545] 
Nov  6 18:22:17 kashrinivaasan-Inspiron-1545 kernel: [ 2027.448547] 
Nov  6 18:22:17 kashrinivaasan-Inspiron-1545 kernel: [ 2027.448549] 
Nov  6 18:22:17 kashrinivaasan-Inspiron-1545 kernel: [ 2027.448551] 
Nov  6 18:22:17 kashrinivaasan-Inspiron-1545 kernel: [ 2027.448554] 
Nov  6 18:22:17 kashrinivaasan-Inspiron-1545 kernel: [ 2027.448556] 
Nov  6 18:22:17 kashrinivaasan-Inspiron-1545 kernel: [ 2027.448558] 
Nov  6 18:22:17 kashrinivaasan-Inspiron-1545 kernel: [ 2027.448560] 
Nov  6 18:22:17 kashrinivaasan-Inspiron-1545 kernel: [ 2027.448563] 
Nov  6 18:22:17 kashrinivaasan-Inspiron-1545 kernel: [ 2027.448565] 
Nov  6 18:22:17 kashrinivaasan-Inspiron-1545 kernel: [ 2027.448567] 
Nov  6 18:22:17 kashrinivaasan-Inspiron-1545 kernel: [ 2027.448569] 
Nov  6 18:22:17 kashrinivaasan-Inspiron-1545 kernel: [ 2027.448572] 
Nov  6 18:22:17 kashrinivaasan-Inspiron-1545 kernel: [ 2027.448574] 
Nov  6 18:22:17 kashrinivaasan-Inspiron-1545 kernel: [ 2027.448576] 
Nov  6 18:22:17 kashrinivaasan-Inspiron-1545 kernel: [ 2027.448578] 
Nov  6 18:22:17 kashrinivaasan-Inspiron-1545 kernel: [ 2027.448581] 
Nov  6 18:22:17 kashrinivaasan-Inspiron-1545 kernel: [ 2027.448583] 
Nov  6 18:22:17 kashrinivaasan-Inspiron-1545 kernel: [ 2027.448585] 
Nov  6 18:22:17 kashrinivaasan-Inspiron-1545 kernel: [ 2027.448587] 
Nov  6 18:22:17 kashrinivaasan-Inspiron-1545 kernel: [ 2027.448590] 
Nov  6 18:22:17 kashrinivaasan-Inspiron-1545 kernel: [ 2027.448592] 
Nov  6 18:22:17 kashrinivaasan-Inspiron-1545 kernel: [ 2027.448594] 
Nov  6 18:22:17 kashrinivaasan-Inspiron-1545 kernel: [ 2027.448596] 
Nov  6 18:22:17 kashrinivaasan-Inspiron-1545 kernel: [ 2027.448599] 
Nov  6 18:22:17 kashrinivaasan-Inspiron-1545 kernel: [ 2027.448601] 
Nov  6 18:22:17 kashrinivaasan-Inspiron-1545 kernel: [ 2027.448603] 
Nov  6 18:22:17 kashrinivaasan-Inspiron-1545 kernel: [ 2027.448605] 
Nov  6 18:22:17 kashrinivaasan-Inspiron-1545 kernel: [ 2027.448608] 
Nov  6 18:22:17 kashrinivaasan-Inspiron-1545 kernel: [ 2027.448610] 
Nov  6 18:22:17 kashrinivaasan-Inspiron-1545 kernel: [ 2027.448612] 
Nov  6 18:22:17 kashrinivaasan-Inspiron-1545 kernel: [ 2027.448615] 
Nov  6 18:22:17 kashrinivaasan-Inspiron-1545 kernel: [ 2027.448617] 
Nov  6 18:22:17 kashrinivaasan-Inspiron-1545 kernel: [ 2027.448619] 
Nov  6 18:22:17 kashrinivaasan-Inspiron-1545 kernel: [ 2027.448621] 
Nov  6 18:22:17 kashrinivaasan-Inspiron-1545 kernel: [ 2027.448624] 
Nov  6 18:22:17 kashrinivaasan-Inspiron-1545 kernel: [ 2027.448626] 
Nov  6 18:22:17 kashrinivaasan-Inspiron-1545 kernel: [ 2027.448628] 
Nov  6 18:22:17 kashrinivaasan-Inspiron-1545 kernel: [ 2027.448630] 
Nov  6 18:22:17 kashrinivaasan-Inspiron-1545 kernel: [ 2027.448633] 
Nov  6 18:22:17 kashrinivaasan-Inspiron-1545 kernel: [ 2027.448635] 
Nov  6 18:22:17 kashrinivaasan-Inspiron-1545 kernel: [ 2027.448637] 
Nov  6 18:22:17 kashrinivaasan-Inspiron-1545 kernel: [ 2027.448640] 
Nov  6 18:22:17 kashrinivaasan-Inspiron-1545 kernel: [ 2027.448642] 
Nov  6 18:22:17 kashrinivaasan-Inspiron-1545 kernel: [ 2027.448644] 
Nov  6 18:22:17 kashrinivaasan-Inspiron-1545 kernel: [ 2027.448646] 
Nov  6 18:22:17 kashrinivaasan-Inspiron-1545 kernel: [ 2027.448648] 
Nov  6 18:22:17 kashrinivaasan-Inspiron-1545 kernel: [ 2027.448651] 
Nov  6 18:22:17 kashrinivaasan-Inspiron-1545 kernel: [ 2027.448653] 
Nov  6 18:22:17 kashrinivaasan-Inspiron-1545 kernel: [ 2027.448655] 
Nov  6 18:22:17 kashrinivaasan-Inspiron-1545 kernel: [ 2027.448658] 
Nov  6 18:22:17 kashrinivaasan-Inspiron-1545 kernel: [ 2027.448660] 
Nov  6 18:22:17 kashrinivaasan-Inspiron-1545 kernel: [ 2027.448662] 
Nov  6 18:22:17 kashrinivaasan-Inspiron-1545 kernel: [ 2027.448664] 
Nov  6 18:22:17 kashrinivaasan-Inspiron-1545 kernel: [ 2027.448667] 
Nov  6 18:22:17 kashrinivaasan-Inspiron-1545 kernel: [ 2027.448669] 
Nov  6 18:22:17 kashrinivaasan-Inspiron-1545 kernel: [ 2027.448671] 
Nov  6 18:22:17 kashrinivaasan-Inspiron-1545 kernel: [ 2027.448674] 
Nov  6 18:22:17 kashrinivaasan-Inspiron-1545 kernel: [ 2027.448676] 
Nov  6 18:22:17 kashrinivaasan-Inspiron-1545 kernel: [ 2027.448678] 
Nov  6 18:22:17 kashrinivaasan-Inspiron-1545 kernel: [ 2027.448680] 
Nov  6 18:22:17 kashrinivaasan-Inspiron-1545 kernel: [ 2027.448683] 
Nov  6 18:22:17 kashrinivaasan-Inspiron-1545 kernel: [ 2027.448685] 
Nov  6 18:22:17 kashrinivaasan-Inspiron-1545 kernel: [ 2027.448687] 
Nov  6 18:22:17 kashrinivaasan-Inspiron-1545 kernel: [ 2027.448690] 
Nov  6 18:22:17 kashrinivaasan-Inspiron-1545 kernel: [ 2027.448692] 
Nov  6 18:22:17 kashrinivaasan-Inspiron-1545 kernel: [ 2027.448694] 
Nov  6 18:22:17 kashrinivaasan-Inspiron-1545 kernel: [ 2027.448696] 
Nov  6 18:22:17 kashrinivaasan-Inspiron-1545 kernel: [ 2027.448699] 
Nov  6 18:22:17 kashrinivaasan-Inspiron-1545 kernel: [ 2027.448701] 
Nov  6 18:22:17 kashrinivaasan-Inspiron-1545 kernel: [ 2027.448703] 
Nov  6 18:22:17 kashrinivaasan-Inspiron-1545 kernel: [ 2027.448705] 
Nov  6 18:22:17 kashrinivaasan-Inspiron-1545 kernel: [ 2027.448708] 
Nov  6 18:22:17 kashrinivaasan-Inspiron-1545 kernel: [ 2027.448710] 
Nov  6 18:22:17 kashrinivaasan-Inspiron-1545 kernel: [ 2027.448712] 
Nov  6 18:22:17 kashrinivaasan-Inspiron-1545 kernel: [ 2027.448714] 
Nov  6 18:22:17 kashrinivaasan-Inspiron-1545 kernel: [ 2027.448717] 
Nov  6 18:22:17 kashrinivaasan-Inspiron-1545 kernel: [ 2027.448719] 
Nov  6 18:22:17 kashrinivaasan-Inspiron-1545 kernel: [ 2027.448721] 
Nov  6 18:22:17 kashrinivaasan-Inspiron-1545 kernel: [ 2027.448723] 
Nov  6 18:22:17 kashrinivaasan-Inspiron-1545 kernel: [ 2027.448726] 
Nov  6 18:22:17 kashrinivaasan-Inspiron-1545 kernel: [ 2027.448728] 
Nov  6 18:22:17 kashrinivaasan-Inspiron-1545 kernel: [ 2027.448730] 
Nov  6 18:22:17 kashrinivaasan-Inspiron-1545 kernel: [ 2027.448732] 
Nov  6 18:22:17 kashrinivaasan-Inspiron-1545 kernel: [ 2027.448735] 
Nov  6 18:22:17 kashrinivaasan-Inspiron-1545 kernel: [ 2027.448737] 
Nov  6 18:22:17 kashrinivaasan-Inspiron-1545 kernel: [ 2027.448739] 
Nov  6 18:22:17 kashrinivaasan-Inspiron-1545 kernel: [ 2027.448741] 
Nov  6 18:22:17 kashrinivaasan-Inspiron-1545 kernel: [ 2027.448744] 
Nov  6 18:22:17 kashrinivaasan-Inspiron-1545 kernel: [ 2027.448746] 
Nov  6 18:22:17 kashrinivaasan-Inspiron-1545 kernel: [ 2027.448748] 
Nov  6 18:22:17 kashrinivaasan-Inspiron-1545 kernel: [ 2027.448750] 
Nov  6 18:22:17 kashrinivaasan-Inspiron-1545 kernel: [ 2027.448753] 
Nov  6 18:22:17 kashrinivaasan-Inspiron-1545 kernel: [ 2027.448755] 
Nov  6 18:22:17 kashrinivaasan-Inspiron-1545 kernel: [ 2027.448757] 
Nov  6 18:22:17 kashrinivaasan-Inspiron-1545 kernel: [ 2027.448759] 
Nov  6 18:22:17 kashrinivaasan-Inspiron-1545 kernel: [ 2027.448762] 
Nov  6 18:22:17 kashrinivaasan-Inspiron-1545 kernel: [ 2027.448764] 
Nov  6 18:22:17 kashrinivaasan-Inspiron-1545 kernel: [ 2027.448766] 
Nov  6 18:22:17 kashrinivaasan-Inspiron-1545 kernel: [ 2027.448768] 
Nov  6 18:22:17 kashrinivaasan-Inspiron-1545 kernel: [ 2027.448771] 
Nov  6 18:22:17 kashrinivaasan-Inspiron-1545 kernel: [ 2027.448773] 
Nov  6 18:22:17 kashrinivaasan-Inspiron-1545 kernel: [ 2027.448775] 
Nov  6 18:22:17 kashrinivaasan-Inspiron-1545 kernel: [ 2027.448777] 
Nov  6 18:22:17 kashrinivaasan-Inspiron-1545 kernel: [ 2027.448780] 
Nov  6 18:22:17 kashrinivaasan-Inspiron-1545 kernel: [ 2027.448782] 
Nov  6 18:22:17 kashrinivaasan-Inspiron-1545 kernel: [ 2027.448784] 
Nov  6 18:22:17 kashrinivaasan-Inspiron-1545 kernel: [ 2027.448786] 
Nov  6 18:22:17 kashrinivaasan-Inspiron-1545 kernel: [ 2027.448789] 
Nov  6 18:22:17 kashrinivaasan-Inspiron-1545 kernel: [ 2027.448791] 
Nov  6 18:22:17 kashrinivaasan-Inspiron-1545 kernel: [ 2027.448793] 
Nov  6 18:22:17 kashrinivaasan-Inspiron-1545 kernel: [ 2027.448795] 
Nov  6 18:22:17 kashrinivaasan-Inspiron-1545 kernel: [ 2027.448798] 
Nov  6 18:22:17 kashrinivaasan-Inspiron-1545 kernel: [ 2027.448800] 
Nov  6 18:22:17 kashrinivaasan-Inspiron-1545 kernel: [ 2027.448802] 
Nov  6 18:22:17 kashrinivaasan-Inspiron-1545 kernel: [ 2027.448804] 
Nov  6 18:22:17 kashrinivaasan-Inspiron-1545 kernel: [ 2027.448806] 
Nov  6 18:22:17 kashrinivaasan-Inspiron-1545 kernel: [ 2027.448809] 
Nov  6 18:22:17 kashrinivaasan-Inspiron-1545 kernel: [ 2027.448811] 
Nov  6 18:22:17 kashrinivaasan-Inspiron-1545 kernel: [ 2027.448813] 
Nov  6 18:22:17 kashrinivaasan-Inspiron-1545 kernel: [ 2027.448815] 
Nov  6 18:22:17 kashrinivaasan-Inspiron-1545 kernel: [ 2027.448818] 
Nov  6 18:22:17 kashrinivaasan-Inspiron-1545 kernel: [ 2027.448820] 
Nov  6 18:22:17 kashrinivaasan-Inspiron-1545 kernel: [ 2027.448822] 
Nov  6 18:22:17 kashrinivaasan-Inspiron-1545 kernel: [ 2027.448824] 
Nov  6 18:22:17 kashrinivaasan-Inspiron-1545 kernel: [ 2027.448827] 
Nov  6 18:22:17 kashrinivaasan-Inspiron-1545 kernel: [ 2027.448829] 
Nov  6 18:22:17 kashrinivaasan-Inspiron-1545 kernel: [ 2027.448831] 
Nov  6 18:22:17 kashrinivaasan-Inspiron-1545 kernel: [ 2027.448833] 
Nov  6 18:22:17 kashrinivaasan-Inspiron-1545 kernel: [ 2027.448836] 
Nov  6 18:22:17 kashrinivaasan-Inspiron-1545 kernel: [ 2027.448838] 
Nov  6 18:22:17 kashrinivaasan-Inspiron-1545 kernel: [ 2027.448840] 
Nov  6 18:22:17 kashrinivaasan-Inspiron-1545 kernel: [ 2027.448842] 
Nov  6 18:22:17 kashrinivaasan-Inspiron-1545 kernel: [ 2027.448845] 
Nov  6 18:22:17 kashrinivaasan-Inspiron-1545 kernel: [ 2027.448847] 
Nov  6 18:22:17 kashrinivaasan-Inspiron-1545 kernel: [ 2027.448849] 
Nov  6 18:22:17 kashrinivaasan-Inspiron-1545 kernel: [ 2027.448851] 
Nov  6 18:22:17 kashrinivaasan-Inspiron-1545 kernel: [ 2027.448854] 
Nov  6 18:22:17 kashrinivaasan-Inspiron-1545 kernel: [ 2027.448856] 
Nov  6 18:22:17 kashrinivaasan-Inspiron-1545 kernel: [ 2027.448858] 
Nov  6 18:22:17 kashrinivaasan-Inspiron-1545 kernel: [ 2027.448860] 
Nov  6 18:22:17 kashrinivaasan-Inspiron-1545 kernel: [ 2027.448863] 
Nov  6 18:22:17 kashrinivaasan-Inspiron-1545 kernel: [ 2027.448865] 
Nov  6 18:22:17 kashrinivaasan-Inspiron-1545 kernel: [ 2027.448867] 
Nov  6 18:22:17 kashrinivaasan-Inspiron-1545 kernel: [ 2027.448869] 
Nov  6 18:22:17 kashrinivaasan-Inspiron-1545 kernel: [ 2027.448872] 
Nov  6 18:22:17 kashrinivaasan-Inspiron-1545 kernel: [ 2027.448874] 
Nov  6 18:22:17 kashrinivaasan-Inspiron-1545 kernel: [ 2027.448876] 
Nov  6 18:22:17 kashrinivaasan-Inspiron-1545 kernel: [ 2027.448878] 
Nov  6 18:22:17 kashrinivaasan-Inspiron-1545 kernel: [ 2027.448881] 
Nov  6 18:22:17 kashrinivaasan-Inspiron-1545 kernel: [ 2027.448883] 
Nov  6 18:22:17 kashrinivaasan-Inspiron-1545 kernel: [ 2027.448885] 
Nov  6 18:22:17 kashrinivaasan-Inspiron-1545 kernel: [ 2027.448887] 
Nov  6 18:22:17 kashrinivaasan-Inspiron-1545 kernel: [ 2027.448890] 
Nov  6 18:22:17 kashrinivaasan-Inspiron-1545 kernel: [ 2027.448892] 
Nov  6 18:22:17 kashrinivaasan-Inspiron-1545 kernel: [ 2027.448894] 
Nov  6 18:22:17 kashrinivaasan-Inspiron-1545 kernel: [ 2027.448896] 
Nov  6 18:22:17 kashrinivaasan-Inspiron-1545 kernel: [ 2027.448899] 
Nov  6 18:22:17 kashrinivaasan-Inspiron-1545 kernel: [ 2027.448901] 
Nov  6 18:22:17 kashrinivaasan-Inspiron-1545 kernel: [ 2027.448903] 
Nov  6 18:22:17 kashrinivaasan-Inspiron-1545 kernel: [ 2027.448905] 
Nov  6 18:22:17 kashrinivaasan-Inspiron-1545 kernel: [ 2027.448907] 
Nov  6 18:22:17 kashrinivaasan-Inspiron-1545 kernel: [ 2027.448910] 
Nov  6 18:22:17 kashrinivaasan-Inspiron-1545 kernel: [ 2027.448912] 
Nov  6 18:22:17 kashrinivaasan-Inspiron-1545 kernel: [ 2027.448914] 
Nov  6 18:22:17 kashrinivaasan-Inspiron-1545 kernel: [ 2027.448916] 
Nov  6 18:22:17 kashrinivaasan-Inspiron-1545 kernel: [ 2027.448919] 
Nov  6 18:22:17 kashrinivaasan-Inspiron-1545 kernel: [ 2027.448921] 
Nov  6 18:22:17 kashrinivaasan-Inspiron-1545 kernel: [ 2027.448923] 
Nov  6 18:22:17 kashrinivaasan-Inspiron-1545 kernel: [ 2027.448925] 
Nov  6 18:22:17 kashrinivaasan-Inspiron-1545 kernel: [ 2027.448928] 
Nov  6 18:22:17 kashrinivaasan-Inspiron-1545 kernel: [ 2027.448930] 
Nov  6 18:22:17 kashrinivaasan-Inspiron-1545 kernel: [ 2027.448932] 
Nov  6 18:22:17 kashrinivaasan-Inspiron-1545 kernel: [ 2027.448935] 
Nov  6 18:22:17 kashrinivaasan-Inspiron-1545 kernel: [ 2027.448937] 
Nov  6 18:22:17 kashrinivaasan-Inspiron-1545 kernel: [ 2027.448939] 
Nov  6 18:22:17 kashrinivaasan-Inspiron-1545 kernel: [ 2027.448941] 
Nov  6 18:22:17 kashrinivaasan-Inspiron-1545 kernel: [ 2027.448944] 
Nov  6 18:22:17 kashrinivaasan-Inspiron-1545 kernel: [ 2027.448946] 
Nov  6 18:22:17 kashrinivaasan-Inspiron-1545 kernel: [ 2027.448948] 
Nov  6 18:22:17 kashrinivaasan-Inspiron-1545 kernel: [ 2027.448950] 
Nov  6 18:22:17 kashrinivaasan-Inspiron-1545 kernel: [ 2027.448952] 
Nov  6 18:22:17 kashrinivaasan-Inspiron-1545 kernel: [ 2027.448955] 
Nov  6 18:22:17 kashrinivaasan-Inspiron-1545 kernel: [ 2027.448957] 
Nov  6 18:22:17 kashrinivaasan-Inspiron-1545 kernel: [ 2027.448959] 
Nov  6 18:22:17 kashrinivaasan-Inspiron-1545 kernel: [ 2027.448962] 
Nov  6 18:22:17 kashrinivaasan-Inspiron-1545 kernel: [ 2027.448964] 
Nov  6 18:22:17 kashrinivaasan-Inspiron-1545 kernel: [ 2027.448966] 
Nov  6 18:22:17 kashrinivaasan-Inspiron-1545 kernel: [ 2027.448968] 
Nov  6 18:22:17 kashrinivaasan-Inspiron-1545 kernel: [ 2027.448971] 
Nov  6 18:22:17 kashrinivaasan-Inspiron-1545 kernel: [ 2027.448973] 
Nov  6 18:22:17 kashrinivaasan-Inspiron-1545 kernel: [ 2027.448975] 
Nov  6 18:22:17 kashrinivaasan-Inspiron-1545 kernel: [ 2027.448977] 
Nov  6 18:22:17 kashrinivaasan-Inspiron-1545 kernel: [ 2027.448980] 
Nov  6 18:22:17 kashrinivaasan-Inspiron-1545 kernel: [ 2027.448982] 
Nov  6 18:22:17 kashrinivaasan-Inspiron-1545 kernel: [ 2027.448984] 
Nov  6 18:22:17 kashrinivaasan-Inspiron-1545 kernel: [ 2027.448986] 
Nov  6 18:22:17 kashrinivaasan-Inspiron-1545 kernel: [ 2027.448989] 
Nov  6 18:22:17 kashrinivaasan-Inspiron-1545 kernel: [ 2027.448991] 
Nov  6 18:22:17 kashrinivaasan-Inspiron-1545 kernel: [ 2027.448993] 
Nov  6 18:22:17 kashrinivaasan-Inspiron-1545 kernel: [ 2027.448995] 
Nov  6 18:22:17 kashrinivaasan-Inspiron-1545 kernel: [ 2027.448998] 
Nov  6 18:22:17 kashrinivaasan-Inspiron-1545 kernel: [ 2027.449000] 
Nov  6 18:22:17 kashrinivaasan-Inspiron-1545 kernel: [ 2027.449002] 
Nov  6 18:22:17 kashrinivaasan-Inspiron-1545 kernel: [ 2027.449004] 
Nov  6 18:22:17 kashrinivaasan-Inspiron-1545 kernel: [ 2027.449007] 
Nov  6 18:22:17 kashrinivaasan-Inspiron-1545 kernel: [ 2027.449009] 
Nov  6 18:22:17 kashrinivaasan-Inspiron-1545 kernel: [ 2027.449011] 
Nov  6 18:22:17 kashrinivaasan-Inspiron-1545 kernel: [ 2027.449013] 
Nov  6 18:22:17 kashrinivaasan-Inspiron-1545 kernel: [ 2027.449016] 
Nov  6 18:22:17 kashrinivaasan-Inspiron-1545 kernel: [ 2027.449018] 
Nov  6 18:22:17 kashrinivaasan-Inspiron-1545 kernel: [ 2027.449020] 
Nov  6 18:22:17 kashrinivaasan-Inspiron-1545 kernel: [ 2027.449022] 
Nov  6 18:22:17 kashrinivaasan-Inspiron-1545 kernel: [ 2027.449025] 
Nov  6 18:22:17 kashrinivaasan-Inspiron-1545 kernel: [ 2027.449027] 
Nov  6 18:22:17 kashrinivaasan-Inspiron-1545 kernel: [ 2027.449029] 
Nov  6 18:22:17 kashrinivaasan-Inspiron-1545 kernel: [ 2027.449031] 
Nov  6 18:22:17 kashrinivaasan-Inspiron-1545 kernel: [ 2027.449034] 
Nov  6 18:22:17 kashrinivaasan-Inspiron-1545 kernel: [ 2027.449036] 
Nov  6 18:22:17 kashrinivaasan-Inspiron-1545 kernel: [ 2027.449038] 
Nov  6 18:22:17 kashrinivaasan-Inspiron-1545 kernel: [ 2027.449040] 
Nov  6 18:22:17 kashrinivaasan-Inspiron-1545 kernel: [ 2027.449042] 
Nov  6 18:22:17 kashrinivaasan-Inspiron-1545 kernel: [ 2027.449045] 
Nov  6 18:22:17 kashrinivaasan-Inspiron-1545 kernel: [ 2027.449047] 
Nov  6 18:22:17 kashrinivaasan-Inspiron-1545 kernel: [ 2027.449049] 
Nov  6 18:22:17 kashrinivaasan-Inspiron-1545 kernel: [ 2027.449051] 
Nov  6 18:22:17 kashrinivaasan-Inspiron-1545 kernel: [ 2027.449054] 
Nov  6 18:22:17 kashrinivaasan-Inspiron-1545 kernel: [ 2027.449056] <6>[ 2027.449057] 
Nov  6 18:22:17 kashrinivaasan-Inspiron-1545 kernel: [ 2027.449059] virgocloudexec_mempool_recvfrom(): kernel_recvmsg() le32 to cpu virgo_cloud_set("e7684c00","testdata")
Nov  6 18:22:17 kashrinivaasan-Inspiron-1545 kernel: [ 2027.449059] 
Nov  6 18:22:17 kashrinivaasan-Inspiron-1545 kernel: [ 2027.449062] virgocloudexec_mempool_recvfrom(): mempoolFunction : virgo_cloud_set("e7684c00","testdata") 
Nov  6 18:22:17 kashrinivaasan-Inspiron-1545 kernel: [ 2027.449065] parse_virgomempool_command: vmargs->mempool_cmd: virgo_cloud_set
Nov  6 18:22:17 kashrinivaasan-Inspiron-1545 kernel: [ 2027.449067] parse_virgomempool_command: vmargs->mempool_args[0]: "e7684c00"
Nov  6 18:22:17 kashrinivaasan-Inspiron-1545 kernel: [ 2027.449069] parse_virgomempool_command: vmargs->mempool_args[1]: "testdata"
Nov  6 18:22:17 kashrinivaasan-Inspiron-1545 kernel: [ 2027.449071] mempool_func(): creating kernel thread and waking up, parameterIsExecutable=2
Nov  6 18:22:17 kashrinivaasan-Inspiron-1545 kernel: [ 2027.449073] Creating Kernel Thread for virgo_cloud_set in virgo_cloud_mempool_kernelspace mempool driver module with mempool_args[0]="e7684c00", mempool_args[1]="testdata"
Nov  6 18:22:17 kashrinivaasan-Inspiron-1545 kernel: [ 2027.449076] virgo_cloud_mempool_kernelspace.c:Executing virgo_cloud_mempool on cloud node, Invoking virgo_cloud_set_kernelspace(), Writing to file opened by Kernel, Kernel Space to User space communication works
Nov  6 18:22:17 kashrinivaasan-Inspiron-1545 kernel: [ 2027.449079] virgo_cloud_set_kernelspace(): vmargs->mempool_cmd=virgo_cloud_set, vmargs->mempool_args[0] = "e7684c00"
Nov  6 18:22:17 kashrinivaasan-Inspiron-1545 kernel: [ 2027.449079] , vmargs->mempool_args[1]="testdata" 
Nov  6 18:22:17 kashrinivaasan-Inspiron-1545 kernel: [ 2027.449082] virgo_parse_integer(): *s=", res=0
Nov  6 18:22:17 kashrinivaasan-Inspiron-1545 kernel: [ 2027.449084] virgo_parse_integer(): *s=e, res=0
Nov  6 18:22:17 kashrinivaasan-Inspiron-1545 kernel: [ 2027.449086] virgo_parse_integer(): *s=7, res=14
Nov  6 18:22:17 kashrinivaasan-Inspiron-1545 kernel: [ 2027.449088] virgo_parse_integer(): *s=6, res=231
Nov  6 18:22:17 kashrinivaasan-Inspiron-1545 kernel: [ 2027.449089] virgo_parse_integer(): *s=8, res=3702
Nov  6 18:22:17 kashrinivaasan-Inspiron-1545 kernel: [ 2027.449091] virgo_parse_integer(): *s=4, res=59240
Nov  6 18:22:17 kashrinivaasan-Inspiron-1545 kernel: [ 2027.449093] virgo_parse_integer(): *s=c, res=947844
Nov  6 18:22:17 kashrinivaasan-Inspiron-1545 kernel: [ 2027.449095] virgo_parse_integer(): *s=0, res=15165516
Nov  6 18:22:17 kashrinivaasan-Inspiron-1545 kernel: [ 2027.449097] virgo_parse_integer(): *s=0, res=242648256
Nov  6 18:22:17 kashrinivaasan-Inspiron-1545 kernel: [ 2027.449099] virgo_parse_integer(): *s=", res=-412595200
Nov  6 18:22:17 kashrinivaasan-Inspiron-1545 kernel: [ 2027.449102] toKernelAddress(): virgo_parse_integer: ll3=-412595200, (char*)ll3=  (null), (void*)ll3=e7684c00, strAddress=[]
Nov  6 18:22:17 kashrinivaasan-Inspiron-1545 kernel: [ 2027.449104] virgo_cloud_set_kernelspace(): ptr set by toKernelAddress=e7684c00
Nov  6 18:22:17 kashrinivaasan-Inspiron-1545 kernel: [ 2027.449106] virgo_cloud_set_kernelspace(): address=e7684c00, data to be set="testdata", data after set="testdata"
Nov  6 18:22:17 kashrinivaasan-Inspiron-1545 kernel: [ 2027.449108] mempool_func(): virgo mempool kernelspace module returns value virgo_mempool_ret=  (null)
Nov  6 18:22:17 kashrinivaasan-Inspiron-1545 kernel: [ 2027.449110] virgo_mempool_client_thread(): virgo_mempool_ops.virgo_mempool_sendto()
Nov  6 18:22:17 kashrinivaasan-Inspiron-1545 kernel: [ 2027.449112] toAddressString(): address=  (null), sprintf strAddress=[  (null)]
Nov  6 18:22:17 kashrinivaasan-Inspiron-1545 kernel: [ 2027.449114] virgocloudexec_mempool_sendto(): before kernel_sendmsg() for send buffer:   (null)
Nov  6 18:22:17 kashrinivaasan-Inspiron-1545 kernel: [ 2027.449138] virgocloudexec_mempool_sendto(): kernel_sendmsg() returns ret: 500
Nov  6 18:22:17 kashrinivaasan-Inspiron-1545 kernel: [ 2027.449140] virgocloudexec_mempool_sendto(): Shut down Kernel Side Client Socket with SOCK_WAKE_URG after sendmsg 
Nov  6 18:22:17 kashrinivaasan-Inspiron-1545 kernel: [ 2027.449157] virgocloudexec_mempool_sendto(): sock_release invoked on client socket 
Nov  6 18:22:19 kashrinivaasan-Inspiron-1545 kernel: [ 2029.828975] virgo_cloudexec_mempool_service(): virgo mempool client thread per request 
Nov  6 18:22:19 kashrinivaasan-Inspiron-1545 kernel: [ 2029.829053] virgo_cloudexec_mempool_service(): virgo_mempool_ops.virgo_create() 
Nov  6 18:22:19 kashrinivaasan-Inspiron-1545 kernel: [ 2029.829124] virgo_mempool_client_thread(): virgo_mempool_ops.virgo_mempool_recvfrom()
Nov  6 18:22:19 kashrinivaasan-Inspiron-1545 kernel: [ 2029.829128] virgocloudexec_mempool_recvfrom(): before kernel_recvmsg()
Nov  6 18:23:37 kashrinivaasan-Inspiron-1545 kernel: imklog 5.8.6, log source = /proc/kmsg started.
Nov  6 18:23:37 kashrinivaasan-Inspiron-1545 kernel: [    0.000000] Initializing cgroup subsys cpuset
Nov  6 18:23:37 kashrinivaasan-Inspiron-1545 kernel: [    0.000000] Initializing cgroup subsys cpu
Nov  6 18:23:37 kashrinivaasan-Inspiron-1545 kernel: [    0.000000] Linux version 3.7.8 (root@kashrinivaasan-Inspiron-1545) (gcc version 4.4.1 (GCC) ) #1 SMP Wed Nov 6 15:57:52 IST 2013
Nov  6 18:23:37 kashrinivaasan-Inspiron-1545 kernel: [    0.000000] KERNEL supported cpus:
Nov  6 18:23:37 kashrinivaasan-Inspiron-1545 kernel: [    0.000000]   Intel GenuineIntel
Nov  6 18:23:37 kashrinivaasan-Inspiron-1545 kernel: [    0.000000]   AMD AuthenticAMD
Nov  6 18:23:37 kashrinivaasan-Inspiron-1545 kernel: [    0.000000]   NSC Geode by NSC
Nov  6 18:23:37 kashrinivaasan-Inspiron-1545 kernel: [    0.000000]   Cyrix CyrixInstead
Nov  6 18:23:37 kashrinivaasan-Inspiron-1545 kernel: [    0.000000]   Centaur CentaurHauls
Nov  6 18:23:37 kashrinivaasan-Inspiron-1545 kernel: [    0.000000]   Transmeta GenuineTMx86
Nov  6 18:23:37 kashrinivaasan-Inspiron-1545 kernel: [    0.000000]   Transmeta TransmetaCPU
Nov  6 18:23:37 kashrinivaasan-Inspiron-1545 kernel: [    0.000000]   UMC UMC UMC UMC
Nov  6 18:23:37 kashrinivaasan-Inspiron-1545 kernel: [    0.000000] e820: BIOS-provided physical RAM map:
Nov  6 18:23:37 kashrinivaasan-Inspiron-1545 kernel: [    0.000000] BIOS-e820: [mem 0x0000000000000000-0x000000000009efff] usable
Nov  6 18:23:37 kashrinivaasan-Inspiron-1545 kernel: [    0.000000] BIOS-e820: [mem 0x000000000009f000-0x000000000009ffff] reserved
Nov  6 18:23:37 kashrinivaasan-Inspiron-1545 kernel: [    0.000000] BIOS-e820: [mem 0x0000000000100000-0x00000000bd8bf3ff] usable
Nov  6 18:23:37 kashrinivaasan-Inspiron-1545 kernel: [    0.000000] BIOS-e820: [mem 0x00000000bd8bf400-0x00000000bdac13ff] ACPI NVS
Nov  6 18:23:37 kashrinivaasan-Inspiron-1545 kernel: [    0.000000] BIOS-e820: [mem 0x00000000bdac1400-0x00000000bfffffff] reserved
Nov  6 18:23:37 kashrinivaasan-Inspiron-1545 kernel: [    0.000000] BIOS-e820: [mem 0x00000000f8000000-0x00000000fbffffff] reserved
Nov  6 18:23:37 kashrinivaasan-Inspiron-1545 kernel: [    0.000000] BIOS-e820: [mem 0x00000000fec00000-0x00000000fec0ffff] reserved
Nov  6 18:23:37 kashrinivaasan-Inspiron-1545 kernel: [    0.000000] BIOS-e820: [mem 0x00000000fed18000-0x00000000fed1bfff] reserved
Nov  6 18:23:37 kashrinivaasan-Inspiron-1545 kernel: [    0.000000] BIOS-e820: [mem 0x00000000fed20000-0x00000000fed8ffff] reserved
Nov  6 18:23:37 kashrinivaasan-Inspiron-1545 kernel: [    0.000000] BIOS-e820: [mem 0x00000000feda0000-0x00000000feda5fff] reserved
Nov  6 18:23:37 kashrinivaasan-Inspiron-1545 kernel: [    0.000000] BIOS-e820: [mem 0x00000000fee00000-0x00000000fee0ffff] reserved
Nov  6 18:23:37 kashrinivaasan-Inspiron-1545 kernel: [    0.000000] BIOS-e820: [mem 0x00000000ffe00000-0x00000000ffffffff] reserved
Nov  6 18:23:37 kashrinivaasan-Inspiron-1545 kernel: [    0.000000] NX (Execute Disable) protection: active
Nov  6 18:23:37 kashrinivaasan-Inspiron-1545 kernel: [    0.000000] SMBIOS 2.4 present.
Nov  6 18:23:37 kashrinivaasan-Inspiron-1545 kernel: [    0.000000] DMI: Dell Inc. Inspiron 1545                   /0J037P, BIOS A14 12/07/2009
Nov  6 18:23:37 kashrinivaasan-Inspiron-1545 kernel: [    0.000000] e820: update [mem 0x00000000-0x0000ffff] usable ==> reserved
Nov  6 18:23:37 kashrinivaasan-Inspiron-1545 kernel: [    0.000000] e820: remove [mem 0x000a0000-0x000fffff] usable
Nov  6 18:23:37 kashrinivaasan-Inspiron-1545 kernel: [    0.000000] e820: last_pfn = 0xbd8bf max_arch_pfn = 0x1000000
Nov  6 18:23:37 kashrinivaasan-Inspiron-1545 kernel: [    0.000000] MTRR default type: uncachable
Nov  6 18:23:37 kashrinivaasan-Inspiron-1545 kernel: [    0.000000] MTRR fixed ranges enabled:
Nov  6 18:23:37 kashrinivaasan-Inspiron-1545 kernel: [    0.000000]   00000-9FFFF write-back
Nov  6 18:23:37 kashrinivaasan-Inspiron-1545 kernel: [    0.000000]   A0000-BFFFF uncachable
Nov  6 18:23:37 kashrinivaasan-Inspiron-1545 kernel: [    0.000000]   C0000-CFFFF write-protect
Nov  6 18:23:37 kashrinivaasan-Inspiron-1545 kernel: [    0.000000]   D0000-EFFFF uncachable
Nov  6 18:23:37 kashrinivaasan-Inspiron-1545 kernel: [    0.000000]   F0000-FFFFF write-protect
Nov  6 18:23:37 kashrinivaasan-Inspiron-1545 kernel: [    0.000000] MTRR variable ranges enabled:
Nov  6 18:23:37 kashrinivaasan-Inspiron-1545 kernel: [    0.000000]   0 base 000000000 mask 800000000 write-back
Nov  6 18:23:37 kashrinivaasan-Inspiron-1545 kernel: [    0.000000]   1 base 0E0000000 mask FE0000000 uncachable
Nov  6 18:23:37 kashrinivaasan-Inspiron-1545 kernel: [    0.000000]   2 base 0BDC00000 mask FFFC00000 uncachable
Nov  6 18:23:37 kashrinivaasan-Inspiron-1545 kernel: [    0.000000]   3 base 0BE000000 mask FFE000000 uncachable
Nov  6 18:23:37 kashrinivaasan-Inspiron-1545 kernel: [    0.000000]   4 disabled
Nov  6 18:23:37 kashrinivaasan-Inspiron-1545 kernel: [    0.000000]   5 disabled
Nov  6 18:23:37 kashrinivaasan-Inspiron-1545 kernel: [    0.000000]   6 disabled
Nov  6 18:23:37 kashrinivaasan-Inspiron-1545 kernel: [    0.000000] x86 PAT enabled: cpu 0, old 0x7040600070406, new 0x7010600070106
Nov  6 18:23:37 kashrinivaasan-Inspiron-1545 kernel: [    0.000000] original variable MTRRs
Nov  6 18:23:37 kashrinivaasan-Inspiron-1545 kernel: [    0.000000] reg 0, base: 0GB, range: 32GB, type WB
Nov  6 18:23:37 kashrinivaasan-Inspiron-1545 kernel: [    0.000000] reg 1, base: 3584MB, range: 512MB, type UC
Nov  6 18:23:37 kashrinivaasan-Inspiron-1545 kernel: [    0.000000] reg 2, base: 3036MB, range: 4MB, type UC
Nov  6 18:23:37 kashrinivaasan-Inspiron-1545 kernel: [    0.000000] reg 3, base: 3040MB, range: 32MB, type UC
Nov  6 18:23:37 kashrinivaasan-Inspiron-1545 kernel: [    0.000000] total RAM covered: 32220M
Nov  6 18:23:37 kashrinivaasan-Inspiron-1545 kernel: [    0.000000]  gran_size: 64K 	chunk_size: 64K 	num_reg: 7  	lose cover RAM: 29188M
Nov  6 18:23:37 kashrinivaasan-Inspiron-1545 kernel: [    0.000000]  gran_size: 64K 	chunk_size: 128K 	num_reg: 7  	lose cover RAM: 29188M
Nov  6 18:23:37 kashrinivaasan-Inspiron-1545 kernel: [    0.000000]  gran_size: 64K 	chunk_size: 256K 	num_reg: 7  	lose cover RAM: 29188M
Nov  6 18:23:37 kashrinivaasan-Inspiron-1545 kernel: [    0.000000]  gran_size: 64K 	chunk_size: 512K 	num_reg: 7  	lose cover RAM: 29188M
Nov  6 18:23:37 kashrinivaasan-Inspiron-1545 kernel: [    0.000000]  gran_size: 64K 	chunk_size: 1M 	num_reg: 7  	lose cover RAM: 29188M
Nov  6 18:23:37 kashrinivaasan-Inspiron-1545 kernel: [    0.000000]  gran_size: 64K 	chunk_size: 2M 	num_reg: 7  	lose cover RAM: 29188M
Nov  6 18:23:37 kashrinivaasan-Inspiron-1545 kernel: [    0.000000]  gran_size: 64K 	chunk_size: 4M 	num_reg: 7  	lose cover RAM: 29188M
Nov  6 18:23:37 kashrinivaasan-Inspiron-1545 kernel: [    0.000000]  gran_size: 64K 	chunk_size: 8M 	num_reg: 7  	lose cover RAM: 29184M
Nov  6 18:23:37 kashrinivaasan-Inspiron-1545 kernel: [    0.000000]  gran_size: 64K 	chunk_size: 16M 	num_reg: 7  	lose cover RAM: 29184M
Nov  6 18:23:37 kashrinivaasan-Inspiron-1545 kernel: [    0.000000]  gran_size: 64K 	chunk_size: 32M 	num_reg: 7  	lose cover RAM: 29184M
Nov  6 18:23:37 kashrinivaasan-Inspiron-1545 kernel: [    0.000000]  gran_size: 64K 	chunk_size: 64M 	num_reg: 7  	lose cover RAM: 16G
Nov  6 18:23:37 kashrinivaasan-Inspiron-1545 kernel: [    0.000000]  gran_size: 64K 	chunk_size: 128M 	num_reg: 7  	lose cover RAM: 16G
Nov  6 18:23:37 kashrinivaasan-Inspiron-1545 kernel: [    0.000000]  gran_size: 64K 	chunk_size: 256M 	num_reg: 7  	lose cover RAM: 16G
Nov  6 18:23:37 kashrinivaasan-Inspiron-1545 kernel: [    0.000000]  gran_size: 64K 	chunk_size: 512M 	num_reg: 7  	lose cover RAM: 16G
Nov  6 18:23:37 kashrinivaasan-Inspiron-1545 kernel: [    0.000000]  gran_size: 64K 	chunk_size: 1G 	num_reg: 7  	lose cover RAM: 16G
Nov  6 18:23:37 kashrinivaasan-Inspiron-1545 kernel: [    0.000000]  gran_size: 64K 	chunk_size: 2G 	num_reg: 7  	lose cover RAM: 29188M
Nov  6 18:23:37 kashrinivaasan-Inspiron-1545 kernel: [    0.000000]  gran_size: 128K 	chunk_size: 128K 	num_reg: 7  	lose cover RAM: 29188M
Nov  6 18:23:37 kashrinivaasan-Inspiron-1545 kernel: [    0.000000]  gran_size: 128K 	chunk_size: 256K 	num_reg: 7  	lose cover RAM: 29188M
Nov  6 18:23:37 kashrinivaasan-Inspiron-1545 kernel: [    0.000000]  gran_size: 128K 	chunk_size: 512K 	num_reg: 7  	lose cover RAM: 29188M
Nov  6 18:23:37 kashrinivaasan-Inspiron-1545 kernel: [    0.000000]  gran_size: 128K 	chunk_size: 1M 	num_reg: 7  	lose cover RAM: 29188M
Nov  6 18:23:37 kashrinivaasan-Inspiron-1545 kernel: [    0.000000]  gran_size: 128K 	chunk_size: 2M 	num_reg: 7  	lose cover RAM: 29188M
Nov  6 18:23:37 kashrinivaasan-Inspiron-1545 kernel: [    0.000000]  gran_size: 128K 	chunk_size: 4M 	num_reg: 7  	lose cover RAM: 29188M
Nov  6 18:23:37 kashrinivaasan-Inspiron-1545 kernel: [    0.000000]  gran_size: 128K 	chunk_size: 8M 	num_reg: 7  	lose cover RAM: 29184M
Nov  6 18:23:37 kashrinivaasan-Inspiron-1545 kernel: [    0.000000]  gran_size: 128K 	chunk_size: 16M 	num_reg: 7  	lose cover RAM: 29184M
Nov  6 18:23:37 kashrinivaasan-Inspiron-1545 kernel: [    0.000000]  gran_size: 128K 	chunk_size: 32M 	num_reg: 7  	lose cover RAM: 29184M
Nov  6 18:23:37 kashrinivaasan-Inspiron-1545 kernel: [    0.000000]  gran_size: 128K 	chunk_size: 64M 	num_reg: 7  	lose cover RAM: 16G
Nov  6 18:23:37 kashrinivaasan-Inspiron-1545 kernel: [    0.000000]  gran_size: 128K 	chunk_size: 128M 	num_reg: 7  	lose cover RAM: 16G
Nov  6 18:23:37 kashrinivaasan-Inspiron-1545 kernel: [    0.000000]  gran_size: 128K 	chunk_size: 256M 	num_reg: 7  	lose cover RAM: 16G
Nov  6 18:23:37 kashrinivaasan-Inspiron-1545 kernel: [    0.000000]  gran_size: 128K 	chunk_size: 512M 	num_reg: 7  	lose cover RAM: 16G
Nov  6 18:23:37 kashrinivaasan-Inspiron-1545 kernel: [    0.000000]  gran_size: 128K 	chunk_size: 1G 	num_reg: 7  	lose cover RAM: 16G
Nov  6 18:23:37 kashrinivaasan-Inspiron-1545 kernel: [    0.000000]  gran_size: 128K 	chunk_size: 2G 	num_reg: 7  	lose cover RAM: 29188M
Nov  6 18:23:37 kashrinivaasan-Inspiron-1545 kernel: [    0.000000]  gran_size: 256K 	chunk_size: 256K 	num_reg: 7  	lose cover RAM: 29188M
Nov  6 18:23:37 kashrinivaasan-Inspiron-1545 kernel: [    0.000000]  gran_size: 256K 	chunk_size: 512K 	num_reg: 7  	lose cover RAM: 29188M
Nov  6 18:23:37 kashrinivaasan-Inspiron-1545 kernel: [    0.000000]  gran_size: 256K 	chunk_size: 1M 	num_reg: 7  	lose cover RAM: 29188M
Nov  6 18:23:37 kashrinivaasan-Inspiron-1545 kernel: [    0.000000]  gran_size: 256K 	chunk_size: 2M 	num_reg: 7  	lose cover RAM: 29188M
Nov  6 18:23:37 kashrinivaasan-Inspiron-1545 kernel: [    0.000000]  gran_size: 256K 	chunk_size: 4M 	num_reg: 7  	lose cover RAM: 29188M
Nov  6 18:23:37 kashrinivaasan-Inspiron-1545 kernel: [    0.000000]  gran_size: 256K 	chunk_size: 8M 	num_reg: 7  	lose cover RAM: 29184M
Nov  6 18:23:37 kashrinivaasan-Inspiron-1545 kernel: [    0.000000]  gran_size: 256K 	chunk_size: 16M 	num_reg: 7  	lose cover RAM: 29184M
Nov  6 18:23:37 kashrinivaasan-Inspiron-1545 kernel: [    0.000000]  gran_size: 256K 	chunk_size: 32M 	num_reg: 7  	lose cover RAM: 29184M
Nov  6 18:23:37 kashrinivaasan-Inspiron-1545 kernel: [    0.000000]  gran_size: 256K 	chunk_size: 64M 	num_reg: 7  	lose cover RAM: 16G
Nov  6 18:23:37 kashrinivaasan-Inspiron-1545 kernel: [    0.000000]  gran_size: 256K 	chunk_size: 128M 	num_reg: 7  	lose cover RAM: 16G
Nov  6 18:23:37 kashrinivaasan-Inspiron-1545 kernel: [    0.000000]  gran_size: 256K 	chunk_size: 256M 	num_reg: 7  	lose cover RAM: 16G
Nov  6 18:23:37 kashrinivaasan-Inspiron-1545 kernel: [    0.000000]  gran_size: 256K 	chunk_size: 512M 	num_reg: 7  	lose cover RAM: 16G
Nov  6 18:23:37 kashrinivaasan-Inspiron-1545 kernel: [    0.000000]  gran_size: 256K 	chunk_size: 1G 	num_reg: 7  	lose cover RAM: 16G
Nov  6 18:23:37 kashrinivaasan-Inspiron-1545 kernel: [    0.000000]  gran_size: 256K 	chunk_size: 2G 	num_reg: 7  	lose cover RAM: 29188M
Nov  6 18:23:37 kashrinivaasan-Inspiron-1545 kernel: [    0.000000]  gran_size: 512K 	chunk_size: 512K 	num_reg: 7  	lose cover RAM: 29188M
Nov  6 18:23:37 kashrinivaasan-Inspiron-1545 kernel: [    0.000000]  gran_size: 512K 	chunk_size: 1M 	num_reg: 7  	lose cover RAM: 29188M
Nov  6 18:23:37 kashrinivaasan-Inspiron-1545 kernel: [    0.000000]  gran_size: 512K 	chunk_size: 2M 	num_reg: 7  	lose cover RAM: 29188M
Nov  6 18:23:37 kashrinivaasan-Inspiron-1545 kernel: [    0.000000]  gran_size: 512K 	chunk_size: 4M 	num_reg: 7  	lose cover RAM: 29188M
Nov  6 18:23:37 kashrinivaasan-Inspiron-1545 kernel: [    0.000000]  gran_size: 512K 	chunk_size: 8M 	num_reg: 7  	lose cover RAM: 29184M
Nov  6 18:23:37 kashrinivaasan-Inspiron-1545 kernel: [    0.000000]  gran_size: 512K 	chunk_size: 16M 	num_reg: 7  	lose cover RAM: 29184M
Nov  6 18:23:37 kashrinivaasan-Inspiron-1545 kernel: [    0.000000]  gran_size: 512K 	chunk_size: 32M 	num_reg: 7  	lose cover RAM: 29184M
Nov  6 18:23:37 kashrinivaasan-Inspiron-1545 kernel: [    0.000000]  gran_size: 512K 	chunk_size: 64M 	num_reg: 7  	lose cover RAM: 16G
Nov  6 18:23:37 kashrinivaasan-Inspiron-1545 kernel: [    0.000000]  gran_size: 512K 	chunk_size: 128M 	num_reg: 7  	lose cover RAM: 16G
Nov  6 18:23:37 kashrinivaasan-Inspiron-1545 kernel: [    0.000000]  gran_size: 512K 	chunk_size: 256M 	num_reg: 7  	lose cover RAM: 16G
Nov  6 18:23:37 kashrinivaasan-Inspiron-1545 kernel: [    0.000000]  gran_size: 512K 	chunk_size: 512M 	num_reg: 7  	lose cover RAM: 16G
Nov  6 18:23:37 kashrinivaasan-Inspiron-1545 kernel: [    0.000000]  gran_size: 512K 	chunk_size: 1G 	num_reg: 7  	lose cover RAM: 16G
Nov  6 18:23:37 kashrinivaasan-Inspiron-1545 kernel: [    0.000000]  gran_size: 512K 	chunk_size: 2G 	num_reg: 7  	lose cover RAM: 29188M
Nov  6 18:23:37 kashrinivaasan-Inspiron-1545 kernel: [    0.000000]  gran_size: 1M 	chunk_size: 1M 	num_reg: 7  	lose cover RAM: 29188M
Nov  6 18:23:37 kashrinivaasan-Inspiron-1545 kernel: [    0.000000]  gran_size: 1M 	chunk_size: 2M 	num_reg: 7  	lose cover RAM: 29188M
Nov  6 18:23:37 kashrinivaasan-Inspiron-1545 kernel: [    0.000000]  gran_size: 1M 	chunk_size: 4M 	num_reg: 7  	lose cover RAM: 29188M
Nov  6 18:23:37 kashrinivaasan-Inspiron-1545 kernel: [    0.000000]  gran_size: 1M 	chunk_size: 8M 	num_reg: 7  	lose cover RAM: 29184M
Nov  6 18:23:37 kashrinivaasan-Inspiron-1545 kernel: [    0.000000]  gran_size: 1M 	chunk_size: 16M 	num_reg: 7  	lose cover RAM: 29184M
Nov  6 18:23:37 kashrinivaasan-Inspiron-1545 kernel: [    0.000000]  gran_size: 1M 	chunk_size: 32M 	num_reg: 7  	lose cover RAM: 29184M
Nov  6 18:23:37 kashrinivaasan-Inspiron-1545 kernel: [    0.000000]  gran_size: 1M 	chunk_size: 64M 	num_reg: 7  	lose cover RAM: 16G
Nov  6 18:23:37 kashrinivaasan-Inspiron-1545 kernel: [    0.000000]  gran_size: 1M 	chunk_size: 128M 	num_reg: 7  	lose cover RAM: 16G
Nov  6 18:23:37 kashrinivaasan-Inspiron-1545 kernel: [    0.000000]  gran_size: 1M 	chunk_size: 256M 	num_reg: 7  	lose cover RAM: 16G
Nov  6 18:23:37 kashrinivaasan-Inspiron-1545 kernel: [    0.000000]  gran_size: 1M 	chunk_size: 512M 	num_reg: 7  	lose cover RAM: 16G
Nov  6 18:23:37 kashrinivaasan-Inspiron-1545 kernel: [    0.000000]  gran_size: 1M 	chunk_size: 1G 	num_reg: 7  	lose cover RAM: 16G
Nov  6 18:23:37 kashrinivaasan-Inspiron-1545 kernel: [    0.000000]  gran_size: 1M 	chunk_size: 2G 	num_reg: 7  	lose cover RAM: 29188M
Nov  6 18:23:37 kashrinivaasan-Inspiron-1545 kernel: [    0.000000]  gran_size: 2M 	chunk_size: 2M 	num_reg: 7  	lose cover RAM: 29188M
Nov  6 18:23:37 kashrinivaasan-Inspiron-1545 kernel: [    0.000000]  gran_size: 2M 	chunk_size: 4M 	num_reg: 7  	lose cover RAM: 29188M
Nov  6 18:23:37 kashrinivaasan-Inspiron-1545 kernel: [    0.000000]  gran_size: 2M 	chunk_size: 8M 	num_reg: 7  	lose cover RAM: 29184M
Nov  6 18:23:37 kashrinivaasan-Inspiron-1545 kernel: [    0.000000]  gran_size: 2M 	chunk_size: 16M 	num_reg: 7  	lose cover RAM: 29184M
Nov  6 18:23:37 kashrinivaasan-Inspiron-1545 kernel: [    0.000000]  gran_size: 2M 	chunk_size: 32M 	num_reg: 7  	lose cover RAM: 29184M
Nov  6 18:23:37 kashrinivaasan-Inspiron-1545 kernel: [    0.000000]  gran_size: 2M 	chunk_size: 64M 	num_reg: 7  	lose cover RAM: 16G
Nov  6 18:23:37 kashrinivaasan-Inspiron-1545 kernel: [    0.000000]  gran_size: 2M 	chunk_size: 128M 	num_reg: 7  	lose cover RAM: 16G
Nov  6 18:23:37 kashrinivaasan-Inspiron-1545 kernel: [    0.000000]  gran_size: 2M 	chunk_size: 256M 	num_reg: 7  	lose cover RAM: 16G
Nov  6 18:23:37 kashrinivaasan-Inspiron-1545 kernel: [    0.000000]  gran_size: 2M 	chunk_size: 512M 	num_reg: 7  	lose cover RAM: 16G
Nov  6 18:23:37 kashrinivaasan-Inspiron-1545 kernel: [    0.000000]  gran_size: 2M 	chunk_size: 1G 	num_reg: 7  	lose cover RAM: 16G
Nov  6 18:23:37 kashrinivaasan-Inspiron-1545 kernel: [    0.000000]  gran_size: 2M 	chunk_size: 2G 	num_reg: 7  	lose cover RAM: 29188M
Nov  6 18:23:37 kashrinivaasan-Inspiron-1545 kernel: [    0.000000]  gran_size: 4M 	chunk_size: 4M 	num_reg: 7  	lose cover RAM: 29188M
Nov  6 18:23:37 kashrinivaasan-Inspiron-1545 kernel: [    0.000000]  gran_size: 4M 	chunk_size: 8M 	num_reg: 7  	lose cover RAM: 29184M
Nov  6 18:23:37 kashrinivaasan-Inspiron-1545 kernel: [    0.000000]  gran_size: 4M 	chunk_size: 16M 	num_reg: 7  	lose cover RAM: 29184M
Nov  6 18:23:37 kashrinivaasan-Inspiron-1545 kernel: [    0.000000]  gran_size: 4M 	chunk_size: 32M 	num_reg: 7  	lose cover RAM: 29184M
Nov  6 18:23:37 kashrinivaasan-Inspiron-1545 kernel: [    0.000000]  gran_size: 4M 	chunk_size: 64M 	num_reg: 7  	lose cover RAM: 16G
Nov  6 18:23:37 kashrinivaasan-Inspiron-1545 kernel: [    0.000000]  gran_size: 4M 	chunk_size: 128M 	num_reg: 7  	lose cover RAM: 16G
Nov  6 18:23:37 kashrinivaasan-Inspiron-1545 kernel: [    0.000000]  gran_size: 4M 	chunk_size: 256M 	num_reg: 7  	lose cover RAM: 16G
Nov  6 18:23:37 kashrinivaasan-Inspiron-1545 kernel: [    0.000000]  gran_size: 4M 	chunk_size: 512M 	num_reg: 7  	lose cover RAM: 16G
Nov  6 18:23:37 kashrinivaasan-Inspiron-1545 kernel: [    0.000000]  gran_size: 4M 	chunk_size: 1G 	num_reg: 7  	lose cover RAM: 16G
Nov  6 18:23:37 kashrinivaasan-Inspiron-1545 kernel: [    0.000000]  gran_size: 4M 	chunk_size: 2G 	num_reg: 7  	lose cover RAM: 29188M
Nov  6 18:23:37 kashrinivaasan-Inspiron-1545 kernel: [    0.000000]  gran_size: 8M 	chunk_size: 8M 	num_reg: 7  	lose cover RAM: 29188M
Nov  6 18:23:37 kashrinivaasan-Inspiron-1545 kernel: [    0.000000]  gran_size: 8M 	chunk_size: 16M 	num_reg: 7  	lose cover RAM: 29188M
Nov  6 18:23:37 kashrinivaasan-Inspiron-1545 kernel: [    0.000000]  gran_size: 8M 	chunk_size: 32M 	num_reg: 7  	lose cover RAM: 29188M
Nov  6 18:23:37 kashrinivaasan-Inspiron-1545 kernel: [    0.000000]  gran_size: 8M 	chunk_size: 64M 	num_reg: 7  	lose cover RAM: 16388M
Nov  6 18:23:37 kashrinivaasan-Inspiron-1545 kernel: [    0.000000]  gran_size: 8M 	chunk_size: 128M 	num_reg: 7  	lose cover RAM: 16388M
Nov  6 18:23:37 kashrinivaasan-Inspiron-1545 kernel: [    0.000000]  gran_size: 8M 	chunk_size: 256M 	num_reg: 7  	lose cover RAM: 16388M
Nov  6 18:23:37 kashrinivaasan-Inspiron-1545 kernel: [    0.000000]  gran_size: 8M 	chunk_size: 512M 	num_reg: 7  	lose cover RAM: 16388M
Nov  6 18:23:37 kashrinivaasan-Inspiron-1545 kernel: [    0.000000]  gran_size: 8M 	chunk_size: 1G 	num_reg: 7  	lose cover RAM: 16388M
Nov  6 18:23:37 kashrinivaasan-Inspiron-1545 kernel: [    0.000000]  gran_size: 8M 	chunk_size: 2G 	num_reg: 7  	lose cover RAM: 29188M
Nov  6 18:23:37 kashrinivaasan-Inspiron-1545 kernel: [    0.000000]  gran_size: 16M 	chunk_size: 16M 	num_reg: 7  	lose cover RAM: 28684M
Nov  6 18:23:37 kashrinivaasan-Inspiron-1545 kernel: [    0.000000]  gran_size: 16M 	chunk_size: 32M 	num_reg: 7  	lose cover RAM: 29196M
Nov  6 18:23:37 kashrinivaasan-Inspiron-1545 kernel: [    0.000000]  gran_size: 16M 	chunk_size: 64M 	num_reg: 7  	lose cover RAM: 16396M
Nov  6 18:23:37 kashrinivaasan-Inspiron-1545 kernel: [    0.000000]  gran_size: 16M 	chunk_size: 128M 	num_reg: 7  	lose cover RAM: 16396M
Nov  6 18:23:37 kashrinivaasan-Inspiron-1545 kernel: [    0.000000]  gran_size: 16M 	chunk_size: 256M 	num_reg: 7  	lose cover RAM: 16396M
Nov  6 18:23:37 kashrinivaasan-Inspiron-1545 kernel: [    0.000000]  gran_size: 16M 	chunk_size: 512M 	num_reg: 7  	lose cover RAM: 16396M
Nov  6 18:23:37 kashrinivaasan-Inspiron-1545 kernel: [    0.000000]  gran_size: 16M 	chunk_size: 1G 	num_reg: 7  	lose cover RAM: 16396M
Nov  6 18:23:37 kashrinivaasan-Inspiron-1545 kernel: [    0.000000]  gran_size: 16M 	chunk_size: 2G 	num_reg: 7  	lose cover RAM: 28172M
Nov  6 18:23:37 kashrinivaasan-Inspiron-1545 kernel: [    0.000000]  gran_size: 32M 	chunk_size: 32M 	num_reg: 7  	lose cover RAM: 24604M
Nov  6 18:23:37 kashrinivaasan-Inspiron-1545 kernel: [    0.000000]  gran_size: 32M 	chunk_size: 64M 	num_reg: 7  	lose cover RAM: 24604M
Nov  6 18:23:37 kashrinivaasan-Inspiron-1545 kernel: [    0.000000]  gran_size: 32M 	chunk_size: 128M 	num_reg: 7  	lose cover RAM: 28M
Nov  6 18:23:37 kashrinivaasan-Inspiron-1545 kernel: [    0.000000]  gran_size: 32M 	chunk_size: 256M 	num_reg: 7  	lose cover RAM: 28M
