Oct 31 21:08:03 kashrinivaasan-Inspiron-1545 kernel: [   26.835116] Bluetooth: SCO socket layer initialized
Oct 31 21:08:03 kashrinivaasan-Inspiron-1545 kernel: [   26.979669] type=1400 audit(1383233883.101:2): apparmor="STATUS" operation="profile_load" name="/usr/lib/lightdm/lightdm/lightdm-guest-session-wrapper" pid=1623 comm="apparmor_parser"
Oct 31 21:08:03 kashrinivaasan-Inspiron-1545 kernel: [   26.980418] type=1400 audit(1383233883.105:3): apparmor="STATUS" operation="profile_load" name="/sbin/dhclient" pid=1624 comm="apparmor_parser"
Oct 31 21:08:03 kashrinivaasan-Inspiron-1545 kernel: [   26.982070] type=1400 audit(1383233883.105:4): apparmor="STATUS" operation="profile_load" name="/usr/lib/cups/backend/cups-pdf" pid=1649 comm="apparmor_parser"
Oct 31 21:08:03 kashrinivaasan-Inspiron-1545 kernel: [   26.982110] type=1400 audit(1383233883.105:5): apparmor="STATUS" operation="profile_load" name="/usr/lib/NetworkManager/nm-dhcp-client.action" pid=1624 comm="apparmor_parser"
Oct 31 21:08:03 kashrinivaasan-Inspiron-1545 kernel: [   26.982400] type=1400 audit(1383233883.105:6): apparmor="STATUS" operation="profile_load" name="/usr/lib/connman/scripts/dhclient-script" pid=1624 comm="apparmor_parser"
Oct 31 21:08:03 kashrinivaasan-Inspiron-1545 kernel: [   26.982701] type=1400 audit(1383233883.105:7): apparmor="STATUS" operation="profile_load" name="/usr/sbin/cupsd" pid=1649 comm="apparmor_parser"
Oct 31 21:08:03 kashrinivaasan-Inspiron-1545 kernel: [   26.991336] type=1400 audit(1383233883.113:8): apparmor="STATUS" operation="profile_load" name="/usr/lib/telepathy/mission-control-5" pid=1655 comm="apparmor_parser"
Oct 31 21:08:03 kashrinivaasan-Inspiron-1545 kernel: [   26.991977] type=1400 audit(1383233883.113:9): apparmor="STATUS" operation="profile_load" name="/usr/lib/telepathy/telepathy-*" pid=1655 comm="apparmor_parser"
Oct 31 21:08:03 kashrinivaasan-Inspiron-1545 kernel: [   26.996333] type=1400 audit(1383233883.121:10): apparmor="STATUS" operation="profile_replace" name="/usr/lib/cups/backend/cups-pdf" pid=1656 comm="apparmor_parser"
Oct 31 21:08:03 kashrinivaasan-Inspiron-1545 kernel: [   26.996965] type=1400 audit(1383233883.121:11): apparmor="STATUS" operation="profile_replace" name="/usr/sbin/cupsd" pid=1656 comm="apparmor_parser"
Oct 31 21:08:03 kashrinivaasan-Inspiron-1545 kernel: [   27.197855] Bluetooth: RFCOMM TTY layer initialized
Oct 31 21:08:03 kashrinivaasan-Inspiron-1545 kernel: [   27.197869] Bluetooth: RFCOMM socket layer initialized
Oct 31 21:08:03 kashrinivaasan-Inspiron-1545 kernel: [   27.197872] Bluetooth: RFCOMM ver 1.11
Oct 31 21:08:03 kashrinivaasan-Inspiron-1545 kernel: [   27.361324] Bluetooth: BNEP (Ethernet Emulation) ver 1.3
Oct 31 21:08:03 kashrinivaasan-Inspiron-1545 kernel: [   27.361328] Bluetooth: BNEP filters: protocol multicast
Oct 31 21:08:03 kashrinivaasan-Inspiron-1545 kernel: [   27.361340] Bluetooth: BNEP socket layer initialized
Oct 31 21:08:06 kashrinivaasan-Inspiron-1545 kernel: [   30.158407] sky2 0000:09:00.0 eth0: enabling interface
Oct 31 21:08:06 kashrinivaasan-Inspiron-1545 kernel: [   30.158500] IPv6: ADDRCONF(NETDEV_UP): eth0: link is not ready
Oct 31 21:08:06 kashrinivaasan-Inspiron-1545 kernel: [   30.282647] NFSD: Using /var/lib/nfs/v4recovery as the NFSv4 state recovery directory
Oct 31 21:08:06 kashrinivaasan-Inspiron-1545 kernel: [   30.493991] NFSD: starting 90-second grace period
Oct 31 21:08:31 kashrinivaasan-Inspiron-1545 kernel: [   55.316683] sd 6:0:0:0: [sdb] Test WP failed, assume Write Enabled
Oct 31 21:08:31 kashrinivaasan-Inspiron-1545 kernel: [   55.318800] sd 6:0:0:0: [sdb] Asking for cache data failed
Oct 31 21:08:31 kashrinivaasan-Inspiron-1545 kernel: [   55.318808] sd 6:0:0:0: [sdb] Assuming drive cache: write through
Oct 31 21:09:23 kashrinivaasan-Inspiron-1545 kernel: [  107.028681] sd 6:0:0:0: [sdb] Test WP failed, assume Write Enabled
Oct 31 21:09:23 kashrinivaasan-Inspiron-1545 kernel: [  107.030800] sd 6:0:0:0: [sdb] Asking for cache data failed
Oct 31 21:09:23 kashrinivaasan-Inspiron-1545 kernel: [  107.030807] sd 6:0:0:0: [sdb] Assuming drive cache: write through
Oct 31 21:09:43 kashrinivaasan-Inspiron-1545 kernel: [  127.587822] virgo_cloudexec_mempool_service(): virgo mempool client thread per request 
Oct 31 21:09:43 kashrinivaasan-Inspiron-1545 kernel: [  127.587859] virgo_cloudexec_mempool_service(): virgo_mempool_ops.virgo_create() 
Oct 31 21:09:43 kashrinivaasan-Inspiron-1545 kernel: [  127.587865] virgo_mempool_client_thread(): virgo_mempool_ops.virgo_mempool_recvfrom()
Oct 31 21:09:43 kashrinivaasan-Inspiron-1545 kernel: [  127.587868] virgocloudexec_mempool_recvfrom(): before kernel_recvmsg()
Oct 31 21:09:54 kashrinivaasan-Inspiron-1545 kernel: [  138.817209] virgocloudexec_mempool_recvfrom(): kernel_recvmsg() returns len: 26
Oct 31 21:09:54 kashrinivaasan-Inspiron-1545 kernel: [  138.817217] strip_control_M(): str=virgo_cloud_malloc(1000)
Oct 31 21:09:54 kashrinivaasan-Inspiron-1545 kernel: [  138.817217]  before strsep
Oct 31 21:09:54 kashrinivaasan-Inspiron-1545 kernel: [  138.817222] strip_control_M(): newstr=virgo_cloud_malloc(1000) after carriage return newline strsep
Oct 31 21:09:54 kashrinivaasan-Inspiron-1545 kernel: [  138.817226] virgocloudexec_mempool_recvfrom(): kernel_recvmsg() returns in recv: iov.iov_base=, buffer: virgo_cloud_malloc(1000)
Oct 31 21:09:54 kashrinivaasan-Inspiron-1545 kernel: [  138.817226] 
Oct 31 21:09:54 kashrinivaasan-Inspiron-1545 kernel: [  138.817230] virgo_cloudexec_mempool: print_buffer(): 
Oct 31 21:09:54 kashrinivaasan-Inspiron-1545 kernel: [  138.817233] vi
Oct 31 21:09:54 kashrinivaasan-Inspiron-1545 kernel: [  138.817237] rg
Oct 31 21:09:54 kashrinivaasan-Inspiron-1545 kernel: [  138.817241] o_
Oct 31 21:09:54 kashrinivaasan-Inspiron-1545 kernel: [  138.817245] cl
Oct 31 21:09:54 kashrinivaasan-Inspiron-1545 kernel: [  138.817249] ou
Oct 31 21:09:54 kashrinivaasan-Inspiron-1545 kernel: [  138.817253] d_
Oct 31 21:09:54 kashrinivaasan-Inspiron-1545 kernel: [  138.817257] ma
Oct 31 21:09:54 kashrinivaasan-Inspiron-1545 kernel: [  138.817260] ll
Oct 31 21:09:54 kashrinivaasan-Inspiron-1545 kernel: [  138.817264] oc
Oct 31 21:09:54 kashrinivaasan-Inspiron-1545 kernel: [  138.817268] (1
Oct 31 21:09:54 kashrinivaasan-Inspiron-1545 kernel: [  138.817272] 00
Oct 31 21:09:54 kashrinivaasan-Inspiron-1545 kernel: [  138.817276] 0)
Oct 31 21:09:54 kashrinivaasan-Inspiron-1545 kernel: [  138.817279] <6>[  138.817282] 
Oct 31 21:09:54 kashrinivaasan-Inspiron-1545 kernel: [  138.817284] 
Oct 31 21:09:54 kashrinivaasan-Inspiron-1545 kernel: [  138.817286] 
Oct 31 21:09:54 kashrinivaasan-Inspiron-1545 kernel: [  138.817290] 
Oct 31 21:09:54 kashrinivaasan-Inspiron-1545 kernel: [  138.817294] 
Oct 31 21:09:54 kashrinivaasan-Inspiron-1545 kernel: [  138.817298] 
Oct 31 21:09:54 kashrinivaasan-Inspiron-1545 kernel: [  138.817302] 
Oct 31 21:09:54 kashrinivaasan-Inspiron-1545 kernel: [  138.817306] 
Oct 31 21:09:54 kashrinivaasan-Inspiron-1545 kernel: [  138.817309] 
Oct 31 21:09:54 kashrinivaasan-Inspiron-1545 kernel: [  138.817313] 
Oct 31 21:09:54 kashrinivaasan-Inspiron-1545 kernel: [  138.817317] 
Oct 31 21:09:54 kashrinivaasan-Inspiron-1545 kernel: [  138.817321] 
Oct 31 21:09:54 kashrinivaasan-Inspiron-1545 kernel: [  138.817324] 
Oct 31 21:09:54 kashrinivaasan-Inspiron-1545 kernel: [  138.817328] 
Oct 31 21:09:54 kashrinivaasan-Inspiron-1545 kernel: [  138.817332] 
Oct 31 21:09:54 kashrinivaasan-Inspiron-1545 kernel: [  138.817336] 
Oct 31 21:09:54 kashrinivaasan-Inspiron-1545 kernel: [  138.817339] 
Oct 31 21:09:54 kashrinivaasan-Inspiron-1545 kernel: [  138.817343] 
Oct 31 21:09:54 kashrinivaasan-Inspiron-1545 kernel: [  138.817347] 
Oct 31 21:09:54 kashrinivaasan-Inspiron-1545 kernel: [  138.817351] 
Oct 31 21:09:54 kashrinivaasan-Inspiron-1545 kernel: [  138.817355] 
Oct 31 21:09:54 kashrinivaasan-Inspiron-1545 kernel: [  138.817358] 
Oct 31 21:09:54 kashrinivaasan-Inspiron-1545 kernel: [  138.817362] 
Oct 31 21:09:54 kashrinivaasan-Inspiron-1545 kernel: [  138.817366] 
Oct 31 21:09:54 kashrinivaasan-Inspiron-1545 kernel: [  138.817370] 
Oct 31 21:09:54 kashrinivaasan-Inspiron-1545 kernel: [  138.817374] 
Oct 31 21:09:54 kashrinivaasan-Inspiron-1545 kernel: [  138.817377] 
Oct 31 21:09:54 kashrinivaasan-Inspiron-1545 kernel: [  138.817381] 
Oct 31 21:09:54 kashrinivaasan-Inspiron-1545 kernel: [  138.817385] 
Oct 31 21:09:54 kashrinivaasan-Inspiron-1545 kernel: [  138.817389] 
Oct 31 21:09:54 kashrinivaasan-Inspiron-1545 kernel: [  138.817392] 
Oct 31 21:09:54 kashrinivaasan-Inspiron-1545 kernel: [  138.817396] 
Oct 31 21:09:54 kashrinivaasan-Inspiron-1545 kernel: [  138.817400] 
Oct 31 21:09:54 kashrinivaasan-Inspiron-1545 kernel: [  138.817404] 
Oct 31 21:09:54 kashrinivaasan-Inspiron-1545 kernel: [  138.817408] 
Oct 31 21:09:54 kashrinivaasan-Inspiron-1545 kernel: [  138.817411] 
Oct 31 21:09:54 kashrinivaasan-Inspiron-1545 kernel: [  138.817415] 
Oct 31 21:09:54 kashrinivaasan-Inspiron-1545 kernel: [  138.817419] 
Oct 31 21:09:54 kashrinivaasan-Inspiron-1545 kernel: [  138.817423] 
Oct 31 21:09:54 kashrinivaasan-Inspiron-1545 kernel: [  138.817426] 
Oct 31 21:09:54 kashrinivaasan-Inspiron-1545 kernel: [  138.817430] 
Oct 31 21:09:54 kashrinivaasan-Inspiron-1545 kernel: [  138.817434] 
Oct 31 21:09:54 kashrinivaasan-Inspiron-1545 kernel: [  138.817438] 
Oct 31 21:09:54 kashrinivaasan-Inspiron-1545 kernel: [  138.817442] 
Oct 31 21:09:54 kashrinivaasan-Inspiron-1545 kernel: [  138.817445] 
Oct 31 21:09:54 kashrinivaasan-Inspiron-1545 kernel: [  138.817449] 
Oct 31 21:09:54 kashrinivaasan-Inspiron-1545 kernel: [  138.817453] 
Oct 31 21:09:54 kashrinivaasan-Inspiron-1545 kernel: [  138.817457] 
Oct 31 21:09:54 kashrinivaasan-Inspiron-1545 kernel: [  138.817461] 
Oct 31 21:09:54 kashrinivaasan-Inspiron-1545 kernel: [  138.817464] 
Oct 31 21:09:54 kashrinivaasan-Inspiron-1545 kernel: [  138.817468] 
Oct 31 21:09:54 kashrinivaasan-Inspiron-1545 kernel: [  138.817472] 
Oct 31 21:09:54 kashrinivaasan-Inspiron-1545 kernel: [  138.817476] 
Oct 31 21:09:54 kashrinivaasan-Inspiron-1545 kernel: [  138.817479] 
Oct 31 21:09:54 kashrinivaasan-Inspiron-1545 kernel: [  138.817483] 
Oct 31 21:09:54 kashrinivaasan-Inspiron-1545 kernel: [  138.817487] 
Oct 31 21:09:54 kashrinivaasan-Inspiron-1545 kernel: [  138.817491] 
Oct 31 21:09:54 kashrinivaasan-Inspiron-1545 kernel: [  138.817495] 
Oct 31 21:09:54 kashrinivaasan-Inspiron-1545 kernel: [  138.817499] 
Oct 31 21:09:54 kashrinivaasan-Inspiron-1545 kernel: [  138.817502] 
Oct 31 21:09:54 kashrinivaasan-Inspiron-1545 kernel: [  138.817506] 
Oct 31 21:09:54 kashrinivaasan-Inspiron-1545 kernel: [  138.817510] 
Oct 31 21:09:54 kashrinivaasan-Inspiron-1545 kernel: [  138.817514] 
Oct 31 21:09:54 kashrinivaasan-Inspiron-1545 kernel: [  138.817517] 
Oct 31 21:09:54 kashrinivaasan-Inspiron-1545 kernel: [  138.817521] 
Oct 31 21:09:54 kashrinivaasan-Inspiron-1545 kernel: [  138.817525] 
Oct 31 21:09:54 kashrinivaasan-Inspiron-1545 kernel: [  138.817529] 
Oct 31 21:09:54 kashrinivaasan-Inspiron-1545 kernel: [  138.817533] 
Oct 31 21:09:54 kashrinivaasan-Inspiron-1545 kernel: [  138.817536] 
Oct 31 21:09:54 kashrinivaasan-Inspiron-1545 kernel: [  138.817540] 
Oct 31 21:09:54 kashrinivaasan-Inspiron-1545 kernel: [  138.817544] 
Oct 31 21:09:54 kashrinivaasan-Inspiron-1545 kernel: [  138.817548] 
Oct 31 21:09:54 kashrinivaasan-Inspiron-1545 kernel: [  138.817551] 
Oct 31 21:09:54 kashrinivaasan-Inspiron-1545 kernel: [  138.817555] 
Oct 31 21:09:54 kashrinivaasan-Inspiron-1545 kernel: [  138.817559] 
Oct 31 21:09:54 kashrinivaasan-Inspiron-1545 kernel: [  138.817563] 
Oct 31 21:09:54 kashrinivaasan-Inspiron-1545 kernel: [  138.817566] 
Oct 31 21:09:54 kashrinivaasan-Inspiron-1545 kernel: [  138.817570] 
Oct 31 21:09:54 kashrinivaasan-Inspiron-1545 kernel: [  138.817574] 
Oct 31 21:09:54 kashrinivaasan-Inspiron-1545 kernel: [  138.817578] 
Oct 31 21:09:54 kashrinivaasan-Inspiron-1545 kernel: [  138.817582] 
Oct 31 21:09:54 kashrinivaasan-Inspiron-1545 kernel: [  138.817585] 
Oct 31 21:09:54 kashrinivaasan-Inspiron-1545 kernel: [  138.817589] 
Oct 31 21:09:54 kashrinivaasan-Inspiron-1545 kernel: [  138.817593] 
Oct 31 21:09:54 kashrinivaasan-Inspiron-1545 kernel: [  138.817597] 
Oct 31 21:09:54 kashrinivaasan-Inspiron-1545 kernel: [  138.817600] 
Oct 31 21:09:54 kashrinivaasan-Inspiron-1545 kernel: [  138.817604] 
Oct 31 21:09:54 kashrinivaasan-Inspiron-1545 kernel: [  138.817608] 
Oct 31 21:09:54 kashrinivaasan-Inspiron-1545 kernel: [  138.817612] 
Oct 31 21:09:54 kashrinivaasan-Inspiron-1545 kernel: [  138.817615] 
Oct 31 21:09:54 kashrinivaasan-Inspiron-1545 kernel: [  138.817619] 
Oct 31 21:09:54 kashrinivaasan-Inspiron-1545 kernel: [  138.817623] 
Oct 31 21:09:54 kashrinivaasan-Inspiron-1545 kernel: [  138.817627] 
Oct 31 21:09:54 kashrinivaasan-Inspiron-1545 kernel: [  138.817630] 
Oct 31 21:09:54 kashrinivaasan-Inspiron-1545 kernel: [  138.817634] 
Oct 31 21:09:54 kashrinivaasan-Inspiron-1545 kernel: [  138.817638] 
Oct 31 21:09:54 kashrinivaasan-Inspiron-1545 kernel: [  138.817642] 
Oct 31 21:09:54 kashrinivaasan-Inspiron-1545 kernel: [  138.817645] 
Oct 31 21:09:54 kashrinivaasan-Inspiron-1545 kernel: [  138.817649] 
Oct 31 21:09:54 kashrinivaasan-Inspiron-1545 kernel: [  138.817653] 
Oct 31 21:09:54 kashrinivaasan-Inspiron-1545 kernel: [  138.817657] 
Oct 31 21:09:54 kashrinivaasan-Inspiron-1545 kernel: [  138.817660] 
Oct 31 21:09:54 kashrinivaasan-Inspiron-1545 kernel: [  138.817664] 
Oct 31 21:09:54 kashrinivaasan-Inspiron-1545 kernel: [  138.817668] 
Oct 31 21:09:54 kashrinivaasan-Inspiron-1545 kernel: [  138.817671] 
Oct 31 21:09:54 kashrinivaasan-Inspiron-1545 kernel: [  138.817675] 
Oct 31 21:09:54 kashrinivaasan-Inspiron-1545 kernel: [  138.817679] 
Oct 31 21:09:54 kashrinivaasan-Inspiron-1545 kernel: [  138.817683] 
Oct 31 21:09:54 kashrinivaasan-Inspiron-1545 kernel: [  138.817686] 
Oct 31 21:09:54 kashrinivaasan-Inspiron-1545 kernel: [  138.817690] 
Oct 31 21:09:54 kashrinivaasan-Inspiron-1545 kernel: [  138.817694] 
Oct 31 21:09:54 kashrinivaasan-Inspiron-1545 kernel: [  138.817697] 
Oct 31 21:09:54 kashrinivaasan-Inspiron-1545 kernel: [  138.817701] 
Oct 31 21:09:54 kashrinivaasan-Inspiron-1545 kernel: [  138.817705] 
Oct 31 21:09:54 kashrinivaasan-Inspiron-1545 kernel: [  138.817708] 
Oct 31 21:09:54 kashrinivaasan-Inspiron-1545 kernel: [  138.817712] 
Oct 31 21:09:54 kashrinivaasan-Inspiron-1545 kernel: [  138.817716] 
Oct 31 21:09:54 kashrinivaasan-Inspiron-1545 kernel: [  138.817720] 
Oct 31 21:09:54 kashrinivaasan-Inspiron-1545 kernel: [  138.817723] 
Oct 31 21:09:54 kashrinivaasan-Inspiron-1545 kernel: [  138.817727] 
Oct 31 21:09:54 kashrinivaasan-Inspiron-1545 kernel: [  138.817731] 
Oct 31 21:09:54 kashrinivaasan-Inspiron-1545 kernel: [  138.817734] 
Oct 31 21:09:54 kashrinivaasan-Inspiron-1545 kernel: [  138.817738] 
Oct 31 21:09:54 kashrinivaasan-Inspiron-1545 kernel: [  138.817742] 
Oct 31 21:09:54 kashrinivaasan-Inspiron-1545 kernel: [  138.817746] 
Oct 31 21:09:54 kashrinivaasan-Inspiron-1545 kernel: [  138.817749] 
Oct 31 21:09:54 kashrinivaasan-Inspiron-1545 kernel: [  138.817753] 
Oct 31 21:09:54 kashrinivaasan-Inspiron-1545 kernel: [  138.817757] 
Oct 31 21:09:54 kashrinivaasan-Inspiron-1545 kernel: [  138.817760] 
Oct 31 21:09:54 kashrinivaasan-Inspiron-1545 kernel: [  138.817764] 
Oct 31 21:09:54 kashrinivaasan-Inspiron-1545 kernel: [  138.817768] 
Oct 31 21:09:54 kashrinivaasan-Inspiron-1545 kernel: [  138.817772] 
Oct 31 21:09:54 kashrinivaasan-Inspiron-1545 kernel: [  138.817775] 
Oct 31 21:09:54 kashrinivaasan-Inspiron-1545 kernel: [  138.817779] 
Oct 31 21:09:54 kashrinivaasan-Inspiron-1545 kernel: [  138.817783] 
Oct 31 21:09:54 kashrinivaasan-Inspiron-1545 kernel: [  138.817786] 
Oct 31 21:09:54 kashrinivaasan-Inspiron-1545 kernel: [  138.817790] 
Oct 31 21:09:54 kashrinivaasan-Inspiron-1545 kernel: [  138.817794] 
Oct 31 21:09:54 kashrinivaasan-Inspiron-1545 kernel: [  138.817798] 
Oct 31 21:09:54 kashrinivaasan-Inspiron-1545 kernel: [  138.817801] 
Oct 31 21:09:54 kashrinivaasan-Inspiron-1545 kernel: [  138.817805] 
Oct 31 21:09:54 kashrinivaasan-Inspiron-1545 kernel: [  138.817809] 
Oct 31 21:09:54 kashrinivaasan-Inspiron-1545 kernel: [  138.817812] 
Oct 31 21:09:54 kashrinivaasan-Inspiron-1545 kernel: [  138.817816] 
Oct 31 21:09:54 kashrinivaasan-Inspiron-1545 kernel: [  138.817820] 
Oct 31 21:09:54 kashrinivaasan-Inspiron-1545 kernel: [  138.817823] 
Oct 31 21:09:54 kashrinivaasan-Inspiron-1545 kernel: [  138.817827] 
Oct 31 21:09:54 kashrinivaasan-Inspiron-1545 kernel: [  138.817831] 
Oct 31 21:09:54 kashrinivaasan-Inspiron-1545 kernel: [  138.817835] 
Oct 31 21:09:54 kashrinivaasan-Inspiron-1545 kernel: [  138.817838] 
Oct 31 21:09:54 kashrinivaasan-Inspiron-1545 kernel: [  138.817842] 
Oct 31 21:09:54 kashrinivaasan-Inspiron-1545 kernel: [  138.817846] 
Oct 31 21:09:54 kashrinivaasan-Inspiron-1545 kernel: [  138.817850] 
Oct 31 21:09:54 kashrinivaasan-Inspiron-1545 kernel: [  138.817853] 
Oct 31 21:09:54 kashrinivaasan-Inspiron-1545 kernel: [  138.817857] 
Oct 31 21:09:54 kashrinivaasan-Inspiron-1545 kernel: [  138.817861] 
Oct 31 21:09:54 kashrinivaasan-Inspiron-1545 kernel: [  138.817864] 
Oct 31 21:09:54 kashrinivaasan-Inspiron-1545 kernel: [  138.817868] 
Oct 31 21:09:54 kashrinivaasan-Inspiron-1545 kernel: [  138.817872] 
Oct 31 21:09:54 kashrinivaasan-Inspiron-1545 kernel: [  138.817876] 
Oct 31 21:09:54 kashrinivaasan-Inspiron-1545 kernel: [  138.817879] 
Oct 31 21:09:54 kashrinivaasan-Inspiron-1545 kernel: [  138.817883] 
Oct 31 21:09:54 kashrinivaasan-Inspiron-1545 kernel: [  138.817887] 
Oct 31 21:09:54 kashrinivaasan-Inspiron-1545 kernel: [  138.817890] 
Oct 31 21:09:54 kashrinivaasan-Inspiron-1545 kernel: [  138.817894] 
Oct 31 21:09:54 kashrinivaasan-Inspiron-1545 kernel: [  138.817898] 
Oct 31 21:09:54 kashrinivaasan-Inspiron-1545 kernel: [  138.817902] 
Oct 31 21:09:54 kashrinivaasan-Inspiron-1545 kernel: [  138.817905] 
Oct 31 21:09:54 kashrinivaasan-Inspiron-1545 kernel: [  138.817909] 
Oct 31 21:09:54 kashrinivaasan-Inspiron-1545 kernel: [  138.817913] 
Oct 31 21:09:54 kashrinivaasan-Inspiron-1545 kernel: [  138.817916] 
Oct 31 21:09:54 kashrinivaasan-Inspiron-1545 kernel: [  138.817920] 
Oct 31 21:09:54 kashrinivaasan-Inspiron-1545 kernel: [  138.817924] 
Oct 31 21:09:54 kashrinivaasan-Inspiron-1545 kernel: [  138.817928] 
Oct 31 21:09:54 kashrinivaasan-Inspiron-1545 kernel: [  138.817931] 
Oct 31 21:09:54 kashrinivaasan-Inspiron-1545 kernel: [  138.817935] 
Oct 31 21:09:54 kashrinivaasan-Inspiron-1545 kernel: [  138.817939] 
Oct 31 21:09:54 kashrinivaasan-Inspiron-1545 kernel: [  138.817943] 
Oct 31 21:09:54 kashrinivaasan-Inspiron-1545 kernel: [  138.817946] 
Oct 31 21:09:54 kashrinivaasan-Inspiron-1545 kernel: [  138.817950] 
Oct 31 21:09:54 kashrinivaasan-Inspiron-1545 kernel: [  138.817954] 
Oct 31 21:09:54 kashrinivaasan-Inspiron-1545 kernel: [  138.817957] 
Oct 31 21:09:54 kashrinivaasan-Inspiron-1545 kernel: [  138.817961] 
Oct 31 21:09:54 kashrinivaasan-Inspiron-1545 kernel: [  138.817965] 
Oct 31 21:09:54 kashrinivaasan-Inspiron-1545 kernel: [  138.817969] 
Oct 31 21:09:54 kashrinivaasan-Inspiron-1545 kernel: [  138.817972] 
Oct 31 21:09:54 kashrinivaasan-Inspiron-1545 kernel: [  138.817976] 
Oct 31 21:09:54 kashrinivaasan-Inspiron-1545 kernel: [  138.817980] 
Oct 31 21:09:54 kashrinivaasan-Inspiron-1545 kernel: [  138.817983] 
Oct 31 21:09:54 kashrinivaasan-Inspiron-1545 kernel: [  138.817987] 
Oct 31 21:09:54 kashrinivaasan-Inspiron-1545 kernel: [  138.817991] 
Oct 31 21:09:54 kashrinivaasan-Inspiron-1545 kernel: [  138.817995] 
Oct 31 21:09:54 kashrinivaasan-Inspiron-1545 kernel: [  138.817998] 
Oct 31 21:09:54 kashrinivaasan-Inspiron-1545 kernel: [  138.818002] 
Oct 31 21:09:54 kashrinivaasan-Inspiron-1545 kernel: [  138.818006] 
Oct 31 21:09:54 kashrinivaasan-Inspiron-1545 kernel: [  138.818009] 
Oct 31 21:09:54 kashrinivaasan-Inspiron-1545 kernel: [  138.818013] 
Oct 31 21:09:54 kashrinivaasan-Inspiron-1545 kernel: [  138.818017] 
Oct 31 21:09:54 kashrinivaasan-Inspiron-1545 kernel: [  138.818021] 
Oct 31 21:09:54 kashrinivaasan-Inspiron-1545 kernel: [  138.818024] 
Oct 31 21:09:54 kashrinivaasan-Inspiron-1545 kernel: [  138.818028] 
Oct 31 21:09:54 kashrinivaasan-Inspiron-1545 kernel: [  138.818032] 
Oct 31 21:09:54 kashrinivaasan-Inspiron-1545 kernel: [  138.818035] 
Oct 31 21:09:54 kashrinivaasan-Inspiron-1545 kernel: [  138.818039] 
Oct 31 21:09:54 kashrinivaasan-Inspiron-1545 kernel: [  138.818043] 
Oct 31 21:09:54 kashrinivaasan-Inspiron-1545 kernel: [  138.818047] 
Oct 31 21:09:54 kashrinivaasan-Inspiron-1545 kernel: [  138.818050] 
Oct 31 21:09:54 kashrinivaasan-Inspiron-1545 kernel: [  138.818054] 
Oct 31 21:09:54 kashrinivaasan-Inspiron-1545 kernel: [  138.818058] 
Oct 31 21:09:54 kashrinivaasan-Inspiron-1545 kernel: [  138.818062] 
Oct 31 21:09:54 kashrinivaasan-Inspiron-1545 kernel: [  138.818065] 
Oct 31 21:09:54 kashrinivaasan-Inspiron-1545 kernel: [  138.818069] 
Oct 31 21:09:54 kashrinivaasan-Inspiron-1545 kernel: [  138.818073] 
Oct 31 21:09:54 kashrinivaasan-Inspiron-1545 kernel: [  138.818076] 
Oct 31 21:09:54 kashrinivaasan-Inspiron-1545 kernel: [  138.818080] 
Oct 31 21:09:54 kashrinivaasan-Inspiron-1545 kernel: [  138.818084] 
Oct 31 21:09:54 kashrinivaasan-Inspiron-1545 kernel: [  138.818088] 
Oct 31 21:09:54 kashrinivaasan-Inspiron-1545 kernel: [  138.818091] 
Oct 31 21:09:54 kashrinivaasan-Inspiron-1545 kernel: [  138.818095] 
Oct 31 21:09:54 kashrinivaasan-Inspiron-1545 kernel: [  138.818099] 
Oct 31 21:09:54 kashrinivaasan-Inspiron-1545 kernel: [  138.818102] 
Oct 31 21:09:54 kashrinivaasan-Inspiron-1545 kernel: [  138.818106] 
Oct 31 21:09:54 kashrinivaasan-Inspiron-1545 kernel: [  138.818110] 
Oct 31 21:09:54 kashrinivaasan-Inspiron-1545 kernel: [  138.818114] 
Oct 31 21:09:54 kashrinivaasan-Inspiron-1545 kernel: [  138.818117] 
Oct 31 21:09:54 kashrinivaasan-Inspiron-1545 kernel: [  138.818121] 
Oct 31 21:09:54 kashrinivaasan-Inspiron-1545 kernel: [  138.818125] 
Oct 31 21:09:54 kashrinivaasan-Inspiron-1545 kernel: [  138.818129] 
Oct 31 21:09:54 kashrinivaasan-Inspiron-1545 kernel: [  138.818132] 
Oct 31 21:09:54 kashrinivaasan-Inspiron-1545 kernel: [  138.818136] 
Oct 31 21:09:54 kashrinivaasan-Inspiron-1545 kernel: [  138.818140] 
Oct 31 21:09:54 kashrinivaasan-Inspiron-1545 kernel: [  138.818143] 
Oct 31 21:09:54 kashrinivaasan-Inspiron-1545 kernel: [  138.818147] 
Oct 31 21:09:54 kashrinivaasan-Inspiron-1545 kernel: [  138.818151] 
Oct 31 21:09:54 kashrinivaasan-Inspiron-1545 kernel: [  138.818154] 
Oct 31 21:09:54 kashrinivaasan-Inspiron-1545 kernel: [  138.818158] 
Oct 31 21:09:54 kashrinivaasan-Inspiron-1545 kernel: [  138.818162] 
Oct 31 21:09:54 kashrinivaasan-Inspiron-1545 kernel: [  138.818166] 
Oct 31 21:09:54 kashrinivaasan-Inspiron-1545 kernel: [  138.818169] <6>[  138.818172] 
Oct 31 21:09:54 kashrinivaasan-Inspiron-1545 kernel: [  138.818174] virgocloudexec_mempool_recvfrom(): kernel_recvmsg() le32 to cpu virgo_cloud_malloc(1000)
Oct 31 21:09:54 kashrinivaasan-Inspiron-1545 kernel: [  138.818174] 
Oct 31 21:09:54 kashrinivaasan-Inspiron-1545 kernel: [  138.818179] virgocloudexec_mempool_recvfrom(): mempoolFunction : virgo_cloud_malloc(1000) 
Oct 31 21:09:54 kashrinivaasan-Inspiron-1545 kernel: [  138.818183] parse_virgomempool_command: vmargs->mempool_cmd: virgo_cloud_malloc
Oct 31 21:09:54 kashrinivaasan-Inspiron-1545 kernel: [  138.818186] parse_virgomempool_command: vmargs->mempool_args[0]: 1000
Oct 31 21:09:54 kashrinivaasan-Inspiron-1545 kernel: [  138.818189] mempool_func(): creating kernel thread and waking up, parameterIsExecutable=2
Oct 31 21:09:54 kashrinivaasan-Inspiron-1545 kernel: [  138.818193] Creating Kernel Thread for virgo_cloud_malloc in virgo_cloud_mempool_kernelspace mempool driver module with mempool_args[0]=1000, mempool_args[1]=(null)
Oct 31 21:09:54 kashrinivaasan-Inspiron-1545 kernel: [  138.818198] virgo_cloud_mempool_kernelspace.c:Executing virgo_cloud_mempool on cloud node, Invoking virgo_cloud_malloc_kernelspace(), Writing to file opened by Kernel, Kernel Space to User space communication works
Oct 31 21:09:54 kashrinivaasan-Inspiron-1545 kernel: [  138.818202] virgo_cloud_mempool_kernelspace.c:virgo_cloud_malloc_kernelspace(): size str=1000
Oct 31 21:09:54 kashrinivaasan-Inspiron-1545 kernel: [  138.818206] toInteger(): strInt=[1000], integer=1000
Oct 31 21:09:54 kashrinivaasan-Inspiron-1545 kernel: [  138.818209] virgo_cloud_mempool_kernelspace.c:virgo_cloud_malloc_kernelspace(): size=1000
Oct 31 21:09:54 kashrinivaasan-Inspiron-1545 kernel: [  138.818213] virgo_cloud_mempool_kernelspace.c:virgo_cloud_malloc_kernelspace(): ptr=f1c45000
Oct 31 21:09:54 kashrinivaasan-Inspiron-1545 kernel: [  138.818217] virgo_cloud_mempool_kernelspace.c:virgo_cloud_malloc_kernelspace(): setting ptr=f1c45000 in vmargs as an out arg
Oct 31 21:09:54 kashrinivaasan-Inspiron-1545 kernel: [  138.818220] mempool_func(): virgo mempool kernelspace module returns value virgo_mempool_ret=f1c45000
Oct 31 21:09:54 kashrinivaasan-Inspiron-1545 kernel: [  138.818223] virgo_mempool_client_thread(): virgo_mempool_ops.virgo_mempool_sendto()
Oct 31 21:09:54 kashrinivaasan-Inspiron-1545 kernel: [  138.818227] toAddressString(): address=f1c45000, sprintf strAddress=[f1c45000]
Oct 31 21:09:54 kashrinivaasan-Inspiron-1545 kernel: [  138.818230] virgocloudexec_mempool_sendto(): before kernel_sendmsg() for send buffer: f1c45000
Oct 31 21:09:54 kashrinivaasan-Inspiron-1545 kernel: [  138.818264] virgocloudexec_mempool_sendto(): kernel_sendmsg() returns ret: 500
Oct 31 21:09:54 kashrinivaasan-Inspiron-1545 kernel: [  138.818268] virgocloudexec_mempool_sendto(): Shut down Kernel Side Client Socket with SOCK_WAKE_URG after sendmsg 
Oct 31 21:09:54 kashrinivaasan-Inspiron-1545 kernel: [  138.818292] virgocloudexec_mempool_sendto(): sock_release invoked on client socket 
Oct 31 21:09:58 kashrinivaasan-Inspiron-1545 kernel: [  142.449677] virgo_cloudexec_mempool_service(): virgo mempool client thread per request 
Oct 31 21:09:58 kashrinivaasan-Inspiron-1545 kernel: [  142.449723] virgo_cloudexec_mempool_service(): virgo_mempool_ops.virgo_create() 
Oct 31 21:09:58 kashrinivaasan-Inspiron-1545 kernel: [  142.449736] virgo_mempool_client_thread(): virgo_mempool_ops.virgo_mempool_recvfrom()
Oct 31 21:09:58 kashrinivaasan-Inspiron-1545 kernel: [  142.449738] virgocloudexec_mempool_recvfrom(): before kernel_recvmsg()
Oct 31 21:10:14 kashrinivaasan-Inspiron-1545 kernel: [  158.745306] sd 6:0:0:0: [sdb] Test WP failed, assume Write Enabled
Oct 31 21:10:14 kashrinivaasan-Inspiron-1545 kernel: [  158.747666] sd 6:0:0:0: [sdb] Asking for cache data failed
Oct 31 21:10:14 kashrinivaasan-Inspiron-1545 kernel: [  158.747674] sd 6:0:0:0: [sdb] Assuming drive cache: write through
Oct 31 21:10:27 kashrinivaasan-Inspiron-1545 kernel: [  171.521012] virgocloudexec_mempool_recvfrom(): kernel_recvmsg() returns len: 36
Oct 31 21:10:27 kashrinivaasan-Inspiron-1545 kernel: [  171.521020] strip_control_M(): str=virgo_cloud_set("f1c45000","data")
Oct 31 21:10:27 kashrinivaasan-Inspiron-1545 kernel: [  171.521020]  before strsep
Oct 31 21:10:27 kashrinivaasan-Inspiron-1545 kernel: [  171.521025] strip_control_M(): newstr=virgo_cloud_set("f1c45000","data") after carriage return newline strsep
Oct 31 21:10:27 kashrinivaasan-Inspiron-1545 kernel: [  171.521029] virgocloudexec_mempool_recvfrom(): kernel_recvmsg() returns in recv: iov.iov_base=, buffer: virgo_cloud_set("f1c45000","data")
Oct 31 21:10:27 kashrinivaasan-Inspiron-1545 kernel: [  171.521029] 
Oct 31 21:10:27 kashrinivaasan-Inspiron-1545 kernel: [  171.521033] virgo_cloudexec_mempool: print_buffer(): 
Oct 31 21:10:27 kashrinivaasan-Inspiron-1545 kernel: [  171.521036] vi
Oct 31 21:10:27 kashrinivaasan-Inspiron-1545 kernel: [  171.521040] rg
Oct 31 21:10:27 kashrinivaasan-Inspiron-1545 kernel: [  171.521044] o_
Oct 31 21:10:27 kashrinivaasan-Inspiron-1545 kernel: [  171.521048] cl
Oct 31 21:10:27 kashrinivaasan-Inspiron-1545 kernel: [  171.521052] ou
Oct 31 21:10:27 kashrinivaasan-Inspiron-1545 kernel: [  171.521056] d_
Oct 31 21:10:27 kashrinivaasan-Inspiron-1545 kernel: [  171.521059] se
Oct 31 21:10:27 kashrinivaasan-Inspiron-1545 kernel: [  171.521063] t(
Oct 31 21:10:27 kashrinivaasan-Inspiron-1545 kernel: [  171.521067] "f
Oct 31 21:10:27 kashrinivaasan-Inspiron-1545 kernel: [  171.521071] 1c
Oct 31 21:10:27 kashrinivaasan-Inspiron-1545 kernel: [  171.521075] 45
Oct 31 21:10:27 kashrinivaasan-Inspiron-1545 kernel: [  171.521078] 00
Oct 31 21:10:27 kashrinivaasan-Inspiron-1545 kernel: [  171.521082] 0"
Oct 31 21:10:27 kashrinivaasan-Inspiron-1545 kernel: [  171.521086] ,"
Oct 31 21:10:27 kashrinivaasan-Inspiron-1545 kernel: [  171.521090] da
Oct 31 21:10:27 kashrinivaasan-Inspiron-1545 kernel: [  171.521094] ta
Oct 31 21:10:27 kashrinivaasan-Inspiron-1545 kernel: [  171.521098] ")
Oct 31 21:10:27 kashrinivaasan-Inspiron-1545 kernel: [  171.521101] <6>[  171.521104] 
Oct 31 21:10:27 kashrinivaasan-Inspiron-1545 kernel: [  171.521106] 
Oct 31 21:10:27 kashrinivaasan-Inspiron-1545 kernel: [  171.521108] 
Oct 31 21:10:27 kashrinivaasan-Inspiron-1545 kernel: [  171.521112] 
Oct 31 21:10:27 kashrinivaasan-Inspiron-1545 kernel: [  171.521116] 
Oct 31 21:10:27 kashrinivaasan-Inspiron-1545 kernel: [  171.521120] 
Oct 31 21:10:27 kashrinivaasan-Inspiron-1545 kernel: [  171.521124] 
Oct 31 21:10:27 kashrinivaasan-Inspiron-1545 kernel: [  171.521128] 
Oct 31 21:10:27 kashrinivaasan-Inspiron-1545 kernel: [  171.521131] 
Oct 31 21:10:27 kashrinivaasan-Inspiron-1545 kernel: [  171.521135] 
Oct 31 21:10:27 kashrinivaasan-Inspiron-1545 kernel: [  171.521139] 
Oct 31 21:10:27 kashrinivaasan-Inspiron-1545 kernel: [  171.521143] 
Oct 31 21:10:27 kashrinivaasan-Inspiron-1545 kernel: [  171.521146] 
Oct 31 21:10:27 kashrinivaasan-Inspiron-1545 kernel: [  171.521150] 
Oct 31 21:10:27 kashrinivaasan-Inspiron-1545 kernel: [  171.521154] 
Oct 31 21:10:27 kashrinivaasan-Inspiron-1545 kernel: [  171.521158] 
Oct 31 21:10:27 kashrinivaasan-Inspiron-1545 kernel: [  171.521161] 
Oct 31 21:10:27 kashrinivaasan-Inspiron-1545 kernel: [  171.521165] 
Oct 31 21:10:27 kashrinivaasan-Inspiron-1545 kernel: [  171.521169] 
Oct 31 21:10:27 kashrinivaasan-Inspiron-1545 kernel: [  171.521173] 
Oct 31 21:10:27 kashrinivaasan-Inspiron-1545 kernel: [  171.521177] 
Oct 31 21:10:27 kashrinivaasan-Inspiron-1545 kernel: [  171.521180] 
Oct 31 21:10:27 kashrinivaasan-Inspiron-1545 kernel: [  171.521184] 
Oct 31 21:10:27 kashrinivaasan-Inspiron-1545 kernel: [  171.521188] 
Oct 31 21:10:27 kashrinivaasan-Inspiron-1545 kernel: [  171.521192] 
Oct 31 21:10:27 kashrinivaasan-Inspiron-1545 kernel: [  171.521196] 
Oct 31 21:10:27 kashrinivaasan-Inspiron-1545 kernel: [  171.521200] 
Oct 31 21:10:27 kashrinivaasan-Inspiron-1545 kernel: [  171.521204] 
Oct 31 21:10:27 kashrinivaasan-Inspiron-1545 kernel: [  171.521208] 
Oct 31 21:10:27 kashrinivaasan-Inspiron-1545 kernel: [  171.521211] 
Oct 31 21:10:27 kashrinivaasan-Inspiron-1545 kernel: [  171.521215] 
Oct 31 21:10:27 kashrinivaasan-Inspiron-1545 kernel: [  171.521219] 
Oct 31 21:10:27 kashrinivaasan-Inspiron-1545 kernel: [  171.521223] 
Oct 31 21:10:27 kashrinivaasan-Inspiron-1545 kernel: [  171.521227] 
Oct 31 21:10:27 kashrinivaasan-Inspiron-1545 kernel: [  171.521231] 
Oct 31 21:10:27 kashrinivaasan-Inspiron-1545 kernel: [  171.521234] 
Oct 31 21:10:27 kashrinivaasan-Inspiron-1545 kernel: [  171.521238] 
Oct 31 21:10:27 kashrinivaasan-Inspiron-1545 kernel: [  171.521242] 
Oct 31 21:10:27 kashrinivaasan-Inspiron-1545 kernel: [  171.521246] 
Oct 31 21:10:27 kashrinivaasan-Inspiron-1545 kernel: [  171.521249] 
Oct 31 21:10:27 kashrinivaasan-Inspiron-1545 kernel: [  171.521253] 
Oct 31 21:10:27 kashrinivaasan-Inspiron-1545 kernel: [  171.521257] 
Oct 31 21:10:27 kashrinivaasan-Inspiron-1545 kernel: [  171.521261] 
Oct 31 21:10:27 kashrinivaasan-Inspiron-1545 kernel: [  171.521265] 
Oct 31 21:10:27 kashrinivaasan-Inspiron-1545 kernel: [  171.521268] 
Oct 31 21:10:27 kashrinivaasan-Inspiron-1545 kernel: [  171.521272] 
Oct 31 21:10:27 kashrinivaasan-Inspiron-1545 kernel: [  171.521276] 
Oct 31 21:10:27 kashrinivaasan-Inspiron-1545 kernel: [  171.521280] 
Oct 31 21:10:27 kashrinivaasan-Inspiron-1545 kernel: [  171.521283] 
Oct 31 21:10:27 kashrinivaasan-Inspiron-1545 kernel: [  171.521287] 
Oct 31 21:10:27 kashrinivaasan-Inspiron-1545 kernel: [  171.521291] 
Oct 31 21:10:27 kashrinivaasan-Inspiron-1545 kernel: [  171.521295] 
Oct 31 21:10:27 kashrinivaasan-Inspiron-1545 kernel: [  171.521299] 
Oct 31 21:10:27 kashrinivaasan-Inspiron-1545 kernel: [  171.521303] 
Oct 31 21:10:27 kashrinivaasan-Inspiron-1545 kernel: [  171.521306] 
Oct 31 21:10:27 kashrinivaasan-Inspiron-1545 kernel: [  171.521310] 
Oct 31 21:10:27 kashrinivaasan-Inspiron-1545 kernel: [  171.521314] 
Oct 31 21:10:27 kashrinivaasan-Inspiron-1545 kernel: [  171.521318] 
Oct 31 21:10:27 kashrinivaasan-Inspiron-1545 kernel: [  171.521321] 
Oct 31 21:10:27 kashrinivaasan-Inspiron-1545 kernel: [  171.521325] 
Oct 31 21:10:27 kashrinivaasan-Inspiron-1545 kernel: [  171.521329] 
Oct 31 21:10:27 kashrinivaasan-Inspiron-1545 kernel: [  171.521333] 
Oct 31 21:10:27 kashrinivaasan-Inspiron-1545 kernel: [  171.521337] 
Oct 31 21:10:27 kashrinivaasan-Inspiron-1545 kernel: [  171.521341] 
Oct 31 21:10:27 kashrinivaasan-Inspiron-1545 kernel: [  171.521344] 
Oct 31 21:10:27 kashrinivaasan-Inspiron-1545 kernel: [  171.521348] 
Oct 31 21:10:27 kashrinivaasan-Inspiron-1545 kernel: [  171.521352] 
Oct 31 21:10:27 kashrinivaasan-Inspiron-1545 kernel: [  171.521356] 
Oct 31 21:10:27 kashrinivaasan-Inspiron-1545 kernel: [  171.521360] 
Oct 31 21:10:27 kashrinivaasan-Inspiron-1545 kernel: [  171.521363] 
Oct 31 21:10:27 kashrinivaasan-Inspiron-1545 kernel: [  171.521367] 
Oct 31 21:10:27 kashrinivaasan-Inspiron-1545 kernel: [  171.521371] 
Oct 31 21:10:27 kashrinivaasan-Inspiron-1545 kernel: [  171.521375] 
Oct 31 21:10:27 kashrinivaasan-Inspiron-1545 kernel: [  171.521379] 
Oct 31 21:10:27 kashrinivaasan-Inspiron-1545 kernel: [  171.521382] 
Oct 31 21:10:27 kashrinivaasan-Inspiron-1545 kernel: [  171.521386] 
Oct 31 21:10:27 kashrinivaasan-Inspiron-1545 kernel: [  171.521390] 
Oct 31 21:10:27 kashrinivaasan-Inspiron-1545 kernel: [  171.521394] 
Oct 31 21:10:27 kashrinivaasan-Inspiron-1545 kernel: [  171.521397] 
Oct 31 21:10:27 kashrinivaasan-Inspiron-1545 kernel: [  171.521401] 
Oct 31 21:10:27 kashrinivaasan-Inspiron-1545 kernel: [  171.521405] 
Oct 31 21:10:27 kashrinivaasan-Inspiron-1545 kernel: [  171.521409] 
Oct 31 21:10:27 kashrinivaasan-Inspiron-1545 kernel: [  171.521413] 
Oct 31 21:10:27 kashrinivaasan-Inspiron-1545 kernel: [  171.521416] 
Oct 31 21:10:27 kashrinivaasan-Inspiron-1545 kernel: [  171.521420] 
Oct 31 21:10:27 kashrinivaasan-Inspiron-1545 kernel: [  171.521424] 
Oct 31 21:10:27 kashrinivaasan-Inspiron-1545 kernel: [  171.521428] 
Oct 31 21:10:27 kashrinivaasan-Inspiron-1545 kernel: [  171.521432] 
Oct 31 21:10:27 kashrinivaasan-Inspiron-1545 kernel: [  171.521435] 
Oct 31 21:10:27 kashrinivaasan-Inspiron-1545 kernel: [  171.521439] 
Oct 31 21:10:27 kashrinivaasan-Inspiron-1545 kernel: [  171.521443] 
Oct 31 21:10:27 kashrinivaasan-Inspiron-1545 kernel: [  171.521447] 
Oct 31 21:10:27 kashrinivaasan-Inspiron-1545 kernel: [  171.521450] 
Oct 31 21:10:27 kashrinivaasan-Inspiron-1545 kernel: [  171.521454] 
Oct 31 21:10:27 kashrinivaasan-Inspiron-1545 kernel: [  171.521458] 
Oct 31 21:10:27 kashrinivaasan-Inspiron-1545 kernel: [  171.521462] 
Oct 31 21:10:27 kashrinivaasan-Inspiron-1545 kernel: [  171.521466] 
Oct 31 21:10:27 kashrinivaasan-Inspiron-1545 kernel: [  171.521469] 
Oct 31 21:10:27 kashrinivaasan-Inspiron-1545 kernel: [  171.521473] 
Oct 31 21:10:27 kashrinivaasan-Inspiron-1545 kernel: [  171.521477] 
Oct 31 21:10:27 kashrinivaasan-Inspiron-1545 kernel: [  171.521480] 
Oct 31 21:10:27 kashrinivaasan-Inspiron-1545 kernel: [  171.521484] 
Oct 31 21:10:27 kashrinivaasan-Inspiron-1545 kernel: [  171.521488] 
Oct 31 21:10:27 kashrinivaasan-Inspiron-1545 kernel: [  171.521492] 
Oct 31 21:10:27 kashrinivaasan-Inspiron-1545 kernel: [  171.521495] 
Oct 31 21:10:27 kashrinivaasan-Inspiron-1545 kernel: [  171.521499] 
Oct 31 21:10:27 kashrinivaasan-Inspiron-1545 kernel: [  171.521503] 
Oct 31 21:10:27 kashrinivaasan-Inspiron-1545 kernel: [  171.521506] 
Oct 31 21:10:27 kashrinivaasan-Inspiron-1545 kernel: [  171.521510] 
Oct 31 21:10:27 kashrinivaasan-Inspiron-1545 kernel: [  171.521514] 
Oct 31 21:10:27 kashrinivaasan-Inspiron-1545 kernel: [  171.521518] 
Oct 31 21:10:27 kashrinivaasan-Inspiron-1545 kernel: [  171.521522] 
Oct 31 21:10:27 kashrinivaasan-Inspiron-1545 kernel: [  171.521525] 
Oct 31 21:10:27 kashrinivaasan-Inspiron-1545 kernel: [  171.521529] 
Oct 31 21:10:27 kashrinivaasan-Inspiron-1545 kernel: [  171.521533] 
Oct 31 21:10:27 kashrinivaasan-Inspiron-1545 kernel: [  171.521536] 
Oct 31 21:10:27 kashrinivaasan-Inspiron-1545 kernel: [  171.521540] 
Oct 31 21:10:27 kashrinivaasan-Inspiron-1545 kernel: [  171.521544] 
Oct 31 21:10:27 kashrinivaasan-Inspiron-1545 kernel: [  171.521548] 
Oct 31 21:10:27 kashrinivaasan-Inspiron-1545 kernel: [  171.521551] 
Oct 31 21:10:27 kashrinivaasan-Inspiron-1545 kernel: [  171.521555] 
Oct 31 21:10:27 kashrinivaasan-Inspiron-1545 kernel: [  171.521559] 
Oct 31 21:10:27 kashrinivaasan-Inspiron-1545 kernel: [  171.521562] 
Oct 31 21:10:27 kashrinivaasan-Inspiron-1545 kernel: [  171.521566] 
Oct 31 21:10:27 kashrinivaasan-Inspiron-1545 kernel: [  171.521570] 
Oct 31 21:10:27 kashrinivaasan-Inspiron-1545 kernel: [  171.521574] 
Oct 31 21:10:27 kashrinivaasan-Inspiron-1545 kernel: [  171.521577] 
Oct 31 21:10:27 kashrinivaasan-Inspiron-1545 kernel: [  171.521581] 
Oct 31 21:10:27 kashrinivaasan-Inspiron-1545 kernel: [  171.521585] 
Oct 31 21:10:27 kashrinivaasan-Inspiron-1545 kernel: [  171.521588] 
Oct 31 21:10:27 kashrinivaasan-Inspiron-1545 kernel: [  171.521592] 
Oct 31 21:10:27 kashrinivaasan-Inspiron-1545 kernel: [  171.521596] 
Oct 31 21:10:27 kashrinivaasan-Inspiron-1545 kernel: [  171.521599] 
Oct 31 21:10:27 kashrinivaasan-Inspiron-1545 kernel: [  171.521603] 
Oct 31 21:10:27 kashrinivaasan-Inspiron-1545 kernel: [  171.521607] 
Oct 31 21:10:27 kashrinivaasan-Inspiron-1545 kernel: [  171.521611] 
Oct 31 21:10:27 kashrinivaasan-Inspiron-1545 kernel: [  171.521614] 
Oct 31 21:10:27 kashrinivaasan-Inspiron-1545 kernel: [  171.521618] 
Oct 31 21:10:27 kashrinivaasan-Inspiron-1545 kernel: [  171.521622] 
Oct 31 21:10:27 kashrinivaasan-Inspiron-1545 kernel: [  171.521626] 
Oct 31 21:10:27 kashrinivaasan-Inspiron-1545 kernel: [  171.521629] 
Oct 31 21:10:27 kashrinivaasan-Inspiron-1545 kernel: [  171.521633] 
Oct 31 21:10:27 kashrinivaasan-Inspiron-1545 kernel: [  171.521637] 
Oct 31 21:10:27 kashrinivaasan-Inspiron-1545 kernel: [  171.521640] 
Oct 31 21:10:27 kashrinivaasan-Inspiron-1545 kernel: [  171.521644] 
Oct 31 21:10:27 kashrinivaasan-Inspiron-1545 kernel: [  171.521648] 
Oct 31 21:10:27 kashrinivaasan-Inspiron-1545 kernel: [  171.521652] 
Oct 31 21:10:27 kashrinivaasan-Inspiron-1545 kernel: [  171.521655] 
Oct 31 21:10:27 kashrinivaasan-Inspiron-1545 kernel: [  171.521659] 
Oct 31 21:10:27 kashrinivaasan-Inspiron-1545 kernel: [  171.521663] 
Oct 31 21:10:27 kashrinivaasan-Inspiron-1545 kernel: [  171.521666] 
Oct 31 21:10:27 kashrinivaasan-Inspiron-1545 kernel: [  171.521670] 
Oct 31 21:10:27 kashrinivaasan-Inspiron-1545 kernel: [  171.521674] 
Oct 31 21:10:27 kashrinivaasan-Inspiron-1545 kernel: [  171.521678] 
Oct 31 21:10:27 kashrinivaasan-Inspiron-1545 kernel: [  171.521681] 
Oct 31 21:10:27 kashrinivaasan-Inspiron-1545 kernel: [  171.521685] 
Oct 31 21:10:27 kashrinivaasan-Inspiron-1545 kernel: [  171.521689] 
Oct 31 21:10:27 kashrinivaasan-Inspiron-1545 kernel: [  171.521693] 
Oct 31 21:10:27 kashrinivaasan-Inspiron-1545 kernel: [  171.521696] 
Oct 31 21:10:27 kashrinivaasan-Inspiron-1545 kernel: [  171.521700] 
Oct 31 21:10:27 kashrinivaasan-Inspiron-1545 kernel: [  171.521704] 
Oct 31 21:10:27 kashrinivaasan-Inspiron-1545 kernel: [  171.521707] 
Oct 31 21:10:27 kashrinivaasan-Inspiron-1545 kernel: [  171.521711] 
Oct 31 21:10:27 kashrinivaasan-Inspiron-1545 kernel: [  171.521715] 
Oct 31 21:10:27 kashrinivaasan-Inspiron-1545 kernel: [  171.521719] 
Oct 31 21:10:27 kashrinivaasan-Inspiron-1545 kernel: [  171.521722] 
Oct 31 21:10:27 kashrinivaasan-Inspiron-1545 kernel: [  171.521726] 
Oct 31 21:10:27 kashrinivaasan-Inspiron-1545 kernel: [  171.521730] 
Oct 31 21:10:27 kashrinivaasan-Inspiron-1545 kernel: [  171.521733] 
Oct 31 21:10:27 kashrinivaasan-Inspiron-1545 kernel: [  171.521737] 
Oct 31 21:10:27 kashrinivaasan-Inspiron-1545 kernel: [  171.521741] 
Oct 31 21:10:27 kashrinivaasan-Inspiron-1545 kernel: [  171.521745] 
Oct 31 21:10:27 kashrinivaasan-Inspiron-1545 kernel: [  171.521748] 
Oct 31 21:10:27 kashrinivaasan-Inspiron-1545 kernel: [  171.521752] 
Oct 31 21:10:27 kashrinivaasan-Inspiron-1545 kernel: [  171.521756] 
Oct 31 21:10:27 kashrinivaasan-Inspiron-1545 kernel: [  171.521759] 
Oct 31 21:10:27 kashrinivaasan-Inspiron-1545 kernel: [  171.521763] 
Oct 31 21:10:27 kashrinivaasan-Inspiron-1545 kernel: [  171.521767] 
Oct 31 21:10:27 kashrinivaasan-Inspiron-1545 kernel: [  171.521771] 
Oct 31 21:10:27 kashrinivaasan-Inspiron-1545 kernel: [  171.521774] 
Oct 31 21:10:27 kashrinivaasan-Inspiron-1545 kernel: [  171.521778] 
Oct 31 21:10:27 kashrinivaasan-Inspiron-1545 kernel: [  171.521782] 
Oct 31 21:10:27 kashrinivaasan-Inspiron-1545 kernel: [  171.521785] 
Oct 31 21:10:27 kashrinivaasan-Inspiron-1545 kernel: [  171.521789] 
Oct 31 21:10:27 kashrinivaasan-Inspiron-1545 kernel: [  171.521793] 
Oct 31 21:10:27 kashrinivaasan-Inspiron-1545 kernel: [  171.521797] 
Oct 31 21:10:27 kashrinivaasan-Inspiron-1545 kernel: [  171.521800] 
Oct 31 21:10:27 kashrinivaasan-Inspiron-1545 kernel: [  171.521804] 
Oct 31 21:10:27 kashrinivaasan-Inspiron-1545 kernel: [  171.521808] 
Oct 31 21:10:27 kashrinivaasan-Inspiron-1545 kernel: [  171.521811] 
Oct 31 21:10:27 kashrinivaasan-Inspiron-1545 kernel: [  171.521815] 
Oct 31 21:10:27 kashrinivaasan-Inspiron-1545 kernel: [  171.521819] 
Oct 31 21:10:27 kashrinivaasan-Inspiron-1545 kernel: [  171.521822] 
Oct 31 21:10:27 kashrinivaasan-Inspiron-1545 kernel: [  171.521826] 
Oct 31 21:10:27 kashrinivaasan-Inspiron-1545 kernel: [  171.521830] 
Oct 31 21:10:27 kashrinivaasan-Inspiron-1545 kernel: [  171.521834] 
Oct 31 21:10:27 kashrinivaasan-Inspiron-1545 kernel: [  171.521837] 
Oct 31 21:10:27 kashrinivaasan-Inspiron-1545 kernel: [  171.521841] 
Oct 31 21:10:27 kashrinivaasan-Inspiron-1545 kernel: [  171.521845] 
Oct 31 21:10:27 kashrinivaasan-Inspiron-1545 kernel: [  171.521849] 
Oct 31 21:10:27 kashrinivaasan-Inspiron-1545 kernel: [  171.521852] 
Oct 31 21:10:27 kashrinivaasan-Inspiron-1545 kernel: [  171.521856] 
Oct 31 21:10:27 kashrinivaasan-Inspiron-1545 kernel: [  171.521860] 
Oct 31 21:10:27 kashrinivaasan-Inspiron-1545 kernel: [  171.521863] 
Oct 31 21:10:27 kashrinivaasan-Inspiron-1545 kernel: [  171.521867] 
Oct 31 21:10:27 kashrinivaasan-Inspiron-1545 kernel: [  171.521871] 
Oct 31 21:10:27 kashrinivaasan-Inspiron-1545 kernel: [  171.521875] 
Oct 31 21:10:27 kashrinivaasan-Inspiron-1545 kernel: [  171.521878] 
Oct 31 21:10:27 kashrinivaasan-Inspiron-1545 kernel: [  171.521882] 
Oct 31 21:10:27 kashrinivaasan-Inspiron-1545 kernel: [  171.521886] 
Oct 31 21:10:27 kashrinivaasan-Inspiron-1545 kernel: [  171.521889] 
Oct 31 21:10:27 kashrinivaasan-Inspiron-1545 kernel: [  171.521893] 
Oct 31 21:10:27 kashrinivaasan-Inspiron-1545 kernel: [  171.521897] 
Oct 31 21:10:27 kashrinivaasan-Inspiron-1545 kernel: [  171.521901] 
Oct 31 21:10:27 kashrinivaasan-Inspiron-1545 kernel: [  171.521904] 
Oct 31 21:10:27 kashrinivaasan-Inspiron-1545 kernel: [  171.521908] 
Oct 31 21:10:27 kashrinivaasan-Inspiron-1545 kernel: [  171.521912] 
Oct 31 21:10:27 kashrinivaasan-Inspiron-1545 kernel: [  171.521915] 
Oct 31 21:10:27 kashrinivaasan-Inspiron-1545 kernel: [  171.521919] 
Oct 31 21:10:27 kashrinivaasan-Inspiron-1545 kernel: [  171.521923] 
Oct 31 21:10:27 kashrinivaasan-Inspiron-1545 kernel: [  171.521927] 
Oct 31 21:10:27 kashrinivaasan-Inspiron-1545 kernel: [  171.521930] 
Oct 31 21:10:27 kashrinivaasan-Inspiron-1545 kernel: [  171.521934] 
Oct 31 21:10:27 kashrinivaasan-Inspiron-1545 kernel: [  171.521938] 
Oct 31 21:10:27 kashrinivaasan-Inspiron-1545 kernel: [  171.521942] 
Oct 31 21:10:27 kashrinivaasan-Inspiron-1545 kernel: [  171.521945] 
Oct 31 21:10:27 kashrinivaasan-Inspiron-1545 kernel: [  171.521949] 
Oct 31 21:10:27 kashrinivaasan-Inspiron-1545 kernel: [  171.521953] 
Oct 31 21:10:27 kashrinivaasan-Inspiron-1545 kernel: [  171.521957] 
Oct 31 21:10:27 kashrinivaasan-Inspiron-1545 kernel: [  171.521960] 
Oct 31 21:10:27 kashrinivaasan-Inspiron-1545 kernel: [  171.521964] 
Oct 31 21:10:27 kashrinivaasan-Inspiron-1545 kernel: [  171.521968] 
Oct 31 21:10:27 kashrinivaasan-Inspiron-1545 kernel: [  171.521971] 
Oct 31 21:10:27 kashrinivaasan-Inspiron-1545 kernel: [  171.521975] <6>[  171.521978] 
Oct 31 21:10:27 kashrinivaasan-Inspiron-1545 kernel: [  171.521980] virgocloudexec_mempool_recvfrom(): kernel_recvmsg() le32 to cpu virgo_cloud_set("f1c45000","data")
Oct 31 21:10:27 kashrinivaasan-Inspiron-1545 kernel: [  171.521980] 
Oct 31 21:10:27 kashrinivaasan-Inspiron-1545 kernel: [  171.521985] virgocloudexec_mempool_recvfrom(): mempoolFunction : virgo_cloud_set("f1c45000","data") 
Oct 31 21:10:27 kashrinivaasan-Inspiron-1545 kernel: [  171.521989] parse_virgomempool_command: vmargs->mempool_cmd: virgo_cloud_set
Oct 31 21:10:27 kashrinivaasan-Inspiron-1545 kernel: [  171.521993] parse_virgomempool_command: vmargs->mempool_args[0]: "f1c45000"
Oct 31 21:10:27 kashrinivaasan-Inspiron-1545 kernel: [  171.521996] parse_virgomempool_command: vmargs->mempool_args[1]: "data"
Oct 31 21:10:27 kashrinivaasan-Inspiron-1545 kernel: [  171.521999] mempool_func(): creating kernel thread and waking up, parameterIsExecutable=2
Oct 31 21:10:27 kashrinivaasan-Inspiron-1545 kernel: [  171.522003] Creating Kernel Thread for virgo_cloud_set in virgo_cloud_mempool_kernelspace mempool driver module with mempool_args[0]="f1c45000", mempool_args[1]="data"
Oct 31 21:10:27 kashrinivaasan-Inspiron-1545 kernel: [  171.522008] virgo_cloud_mempool_kernelspace.c:Executing virgo_cloud_mempool on cloud node, Invoking virgo_cloud_set_kernelspace(), Writing to file opened by Kernel, Kernel Space to User space communication works
Oct 31 21:10:27 kashrinivaasan-Inspiron-1545 kernel: [  171.522012] virgo_cloud_set_kernelspace(): vmargs->mempool_cmd=virgo_cloud_set, vmargs->mempool_args[0] = "f1c45000"
Oct 31 21:10:27 kashrinivaasan-Inspiron-1545 kernel: [  171.522012] , vmargs->mempool_args[1]="data" 
Oct 31 21:10:27 kashrinivaasan-Inspiron-1545 kernel: [  171.522018] toKernelAddress(): sscanf: strAddress=["f1c45000"], ptr =   (null)
Oct 31 21:10:27 kashrinivaasan-Inspiron-1545 kernel: [  171.522022] toKernelAddress(): before cast: kstrtoul: ul=4055992608, strAddress=["f1c45000"]
Oct 31 21:10:27 kashrinivaasan-Inspiron-1545 kernel: [  171.522026] virgo_cloud_mempool_kernelspace.c: virgo_cloud_set_kernelspace(): address=f1c18920, data to be set="data", data after set="data"
Oct 31 21:10:27 kashrinivaasan-Inspiron-1545 kernel: [  171.522029] mempool_func(): virgo mempool kernelspace module returns value virgo_mempool_ret=  (null)
Oct 31 21:10:27 kashrinivaasan-Inspiron-1545 kernel: [  171.522032] virgo_mempool_client_thread(): virgo_mempool_ops.virgo_mempool_sendto()
Oct 31 21:10:27 kashrinivaasan-Inspiron-1545 kernel: [  171.522036] toAddressString(): address=  (null), sprintf strAddress=[  (null)]
Oct 31 21:10:27 kashrinivaasan-Inspiron-1545 kernel: [  171.522039] virgocloudexec_mempool_sendto(): before kernel_sendmsg() for send buffer:   (null)
Oct 31 21:10:27 kashrinivaasan-Inspiron-1545 kernel: [  171.522073] virgocloudexec_mempool_sendto(): kernel_sendmsg() returns ret: 500
Oct 31 21:10:27 kashrinivaasan-Inspiron-1545 kernel: [  171.522076] virgocloudexec_mempool_sendto(): Shut down Kernel Side Client Socket with SOCK_WAKE_URG after sendmsg 
Oct 31 21:10:27 kashrinivaasan-Inspiron-1545 kernel: [  171.522101] virgocloudexec_mempool_sendto(): sock_release invoked on client socket 
Oct 31 21:11:06 kashrinivaasan-Inspiron-1545 kernel: [  210.456713] sd 6:0:0:0: [sdb] Test WP failed, assume Write Enabled
Oct 31 21:11:06 kashrinivaasan-Inspiron-1545 kernel: [  210.458956] sd 6:0:0:0: [sdb] Asking for cache data failed
Oct 31 21:11:06 kashrinivaasan-Inspiron-1545 kernel: [  210.458963] sd 6:0:0:0: [sdb] Assuming drive cache: write through
Oct 31 21:11:06 kashrinivaasan-Inspiron-1545 kernel: [  210.607580] virgo_cloudexec_mempool_service(): virgo mempool client thread per request 
Oct 31 21:11:06 kashrinivaasan-Inspiron-1545 kernel: [  210.607652] virgo_cloudexec_mempool_service(): virgo_mempool_ops.virgo_create() 
Oct 31 21:11:06 kashrinivaasan-Inspiron-1545 kernel: [  210.607655] virgo_mempool_client_thread(): virgo_mempool_ops.virgo_mempool_recvfrom()
Oct 31 21:11:06 kashrinivaasan-Inspiron-1545 kernel: [  210.607658] virgocloudexec_mempool_recvfrom(): before kernel_recvmsg()
Oct 31 21:12:22 kashrinivaasan-Inspiron-1545 kernel: imklog 5.8.6, log source = /proc/kmsg started.
Oct 31 21:12:22 kashrinivaasan-Inspiron-1545 kernel: [    0.000000] Initializing cgroup subsys cpuset
Oct 31 21:12:22 kashrinivaasan-Inspiron-1545 kernel: [    0.000000] Initializing cgroup subsys cpu
Oct 31 21:12:22 kashrinivaasan-Inspiron-1545 kernel: [    0.000000] Linux version 3.7.8 (root@kashrinivaasan-Inspiron-1545) (gcc version 4.4.1 (GCC) ) #1 SMP Thu Oct 31 14:21:03 IST 2013
Oct 31 21:12:22 kashrinivaasan-Inspiron-1545 kernel: [    0.000000] KERNEL supported cpus:
Oct 31 21:12:22 kashrinivaasan-Inspiron-1545 kernel: [    0.000000]   Intel GenuineIntel
Oct 31 21:12:22 kashrinivaasan-Inspiron-1545 kernel: [    0.000000]   AMD AuthenticAMD
Oct 31 21:12:22 kashrinivaasan-Inspiron-1545 kernel: [    0.000000]   NSC Geode by NSC
Oct 31 21:12:22 kashrinivaasan-Inspiron-1545 kernel: [    0.000000]   Cyrix CyrixInstead
Oct 31 21:12:22 kashrinivaasan-Inspiron-1545 kernel: [    0.000000]   Centaur CentaurHauls
Oct 31 21:12:22 kashrinivaasan-Inspiron-1545 kernel: [    0.000000]   Transmeta GenuineTMx86
Oct 31 21:12:22 kashrinivaasan-Inspiron-1545 kernel: [    0.000000]   Transmeta TransmetaCPU
Oct 31 21:12:22 kashrinivaasan-Inspiron-1545 kernel: [    0.000000]   UMC UMC UMC UMC
Oct 31 21:12:22 kashrinivaasan-Inspiron-1545 kernel: [    0.000000] e820: BIOS-provided physical RAM map:
Oct 31 21:12:22 kashrinivaasan-Inspiron-1545 kernel: [    0.000000] BIOS-e820: [mem 0x0000000000000000-0x000000000009efff] usable
Oct 31 21:12:22 kashrinivaasan-Inspiron-1545 kernel: [    0.000000] BIOS-e820: [mem 0x000000000009f000-0x000000000009ffff] reserved
Oct 31 21:12:22 kashrinivaasan-Inspiron-1545 kernel: [    0.000000] BIOS-e820: [mem 0x0000000000100000-0x00000000bd8bf3ff] usable
Oct 31 21:12:22 kashrinivaasan-Inspiron-1545 kernel: [    0.000000] BIOS-e820: [mem 0x00000000bd8bf400-0x00000000bdac13ff] ACPI NVS
Oct 31 21:12:22 kashrinivaasan-Inspiron-1545 kernel: [    0.000000] BIOS-e820: [mem 0x00000000bdac1400-0x00000000bfffffff] reserved
Oct 31 21:12:22 kashrinivaasan-Inspiron-1545 kernel: [    0.000000] BIOS-e820: [mem 0x00000000f8000000-0x00000000fbffffff] reserved
Oct 31 21:12:22 kashrinivaasan-Inspiron-1545 kernel: [    0.000000] BIOS-e820: [mem 0x00000000fec00000-0x00000000fec0ffff] reserved
Oct 31 21:12:22 kashrinivaasan-Inspiron-1545 kernel: [    0.000000] BIOS-e820: [mem 0x00000000fed18000-0x00000000fed1bfff] reserved
Oct 31 21:12:22 kashrinivaasan-Inspiron-1545 kernel: [    0.000000] BIOS-e820: [mem 0x00000000fed20000-0x00000000fed8ffff] reserved
Oct 31 21:12:22 kashrinivaasan-Inspiron-1545 kernel: [    0.000000] BIOS-e820: [mem 0x00000000feda0000-0x00000000feda5fff] reserved
Oct 31 21:12:22 kashrinivaasan-Inspiron-1545 kernel: [    0.000000] BIOS-e820: [mem 0x00000000fee00000-0x00000000fee0ffff] reserved
Oct 31 21:12:22 kashrinivaasan-Inspiron-1545 kernel: [    0.000000] BIOS-e820: [mem 0x00000000ffe00000-0x00000000ffffffff] reserved
Oct 31 21:12:22 kashrinivaasan-Inspiron-1545 kernel: [    0.000000] NX (Execute Disable) protection: active
Oct 31 21:12:22 kashrinivaasan-Inspiron-1545 kernel: [    0.000000] SMBIOS 2.4 present.
Oct 31 21:12:22 kashrinivaasan-Inspiron-1545 kernel: [    0.000000] DMI: Dell Inc. Inspiron 1545                   /0J037P, BIOS A14 12/07/2009
Oct 31 21:12:22 kashrinivaasan-Inspiron-1545 kernel: [    0.000000] e820: update [mem 0x00000000-0x0000ffff] usable ==> reserved
Oct 31 21:12:22 kashrinivaasan-Inspiron-1545 kernel: [    0.000000] e820: remove [mem 0x000a0000-0x000fffff] usable
Oct 31 21:12:22 kashrinivaasan-Inspiron-1545 kernel: [    0.000000] e820: last_pfn = 0xbd8bf max_arch_pfn = 0x1000000
Oct 31 21:12:22 kashrinivaasan-Inspiron-1545 kernel: [    0.000000] MTRR default type: uncachable
Oct 31 21:12:22 kashrinivaasan-Inspiron-1545 kernel: [    0.000000] MTRR fixed ranges enabled:
Oct 31 21:12:22 kashrinivaasan-Inspiron-1545 kernel: [    0.000000]   00000-9FFFF write-back
Oct 31 21:12:22 kashrinivaasan-Inspiron-1545 kernel: [    0.000000]   A0000-BFFFF uncachable
Oct 31 21:12:22 kashrinivaasan-Inspiron-1545 kernel: [    0.000000]   C0000-CFFFF write-protect
Oct 31 21:12:22 kashrinivaasan-Inspiron-1545 kernel: [    0.000000]   D0000-EFFFF uncachable
Oct 31 21:12:22 kashrinivaasan-Inspiron-1545 kernel: [    0.000000]   F0000-FFFFF write-protect
Oct 31 21:12:22 kashrinivaasan-Inspiron-1545 kernel: [    0.000000] MTRR variable ranges enabled:
Oct 31 21:12:22 kashrinivaasan-Inspiron-1545 kernel: [    0.000000]   0 base 000000000 mask 800000000 write-back
Oct 31 21:12:22 kashrinivaasan-Inspiron-1545 kernel: [    0.000000]   1 base 0E0000000 mask FE0000000 uncachable
Oct 31 21:12:22 kashrinivaasan-Inspiron-1545 kernel: [    0.000000]   2 base 0BDC00000 mask FFFC00000 uncachable
Oct 31 21:12:22 kashrinivaasan-Inspiron-1545 kernel: [    0.000000]   3 base 0BE000000 mask FFE000000 uncachable
Oct 31 21:12:22 kashrinivaasan-Inspiron-1545 kernel: [    0.000000]   4 disabled
Oct 31 21:12:22 kashrinivaasan-Inspiron-1545 kernel: [    0.000000]   5 disabled
Oct 31 21:12:22 kashrinivaasan-Inspiron-1545 kernel: [    0.000000]   6 disabled
Oct 31 21:12:22 kashrinivaasan-Inspiron-1545 kernel: [    0.000000] x86 PAT enabled: cpu 0, old 0x7040600070406, new 0x7010600070106
Oct 31 21:12:22 kashrinivaasan-Inspiron-1545 kernel: [    0.000000] original variable MTRRs
Oct 31 21:12:22 kashrinivaasan-Inspiron-1545 kernel: [    0.000000] reg 0, base: 0GB, range: 32GB, type WB
Oct 31 21:12:22 kashrinivaasan-Inspiron-1545 kernel: [    0.000000] reg 1, base: 3584MB, range: 512MB, type UC
Oct 31 21:12:22 kashrinivaasan-Inspiron-1545 kernel: [    0.000000] reg 2, base: 3036MB, range: 4MB, type UC
Oct 31 21:12:22 kashrinivaasan-Inspiron-1545 kernel: [    0.000000] reg 3, base: 3040MB, range: 32MB, type UC
Oct 31 21:12:22 kashrinivaasan-Inspiron-1545 kernel: [    0.000000] total RAM covered: 32220M
Oct 31 21:12:22 kashrinivaasan-Inspiron-1545 kernel: [    0.000000]  gran_size: 64K 	chunk_size: 64K 	num_reg: 7  	lose cover RAM: 29188M
Oct 31 21:12:22 kashrinivaasan-Inspiron-1545 kernel: [    0.000000]  gran_size: 64K 	chunk_size: 128K 	num_reg: 7  	lose cover RAM: 29188M
Oct 31 21:12:22 kashrinivaasan-Inspiron-1545 kernel: [    0.000000]  gran_size: 64K 	chunk_size: 256K 	num_reg: 7  	lose cover RAM: 29188M
Oct 31 21:12:22 kashrinivaasan-Inspiron-1545 kernel: [    0.000000]  gran_size: 64K 	chunk_size: 512K 	num_reg: 7  	lose cover RAM: 29188M
Oct 31 21:12:22 kashrinivaasan-Inspiron-1545 kernel: [    0.000000]  gran_size: 64K 	chunk_size: 1M 	num_reg: 7  	lose cover RAM: 29188M
Oct 31 21:12:22 kashrinivaasan-Inspiron-1545 kernel: [    0.000000]  gran_size: 64K 	chunk_size: 2M 	num_reg: 7  	lose cover RAM: 29188M
Oct 31 21:12:22 kashrinivaasan-Inspiron-1545 kernel: [    0.000000]  gran_size: 64K 	chunk_size: 4M 	num_reg: 7  	lose cover RAM: 29188M
Oct 31 21:12:22 kashrinivaasan-Inspiron-1545 kernel: [    0.000000]  gran_size: 64K 	chunk_size: 8M 	num_reg: 7  	lose cover RAM: 29184M
Oct 31 21:12:22 kashrinivaasan-Inspiron-1545 kernel: [    0.000000]  gran_size: 64K 	chunk_size: 16M 	num_reg: 7  	lose cover RAM: 29184M
Oct 31 21:12:22 kashrinivaasan-Inspiron-1545 kernel: [    0.000000]  gran_size: 64K 	chunk_size: 32M 	num_reg: 7  	lose cover RAM: 29184M
Oct 31 21:12:22 kashrinivaasan-Inspiron-1545 kernel: [    0.000000]  gran_size: 64K 	chunk_size: 64M 	num_reg: 7  	lose cover RAM: 16G
Oct 31 21:12:22 kashrinivaasan-Inspiron-1545 kernel: [    0.000000]  gran_size: 64K 	chunk_size: 128M 	num_reg: 7  	lose cover RAM: 16G
Oct 31 21:12:22 kashrinivaasan-Inspiron-1545 kernel: [    0.000000]  gran_size: 64K 	chunk_size: 256M 	num_reg: 7  	lose cover RAM: 16G
Oct 31 21:12:22 kashrinivaasan-Inspiron-1545 kernel: [    0.000000]  gran_size: 64K 	chunk_size: 512M 	num_reg: 7  	lose cover RAM: 16G
Oct 31 21:12:22 kashrinivaasan-Inspiron-1545 kernel: [    0.000000]  gran_size: 64K 	chunk_size: 1G 	num_reg: 7  	lose cover RAM: 16G
Oct 31 21:12:22 kashrinivaasan-Inspiron-1545 kernel: [    0.000000]  gran_size: 64K 	chunk_size: 2G 	num_reg: 7  	lose cover RAM: 29188M
Oct 31 21:12:22 kashrinivaasan-Inspiron-1545 kernel: [    0.000000]  gran_size: 128K 	chunk_size: 128K 	num_reg: 7  	lose cover RAM: 29188M
Oct 31 21:12:22 kashrinivaasan-Inspiron-1545 kernel: [    0.000000]  gran_size: 128K 	chunk_size: 256K 	num_reg: 7  	lose cover RAM: 29188M
Oct 31 21:12:22 kashrinivaasan-Inspiron-1545 kernel: [    0.000000]  gran_size: 128K 	chunk_size: 512K 	num_reg: 7  	lose cover RAM: 29188M
Oct 31 21:12:22 kashrinivaasan-Inspiron-1545 kernel: [    0.000000]  gran_size: 128K 	chunk_size: 1M 	num_reg: 7  	lose cover RAM: 29188M
Oct 31 21:12:22 kashrinivaasan-Inspiron-1545 kernel: [    0.000000]  gran_size: 128K 	chunk_size: 2M 	num_reg: 7  	lose cover RAM: 29188M
Oct 31 21:12:22 kashrinivaasan-Inspiron-1545 kernel: [    0.000000]  gran_size: 128K 	chunk_size: 4M 	num_reg: 7  	lose cover RAM: 29188M
Oct 31 21:12:22 kashrinivaasan-Inspiron-1545 kernel: [    0.000000]  gran_size: 128K 	chunk_size: 8M 	num_reg: 7  	lose cover RAM: 29184M
Oct 31 21:12:22 kashrinivaasan-Inspiron-1545 kernel: [    0.000000]  gran_size: 128K 	chunk_size: 16M 	num_reg: 7  	lose cover RAM: 29184M
Oct 31 21:12:22 kashrinivaasan-Inspiron-1545 kernel: [    0.000000]  gran_size: 128K 	chunk_size: 32M 	num_reg: 7  	lose cover RAM: 29184M
Oct 31 21:12:22 kashrinivaasan-Inspiron-1545 kernel: [    0.000000]  gran_size: 128K 	chunk_size: 64M 	num_reg: 7  	lose cover RAM: 16G
Oct 31 21:12:22 kashrinivaasan-Inspiron-1545 kernel: [    0.000000]  gran_size: 128K 	chunk_size: 128M 	num_reg: 7  	lose cover RAM: 16G
Oct 31 21:12:22 kashrinivaasan-Inspiron-1545 kernel: [    0.000000]  gran_size: 128K 	chunk_size: 256M 	num_reg: 7  	lose cover RAM: 16G
Oct 31 21:12:22 kashrinivaasan-Inspiron-1545 kernel: [    0.000000]  gran_size: 128K 	chunk_size: 512M 	num_reg: 7  	lose cover RAM: 16G
Oct 31 21:12:22 kashrinivaasan-Inspiron-1545 kernel: [    0.000000]  gran_size: 128K 	chunk_size: 1G 	num_reg: 7  	lose cover RAM: 16G
Oct 31 21:12:22 kashrinivaasan-Inspiron-1545 kernel: [    0.000000]  gran_size: 128K 	chunk_size: 2G 	num_reg: 7  	lose cover RAM: 29188M
Oct 31 21:12:22 kashrinivaasan-Inspiron-1545 kernel: [    0.000000]  gran_size: 256K 	chunk_size: 256K 	num_reg: 7  	lose cover RAM: 29188M
Oct 31 21:12:22 kashrinivaasan-Inspiron-1545 kernel: [    0.000000]  gran_size: 256K 	chunk_size: 512K 	num_reg: 7  	lose cover RAM: 29188M
Oct 31 21:12:22 kashrinivaasan-Inspiron-1545 kernel: [    0.000000]  gran_size: 256K 	chunk_size: 1M 	num_reg: 7  	lose cover RAM: 29188M
Oct 31 21:12:22 kashrinivaasan-Inspiron-1545 kernel: [    0.000000]  gran_size: 256K 	chunk_size: 2M 	num_reg: 7  	lose cover RAM: 29188M
Oct 31 21:12:22 kashrinivaasan-Inspiron-1545 kernel: [    0.000000]  gran_size: 256K 	chunk_size: 4M 	num_reg: 7  	lose cover RAM: 29188M
Oct 31 21:12:22 kashrinivaasan-Inspiron-1545 kernel: [    0.000000]  gran_size: 256K 	chunk_size: 8M 	num_reg: 7  	lose cover RAM: 29184M
Oct 31 21:12:22 kashrinivaasan-Inspiron-1545 kernel: [    0.000000]  gran_size: 256K 	chunk_size: 16M 	num_reg: 7  	lose cover RAM: 29184M
Oct 31 21:12:22 kashrinivaasan-Inspiron-1545 kernel: [    0.000000]  gran_size: 256K 	chunk_size: 32M 	num_reg: 7  	lose cover RAM: 29184M
Oct 31 21:12:22 kashrinivaasan-Inspiron-1545 kernel: [    0.000000]  gran_size: 256K 	chunk_size: 64M 	num_reg: 7  	lose cover RAM: 16G
Oct 31 21:12:22 kashrinivaasan-Inspiron-1545 kernel: [    0.000000]  gran_size: 256K 	chunk_size: 128M 	num_reg: 7  	lose cover RAM: 16G
Oct 31 21:12:22 kashrinivaasan-Inspiron-1545 kernel: [    0.000000]  gran_size: 256K 	chunk_size: 256M 	num_reg: 7  	lose cover RAM: 16G
Oct 31 21:12:22 kashrinivaasan-Inspiron-1545 kernel: [    0.000000]  gran_size: 256K 	chunk_size: 512M 	num_reg: 7  	lose cover RAM: 16G
Oct 31 21:12:22 kashrinivaasan-Inspiron-1545 kernel: [    0.000000]  gran_size: 256K 	chunk_size: 1G 	num_reg: 7  	lose cover RAM: 16G
Oct 31 21:12:22 kashrinivaasan-Inspiron-1545 kernel: [    0.000000]  gran_size: 256K 	chunk_size: 2G 	num_reg: 7  	lose cover RAM: 29188M
Oct 31 21:12:22 kashrinivaasan-Inspiron-1545 kernel: [    0.000000]  gran_size: 512K 	chunk_size: 512K 	num_reg: 7  	lose cover RAM: 29188M
Oct 31 21:12:22 kashrinivaasan-Inspiron-1545 kernel: [    0.000000]  gran_size: 512K 	chunk_size: 1M 	num_reg: 7  	lose cover RAM: 29188M
Oct 31 21:12:22 kashrinivaasan-Inspiron-1545 kernel: [    0.000000]  gran_size: 512K 	chunk_size: 2M 	num_reg: 7  	lose cover RAM: 29188M
Oct 31 21:12:22 kashrinivaasan-Inspiron-1545 kernel: [    0.000000]  gran_size: 512K 	chunk_size: 4M 	num_reg: 7  	lose cover RAM: 29188M
Oct 31 21:12:22 kashrinivaasan-Inspiron-1545 kernel: [    0.000000]  gran_size: 512K 	chunk_size: 8M 	num_reg: 7  	lose cover RAM: 29184M
Oct 31 21:12:22 kashrinivaasan-Inspiron-1545 kernel: [    0.000000]  gran_size: 512K 	chunk_size: 16M 	num_reg: 7  	lose cover RAM: 29184M
Oct 31 21:12:22 kashrinivaasan-Inspiron-1545 kernel: [    0.000000]  gran_size: 512K 	chunk_size: 32M 	num_reg: 7  	lose cover RAM: 29184M
Oct 31 21:12:22 kashrinivaasan-Inspiron-1545 kernel: [    0.000000]  gran_size: 512K 	chunk_size: 64M 	num_reg: 7  	lose cover RAM: 16G
Oct 31 21:12:22 kashrinivaasan-Inspiron-1545 kernel: [    0.000000]  gran_size: 512K 	chunk_size: 128M 	num_reg: 7  	lose cover RAM: 16G
Oct 31 21:12:22 kashrinivaasan-Inspiron-1545 kernel: [    0.000000]  gran_size: 512K 	chunk_size: 256M 	num_reg: 7  	lose cover RAM: 16G
Oct 31 21:12:22 kashrinivaasan-Inspiron-1545 kernel: [    0.000000]  gran_size: 512K 	chunk_size: 512M 	num_reg: 7  	lose cover RAM: 16G
Oct 31 21:12:22 kashrinivaasan-Inspiron-1545 kernel: [    0.000000]  gran_size: 512K 	chunk_size: 1G 	num_reg: 7  	lose cover RAM: 16G
Oct 31 21:12:22 kashrinivaasan-Inspiron-1545 kernel: [    0.000000]  gran_size: 512K 	chunk_size: 2G 	num_reg: 7  	lose cover RAM: 29188M
Oct 31 21:12:22 kashrinivaasan-Inspiron-1545 kernel: [    0.000000]  gran_size: 1M 	chunk_size: 1M 	num_reg: 7  	lose cover RAM: 29188M
Oct 31 21:12:22 kashrinivaasan-Inspiron-1545 kernel: [    0.000000]  gran_size: 1M 	chunk_size: 2M 	num_reg: 7  	lose cover RAM: 29188M
Oct 31 21:12:22 kashrinivaasan-Inspiron-1545 kernel: [    0.000000]  gran_size: 1M 	chunk_size: 4M 	num_reg: 7  	lose cover RAM: 29188M
Oct 31 21:12:22 kashrinivaasan-Inspiron-1545 kernel: [    0.000000]  gran_size: 1M 	chunk_size: 8M 	num_reg: 7  	lose cover RAM: 29184M
Oct 31 21:12:22 kashrinivaasan-Inspiron-1545 kernel: [    0.000000]  gran_size: 1M 	chunk_size: 16M 	num_reg: 7  	lose cover RAM: 29184M
Oct 31 21:12:22 kashrinivaasan-Inspiron-1545 kernel: [    0.000000]  gran_size: 1M 	chunk_size: 32M 	num_reg: 7  	lose cover RAM: 29184M
Oct 31 21:12:22 kashrinivaasan-Inspiron-1545 kernel: [    0.000000]  gran_size: 1M 	chunk_size: 64M 	num_reg: 7  	lose cover RAM: 16G
Oct 31 21:12:22 kashrinivaasan-Inspiron-1545 kernel: [    0.000000]  gran_size: 1M 	chunk_size: 128M 	num_reg: 7  	lose cover RAM: 16G
Oct 31 21:12:22 kashrinivaasan-Inspiron-1545 kernel: [    0.000000]  gran_size: 1M 	chunk_size: 256M 	num_reg: 7  	lose cover RAM: 16G
Oct 31 21:12:22 kashrinivaasan-Inspiron-1545 kernel: [    0.000000]  gran_size: 1M 	chunk_size: 512M 	num_reg: 7  	lose cover RAM: 16G
Oct 31 21:12:22 kashrinivaasan-Inspiron-1545 kernel: [    0.000000]  gran_size: 1M 	chunk_size: 1G 	num_reg: 7  	lose cover RAM: 16G
Oct 31 21:12:22 kashrinivaasan-Inspiron-1545 kernel: [    0.000000]  gran_size: 1M 	chunk_size: 2G 	num_reg: 7  	lose cover RAM: 29188M
Oct 31 21:12:22 kashrinivaasan-Inspiron-1545 kernel: [    0.000000]  gran_size: 2M 	chunk_size: 2M 	num_reg: 7  	lose cover RAM: 29188M
Oct 31 21:12:22 kashrinivaasan-Inspiron-1545 kernel: [    0.000000]  gran_size: 2M 	chunk_size: 4M 	num_reg: 7  	lose cover RAM: 29188M
Oct 31 21:12:22 kashrinivaasan-Inspiron-1545 kernel: [    0.000000]  gran_size: 2M 	chunk_size: 8M 	num_reg: 7  	lose cover RAM: 29184M
Oct 31 21:12:22 kashrinivaasan-Inspiron-1545 kernel: [    0.000000]  gran_size: 2M 	chunk_size: 16M 	num_reg: 7  	lose cover RAM: 29184M
Oct 31 21:12:22 kashrinivaasan-Inspiron-1545 kernel: [    0.000000]  gran_size: 2M 	chunk_size: 32M 	num_reg: 7  	lose cover RAM: 29184M
Oct 31 21:12:22 kashrinivaasan-Inspiron-1545 kernel: [    0.000000]  gran_size: 2M 	chunk_size: 64M 	num_reg: 7  	lose cover RAM: 16G
Oct 31 21:12:22 kashrinivaasan-Inspiron-1545 kernel: [    0.000000]  gran_size: 2M 	chunk_size: 128M 	num_reg: 7  	lose cover RAM: 16G
Oct 31 21:12:22 kashrinivaasan-Inspiron-1545 kernel: [    0.000000]  gran_size: 2M 	chunk_size: 256M 	num_reg: 7  	lose cover RAM: 16G
Oct 31 21:12:22 kashrinivaasan-Inspiron-1545 kernel: [    0.000000]  gran_size: 2M 	chunk_size: 512M 	num_reg: 7  	lose cover RAM: 16G
Oct 31 21:12:22 kashrinivaasan-Inspiron-1545 kernel: [    0.000000]  gran_size: 2M 	chunk_size: 1G 	num_reg: 7  	lose cover RAM: 16G
Oct 31 21:12:22 kashrinivaasan-Inspiron-1545 kernel: [    0.000000]  gran_size: 2M 	chunk_size: 2G 	num_reg: 7  	lose cover RAM: 29188M
Oct 31 21:12:22 kashrinivaasan-Inspiron-1545 kernel: [    0.000000]  gran_size: 4M 	chunk_size: 4M 	num_reg: 7  	lose cover RAM: 29188M
Oct 31 21:12:22 kashrinivaasan-Inspiron-1545 kernel: [    0.000000]  gran_size: 4M 	chunk_size: 8M 	num_reg: 7  	lose cover RAM: 29184M
Oct 31 21:12:22 kashrinivaasan-Inspiron-1545 kernel: [    0.000000]  gran_size: 4M 	chunk_size: 16M 	num_reg: 7  	lose cover RAM: 29184M
Oct 31 21:12:22 kashrinivaasan-Inspiron-1545 kernel: [    0.000000]  gran_size: 4M 	chunk_size: 32M 	num_reg: 7  	lose cover RAM: 29184M
Oct 31 21:12:22 kashrinivaasan-Inspiron-1545 kernel: [    0.000000]  gran_size: 4M 	chunk_size: 64M 	num_reg: 7  	lose cover RAM: 16G
Oct 31 21:12:22 kashrinivaasan-Inspiron-1545 kernel: [    0.000000]  gran_size: 4M 	chunk_size: 128M 	num_reg: 7  	lose cover RAM: 16G
Oct 31 21:12:22 kashrinivaasan-Inspiron-1545 kernel: [    0.000000]  gran_size: 4M 	chunk_size: 256M 	num_reg: 7  	lose cover RAM: 16G
Oct 31 21:12:22 kashrinivaasan-Inspiron-1545 kernel: [    0.000000]  gran_size: 4M 	chunk_size: 512M 	num_reg: 7  	lose cover RAM: 16G
Oct 31 21:12:22 kashrinivaasan-Inspiron-1545 kernel: [    0.000000]  gran_size: 4M 	chunk_size: 1G 	num_reg: 7  	lose cover RAM: 16G
Oct 31 21:12:22 kashrinivaasan-Inspiron-1545 kernel: [    0.000000]  gran_size: 4M 	chunk_size: 2G 	num_reg: 7  	lose cover RAM: 29188M
Oct 31 21:12:22 kashrinivaasan-Inspiron-1545 kernel: [    0.000000]  gran_size: 8M 	chunk_size: 8M 	num_reg: 7  	lose cover RAM: 29188M
Oct 31 21:12:22 kashrinivaasan-Inspiron-1545 kernel: [    0.000000]  gran_size: 8M 	chunk_size: 16M 	num_reg: 7  	lose cover RAM: 29188M
Oct 31 21:12:22 kashrinivaasan-Inspiron-1545 kernel: [    0.000000]  gran_size: 8M 	chunk_size: 32M 	num_reg: 7  	lose cover RAM: 29188M
Oct 31 21:12:22 kashrinivaasan-Inspiron-1545 kernel: [    0.000000]  gran_size: 8M 	chunk_size: 64M 	num_reg: 7  	lose cover RAM: 16388M
Oct 31 21:12:22 kashrinivaasan-Inspiron-1545 kernel: [    0.000000]  gran_size: 8M 	chunk_size: 128M 	num_reg: 7  	lose cover RAM: 16388M
Oct 31 21:12:22 kashrinivaasan-Inspiron-1545 kernel: [    0.000000]  gran_size: 8M 	chunk_size: 256M 	num_reg: 7  	lose cover RAM: 16388M
Oct 31 21:12:22 kashrinivaasan-Inspiron-1545 kernel: [    0.000000]  gran_size: 8M 	chunk_size: 512M 	num_reg: 7  	lose cover RAM: 16388M
Oct 31 21:12:22 kashrinivaasan-Inspiron-1545 kernel: [    0.000000]  gran_size: 8M 	chunk_size: 1G 	num_reg: 7  	lose cover RAM: 16388M
Oct 31 21:12:22 kashrinivaasan-Inspiron-1545 kernel: [    0.000000]  gran_size: 8M 	chunk_size: 2G 	num_reg: 7  	lose cover RAM: 29188M
Oct 31 21:12:22 kashrinivaasan-Inspiron-1545 kernel: [    0.000000]  gran_size: 16M 	chunk_size: 16M 	num_reg: 7  	lose cover RAM: 28684M
Oct 31 21:12:22 kashrinivaasan-Inspiron-1545 kernel: [    0.000000]  gran_size: 16M 	chunk_size: 32M 	num_reg: 7  	lose cover RAM: 29196M
Oct 31 21:12:22 kashrinivaasan-Inspiron-1545 kernel: [    0.000000]  gran_size: 16M 	chunk_size: 64M 	num_reg: 7  	lose cover RAM: 16396M
Oct 31 21:12:22 kashrinivaasan-Inspiron-1545 kernel: [    0.000000]  gran_size: 16M 	chunk_size: 128M 	num_reg: 7  	lose cover RAM: 16396M
Oct 31 21:12:22 kashrinivaasan-Inspiron-1545 kernel: [    0.000000]  gran_size: 16M 	chunk_size: 256M 	num_reg: 7  	lose cover RAM: 16396M
Oct 31 21:12:22 kashrinivaasan-Inspiron-1545 kernel: [    0.000000]  gran_size: 16M 	chunk_size: 512M 	num_reg: 7  	lose cover RAM: 16396M
Oct 31 21:12:22 kashrinivaasan-Inspiron-1545 kernel: [    0.000000]  gran_size: 16M 	chunk_size: 1G 	num_reg: 7  	lose cover RAM: 16396M
Oct 31 21:12:22 kashrinivaasan-Inspiron-1545 kernel: [    0.000000]  gran_size: 16M 	chunk_size: 2G 	num_reg: 7  	lose cover RAM: 28172M
Oct 31 21:12:22 kashrinivaasan-Inspiron-1545 kernel: [    0.000000]  gran_size: 32M 	chunk_size: 32M 	num_reg: 7  	lose cover RAM: 24604M
Oct 31 21:12:22 kashrinivaasan-Inspiron-1545 kernel: [    0.000000]  gran_size: 32M 	chunk_size: 64M 	num_reg: 7  	lose cover RAM: 24604M
Oct 31 21:12:22 kashrinivaasan-Inspiron-1545 kernel: [    0.000000]  gran_size: 32M 	chunk_size: 128M 	num_reg: 7  	lose cover RAM: 28M
Oct 31 21:12:22 kashrinivaasan-Inspiron-1545 kernel: [    0.000000]  gran_size: 32M 	chunk_size: 256M 	num_reg: 7  	lose cover RAM: 28M
Oct 31 21:12:22 kashrinivaasan-Inspiron-1545 kernel: [    0.000000]  gran_size: 32M 	chunk_size: 512M 	num_reg: 7  	lose cover RAM: 28M
Oct 31 21:12:22 kashrinivaasan-Inspiron-1545 kernel: [    0.000000]  gran_size: 32M 	chunk_size: 1G 	num_reg: 7  	lose cover RAM: 28M
Oct 31 21:12:22 kashrinivaasan-Inspiron-1545 kernel: [    0.000000]  gran_size: 32M 	chunk_size: 2G 	num_reg: 7  	lose cover RAM: 27164M
Oct 31 21:12:22 kashrinivaasan-Inspiron-1545 kernel: [    0.000000]  gran_size: 64M 	chunk_size: 64M 	num_reg: 7  	lose cover RAM: 24604M
Oct 31 21:12:22 kashrinivaasan-Inspiron-1545 kernel: [    0.000000]  gran_size: 64M 	chunk_size: 128M 	num_reg: 7  	lose cover RAM: 28M
Oct 31 21:12:22 kashrinivaasan-Inspiron-1545 kernel: [    0.000000]  gran_size: 64M 	chunk_size: 256M 	num_reg: 7  	lose cover RAM: 28M
Oct 31 21:12:22 kashrinivaasan-Inspiron-1545 kernel: [    0.000000]  gran_size: 64M 	chunk_size: 512M 	num_reg: 7  	lose cover RAM: 28M
Oct 31 21:12:22 kashrinivaasan-Inspiron-1545 kernel: [    0.000000]  gran_size: 64M 	chunk_size: 1G 	num_reg: 7  	lose cover RAM: 28M
Oct 31 21:12:22 kashrinivaasan-Inspiron-1545 kernel: [    0.000000]  gran_size: 64M 	chunk_size: 2G 	num_reg: 7  	lose cover RAM: 27164M
Oct 31 21:12:22 kashrinivaasan-Inspiron-1545 kernel: [    0.000000]  gran_size: 128M 	chunk_size: 128M 	num_reg: 7  	lose cover RAM: 16476M
Oct 31 21:12:22 kashrinivaasan-Inspiron-1545 kernel: [    0.000000]  gran_size: 128M 	chunk_size: 256M 	num_reg: 7  	lose cover RAM: 92M
Oct 31 21:12:22 kashrinivaasan-Inspiron-1545 kernel: [    0.000000]  gran_size: 128M 	chunk_size: 512M 	num_reg: 7  	lose cover RAM: 92M
Oct 31 21:12:22 kashrinivaasan-Inspiron-1545 kernel: [    0.000000]  gran_size: 128M 	chunk_size: 1G 	num_reg: 7  	lose cover RAM: 92M
Oct 31 21:12:22 kashrinivaasan-Inspiron-1545 kernel: [    0.000000]  gran_size: 128M 	chunk_size: 2G 	num_reg: 7  	lose cover RAM: 27740M
Oct 31 21:12:22 kashrinivaasan-Inspiron-1545 kernel: [    0.000000]  gran_size: 256M 	chunk_size: 256M 	num_reg: 7  	lose cover RAM: 220M
Oct 31 21:12:22 kashrinivaasan-Inspiron-1545 kernel: [    0.000000]  gran_size: 256M 	chunk_size: 512M 	num_reg: 7  	lose cover RAM: 220M
Oct 31 21:12:22 kashrinivaasan-Inspiron-1545 kernel: [    0.000000]  gran_size: 256M 	chunk_size: 1G 	num_reg: 7  	lose cover RAM: 220M
Oct 31 21:12:22 kashrinivaasan-Inspiron-1545 kernel: [    0.000000]  gran_size: 256M 	chunk_size: 2G 	num_reg: 7  	lose cover RAM: 26844M
Oct 31 21:12:22 kashrinivaasan-Inspiron-1545 kernel: [    0.000000]  gran_size: 512M 	chunk_size: 512M 	num_reg: 6  	lose cover RAM: 476M
Oct 31 21:12:22 kashrinivaasan-Inspiron-1545 kernel: [    0.000000]  gran_size: 512M 	chunk_size: 1G 	num_reg: 7  	lose cover RAM: 476M
Oct 31 21:12:22 kashrinivaasan-Inspiron-1545 kernel: [    0.000000]  gran_size: 512M 	chunk_size: 2G 	num_reg: 7  	lose cover RAM: 25052M
Oct 31 21:12:22 kashrinivaasan-Inspiron-1545 kernel: [    0.000000]  gran_size: 1G 	chunk_size: 1G 	num_reg: 4  	lose cover RAM: 1500M
Oct 31 21:12:22 kashrinivaasan-Inspiron-1545 kernel: [    0.000000]  gran_size: 1G 	chunk_size: 2G 	num_reg: 4  	lose cover RAM: 1500M
Oct 31 21:12:22 kashrinivaasan-Inspiron-1545 kernel: [    0.000000]  gran_size: 2G 	chunk_size: 2G 	num_reg: 4  	lose cover RAM: 1500M
Oct 31 21:12:22 kashrinivaasan-Inspiron-1545 kernel: [    0.000000] mtrr_cleanup: can not find optimal value
Oct 31 21:12:22 kashrinivaasan-Inspiron-1545 kernel: [    0.000000] please specify mtrr_gran_size/mtrr_chunk_size
Oct 31 21:12:22 kashrinivaasan-Inspiron-1545 kernel: [    0.000000] e820: update [mem 0xbdc00000-0xbfffffff] usable ==> reserved
Oct 31 21:12:22 kashrinivaasan-Inspiron-1545 kernel: [    0.000000] e820: update [mem 0xe0000000-0xffffffff] usable ==> reserved
Oct 31 21:12:22 kashrinivaasan-Inspiron-1545 kernel: [    0.000000] initial memory mapped: [mem 0x00000000-0x01ffffff]
Oct 31 21:12:22 kashrinivaasan-Inspiron-1545 kernel: [    0.000000] Base memory trampoline at [c009b000] 9b000 size 16384
Oct 31 21:12:22 kashrinivaasan-Inspiron-1545 kernel: [    0.000000] init_memory_mapping: [mem 0x00000000-0x37bfdfff]
Oct 31 21:12:22 kashrinivaasan-Inspiron-1545 kernel: [    0.000000]  [mem 0x00000000-0x001fffff] page 4k
Oct 31 21:12:22 kashrinivaasan-Inspiron-1545 kernel: [    0.000000]  [mem 0x00200000-0x379fffff] page 2M
Oct 31 21:12:22 kashrinivaasan-Inspiron-1545 kernel: [    0.000000]  [mem 0x37a00000-0x37bfdfff] page 4k
Oct 31 21:12:22 kashrinivaasan-Inspiron-1545 kernel: [    0.000000] kernel direct mapping tables up to 0x37bfdfff @ [mem 0x01ffa000-0x01ffffff]
Oct 31 21:12:22 kashrinivaasan-Inspiron-1545 kernel: [    0.000000] RAMDISK: [mem 0x35974000-0x36cb1fff]
Oct 31 21:12:22 kashrinivaasan-Inspiron-1545 kernel: [    0.000000] ACPI: RSDP 000fbdd0 00024 (v02 DELL  )
Oct 31 21:12:22 kashrinivaasan-Inspiron-1545 kernel: [    0.000000] ACPI: XSDT bdac3e00 00054 (v01 DELL    WN09    27D90C07 ASL  00000061)
Oct 31 21:12:22 kashrinivaasan-Inspiron-1545 kernel: [    0.000000] ACPI: FACP bdac3c9c 000F4 (v04 DELL    WN09    27D90C07 ASL  00000061)
Oct 31 21:12:22 kashrinivaasan-Inspiron-1545 kernel: [    0.000000] ACPI: DSDT bdac4400 05451 (v02 INT430 SYSFexxx 00001001 INTL 20050624)
Oct 31 21:12:22 kashrinivaasan-Inspiron-1545 kernel: [    0.000000] ACPI: FACS bdad2c00 00040
Oct 31 21:12:22 kashrinivaasan-Inspiron-1545 kernel: [    0.000000] ACPI: HPET bdac3f00 00038 (v01 DELL    WN09    00000001 ASL  00000061)
Oct 31 21:12:22 kashrinivaasan-Inspiron-1545 kernel: [    0.000000] ACPI: APIC bdac4000 00068 (v01 DELL    WN09    27D90C07 ASL  00000047)
Oct 31 21:12:22 kashrinivaasan-Inspiron-1545 kernel: [    0.000000] ACPI: MCFG bdac3fc0 0003E (v16 DELL    WN09    27D90C07 ASL  00000061)
Oct 31 21:12:22 kashrinivaasan-Inspiron-1545 kernel: [    0.000000] ACPI: SLIC bdac409c 00176 (v01 DELL    WN09    27D90C07 ASL  00000061)
Oct 31 21:12:22 kashrinivaasan-Inspiron-1545 kernel: [    0.000000] ACPI: SSDT bdac2363 0066C (v01  PmRef    CpuPm 00003000 INTL 20050624)
Oct 31 21:12:22 kashrinivaasan-Inspiron-1545 kernel: [    0.000000] ACPI: Local APIC address 0xfee00000
Oct 31 21:12:22 kashrinivaasan-Inspiron-1545 kernel: [    0.000000] 2140MB HIGHMEM available.
Oct 31 21:12:22 kashrinivaasan-Inspiron-1545 kernel: [    0.000000] 891MB LOWMEM available.
Oct 31 21:12:22 kashrinivaasan-Inspiron-1545 kernel: [    0.000000]   mapped low ram: 0 - 37bfe000
Oct 31 21:12:22 kashrinivaasan-Inspiron-1545 kernel: [    0.000000]   low ram: 0 - 37bfe000
Oct 31 21:12:22 kashrinivaasan-Inspiron-1545 kernel: [    0.000000] Zone ranges:
Oct 31 21:12:22 kashrinivaasan-Inspiron-1545 kernel: [    0.000000]   DMA      [mem 0x00010000-0x00ffffff]
Oct 31 21:12:22 kashrinivaasan-Inspiron-1545 kernel: [    0.000000]   Normal   [mem 0x01000000-0x37bfdfff]
Oct 31 21:12:22 kashrinivaasan-Inspiron-1545 kernel: [    0.000000]   HighMem  [mem 0x37bfe000-0xbd8befff]
Oct 31 21:12:22 kashrinivaasan-Inspiron-1545 kernel: [    0.000000] Movable zone start for each node
Oct 31 21:12:22 kashrinivaasan-Inspiron-1545 kernel: [    0.000000] Early memory node ranges
Oct 31 21:12:22 kashrinivaasan-Inspiron-1545 kernel: [    0.000000]   node   0: [mem 0x00010000-0x0009efff]
Oct 31 21:12:22 kashrinivaasan-Inspiron-1545 kernel: [    0.000000]   node   0: [mem 0x00100000-0xbd8befff]
Oct 31 21:12:22 kashrinivaasan-Inspiron-1545 kernel: [    0.000000] On node 0 totalpages: 776270
Oct 31 21:12:22 kashrinivaasan-Inspiron-1545 kernel: [    0.000000] free_area_init_node: node 0, pgdat c18d32c0, node_mem_map f41bc200
Oct 31 21:12:22 kashrinivaasan-Inspiron-1545 kernel: [    0.000000]   DMA zone: 32 pages used for memmap
Oct 31 21:12:22 kashrinivaasan-Inspiron-1545 kernel: [    0.000000]   DMA zone: 0 pages reserved
Oct 31 21:12:22 kashrinivaasan-Inspiron-1545 kernel: [    0.000000]   DMA zone: 3951 pages, LIFO batch:0
Oct 31 21:12:22 kashrinivaasan-Inspiron-1545 kernel: [    0.000000]   Normal zone: 1752 pages used for memmap
Oct 31 21:12:22 kashrinivaasan-Inspiron-1545 kernel: [    0.000000]   Normal zone: 222502 pages, LIFO batch:31
Oct 31 21:12:22 kashrinivaasan-Inspiron-1545 kernel: [    0.000000]   HighMem zone: 4282 pages used for memmap
Oct 31 21:12:22 kashrinivaasan-Inspiron-1545 kernel: [    0.000000]   HighMem zone: 543751 pages, LIFO batch:31
Oct 31 21:12:22 kashrinivaasan-Inspiron-1545 kernel: [    0.000000] Using APIC driver default
Oct 31 21:12:22 kashrinivaasan-Inspiron-1545 kernel: [    0.000000] ACPI: PM-Timer IO Port: 0x1008
Oct 31 21:12:22 kashrinivaasan-Inspiron-1545 kernel: [    0.000000] ACPI: Local APIC address 0xfee00000
Oct 31 21:12:22 kashrinivaasan-Inspiron-1545 kernel: [    0.000000] ACPI: LAPIC (acpi_id[0x00] lapic_id[0x00] enabled)
Oct 31 21:12:22 kashrinivaasan-Inspiron-1545 kernel: [    0.000000] ACPI: LAPIC (acpi_id[0x01] lapic_id[0x01] enabled)
Oct 31 21:12:22 kashrinivaasan-Inspiron-1545 kernel: [    0.000000] ACPI: LAPIC_NMI (acpi_id[0x00] high edge lint[0x1])
Oct 31 21:12:22 kashrinivaasan-Inspiron-1545 kernel: [    0.000000] ACPI: LAPIC_NMI (acpi_id[0x01] high edge lint[0x1])
Oct 31 21:12:22 kashrinivaasan-Inspiron-1545 kernel: [    0.000000] ACPI: IOAPIC (id[0x02] address[0xfec00000] gsi_base[0])
Oct 31 21:12:22 kashrinivaasan-Inspiron-1545 kernel: [    0.000000] IOAPIC[0]: apic_id 2, version 32, address 0xfec00000, GSI 0-23
Oct 31 21:12:22 kashrinivaasan-Inspiron-1545 kernel: [    0.000000] ACPI: INT_SRC_OVR (bus 0 bus_irq 0 global_irq 2 dfl dfl)
Oct 31 21:12:22 kashrinivaasan-Inspiron-1545 kernel: [    0.000000] ACPI: INT_SRC_OVR (bus 0 bus_irq 9 global_irq 9 high level)
Oct 31 21:12:22 kashrinivaasan-Inspiron-1545 kernel: [    0.000000] ACPI: IRQ0 used by override.
Oct 31 21:12:22 kashrinivaasan-Inspiron-1545 kernel: [    0.000000] ACPI: IRQ2 used by override.
Oct 31 21:12:22 kashrinivaasan-Inspiron-1545 kernel: [    0.000000] ACPI: IRQ9 used by override.
Oct 31 21:12:22 kashrinivaasan-Inspiron-1545 kernel: [    0.000000] Using ACPI (MADT) for SMP configuration information
Oct 31 21:12:22 kashrinivaasan-Inspiron-1545 kernel: [    0.000000] ACPI: HPET id: 0x8086a201 base: 0xfed00000
Oct 31 21:12:22 kashrinivaasan-Inspiron-1545 kernel: [    0.000000] smpboot: Allowing 2 CPUs, 0 hotplug CPUs
Oct 31 21:12:22 kashrinivaasan-Inspiron-1545 kernel: [    0.000000] nr_irqs_gsi: 40
Oct 31 21:12:22 kashrinivaasan-Inspiron-1545 kernel: [    0.000000] PM: Registered nosave memory: 000000000009f000 - 00000000000a0000
Oct 31 21:12:22 kashrinivaasan-Inspiron-1545 kernel: [    0.000000] PM: Registered nosave memory: 00000000000a0000 - 0000000000100000
Oct 31 21:12:22 kashrinivaasan-Inspiron-1545 kernel: [    0.000000] e820: [mem 0xc0000000-0xf7ffffff] available for PCI devices
Oct 31 21:12:22 kashrinivaasan-Inspiron-1545 kernel: [    0.000000] Booting paravirtualized kernel on bare hardware
Oct 31 21:12:22 kashrinivaasan-Inspiron-1545 kernel: [    0.000000] setup_percpu: NR_CPUS:8 nr_cpumask_bits:8 nr_cpu_ids:2 nr_node_ids:1
Oct 31 21:12:22 kashrinivaasan-Inspiron-1545 kernel: [    0.000000] PERCPU: Embedded 14 pages/cpu @f7bcf000 s34944 r0 d22400 u57344
Oct 31 21:12:22 kashrinivaasan-Inspiron-1545 kernel: [    0.000000] pcpu-alloc: s34944 r0 d22400 u57344 alloc=14*4096
Oct 31 21:12:22 kashrinivaasan-Inspiron-1545 kernel: [    0.000000] pcpu-alloc: [0] 0 [0] 1 
Oct 31 21:12:22 kashrinivaasan-Inspiron-1545 kernel: [    0.000000] Built 1 zonelists in Zone order, mobility grouping on.  Total pages: 770204
Oct 31 21:12:22 kashrinivaasan-Inspiron-1545 kernel: [    0.000000] Kernel command line: BOOT_IMAGE=/boot/vmlinuz-3.7.8 root=UUID=0fc4d8a2-1c74-42b8-8099-9ef78d8c8ea2 ro recovery nomodeset
Oct 31 21:12:22 kashrinivaasan-Inspiron-1545 kernel: [    0.000000] PID hash table entries: 4096 (order: 2, 16384 bytes)
Oct 31 21:12:22 kashrinivaasan-Inspiron-1545 kernel: [    0.000000] Dentry cache hash table entries: 131072 (order: 7, 524288 bytes)
Oct 31 21:12:22 kashrinivaasan-Inspiron-1545 kernel: [    0.000000] Inode-cache hash table entries: 65536 (order: 6, 262144 bytes)
Oct 31 21:12:22 kashrinivaasan-Inspiron-1545 kernel: [    0.000000] __ex_table already sorted, skipping sort
Oct 31 21:12:22 kashrinivaasan-Inspiron-1545 kernel: [    0.000000] Initializing CPU#0
Oct 31 21:12:22 kashrinivaasan-Inspiron-1545 kernel: [    0.000000] xsave: enabled xstate_bv 0x3, cntxt size 0x240
Oct 31 21:12:22 kashrinivaasan-Inspiron-1545 kernel: [    0.000000] allocated 6210936 bytes of page_cgroup
Oct 31 21:12:22 kashrinivaasan-Inspiron-1545 kernel: [    0.000000] please try 'cgroup_disable=memory' option if you don't want memory cgroups
Oct 31 21:12:22 kashrinivaasan-Inspiron-1545 kernel: [    0.000000] Initializing HighMem for node 0 (00037bfe:000bd8bf)
Oct 31 21:12:22 kashrinivaasan-Inspiron-1545 kernel: [    0.000000] Memory: 3043136k/3105532k available (6105k kernel code, 61944k reserved, 2978k data, 788k init, 2192132k highmem)
Oct 31 21:12:22 kashrinivaasan-Inspiron-1545 kernel: [    0.000000] virtual kernel memory layout:
Oct 31 21:12:22 kashrinivaasan-Inspiron-1545 kernel: [    0.000000]     fixmap  : 0xfff15000 - 0xfffff000   ( 936 kB)
Oct 31 21:12:22 kashrinivaasan-Inspiron-1545 kernel: [    0.000000]     pkmap   : 0xffc00000 - 0xffe00000   (2048 kB)
Oct 31 21:12:22 kashrinivaasan-Inspiron-1545 kernel: [    0.000000]     vmalloc : 0xf83fe000 - 0xffbfe000   ( 120 MB)
Oct 31 21:12:22 kashrinivaasan-Inspiron-1545 kernel: [    0.000000]     lowmem  : 0xc0000000 - 0xf7bfe000   ( 891 MB)
Oct 31 21:12:22 kashrinivaasan-Inspiron-1545 kernel: [    0.000000]       .init : 0xc18df000 - 0xc19a4000   ( 788 kB)
Oct 31 21:12:22 kashrinivaasan-Inspiron-1545 kernel: [    0.000000]       .data : 0xc15f64d9 - 0xc18def80   (2978 kB)
Oct 31 21:12:22 kashrinivaasan-Inspiron-1545 kernel: [    0.000000]       .text : 0xc1000000 - 0xc15f64d9   (6105 kB)
Oct 31 21:12:22 kashrinivaasan-Inspiron-1545 kernel: [    0.000000] Checking if this processor honours the WP bit even in supervisor mode...Ok.
Oct 31 21:12:22 kashrinivaasan-Inspiron-1545 kernel: [    0.000000] SLUB: Genslabs=15, HWalign=64, Order=0-3, MinObjects=0, CPUs=2, Nodes=1
Oct 31 21:12:22 kashrinivaasan-Inspiron-1545 kernel: [    0.000000] Hierarchical RCU implementation.
Oct 31 21:12:22 kashrinivaasan-Inspiron-1545 kernel: [    0.000000] 	RCU dyntick-idle grace-period acceleration is enabled.
Oct 31 21:12:22 kashrinivaasan-Inspiron-1545 kernel: [    0.000000] 	RCU restricting CPUs from NR_CPUS=8 to nr_cpu_ids=2.
Oct 31 21:12:22 kashrinivaasan-Inspiron-1545 kernel: [    0.000000] NR_IRQS:2304 nr_irqs:512 16
Oct 31 21:12:22 kashrinivaasan-Inspiron-1545 kernel: [    0.000000] CPU 0 irqstacks, hard=f7008000 soft=f700a000
Oct 31 21:12:22 kashrinivaasan-Inspiron-1545 kernel: [    0.000000] Extended CMOS year: 2000
Oct 31 21:12:22 kashrinivaasan-Inspiron-1545 kernel: [    0.000000] Console: colour VGA+ 80x25
Oct 31 21:12:22 kashrinivaasan-Inspiron-1545 kernel: [    0.000000] console [tty0] enabled
Oct 31 21:12:22 kashrinivaasan-Inspiron-1545 kernel: [    0.000000] hpet clockevent registered
Oct 31 21:12:22 kashrinivaasan-Inspiron-1545 kernel: [    0.000000] tsc: Fast TSC calibration failed
Oct 31 21:12:22 kashrinivaasan-Inspiron-1545 kernel: [    0.000000] tsc: PIT calibration matches HPET. 1 loops
Oct 31 21:12:22 kashrinivaasan-Inspiron-1545 kernel: [    0.000000] tsc: Detected 1995.062 MHz processor
Oct 31 21:12:22 kashrinivaasan-Inspiron-1545 kernel: [    0.008001] Calibrating delay loop (skipped), value calculated using timer frequency.. 3990.12 BogoMIPS (lpj=7980248)
Oct 31 21:12:22 kashrinivaasan-Inspiron-1545 kernel: [    0.008097] pid_max: default: 32768 minimum: 301
Oct 31 21:12:22 kashrinivaasan-Inspiron-1545 kernel: [    0.008174] Security Framework initialized
Oct 31 21:12:22 kashrinivaasan-Inspiron-1545 kernel: [    0.008227] AppArmor: AppArmor initialized
Oct 31 21:12:22 kashrinivaasan-Inspiron-1545 kernel: [    0.008275] Yama: becoming mindful.
Oct 31 21:12:22 kashrinivaasan-Inspiron-1545 kernel: [    0.008370] Mount-cache hash table entries: 512
Oct 31 21:12:22 kashrinivaasan-Inspiron-1545 kernel: [    0.008669] Initializing cgroup subsys cpuacct
Oct 31 21:12:22 kashrinivaasan-Inspiron-1545 kernel: [    0.012004] Initializing cgroup subsys memory
Oct 31 21:12:22 kashrinivaasan-Inspiron-1545 kernel: [    0.012056] Initializing cgroup subsys devices
Oct 31 21:12:22 kashrinivaasan-Inspiron-1545 kernel: [    0.012104] Initializing cgroup subsys freezer
Oct 31 21:12:22 kashrinivaasan-Inspiron-1545 kernel: [    0.012152] Initializing cgroup subsys blkio
Oct 31 21:12:22 kashrinivaasan-Inspiron-1545 kernel: [    0.012199] Initializing cgroup subsys perf_event
Oct 31 21:12:22 kashrinivaasan-Inspiron-1545 kernel: [    0.012248] Initializing cgroup subsys hugetlb
Oct 31 21:12:22 kashrinivaasan-Inspiron-1545 kernel: [    0.012323] CPU: Physical Processor ID: 0
Oct 31 21:12:22 kashrinivaasan-Inspiron-1545 kernel: [    0.012369] CPU: Processor Core ID: 0
Oct 31 21:12:22 kashrinivaasan-Inspiron-1545 kernel: [    0.012415] mce: CPU supports 6 MCE banks
Oct 31 21:12:22 kashrinivaasan-Inspiron-1545 kernel: [    0.012468] CPU0: Thermal monitoring enabled (TM2)
Oct 31 21:12:22 kashrinivaasan-Inspiron-1545 kernel: [    0.012517] process: using mwait in idle threads
Oct 31 21:12:22 kashrinivaasan-Inspiron-1545 kernel: [    0.012571] Last level iTLB entries: 4KB 128, 2MB 4, 4MB 4
Oct 31 21:12:22 kashrinivaasan-Inspiron-1545 kernel: [    0.012571] Last level dTLB entries: 4KB 256, 2MB 0, 4MB 32
Oct 31 21:12:22 kashrinivaasan-Inspiron-1545 kernel: [    0.012571] tlb_flushall_shift: -1
Oct 31 21:12:22 kashrinivaasan-Inspiron-1545 kernel: [    0.012950] Freeing SMP alternatives: 24k freed
Oct 31 21:12:22 kashrinivaasan-Inspiron-1545 kernel: [    0.015534] ACPI: Core revision 20120913
Oct 31 21:12:22 kashrinivaasan-Inspiron-1545 kernel: [    0.020011] ftrace: allocating 24997 entries in 49 pages
Oct 31 21:12:22 kashrinivaasan-Inspiron-1545 kernel: [    0.028066] Enabling APIC mode:  Flat.  Using 1 I/O APICs
Oct 31 21:12:22 kashrinivaasan-Inspiron-1545 kernel: [    0.028568] ..TIMER: vector=0x30 apic1=0 pin1=2 apic2=-1 pin2=-1
Oct 31 21:12:22 kashrinivaasan-Inspiron-1545 kernel: [    0.069171] smpboot: CPU0: Intel(R) Core(TM)2 Duo CPU     T6400  @ 2.00GHz (fam: 06, model: 17, stepping: 0a)
Oct 31 21:12:22 kashrinivaasan-Inspiron-1545 kernel: [    0.072000] Performance Events: PEBS fmt0+, 4-deep LBR, Core2 events, Intel PMU driver.
Oct 31 21:12:22 kashrinivaasan-Inspiron-1545 kernel: [    0.072000] ... version:                2
Oct 31 21:12:22 kashrinivaasan-Inspiron-1545 kernel: [    0.072000] ... bit width:              40
Oct 31 21:12:22 kashrinivaasan-Inspiron-1545 kernel: [    0.072000] ... generic registers:      2
Oct 31 21:12:22 kashrinivaasan-Inspiron-1545 kernel: [    0.072000] ... value mask:             000000ffffffffff
Oct 31 21:12:22 kashrinivaasan-Inspiron-1545 kernel: [    0.072000] ... max period:             000000007fffffff
Oct 31 21:12:22 kashrinivaasan-Inspiron-1545 kernel: [    0.072000] ... fixed-purpose events:   3
Oct 31 21:12:22 kashrinivaasan-Inspiron-1545 kernel: [    0.072000] ... event mask:             0000000700000003
Oct 31 21:12:22 kashrinivaasan-Inspiron-1545 kernel: [    0.072000] CPU 1 irqstacks, hard=f70cc000 soft=f70ce000
Oct 31 21:12:22 kashrinivaasan-Inspiron-1545 kernel: [    0.072000] smpboot: Booting Node   0, Processors  #1 OK
Oct 31 21:12:22 kashrinivaasan-Inspiron-1545 kernel: [    0.012000] Initializing CPU#1
Oct 31 21:12:22 kashrinivaasan-Inspiron-1545 kernel: [    0.083017] Brought up 2 CPUs
Oct 31 21:12:22 kashrinivaasan-Inspiron-1545 kernel: [    0.083113] smpboot: Total of 2 processors activated (7980.24 BogoMIPS)
Oct 31 21:12:22 kashrinivaasan-Inspiron-1545 kernel: [    0.083261] NMI watchdog: enabled on all CPUs, permanently consumes one hw-PMU counter.
Oct 31 21:12:22 kashrinivaasan-Inspiron-1545 kernel: [    0.084092] devtmpfs: initialized
Oct 31 21:12:22 kashrinivaasan-Inspiron-1545 kernel: [    0.084286] EVM: security.selinux
Oct 31 21:12:22 kashrinivaasan-Inspiron-1545 kernel: [    0.084334] EVM: security.SMACK64
Oct 31 21:12:22 kashrinivaasan-Inspiron-1545 kernel: [    0.084380] EVM: security.capability
Oct 31 21:12:22 kashrinivaasan-Inspiron-1545 kernel: [    0.084441] PM: Registering ACPI NVS region [mem 0xbd8bf400-0xbdac13ff] (2105344 bytes)
Oct 31 21:12:22 kashrinivaasan-Inspiron-1545 kernel: [    0.085371] regulator-dummy: no parameters
Oct 31 21:12:22 kashrinivaasan-Inspiron-1545 kernel: [    0.085481] NET: Registered protocol family 16
Oct 31 21:12:22 kashrinivaasan-Inspiron-1545 kernel: [    0.085691] EISA bus registered
Oct 31 21:12:22 kashrinivaasan-Inspiron-1545 kernel: [    0.085833] ACPI: bus type pci registered
Oct 31 21:12:22 kashrinivaasan-Inspiron-1545 kernel: [    0.085954] PCI: MMCONFIG for domain 0000 [bus 00-3f] at [mem 0xf8000000-0xfbffffff] (base 0xf8000000)
Oct 31 21:12:22 kashrinivaasan-Inspiron-1545 kernel: [    0.086023] PCI: MMCONFIG at [mem 0xf8000000-0xfbffffff] reserved in E820
Oct 31 21:12:22 kashrinivaasan-Inspiron-1545 kernel: [    0.086075] PCI: Using MMCONFIG for extended config space
Oct 31 21:12:22 kashrinivaasan-Inspiron-1545 kernel: [    0.086126] PCI: Using configuration type 1 for base access
Oct 31 21:12:22 kashrinivaasan-Inspiron-1545 kernel: [    0.086187] dmi type 0xB1 record - unknown flag
Oct 31 21:12:22 kashrinivaasan-Inspiron-1545 kernel: [    0.088957] bio: create slab <bio-0> at 0
Oct 31 21:12:22 kashrinivaasan-Inspiron-1545 kernel: [    0.088957] ACPI: Added _OSI(Module Device)
Oct 31 21:12:22 kashrinivaasan-Inspiron-1545 kernel: [    0.088957] ACPI: Added _OSI(Processor Device)
Oct 31 21:12:22 kashrinivaasan-Inspiron-1545 kernel: [    0.088957] ACPI: Added _OSI(3.0 _SCP Extensions)
Oct 31 21:12:22 kashrinivaasan-Inspiron-1545 kernel: [    0.088957] ACPI: Added _OSI(Processor Aggregator Device)
Oct 31 21:12:22 kashrinivaasan-Inspiron-1545 kernel: [    0.089605] ACPI: EC: Look up EC in DSDT
Oct 31 21:12:22 kashrinivaasan-Inspiron-1545 kernel: [    0.100117] [Firmware Bug]: ACPI: BIOS _OSI(Linux) query ignored
Oct 31 21:12:22 kashrinivaasan-Inspiron-1545 kernel: [    0.103377] ACPI: SSDT bdac29cf 0023F (v01  PmRef   BspIst 00003000 INTL 20050624)
Oct 31 21:12:22 kashrinivaasan-Inspiron-1545 kernel: [    0.103819] ACPI: Dynamic OEM Table Load:
Oct 31 21:12:22 kashrinivaasan-Inspiron-1545 kernel: [    0.103928] ACPI: SSDT   (null) 0023F (v01  PmRef   BspIst 00003000 INTL 20050624)
Oct 31 21:12:22 kashrinivaasan-Inspiron-1545 kernel: [    0.104194] ACPI: SSDT bdac2de5 005C6 (v01  PmRef   BspCst 00003001 INTL 20050624)
Oct 31 21:12:22 kashrinivaasan-Inspiron-1545 kernel: [    0.104616] ACPI: Dynamic OEM Table Load:
Oct 31 21:12:22 kashrinivaasan-Inspiron-1545 kernel: [    0.104726] ACPI: SSDT   (null) 005C6 (v01  PmRef   BspCst 00003001 INTL 20050624)
Oct 31 21:12:22 kashrinivaasan-Inspiron-1545 kernel: [    0.105135] ACPI: SSDT bdac2c0e 001D7 (v01  PmRef    ApIst 00003000 INTL 20050624)
Oct 31 21:12:22 kashrinivaasan-Inspiron-1545 kernel: [    0.105593] ACPI: Dynamic OEM Table Load:
Oct 31 21:12:22 kashrinivaasan-Inspiron-1545 kernel: [    0.105700] ACPI: SSDT   (null) 001D7 (v01  PmRef    ApIst 00003000 INTL 20050624)
Oct 31 21:12:22 kashrinivaasan-Inspiron-1545 kernel: [    0.105918] ACPI: SSDT bdac33ab 0008D (v01  PmRef    ApCst 00003000 INTL 20050624)
Oct 31 21:12:22 kashrinivaasan-Inspiron-1545 kernel: [    0.106352] ACPI: Dynamic OEM Table Load:
Oct 31 21:12:22 kashrinivaasan-Inspiron-1545 kernel: [    0.106461] ACPI: SSDT   (null) 0008D (v01  PmRef    ApCst 00003000 INTL 20050624)
Oct 31 21:12:22 kashrinivaasan-Inspiron-1545 kernel: [    0.106803] ACPI: Interpreter enabled
Oct 31 21:12:22 kashrinivaasan-Inspiron-1545 kernel: [    0.106859] ACPI: (supports S0 S3 S4 S5)
Oct 31 21:12:22 kashrinivaasan-Inspiron-1545 kernel: [    0.107043] ACPI: Using IOAPIC for interrupt routing
Oct 31 21:12:22 kashrinivaasan-Inspiron-1545 kernel: [    0.170622] ACPI: No dock devices found.
Oct 31 21:12:22 kashrinivaasan-Inspiron-1545 kernel: [    0.170677] PCI: Using host bridge windows from ACPI; if necessary, use "pci=nocrs" and report a bug
Oct 31 21:12:22 kashrinivaasan-Inspiron-1545 kernel: [    0.186964] ACPI: PCI Root Bridge [PCI0] (domain 0000 [bus 00-ff])
Oct 31 21:12:22 kashrinivaasan-Inspiron-1545 kernel: [    0.219018] pci_root PNP0A03:00: [Firmware Info]: MMCONFIG for domain 0000 [bus 00-3f] only partially covers this bridge
Oct 31 21:12:22 kashrinivaasan-Inspiron-1545 kernel: [    0.219125] PCI host bridge to bus 0000:00
Oct 31 21:12:22 kashrinivaasan-Inspiron-1545 kernel: [    0.219174] pci_bus 0000:00: root bus resource [bus 00-ff]
Oct 31 21:12:22 kashrinivaasan-Inspiron-1545 kernel: [    0.219226] pci_bus 0000:00: root bus resource [io  0x0000-0x0cf7]
Oct 31 21:12:22 kashrinivaasan-Inspiron-1545 kernel: [    0.219279] pci_bus 0000:00: root bus resource [io  0x0d00-0xffff]
Oct 31 21:12:22 kashrinivaasan-Inspiron-1545 kernel: [    0.219331] pci_bus 0000:00: root bus resource [mem 0x000a0000-0x000bffff]
Oct 31 21:12:22 kashrinivaasan-Inspiron-1545 kernel: [    0.219384] pci_bus 0000:00: root bus resource [mem 0x000d0000-0x000dffff]
Oct 31 21:12:22 kashrinivaasan-Inspiron-1545 kernel: [    0.219437] pci_bus 0000:00: root bus resource [mem 0xc0000000-0xf7ffffff]
Oct 31 21:12:22 kashrinivaasan-Inspiron-1545 kernel: [    0.219491] pci_bus 0000:00: root bus resource [mem 0xfc000000-0xfebfffff]
Oct 31 21:12:22 kashrinivaasan-Inspiron-1545 kernel: [    0.219544] pci_bus 0000:00: root bus resource [mem 0xfec10000-0xfecfffff]
Oct 31 21:12:22 kashrinivaasan-Inspiron-1545 kernel: [    0.219596] pci_bus 0000:00: root bus resource [mem 0xfed1c000-0xfed1ffff]
Oct 31 21:12:22 kashrinivaasan-Inspiron-1545 kernel: [    0.219649] pci_bus 0000:00: root bus resource [mem 0xfed90000-0xfed9ffff]
Oct 31 21:12:22 kashrinivaasan-Inspiron-1545 kernel: [    0.220003] pci_bus 0000:00: root bus resource [mem 0xfeda7000-0xfedfffff]
Oct 31 21:12:22 kashrinivaasan-Inspiron-1545 kernel: [    0.220056] pci_bus 0000:00: root bus resource [mem 0xfee10000-0xff9fffff]
Oct 31 21:12:22 kashrinivaasan-Inspiron-1545 kernel: [    0.220109] pci_bus 0000:00: root bus resource [mem 0xffc00000-0xffdfffff]
Oct 31 21:12:22 kashrinivaasan-Inspiron-1545 kernel: [    0.220171] pci 0000:00:00.0: [8086:2a40] type 00 class 0x060000
Oct 31 21:12:22 kashrinivaasan-Inspiron-1545 kernel: [    0.220198] DMAR: Forcing write-buffer flush capability
Oct 31 21:12:22 kashrinivaasan-Inspiron-1545 kernel: [    0.220248] DMAR: Disabling IOMMU for graphics on this chipset
Oct 31 21:12:22 kashrinivaasan-Inspiron-1545 kernel: [    0.220327] pci 0000:00:02.0: [8086:2a42] type 00 class 0x030000
Oct 31 21:12:22 kashrinivaasan-Inspiron-1545 kernel: [    0.220344] pci 0000:00:02.0: reg 10: [mem 0xf6c00000-0xf6ffffff 64bit]
Oct 31 21:12:22 kashrinivaasan-Inspiron-1545 kernel: [    0.220354] pci 0000:00:02.0: reg 18: [mem 0xe0000000-0xefffffff 64bit pref]
Oct 31 21:12:22 kashrinivaasan-Inspiron-1545 kernel: [    0.220362] pci 0000:00:02.0: reg 20: [io  0xefe8-0xefef]
Oct 31 21:12:22 kashrinivaasan-Inspiron-1545 kernel: [    0.220406] pci 0000:00:02.1: [8086:2a43] type 00 class 0x038000
Oct 31 21:12:22 kashrinivaasan-Inspiron-1545 kernel: [    0.220420] pci 0000:00:02.1: reg 10: [mem 0xf6b00000-0xf6bfffff 64bit]
Oct 31 21:12:22 kashrinivaasan-Inspiron-1545 kernel: [    0.220523] pci 0000:00:1a.0: [8086:2937] type 00 class 0x0c0300
Oct 31 21:12:22 kashrinivaasan-Inspiron-1545 kernel: [    0.220586] pci 0000:00:1a.0: reg 20: [io  0x6f60-0x6f7f]
Oct 31 21:12:22 kashrinivaasan-Inspiron-1545 kernel: [    0.220663] pci 0000:00:1a.1: [8086:2938] type 00 class 0x0c0300
Oct 31 21:12:22 kashrinivaasan-Inspiron-1545 kernel: [    0.220727] pci 0000:00:1a.1: reg 20: [io  0x6f80-0x6f9f]
Oct 31 21:12:22 kashrinivaasan-Inspiron-1545 kernel: [    0.220803] pci 0000:00:1a.2: [8086:2939] type 00 class 0x0c0300
Oct 31 21:12:22 kashrinivaasan-Inspiron-1545 kernel: [    0.220868] pci 0000:00:1a.2: reg 20: [io  0x6fa0-0x6fbf]
Oct 31 21:12:22 kashrinivaasan-Inspiron-1545 kernel: [    0.220958] pci 0000:00:1a.7: [8086:293c] type 00 class 0x0c0320
Oct 31 21:12:22 kashrinivaasan-Inspiron-1545 kernel: [    0.220986] pci 0000:00:1a.7: reg 10: [mem 0xfed1c400-0xfed1c7ff]
Oct 31 21:12:22 kashrinivaasan-Inspiron-1545 kernel: [    0.221112] pci 0000:00:1a.7: PME# supported from D0 D3hot D3cold
Oct 31 21:12:22 kashrinivaasan-Inspiron-1545 kernel: [    0.221151] pci 0000:00:1b.0: [8086:293e] type 00 class 0x040300
Oct 31 21:12:22 kashrinivaasan-Inspiron-1545 kernel: [    0.221175] pci 0000:00:1b.0: reg 10: [mem 0xf6afc000-0xf6afffff 64bit]
Oct 31 21:12:22 kashrinivaasan-Inspiron-1545 kernel: [    0.221286] pci 0000:00:1b.0: PME# supported from D0 D3hot D3cold
Oct 31 21:12:22 kashrinivaasan-Inspiron-1545 kernel: [    0.221322] pci 0000:00:1c.0: [8086:2940] type 01 class 0x060400
Oct 31 21:12:22 kashrinivaasan-Inspiron-1545 kernel: [    0.221438] pci 0000:00:1c.0: PME# supported from D0 D3hot D3cold
Oct 31 21:12:22 kashrinivaasan-Inspiron-1545 kernel: [    0.221476] pci 0000:00:1c.1: [8086:2942] type 01 class 0x060400
Oct 31 21:12:22 kashrinivaasan-Inspiron-1545 kernel: [    0.221592] pci 0000:00:1c.1: PME# supported from D0 D3hot D3cold
Oct 31 21:12:22 kashrinivaasan-Inspiron-1545 kernel: [    0.221630] pci 0000:00:1c.2: [8086:2944] type 01 class 0x060400
Oct 31 21:12:22 kashrinivaasan-Inspiron-1545 kernel: [    0.221746] pci 0000:00:1c.2: PME# supported from D0 D3hot D3cold
