Nov 24 11:31:19 shrinivaasanka-Inspiron-1545 kernel: [ 3535.652103] perf interrupt took too long (5006 > 5000), lowering kernel.perf_event_max_sample_rate to 25000
Nov 24 12:34:20 shrinivaasanka-Inspiron-1545 kernel: [ 7316.028643] option1 ttyUSB0: option_instat_callback: error -2
Nov 24 12:41:12 shrinivaasanka-Inspiron-1545 kernel: [ 7728.588178] usb 6-2: USB disconnect, device number 3
Nov 24 12:41:12 shrinivaasanka-Inspiron-1545 kernel: [ 7728.588517] option1 ttyUSB0: GSM modem (1-port) converter now disconnected from ttyUSB0
Nov 24 12:41:12 shrinivaasanka-Inspiron-1545 kernel: [ 7728.588547] option 6-2:1.0: device disconnected
Nov 24 12:41:12 shrinivaasanka-Inspiron-1545 kernel: [ 7728.588801] option1 ttyUSB1: usb_wwan_indat_callback: resubmit read urb failed. (-19)
Nov 24 12:41:12 shrinivaasanka-Inspiron-1545 kernel: [ 7728.588818] option1 ttyUSB1: usb_wwan_indat_callback: resubmit read urb failed. (-19)
Nov 24 12:41:12 shrinivaasanka-Inspiron-1545 kernel: [ 7728.588833] option1 ttyUSB1: usb_wwan_indat_callback: resubmit read urb failed. (-19)
Nov 24 12:41:12 shrinivaasanka-Inspiron-1545 kernel: [ 7728.588848] option1 ttyUSB1: usb_wwan_indat_callback: resubmit read urb failed. (-19)
Nov 24 12:41:12 shrinivaasanka-Inspiron-1545 kernel: [ 7728.588867] option1 ttyUSB2: usb_wwan_indat_callback: resubmit read urb failed. (-19)
Nov 24 12:41:12 shrinivaasanka-Inspiron-1545 kernel: [ 7728.589786] option1 ttyUSB2: usb_wwan_indat_callback: resubmit read urb failed. (-19)
Nov 24 12:41:12 shrinivaasanka-Inspiron-1545 kernel: [ 7728.590655] option1 ttyUSB1: GSM modem (1-port) converter now disconnected from ttyUSB1
Nov 24 12:41:12 shrinivaasanka-Inspiron-1545 kernel: [ 7728.590685] option 6-2:1.1: device disconnected
Nov 24 12:41:12 shrinivaasanka-Inspiron-1545 kernel: [ 7728.590787] option1 ttyUSB2: usb_wwan_indat_callback: resubmit read urb failed. (-19)
Nov 24 12:41:12 shrinivaasanka-Inspiron-1545 kernel: [ 7728.591789] option1 ttyUSB2: usb_wwan_indat_callback: resubmit read urb failed. (-19)
Nov 24 12:41:12 shrinivaasanka-Inspiron-1545 kernel: [ 7728.591998] option1 ttyUSB2: GSM modem (1-port) converter now disconnected from ttyUSB2
Nov 24 12:41:12 shrinivaasanka-Inspiron-1545 kernel: [ 7728.592054] option 6-2:1.2: device disconnected
Nov 24 12:41:13 shrinivaasanka-Inspiron-1545 kernel: [ 7729.279050] usbserial: USB Serial deregistering driver GSM modem (1-port)
Nov 24 12:41:13 shrinivaasanka-Inspiron-1545 kernel: [ 7729.281100] usbcore: deregistering interface driver option
Nov 24 12:41:13 shrinivaasanka-Inspiron-1545 kernel: [ 7729.307334] usbcore: registered new interface driver option
Nov 24 12:41:13 shrinivaasanka-Inspiron-1545 kernel: [ 7729.308847] usbserial: USB Serial support registered for GSM modem (1-port)
Nov 24 12:41:20 shrinivaasanka-Inspiron-1545 kernel: [ 7736.104198] usb 6-2: new full-speed USB device number 4 using uhci_hcd
Nov 24 12:41:20 shrinivaasanka-Inspiron-1545 kernel: [ 7736.466309] usb 6-2: New USB device found, idVendor=12d1, idProduct=1505
Nov 24 12:41:20 shrinivaasanka-Inspiron-1545 kernel: [ 7736.466317] usb 6-2: New USB device strings: Mfr=1, Product=2, SerialNumber=4
Nov 24 12:41:20 shrinivaasanka-Inspiron-1545 kernel: [ 7736.466323] usb 6-2: Product: HUAWEI Mobile
Nov 24 12:41:20 shrinivaasanka-Inspiron-1545 kernel: [ 7736.466330] usb 6-2: Manufacturer: HUAÿWEI TECHNOLOGIES
Nov 24 12:41:20 shrinivaasanka-Inspiron-1545 kernel: [ 7736.466334] usb 6-2: SerialNumber: ÿÿÿÿÿÿÿÿÿÿÿÿÿÿÿÿÿÿÿ
Nov 24 12:41:20 shrinivaasanka-Inspiron-1545 kernel: [ 7736.469362] usb-storage 6-2:1.0: USB Mass Storage device detected
Nov 24 12:41:20 shrinivaasanka-Inspiron-1545 kernel: [ 7736.469531] scsi12 : usb-storage 6-2:1.0
Nov 24 12:41:21 shrinivaasanka-Inspiron-1545 kernel: [ 7737.472398] scsi 12:0:0:0: CD-ROM            HUAWEI   Mass Storage     2.31 PQ: 0 ANSI: 0
Nov 24 12:41:21 shrinivaasanka-Inspiron-1545 kernel: [ 7737.492252] sr1: scsi-1 drive
Nov 24 12:41:21 shrinivaasanka-Inspiron-1545 kernel: [ 7737.492661] sr 12:0:0:0: Attached scsi CD-ROM sr1
Nov 24 12:41:21 shrinivaasanka-Inspiron-1545 kernel: [ 7737.492868] sr 12:0:0:0: Attached scsi generic sg3 type 5
Nov 24 12:41:22 shrinivaasanka-Inspiron-1545 kernel: [ 7737.764374] usb 6-2: USB disconnect, device number 4
Nov 24 12:41:25 shrinivaasanka-Inspiron-1545 kernel: [ 7741.256057] usb 6-2: new full-speed USB device number 5 using uhci_hcd
Nov 24 12:41:25 shrinivaasanka-Inspiron-1545 kernel: [ 7741.413717] usb 6-2: New USB device found, idVendor=12d1, idProduct=140b
Nov 24 12:41:25 shrinivaasanka-Inspiron-1545 kernel: [ 7741.413725] usb 6-2: New USB device strings: Mfr=1, Product=2, SerialNumber=4
Nov 24 12:41:25 shrinivaasanka-Inspiron-1545 kernel: [ 7741.413730] usb 6-2: Product: HUAWEI Mobile
Nov 24 12:41:25 shrinivaasanka-Inspiron-1545 kernel: [ 7741.413735] usb 6-2: Manufacturer: HUAÿWEI TECHNOLOGIES
Nov 24 12:41:25 shrinivaasanka-Inspiron-1545 kernel: [ 7741.413739] usb 6-2: SerialNumber: ÿÿÿÿÿÿÿÿÿÿÿÿÿÿÿÿÿÿÿ
Nov 24 12:41:25 shrinivaasanka-Inspiron-1545 kernel: [ 7741.418717] usb-storage 6-2:1.0: USB Mass Storage device detected
Nov 24 12:41:25 shrinivaasanka-Inspiron-1545 kernel: [ 7741.419019] option 6-2:1.0: GSM modem (1-port) converter detected
Nov 24 12:41:25 shrinivaasanka-Inspiron-1545 kernel: [ 7741.419265] usb 6-2: GSM modem (1-port) converter now attached to ttyUSB0
Nov 24 12:41:25 shrinivaasanka-Inspiron-1545 kernel: [ 7741.421825] usb-storage 6-2:1.1: USB Mass Storage device detected
Nov 24 12:41:25 shrinivaasanka-Inspiron-1545 kernel: [ 7741.422106] option 6-2:1.1: GSM modem (1-port) converter detected
Nov 24 12:41:25 shrinivaasanka-Inspiron-1545 kernel: [ 7741.422375] usb 6-2: GSM modem (1-port) converter now attached to ttyUSB1
Nov 24 12:41:25 shrinivaasanka-Inspiron-1545 kernel: [ 7741.424686] usb-storage 6-2:1.2: USB Mass Storage device detected
Nov 24 12:41:25 shrinivaasanka-Inspiron-1545 kernel: [ 7741.424977] option 6-2:1.2: GSM modem (1-port) converter detected
Nov 24 12:41:25 shrinivaasanka-Inspiron-1545 kernel: [ 7741.425164] usb 6-2: GSM modem (1-port) converter now attached to ttyUSB2
Nov 24 12:41:25 shrinivaasanka-Inspiron-1545 kernel: [ 7741.425357] usb-storage 6-2:1.3: USB Mass Storage device detected
Nov 24 12:41:25 shrinivaasanka-Inspiron-1545 kernel: [ 7741.426655] scsi16 : usb-storage 6-2:1.3
Nov 24 12:41:26 shrinivaasanka-Inspiron-1545 kernel: [ 7742.427633] scsi 16:0:0:0: CD-ROM            HUAWEI   Mass Storage     2.31 PQ: 0 ANSI: 0
Nov 24 12:41:26 shrinivaasanka-Inspiron-1545 kernel: [ 7742.430616] scsi 16:0:0:1: Direct-Access     HUAWEI   SD Storage       2.31 PQ: 0 ANSI: 2
Nov 24 12:41:26 shrinivaasanka-Inspiron-1545 kernel: [ 7742.454605] sr1: scsi-1 drive
Nov 24 12:41:26 shrinivaasanka-Inspiron-1545 kernel: [ 7742.454819] sr 16:0:0:0: Attached scsi CD-ROM sr1
Nov 24 12:41:26 shrinivaasanka-Inspiron-1545 kernel: [ 7742.454927] sr 16:0:0:0: Attached scsi generic sg3 type 5
Nov 24 12:41:26 shrinivaasanka-Inspiron-1545 kernel: [ 7742.455193] sd 16:0:0:1: Attached scsi generic sg4 type 0
Nov 24 12:41:26 shrinivaasanka-Inspiron-1545 kernel: [ 7742.520617] sd 16:0:0:1: [sdc] Attached SCSI removable disk
Nov 24 12:41:28 shrinivaasanka-Inspiron-1545 kernel: [ 7743.920612] option1 ttyUSB0: option_instat_callback: error -2
Nov 24 12:43:46 shrinivaasanka-Inspiron-1545 kernel: [ 7882.339975] PPP BSD Compression module registered
Nov 24 12:43:46 shrinivaasanka-Inspiron-1545 kernel: [ 7882.351475] PPP Deflate Compression module registered
Nov 24 12:52:22 shrinivaasanka-Inspiron-1545 kernel: [ 8398.017979] option1 ttyUSB0: option_instat_callback: error -2
Nov 24 12:53:06 shrinivaasanka-Inspiron-1545 kernel: [ 8442.274078] option1 ttyUSB0: option_instat_callback: error -2
Nov 24 12:54:52 shrinivaasanka-Inspiron-1545 kernel: [ 8548.034026] option1 ttyUSB0: option_instat_callback: error -2
Nov 24 13:02:02 shrinivaasanka-Inspiron-1545 kernel: [ 8978.497888] asfer[5347]: segfault at bfa18370 ip 08065361 sp bf9d4b30 error 4 in asfer[8048000+38000]
Nov 24 14:03:28 shrinivaasanka-Inspiron-1545 kernel: [12664.432852] asfer[6016]: segfault at bfa29180 ip 0806539b sp bf9e6540 error 4 in asfer[8048000+38000]
Nov 24 14:12:39 shrinivaasanka-Inspiron-1545 kernel: [13215.453859] asfer[6183]: segfault at bfc1b030 ip 080653df sp bfbd7ff0 error 4 in asfer[8048000+38000]
Nov 24 15:31:52 shrinivaasanka-Inspiron-1545 kernel: [17968.028500] option1 ttyUSB0: option_instat_callback: error -2
Nov 24 15:57:37 shrinivaasanka-Inspiron-1545 kernel: [19513.449895] option1 ttyUSB0: option_instat_callback: error -2
Nov 24 15:57:51 shrinivaasanka-Inspiron-1545 kernel: [19526.915827] option1 ttyUSB0: option_instat_callback: error -2
Nov 24 15:59:29 shrinivaasanka-Inspiron-1545 kernel: [19625.574857] option1 ttyUSB0: option_instat_callback: error -2
Nov 24 15:59:45 shrinivaasanka-Inspiron-1545 kernel: [19641.268319] usb 6-2: USB disconnect, device number 5
Nov 24 15:59:45 shrinivaasanka-Inspiron-1545 kernel: [19641.268845] option1 ttyUSB0: option_instat_callback: error -108
Nov 24 15:59:45 shrinivaasanka-Inspiron-1545 kernel: [19641.268865] option1 ttyUSB2: usb_wwan_indat_callback: resubmit read urb failed. (-19)
Nov 24 15:59:45 shrinivaasanka-Inspiron-1545 kernel: [19641.268886] option1 ttyUSB0: usb_wwan_indat_callback: resubmit read urb failed. (-19)
Nov 24 15:59:45 shrinivaasanka-Inspiron-1545 kernel: [19641.268902] option1 ttyUSB1: usb_wwan_indat_callback: resubmit read urb failed. (-19)
Nov 24 15:59:45 shrinivaasanka-Inspiron-1545 kernel: [19641.269862] option1 ttyUSB0: usb_wwan_indat_callback: resubmit read urb failed. (-19)
Nov 24 15:59:45 shrinivaasanka-Inspiron-1545 kernel: [19641.269884] option1 ttyUSB0: usb_wwan_indat_callback: resubmit read urb failed. (-19)
Nov 24 15:59:45 shrinivaasanka-Inspiron-1545 kernel: [19641.269904] option1 ttyUSB0: usb_wwan_indat_callback: resubmit read urb failed. (-19)
Nov 24 15:59:45 shrinivaasanka-Inspiron-1545 kernel: [19641.269925] option1 ttyUSB2: usb_wwan_indat_callback: resubmit read urb failed. (-19)
Nov 24 15:59:45 shrinivaasanka-Inspiron-1545 kernel: [19641.269942] option1 ttyUSB1: usb_wwan_indat_callback: resubmit read urb failed. (-19)
Nov 24 15:59:45 shrinivaasanka-Inspiron-1545 kernel: [19641.270845] option1 ttyUSB2: usb_wwan_indat_callback: resubmit read urb failed. (-19)
Nov 24 15:59:45 shrinivaasanka-Inspiron-1545 kernel: [19641.270867] option1 ttyUSB1: usb_wwan_indat_callback: resubmit read urb failed. (-19)
Nov 24 15:59:45 shrinivaasanka-Inspiron-1545 kernel: [19641.271647] option1 ttyUSB0: GSM modem (1-port) converter now disconnected from ttyUSB0
Nov 24 15:59:45 shrinivaasanka-Inspiron-1545 kernel: [19641.271680] option 6-2:1.0: device disconnected
Nov 24 15:59:45 shrinivaasanka-Inspiron-1545 kernel: [19641.271840] option1 ttyUSB2: usb_wwan_indat_callback: resubmit read urb failed. (-19)
Nov 24 15:59:45 shrinivaasanka-Inspiron-1545 kernel: [19641.271861] option1 ttyUSB1: usb_wwan_indat_callback: resubmit read urb failed. (-19)
Nov 24 15:59:45 shrinivaasanka-Inspiron-1545 kernel: [19641.272065] option1 ttyUSB1: GSM modem (1-port) converter now disconnected from ttyUSB1
Nov 24 15:59:45 shrinivaasanka-Inspiron-1545 kernel: [19641.272085] option 6-2:1.1: device disconnected
Nov 24 15:59:45 shrinivaasanka-Inspiron-1545 kernel: [19641.272507] option1 ttyUSB2: GSM modem (1-port) converter now disconnected from ttyUSB2
Nov 24 15:59:45 shrinivaasanka-Inspiron-1545 kernel: [19641.272533] option 6-2:1.2: device disconnected
Nov 24 15:59:48 shrinivaasanka-Inspiron-1545 kernel: [19644.297021] usbserial: USB Serial deregistering driver GSM modem (1-port)
Nov 24 15:59:48 shrinivaasanka-Inspiron-1545 kernel: [19644.297081] usbcore: deregistering interface driver option
Nov 24 15:59:48 shrinivaasanka-Inspiron-1545 kernel: [19644.327797] usbcore: registered new interface driver option
Nov 24 15:59:48 shrinivaasanka-Inspiron-1545 kernel: [19644.327828] usbserial: USB Serial support registered for GSM modem (1-port)
Nov 24 15:59:51 shrinivaasanka-Inspiron-1545 kernel: [19646.952111] usb 7-1: new full-speed USB device number 2 using uhci_hcd
Nov 24 15:59:51 shrinivaasanka-Inspiron-1545 kernel: [19647.106281] usb 7-1: New USB device found, idVendor=12d1, idProduct=1505
Nov 24 15:59:51 shrinivaasanka-Inspiron-1545 kernel: [19647.106289] usb 7-1: New USB device strings: Mfr=1, Product=2, SerialNumber=4
Nov 24 15:59:51 shrinivaasanka-Inspiron-1545 kernel: [19647.106294] usb 7-1: Product: HUAWEI Mobile
Nov 24 15:59:51 shrinivaasanka-Inspiron-1545 kernel: [19647.106299] usb 7-1: Manufacturer: HUAÿWEI TECHNOLOGIES
Nov 24 15:59:51 shrinivaasanka-Inspiron-1545 kernel: [19647.106303] usb 7-1: SerialNumber: ÿÿÿÿÿÿÿÿÿÿÿÿÿÿÿÿÿÿÿ
Nov 24 15:59:51 shrinivaasanka-Inspiron-1545 kernel: [19647.109332] usb-storage 7-1:1.0: USB Mass Storage device detected
Nov 24 15:59:51 shrinivaasanka-Inspiron-1545 kernel: [19647.109508] scsi17 : usb-storage 7-1:1.0
Nov 24 15:59:52 shrinivaasanka-Inspiron-1545 kernel: [19648.113354] scsi 17:0:0:0: CD-ROM            HUAWEI   Mass Storage     2.31 PQ: 0 ANSI: 0
Nov 24 15:59:52 shrinivaasanka-Inspiron-1545 kernel: [19648.132220] sr1: scsi-1 drive
Nov 24 15:59:52 shrinivaasanka-Inspiron-1545 kernel: [19648.132458] sr 17:0:0:0: Attached scsi CD-ROM sr1
Nov 24 15:59:52 shrinivaasanka-Inspiron-1545 kernel: [19648.132578] sr 17:0:0:0: Attached scsi generic sg3 type 5
Nov 24 15:59:52 shrinivaasanka-Inspiron-1545 kernel: [19648.212607] usb 7-1: USB disconnect, device number 2
Nov 24 15:59:56 shrinivaasanka-Inspiron-1545 kernel: [19651.912205] usb 7-1: new full-speed USB device number 3 using uhci_hcd
Nov 24 15:59:56 shrinivaasanka-Inspiron-1545 kernel: [19652.074286] usb 7-1: New USB device found, idVendor=12d1, idProduct=140b
Nov 24 15:59:56 shrinivaasanka-Inspiron-1545 kernel: [19652.074294] usb 7-1: New USB device strings: Mfr=1, Product=2, SerialNumber=4
Nov 24 15:59:56 shrinivaasanka-Inspiron-1545 kernel: [19652.074299] usb 7-1: Product: HUAWEI Mobile
Nov 24 15:59:56 shrinivaasanka-Inspiron-1545 kernel: [19652.074303] usb 7-1: Manufacturer: HUAÿWEI TECHNOLOGIES
Nov 24 15:59:56 shrinivaasanka-Inspiron-1545 kernel: [19652.074307] usb 7-1: SerialNumber: ÿÿÿÿÿÿÿÿÿÿÿÿÿÿÿÿÿÿÿ
Nov 24 15:59:56 shrinivaasanka-Inspiron-1545 kernel: [19652.080291] usb-storage 7-1:1.0: USB Mass Storage device detected
Nov 24 15:59:56 shrinivaasanka-Inspiron-1545 kernel: [19652.080562] option 7-1:1.0: GSM modem (1-port) converter detected
Nov 24 15:59:56 shrinivaasanka-Inspiron-1545 kernel: [19652.080773] usb 7-1: GSM modem (1-port) converter now attached to ttyUSB0
Nov 24 15:59:56 shrinivaasanka-Inspiron-1545 kernel: [19652.082361] usb-storage 7-1:1.1: USB Mass Storage device detected
Nov 24 15:59:56 shrinivaasanka-Inspiron-1545 kernel: [19652.082633] option 7-1:1.1: GSM modem (1-port) converter detected
Nov 24 15:59:56 shrinivaasanka-Inspiron-1545 kernel: [19652.082900] usb 7-1: GSM modem (1-port) converter now attached to ttyUSB1
Nov 24 15:59:56 shrinivaasanka-Inspiron-1545 kernel: [19652.085324] usb-storage 7-1:1.2: USB Mass Storage device detected
Nov 24 15:59:56 shrinivaasanka-Inspiron-1545 kernel: [19652.085562] option 7-1:1.2: GSM modem (1-port) converter detected
Nov 24 15:59:56 shrinivaasanka-Inspiron-1545 kernel: [19652.085770] usb 7-1: GSM modem (1-port) converter now attached to ttyUSB2
Nov 24 15:59:56 shrinivaasanka-Inspiron-1545 kernel: [19652.085944] usb-storage 7-1:1.3: USB Mass Storage device detected
Nov 24 15:59:56 shrinivaasanka-Inspiron-1545 kernel: [19652.086235] scsi21 : usb-storage 7-1:1.3
Nov 24 15:59:57 shrinivaasanka-Inspiron-1545 kernel: [19653.088202] scsi 21:0:0:0: CD-ROM            HUAWEI   Mass Storage     2.31 PQ: 0 ANSI: 0
Nov 24 15:59:57 shrinivaasanka-Inspiron-1545 kernel: [19653.091190] scsi 21:0:0:1: Direct-Access     HUAWEI   SD Storage       2.31 PQ: 0 ANSI: 2
Nov 24 15:59:57 shrinivaasanka-Inspiron-1545 kernel: [19653.113189] sr1: scsi-1 drive
Nov 24 15:59:57 shrinivaasanka-Inspiron-1545 kernel: [19653.113397] sr 21:0:0:0: Attached scsi CD-ROM sr1
Nov 24 15:59:57 shrinivaasanka-Inspiron-1545 kernel: [19653.113502] sr 21:0:0:0: Attached scsi generic sg3 type 5
Nov 24 15:59:57 shrinivaasanka-Inspiron-1545 kernel: [19653.113795] sd 21:0:0:1: Attached scsi generic sg4 type 0
Nov 24 15:59:57 shrinivaasanka-Inspiron-1545 kernel: [19653.180214] sd 21:0:0:1: [sdc] Attached SCSI removable disk
Nov 24 15:59:58 shrinivaasanka-Inspiron-1545 kernel: [19654.596188] option1 ttyUSB0: option_instat_callback: error -2
Nov 24 16:00:02 shrinivaasanka-Inspiron-1545 kernel: [19658.380367] usb 7-1: USB disconnect, device number 3
Nov 24 16:00:02 shrinivaasanka-Inspiron-1545 kernel: [19658.380732] option1 ttyUSB0: GSM modem (1-port) converter now disconnected from ttyUSB0
Nov 24 16:00:02 shrinivaasanka-Inspiron-1545 kernel: [19658.380762] option 7-1:1.0: device disconnected
Nov 24 16:00:02 shrinivaasanka-Inspiron-1545 kernel: [19658.381174] option1 ttyUSB1: usb_wwan_indat_callback: resubmit read urb failed. (-19)
Nov 24 16:00:02 shrinivaasanka-Inspiron-1545 kernel: [19658.381194] option1 ttyUSB1: usb_wwan_indat_callback: resubmit read urb failed. (-19)
Nov 24 16:00:02 shrinivaasanka-Inspiron-1545 kernel: [19658.381209] option1 ttyUSB1: usb_wwan_indat_callback: resubmit read urb failed. (-19)
Nov 24 16:00:02 shrinivaasanka-Inspiron-1545 kernel: [19658.381223] option1 ttyUSB1: usb_wwan_indat_callback: resubmit read urb failed. (-19)
Nov 24 16:00:02 shrinivaasanka-Inspiron-1545 kernel: [19658.381428] option1 ttyUSB1: GSM modem (1-port) converter now disconnected from ttyUSB1
Nov 24 16:00:02 shrinivaasanka-Inspiron-1545 kernel: [19658.381449] option 7-1:1.1: device disconnected
Nov 24 16:00:02 shrinivaasanka-Inspiron-1545 kernel: [19658.381695] option1 ttyUSB2: GSM modem (1-port) converter now disconnected from ttyUSB2
Nov 24 16:00:02 shrinivaasanka-Inspiron-1545 kernel: [19658.381726] option 7-1:1.2: device disconnected
Nov 24 16:00:12 shrinivaasanka-Inspiron-1545 kernel: [19668.468809] usbserial: USB Serial deregistering driver GSM modem (1-port)
Nov 24 16:00:12 shrinivaasanka-Inspiron-1545 kernel: [19668.468866] usbcore: deregistering interface driver option
Nov 24 16:00:12 shrinivaasanka-Inspiron-1545 kernel: [19668.492063] usbcore: registered new interface driver option
Nov 24 16:00:12 shrinivaasanka-Inspiron-1545 kernel: [19668.492094] usbserial: USB Serial support registered for GSM modem (1-port)
Nov 24 16:00:32 shrinivaasanka-Inspiron-1545 kernel: [19687.708201] usb 6-2: new full-speed USB device number 6 using uhci_hcd
Nov 24 16:00:32 shrinivaasanka-Inspiron-1545 kernel: [19687.867300] usb 6-2: New USB device found, idVendor=12d1, idProduct=1505
Nov 24 16:00:32 shrinivaasanka-Inspiron-1545 kernel: [19687.867308] usb 6-2: New USB device strings: Mfr=1, Product=2, SerialNumber=4
Nov 24 16:00:32 shrinivaasanka-Inspiron-1545 kernel: [19687.867313] usb 6-2: Product: HUAWEI Mobile
Nov 24 16:00:32 shrinivaasanka-Inspiron-1545 kernel: [19687.867318] usb 6-2: Manufacturer: HUAÿWEI TECHNOLOGIES
Nov 24 16:00:32 shrinivaasanka-Inspiron-1545 kernel: [19687.867322] usb 6-2: SerialNumber: ÿÿÿÿÿÿÿÿÿÿÿÿÿÿÿÿÿÿÿ
Nov 24 16:00:32 shrinivaasanka-Inspiron-1545 kernel: [19687.870350] usb-storage 6-2:1.0: USB Mass Storage device detected
Nov 24 16:00:32 shrinivaasanka-Inspiron-1545 kernel: [19687.870502] scsi22 : usb-storage 6-2:1.0
Nov 24 16:00:33 shrinivaasanka-Inspiron-1545 kernel: [19688.873263] scsi 22:0:0:0: CD-ROM            HUAWEI   Mass Storage     2.31 PQ: 0 ANSI: 0
Nov 24 16:00:33 shrinivaasanka-Inspiron-1545 kernel: [19688.893217] sr1: scsi-1 drive
Nov 24 16:00:33 shrinivaasanka-Inspiron-1545 kernel: [19688.893435] sr 22:0:0:0: Attached scsi CD-ROM sr1
Nov 24 16:00:33 shrinivaasanka-Inspiron-1545 kernel: [19688.893533] sr 22:0:0:0: Attached scsi generic sg3 type 5
Nov 24 16:00:33 shrinivaasanka-Inspiron-1545 kernel: [19689.132298] usb 6-2: USB disconnect, device number 6
Nov 24 16:00:36 shrinivaasanka-Inspiron-1545 kernel: [19692.688195] usb 6-2: new full-speed USB device number 7 using uhci_hcd
Nov 24 16:00:37 shrinivaasanka-Inspiron-1545 kernel: [19692.850204] usb 6-2: New USB device found, idVendor=12d1, idProduct=140b
Nov 24 16:00:37 shrinivaasanka-Inspiron-1545 kernel: [19692.850212] usb 6-2: New USB device strings: Mfr=1, Product=2, SerialNumber=4
Nov 24 16:00:37 shrinivaasanka-Inspiron-1545 kernel: [19692.850217] usb 6-2: Product: HUAWEI Mobile
Nov 24 16:00:37 shrinivaasanka-Inspiron-1545 kernel: [19692.850221] usb 6-2: Manufacturer: HUAÿWEI TECHNOLOGIES
Nov 24 16:00:37 shrinivaasanka-Inspiron-1545 kernel: [19692.850226] usb 6-2: SerialNumber: ÿÿÿÿÿÿÿÿÿÿÿÿÿÿÿÿÿÿÿ
Nov 24 16:00:37 shrinivaasanka-Inspiron-1545 kernel: [19692.856271] usb-storage 6-2:1.0: USB Mass Storage device detected
Nov 24 16:00:37 shrinivaasanka-Inspiron-1545 kernel: [19692.856652] option 6-2:1.0: GSM modem (1-port) converter detected
Nov 24 16:00:37 shrinivaasanka-Inspiron-1545 kernel: [19692.856861] usb 6-2: GSM modem (1-port) converter now attached to ttyUSB0
Nov 24 16:00:37 shrinivaasanka-Inspiron-1545 kernel: [19692.859222] usb-storage 6-2:1.1: USB Mass Storage device detected
Nov 24 16:00:37 shrinivaasanka-Inspiron-1545 kernel: [19692.859413] option 6-2:1.1: GSM modem (1-port) converter detected
Nov 24 16:00:37 shrinivaasanka-Inspiron-1545 kernel: [19692.859594] usb 6-2: GSM modem (1-port) converter now attached to ttyUSB1
Nov 24 16:00:37 shrinivaasanka-Inspiron-1545 kernel: [19692.861231] usb-storage 6-2:1.2: USB Mass Storage device detected
Nov 24 16:00:37 shrinivaasanka-Inspiron-1545 kernel: [19692.861413] option 6-2:1.2: GSM modem (1-port) converter detected
Nov 24 16:00:37 shrinivaasanka-Inspiron-1545 kernel: [19692.861586] usb 6-2: GSM modem (1-port) converter now attached to ttyUSB2
Nov 24 16:00:37 shrinivaasanka-Inspiron-1545 kernel: [19692.861769] usb-storage 6-2:1.3: USB Mass Storage device detected
Nov 24 16:00:37 shrinivaasanka-Inspiron-1545 kernel: [19692.862229] scsi26 : usb-storage 6-2:1.3
Nov 24 16:00:38 shrinivaasanka-Inspiron-1545 kernel: [19693.864194] scsi 26:0:0:0: CD-ROM            HUAWEI   Mass Storage     2.31 PQ: 0 ANSI: 0
Nov 24 16:00:38 shrinivaasanka-Inspiron-1545 kernel: [19693.867183] scsi 26:0:0:1: Direct-Access     HUAWEI   SD Storage       2.31 PQ: 0 ANSI: 2
Nov 24 16:00:38 shrinivaasanka-Inspiron-1545 kernel: [19693.886186] sr1: scsi-1 drive
Nov 24 16:00:38 shrinivaasanka-Inspiron-1545 kernel: [19693.886391] sr 26:0:0:0: Attached scsi CD-ROM sr1
Nov 24 16:00:38 shrinivaasanka-Inspiron-1545 kernel: [19693.886504] sr 26:0:0:0: Attached scsi generic sg3 type 5
Nov 24 16:00:38 shrinivaasanka-Inspiron-1545 kernel: [19693.886758] sd 26:0:0:1: Attached scsi generic sg4 type 0
Nov 24 16:00:38 shrinivaasanka-Inspiron-1545 kernel: [19693.904678] sd 26:0:0:1: [sdc] Attached SCSI removable disk
Nov 24 16:00:39 shrinivaasanka-Inspiron-1545 kernel: [19695.355178] option1 ttyUSB0: option_instat_callback: error -2
Nov 24 16:01:22 shrinivaasanka-Inspiron-1545 kernel: [19738.058258] option1 ttyUSB0: option_instat_callback: error -2
Nov 24 16:02:01 shrinivaasanka-Inspiron-1545 kernel: [19777.340201] option1 ttyUSB0: option_instat_callback: error -2
Nov 24 16:03:01 shrinivaasanka-Inspiron-1545 kernel: [19837.417208] option1 ttyUSB0: option_instat_callback: error -2
Nov 24 16:03:35 shrinivaasanka-Inspiron-1545 kernel: [19871.044294] option1 ttyUSB0: option_instat_callback: error -2
Nov 24 16:03:53 shrinivaasanka-Inspiron-1545 kernel: [19888.944298] option1 ttyUSB0: option_instat_callback: error -2
Nov 24 16:06:26 shrinivaasanka-Inspiron-1545 kernel: [20041.978319] option1 ttyUSB0: option_instat_callback: error -2
Nov 24 16:08:49 shrinivaasanka-Inspiron-1545 kernel: [20185.017905] option1 ttyUSB0: option_instat_callback: error -2
Nov 24 16:09:01 shrinivaasanka-Inspiron-1545 kernel: [20197.050006] option1 ttyUSB0: option_instat_callback: error -2
Nov 24 16:24:19 shrinivaasanka-Inspiron-1545 kernel: [21115.021899] option1 ttyUSB0: option_instat_callback: error -2
Nov 24 16:30:19 shrinivaasanka-Inspiron-1545 kernel: [21475.024020] option1 ttyUSB0: option_instat_callback: error -2
Nov 24 16:30:31 shrinivaasanka-Inspiron-1545 kernel: [21487.027042] option1 ttyUSB0: option_instat_callback: error -2
Nov 24 16:32:19 shrinivaasanka-Inspiron-1545 kernel: [21595.019909] option1 ttyUSB0: option_instat_callback: error -2
Nov 24 16:32:31 shrinivaasanka-Inspiron-1545 kernel: [21607.029008] option1 ttyUSB0: option_instat_callback: error -2
Nov 24 16:33:07 shrinivaasanka-Inspiron-1545 kernel: [21643.114920] option1 ttyUSB0: option_instat_callback: error -2
Nov 24 16:33:44 shrinivaasanka-Inspiron-1545 kernel: [21679.877957] option1 ttyUSB0: option_instat_callback: error -2
Nov 24 16:34:03 shrinivaasanka-Inspiron-1545 kernel: [21699.136024] option1 ttyUSB0: option_instat_callback: error -2
Nov 24 16:34:46 shrinivaasanka-Inspiron-1545 kernel: [21741.985942] option1 ttyUSB0: option_instat_callback: error -2
Nov 24 16:40:34 shrinivaasanka-Inspiron-1545 kernel: [22089.827102] option1 ttyUSB0: option_instat_callback: error -2
Nov 24 16:45:19 shrinivaasanka-Inspiron-1545 kernel: [22375.017932] option1 ttyUSB0: option_instat_callback: error -2
Nov 24 16:46:28 shrinivaasanka-Inspiron-1545 kernel: [22444.311040] option1 ttyUSB0: option_instat_callback: error -2
Nov 24 16:46:43 shrinivaasanka-Inspiron-1545 kernel: [22459.184969] option1 ttyUSB0: option_instat_callback: error -2
Nov 24 16:47:01 shrinivaasanka-Inspiron-1545 kernel: [22477.183049] option1 ttyUSB0: option_instat_callback: error -2
Nov 24 16:47:25 shrinivaasanka-Inspiron-1545 kernel: [22501.158048] option1 ttyUSB0: option_instat_callback: error -2
Nov 24 16:47:40 shrinivaasanka-Inspiron-1545 kernel: [22516.178964] option1 ttyUSB0: option_instat_callback: error -2
Nov 24 16:47:58 shrinivaasanka-Inspiron-1545 kernel: [22534.193970] option1 ttyUSB0: option_instat_callback: error -2
Nov 24 16:48:42 shrinivaasanka-Inspiron-1545 kernel: [22578.040193] usb 3-1: new full-speed USB device number 2 using uhci_hcd
Nov 24 16:48:42 shrinivaasanka-Inspiron-1545 kernel: [22578.218218] usb 3-1: New USB device found, idVendor=0a5c, idProduct=4500
Nov 24 16:48:42 shrinivaasanka-Inspiron-1545 kernel: [22578.218225] usb 3-1: New USB device strings: Mfr=1, Product=2, SerialNumber=0
Nov 24 16:48:42 shrinivaasanka-Inspiron-1545 kernel: [22578.218231] usb 3-1: Product: BCM2046B1
Nov 24 16:48:42 shrinivaasanka-Inspiron-1545 kernel: [22578.218235] usb 3-1: Manufacturer: Broadcom
Nov 24 16:48:42 shrinivaasanka-Inspiron-1545 kernel: [22578.221260] hub 3-1:1.0: USB hub found
Nov 24 16:48:42 shrinivaasanka-Inspiron-1545 kernel: [22578.223136] hub 3-1:1.0: 3 ports detected
Nov 24 16:48:42 shrinivaasanka-Inspiron-1545 kernel: [22578.506143] usb 3-1.1: new full-speed USB device number 3 using uhci_hcd
Nov 24 16:48:42 shrinivaasanka-Inspiron-1545 kernel: [22578.624132] usb 3-1.1: New USB device found, idVendor=413c, idProduct=8161
Nov 24 16:48:42 shrinivaasanka-Inspiron-1545 kernel: [22578.624139] usb 3-1.1: New USB device strings: Mfr=0, Product=0, SerialNumber=0
Nov 24 16:48:43 shrinivaasanka-Inspiron-1545 kernel: [22578.702140] usb 3-1.2: new full-speed USB device number 4 using uhci_hcd
Nov 24 16:48:43 shrinivaasanka-Inspiron-1545 kernel: [22578.828219] usb 3-1.2: New USB device found, idVendor=413c, idProduct=8162
Nov 24 16:48:43 shrinivaasanka-Inspiron-1545 kernel: [22578.828226] usb 3-1.2: New USB device strings: Mfr=0, Product=0, SerialNumber=0
Nov 24 16:48:43 shrinivaasanka-Inspiron-1545 kernel: [22578.898176] hidraw: raw HID events driver (C) Jiri Kosina
Nov 24 16:48:43 shrinivaasanka-Inspiron-1545 kernel: [22578.977990] usbcore: registered new interface driver usbhid
Nov 24 16:48:43 shrinivaasanka-Inspiron-1545 kernel: [22578.977994] usbhid: USB HID core driver
Nov 24 16:48:43 shrinivaasanka-Inspiron-1545 kernel: [22579.022242] input: HID 413c:8161 as /devices/pci0000:00/0000:00:1a.0/usb3/3-1/3-1.1/3-1.1:1.0/0003:413C:8161.0001/input/input18
Nov 24 16:48:43 shrinivaasanka-Inspiron-1545 kernel: [22579.022972] hid-generic 0003:413C:8161.0001: input,hidraw0: USB HID v1.11 Keyboard [HID 413c:8161] on usb-0000:00:1a.0-1.1/input0
Nov 24 16:48:43 shrinivaasanka-Inspiron-1545 kernel: [22579.024161] input: HID 413c:8162 as /devices/pci0000:00/0000:00:1a.0/usb3/3-1/3-1.2/3-1.2:1.0/0003:413C:8162.0002/input/input19
Nov 24 16:48:43 shrinivaasanka-Inspiron-1545 kernel: [22579.024480] hid-generic 0003:413C:8162.0002: input,hidraw1: USB HID v1.11 Mouse [HID 413c:8162] on usb-0000:00:1a.0-1.2/input0
Nov 24 16:48:43 shrinivaasanka-Inspiron-1545 kernel: [22579.601132] usb 3-1.3: new full-speed USB device number 5 using uhci_hcd
Nov 24 16:48:44 shrinivaasanka-Inspiron-1545 kernel: [22579.730129] usb 3-1.3: New USB device found, idVendor=413c, idProduct=8160
Nov 24 16:48:44 shrinivaasanka-Inspiron-1545 kernel: [22579.730136] usb 3-1.3: New USB device strings: Mfr=1, Product=2, SerialNumber=0
Nov 24 16:48:44 shrinivaasanka-Inspiron-1545 kernel: [22579.730141] usb 3-1.3: Product: Dell Wireless 365 Bluetooth Module
Nov 24 16:48:44 shrinivaasanka-Inspiron-1545 kernel: [22579.730146] usb 3-1.3: Manufacturer: Dell Computer Corp
Nov 24 16:48:44 shrinivaasanka-Inspiron-1545 kernel: [22579.805794] usbcore: registered new interface driver btusb
Nov 24 16:51:25 shrinivaasanka-Inspiron-1545 kernel: [22741.336547] input: 84:25:DB:2A:F4:A7 as /devices/virtual/input/input20
Nov 24 16:51:57 shrinivaasanka-Inspiron-1545 kernel: [22773.147756] Bluetooth: TIOCGSERIAL is not supported
Nov 24 16:51:59 shrinivaasanka-Inspiron-1545 kernel: [22775.622637] Bluetooth: TIOCGSERIAL is not supported
Nov 24 16:51:59 shrinivaasanka-Inspiron-1545 kernel: [22775.623050] Bluetooth: TIOCGSERIAL is not supported
Nov 24 16:52:00 shrinivaasanka-Inspiron-1545 kernel: [22776.456187] Bluetooth: TIOCGSERIAL is not supported
Nov 24 16:52:00 shrinivaasanka-Inspiron-1545 kernel: [22776.457339] Bluetooth: TIOCGSERIAL is not supported
Nov 24 16:52:03 shrinivaasanka-Inspiron-1545 kernel: [22778.968776] Bluetooth: TIOCGSERIAL is not supported
Nov 24 16:52:34 shrinivaasanka-Inspiron-1545 kernel: [22810.354209] input: 84:25:DB:2A:F4:A7 as /devices/virtual/input/input21
Nov 24 16:53:11 shrinivaasanka-Inspiron-1545 kernel: [22847.036816] Bluetooth: HIDP (Human Interface Emulation) ver 1.2
Nov 24 16:53:11 shrinivaasanka-Inspiron-1545 kernel: [22847.036832] Bluetooth: HIDP socket layer initialized
Nov 24 16:55:16 shrinivaasanka-Inspiron-1545 kernel: [22972.652450] usb 6-2: USB disconnect, device number 7
Nov 24 16:55:16 shrinivaasanka-Inspiron-1545 kernel: [22972.653286] option1 ttyUSB0: option_instat_callback: error -108
Nov 24 16:55:16 shrinivaasanka-Inspiron-1545 kernel: [22972.653312] option1 ttyUSB1: usb_wwan_indat_callback: resubmit read urb failed. (-19)
Nov 24 16:55:16 shrinivaasanka-Inspiron-1545 kernel: [22972.653332] option1 ttyUSB2: usb_wwan_indat_callback: resubmit read urb failed. (-19)
Nov 24 16:55:16 shrinivaasanka-Inspiron-1545 kernel: [22972.653354] option1 ttyUSB0: usb_wwan_indat_callback: resubmit read urb failed. (-19)
Nov 24 16:55:16 shrinivaasanka-Inspiron-1545 kernel: [22972.654304] option1 ttyUSB0: usb_wwan_indat_callback: resubmit read urb failed. (-19)
Nov 24 16:55:16 shrinivaasanka-Inspiron-1545 kernel: [22972.654326] option1 ttyUSB0: usb_wwan_indat_callback: resubmit read urb failed. (-19)
Nov 24 16:55:16 shrinivaasanka-Inspiron-1545 kernel: [22972.654345] option1 ttyUSB0: usb_wwan_indat_callback: resubmit read urb failed. (-19)
Nov 24 16:55:16 shrinivaasanka-Inspiron-1545 kernel: [22972.654371] option1 ttyUSB1: usb_wwan_indat_callback: resubmit read urb failed. (-19)
Nov 24 16:55:16 shrinivaasanka-Inspiron-1545 kernel: [22972.654387] option1 ttyUSB2: usb_wwan_indat_callback: resubmit read urb failed. (-19)
Nov 24 16:55:16 shrinivaasanka-Inspiron-1545 kernel: [22972.655293] option1 ttyUSB1: usb_wwan_indat_callback: resubmit read urb failed. (-19)
Nov 24 16:55:16 shrinivaasanka-Inspiron-1545 kernel: [22972.655314] option1 ttyUSB2: usb_wwan_indat_callback: resubmit read urb failed. (-19)
Nov 24 16:55:16 shrinivaasanka-Inspiron-1545 kernel: [22972.656086] option1 ttyUSB0: GSM modem (1-port) converter now disconnected from ttyUSB0
Nov 24 16:55:16 shrinivaasanka-Inspiron-1545 kernel: [22972.656115] option 6-2:1.0: device disconnected
Nov 24 16:55:16 shrinivaasanka-Inspiron-1545 kernel: [22972.656281] option1 ttyUSB1: usb_wwan_indat_callback: resubmit read urb failed. (-19)
Nov 24 16:55:16 shrinivaasanka-Inspiron-1545 kernel: [22972.656304] option1 ttyUSB2: usb_wwan_indat_callback: resubmit read urb failed. (-19)
Nov 24 16:55:16 shrinivaasanka-Inspiron-1545 kernel: [22972.657180] option1 ttyUSB1: GSM modem (1-port) converter now disconnected from ttyUSB1
Nov 24 16:55:16 shrinivaasanka-Inspiron-1545 kernel: [22972.657207] option 6-2:1.1: device disconnected
Nov 24 16:55:16 shrinivaasanka-Inspiron-1545 kernel: [22972.659785] option1 ttyUSB2: GSM modem (1-port) converter now disconnected from ttyUSB2
Nov 24 16:55:16 shrinivaasanka-Inspiron-1545 kernel: [22972.659824] option 6-2:1.2: device disconnected
Nov 24 16:55:18 shrinivaasanka-Inspiron-1545 kernel: [22974.616969] usbserial: USB Serial deregistering driver GSM modem (1-port)
Nov 24 16:55:18 shrinivaasanka-Inspiron-1545 kernel: [22974.617031] usbcore: deregistering interface driver option
Nov 24 16:55:18 shrinivaasanka-Inspiron-1545 kernel: [22974.639509] usbcore: registered new interface driver option
Nov 24 16:55:18 shrinivaasanka-Inspiron-1545 kernel: [22974.639539] usbserial: USB Serial support registered for GSM modem (1-port)
Nov 24 16:58:28 shrinivaasanka-Inspiron-1545 kernel: [23163.778648] input: 84:25:DB:2A:F4:A7 as /devices/virtual/input/input22
Nov 24 16:58:53 shrinivaasanka-Inspiron-1545 kernel: [23189.088886] input: 84:25:DB:2A:F4:A7 as /devices/virtual/input/input23
Nov 24 17:00:54 shrinivaasanka-Inspiron-1545 kernel: [23310.436181] usb 6-2: new full-speed USB device number 8 using uhci_hcd
Nov 24 17:00:54 shrinivaasanka-Inspiron-1545 kernel: [23310.596292] usb 6-2: New USB device found, idVendor=12d1, idProduct=1505
Nov 24 17:00:54 shrinivaasanka-Inspiron-1545 kernel: [23310.596300] usb 6-2: New USB device strings: Mfr=1, Product=2, SerialNumber=4
Nov 24 17:00:54 shrinivaasanka-Inspiron-1545 kernel: [23310.596305] usb 6-2: Product: HUAWEI Mobile
Nov 24 17:00:54 shrinivaasanka-Inspiron-1545 kernel: [23310.596310] usb 6-2: Manufacturer: HUAÿWEI TECHNOLOGIES
Nov 24 17:00:54 shrinivaasanka-Inspiron-1545 kernel: [23310.596314] usb 6-2: SerialNumber: ÿÿÿÿÿÿÿÿÿÿÿÿÿÿÿÿÿÿÿ
Nov 24 17:00:54 shrinivaasanka-Inspiron-1545 kernel: [23310.598333] usb-storage 6-2:1.0: USB Mass Storage device detected
Nov 24 17:00:54 shrinivaasanka-Inspiron-1545 kernel: [23310.598567] scsi27 : usb-storage 6-2:1.0
Nov 24 17:00:55 shrinivaasanka-Inspiron-1545 kernel: [23311.600230] scsi 27:0:0:0: CD-ROM            HUAWEI   Mass Storage     2.31 PQ: 0 ANSI: 0
Nov 24 17:00:55 shrinivaasanka-Inspiron-1545 kernel: [23311.620212] sr1: scsi-1 drive
Nov 24 17:00:55 shrinivaasanka-Inspiron-1545 kernel: [23311.620449] sr 27:0:0:0: Attached scsi CD-ROM sr1
Nov 24 17:00:55 shrinivaasanka-Inspiron-1545 kernel: [23311.620865] sr 27:0:0:0: Attached scsi generic sg3 type 5
Nov 24 17:00:56 shrinivaasanka-Inspiron-1545 kernel: [23311.916365] usb 6-2: USB disconnect, device number 8
Nov 24 17:00:59 shrinivaasanka-Inspiron-1545 kernel: [23315.216199] usb 6-2: new full-speed USB device number 9 using uhci_hcd
Nov 24 17:00:59 shrinivaasanka-Inspiron-1545 kernel: [23315.375231] usb 6-2: New USB device found, idVendor=12d1, idProduct=140b
Nov 24 17:00:59 shrinivaasanka-Inspiron-1545 kernel: [23315.375238] usb 6-2: New USB device strings: Mfr=1, Product=2, SerialNumber=4
Nov 24 17:00:59 shrinivaasanka-Inspiron-1545 kernel: [23315.375243] usb 6-2: Product: HUAWEI Mobile
Nov 24 17:00:59 shrinivaasanka-Inspiron-1545 kernel: [23315.375248] usb 6-2: Manufacturer: HUAÿWEI TECHNOLOGIES
Nov 24 17:00:59 shrinivaasanka-Inspiron-1545 kernel: [23315.375252] usb 6-2: SerialNumber: ÿÿÿÿÿÿÿÿÿÿÿÿÿÿÿÿÿÿÿ
Nov 24 17:00:59 shrinivaasanka-Inspiron-1545 kernel: [23315.380401] usb-storage 6-2:1.0: USB Mass Storage device detected
Nov 24 17:00:59 shrinivaasanka-Inspiron-1545 kernel: [23315.380661] option 6-2:1.0: GSM modem (1-port) converter detected
Nov 24 17:00:59 shrinivaasanka-Inspiron-1545 kernel: [23315.380880] usb 6-2: GSM modem (1-port) converter now attached to ttyUSB0
Nov 24 17:00:59 shrinivaasanka-Inspiron-1545 kernel: [23315.383298] usb-storage 6-2:1.1: USB Mass Storage device detected
Nov 24 17:00:59 shrinivaasanka-Inspiron-1545 kernel: [23315.383548] option 6-2:1.1: GSM modem (1-port) converter detected
Nov 24 17:00:59 shrinivaasanka-Inspiron-1545 kernel: [23315.383798] usb 6-2: GSM modem (1-port) converter now attached to ttyUSB1
Nov 24 17:00:59 shrinivaasanka-Inspiron-1545 kernel: [23315.385277] usb-storage 6-2:1.2: USB Mass Storage device detected
Nov 24 17:00:59 shrinivaasanka-Inspiron-1545 kernel: [23315.385508] option 6-2:1.2: GSM modem (1-port) converter detected
Nov 24 17:00:59 shrinivaasanka-Inspiron-1545 kernel: [23315.385719] usb 6-2: GSM modem (1-port) converter now attached to ttyUSB2
Nov 24 17:00:59 shrinivaasanka-Inspiron-1545 kernel: [23315.385908] usb-storage 6-2:1.3: USB Mass Storage device detected
Nov 24 17:00:59 shrinivaasanka-Inspiron-1545 kernel: [23315.386244] scsi31 : usb-storage 6-2:1.3
Nov 24 17:01:00 shrinivaasanka-Inspiron-1545 kernel: [23316.388212] scsi 31:0:0:0: CD-ROM            HUAWEI   Mass Storage     2.31 PQ: 0 ANSI: 0
Nov 24 17:01:00 shrinivaasanka-Inspiron-1545 kernel: [23316.391201] scsi 31:0:0:1: Direct-Access     HUAWEI   SD Storage       2.31 PQ: 0 ANSI: 2
Nov 24 17:01:00 shrinivaasanka-Inspiron-1545 kernel: [23316.410197] sr1: scsi-1 drive
Nov 24 17:01:00 shrinivaasanka-Inspiron-1545 kernel: [23316.410405] sr 31:0:0:0: Attached scsi CD-ROM sr1
Nov 24 17:01:00 shrinivaasanka-Inspiron-1545 kernel: [23316.410511] sr 31:0:0:0: Attached scsi generic sg3 type 5
Nov 24 17:01:00 shrinivaasanka-Inspiron-1545 kernel: [23316.410797] sd 31:0:0:1: Attached scsi generic sg4 type 0
Nov 24 17:01:00 shrinivaasanka-Inspiron-1545 kernel: [23316.427211] sd 31:0:0:1: [sdc] Attached SCSI removable disk
Nov 24 17:01:02 shrinivaasanka-Inspiron-1545 kernel: [23317.897197] option1 ttyUSB0: option_instat_callback: error -2
Nov 24 17:02:25 shrinivaasanka-Inspiron-1545 kernel: [23401.077284] option1 ttyUSB0: option_instat_callback: error -2
Nov 24 17:02:38 shrinivaasanka-Inspiron-1545 kernel: [23413.896288] option1 ttyUSB0: option_instat_callback: error -2
Nov 24 17:02:58 shrinivaasanka-Inspiron-1545 kernel: [23433.909202] option1 ttyUSB0: option_instat_callback: error -2
Nov 24 17:03:10 shrinivaasanka-Inspiron-1545 kernel: [23445.992204] option1 ttyUSB0: option_instat_callback: error -2
Nov 24 17:05:35 shrinivaasanka-Inspiron-1545 kernel: [23591.027230] option1 ttyUSB0: option_instat_callback: error -2
Nov 24 17:05:47 shrinivaasanka-Inspiron-1545 kernel: [23603.030326] option1 ttyUSB0: option_instat_callback: error -2
Nov 24 17:08:05 shrinivaasanka-Inspiron-1545 kernel: [23741.019617] option1 ttyUSB0: option_instat_callback: error -2
Nov 24 17:38:43 shrinivaasanka-Inspiron-1545 kernel: [25579.380192] usb 3-1: USB disconnect, device number 2
Nov 24 17:38:43 shrinivaasanka-Inspiron-1545 kernel: [25579.380199] usb 3-1.1: USB disconnect, device number 3
Nov 24 17:38:43 shrinivaasanka-Inspiron-1545 kernel: [25579.452787] usb 3-1.2: USB disconnect, device number 4
Nov 24 17:38:43 shrinivaasanka-Inspiron-1545 kernel: [25579.452985] usb 3-1.3: USB disconnect, device number 5
Nov 24 17:40:35 shrinivaasanka-Inspiron-1545 kernel: [25691.476213] usb 3-1: new full-speed USB device number 6 using uhci_hcd
Nov 24 17:40:35 shrinivaasanka-Inspiron-1545 kernel: [25691.653128] usb 3-1: New USB device found, idVendor=0a5c, idProduct=4500
Nov 24 17:40:35 shrinivaasanka-Inspiron-1545 kernel: [25691.653136] usb 3-1: New USB device strings: Mfr=1, Product=2, SerialNumber=0
Nov 24 17:40:35 shrinivaasanka-Inspiron-1545 kernel: [25691.653141] usb 3-1: Product: BCM2046B1
Nov 24 17:40:35 shrinivaasanka-Inspiron-1545 kernel: [25691.653145] usb 3-1: Manufacturer: Broadcom
Nov 24 17:40:35 shrinivaasanka-Inspiron-1545 kernel: [25691.655219] hub 3-1:1.0: USB hub found
Nov 24 17:40:35 shrinivaasanka-Inspiron-1545 kernel: [25691.657116] hub 3-1:1.0: 3 ports detected
Nov 24 17:40:36 shrinivaasanka-Inspiron-1545 kernel: [25691.937139] usb 3-1.1: new full-speed USB device number 7 using uhci_hcd
Nov 24 17:40:36 shrinivaasanka-Inspiron-1545 kernel: [25692.058208] usb 3-1.1: New USB device found, idVendor=413c, idProduct=8161
Nov 24 17:40:36 shrinivaasanka-Inspiron-1545 kernel: [25692.058216] usb 3-1.1: New USB device strings: Mfr=0, Product=0, SerialNumber=0
Nov 24 17:40:36 shrinivaasanka-Inspiron-1545 kernel: [25692.066911] input: HID 413c:8161 as /devices/pci0000:00/0000:00:1a.0/usb3/3-1/3-1.1/3-1.1:1.0/0003:413C:8161.0003/input/input24
Nov 24 17:40:36 shrinivaasanka-Inspiron-1545 kernel: [25692.067126] hid-generic 0003:413C:8161.0003: input,hidraw0: USB HID v1.11 Keyboard [HID 413c:8161] on usb-0000:00:1a.0-1.1/input0
Nov 24 17:40:36 shrinivaasanka-Inspiron-1545 kernel: [25692.141127] usb 3-1.2: new full-speed USB device number 8 using uhci_hcd
Nov 24 17:40:36 shrinivaasanka-Inspiron-1545 kernel: [25692.263129] usb 3-1.2: New USB device found, idVendor=413c, idProduct=8162
Nov 24 17:40:36 shrinivaasanka-Inspiron-1545 kernel: [25692.263137] usb 3-1.2: New USB device strings: Mfr=0, Product=0, SerialNumber=0
Nov 24 17:40:36 shrinivaasanka-Inspiron-1545 kernel: [25692.273944] input: HID 413c:8162 as /devices/pci0000:00/0000:00:1a.0/usb3/3-1/3-1.2/3-1.2:1.0/0003:413C:8162.0004/input/input25
Nov 24 17:40:36 shrinivaasanka-Inspiron-1545 kernel: [25692.274320] hid-generic 0003:413C:8162.0004: input,hidraw1: USB HID v1.11 Mouse [HID 413c:8162] on usb-0000:00:1a.0-1.2/input0
Nov 24 17:40:37 shrinivaasanka-Inspiron-1545 kernel: [25692.882152] usb 3-1.3: new full-speed USB device number 9 using uhci_hcd
Nov 24 17:40:37 shrinivaasanka-Inspiron-1545 kernel: [25693.011133] usb 3-1.3: New USB device found, idVendor=413c, idProduct=8160
Nov 24 17:40:37 shrinivaasanka-Inspiron-1545 kernel: [25693.011141] usb 3-1.3: New USB device strings: Mfr=1, Product=2, SerialNumber=0
Nov 24 17:40:37 shrinivaasanka-Inspiron-1545 kernel: [25693.011148] usb 3-1.3: Product: Dell Wireless 365 Bluetooth Module
Nov 24 17:40:37 shrinivaasanka-Inspiron-1545 kernel: [25693.011153] usb 3-1.3: Manufacturer: Dell Computer Corp
Nov 24 17:41:47 shrinivaasanka-Inspiron-1545 kernel: [25763.380144] Bluetooth: TIOCGSERIAL is not supported
Nov 24 17:41:50 shrinivaasanka-Inspiron-1545 kernel: [25766.015468] Bluetooth: TIOCGSERIAL is not supported
Nov 24 17:41:50 shrinivaasanka-Inspiron-1545 kernel: [25766.015824] Bluetooth: TIOCGSERIAL is not supported
Nov 24 17:41:51 shrinivaasanka-Inspiron-1545 kernel: [25766.926558] Bluetooth: TIOCGSERIAL is not supported
Nov 24 17:41:51 shrinivaasanka-Inspiron-1545 kernel: [25766.927662] Bluetooth: TIOCGSERIAL is not supported
Nov 24 17:41:54 shrinivaasanka-Inspiron-1545 kernel: [25770.209297] Bluetooth: TIOCGSERIAL is not supported
Nov 24 17:43:59 shrinivaasanka-Inspiron-1545 kernel: [25894.836240] usb 6-2: USB disconnect, device number 9
Nov 24 17:43:59 shrinivaasanka-Inspiron-1545 kernel: [25894.836621] option1 ttyUSB0: option_instat_callback: error -108
Nov 24 17:43:59 shrinivaasanka-Inspiron-1545 kernel: [25894.836650] option1 ttyUSB1: usb_wwan_indat_callback: resubmit read urb failed. (-19)
Nov 24 17:43:59 shrinivaasanka-Inspiron-1545 kernel: [25894.836667] option1 ttyUSB2: usb_wwan_indat_callback: resubmit read urb failed. (-19)
Nov 24 17:43:59 shrinivaasanka-Inspiron-1545 kernel: [25894.837640] option1 ttyUSB0: usb_wwan_indat_callback: resubmit read urb failed. (-19)
Nov 24 17:43:59 shrinivaasanka-Inspiron-1545 kernel: [25894.837663] option1 ttyUSB0: usb_wwan_indat_callback: resubmit read urb failed. (-19)
Nov 24 17:43:59 shrinivaasanka-Inspiron-1545 kernel: [25894.837682] option1 ttyUSB0: usb_wwan_indat_callback: resubmit read urb failed. (-19)
Nov 24 17:43:59 shrinivaasanka-Inspiron-1545 kernel: [25894.837699] option1 ttyUSB0: usb_wwan_indat_callback: resubmit read urb failed. (-19)
Nov 24 17:43:59 shrinivaasanka-Inspiron-1545 kernel: [25894.837723] option1 ttyUSB1: usb_wwan_indat_callback: resubmit read urb failed. (-19)
Nov 24 17:43:59 shrinivaasanka-Inspiron-1545 kernel: [25894.837740] option1 ttyUSB2: usb_wwan_indat_callback: resubmit read urb failed. (-19)
Nov 24 17:43:59 shrinivaasanka-Inspiron-1545 kernel: [25894.838634] option1 ttyUSB1: usb_wwan_indat_callback: resubmit read urb failed. (-19)
Nov 24 17:43:59 shrinivaasanka-Inspiron-1545 kernel: [25894.838637] option1 ttyUSB0: GSM modem (1-port) converter now disconnected from ttyUSB0
Nov 24 17:43:59 shrinivaasanka-Inspiron-1545 kernel: [25894.838657] option 6-2:1.0: device disconnected
Nov 24 17:43:59 shrinivaasanka-Inspiron-1545 kernel: [25894.838661] option1 ttyUSB2: usb_wwan_indat_callback: resubmit read urb failed. (-19)
Nov 24 17:43:59 shrinivaasanka-Inspiron-1545 kernel: [25894.839637] option1 ttyUSB1: usb_wwan_indat_callback: resubmit read urb failed. (-19)
Nov 24 17:43:59 shrinivaasanka-Inspiron-1545 kernel: [25894.839665] option1 ttyUSB2: usb_wwan_indat_callback: resubmit read urb failed. (-19)
Nov 24 17:43:59 shrinivaasanka-Inspiron-1545 kernel: [25894.845735] option1 ttyUSB1: GSM modem (1-port) converter now disconnected from ttyUSB1
Nov 24 17:43:59 shrinivaasanka-Inspiron-1545 kernel: [25894.845751] option 6-2:1.1: device disconnected
Nov 24 17:43:59 shrinivaasanka-Inspiron-1545 kernel: [25894.846520] option1 ttyUSB2: GSM modem (1-port) converter now disconnected from ttyUSB2
Nov 24 17:43:59 shrinivaasanka-Inspiron-1545 kernel: [25894.846541] option 6-2:1.2: device disconnected
Nov 24 17:44:00 shrinivaasanka-Inspiron-1545 kernel: [25896.412862] usbserial: USB Serial deregistering driver GSM modem (1-port)
Nov 24 17:44:00 shrinivaasanka-Inspiron-1545 kernel: [25896.412920] usbcore: deregistering interface driver option
Nov 24 17:44:00 shrinivaasanka-Inspiron-1545 kernel: [25896.435213] usbcore: registered new interface driver option
Nov 24 17:44:00 shrinivaasanka-Inspiron-1545 kernel: [25896.435239] usbserial: USB Serial support registered for GSM modem (1-port)
Nov 24 17:47:24 shrinivaasanka-Inspiron-1545 kernel: [26099.991753] hid-generic 0005:0000:C056.0005: unknown main item tag 0x0
Nov 24 17:47:24 shrinivaasanka-Inspiron-1545 kernel: [26099.992390] input: W700i as /devices/pci0000:00/0000:00:1a.0/usb3/3-1/3-1.3/3-1.3:1.0/bluetooth/hci0/hci0:12/0005:0000:C056.0005/input/input26
Nov 24 17:47:24 shrinivaasanka-Inspiron-1545 kernel: [26099.992676] hid-generic 0005:0000:C056.0005: input,hidraw1: BLUETOOTH HID v0.00 Keyboard [W700i] on 00:23:4e:d2:23:d1
Nov 24 17:50:24 shrinivaasanka-Inspiron-1545 kernel: [26280.512214] usb 6-2: new full-speed USB device number 10 using uhci_hcd
Nov 24 17:50:24 shrinivaasanka-Inspiron-1545 kernel: [26280.677201] usb 6-2: New USB device found, idVendor=12d1, idProduct=1505
Nov 24 17:50:24 shrinivaasanka-Inspiron-1545 kernel: [26280.677209] usb 6-2: New USB device strings: Mfr=1, Product=2, SerialNumber=4
Nov 24 17:50:24 shrinivaasanka-Inspiron-1545 kernel: [26280.677218] usb 6-2: Product: HUAWEI Mobile
Nov 24 17:50:24 shrinivaasanka-Inspiron-1545 kernel: [26280.677223] usb 6-2: Manufacturer: HUAÿWEI TECHNOLOGIES
Nov 24 17:50:24 shrinivaasanka-Inspiron-1545 kernel: [26280.677227] usb 6-2: SerialNumber: ÿÿÿÿÿÿÿÿÿÿÿÿÿÿÿÿÿÿÿ
Nov 24 17:50:24 shrinivaasanka-Inspiron-1545 kernel: [26280.679327] usb-storage 6-2:1.0: USB Mass Storage device detected
Nov 24 17:50:24 shrinivaasanka-Inspiron-1545 kernel: [26280.679450] scsi32 : usb-storage 6-2:1.0
Nov 24 17:50:25 shrinivaasanka-Inspiron-1545 kernel: [26281.681255] scsi 32:0:0:0: CD-ROM            HUAWEI   Mass Storage     2.31 PQ: 0 ANSI: 0
Nov 24 17:50:26 shrinivaasanka-Inspiron-1545 kernel: [26281.703232] sr1: scsi-1 drive
Nov 24 17:50:26 shrinivaasanka-Inspiron-1545 kernel: [26281.703528] sr 32:0:0:0: Attached scsi CD-ROM sr1
Nov 24 17:50:26 shrinivaasanka-Inspiron-1545 kernel: [26281.703662] sr 32:0:0:0: Attached scsi generic sg3 type 5
Nov 24 17:50:26 shrinivaasanka-Inspiron-1545 kernel: [26281.964183] usb 6-2: USB disconnect, device number 10
Nov 24 17:50:29 shrinivaasanka-Inspiron-1545 kernel: [26285.280238] usb 6-2: new full-speed USB device number 11 using uhci_hcd
Nov 24 17:50:29 shrinivaasanka-Inspiron-1545 kernel: [26285.443287] usb 6-2: New USB device found, idVendor=12d1, idProduct=140b
Nov 24 17:50:29 shrinivaasanka-Inspiron-1545 kernel: [26285.443295] usb 6-2: New USB device strings: Mfr=1, Product=2, SerialNumber=4
Nov 24 17:50:29 shrinivaasanka-Inspiron-1545 kernel: [26285.443301] usb 6-2: Product: HUAWEI Mobile
Nov 24 17:50:29 shrinivaasanka-Inspiron-1545 kernel: [26285.443305] usb 6-2: Manufacturer: HUAÿWEI TECHNOLOGIES
Nov 24 17:50:29 shrinivaasanka-Inspiron-1545 kernel: [26285.443310] usb 6-2: SerialNumber: ÿÿÿÿÿÿÿÿÿÿÿÿÿÿÿÿÿÿÿ
Nov 24 17:50:29 shrinivaasanka-Inspiron-1545 kernel: [26285.449367] usb-storage 6-2:1.0: USB Mass Storage device detected
Nov 24 17:50:29 shrinivaasanka-Inspiron-1545 kernel: [26285.449761] option 6-2:1.0: GSM modem (1-port) converter detected
Nov 24 17:50:29 shrinivaasanka-Inspiron-1545 kernel: [26285.449964] usb 6-2: GSM modem (1-port) converter now attached to ttyUSB0
Nov 24 17:50:29 shrinivaasanka-Inspiron-1545 kernel: [26285.452462] usb-storage 6-2:1.1: USB Mass Storage device detected
Nov 24 17:50:29 shrinivaasanka-Inspiron-1545 kernel: [26285.452753] option 6-2:1.1: GSM modem (1-port) converter detected
Nov 24 17:50:29 shrinivaasanka-Inspiron-1545 kernel: [26285.452984] usb 6-2: GSM modem (1-port) converter now attached to ttyUSB1
Nov 24 17:50:29 shrinivaasanka-Inspiron-1545 kernel: [26285.455275] usb-storage 6-2:1.2: USB Mass Storage device detected
Nov 24 17:50:29 shrinivaasanka-Inspiron-1545 kernel: [26285.455535] option 6-2:1.2: GSM modem (1-port) converter detected
Nov 24 17:50:29 shrinivaasanka-Inspiron-1545 kernel: [26285.455779] usb 6-2: GSM modem (1-port) converter now attached to ttyUSB2
Nov 24 17:50:29 shrinivaasanka-Inspiron-1545 kernel: [26285.455960] usb-storage 6-2:1.3: USB Mass Storage device detected
Nov 24 17:50:29 shrinivaasanka-Inspiron-1545 kernel: [26285.457763] scsi36 : usb-storage 6-2:1.3
Nov 24 17:50:30 shrinivaasanka-Inspiron-1545 kernel: [26286.460199] scsi 36:0:0:0: CD-ROM            HUAWEI   Mass Storage     2.31 PQ: 0 ANSI: 0
Nov 24 17:50:30 shrinivaasanka-Inspiron-1545 kernel: [26286.463199] scsi 36:0:0:1: Direct-Access     HUAWEI   SD Storage       2.31 PQ: 0 ANSI: 2
Nov 24 17:50:30 shrinivaasanka-Inspiron-1545 kernel: [26286.485199] sr1: scsi-1 drive
Nov 24 17:50:30 shrinivaasanka-Inspiron-1545 kernel: [26286.487567] sr 36:0:0:0: Attached scsi CD-ROM sr1
Nov 24 17:50:30 shrinivaasanka-Inspiron-1545 kernel: [26286.487821] sr 36:0:0:0: Attached scsi generic sg3 type 5
Nov 24 17:50:30 shrinivaasanka-Inspiron-1545 kernel: [26286.489775] sd 36:0:0:1: Attached scsi generic sg4 type 0
Nov 24 17:50:30 shrinivaasanka-Inspiron-1545 kernel: [26286.523196] sd 36:0:0:1: [sdc] Attached SCSI removable disk
Nov 24 17:50:32 shrinivaasanka-Inspiron-1545 kernel: [26287.988186] option1 ttyUSB0: option_instat_callback: error -2
Nov 24 18:03:56 shrinivaasanka-Inspiron-1545 kernel: [27092.676335] usb 3-1: USB disconnect, device number 6
Nov 24 18:03:56 shrinivaasanka-Inspiron-1545 kernel: [27092.676343] usb 3-1.1: USB disconnect, device number 7
Nov 24 18:03:57 shrinivaasanka-Inspiron-1545 kernel: [27092.755262] usb 3-1.2: USB disconnect, device number 8
Nov 24 18:03:57 shrinivaasanka-Inspiron-1545 kernel: [27092.758288] usb 3-1.3: USB disconnect, device number 9
Nov 24 18:06:33 shrinivaasanka-Inspiron-1545 kernel: [27249.029095] option1 ttyUSB0: option_instat_callback: error -2
Nov 24 18:13:33 shrinivaasanka-Inspiron-1545 kernel: [27669.019450] option1 ttyUSB0: option_instat_callback: error -2
Nov 24 18:13:45 shrinivaasanka-Inspiron-1545 kernel: [27681.027467] option1 ttyUSB0: option_instat_callback: error -2
Nov 24 18:13:58 shrinivaasanka-Inspiron-1545 kernel: [27693.970477] option1 ttyUSB0: option_instat_callback: error -2
Nov 24 18:15:33 shrinivaasanka-Inspiron-1545 kernel: [27789.197491] option1 ttyUSB0: option_instat_callback: error -2
Nov 24 18:15:49 shrinivaasanka-Inspiron-1545 kernel: [27805.062505] option1 ttyUSB0: option_instat_callback: error -2
Nov 24 18:16:34 shrinivaasanka-Inspiron-1545 kernel: [27850.503580] option1 ttyUSB0: option_instat_callback: error -2
Nov 24 18:16:54 shrinivaasanka-Inspiron-1545 kernel: [27869.968495] option1 ttyUSB0: option_instat_callback: error -2
Nov 24 18:17:33 shrinivaasanka-Inspiron-1545 kernel: [27908.982512] option1 ttyUSB0: option_instat_callback: error -2
Nov 24 18:17:55 shrinivaasanka-Inspiron-1545 kernel: [27930.974525] option1 ttyUSB0: option_instat_callback: error -2
Nov 24 18:18:16 shrinivaasanka-Inspiron-1545 kernel: [27951.907538] option1 ttyUSB0: option_instat_callback: error -2
Nov 24 18:18:24 shrinivaasanka-Inspiron-1545 kernel: [27960.428386] usb 6-2: USB disconnect, device number 11
Nov 24 18:18:24 shrinivaasanka-Inspiron-1545 kernel: [27960.428519] option1 ttyUSB1: usb_wwan_indat_callback: resubmit read urb failed. (-19)
Nov 24 18:18:24 shrinivaasanka-Inspiron-1545 kernel: [27960.428539] option1 ttyUSB2: usb_wwan_indat_callback: resubmit read urb failed. (-19)
Nov 24 18:18:24 shrinivaasanka-Inspiron-1545 kernel: [27960.428807] option1 ttyUSB0: GSM modem (1-port) converter now disconnected from ttyUSB0
Nov 24 18:18:24 shrinivaasanka-Inspiron-1545 kernel: [27960.428837] option 6-2:1.0: device disconnected
Nov 24 18:18:24 shrinivaasanka-Inspiron-1545 kernel: [27960.429520] option1 ttyUSB1: usb_wwan_indat_callback: resubmit read urb failed. (-19)
Nov 24 18:18:24 shrinivaasanka-Inspiron-1545 kernel: [27960.429538] option1 ttyUSB1: usb_wwan_indat_callback: resubmit read urb failed. (-19)
Nov 24 18:18:24 shrinivaasanka-Inspiron-1545 kernel: [27960.429554] option1 ttyUSB1: usb_wwan_indat_callback: resubmit read urb failed. (-19)
Nov 24 18:18:24 shrinivaasanka-Inspiron-1545 kernel: [27960.429574] option1 ttyUSB2: usb_wwan_indat_callback: resubmit read urb failed. (-19)
Nov 24 18:18:24 shrinivaasanka-Inspiron-1545 kernel: [27960.429786] option1 ttyUSB1: GSM modem (1-port) converter now disconnected from ttyUSB1
Nov 24 18:18:24 shrinivaasanka-Inspiron-1545 kernel: [27960.429808] option 6-2:1.1: device disconnected
Nov 24 18:18:24 shrinivaasanka-Inspiron-1545 kernel: [27960.430523] option1 ttyUSB2: usb_wwan_indat_callback: resubmit read urb failed. (-19)
Nov 24 18:18:24 shrinivaasanka-Inspiron-1545 kernel: [27960.430540] option1 ttyUSB2: usb_wwan_indat_callback: resubmit read urb failed. (-19)
Nov 24 18:18:24 shrinivaasanka-Inspiron-1545 kernel: [27960.431532] option1 ttyUSB2: GSM modem (1-port) converter now disconnected from ttyUSB2
Nov 24 18:18:24 shrinivaasanka-Inspiron-1545 kernel: [27960.431555] option 6-2:1.2: device disconnected
Nov 24 18:18:26 shrinivaasanka-Inspiron-1545 kernel: [27962.092929] usbserial: USB Serial deregistering driver GSM modem (1-port)
Nov 24 18:18:26 shrinivaasanka-Inspiron-1545 kernel: [27962.092987] usbcore: deregistering interface driver option
Nov 24 18:18:26 shrinivaasanka-Inspiron-1545 kernel: [27962.113869] usbcore: registered new interface driver option
Nov 24 18:18:26 shrinivaasanka-Inspiron-1545 kernel: [27962.113902] usbserial: USB Serial support registered for GSM modem (1-port)
Nov 24 18:18:30 shrinivaasanka-Inspiron-1545 kernel: [27966.664091] usb 7-1: new full-speed USB device number 4 using uhci_hcd
Nov 24 18:18:31 shrinivaasanka-Inspiron-1545 kernel: [27966.827206] usb 7-1: New USB device found, idVendor=12d1, idProduct=1505
Nov 24 18:18:31 shrinivaasanka-Inspiron-1545 kernel: [27966.827218] usb 7-1: New USB device strings: Mfr=1, Product=2, SerialNumber=4
Nov 24 18:18:31 shrinivaasanka-Inspiron-1545 kernel: [27966.827223] usb 7-1: Product: HUAWEI Mobile
Nov 24 18:18:31 shrinivaasanka-Inspiron-1545 kernel: [27966.827228] usb 7-1: Manufacturer: HUAÿWEI TECHNOLOGIES
Nov 24 18:18:31 shrinivaasanka-Inspiron-1545 kernel: [27966.827232] usb 7-1: SerialNumber: ÿÿÿÿÿÿÿÿÿÿÿÿÿÿÿÿÿÿÿ
Nov 24 18:18:31 shrinivaasanka-Inspiron-1545 kernel: [27966.829336] usb-storage 7-1:1.0: USB Mass Storage device detected
Nov 24 18:18:31 shrinivaasanka-Inspiron-1545 kernel: [27966.829465] scsi37 : usb-storage 7-1:1.0
Nov 24 18:18:32 shrinivaasanka-Inspiron-1545 kernel: [27967.833263] scsi 37:0:0:0: CD-ROM            HUAWEI   Mass Storage     2.31 PQ: 0 ANSI: 0
Nov 24 18:18:32 shrinivaasanka-Inspiron-1545 kernel: [27967.854229] sr1: scsi-1 drive
Nov 24 18:18:32 shrinivaasanka-Inspiron-1545 kernel: [27967.854502] sr 37:0:0:0: Attached scsi CD-ROM sr1
Nov 24 18:18:32 shrinivaasanka-Inspiron-1545 kernel: [27967.857736] sr 37:0:0:0: Attached scsi generic sg3 type 5
Nov 24 18:18:32 shrinivaasanka-Inspiron-1545 kernel: [27968.116101] usb 7-1: USB disconnect, device number 4
Nov 24 18:18:35 shrinivaasanka-Inspiron-1545 kernel: [27971.612208] usb 7-1: new full-speed USB device number 5 using uhci_hcd
Nov 24 18:18:36 shrinivaasanka-Inspiron-1545 kernel: [27971.776306] usb 7-1: New USB device found, idVendor=12d1, idProduct=140b
Nov 24 18:18:36 shrinivaasanka-Inspiron-1545 kernel: [27971.776314] usb 7-1: New USB device strings: Mfr=1, Product=2, SerialNumber=4
Nov 24 18:18:36 shrinivaasanka-Inspiron-1545 kernel: [27971.776319] usb 7-1: Product: HUAWEI Mobile
Nov 24 18:18:36 shrinivaasanka-Inspiron-1545 kernel: [27971.776323] usb 7-1: Manufacturer: HUAÿWEI TECHNOLOGIES
Nov 24 18:18:36 shrinivaasanka-Inspiron-1545 kernel: [27971.776328] usb 7-1: SerialNumber: ÿÿÿÿÿÿÿÿÿÿÿÿÿÿÿÿÿÿÿ
Nov 24 18:18:36 shrinivaasanka-Inspiron-1545 kernel: [27971.781274] usb-storage 7-1:1.0: USB Mass Storage device detected
Nov 24 18:18:36 shrinivaasanka-Inspiron-1545 kernel: [27971.781864] option 7-1:1.0: GSM modem (1-port) converter detected
Nov 24 18:18:36 shrinivaasanka-Inspiron-1545 kernel: [27971.782055] usb 7-1: GSM modem (1-port) converter now attached to ttyUSB0
Nov 24 18:18:36 shrinivaasanka-Inspiron-1545 kernel: [27971.784351] usb-storage 7-1:1.1: USB Mass Storage device detected
Nov 24 18:18:36 shrinivaasanka-Inspiron-1545 kernel: [27971.784799] option 7-1:1.1: GSM modem (1-port) converter detected
Nov 24 18:18:36 shrinivaasanka-Inspiron-1545 kernel: [27971.785003] usb 7-1: GSM modem (1-port) converter now attached to ttyUSB1
Nov 24 18:18:36 shrinivaasanka-Inspiron-1545 kernel: [27971.787286] usb-storage 7-1:1.2: USB Mass Storage device detected
Nov 24 18:18:36 shrinivaasanka-Inspiron-1545 kernel: [27971.787564] option 7-1:1.2: GSM modem (1-port) converter detected
Nov 24 18:18:36 shrinivaasanka-Inspiron-1545 kernel: [27971.787805] usb 7-1: GSM modem (1-port) converter now attached to ttyUSB2
Nov 24 18:18:36 shrinivaasanka-Inspiron-1545 kernel: [27971.787988] usb-storage 7-1:1.3: USB Mass Storage device detected
Nov 24 18:18:36 shrinivaasanka-Inspiron-1545 kernel: [27971.789270] scsi41 : usb-storage 7-1:1.3
Nov 24 18:18:37 shrinivaasanka-Inspiron-1545 kernel: [27972.792218] scsi 41:0:0:0: CD-ROM            HUAWEI   Mass Storage     2.31 PQ: 0 ANSI: 0
Nov 24 18:18:37 shrinivaasanka-Inspiron-1545 kernel: [27972.795226] scsi 41:0:0:1: Direct-Access     HUAWEI   SD Storage       2.31 PQ: 0 ANSI: 2
Nov 24 18:18:37 shrinivaasanka-Inspiron-1545 kernel: [27972.818194] sr1: scsi-1 drive
Nov 24 18:18:37 shrinivaasanka-Inspiron-1545 kernel: [27972.819739] sr 41:0:0:0: Attached scsi CD-ROM sr1
Nov 24 18:18:37 shrinivaasanka-Inspiron-1545 kernel: [27972.820701] sr 41:0:0:0: Attached scsi generic sg3 type 5
Nov 24 18:18:37 shrinivaasanka-Inspiron-1545 kernel: [27972.822217] sd 41:0:0:1: Attached scsi generic sg4 type 0
Nov 24 18:18:37 shrinivaasanka-Inspiron-1545 kernel: [27972.837205] sd 41:0:0:1: [sdc] Attached SCSI removable disk
Nov 24 18:18:38 shrinivaasanka-Inspiron-1545 kernel: [27974.299182] option1 ttyUSB0: option_instat_callback: error -2
Nov 24 19:04:24 shrinivaasanka-Inspiron-1545 kernel: [    0.000000] Initializing cgroup subsys cpuset
Nov 24 19:04:24 shrinivaasanka-Inspiron-1545 kernel: [    0.000000] Initializing cgroup subsys cpu
Nov 24 19:04:24 shrinivaasanka-Inspiron-1545 kernel: [    0.000000] Initializing cgroup subsys cpuacct
Nov 24 19:04:24 shrinivaasanka-Inspiron-1545 kernel: [    0.000000] Linux version 3.15.5 (root@shrinivaasanka-Inspiron-1545) (gcc version 4.8.2 (Ubuntu 4.8.2-19ubuntu1) ) #1 SMP Sun Aug 24 10:23:57 IST 2014
Nov 24 19:04:24 shrinivaasanka-Inspiron-1545 kernel: [    0.000000] KERNEL supported cpus:
Nov 24 19:04:24 shrinivaasanka-Inspiron-1545 kernel: [    0.000000]   Intel GenuineIntel
Nov 24 19:04:24 shrinivaasanka-Inspiron-1545 kernel: [    0.000000]   AMD AuthenticAMD
Nov 24 19:04:24 shrinivaasanka-Inspiron-1545 kernel: [    0.000000]   NSC Geode by NSC
Nov 24 19:04:24 shrinivaasanka-Inspiron-1545 kernel: [    0.000000]   Cyrix CyrixInstead
Nov 24 19:04:24 shrinivaasanka-Inspiron-1545 kernel: [    0.000000]   Centaur CentaurHauls
Nov 24 19:04:24 shrinivaasanka-Inspiron-1545 kernel: [    0.000000]   Transmeta GenuineTMx86
Nov 24 19:04:24 shrinivaasanka-Inspiron-1545 kernel: [    0.000000]   Transmeta TransmetaCPU
Nov 24 19:04:24 shrinivaasanka-Inspiron-1545 kernel: [    0.000000]   UMC UMC UMC UMC
Nov 24 19:04:24 shrinivaasanka-Inspiron-1545 kernel: [    0.000000] e820: BIOS-provided physical RAM map:
Nov 24 19:04:24 shrinivaasanka-Inspiron-1545 kernel: [    0.000000] BIOS-e820: [mem 0x0000000000000000-0x000000000009efff] usable
Nov 24 19:04:24 shrinivaasanka-Inspiron-1545 kernel: [    0.000000] BIOS-e820: [mem 0x000000000009f000-0x000000000009ffff] reserved
Nov 24 19:04:24 shrinivaasanka-Inspiron-1545 kernel: [    0.000000] BIOS-e820: [mem 0x0000000000100000-0x00000000bd8bf3ff] usable
Nov 24 19:04:24 shrinivaasanka-Inspiron-1545 kernel: [    0.000000] BIOS-e820: [mem 0x00000000bd8bf400-0x00000000bdac13ff] ACPI NVS
Nov 24 19:04:24 shrinivaasanka-Inspiron-1545 kernel: [    0.000000] BIOS-e820: [mem 0x00000000bdac1400-0x00000000bfffffff] reserved
Nov 24 19:04:24 shrinivaasanka-Inspiron-1545 kernel: [    0.000000] BIOS-e820: [mem 0x00000000f8000000-0x00000000fbffffff] reserved
Nov 24 19:04:24 shrinivaasanka-Inspiron-1545 kernel: [    0.000000] BIOS-e820: [mem 0x00000000fec00000-0x00000000fec0ffff] reserved
Nov 24 19:04:24 shrinivaasanka-Inspiron-1545 kernel: [    0.000000] BIOS-e820: [mem 0x00000000fed18000-0x00000000fed1bfff] reserved
Nov 24 19:04:24 shrinivaasanka-Inspiron-1545 kernel: [    0.000000] BIOS-e820: [mem 0x00000000fed20000-0x00000000fed8ffff] reserved
Nov 24 19:04:24 shrinivaasanka-Inspiron-1545 kernel: [    0.000000] BIOS-e820: [mem 0x00000000feda0000-0x00000000feda5fff] reserved
Nov 24 19:04:24 shrinivaasanka-Inspiron-1545 kernel: [    0.000000] BIOS-e820: [mem 0x00000000fee00000-0x00000000fee0ffff] reserved
Nov 24 19:04:24 shrinivaasanka-Inspiron-1545 kernel: [    0.000000] BIOS-e820: [mem 0x00000000ffe00000-0x00000000ffffffff] reserved
Nov 24 19:04:24 shrinivaasanka-Inspiron-1545 kernel: [    0.000000] NX (Execute Disable) protection: active
Nov 24 19:04:24 shrinivaasanka-Inspiron-1545 kernel: [    0.000000] SMBIOS 2.4 present.
Nov 24 19:04:24 shrinivaasanka-Inspiron-1545 kernel: [    0.000000] DMI: Dell Inc. Inspiron 1545                   /0J037P, BIOS A14 12/07/2009
Nov 24 19:04:24 shrinivaasanka-Inspiron-1545 kernel: [    0.000000] e820: update [mem 0x00000000-0x00000fff] usable ==> reserved
Nov 24 19:04:24 shrinivaasanka-Inspiron-1545 kernel: [    0.000000] e820: remove [mem 0x000a0000-0x000fffff] usable
Nov 24 19:04:24 shrinivaasanka-Inspiron-1545 kernel: [    0.000000] e820: last_pfn = 0xbd8bf max_arch_pfn = 0x1000000
Nov 24 19:04:24 shrinivaasanka-Inspiron-1545 kernel: [    0.000000] MTRR default type: uncachable
Nov 24 19:04:24 shrinivaasanka-Inspiron-1545 kernel: [    0.000000] MTRR fixed ranges enabled:
Nov 24 19:04:24 shrinivaasanka-Inspiron-1545 kernel: [    0.000000]   00000-9FFFF write-back
Nov 24 19:04:24 shrinivaasanka-Inspiron-1545 kernel: [    0.000000]   A0000-BFFFF uncachable
Nov 24 19:04:24 shrinivaasanka-Inspiron-1545 kernel: [    0.000000]   C0000-CFFFF write-protect
Nov 24 19:04:24 shrinivaasanka-Inspiron-1545 kernel: [    0.000000]   D0000-EFFFF uncachable
Nov 24 19:04:24 shrinivaasanka-Inspiron-1545 kernel: [    0.000000]   F0000-FFFFF write-protect
Nov 24 19:04:24 shrinivaasanka-Inspiron-1545 kernel: [    0.000000] MTRR variable ranges enabled:
Nov 24 19:04:24 shrinivaasanka-Inspiron-1545 kernel: [    0.000000]   0 base 000000000 mask 800000000 write-back
Nov 24 19:04:24 shrinivaasanka-Inspiron-1545 kernel: [    0.000000]   1 base 0E0000000 mask FE0000000 uncachable
Nov 24 19:04:24 shrinivaasanka-Inspiron-1545 kernel: [    0.000000]   2 base 0BDC00000 mask FFFC00000 uncachable
Nov 24 19:04:24 shrinivaasanka-Inspiron-1545 kernel: [    0.000000]   3 base 0BE000000 mask FFE000000 uncachable
Nov 24 19:04:24 shrinivaasanka-Inspiron-1545 kernel: [    0.000000]   4 disabled
Nov 24 19:04:24 shrinivaasanka-Inspiron-1545 kernel: [    0.000000]   5 disabled
Nov 24 19:04:24 shrinivaasanka-Inspiron-1545 kernel: [    0.000000]   6 disabled
Nov 24 19:04:24 shrinivaasanka-Inspiron-1545 kernel: [    0.000000] x86 PAT enabled: cpu 0, old 0x7040600070406, new 0x7010600070106
Nov 24 19:04:24 shrinivaasanka-Inspiron-1545 kernel: [    0.000000] original variable MTRRs
Nov 24 19:04:24 shrinivaasanka-Inspiron-1545 kernel: [    0.000000] reg 0, base: 0GB, range: 32GB, type WB
Nov 24 19:04:24 shrinivaasanka-Inspiron-1545 kernel: [    0.000000] reg 1, base: 3584MB, range: 512MB, type UC
Nov 24 19:04:24 shrinivaasanka-Inspiron-1545 kernel: [    0.000000] reg 2, base: 3036MB, range: 4MB, type UC
Nov 24 19:04:24 shrinivaasanka-Inspiron-1545 kernel: [    0.000000] reg 3, base: 3040MB, range: 32MB, type UC
Nov 24 19:04:24 shrinivaasanka-Inspiron-1545 kernel: [    0.000000] total RAM covered: 32220M
Nov 24 19:04:24 shrinivaasanka-Inspiron-1545 kernel: [    0.000000]  gran_size: 64K 	chunk_size: 64K 	num_reg: 7  	lose cover RAM: 29188M
Nov 24 19:04:24 shrinivaasanka-Inspiron-1545 kernel: [    0.000000]  gran_size: 64K 	chunk_size: 128K 	num_reg: 7  	lose cover RAM: 29188M
Nov 24 19:04:24 shrinivaasanka-Inspiron-1545 kernel: [    0.000000]  gran_size: 64K 	chunk_size: 256K 	num_reg: 7  	lose cover RAM: 29188M
Nov 24 19:04:24 shrinivaasanka-Inspiron-1545 kernel: [    0.000000]  gran_size: 64K 	chunk_size: 512K 	num_reg: 7  	lose cover RAM: 29188M
Nov 24 19:04:24 shrinivaasanka-Inspiron-1545 kernel: [    0.000000]  gran_size: 64K 	chunk_size: 1M 	num_reg: 7  	lose cover RAM: 29188M
Nov 24 19:04:24 shrinivaasanka-Inspiron-1545 kernel: [    0.000000]  gran_size: 64K 	chunk_size: 2M 	num_reg: 7  	lose cover RAM: 29188M
Nov 24 19:04:24 shrinivaasanka-Inspiron-1545 kernel: [    0.000000]  gran_size: 64K 	chunk_size: 4M 	num_reg: 7  	lose cover RAM: 29188M
Nov 24 19:04:24 shrinivaasanka-Inspiron-1545 kernel: [    0.000000]  gran_size: 64K 	chunk_size: 8M 	num_reg: 7  	lose cover RAM: 29184M
Nov 24 19:04:24 shrinivaasanka-Inspiron-1545 kernel: [    0.000000]  gran_size: 64K 	chunk_size: 16M 	num_reg: 7  	lose cover RAM: 29184M
Nov 24 19:04:24 shrinivaasanka-Inspiron-1545 kernel: [    0.000000]  gran_size: 64K 	chunk_size: 32M 	num_reg: 7  	lose cover RAM: 29184M
Nov 24 19:04:24 shrinivaasanka-Inspiron-1545 kernel: [    0.000000]  gran_size: 64K 	chunk_size: 64M 	num_reg: 7  	lose cover RAM: 16G
Nov 24 19:04:24 shrinivaasanka-Inspiron-1545 kernel: [    0.000000]  gran_size: 64K 	chunk_size: 128M 	num_reg: 7  	lose cover RAM: 16G
Nov 24 19:04:24 shrinivaasanka-Inspiron-1545 kernel: [    0.000000]  gran_size: 64K 	chunk_size: 256M 	num_reg: 7  	lose cover RAM: 16G
Nov 24 19:04:24 shrinivaasanka-Inspiron-1545 kernel: [    0.000000]  gran_size: 64K 	chunk_size: 512M 	num_reg: 7  	lose cover RAM: 16G
Nov 24 19:04:24 shrinivaasanka-Inspiron-1545 kernel: [    0.000000]  gran_size: 64K 	chunk_size: 1G 	num_reg: 7  	lose cover RAM: 16G
Nov 24 19:04:24 shrinivaasanka-Inspiron-1545 kernel: [    0.000000]  gran_size: 64K 	chunk_size: 2G 	num_reg: 7  	lose cover RAM: 29188M
Nov 24 19:04:24 shrinivaasanka-Inspiron-1545 kernel: [    0.000000]  gran_size: 128K 	chunk_size: 128K 	num_reg: 7  	lose cover RAM: 29188M
Nov 24 19:04:24 shrinivaasanka-Inspiron-1545 kernel: [    0.000000]  gran_size: 128K 	chunk_size: 256K 	num_reg: 7  	lose cover RAM: 29188M
Nov 24 19:04:24 shrinivaasanka-Inspiron-1545 kernel: [    0.000000]  gran_size: 128K 	chunk_size: 512K 	num_reg: 7  	lose cover RAM: 29188M
Nov 24 19:04:24 shrinivaasanka-Inspiron-1545 kernel: [    0.000000]  gran_size: 128K 	chunk_size: 1M 	num_reg: 7  	lose cover RAM: 29188M
Nov 24 19:04:24 shrinivaasanka-Inspiron-1545 kernel: [    0.000000]  gran_size: 128K 	chunk_size: 2M 	num_reg: 7  	lose cover RAM: 29188M
Nov 24 19:04:24 shrinivaasanka-Inspiron-1545 kernel: [    0.000000]  gran_size: 128K 	chunk_size: 4M 	num_reg: 7  	lose cover RAM: 29188M
Nov 24 19:04:24 shrinivaasanka-Inspiron-1545 kernel: [    0.000000]  gran_size: 128K 	chunk_size: 8M 	num_reg: 7  	lose cover RAM: 29184M
Nov 24 19:04:24 shrinivaasanka-Inspiron-1545 kernel: [    0.000000]  gran_size: 128K 	chunk_size: 16M 	num_reg: 7  	lose cover RAM: 29184M
Nov 24 19:04:24 shrinivaasanka-Inspiron-1545 kernel: [    0.000000]  gran_size: 128K 	chunk_size: 32M 	num_reg: 7  	lose cover RAM: 29184M
Nov 24 19:04:24 shrinivaasanka-Inspiron-1545 kernel: [    0.000000]  gran_size: 128K 	chunk_size: 64M 	num_reg: 7  	lose cover RAM: 16G
Nov 24 19:04:24 shrinivaasanka-Inspiron-1545 kernel: [    0.000000]  gran_size: 128K 	chunk_size: 128M 	num_reg: 7  	lose cover RAM: 16G
Nov 24 19:04:24 shrinivaasanka-Inspiron-1545 kernel: [    0.000000]  gran_size: 128K 	chunk_size: 256M 	num_reg: 7  	lose cover RAM: 16G
Nov 24 19:04:24 shrinivaasanka-Inspiron-1545 kernel: [    0.000000]  gran_size: 128K 	chunk_size: 512M 	num_reg: 7  	lose cover RAM: 16G
Nov 24 19:04:24 shrinivaasanka-Inspiron-1545 kernel: [    0.000000]  gran_size: 128K 	chunk_size: 1G 	num_reg: 7  	lose cover RAM: 16G
Nov 24 19:04:24 shrinivaasanka-Inspiron-1545 kernel: [    0.000000]  gran_size: 128K 	chunk_size: 2G 	num_reg: 7  	lose cover RAM: 29188M
Nov 24 19:04:24 shrinivaasanka-Inspiron-1545 kernel: [    0.000000]  gran_size: 256K 	chunk_size: 256K 	num_reg: 7  	lose cover RAM: 29188M
Nov 24 19:04:24 shrinivaasanka-Inspiron-1545 kernel: [    0.000000]  gran_size: 256K 	chunk_size: 512K 	num_reg: 7  	lose cover RAM: 29188M
Nov 24 19:04:24 shrinivaasanka-Inspiron-1545 kernel: [    0.000000]  gran_size: 256K 	chunk_size: 1M 	num_reg: 7  	lose cover RAM: 29188M
Nov 24 19:04:24 shrinivaasanka-Inspiron-1545 kernel: [    0.000000]  gran_size: 256K 	chunk_size: 2M 	num_reg: 7  	lose cover RAM: 29188M
Nov 24 19:04:24 shrinivaasanka-Inspiron-1545 kernel: [    0.000000]  gran_size: 256K 	chunk_size: 4M 	num_reg: 7  	lose cover RAM: 29188M
Nov 24 19:04:24 shrinivaasanka-Inspiron-1545 kernel: [    0.000000]  gran_size: 256K 	chunk_size: 8M 	num_reg: 7  	lose cover RAM: 29184M
Nov 24 19:04:24 shrinivaasanka-Inspiron-1545 kernel: [    0.000000]  gran_size: 256K 	chunk_size: 16M 	num_reg: 7  	lose cover RAM: 29184M
Nov 24 19:04:24 shrinivaasanka-Inspiron-1545 kernel: [    0.000000]  gran_size: 256K 	chunk_size: 32M 	num_reg: 7  	lose cover RAM: 29184M
Nov 24 19:04:24 shrinivaasanka-Inspiron-1545 kernel: [    0.000000]  gran_size: 256K 	chunk_size: 64M 	num_reg: 7  	lose cover RAM: 16G
Nov 24 19:04:24 shrinivaasanka-Inspiron-1545 kernel: [    0.000000]  gran_size: 256K 	chunk_size: 128M 	num_reg: 7  	lose cover RAM: 16G
Nov 24 19:04:24 shrinivaasanka-Inspiron-1545 kernel: [    0.000000]  gran_size: 256K 	chunk_size: 256M 	num_reg: 7  	lose cover RAM: 16G
Nov 24 19:04:24 shrinivaasanka-Inspiron-1545 kernel: [    0.000000]  gran_size: 256K 	chunk_size: 512M 	num_reg: 7  	lose cover RAM: 16G
Nov 24 19:04:24 shrinivaasanka-Inspiron-1545 kernel: [    0.000000]  gran_size: 256K 	chunk_size: 1G 	num_reg: 7  	lose cover RAM: 16G
Nov 24 19:04:24 shrinivaasanka-Inspiron-1545 kernel: [    0.000000]  gran_size: 256K 	chunk_size: 2G 	num_reg: 7  	lose cover RAM: 29188M
Nov 24 19:04:24 shrinivaasanka-Inspiron-1545 kernel: [    0.000000]  gran_size: 512K 	chunk_size: 512K 	num_reg: 7  	lose cover RAM: 29188M
Nov 24 19:04:24 shrinivaasanka-Inspiron-1545 kernel: [    0.000000]  gran_size: 512K 	chunk_size: 1M 	num_reg: 7  	lose cover RAM: 29188M
Nov 24 19:04:24 shrinivaasanka-Inspiron-1545 kernel: [    0.000000]  gran_size: 512K 	chunk_size: 2M 	num_reg: 7  	lose cover RAM: 29188M
Nov 24 19:04:24 shrinivaasanka-Inspiron-1545 kernel: [    0.000000]  gran_size: 512K 	chunk_size: 4M 	num_reg: 7  	lose cover RAM: 29188M
Nov 24 19:04:24 shrinivaasanka-Inspiron-1545 kernel: [    0.000000]  gran_size: 512K 	chunk_size: 8M 	num_reg: 7  	lose cover RAM: 29184M
Nov 24 19:04:24 shrinivaasanka-Inspiron-1545 kernel: [    0.000000]  gran_size: 512K 	chunk_size: 16M 	num_reg: 7  	lose cover RAM: 29184M
Nov 24 19:04:24 shrinivaasanka-Inspiron-1545 kernel: [    0.000000]  gran_size: 512K 	chunk_size: 32M 	num_reg: 7  	lose cover RAM: 29184M
Nov 24 19:04:24 shrinivaasanka-Inspiron-1545 kernel: [    0.000000]  gran_size: 512K 	chunk_size: 64M 	num_reg: 7  	lose cover RAM: 16G
Nov 24 19:04:24 shrinivaasanka-Inspiron-1545 kernel: [    0.000000]  gran_size: 512K 	chunk_size: 128M 	num_reg: 7  	lose cover RAM: 16G
Nov 24 19:04:24 shrinivaasanka-Inspiron-1545 kernel: [    0.000000]  gran_size: 512K 	chunk_size: 256M 	num_reg: 7  	lose cover RAM: 16G
Nov 24 19:04:24 shrinivaasanka-Inspiron-1545 kernel: [    0.000000]  gran_size: 512K 	chunk_size: 512M 	num_reg: 7  	lose cover RAM: 16G
Nov 24 19:04:24 shrinivaasanka-Inspiron-1545 kernel: [    0.000000]  gran_size: 512K 	chunk_size: 1G 	num_reg: 7  	lose cover RAM: 16G
Nov 24 19:04:24 shrinivaasanka-Inspiron-1545 kernel: [    0.000000]  gran_size: 512K 	chunk_size: 2G 	num_reg: 7  	lose cover RAM: 29188M
Nov 24 19:04:24 shrinivaasanka-Inspiron-1545 kernel: [    0.000000]  gran_size: 1M 	chunk_size: 1M 	num_reg: 7  	lose cover RAM: 29188M
Nov 24 19:04:24 shrinivaasanka-Inspiron-1545 kernel: [    0.000000]  gran_size: 1M 	chunk_size: 2M 	num_reg: 7  	lose cover RAM: 29188M
Nov 24 19:04:24 shrinivaasanka-Inspiron-1545 kernel: [    0.000000]  gran_size: 1M 	chunk_size: 4M 	num_reg: 7  	lose cover RAM: 29188M
Nov 24 19:04:24 shrinivaasanka-Inspiron-1545 kernel: [    0.000000]  gran_size: 1M 	chunk_size: 8M 	num_reg: 7  	lose cover RAM: 29184M
Nov 24 19:04:24 shrinivaasanka-Inspiron-1545 kernel: [    0.000000]  gran_size: 1M 	chunk_size: 16M 	num_reg: 7  	lose cover RAM: 29184M
Nov 24 19:04:24 shrinivaasanka-Inspiron-1545 kernel: [    0.000000]  gran_size: 1M 	chunk_size: 32M 	num_reg: 7  	lose cover RAM: 29184M
Nov 24 19:04:24 shrinivaasanka-Inspiron-1545 kernel: [    0.000000]  gran_size: 1M 	chunk_size: 64M 	num_reg: 7  	lose cover RAM: 16G
Nov 24 19:04:24 shrinivaasanka-Inspiron-1545 kernel: [    0.000000]  gran_size: 1M 	chunk_size: 128M 	num_reg: 7  	lose cover RAM: 16G
Nov 24 19:04:24 shrinivaasanka-Inspiron-1545 kernel: [    0.000000]  gran_size: 1M 	chunk_size: 256M 	num_reg: 7  	lose cover RAM: 16G
Nov 24 19:04:24 shrinivaasanka-Inspiron-1545 kernel: [    0.000000]  gran_size: 1M 	chunk_size: 512M 	num_reg: 7  	lose cover RAM: 16G
Nov 24 19:04:24 shrinivaasanka-Inspiron-1545 kernel: [    0.000000]  gran_size: 1M 	chunk_size: 1G 	num_reg: 7  	lose cover RAM: 16G
Nov 24 19:04:24 shrinivaasanka-Inspiron-1545 kernel: [    0.000000]  gran_size: 1M 	chunk_size: 2G 	num_reg: 7  	lose cover RAM: 29188M
Nov 24 19:04:24 shrinivaasanka-Inspiron-1545 kernel: [    0.000000]  gran_size: 2M 	chunk_size: 2M 	num_reg: 7  	lose cover RAM: 29188M
Nov 24 19:04:24 shrinivaasanka-Inspiron-1545 kernel: [    0.000000]  gran_size: 2M 	chunk_size: 4M 	num_reg: 7  	lose cover RAM: 29188M
Nov 24 19:04:24 shrinivaasanka-Inspiron-1545 kernel: [    0.000000]  gran_size: 2M 	chunk_size: 8M 	num_reg: 7  	lose cover RAM: 29184M
Nov 24 19:04:24 shrinivaasanka-Inspiron-1545 kernel: [    0.000000]  gran_size: 2M 	chunk_size: 16M 	num_reg: 7  	lose cover RAM: 29184M
Nov 24 19:04:24 shrinivaasanka-Inspiron-1545 kernel: [    0.000000]  gran_size: 2M 	chunk_size: 32M 	num_reg: 7  	lose cover RAM: 29184M
Nov 24 19:04:24 shrinivaasanka-Inspiron-1545 kernel: [    0.000000]  gran_size: 2M 	chunk_size: 64M 	num_reg: 7  	lose cover RAM: 16G
Nov 24 19:04:24 shrinivaasanka-Inspiron-1545 kernel: [    0.000000]  gran_size: 2M 	chunk_size: 128M 	num_reg: 7  	lose cover RAM: 16G
Nov 24 19:04:24 shrinivaasanka-Inspiron-1545 kernel: [    0.000000]  gran_size: 2M 	chunk_size: 256M 	num_reg: 7  	lose cover RAM: 16G
Nov 24 19:04:24 shrinivaasanka-Inspiron-1545 kernel: [    0.000000]  gran_size: 2M 	chunk_size: 512M 	num_reg: 7  	lose cover RAM: 16G
Nov 24 19:04:24 shrinivaasanka-Inspiron-1545 kernel: [    0.000000]  gran_size: 2M 	chunk_size: 1G 	num_reg: 7  	lose cover RAM: 16G
Nov 24 19:04:24 shrinivaasanka-Inspiron-1545 kernel: [    0.000000]  gran_size: 2M 	chunk_size: 2G 	num_reg: 7  	lose cover RAM: 29188M
Nov 24 19:04:24 shrinivaasanka-Inspiron-1545 kernel: [    0.000000]  gran_size: 4M 	chunk_size: 4M 	num_reg: 7  	lose cover RAM: 29188M
Nov 24 19:04:24 shrinivaasanka-Inspiron-1545 kernel: [    0.000000]  gran_size: 4M 	chunk_size: 8M 	num_reg: 7  	lose cover RAM: 29184M
Nov 24 19:04:24 shrinivaasanka-Inspiron-1545 kernel: [    0.000000]  gran_size: 4M 	chunk_size: 16M 	num_reg: 7  	lose cover RAM: 29184M
Nov 24 19:04:24 shrinivaasanka-Inspiron-1545 kernel: [    0.000000]  gran_size: 4M 	chunk_size: 32M 	num_reg: 7  	lose cover RAM: 29184M
Nov 24 19:04:24 shrinivaasanka-Inspiron-1545 kernel: [    0.000000]  gran_size: 4M 	chunk_size: 64M 	num_reg: 7  	lose cover RAM: 16G
Nov 24 19:04:24 shrinivaasanka-Inspiron-1545 kernel: [    0.000000]  gran_size: 4M 	chunk_size: 128M 	num_reg: 7  	lose cover RAM: 16G
Nov 24 19:04:24 shrinivaasanka-Inspiron-1545 kernel: [    0.000000]  gran_size: 4M 	chunk_size: 256M 	num_reg: 7  	lose cover RAM: 16G
Nov 24 19:04:24 shrinivaasanka-Inspiron-1545 kernel: [    0.000000]  gran_size: 4M 	chunk_size: 512M 	num_reg: 7  	lose cover RAM: 16G
Nov 24 19:04:24 shrinivaasanka-Inspiron-1545 kernel: [    0.000000]  gran_size: 4M 	chunk_size: 1G 	num_reg: 7  	lose cover RAM: 16G
Nov 24 19:04:24 shrinivaasanka-Inspiron-1545 kernel: [    0.000000]  gran_size: 4M 	chunk_size: 2G 	num_reg: 7  	lose cover RAM: 29188M
Nov 24 19:04:24 shrinivaasanka-Inspiron-1545 kernel: [    0.000000]  gran_size: 8M 	chunk_size: 8M 	num_reg: 7  	lose cover RAM: 29188M
Nov 24 19:04:24 shrinivaasanka-Inspiron-1545 kernel: [    0.000000]  gran_size: 8M 	chunk_size: 16M 	num_reg: 7  	lose cover RAM: 29188M
Nov 24 19:04:24 shrinivaasanka-Inspiron-1545 kernel: [    0.000000]  gran_size: 8M 	chunk_size: 32M 	num_reg: 7  	lose cover RAM: 29188M
Nov 24 19:04:24 shrinivaasanka-Inspiron-1545 kernel: [    0.000000]  gran_size: 8M 	chunk_size: 64M 	num_reg: 7  	lose cover RAM: 16388M
Nov 24 19:04:24 shrinivaasanka-Inspiron-1545 kernel: [    0.000000]  gran_size: 8M 	chunk_size: 128M 	num_reg: 7  	lose cover RAM: 16388M
Nov 24 19:04:24 shrinivaasanka-Inspiron-1545 kernel: [    0.000000]  gran_size: 8M 	chunk_size: 256M 	num_reg: 7  	lose cover RAM: 16388M
Nov 24 19:04:24 shrinivaasanka-Inspiron-1545 kernel: [    0.000000]  gran_size: 8M 	chunk_size: 512M 	num_reg: 7  	lose cover RAM: 16388M
Nov 24 19:04:24 shrinivaasanka-Inspiron-1545 kernel: [    0.000000]  gran_size: 8M 	chunk_size: 1G 	num_reg: 7  	lose cover RAM: 16388M
Nov 24 19:04:24 shrinivaasanka-Inspiron-1545 kernel: [    0.000000]  gran_size: 8M 	chunk_size: 2G 	num_reg: 7  	lose cover RAM: 29188M
Nov 24 19:04:24 shrinivaasanka-Inspiron-1545 kernel: [    0.000000]  gran_size: 16M 	chunk_size: 16M 	num_reg: 7  	lose cover RAM: 28684M
Nov 24 19:04:24 shrinivaasanka-Inspiron-1545 kernel: [    0.000000]  gran_size: 16M 	chunk_size: 32M 	num_reg: 7  	lose cover RAM: 29196M
Nov 24 19:04:24 shrinivaasanka-Inspiron-1545 kernel: [    0.000000]  gran_size: 16M 	chunk_size: 64M 	num_reg: 7  	lose cover RAM: 16396M
Nov 24 19:04:24 shrinivaasanka-Inspiron-1545 kernel: [    0.000000]  gran_size: 16M 	chunk_size: 128M 	num_reg: 7  	lose cover RAM: 16396M
Nov 24 19:04:24 shrinivaasanka-Inspiron-1545 kernel: [    0.000000]  gran_size: 16M 	chunk_size: 256M 	num_reg: 7  	lose cover RAM: 16396M
Nov 24 19:04:24 shrinivaasanka-Inspiron-1545 kernel: [    0.000000]  gran_size: 16M 	chunk_size: 512M 	num_reg: 7  	lose cover RAM: 16396M
Nov 24 19:04:24 shrinivaasanka-Inspiron-1545 kernel: [    0.000000]  gran_size: 16M 	chunk_size: 1G 	num_reg: 7  	lose cover RAM: 16396M
Nov 24 19:04:24 shrinivaasanka-Inspiron-1545 kernel: [    0.000000]  gran_size: 16M 	chunk_size: 2G 	num_reg: 7  	lose cover RAM: 28172M
Nov 24 19:04:24 shrinivaasanka-Inspiron-1545 kernel: [    0.000000]  gran_size: 32M 	chunk_size: 32M 	num_reg: 7  	lose cover RAM: 24604M
Nov 24 19:04:24 shrinivaasanka-Inspiron-1545 kernel: [    0.000000]  gran_size: 32M 	chunk_size: 64M 	num_reg: 7  	lose cover RAM: 24604M
Nov 24 19:04:24 shrinivaasanka-Inspiron-1545 kernel: [    0.000000]  gran_size: 32M 	chunk_size: 128M 	num_reg: 7  	lose cover RAM: 28M
Nov 24 19:04:24 shrinivaasanka-Inspiron-1545 kernel: [    0.000000]  gran_size: 32M 	chunk_size: 256M 	num_reg: 7  	lose cover RAM: 28M
Nov 24 19:04:24 shrinivaasanka-Inspiron-1545 kernel: [    0.000000]  gran_size: 32M 	chunk_size: 512M 	num_reg: 7  	lose cover RAM: 28M
Nov 24 19:04:24 shrinivaasanka-Inspiron-1545 kernel: [    0.000000]  gran_size: 32M 	chunk_size: 1G 	num_reg: 7  	lose cover RAM: 28M
Nov 24 19:04:24 shrinivaasanka-Inspiron-1545 kernel: [    0.000000]  gran_size: 32M 	chunk_size: 2G 	num_reg: 7  	lose cover RAM: 27164M
Nov 24 19:04:24 shrinivaasanka-Inspiron-1545 kernel: [    0.000000]  gran_size: 64M 	chunk_size: 64M 	num_reg: 7  	lose cover RAM: 24604M
Nov 24 19:04:24 shrinivaasanka-Inspiron-1545 kernel: [    0.000000]  gran_size: 64M 	chunk_size: 128M 	num_reg: 7  	lose cover RAM: 28M
Nov 24 19:04:24 shrinivaasanka-Inspiron-1545 kernel: [    0.000000]  gran_size: 64M 	chunk_size: 256M 	num_reg: 7  	lose cover RAM: 28M
Nov 24 19:04:24 shrinivaasanka-Inspiron-1545 kernel: [    0.000000]  gran_size: 64M 	chunk_size: 512M 	num_reg: 7  	lose cover RAM: 28M
Nov 24 19:04:24 shrinivaasanka-Inspiron-1545 kernel: [    0.000000]  gran_size: 64M 	chunk_size: 1G 	num_reg: 7  	lose cover RAM: 28M
Nov 24 19:04:24 shrinivaasanka-Inspiron-1545 kernel: [    0.000000]  gran_size: 64M 	chunk_size: 2G 	num_reg: 7  	lose cover RAM: 27164M
Nov 24 19:04:24 shrinivaasanka-Inspiron-1545 kernel: [    0.000000]  gran_size: 128M 	chunk_size: 128M 	num_reg: 7  	lose cover RAM: 16476M
Nov 24 19:04:24 shrinivaasanka-Inspiron-1545 kernel: [    0.000000]  gran_size: 128M 	chunk_size: 256M 	num_reg: 7  	lose cover RAM: 92M
Nov 24 19:04:24 shrinivaasanka-Inspiron-1545 kernel: [    0.000000]  gran_size: 128M 	chunk_size: 512M 	num_reg: 7  	lose cover RAM: 92M
Nov 24 19:04:24 shrinivaasanka-Inspiron-1545 kernel: [    0.000000]  gran_size: 128M 	chunk_size: 1G 	num_reg: 7  	lose cover RAM: 92M
Nov 24 19:04:24 shrinivaasanka-Inspiron-1545 kernel: [    0.000000]  gran_size: 128M 	chunk_size: 2G 	num_reg: 7  	lose cover RAM: 27740M
Nov 24 19:04:24 shrinivaasanka-Inspiron-1545 kernel: [    0.000000]  gran_size: 256M 	chunk_size: 256M 	num_reg: 7  	lose cover RAM: 220M
Nov 24 19:04:24 shrinivaasanka-Inspiron-1545 kernel: [    0.000000]  gran_size: 256M 	chunk_size: 512M 	num_reg: 7  	lose cover RAM: 220M
Nov 24 19:04:24 shrinivaasanka-Inspiron-1545 kernel: [    0.000000]  gran_size: 256M 	chunk_size: 1G 	num_reg: 7  	lose cover RAM: 220M
Nov 24 19:04:24 shrinivaasanka-Inspiron-1545 kernel: [    0.000000]  gran_size: 256M 	chunk_size: 2G 	num_reg: 7  	lose cover RAM: 26844M
Nov 24 19:04:24 shrinivaasanka-Inspiron-1545 kernel: [    0.000000]  gran_size: 512M 	chunk_size: 512M 	num_reg: 6  	lose cover RAM: 476M
Nov 24 19:04:24 shrinivaasanka-Inspiron-1545 kernel: [    0.000000]  gran_size: 512M 	chunk_size: 1G 	num_reg: 7  	lose cover RAM: 476M
Nov 24 19:04:24 shrinivaasanka-Inspiron-1545 kernel: [    0.000000]  gran_size: 512M 	chunk_size: 2G 	num_reg: 7  	lose cover RAM: 25052M
Nov 24 19:04:24 shrinivaasanka-Inspiron-1545 kernel: [    0.000000]  gran_size: 1G 	chunk_size: 1G 	num_reg: 4  	lose cover RAM: 1500M
Nov 24 19:04:24 shrinivaasanka-Inspiron-1545 kernel: [    0.000000]  gran_size: 1G 	chunk_size: 2G 	num_reg: 4  	lose cover RAM: 1500M
Nov 24 19:04:24 shrinivaasanka-Inspiron-1545 kernel: [    0.000000]  gran_size: 2G 	chunk_size: 2G 	num_reg: 4  	lose cover RAM: 1500M
Nov 24 19:04:24 shrinivaasanka-Inspiron-1545 kernel: [    0.000000] mtrr_cleanup: can not find optimal value
Nov 24 19:04:24 shrinivaasanka-Inspiron-1545 kernel: [    0.000000] please specify mtrr_gran_size/mtrr_chunk_size
Nov 24 19:04:24 shrinivaasanka-Inspiron-1545 kernel: [    0.000000] e820: update [mem 0xbdc00000-0xbfffffff] usable ==> reserved
Nov 24 19:04:24 shrinivaasanka-Inspiron-1545 kernel: [    0.000000] e820: update [mem 0xe0000000-0xffffffff] usable ==> reserved
Nov 24 19:04:24 shrinivaasanka-Inspiron-1545 kernel: [    0.000000] Scanning 1 areas for low memory corruption
Nov 24 19:04:24 shrinivaasanka-Inspiron-1545 kernel: [    0.000000] initial memory mapped: [mem 0x00000000-0x021fffff]
Nov 24 19:04:24 shrinivaasanka-Inspiron-1545 kernel: [    0.000000] Base memory trampoline at [c009b000] 9b000 size 16384
Nov 24 19:04:24 shrinivaasanka-Inspiron-1545 kernel: [    0.000000] init_memory_mapping: [mem 0x00000000-0x000fffff]
Nov 24 19:04:24 shrinivaasanka-Inspiron-1545 kernel: [    0.000000]  [mem 0x00000000-0x000fffff] page 4k
Nov 24 19:04:24 shrinivaasanka-Inspiron-1545 kernel: [    0.000000] init_memory_mapping: [mem 0x37800000-0x379fffff]
Nov 24 19:04:24 shrinivaasanka-Inspiron-1545 kernel: [    0.000000]  [mem 0x37800000-0x379fffff] page 2M
Nov 24 19:04:24 shrinivaasanka-Inspiron-1545 kernel: [    0.000000] init_memory_mapping: [mem 0x34000000-0x377fffff]
Nov 24 19:04:24 shrinivaasanka-Inspiron-1545 kernel: [    0.000000]  [mem 0x34000000-0x377fffff] page 2M
Nov 24 19:04:24 shrinivaasanka-Inspiron-1545 kernel: [    0.000000] init_memory_mapping: [mem 0x00100000-0x33ffffff]
Nov 24 19:04:24 shrinivaasanka-Inspiron-1545 kernel: [    0.000000]  [mem 0x00100000-0x001fffff] page 4k
Nov 24 19:04:24 shrinivaasanka-Inspiron-1545 kernel: [    0.000000]  [mem 0x00200000-0x33ffffff] page 2M
Nov 24 19:04:24 shrinivaasanka-Inspiron-1545 kernel: [    0.000000] init_memory_mapping: [mem 0x37a00000-0x37bfdfff]
Nov 24 19:04:24 shrinivaasanka-Inspiron-1545 kernel: [    0.000000]  [mem 0x37a00000-0x37bfdfff] page 4k
Nov 24 19:04:24 shrinivaasanka-Inspiron-1545 kernel: [    0.000000] BRK [0x01c0a000, 0x01c0afff] PGTABLE
Nov 24 19:04:24 shrinivaasanka-Inspiron-1545 kernel: [    0.000000] RAMDISK: [mem 0x1dcfc000-0x2ae75fff]
Nov 24 19:04:24 shrinivaasanka-Inspiron-1545 kernel: [    0.000000] ACPI: RSDP 0x000FBDD0 000024 (v02 DELL  )
Nov 24 19:04:24 shrinivaasanka-Inspiron-1545 kernel: [    0.000000] ACPI: XSDT 0xBDAC3E00 000054 (v01 DELL   WN09     27D90C07 ASL  00000061)
Nov 24 19:04:24 shrinivaasanka-Inspiron-1545 kernel: [    0.000000] ACPI: FACP 0xBDAC3C9C 0000F4 (v04 DELL   WN09     27D90C07 ASL  00000061)
Nov 24 19:04:24 shrinivaasanka-Inspiron-1545 kernel: [    0.000000] ACPI BIOS Warning (bug): 32/64X length mismatch in FADT/Gpe0Block: 128/64 (20140214/tbfadt-603)
Nov 24 19:04:24 shrinivaasanka-Inspiron-1545 kernel: [    0.000000] ACPI: DSDT 0xBDAC4400 005451 (v02 INT430 SYSFexxx 00001001 INTL 20050624)
Nov 24 19:04:24 shrinivaasanka-Inspiron-1545 kernel: [    0.000000] ACPI: FACS 0xBDAD2C00 000040
Nov 24 19:04:24 shrinivaasanka-Inspiron-1545 kernel: [    0.000000] ACPI: HPET 0xBDAC3F00 000038 (v01 DELL   WN09     00000001 ASL  00000061)
Nov 24 19:04:24 shrinivaasanka-Inspiron-1545 kernel: [    0.000000] ACPI: APIC 0xBDAC4000 000068 (v01 DELL   WN09     27D90C07 ASL  00000047)
Nov 24 19:04:24 shrinivaasanka-Inspiron-1545 kernel: [    0.000000] ACPI: MCFG 0xBDAC3FC0 00003E (v16 DELL   WN09     27D90C07 ASL  00000061)
Nov 24 19:04:24 shrinivaasanka-Inspiron-1545 kernel: [    0.000000] ACPI: SLIC 0xBDAC409C 000176 (v01 DELL   WN09     27D90C07 ASL  00000061)
Nov 24 19:04:24 shrinivaasanka-Inspiron-1545 kernel: [    0.000000] ACPI: SSDT 0xBDAC2363 00066C (v01 PmRef  CpuPm    00003000 INTL 20050624)
Nov 24 19:04:24 shrinivaasanka-Inspiron-1545 kernel: [    0.000000] ACPI: Local APIC address 0xfee00000
Nov 24 19:04:24 shrinivaasanka-Inspiron-1545 kernel: [    0.000000] 2140MB HIGHMEM available.
Nov 24 19:04:24 shrinivaasanka-Inspiron-1545 kernel: [    0.000000] 891MB LOWMEM available.
Nov 24 19:04:24 shrinivaasanka-Inspiron-1545 kernel: [    0.000000]   mapped low ram: 0 - 37bfe000
Nov 24 19:04:24 shrinivaasanka-Inspiron-1545 kernel: [    0.000000]   low ram: 0 - 37bfe000
Nov 24 19:04:24 shrinivaasanka-Inspiron-1545 kernel: [    0.000000] BRK [0x01c0b000, 0x01c0bfff] PGTABLE
Nov 24 19:04:24 shrinivaasanka-Inspiron-1545 kernel: [    0.000000] Zone ranges:
Nov 24 19:04:24 shrinivaasanka-Inspiron-1545 kernel: [    0.000000]   DMA      [mem 0x00001000-0x00ffffff]
Nov 24 19:04:24 shrinivaasanka-Inspiron-1545 kernel: [    0.000000]   Normal   [mem 0x01000000-0x37bfdfff]
Nov 24 19:04:24 shrinivaasanka-Inspiron-1545 kernel: [    0.000000]   HighMem  [mem 0x37bfe000-0xbd8befff]
Nov 24 19:04:24 shrinivaasanka-Inspiron-1545 kernel: [    0.000000] Movable zone start for each node
Nov 24 19:04:24 shrinivaasanka-Inspiron-1545 kernel: [    0.000000] Early memory node ranges
Nov 24 19:04:24 shrinivaasanka-Inspiron-1545 kernel: [    0.000000]   node   0: [mem 0x00001000-0x0009efff]
Nov 24 19:04:24 shrinivaasanka-Inspiron-1545 kernel: [    0.000000]   node   0: [mem 0x00100000-0xbd8befff]
Nov 24 19:04:24 shrinivaasanka-Inspiron-1545 kernel: [    0.000000] On node 0 totalpages: 776285
Nov 24 19:04:24 shrinivaasanka-Inspiron-1545 kernel: [    0.000000]   DMA zone: 32 pages used for memmap
Nov 24 19:04:24 shrinivaasanka-Inspiron-1545 kernel: [    0.000000]   DMA zone: 0 pages reserved
Nov 24 19:04:24 shrinivaasanka-Inspiron-1545 kernel: [    0.000000]   DMA zone: 3998 pages, LIFO batch:0
Nov 24 19:04:24 shrinivaasanka-Inspiron-1545 kernel: [    0.000000]   Normal zone: 1752 pages used for memmap
Nov 24 19:04:24 shrinivaasanka-Inspiron-1545 kernel: [    0.000000]   Normal zone: 224254 pages, LIFO batch:31
Nov 24 19:04:24 shrinivaasanka-Inspiron-1545 kernel: [    0.000000]   HighMem zone: 4282 pages used for memmap
Nov 24 19:04:24 shrinivaasanka-Inspiron-1545 kernel: [    0.000000]   HighMem zone: 548033 pages, LIFO batch:31
Nov 24 19:04:24 shrinivaasanka-Inspiron-1545 kernel: [    0.000000] Using APIC driver default
Nov 24 19:04:24 shrinivaasanka-Inspiron-1545 kernel: [    0.000000] Reserving Intel graphics stolen memory at 0xbe000000-0xbfffffff
Nov 24 19:04:24 shrinivaasanka-Inspiron-1545 kernel: [    0.000000] ACPI: PM-Timer IO Port: 0x1008
Nov 24 19:04:24 shrinivaasanka-Inspiron-1545 kernel: [    0.000000] ACPI: Local APIC address 0xfee00000
Nov 24 19:04:24 shrinivaasanka-Inspiron-1545 kernel: [    0.000000] ACPI: LAPIC (acpi_id[0x00] lapic_id[0x00] enabled)
Nov 24 19:04:24 shrinivaasanka-Inspiron-1545 kernel: [    0.000000] ACPI: LAPIC (acpi_id[0x01] lapic_id[0x01] enabled)
Nov 24 19:04:24 shrinivaasanka-Inspiron-1545 kernel: [    0.000000] ACPI: LAPIC_NMI (acpi_id[0x00] high edge lint[0x1])
Nov 24 19:04:24 shrinivaasanka-Inspiron-1545 kernel: [    0.000000] ACPI: LAPIC_NMI (acpi_id[0x01] high edge lint[0x1])
Nov 24 19:04:24 shrinivaasanka-Inspiron-1545 kernel: [    0.000000] ACPI: IOAPIC (id[0x02] address[0xfec00000] gsi_base[0])
Nov 24 19:04:24 shrinivaasanka-Inspiron-1545 kernel: [    0.000000] IOAPIC[0]: apic_id 2, version 32, address 0xfec00000, GSI 0-23
Nov 24 19:04:24 shrinivaasanka-Inspiron-1545 kernel: [    0.000000] ACPI: INT_SRC_OVR (bus 0 bus_irq 0 global_irq 2 dfl dfl)
Nov 24 19:04:24 shrinivaasanka-Inspiron-1545 kernel: [    0.000000] ACPI: INT_SRC_OVR (bus 0 bus_irq 9 global_irq 9 high level)
Nov 24 19:04:24 shrinivaasanka-Inspiron-1545 kernel: [    0.000000] ACPI: IRQ0 used by override.
Nov 24 19:04:24 shrinivaasanka-Inspiron-1545 kernel: [    0.000000] ACPI: IRQ2 used by override.
Nov 24 19:04:24 shrinivaasanka-Inspiron-1545 kernel: [    0.000000] ACPI: IRQ9 used by override.
Nov 24 19:04:24 shrinivaasanka-Inspiron-1545 kernel: [    0.000000] Using ACPI (MADT) for SMP configuration information
Nov 24 19:04:24 shrinivaasanka-Inspiron-1545 kernel: [    0.000000] ACPI: HPET id: 0x8086a201 base: 0xfed00000
Nov 24 19:04:24 shrinivaasanka-Inspiron-1545 kernel: [    0.000000] smpboot: Allowing 2 CPUs, 0 hotplug CPUs
Nov 24 19:04:24 shrinivaasanka-Inspiron-1545 kernel: [    0.000000] nr_irqs_gsi: 40
Nov 24 19:04:24 shrinivaasanka-Inspiron-1545 kernel: [    0.000000] PM: Registered nosave memory: [mem 0x0009f000-0x0009ffff]
Nov 24 19:04:24 shrinivaasanka-Inspiron-1545 kernel: [    0.000000] PM: Registered nosave memory: [mem 0x000a0000-0x000fffff]
Nov 24 19:04:24 shrinivaasanka-Inspiron-1545 kernel: [    0.000000] e820: [mem 0xc0000000-0xf7ffffff] available for PCI devices
Nov 24 19:04:24 shrinivaasanka-Inspiron-1545 kernel: [    0.000000] Booting paravirtualized kernel on bare hardware
Nov 24 19:04:24 shrinivaasanka-Inspiron-1545 kernel: [    0.000000] setup_percpu: NR_CPUS:8 nr_cpumask_bits:8 nr_cpu_ids:2 nr_node_ids:1
Nov 24 19:04:24 shrinivaasanka-Inspiron-1545 kernel: [    0.000000] PERCPU: Embedded 14 pages/cpu @f63bb000 s36032 r0 d21312 u57344
Nov 24 19:04:24 shrinivaasanka-Inspiron-1545 kernel: [    0.000000] pcpu-alloc: s36032 r0 d21312 u57344 alloc=14*4096
Nov 24 19:04:24 shrinivaasanka-Inspiron-1545 kernel: [    0.000000] pcpu-alloc: [0] 0 [0] 1 
Nov 24 19:04:24 shrinivaasanka-Inspiron-1545 kernel: [    0.000000] Built 1 zonelists in Zone order, mobility grouping on.  Total pages: 774501
Nov 24 19:04:24 shrinivaasanka-Inspiron-1545 kernel: [    0.000000] Kernel command line: BOOT_IMAGE=/boot/vmlinuz-3.15.5 root=UUID=a17d2cbc-55c6-4d07-9ff0-e058fee06d24 ro quiet splash vt.handoff=7
Nov 24 19:04:24 shrinivaasanka-Inspiron-1545 kernel: [    0.000000] PID hash table entries: 4096 (order: 2, 16384 bytes)
Nov 24 19:04:24 shrinivaasanka-Inspiron-1545 kernel: [    0.000000] Dentry cache hash table entries: 131072 (order: 7, 524288 bytes)
Nov 24 19:04:24 shrinivaasanka-Inspiron-1545 kernel: [    0.000000] Inode-cache hash table entries: 65536 (order: 6, 262144 bytes)
Nov 24 19:04:24 shrinivaasanka-Inspiron-1545 kernel: [    0.000000] Initializing CPU#0
Nov 24 19:04:24 shrinivaasanka-Inspiron-1545 kernel: [    0.000000] xsave: enabled xstate_bv 0x3, cntxt size 0x240
Nov 24 19:04:24 shrinivaasanka-Inspiron-1545 kernel: [    0.000000] Initializing HighMem for node 0 (00037bfe:000bd8bf)
Nov 24 19:04:24 shrinivaasanka-Inspiron-1545 kernel: [    0.000000] Initializing Movable for node 0 (00000000:00000000)
Nov 24 19:04:24 shrinivaasanka-Inspiron-1545 kernel: [    0.000000] Memory: 2852584K/3105140K available (6666K kernel code, 670K rwdata, 2984K rodata, 876K init, 1016K bss, 252556K reserved, 2192132K highmem)
Nov 24 19:04:24 shrinivaasanka-Inspiron-1545 kernel: [    0.000000] virtual kernel memory layout:
Nov 24 19:04:24 shrinivaasanka-Inspiron-1545 kernel: [    0.000000]     fixmap  : 0xfff15000 - 0xfffff000   ( 936 kB)
Nov 24 19:04:24 shrinivaasanka-Inspiron-1545 kernel: [    0.000000]     pkmap   : 0xffc00000 - 0xffe00000   (2048 kB)
Nov 24 19:04:24 shrinivaasanka-Inspiron-1545 kernel: [    0.000000]     vmalloc : 0xf83fe000 - 0xffbfe000   ( 120 MB)
Nov 24 19:04:24 shrinivaasanka-Inspiron-1545 kernel: [    0.000000]     lowmem  : 0xc0000000 - 0xf7bfe000   ( 891 MB)
Nov 24 19:04:24 shrinivaasanka-Inspiron-1545 kernel: [    0.000000]       .init : 0xc1a17000 - 0xc1af2000   ( 876 kB)
Nov 24 19:04:24 shrinivaasanka-Inspiron-1545 kernel: [    0.000000]       .data : 0xc1682c22 - 0xc1a15a80   (3659 kB)
Nov 24 19:04:24 shrinivaasanka-Inspiron-1545 kernel: [    0.000000]       .text : 0xc1000000 - 0xc1682c22   (6667 kB)
Nov 24 19:04:24 shrinivaasanka-Inspiron-1545 kernel: [    0.000000] Checking if this processor honours the WP bit even in supervisor mode...Ok.
Nov 24 19:04:24 shrinivaasanka-Inspiron-1545 kernel: [    0.000000] SLUB: HWalign=64, Order=0-3, MinObjects=0, CPUs=2, Nodes=1
Nov 24 19:04:24 shrinivaasanka-Inspiron-1545 kernel: [    0.000000] Hierarchical RCU implementation.
Nov 24 19:04:24 shrinivaasanka-Inspiron-1545 kernel: [    0.000000] 	RCU dyntick-idle grace-period acceleration is enabled.
Nov 24 19:04:24 shrinivaasanka-Inspiron-1545 kernel: [    0.000000] 	RCU restricting CPUs from NR_CPUS=8 to nr_cpu_ids=2.
Nov 24 19:04:24 shrinivaasanka-Inspiron-1545 kernel: [    0.000000] RCU: Adjusting geometry for rcu_fanout_leaf=16, nr_cpu_ids=2
Nov 24 19:04:24 shrinivaasanka-Inspiron-1545 kernel: [    0.000000] NR_IRQS:2304 nr_irqs:512 16
Nov 24 19:04:24 shrinivaasanka-Inspiron-1545 kernel: [    0.000000] CPU 0 irqstacks, hard=f5c08000 soft=f5c0a000
Nov 24 19:04:24 shrinivaasanka-Inspiron-1545 kernel: [    0.000000] Console: colour dummy device 80x25
Nov 24 19:04:24 shrinivaasanka-Inspiron-1545 kernel: [    0.000000] console [tty0] enabled
Nov 24 19:04:24 shrinivaasanka-Inspiron-1545 kernel: [    0.000000] allocated 6291456 bytes of page_cgroup
Nov 24 19:04:24 shrinivaasanka-Inspiron-1545 kernel: [    0.000000] please try 'cgroup_disable=memory' option if you don't want memory cgroups
Nov 24 19:04:24 shrinivaasanka-Inspiron-1545 kernel: [    0.000000] hpet clockevent registered
Nov 24 19:04:24 shrinivaasanka-Inspiron-1545 kernel: [    0.000000] tsc: Fast TSC calibration using PIT
Nov 24 19:04:24 shrinivaasanka-Inspiron-1545 kernel: [    0.000000] tsc: Detected 1995.071 MHz processor
Nov 24 19:04:24 shrinivaasanka-Inspiron-1545 kernel: [    0.004015] Calibrating delay loop (skipped), value calculated using timer frequency.. 3990.14 BogoMIPS (lpj=7980284)
Nov 24 19:04:24 shrinivaasanka-Inspiron-1545 kernel: [    0.004019] pid_max: default: 32768 minimum: 301
Nov 24 19:04:24 shrinivaasanka-Inspiron-1545 kernel: [    0.004033] ACPI: Core revision 20140214
Nov 24 19:04:24 shrinivaasanka-Inspiron-1545 kernel: [    0.011888] ACPI: All ACPI Tables successfully acquired
Nov 24 19:04:24 shrinivaasanka-Inspiron-1545 kernel: [    0.012028] Security Framework initialized
Nov 24 19:04:24 shrinivaasanka-Inspiron-1545 kernel: [    0.012048] AppArmor: AppArmor initialized
Nov 24 19:04:24 shrinivaasanka-Inspiron-1545 kernel: [    0.012050] Yama: becoming mindful.
Nov 24 19:04:24 shrinivaasanka-Inspiron-1545 kernel: [    0.012104] Mount-cache hash table entries: 2048 (order: 1, 8192 bytes)
Nov 24 19:04:24 shrinivaasanka-Inspiron-1545 kernel: [    0.012107] Mountpoint-cache hash table entries: 2048 (order: 1, 8192 bytes)
Nov 24 19:04:24 shrinivaasanka-Inspiron-1545 kernel: [    0.016206] Initializing cgroup subsys memory
Nov 24 19:04:24 shrinivaasanka-Inspiron-1545 kernel: [    0.016215] Initializing cgroup subsys devices
Nov 24 19:04:24 shrinivaasanka-Inspiron-1545 kernel: [    0.016218] Initializing cgroup subsys freezer
Nov 24 19:04:24 shrinivaasanka-Inspiron-1545 kernel: [    0.016220] Initializing cgroup subsys net_cls
Nov 24 19:04:24 shrinivaasanka-Inspiron-1545 kernel: [    0.016223] Initializing cgroup subsys blkio
Nov 24 19:04:24 shrinivaasanka-Inspiron-1545 kernel: [    0.016225] Initializing cgroup subsys perf_event
Nov 24 19:04:24 shrinivaasanka-Inspiron-1545 kernel: [    0.016228] Initializing cgroup subsys net_prio
Nov 24 19:04:24 shrinivaasanka-Inspiron-1545 kernel: [    0.016230] Initializing cgroup subsys hugetlb
Nov 24 19:04:24 shrinivaasanka-Inspiron-1545 kernel: [    0.016257] CPU: Physical Processor ID: 0
Nov 24 19:04:24 shrinivaasanka-Inspiron-1545 kernel: [    0.016259] CPU: Processor Core ID: 0
Nov 24 19:04:24 shrinivaasanka-Inspiron-1545 kernel: [    0.016262] mce: CPU supports 6 MCE banks
Nov 24 19:04:24 shrinivaasanka-Inspiron-1545 kernel: [    0.016270] CPU0: Thermal monitoring enabled (TM2)
Nov 24 19:04:24 shrinivaasanka-Inspiron-1545 kernel: [    0.016281] Last level iTLB entries: 4KB 128, 2MB 4, 4MB 4
