Oct 18 15:22:19 kashrinivaasan-Inspiron-1545 kernel: [    1.357017] EISA: Cannot allocate resource for mainboard
Oct 18 15:22:19 kashrinivaasan-Inspiron-1545 kernel: [    1.357068] Cannot allocate resource for EISA slot 1
Oct 18 15:22:19 kashrinivaasan-Inspiron-1545 kernel: [    1.357117] Cannot allocate resource for EISA slot 2
Oct 18 15:22:19 kashrinivaasan-Inspiron-1545 kernel: [    1.357166] Cannot allocate resource for EISA slot 3
Oct 18 15:22:19 kashrinivaasan-Inspiron-1545 kernel: [    1.357216] Cannot allocate resource for EISA slot 4
Oct 18 15:22:19 kashrinivaasan-Inspiron-1545 kernel: [    1.357264] Cannot allocate resource for EISA slot 5
Oct 18 15:22:19 kashrinivaasan-Inspiron-1545 kernel: [    1.357314] Cannot allocate resource for EISA slot 6
Oct 18 15:22:19 kashrinivaasan-Inspiron-1545 kernel: [    1.357363] Cannot allocate resource for EISA slot 7
Oct 18 15:22:19 kashrinivaasan-Inspiron-1545 kernel: [    1.357413] Cannot allocate resource for EISA slot 8
Oct 18 15:22:19 kashrinivaasan-Inspiron-1545 kernel: [    1.357462] EISA: Detected 0 cards.
Oct 18 15:22:19 kashrinivaasan-Inspiron-1545 kernel: [    1.357517] cpufreq-nforce2: No nForce2 chipset.
Oct 18 15:22:19 kashrinivaasan-Inspiron-1545 kernel: [    1.357613] cpuidle: using governor ladder
Oct 18 15:22:19 kashrinivaasan-Inspiron-1545 kernel: [    1.357724] cpuidle: using governor menu
Oct 18 15:22:19 kashrinivaasan-Inspiron-1545 kernel: [    1.357774] ledtrig-cpu: registered to indicate activity on CPUs
Oct 18 15:22:19 kashrinivaasan-Inspiron-1545 kernel: [    1.357825] EFI Variables Facility v0.08 2004-May-17
Oct 18 15:22:19 kashrinivaasan-Inspiron-1545 kernel: [    1.358104] ashmem: initialized
Oct 18 15:22:19 kashrinivaasan-Inspiron-1545 kernel: [    1.358315] TCP: cubic registered
Oct 18 15:22:19 kashrinivaasan-Inspiron-1545 kernel: [    1.358483] NET: Registered protocol family 10
Oct 18 15:22:19 kashrinivaasan-Inspiron-1545 kernel: [    1.358747] NET: Registered protocol family 17
Oct 18 15:22:19 kashrinivaasan-Inspiron-1545 kernel: [    1.358804] Key type dns_resolver registered
Oct 18 15:22:19 kashrinivaasan-Inspiron-1545 kernel: [    1.359033] Using IPI No-Shortcut mode
Oct 18 15:22:19 kashrinivaasan-Inspiron-1545 kernel: [    1.359227] Loading module verification certificates
Oct 18 15:22:19 kashrinivaasan-Inspiron-1545 kernel: [    1.364223] MODSIGN: Loaded cert 'Magrathea: Glacier signing key: 81eedd14d349062a9553afd9a17bcacc086e4c86'
Oct 18 15:22:19 kashrinivaasan-Inspiron-1545 kernel: [    1.364301] registered taskstats version 1
Oct 18 15:22:19 kashrinivaasan-Inspiron-1545 kernel: [    1.367073] Key type trusted registered
Oct 18 15:22:19 kashrinivaasan-Inspiron-1545 kernel: [    1.369478] Key type encrypted registered
Oct 18 15:22:19 kashrinivaasan-Inspiron-1545 kernel: [    1.372573] rtc_cmos 00:04: setting system clock to 2013-10-18 15:21:49 UTC (1382109709)
Oct 18 15:22:19 kashrinivaasan-Inspiron-1545 kernel: [    1.374201] BIOS EDD facility v0.16 2004-Jun-25, 0 devices found
Oct 18 15:22:19 kashrinivaasan-Inspiron-1545 kernel: [    1.374253] EDD information not available.
Oct 18 15:22:19 kashrinivaasan-Inspiron-1545 kernel: [    1.374510] Freeing unused kernel memory: 788k freed
Oct 18 15:22:19 kashrinivaasan-Inspiron-1545 kernel: [    1.374913] Write protecting the kernel text: 6108k
Oct 18 15:22:19 kashrinivaasan-Inspiron-1545 kernel: [    1.374991] Write protecting the kernel read-only data: 2448k
Oct 18 15:22:19 kashrinivaasan-Inspiron-1545 kernel: [    1.375042] NX-protecting the kernel data: 4132k
Oct 18 15:22:19 kashrinivaasan-Inspiron-1545 kernel: [    1.381508] input: AT Translated Set 2 keyboard as /devices/platform/i8042/serio0/input/input3
Oct 18 15:22:19 kashrinivaasan-Inspiron-1545 kernel: [    1.527397] sky2: driver version 1.30
Oct 18 15:22:19 kashrinivaasan-Inspiron-1545 kernel: [    1.527518] sky2 0000:09:00.0: Yukon-2 FE+ chip revision 0
Oct 18 15:22:19 kashrinivaasan-Inspiron-1545 kernel: [    1.527680] sky2 0000:09:00.0: irq 44 for MSI/MSI-X
Oct 18 15:22:19 kashrinivaasan-Inspiron-1545 kernel: [    1.528366] sky2 0000:09:00.0 eth0: addr 00:23:ae:20:78:38
Oct 18 15:22:19 kashrinivaasan-Inspiron-1545 kernel: [    1.528411] wmi: Mapper loaded
Oct 18 15:22:19 kashrinivaasan-Inspiron-1545 kernel: [    1.575413] [drm] Initialized drm 1.1.0 20060810
Oct 18 15:22:19 kashrinivaasan-Inspiron-1545 kernel: [    1.628044] usb 1-5: new high-speed USB device number 2 using ehci_hcd
Oct 18 15:22:19 kashrinivaasan-Inspiron-1545 kernel: [    1.635647] ahci 0000:00:1f.2: version 3.0
Oct 18 15:22:19 kashrinivaasan-Inspiron-1545 kernel: [    1.635718] ahci 0000:00:1f.2: irq 45 for MSI/MSI-X
Oct 18 15:22:19 kashrinivaasan-Inspiron-1545 kernel: [    1.635779] ahci: SSS flag set, parallel bus scan disabled
Oct 18 15:22:19 kashrinivaasan-Inspiron-1545 kernel: [    1.635871] ahci 0000:00:1f.2: AHCI 0001.0200 32 slots 4 ports 3 Gbps 0x33 impl SATA mode
Oct 18 15:22:19 kashrinivaasan-Inspiron-1545 kernel: [    1.635939] ahci 0000:00:1f.2: flags: 64bit ncq sntf stag pm led clo pio slum part ccc ems 
Oct 18 15:22:19 kashrinivaasan-Inspiron-1545 kernel: [    1.636032] ahci 0000:00:1f.2: setting latency timer to 64
Oct 18 15:22:19 kashrinivaasan-Inspiron-1545 kernel: [    1.639719] pci 0000:00:02.0: setting latency timer to 64
Oct 18 15:22:19 kashrinivaasan-Inspiron-1545 kernel: [    1.639983] pci 0000:00:02.0: irq 46 for MSI/MSI-X
Oct 18 15:22:19 kashrinivaasan-Inspiron-1545 kernel: [    1.639993] [drm] Supports vblank timestamp caching Rev 1 (10.10.2010).
Oct 18 15:22:19 kashrinivaasan-Inspiron-1545 kernel: [    1.640110] [drm] No driver support for vblank timestamp query.
Oct 18 15:22:19 kashrinivaasan-Inspiron-1545 kernel: [    1.658349] acpi device:3b: registered as cooling_device2
Oct 18 15:22:19 kashrinivaasan-Inspiron-1545 kernel: [    1.658896] ACPI: Video Device [VID1] (multi-head: yes  rom: no  post: no)
Oct 18 15:22:19 kashrinivaasan-Inspiron-1545 kernel: [    1.659575] input: Video Bus as /devices/LNXSYSTM:00/LNXSYBUS:00/PNP0A03:00/LNXVIDEO:01/input/input4
Oct 18 15:22:19 kashrinivaasan-Inspiron-1545 kernel: [    1.659756] [Firmware Bug]: Duplicate ACPI video bus devices for the same VGA controller, please try module parameter "video.allow_duplicates=1"if the current driver doesn't work.
Oct 18 15:22:19 kashrinivaasan-Inspiron-1545 kernel: [    1.659866] [drm] Initialized i915 1.6.0 20080730 for 0000:00:02.0 on minor 0
Oct 18 15:22:19 kashrinivaasan-Inspiron-1545 kernel: [    1.662138] scsi0 : ahci
Oct 18 15:22:19 kashrinivaasan-Inspiron-1545 kernel: [    1.662301] scsi1 : ahci
Oct 18 15:22:19 kashrinivaasan-Inspiron-1545 kernel: [    1.662424] scsi2 : ahci
Oct 18 15:22:19 kashrinivaasan-Inspiron-1545 kernel: [    1.662543] scsi3 : ahci
Oct 18 15:22:19 kashrinivaasan-Inspiron-1545 kernel: [    1.662661] scsi4 : ahci
Oct 18 15:22:19 kashrinivaasan-Inspiron-1545 kernel: [    1.662790] scsi5 : ahci
Oct 18 15:22:19 kashrinivaasan-Inspiron-1545 kernel: [    1.662907] ata1: SATA max UDMA/133 abar m2048@0xfed1c800 port 0xfed1c900 irq 45
Oct 18 15:22:19 kashrinivaasan-Inspiron-1545 kernel: [    1.662998] ata2: SATA max UDMA/133 abar m2048@0xfed1c800 port 0xfed1c980 irq 45
Oct 18 15:22:19 kashrinivaasan-Inspiron-1545 kernel: [    1.663062] ata3: DUMMY
Oct 18 15:22:19 kashrinivaasan-Inspiron-1545 kernel: [    1.663108] ata4: DUMMY
Oct 18 15:22:19 kashrinivaasan-Inspiron-1545 kernel: [    1.663155] ata5: SATA max UDMA/133 abar m2048@0xfed1c800 port 0xfed1cb00 irq 45
Oct 18 15:22:19 kashrinivaasan-Inspiron-1545 kernel: [    1.663221] ata6: SATA max UDMA/133 abar m2048@0xfed1c800 port 0xfed1cb80 irq 45
Oct 18 15:22:19 kashrinivaasan-Inspiron-1545 kernel: [    1.770929] usb 1-5: New USB device found, idVendor=0bda, idProduct=0158
Oct 18 15:22:19 kashrinivaasan-Inspiron-1545 kernel: [    1.770989] usb 1-5: New USB device strings: Mfr=1, Product=2, SerialNumber=3
Oct 18 15:22:19 kashrinivaasan-Inspiron-1545 kernel: [    1.771049] usb 1-5: Product: USB2.0-CRW
Oct 18 15:22:19 kashrinivaasan-Inspiron-1545 kernel: [    1.771105] usb 1-5: Manufacturer: Generic
Oct 18 15:22:19 kashrinivaasan-Inspiron-1545 kernel: [    1.771154] usb 1-5: SerialNumber: 20071114173400000
Oct 18 15:22:19 kashrinivaasan-Inspiron-1545 kernel: [    1.786257] Initializing USB Mass Storage driver...
Oct 18 15:22:19 kashrinivaasan-Inspiron-1545 kernel: [    1.786375] usbcore: registered new interface driver usb-storage
Oct 18 15:22:19 kashrinivaasan-Inspiron-1545 kernel: [    1.786429] USB Mass Storage support registered.
Oct 18 15:22:19 kashrinivaasan-Inspiron-1545 kernel: [    1.888137] usb 1-6: new high-speed USB device number 3 using ehci_hcd
Oct 18 15:22:19 kashrinivaasan-Inspiron-1545 kernel: [    1.980109] ata1: SATA link up 3.0 Gbps (SStatus 123 SControl 300)
Oct 18 15:22:19 kashrinivaasan-Inspiron-1545 kernel: [    2.013483] ata1.00: ATA-8: WDC WD3200BEVT-75ZCT2, 11.01A11, max UDMA/133
Oct 18 15:22:19 kashrinivaasan-Inspiron-1545 kernel: [    2.013546] ata1.00: 625142448 sectors, multi 8: LBA48 NCQ (depth 31/32), AA
Oct 18 15:22:19 kashrinivaasan-Inspiron-1545 kernel: [    2.016147] ata1.00: configured for UDMA/133
Oct 18 15:22:19 kashrinivaasan-Inspiron-1545 kernel: [    2.016453] scsi 0:0:0:0: Direct-Access     ATA      WDC WD3200BEVT-7 11.0 PQ: 0 ANSI: 5
Oct 18 15:22:19 kashrinivaasan-Inspiron-1545 kernel: [    2.016724] sd 0:0:0:0: [sda] 625142448 512-byte logical blocks: (320 GB/298 GiB)
Oct 18 15:22:19 kashrinivaasan-Inspiron-1545 kernel: [    2.016736] sd 0:0:0:0: Attached scsi generic sg0 type 0
Oct 18 15:22:19 kashrinivaasan-Inspiron-1545 kernel: [    2.016929] sd 0:0:0:0: [sda] Write Protect is off
Oct 18 15:22:19 kashrinivaasan-Inspiron-1545 kernel: [    2.016985] sd 0:0:0:0: [sda] Mode Sense: 00 3a 00 00
Oct 18 15:22:19 kashrinivaasan-Inspiron-1545 kernel: [    2.017037] sd 0:0:0:0: [sda] Write cache: enabled, read cache: enabled, doesn't support DPO or FUA
Oct 18 15:22:19 kashrinivaasan-Inspiron-1545 kernel: [    2.073865]  sda: sda1 sda2 sda3 sda4 < sda5 sda6 >
Oct 18 15:22:19 kashrinivaasan-Inspiron-1545 kernel: [    2.074514] sd 0:0:0:0: [sda] Attached SCSI disk
Oct 18 15:22:19 kashrinivaasan-Inspiron-1545 kernel: [    2.095675] usb 1-6: New USB device found, idVendor=0c45, idProduct=63ee
Oct 18 15:22:19 kashrinivaasan-Inspiron-1545 kernel: [    2.095735] usb 1-6: New USB device strings: Mfr=2, Product=1, SerialNumber=0
Oct 18 15:22:19 kashrinivaasan-Inspiron-1545 kernel: [    2.095793] usb 1-6: Product: Integrated_Webcam_1.3M
Oct 18 15:22:19 kashrinivaasan-Inspiron-1545 kernel: [    2.095848] usb 1-6: Manufacturer: 
Oct 18 15:22:19 kashrinivaasan-Inspiron-1545 kernel: [    2.336082] ata2: SATA link up 1.5 Gbps (SStatus 113 SControl 300)
Oct 18 15:22:19 kashrinivaasan-Inspiron-1545 kernel: [    2.338976] ata2.00: ATAPI: PLDS DVD+/-RW DS-8A3S, HD14, max UDMA/100
Oct 18 15:22:19 kashrinivaasan-Inspiron-1545 kernel: [    2.342124] ata2.00: configured for UDMA/100
Oct 18 15:22:19 kashrinivaasan-Inspiron-1545 kernel: [    2.348551] scsi 1:0:0:0: CD-ROM            PLDS     DVD+-RW DS-8A3S  HD14 PQ: 0 ANSI: 5
Oct 18 15:22:19 kashrinivaasan-Inspiron-1545 kernel: [    2.353142] sr0: scsi3-mmc drive: 24x/8x writer dvd-ram cd/rw xa/form2 cdda pop-up
Oct 18 15:22:19 kashrinivaasan-Inspiron-1545 kernel: [    2.353213] cdrom: Uniform CD-ROM driver Revision: 3.20
Oct 18 15:22:19 kashrinivaasan-Inspiron-1545 kernel: [    2.353404] sr 1:0:0:0: Attached scsi CD-ROM sr0
Oct 18 15:22:19 kashrinivaasan-Inspiron-1545 kernel: [    2.353484] sr 1:0:0:0: Attached scsi generic sg1 type 5
Oct 18 15:22:19 kashrinivaasan-Inspiron-1545 kernel: [    2.624121] usb 7-1: new full-speed USB device number 2 using uhci_hcd
Oct 18 15:22:19 kashrinivaasan-Inspiron-1545 kernel: [    2.672257] ata5: SATA link down (SStatus 0 SControl 300)
Oct 18 15:22:19 kashrinivaasan-Inspiron-1545 kernel: [    2.784550] usb 7-1: New USB device found, idVendor=12d1, idProduct=1505
Oct 18 15:22:19 kashrinivaasan-Inspiron-1545 kernel: [    2.784610] usb 7-1: New USB device strings: Mfr=1, Product=2, SerialNumber=4
Oct 18 15:22:19 kashrinivaasan-Inspiron-1545 kernel: [    2.784669] usb 7-1: Product: HUAWEI Mobile
Oct 18 15:22:19 kashrinivaasan-Inspiron-1545 kernel: [    2.784726] usb 7-1: Manufacturer: HUAÿWEI TECHNOLOGIES
Oct 18 15:22:19 kashrinivaasan-Inspiron-1545 kernel: [    2.784777] usb 7-1: SerialNumber: ÿÿÿÿÿÿÿÿÿÿÿÿÿÿÿÿÿÿÿ
Oct 18 15:22:19 kashrinivaasan-Inspiron-1545 kernel: [    2.788633] scsi6 : usb-storage 7-1:1.0
Oct 18 15:22:19 kashrinivaasan-Inspiron-1545 kernel: [    2.788819] usb 7-1: USB disconnect, device number 2
Oct 18 15:22:19 kashrinivaasan-Inspiron-1545 kernel: [    2.992228] ata6: SATA link down (SStatus 0 SControl 300)
Oct 18 15:22:19 kashrinivaasan-Inspiron-1545 kernel: [    3.002452] scsi7 : usb-storage 1-5:1.0
Oct 18 15:22:19 kashrinivaasan-Inspiron-1545 kernel: [    3.002603] usbcore: registered new interface driver ums-realtek
Oct 18 15:22:19 kashrinivaasan-Inspiron-1545 kernel: [    4.002736] scsi 7:0:0:0: Direct-Access     Generic- Multi-Card       1.00 PQ: 0 ANSI: 0 CCS
Oct 18 15:22:19 kashrinivaasan-Inspiron-1545 kernel: [    4.003688] sd 7:0:0:0: Attached scsi generic sg2 type 0
Oct 18 15:22:19 kashrinivaasan-Inspiron-1545 kernel: [    4.007572] sd 7:0:0:0: [sdb] Attached SCSI removable disk
Oct 18 15:22:19 kashrinivaasan-Inspiron-1545 kernel: [    4.596037] Disabling lock debugging due to kernel taint
Oct 18 15:22:19 kashrinivaasan-Inspiron-1545 kernel: [    4.596192] virgo_cloud_test_kernelspace_init(): doing init() of virgo cloud kernel space test module
Oct 18 15:22:19 kashrinivaasan-Inspiron-1545 kernel: [    4.596317] virgo_cloudexec: no symbol version for node_ip_addrs_in_cloud
Oct 18 15:22:19 kashrinivaasan-Inspiron-1545 kernel: [    4.596332] virgo_cloudexec: Unknown symbol node_ip_addrs_in_cloud (err -22)
Oct 18 15:22:19 kashrinivaasan-Inspiron-1545 kernel: [    4.596348] virgo_cloudexec: no symbol version for num_cloud_nodes
Oct 18 15:22:19 kashrinivaasan-Inspiron-1545 kernel: [    4.596361] virgo_cloudexec: Unknown symbol num_cloud_nodes (err -22)
Oct 18 15:22:19 kashrinivaasan-Inspiron-1545 kernel: [    4.656490] kjournald starting.  Commit interval 5 seconds
Oct 18 15:22:19 kashrinivaasan-Inspiron-1545 kernel: [    4.656587] EXT3-fs (sda5): mounted filesystem with ordered data mode
Oct 18 15:22:19 kashrinivaasan-Inspiron-1545 kernel: [    6.396088] usb 7-1: new full-speed USB device number 3 using uhci_hcd
Oct 18 15:22:19 kashrinivaasan-Inspiron-1545 kernel: [    6.561106] usb 7-1: New USB device found, idVendor=12d1, idProduct=140b
Oct 18 15:22:19 kashrinivaasan-Inspiron-1545 kernel: [    6.561170] usb 7-1: New USB device strings: Mfr=1, Product=2, SerialNumber=4
Oct 18 15:22:19 kashrinivaasan-Inspiron-1545 kernel: [    6.561229] usb 7-1: Product: HUAWEI Mobile
Oct 18 15:22:19 kashrinivaasan-Inspiron-1545 kernel: [    6.561286] usb 7-1: Manufacturer: HUAÿWEI TECHNOLOGIES
Oct 18 15:22:19 kashrinivaasan-Inspiron-1545 kernel: [    6.561336] usb 7-1: SerialNumber: ÿÿÿÿÿÿÿÿÿÿÿÿÿÿÿÿÿÿÿ
Oct 18 15:22:19 kashrinivaasan-Inspiron-1545 kernel: [    6.570303] scsi8 : usb-storage 7-1:1.3
Oct 18 15:22:19 kashrinivaasan-Inspiron-1545 kernel: [    7.573158] scsi 8:0:0:0: CD-ROM            HUAWEI   Mass Storage     2.31 PQ: 0 ANSI: 0
Oct 18 15:22:19 kashrinivaasan-Inspiron-1545 kernel: [    7.576157] scsi 8:0:0:1: Direct-Access     HUAWEI   SD Storage       2.31 PQ: 0 ANSI: 2
Oct 18 15:22:19 kashrinivaasan-Inspiron-1545 kernel: [    7.597126] sr1: scsi-1 drive
Oct 18 15:22:19 kashrinivaasan-Inspiron-1545 kernel: [    7.597349] sr 8:0:0:0: Attached scsi CD-ROM sr1
Oct 18 15:22:19 kashrinivaasan-Inspiron-1545 kernel: [    7.597438] sr 8:0:0:0: Attached scsi generic sg3 type 5
Oct 18 15:22:19 kashrinivaasan-Inspiron-1545 kernel: [    7.597683] sd 8:0:0:1: Attached scsi generic sg4 type 0
Oct 18 15:22:19 kashrinivaasan-Inspiron-1545 kernel: [    7.614125] sd 8:0:0:1: [sdc] Attached SCSI removable disk
Oct 18 15:22:19 kashrinivaasan-Inspiron-1545 kernel: [    9.437989] microcode: CPU0 sig=0x1067a, pf=0x80, revision=0xa07
Oct 18 15:22:19 kashrinivaasan-Inspiron-1545 kernel: [    9.589301] ip_tables: (C) 2000-2006 Netfilter Core Team
Oct 18 15:22:19 kashrinivaasan-Inspiron-1545 kernel: [    9.614607] microcode: CPU1 sig=0x1067a, pf=0x80, revision=0xa07
Oct 18 15:22:19 kashrinivaasan-Inspiron-1545 kernel: [    9.616498] microcode: Microcode Update Driver: v2.00 <tigran@aivazian.fsnet.co.uk>, Peter Oruba
Oct 18 15:22:19 kashrinivaasan-Inspiron-1545 kernel: [    9.769210] nf_conntrack version 0.5.0 (16384 buckets, 65536 max)
Oct 18 15:22:19 kashrinivaasan-Inspiron-1545 kernel: [    9.897018] dcdbas dcdbas: Dell Systems Management Base Driver (version 5.6.0-3.2)
Oct 18 15:22:19 kashrinivaasan-Inspiron-1545 kernel: [   10.144231] snd_hda_intel 0000:00:1b.0: irq 47 for MSI/MSI-X
Oct 18 15:22:19 kashrinivaasan-Inspiron-1545 kernel: [   10.283883] input: Dell WMI hotkeys as /devices/virtual/input/input5
Oct 18 15:22:19 kashrinivaasan-Inspiron-1545 kernel: [   10.333466] input: HDA Intel Mic as /devices/pci0000:00/0000:00:1b.0/sound/card0/input6
Oct 18 15:22:19 kashrinivaasan-Inspiron-1545 kernel: [   10.333617] input: HDA Intel Headphone as /devices/pci0000:00/0000:00:1b.0/sound/card0/input7
Oct 18 15:22:19 kashrinivaasan-Inspiron-1545 kernel: [   10.344908] Linux video capture interface: v2.00
Oct 18 15:22:19 kashrinivaasan-Inspiron-1545 kernel: [   10.347295] gpio_ich: GPIO from 195 to 255 on gpio_ich
Oct 18 15:22:19 kashrinivaasan-Inspiron-1545 kernel: [   10.394956] ip6_tables: (C) 2000-2006 Netfilter Core Team
Oct 18 15:22:19 kashrinivaasan-Inspiron-1545 kernel: [   10.566636] usbcore: registered new interface driver usbserial
Oct 18 15:22:19 kashrinivaasan-Inspiron-1545 kernel: [   10.566706] usbcore: registered new interface driver usbserial_generic
Oct 18 15:22:19 kashrinivaasan-Inspiron-1545 kernel: [   10.566770] usbserial: USB Serial support registered for generic
Oct 18 15:22:19 kashrinivaasan-Inspiron-1545 kernel: [   10.613856] uvcvideo: Found UVC 1.00 device Integrated_Webcam_1.3M (0c45:63ee)
Oct 18 15:22:19 kashrinivaasan-Inspiron-1545 kernel: [   10.622111] input: Integrated_Webcam_1.3M as /devices/pci0000:00/0000:00:1a.7/usb1/1-6/1-6:1.0/input/input8
Oct 18 15:22:19 kashrinivaasan-Inspiron-1545 kernel: [   10.622279] usbcore: registered new interface driver uvcvideo
Oct 18 15:22:19 kashrinivaasan-Inspiron-1545 kernel: [   10.622332] USB Video Class driver (1.1.1)
Oct 18 15:22:19 kashrinivaasan-Inspiron-1545 kernel: [   10.741547] usbcore: registered new interface driver option
Oct 18 15:22:19 kashrinivaasan-Inspiron-1545 kernel: [   10.742107] usbserial: USB Serial support registered for GSM modem (1-port)
Oct 18 15:22:19 kashrinivaasan-Inspiron-1545 kernel: [   10.742728] option 7-1:1.0: GSM modem (1-port) converter detected
Oct 18 15:22:19 kashrinivaasan-Inspiron-1545 kernel: [   10.742927] usb 7-1: GSM modem (1-port) converter now attached to ttyUSB0
Oct 18 15:22:19 kashrinivaasan-Inspiron-1545 kernel: [   10.742996] option 7-1:1.1: GSM modem (1-port) converter detected
Oct 18 15:22:19 kashrinivaasan-Inspiron-1545 kernel: [   10.743165] usb 7-1: GSM modem (1-port) converter now attached to ttyUSB1
Oct 18 15:22:19 kashrinivaasan-Inspiron-1545 kernel: [   10.743227] option 7-1:1.2: GSM modem (1-port) converter detected
Oct 18 15:22:19 kashrinivaasan-Inspiron-1545 kernel: [   10.743394] usb 7-1: GSM modem (1-port) converter now attached to ttyUSB2
Oct 18 15:22:19 kashrinivaasan-Inspiron-1545 kernel: [   11.340402] input: PS/2 Mouse as /devices/platform/i8042/serio2/input/input9
Oct 18 15:22:19 kashrinivaasan-Inspiron-1545 kernel: [   11.368024] input: AlpsPS/2 ALPS GlidePoint as /devices/platform/i8042/serio2/input/input10
Oct 18 15:22:19 kashrinivaasan-Inspiron-1545 kernel: [   16.148042] lp: driver loaded but no devices found
Oct 18 15:22:19 kashrinivaasan-Inspiron-1545 kernel: [   16.193302] Request for unknown module key 'Magrathea: Glacier signing key: c73c457d7b71da35c3f563f2776e7eb305606500' err -11
Oct 18 15:22:19 kashrinivaasan-Inspiron-1545 kernel: [   16.193605] virgo_cloud_mempool_kernelspace_init(): doing init() of virgo cloud kernel space test module
Oct 18 15:22:19 kashrinivaasan-Inspiron-1545 kernel: [   16.319548] Request for unknown module key 'Magrathea: Glacier signing key: c73c457d7b71da35c3f563f2776e7eb305606500' err -11
Oct 18 15:22:19 kashrinivaasan-Inspiron-1545 kernel: [   16.319886] virgocloudexec_mempool_init(): doing init() of virgocloudexec_mempool kernel module
Oct 18 15:22:19 kashrinivaasan-Inspiron-1545 kernel: [   16.319888] virgocloudexec_mempool_init(): starting virgo cloudexec service kernel thread
Oct 18 15:22:19 kashrinivaasan-Inspiron-1545 kernel: [   16.319890] virgocloudexec_mempool_init(): invoking read_virgo_config()
Oct 18 15:22:19 kashrinivaasan-Inspiron-1545 kernel: [   16.319913] virgo kernel service: read_virgo_config(): before reading virgo_cloud.conf - virgo_cloud ip address - 1: 127.0.0.1
Oct 18 15:22:19 kashrinivaasan-Inspiron-1545 kernel: [   16.319915] virgo kernel service: read_virgo_config(): before reading virgo_cloud.conf - virgo_cloud ip address - 2: 127.0.0.1
Oct 18 15:22:19 kashrinivaasan-Inspiron-1545 kernel: [   16.319917] read_virgo_config(): virgo_cloud config file being read 
Oct 18 15:22:19 kashrinivaasan-Inspiron-1545 kernel: [   16.510519] do_virgo_cloud_init(): virgo_cloud config file string of comma separated IPs : 127.0.0.1,127.0.0.1
Oct 18 15:22:19 kashrinivaasan-Inspiron-1545 kernel: [   16.510519]  
Oct 18 15:22:19 kashrinivaasan-Inspiron-1545 kernel: [   16.510528] tokenize_list_of_ip_addrs(): bufdup = 127.0.0.1,127.0.0.1
Oct 18 15:22:19 kashrinivaasan-Inspiron-1545 kernel: [   16.510528] 
Oct 18 15:22:19 kashrinivaasan-Inspiron-1545 kernel: [   16.510533] tokenize_list_of_ip_addrs(): 127.0.0.1
Oct 18 15:22:19 kashrinivaasan-Inspiron-1545 kernel: [   16.510537] tokenize_list_of_ip_addrs(): node_ip_addrs_in_cloud[0] = 127.0.0.1
Oct 18 15:22:19 kashrinivaasan-Inspiron-1545 kernel: [   16.510540] tokenize_list_of_ip_addrs(): 127.0.0.1
Oct 18 15:22:19 kashrinivaasan-Inspiron-1545 kernel: [   16.510540] 
Oct 18 15:22:19 kashrinivaasan-Inspiron-1545 kernel: [   16.510544] tokenize_list_of_ip_addrs(): node_ip_addrs_in_cloud[1] = 127.0.0.1
Oct 18 15:22:19 kashrinivaasan-Inspiron-1545 kernel: [   16.510544] 
Oct 18 15:22:19 kashrinivaasan-Inspiron-1545 kernel: [   16.510572] virgocloudexec_mempool_init(): sock_create() returns error code: 0
Oct 18 15:22:19 kashrinivaasan-Inspiron-1545 kernel: [   16.510579] virgocloudexec_mempool_init(): kernel_bind() returns error code: 0
Oct 18 15:22:19 kashrinivaasan-Inspiron-1545 kernel: [   16.510588] virgocloudexec_mempool_init(): kernel_listen() returns error code: 0
Oct 18 15:22:19 kashrinivaasan-Inspiron-1545 kernel: [   16.510591] virgo_cloudexec_mempool_service(): virgo_mempool_ops.virgo_create() 
Oct 18 15:22:19 kashrinivaasan-Inspiron-1545 kernel: [   20.050537] bio: create slab <bio-1> at 1
Oct 18 15:22:19 kashrinivaasan-Inspiron-1545 kernel: [   30.922178] Adding 4490132k swap on /dev/mapper/cryptswap1.  Priority:-1 extents:1 across:4490132k 
Oct 18 15:22:19 kashrinivaasan-Inspiron-1545 kernel: [   30.928467] EXT3-fs (sda5): using internal journal
Oct 18 15:22:19 kashrinivaasan-Inspiron-1545 kernel: [   31.385407] ppdev: user-space parallel port driver
Oct 18 15:22:19 kashrinivaasan-Inspiron-1545 kernel: [   31.519118] sky2 0000:09:00.0 eth0: enabling interface
Oct 18 15:22:19 kashrinivaasan-Inspiron-1545 kernel: [   31.519213] IPv6: ADDRCONF(NETDEV_UP): eth0: link is not ready
Oct 18 15:22:19 kashrinivaasan-Inspiron-1545 kernel: [   31.541645] type=1400 audit(1382089939.665:2): apparmor="STATUS" operation="profile_load" name="/usr/lib/lightdm/lightdm/lightdm-guest-session-wrapper" pid=1537 comm="apparmor_parser"
Oct 18 15:22:19 kashrinivaasan-Inspiron-1545 kernel: [   31.544460] type=1400 audit(1382089939.669:3): apparmor="STATUS" operation="profile_load" name="/sbin/dhclient" pid=1538 comm="apparmor_parser"
Oct 18 15:22:19 kashrinivaasan-Inspiron-1545 kernel: [   31.544971] type=1400 audit(1382089939.669:4): apparmor="STATUS" operation="profile_load" name="/usr/lib/NetworkManager/nm-dhcp-client.action" pid=1538 comm="apparmor_parser"
Oct 18 15:22:19 kashrinivaasan-Inspiron-1545 kernel: [   31.545260] type=1400 audit(1382089939.669:5): apparmor="STATUS" operation="profile_load" name="/usr/lib/connman/scripts/dhclient-script" pid=1538 comm="apparmor_parser"
Oct 18 15:22:19 kashrinivaasan-Inspiron-1545 kernel: [   31.579849] type=1400 audit(1382089939.701:6): apparmor="STATUS" operation="profile_load" name="/usr/lib/telepathy/mission-control-5" pid=1560 comm="apparmor_parser"
Oct 18 15:22:19 kashrinivaasan-Inspiron-1545 kernel: [   31.580481] type=1400 audit(1382089939.705:7): apparmor="STATUS" operation="profile_load" name="/usr/lib/telepathy/telepathy-*" pid=1560 comm="apparmor_parser"
Oct 18 15:22:19 kashrinivaasan-Inspiron-1545 kernel: [   31.622873] type=1400 audit(1382089939.745:8): apparmor="STATUS" operation="profile_load" name="/usr/lib/cups/backend/cups-pdf" pid=1561 comm="apparmor_parser"
Oct 18 15:22:19 kashrinivaasan-Inspiron-1545 kernel: [   31.623493] type=1400 audit(1382089939.745:9): apparmor="STATUS" operation="profile_load" name="/usr/sbin/cupsd" pid=1561 comm="apparmor_parser"
Oct 18 15:22:19 kashrinivaasan-Inspiron-1545 kernel: [   31.628546] type=1400 audit(1382089939.753:10): apparmor="STATUS" operation="profile_load" name="/usr/bin/evince" pid=1558 comm="apparmor_parser"
Oct 18 15:22:19 kashrinivaasan-Inspiron-1545 kernel: [   31.636738] type=1400 audit(1382089939.761:11): apparmor="STATUS" operation="profile_load" name="/usr/bin/evince//launchpad_integration" pid=1558 comm="apparmor_parser"
Oct 18 15:22:19 kashrinivaasan-Inspiron-1545 kernel: [   31.775433] RPC: Registered named UNIX socket transport module.
Oct 18 15:22:19 kashrinivaasan-Inspiron-1545 kernel: [   31.775438] RPC: Registered udp transport module.
Oct 18 15:22:19 kashrinivaasan-Inspiron-1545 kernel: [   31.775440] RPC: Registered tcp transport module.
Oct 18 15:22:19 kashrinivaasan-Inspiron-1545 kernel: [   31.775442] RPC: Registered tcp NFSv4.1 backchannel transport module.
Oct 18 15:22:19 kashrinivaasan-Inspiron-1545 kernel: [   31.791152] Bluetooth: Core ver 2.16
Oct 18 15:22:19 kashrinivaasan-Inspiron-1545 kernel: [   31.791175] NET: Registered protocol family 31
Oct 18 15:22:19 kashrinivaasan-Inspiron-1545 kernel: [   31.791177] Bluetooth: HCI device and connection manager initialized
Oct 18 15:22:19 kashrinivaasan-Inspiron-1545 kernel: [   31.791700] Bluetooth: HCI socket layer initialized
Oct 18 15:22:19 kashrinivaasan-Inspiron-1545 kernel: [   31.791705] Bluetooth: L2CAP socket layer initialized
Oct 18 15:22:19 kashrinivaasan-Inspiron-1545 kernel: [   31.791712] Bluetooth: SCO socket layer initialized
Oct 18 15:22:20 kashrinivaasan-Inspiron-1545 kernel: [   31.872712] Bluetooth: BNEP (Ethernet Emulation) ver 1.3
Oct 18 15:22:20 kashrinivaasan-Inspiron-1545 kernel: [   31.872717] Bluetooth: BNEP filters: protocol multicast
Oct 18 15:22:20 kashrinivaasan-Inspiron-1545 kernel: [   31.872727] Bluetooth: BNEP socket layer initialized
Oct 18 15:22:20 kashrinivaasan-Inspiron-1545 kernel: [   31.890128] FS-Cache: Loaded
Oct 18 15:22:20 kashrinivaasan-Inspiron-1545 kernel: [   31.940845] FS-Cache: Netfs 'nfs' registered for caching
Oct 18 15:22:20 kashrinivaasan-Inspiron-1545 kernel: [   31.951817] Bluetooth: RFCOMM TTY layer initialized
Oct 18 15:22:20 kashrinivaasan-Inspiron-1545 kernel: [   31.951829] Bluetooth: RFCOMM socket layer initialized
Oct 18 15:22:20 kashrinivaasan-Inspiron-1545 kernel: [   31.951832] Bluetooth: RFCOMM ver 1.11
Oct 18 15:22:20 kashrinivaasan-Inspiron-1545 kernel: [   32.070139] Installing knfsd (copyright (C) 1996 okir@monad.swb.de).
Oct 18 15:22:20 kashrinivaasan-Inspiron-1545 kernel: [   32.674483] NFSD: Using /var/lib/nfs/v4recovery as the NFSv4 state recovery directory
Oct 18 15:22:20 kashrinivaasan-Inspiron-1545 kernel: [   32.755372] NFSD: starting 90-second grace period
Oct 18 15:22:43 kashrinivaasan-Inspiron-1545 kernel: [   55.316822] sd 7:0:0:0: [sdb] Test WP failed, assume Write Enabled
Oct 18 15:22:43 kashrinivaasan-Inspiron-1545 kernel: [   55.318948] sd 7:0:0:0: [sdb] Asking for cache data failed
Oct 18 15:22:43 kashrinivaasan-Inspiron-1545 kernel: [   55.318954] sd 7:0:0:0: [sdb] Assuming drive cache: write through
Oct 18 15:23:06 kashrinivaasan-Inspiron-1545 kernel: [   78.035298] PPP BSD Compression module registered
Oct 18 15:23:06 kashrinivaasan-Inspiron-1545 kernel: [   78.067183] PPP Deflate Compression module registered
Oct 18 15:23:33 kashrinivaasan-Inspiron-1545 kernel: [  105.638123] get_host_from_cloud_PRG_mempool() - get_random_int() returned 3044230926 
Oct 18 15:23:33 kashrinivaasan-Inspiron-1545 kernel: [  105.638131] get_host_from_cloud_PRG_mempool() range mapping for 2 cloud nodes(num_cloud_nodes) returns random integer 0, host ip(nodes_ip_addrs_in_cloud): 127.0.0.1 
Oct 18 15:23:33 kashrinivaasan-Inspiron-1545 kernel: [  105.638135] get_least_loaded_hostport_from_cloud(): get_host_from_cloud_PRG_mempool() - cloud_host(before kstrdup): 127.0.0.1 
Oct 18 15:23:33 kashrinivaasan-Inspiron-1545 kernel: [  105.638139] get_least_loaded_hostport_from_cloud(): get_host_from_cloud_PRG_mempool() returns host ip: 127.0.0.1 
Oct 18 15:23:33 kashrinivaasan-Inspiron-1545 kernel: [  105.638151] virgo_malloc() syscall: created client kernel socket
Oct 18 15:23:33 kashrinivaasan-Inspiron-1545 kernel: [  105.638302] virgo_cloudexec_mempool_service(): virgo mempool client thread per request 
Oct 18 15:23:33 kashrinivaasan-Inspiron-1545 kernel: [  105.638290] virgo_malloc() syscall: connected kernel client to virgo cloudexec kernel service
Oct 18 15:23:33 kashrinivaasan-Inspiron-1545 kernel: [  105.638290]  
Oct 18 15:23:33 kashrinivaasan-Inspiron-1545 kernel: [  105.638328] virgo_malloc() syscall: sent len=24; iov.iov_base=virgo_cloud_malloc(1000), sent message: virgo_cloud_malloc(1000) 
Oct 18 15:23:33 kashrinivaasan-Inspiron-1545 kernel: [  105.638368] virgo_cloudexec_mempool_service(): virgo_mempool_ops.virgo_create() 
Oct 18 15:23:33 kashrinivaasan-Inspiron-1545 kernel: [  105.638372] virgo_mempool_client_thread(): virgo_mempool_ops.virgo_mempool_recvfrom()
Oct 18 15:23:33 kashrinivaasan-Inspiron-1545 kernel: [  105.638375] virgocloudexec_mempool_recvfrom(): before kernel_recvmsg()
Oct 18 15:23:33 kashrinivaasan-Inspiron-1545 kernel: [  105.638379] virgocloudexec_mempool_recvfrom(): kernel_recvmsg() returns len: 24
Oct 18 15:23:33 kashrinivaasan-Inspiron-1545 kernel: [  105.638384] strip_control_M(): str=virgo_cloud_malloc(1000) before strsep
Oct 18 15:23:33 kashrinivaasan-Inspiron-1545 kernel: [  105.638388] strip_control_M(): newstr=virgo_cloud_malloc(1000) after carriage return newline strsep
Oct 18 15:23:33 kashrinivaasan-Inspiron-1545 kernel: [  105.638392] virgocloudexec_mempool_recvfrom(): kernel_recvmsg() returns in recv: iov.iov_base=, buffer: virgo_cloud_malloc(1000)
Oct 18 15:23:33 kashrinivaasan-Inspiron-1545 kernel: [  105.638395] virgo_cloudexec_mempool: print_buffer(): 
Oct 18 15:23:33 kashrinivaasan-Inspiron-1545 kernel: [  105.638397] vi
Oct 18 15:23:33 kashrinivaasan-Inspiron-1545 kernel: [  105.638401] rg
Oct 18 15:23:33 kashrinivaasan-Inspiron-1545 kernel: [  105.638405] o_
Oct 18 15:23:33 kashrinivaasan-Inspiron-1545 kernel: [  105.638409] cl
Oct 18 15:23:33 kashrinivaasan-Inspiron-1545 kernel: [  105.638413] ou
Oct 18 15:23:33 kashrinivaasan-Inspiron-1545 kernel: [  105.638417] d_
Oct 18 15:23:33 kashrinivaasan-Inspiron-1545 kernel: [  105.638421] ma
Oct 18 15:23:33 kashrinivaasan-Inspiron-1545 kernel: [  105.638424] ll
Oct 18 15:23:33 kashrinivaasan-Inspiron-1545 kernel: [  105.638428] oc
Oct 18 15:23:33 kashrinivaasan-Inspiron-1545 kernel: [  105.638432] (1
Oct 18 15:23:33 kashrinivaasan-Inspiron-1545 kernel: [  105.638435] 00
Oct 18 15:23:33 kashrinivaasan-Inspiron-1545 kernel: [  105.638439] 0)
Oct 18 15:23:33 kashrinivaasan-Inspiron-1545 kernel: [  105.638443] 
Oct 18 15:23:33 kashrinivaasan-Inspiron-1545 kernel: [  105.638446] 
Oct 18 15:23:33 kashrinivaasan-Inspiron-1545 kernel: [  105.638450] 
Oct 18 15:23:33 kashrinivaasan-Inspiron-1545 kernel: [  105.638454] 
Oct 18 15:23:33 kashrinivaasan-Inspiron-1545 kernel: [  105.638458] 
Oct 18 15:23:33 kashrinivaasan-Inspiron-1545 kernel: [  105.638462] 
Oct 18 15:23:33 kashrinivaasan-Inspiron-1545 kernel: [  105.638465] 
Oct 18 15:23:33 kashrinivaasan-Inspiron-1545 kernel: [  105.638469] 
Oct 18 15:23:33 kashrinivaasan-Inspiron-1545 kernel: [  105.638473] 
Oct 18 15:23:33 kashrinivaasan-Inspiron-1545 kernel: [  105.638477] 
Oct 18 15:23:33 kashrinivaasan-Inspiron-1545 kernel: [  105.638480] 
Oct 18 15:23:33 kashrinivaasan-Inspiron-1545 kernel: [  105.638484] 
Oct 18 15:23:33 kashrinivaasan-Inspiron-1545 kernel: [  105.638488] 
Oct 18 15:23:33 kashrinivaasan-Inspiron-1545 kernel: [  105.638492] 
Oct 18 15:23:33 kashrinivaasan-Inspiron-1545 kernel: [  105.638495] 
Oct 18 15:23:33 kashrinivaasan-Inspiron-1545 kernel: [  105.638499] 
Oct 18 15:23:33 kashrinivaasan-Inspiron-1545 kernel: [  105.638503] 
Oct 18 15:23:33 kashrinivaasan-Inspiron-1545 kernel: [  105.638507] 
Oct 18 15:23:33 kashrinivaasan-Inspiron-1545 kernel: [  105.638510] 
Oct 18 15:23:33 kashrinivaasan-Inspiron-1545 kernel: [  105.638514] 
Oct 18 15:23:33 kashrinivaasan-Inspiron-1545 kernel: [  105.638518] 
Oct 18 15:23:33 kashrinivaasan-Inspiron-1545 kernel: [  105.638522] 
Oct 18 15:23:33 kashrinivaasan-Inspiron-1545 kernel: [  105.638525] 
Oct 18 15:23:33 kashrinivaasan-Inspiron-1545 kernel: [  105.638529] 
Oct 18 15:23:33 kashrinivaasan-Inspiron-1545 kernel: [  105.638533] 
Oct 18 15:23:33 kashrinivaasan-Inspiron-1545 kernel: [  105.638536] 
Oct 18 15:23:33 kashrinivaasan-Inspiron-1545 kernel: [  105.638540] 
Oct 18 15:23:33 kashrinivaasan-Inspiron-1545 kernel: [  105.638544] 
Oct 18 15:23:33 kashrinivaasan-Inspiron-1545 kernel: [  105.638548] 
Oct 18 15:23:33 kashrinivaasan-Inspiron-1545 kernel: [  105.638551] 
Oct 18 15:23:33 kashrinivaasan-Inspiron-1545 kernel: [  105.638555] 
Oct 18 15:23:33 kashrinivaasan-Inspiron-1545 kernel: [  105.638559] 
Oct 18 15:23:33 kashrinivaasan-Inspiron-1545 kernel: [  105.638563] 
Oct 18 15:23:33 kashrinivaasan-Inspiron-1545 kernel: [  105.638566] 
Oct 18 15:23:33 kashrinivaasan-Inspiron-1545 kernel: [  105.638570] 
Oct 18 15:23:33 kashrinivaasan-Inspiron-1545 kernel: [  105.638574] 
Oct 18 15:23:33 kashrinivaasan-Inspiron-1545 kernel: [  105.638578] 
Oct 18 15:23:33 kashrinivaasan-Inspiron-1545 kernel: [  105.638581] 
Oct 18 15:23:33 kashrinivaasan-Inspiron-1545 kernel: [  105.638585] 
Oct 18 15:23:33 kashrinivaasan-Inspiron-1545 kernel: [  105.638589] 
Oct 18 15:23:33 kashrinivaasan-Inspiron-1545 kernel: [  105.638592] 
Oct 18 15:23:33 kashrinivaasan-Inspiron-1545 kernel: [  105.638596] 
Oct 18 15:23:33 kashrinivaasan-Inspiron-1545 kernel: [  105.638600] 
Oct 18 15:23:33 kashrinivaasan-Inspiron-1545 kernel: [  105.638603] 
Oct 18 15:23:33 kashrinivaasan-Inspiron-1545 kernel: [  105.638607] 
Oct 18 15:23:33 kashrinivaasan-Inspiron-1545 kernel: [  105.638611] 
Oct 18 15:23:33 kashrinivaasan-Inspiron-1545 kernel: [  105.638615] 
Oct 18 15:23:33 kashrinivaasan-Inspiron-1545 kernel: [  105.638618] 
Oct 18 15:23:33 kashrinivaasan-Inspiron-1545 kernel: [  105.638622] 
Oct 18 15:23:33 kashrinivaasan-Inspiron-1545 kernel: [  105.638626] 
Oct 18 15:23:33 kashrinivaasan-Inspiron-1545 kernel: [  105.638630] 
Oct 18 15:23:33 kashrinivaasan-Inspiron-1545 kernel: [  105.638633] 
Oct 18 15:23:33 kashrinivaasan-Inspiron-1545 kernel: [  105.638637] 
Oct 18 15:23:33 kashrinivaasan-Inspiron-1545 kernel: [  105.638641] 
Oct 18 15:23:33 kashrinivaasan-Inspiron-1545 kernel: [  105.638645] 
Oct 18 15:23:33 kashrinivaasan-Inspiron-1545 kernel: [  105.638648] 
Oct 18 15:23:33 kashrinivaasan-Inspiron-1545 kernel: [  105.638652] 
Oct 18 15:23:33 kashrinivaasan-Inspiron-1545 kernel: [  105.638656] 
Oct 18 15:23:33 kashrinivaasan-Inspiron-1545 kernel: [  105.638660] 
Oct 18 15:23:33 kashrinivaasan-Inspiron-1545 kernel: [  105.638663] 
Oct 18 15:23:33 kashrinivaasan-Inspiron-1545 kernel: [  105.638667] 
Oct 18 15:23:33 kashrinivaasan-Inspiron-1545 kernel: [  105.638671] 
Oct 18 15:23:33 kashrinivaasan-Inspiron-1545 kernel: [  105.638675] 
Oct 18 15:23:33 kashrinivaasan-Inspiron-1545 kernel: [  105.638678] 
Oct 18 15:23:33 kashrinivaasan-Inspiron-1545 kernel: [  105.638682] 
Oct 18 15:23:33 kashrinivaasan-Inspiron-1545 kernel: [  105.638686] 
Oct 18 15:23:33 kashrinivaasan-Inspiron-1545 kernel: [  105.638689] 
Oct 18 15:23:33 kashrinivaasan-Inspiron-1545 kernel: [  105.638693] 
Oct 18 15:23:33 kashrinivaasan-Inspiron-1545 kernel: [  105.638697] 
Oct 18 15:23:33 kashrinivaasan-Inspiron-1545 kernel: [  105.638701] 
Oct 18 15:23:33 kashrinivaasan-Inspiron-1545 kernel: [  105.638704] 
Oct 18 15:23:33 kashrinivaasan-Inspiron-1545 kernel: [  105.638708] 
Oct 18 15:23:33 kashrinivaasan-Inspiron-1545 kernel: [  105.638712] 
Oct 18 15:23:33 kashrinivaasan-Inspiron-1545 kernel: [  105.638715] 
Oct 18 15:23:33 kashrinivaasan-Inspiron-1545 kernel: [  105.638719] 
Oct 18 15:23:33 kashrinivaasan-Inspiron-1545 kernel: [  105.638723] 
Oct 18 15:23:33 kashrinivaasan-Inspiron-1545 kernel: [  105.638727] 
Oct 18 15:23:33 kashrinivaasan-Inspiron-1545 kernel: [  105.638730] 
Oct 18 15:23:33 kashrinivaasan-Inspiron-1545 kernel: [  105.638734] 
Oct 18 15:23:33 kashrinivaasan-Inspiron-1545 kernel: [  105.638738] 
Oct 18 15:23:33 kashrinivaasan-Inspiron-1545 kernel: [  105.638741] 
Oct 18 15:23:33 kashrinivaasan-Inspiron-1545 kernel: [  105.638745] 
Oct 18 15:23:33 kashrinivaasan-Inspiron-1545 kernel: [  105.638749] 
Oct 18 15:23:33 kashrinivaasan-Inspiron-1545 kernel: [  105.638752] 
Oct 18 15:23:33 kashrinivaasan-Inspiron-1545 kernel: [  105.638756] 
Oct 18 15:23:33 kashrinivaasan-Inspiron-1545 kernel: [  105.638760] 
Oct 18 15:23:33 kashrinivaasan-Inspiron-1545 kernel: [  105.638764] 
Oct 18 15:23:33 kashrinivaasan-Inspiron-1545 kernel: [  105.638767] 
Oct 18 15:23:33 kashrinivaasan-Inspiron-1545 kernel: [  105.638771] 
Oct 18 15:23:33 kashrinivaasan-Inspiron-1545 kernel: [  105.638775] 
Oct 18 15:23:33 kashrinivaasan-Inspiron-1545 kernel: [  105.638779] 
Oct 18 15:23:33 kashrinivaasan-Inspiron-1545 kernel: [  105.638782] 
Oct 18 15:23:33 kashrinivaasan-Inspiron-1545 kernel: [  105.638786] 
Oct 18 15:23:33 kashrinivaasan-Inspiron-1545 kernel: [  105.638790] 
Oct 18 15:23:33 kashrinivaasan-Inspiron-1545 kernel: [  105.638793] 
Oct 18 15:23:33 kashrinivaasan-Inspiron-1545 kernel: [  105.638797] 
Oct 18 15:23:33 kashrinivaasan-Inspiron-1545 kernel: [  105.638801] 
Oct 18 15:23:33 kashrinivaasan-Inspiron-1545 kernel: [  105.638804] 
Oct 18 15:23:33 kashrinivaasan-Inspiron-1545 kernel: [  105.638808] 
Oct 18 15:23:33 kashrinivaasan-Inspiron-1545 kernel: [  105.638812] 
Oct 18 15:23:33 kashrinivaasan-Inspiron-1545 kernel: [  105.638816] 
Oct 18 15:23:33 kashrinivaasan-Inspiron-1545 kernel: [  105.638819] 
Oct 18 15:23:33 kashrinivaasan-Inspiron-1545 kernel: [  105.638823] 
Oct 18 15:23:33 kashrinivaasan-Inspiron-1545 kernel: [  105.638827] 
Oct 18 15:23:33 kashrinivaasan-Inspiron-1545 kernel: [  105.638830] 
Oct 18 15:23:33 kashrinivaasan-Inspiron-1545 kernel: [  105.638834] 
Oct 18 15:23:33 kashrinivaasan-Inspiron-1545 kernel: [  105.638838] 
Oct 18 15:23:33 kashrinivaasan-Inspiron-1545 kernel: [  105.638842] 
Oct 18 15:23:33 kashrinivaasan-Inspiron-1545 kernel: [  105.638845] 
Oct 18 15:23:33 kashrinivaasan-Inspiron-1545 kernel: [  105.638849] 
Oct 18 15:23:33 kashrinivaasan-Inspiron-1545 kernel: [  105.638853] 
Oct 18 15:23:33 kashrinivaasan-Inspiron-1545 kernel: [  105.638857] 
Oct 18 15:23:33 kashrinivaasan-Inspiron-1545 kernel: [  105.638860] 
Oct 18 15:23:33 kashrinivaasan-Inspiron-1545 kernel: [  105.638864] 
Oct 18 15:23:33 kashrinivaasan-Inspiron-1545 kernel: [  105.638868] 
Oct 18 15:23:33 kashrinivaasan-Inspiron-1545 kernel: [  105.638871] 
Oct 18 15:23:33 kashrinivaasan-Inspiron-1545 kernel: [  105.638875] 
Oct 18 15:23:33 kashrinivaasan-Inspiron-1545 kernel: [  105.638879] 
Oct 18 15:23:33 kashrinivaasan-Inspiron-1545 kernel: [  105.638883] 
Oct 18 15:23:33 kashrinivaasan-Inspiron-1545 kernel: [  105.638886] 
Oct 18 15:23:33 kashrinivaasan-Inspiron-1545 kernel: [  105.638890] 
Oct 18 15:23:33 kashrinivaasan-Inspiron-1545 kernel: [  105.638894] 
Oct 18 15:23:33 kashrinivaasan-Inspiron-1545 kernel: [  105.638898] 
Oct 18 15:23:33 kashrinivaasan-Inspiron-1545 kernel: [  105.638901] 
Oct 18 15:23:33 kashrinivaasan-Inspiron-1545 kernel: [  105.638905] 
Oct 18 15:23:33 kashrinivaasan-Inspiron-1545 kernel: [  105.638909] 
Oct 18 15:23:33 kashrinivaasan-Inspiron-1545 kernel: [  105.638913] 
Oct 18 15:23:33 kashrinivaasan-Inspiron-1545 kernel: [  105.638916] 
Oct 18 15:23:33 kashrinivaasan-Inspiron-1545 kernel: [  105.638920] 
Oct 18 15:23:33 kashrinivaasan-Inspiron-1545 kernel: [  105.638924] 
Oct 18 15:23:33 kashrinivaasan-Inspiron-1545 kernel: [  105.638928] 
Oct 18 15:23:33 kashrinivaasan-Inspiron-1545 kernel: [  105.638931] 
Oct 18 15:23:33 kashrinivaasan-Inspiron-1545 kernel: [  105.638935] 
Oct 18 15:23:33 kashrinivaasan-Inspiron-1545 kernel: [  105.638939] 
Oct 18 15:23:33 kashrinivaasan-Inspiron-1545 kernel: [  105.638942] 
Oct 18 15:23:33 kashrinivaasan-Inspiron-1545 kernel: [  105.638946] 
Oct 18 15:23:33 kashrinivaasan-Inspiron-1545 kernel: [  105.638950] 
Oct 18 15:23:33 kashrinivaasan-Inspiron-1545 kernel: [  105.638954] 
Oct 18 15:23:33 kashrinivaasan-Inspiron-1545 kernel: [  105.638957] 
Oct 18 15:23:33 kashrinivaasan-Inspiron-1545 kernel: [  105.638961] 
Oct 18 15:23:33 kashrinivaasan-Inspiron-1545 kernel: [  105.638965] 
Oct 18 15:23:33 kashrinivaasan-Inspiron-1545 kernel: [  105.638968] 
Oct 18 15:23:33 kashrinivaasan-Inspiron-1545 kernel: [  105.638972] 
Oct 18 15:23:33 kashrinivaasan-Inspiron-1545 kernel: [  105.638976] 
Oct 18 15:23:33 kashrinivaasan-Inspiron-1545 kernel: [  105.638980] 
Oct 18 15:23:33 kashrinivaasan-Inspiron-1545 kernel: [  105.638983] 
Oct 18 15:23:33 kashrinivaasan-Inspiron-1545 kernel: [  105.638987] 
Oct 18 15:23:33 kashrinivaasan-Inspiron-1545 kernel: [  105.638991] 
Oct 18 15:23:33 kashrinivaasan-Inspiron-1545 kernel: [  105.638994] 
Oct 18 15:23:33 kashrinivaasan-Inspiron-1545 kernel: [  105.638998] 
Oct 18 15:23:33 kashrinivaasan-Inspiron-1545 kernel: [  105.639002] 
Oct 18 15:23:33 kashrinivaasan-Inspiron-1545 kernel: [  105.639005] 
Oct 18 15:23:33 kashrinivaasan-Inspiron-1545 kernel: [  105.639009] 
Oct 18 15:23:33 kashrinivaasan-Inspiron-1545 kernel: [  105.639013] 
Oct 18 15:23:33 kashrinivaasan-Inspiron-1545 kernel: [  105.639017] 
Oct 18 15:23:33 kashrinivaasan-Inspiron-1545 kernel: [  105.639020] 
Oct 18 15:23:33 kashrinivaasan-Inspiron-1545 kernel: [  105.639024] 
Oct 18 15:23:33 kashrinivaasan-Inspiron-1545 kernel: [  105.639028] 
Oct 18 15:23:33 kashrinivaasan-Inspiron-1545 kernel: [  105.639031] 
Oct 18 15:23:33 kashrinivaasan-Inspiron-1545 kernel: [  105.639035] 
Oct 18 15:23:33 kashrinivaasan-Inspiron-1545 kernel: [  105.639039] 
Oct 18 15:23:33 kashrinivaasan-Inspiron-1545 kernel: [  105.639042] 
Oct 18 15:23:33 kashrinivaasan-Inspiron-1545 kernel: [  105.639046] 
Oct 18 15:23:33 kashrinivaasan-Inspiron-1545 kernel: [  105.639050] 
Oct 18 15:23:33 kashrinivaasan-Inspiron-1545 kernel: [  105.639054] 
Oct 18 15:23:33 kashrinivaasan-Inspiron-1545 kernel: [  105.639057] 
Oct 18 15:23:33 kashrinivaasan-Inspiron-1545 kernel: [  105.639061] 
Oct 18 15:23:33 kashrinivaasan-Inspiron-1545 kernel: [  105.639065] 
Oct 18 15:23:33 kashrinivaasan-Inspiron-1545 kernel: [  105.639068] 
Oct 18 15:23:33 kashrinivaasan-Inspiron-1545 kernel: [  105.639072] 
Oct 18 15:23:33 kashrinivaasan-Inspiron-1545 kernel: [  105.639076] 
Oct 18 15:23:33 kashrinivaasan-Inspiron-1545 kernel: [  105.639079] 
Oct 18 15:23:33 kashrinivaasan-Inspiron-1545 kernel: [  105.639083] 
Oct 18 15:23:33 kashrinivaasan-Inspiron-1545 kernel: [  105.639087] 
Oct 18 15:23:33 kashrinivaasan-Inspiron-1545 kernel: [  105.639091] 
Oct 18 15:23:33 kashrinivaasan-Inspiron-1545 kernel: [  105.639094] 
Oct 18 15:23:33 kashrinivaasan-Inspiron-1545 kernel: [  105.639098] 
Oct 18 15:23:33 kashrinivaasan-Inspiron-1545 kernel: [  105.639102] 
Oct 18 15:23:33 kashrinivaasan-Inspiron-1545 kernel: [  105.639105] 
Oct 18 15:23:33 kashrinivaasan-Inspiron-1545 kernel: [  105.639109] 
Oct 18 15:23:33 kashrinivaasan-Inspiron-1545 kernel: [  105.639113] 
Oct 18 15:23:33 kashrinivaasan-Inspiron-1545 kernel: [  105.639117] 
Oct 18 15:23:33 kashrinivaasan-Inspiron-1545 kernel: [  105.639120] 
Oct 18 15:23:33 kashrinivaasan-Inspiron-1545 kernel: [  105.639124] 
Oct 18 15:23:33 kashrinivaasan-Inspiron-1545 kernel: [  105.639128] 
Oct 18 15:23:33 kashrinivaasan-Inspiron-1545 kernel: [  105.639132] 
Oct 18 15:23:33 kashrinivaasan-Inspiron-1545 kernel: [  105.639135] 
Oct 18 15:23:33 kashrinivaasan-Inspiron-1545 kernel: [  105.639139] 
Oct 18 15:23:33 kashrinivaasan-Inspiron-1545 kernel: [  105.639143] 
Oct 18 15:23:33 kashrinivaasan-Inspiron-1545 kernel: [  105.639146] 
Oct 18 15:23:33 kashrinivaasan-Inspiron-1545 kernel: [  105.639150] 
Oct 18 15:23:33 kashrinivaasan-Inspiron-1545 kernel: [  105.639154] 
Oct 18 15:23:33 kashrinivaasan-Inspiron-1545 kernel: [  105.639157] 
Oct 18 15:23:33 kashrinivaasan-Inspiron-1545 kernel: [  105.639161] 
Oct 18 15:23:33 kashrinivaasan-Inspiron-1545 kernel: [  105.639165] 
Oct 18 15:23:33 kashrinivaasan-Inspiron-1545 kernel: [  105.639169] 
Oct 18 15:23:33 kashrinivaasan-Inspiron-1545 kernel: [  105.639172] 
Oct 18 15:23:33 kashrinivaasan-Inspiron-1545 kernel: [  105.639176] 
Oct 18 15:23:33 kashrinivaasan-Inspiron-1545 kernel: [  105.639180] 
Oct 18 15:23:33 kashrinivaasan-Inspiron-1545 kernel: [  105.639183] 
Oct 18 15:23:33 kashrinivaasan-Inspiron-1545 kernel: [  105.639187] 
Oct 18 15:23:33 kashrinivaasan-Inspiron-1545 kernel: [  105.639191] 
Oct 18 15:23:33 kashrinivaasan-Inspiron-1545 kernel: [  105.639195] 
Oct 18 15:23:33 kashrinivaasan-Inspiron-1545 kernel: [  105.639198] 
Oct 18 15:23:33 kashrinivaasan-Inspiron-1545 kernel: [  105.639202] 
Oct 18 15:23:33 kashrinivaasan-Inspiron-1545 kernel: [  105.639206] 
Oct 18 15:23:33 kashrinivaasan-Inspiron-1545 kernel: [  105.639209] 
Oct 18 15:23:33 kashrinivaasan-Inspiron-1545 kernel: [  105.639213] 
Oct 18 15:23:33 kashrinivaasan-Inspiron-1545 kernel: [  105.639217] 
Oct 18 15:23:33 kashrinivaasan-Inspiron-1545 kernel: [  105.639220] 
Oct 18 15:23:33 kashrinivaasan-Inspiron-1545 kernel: [  105.639224] 
Oct 18 15:23:33 kashrinivaasan-Inspiron-1545 kernel: [  105.639228] 
Oct 18 15:23:33 kashrinivaasan-Inspiron-1545 kernel: [  105.639232] 
Oct 18 15:23:33 kashrinivaasan-Inspiron-1545 kernel: [  105.639235] 
Oct 18 15:23:33 kashrinivaasan-Inspiron-1545 kernel: [  105.639239] 
Oct 18 15:23:33 kashrinivaasan-Inspiron-1545 kernel: [  105.639243] 
Oct 18 15:23:33 kashrinivaasan-Inspiron-1545 kernel: [  105.639246] 
Oct 18 15:23:33 kashrinivaasan-Inspiron-1545 kernel: [  105.639250] 
Oct 18 15:23:33 kashrinivaasan-Inspiron-1545 kernel: [  105.639254] 
Oct 18 15:23:33 kashrinivaasan-Inspiron-1545 kernel: [  105.639258] 
Oct 18 15:23:33 kashrinivaasan-Inspiron-1545 kernel: [  105.639261] 
Oct 18 15:23:33 kashrinivaasan-Inspiron-1545 kernel: [  105.639265] 
Oct 18 15:23:33 kashrinivaasan-Inspiron-1545 kernel: [  105.639269] 
Oct 18 15:23:33 kashrinivaasan-Inspiron-1545 kernel: [  105.639273] 
Oct 18 15:23:33 kashrinivaasan-Inspiron-1545 kernel: [  105.639276] 
Oct 18 15:23:33 kashrinivaasan-Inspiron-1545 kernel: [  105.639280] 
Oct 18 15:23:33 kashrinivaasan-Inspiron-1545 kernel: [  105.639284] 
Oct 18 15:23:33 kashrinivaasan-Inspiron-1545 kernel: [  105.639287] 
Oct 18 15:23:33 kashrinivaasan-Inspiron-1545 kernel: [  105.639291] 
Oct 18 15:23:33 kashrinivaasan-Inspiron-1545 kernel: [  105.639295] 
Oct 18 15:23:33 kashrinivaasan-Inspiron-1545 kernel: [  105.639299] 
Oct 18 15:23:33 kashrinivaasan-Inspiron-1545 kernel: [  105.639302] 
Oct 18 15:23:33 kashrinivaasan-Inspiron-1545 kernel: [  105.639306] 
Oct 18 15:23:33 kashrinivaasan-Inspiron-1545 kernel: [  105.639310] 
Oct 18 15:23:33 kashrinivaasan-Inspiron-1545 kernel: [  105.639313] 
Oct 18 15:23:33 kashrinivaasan-Inspiron-1545 kernel: [  105.639317] 
Oct 18 15:23:33 kashrinivaasan-Inspiron-1545 kernel: [  105.639321] 
Oct 18 15:23:33 kashrinivaasan-Inspiron-1545 kernel: [  105.639324] 
Oct 18 15:23:33 kashrinivaasan-Inspiron-1545 kernel: [  105.639328] 
Oct 18 15:23:33 kashrinivaasan-Inspiron-1545 kernel: [  105.639331] virgocloudexec_mempool_recvfrom(): kernel_recvmsg() le32 to cpu virgo_cloud_malloc(1000)
Oct 18 15:23:33 kashrinivaasan-Inspiron-1545 kernel: [  105.639334] virgocloudexec_mempool_recvfrom(): mempoolFunction : virgo_cloud_malloc(1000) 
Oct 18 15:23:33 kashrinivaasan-Inspiron-1545 kernel: [  105.639338] parse_virgomempool_command: vmargs->mempool_cmd: virgo_cloud_malloc
Oct 18 15:23:33 kashrinivaasan-Inspiron-1545 kernel: [  105.639342] parse_virgomempool_command: vmargs->mempool_args[0]: 1000
Oct 18 15:23:33 kashrinivaasan-Inspiron-1545 kernel: [  105.639345] mempool_func(): creating kernel thread and waking up, parameterIsExecutable=2
Oct 18 15:23:33 kashrinivaasan-Inspiron-1545 kernel: [  105.639349] Creating Kernel Thread for virgo_cloud_malloc in virgo_cloud_mempool_kernelspace mempool driver module
Oct 18 15:23:33 kashrinivaasan-Inspiron-1545 kernel: [  105.639354] virgo_cloud_mempool_kernelspace.c:Executing virgo_cloud_mempool on cloud node, Invoking virgo_cloud_malloc_kernelspace(), Writing to file opened by Kernel, Kernel Space to User space communication works
Oct 18 15:23:33 kashrinivaasan-Inspiron-1545 kernel: [  105.639358] virgo_cloud_mempool_kernelspace.c:virgo_cloud_malloc_kernelspace(): size str=1000
Oct 18 15:23:33 kashrinivaasan-Inspiron-1545 kernel: [  105.639362] toInteger(): strInt=[1000], integer=1000
Oct 18 15:23:33 kashrinivaasan-Inspiron-1545 kernel: [  105.639365] virgo_cloud_mempool_kernelspace.c:virgo_cloud_malloc_kernelspace(): size=1000
Oct 18 15:23:33 kashrinivaasan-Inspiron-1545 kernel: [  105.639369] virgo_cloud_mempool_kernelspace.c:virgo_cloud_malloc_kernelspace(): ptr=eea19c00
Oct 18 15:23:33 kashrinivaasan-Inspiron-1545 kernel: [  105.639372] virgo_cloud_mempool_kernelspace.c:virgo_cloud_malloc_kernelspace(): setting ptr=eea19c00 in vmargs as an out arg
Oct 18 15:23:33 kashrinivaasan-Inspiron-1545 kernel: [  105.639376] mempool_func(): virgo mempool kernelspace module returns value virgo_mempool_ret=eea19c00
Oct 18 15:23:33 kashrinivaasan-Inspiron-1545 kernel: [  105.639379] virgo_mempool_client_thread(): virgo_mempool_ops.virgo_mempool_sendto()
Oct 18 15:23:33 kashrinivaasan-Inspiron-1545 kernel: [  105.639382] toAddressString(): address=eea19c00, sprintf strAddress=[eea19c00]
Oct 18 15:23:33 kashrinivaasan-Inspiron-1545 kernel: [  105.639386] virgocloudexec_mempool_sendto(): before kernel_sendmsg() for send buffer: eea19c00
Oct 18 15:23:33 kashrinivaasan-Inspiron-1545 kernel: [  105.639408] virgocloudexec_mempool_sendto(): kernel_sendmsg() returns ret: 500
Oct 18 15:23:33 kashrinivaasan-Inspiron-1545 kernel: [  105.639412] virgocloudexec_mempool_sendto(): Shut down Kernel Side Client Socket with SOCK_WAKE_URG after sendmsg 
Oct 18 15:23:33 kashrinivaasan-Inspiron-1545 kernel: [  105.639431] virgocloudexec_mempool_sendto(): sock_release invoked on client socket 
Oct 18 15:23:33 kashrinivaasan-Inspiron-1545 kernel: [  105.639457] virgo_malloc() syscall: recv len=500; received message buf: [eea19c00] 
Oct 18 15:23:33 kashrinivaasan-Inspiron-1545 kernel: [  105.639460] virgo_malloc() syscall: received iov.iov_base:  
Oct 18 15:23:33 kashrinivaasan-Inspiron-1545 kernel: [  105.639465] str_to_addr(): straddr=[eea19c00], address scanned ptr=  (null), address scanned voidptr=  (null) 
Oct 18 15:23:33 kashrinivaasan-Inspiron-1545 kernel: [  105.639468] str_to_addr(): after var_sscanf(): straddr=[eea19c00], voidptr_vargs by vsscanf:   (null) 
Oct 18 15:23:33 kashrinivaasan-Inspiron-1545 kernel: [  105.639473] str_to_addr()pK: straddr=[eea19c00], address scanned ptr=00000000, address scanned voidptr=00000000 
Oct 18 15:23:33 kashrinivaasan-Inspiron-1545 kernel: [  105.639477] str_to_addr()pK: after var_sscanf(): straddr=[eea19c00], voidptr_vargs by vsscanf: 00000000 
Oct 18 15:23:33 kashrinivaasan-Inspiron-1545 kernel: [  105.639481] str_to_addr()pF: straddr=[eea19c00], address scanned ptr=  (null), address scanned voidptr=  (null) 
Oct 18 15:23:33 kashrinivaasan-Inspiron-1545 kernel: [  105.639484] str_to_addr()pF: after var_sscanf(): straddr=[eea19c00], voidptr_vargs by vsscanf:   (null) 
Oct 18 15:23:33 kashrinivaasan-Inspiron-1545 kernel: [  105.639488] str_to_addr()pS: straddr=[eea19c00], address scanned ptr=  (null), address scanned voidptr=  (null) 
Oct 18 15:23:33 kashrinivaasan-Inspiron-1545 kernel: [  105.639491] str_to_addr()pS: after var_sscanf(): straddr=[eea19c00], voidptr_vargs by vsscanf:   (null) 
Oct 18 15:23:33 kashrinivaasan-Inspiron-1545 kernel: [  105.639495] str_to_addr2(): straddr=eea19c00, lltovoidptr = eea19c00
Oct 18 15:23:33 kashrinivaasan-Inspiron-1545 kernel: [  105.639498] virgo_malloc() syscall: vtranstable.vtable[i].addr=00000038 
Oct 18 15:23:33 kashrinivaasan-Inspiron-1545 kernel: [  105.639503] virgo_malloc() syscall: next_vtable_entry=0, vtranstable.vtable[next_vtable_entry].node_id=0, vtranstable.vtable[next_vtable_entry].addr=00000038, vtranstable.vtable[next_vtable_entry].hstprt->hostip=127.0.0.1, vtranstable.vtable[next_vtable_entry].hstprt->port=30000 
Oct 18 15:23:33 kashrinivaasan-Inspiron-1545 kernel: [  105.639507] virgo_malloc() syscall: le32_to_cpus(buf): eea19c00 
Oct 18 15:23:33 kashrinivaasan-Inspiron-1545 kernel: [  105.639531] BUG: unable to handle kernel NULL pointer dereference at 00000010
Oct 18 15:23:33 kashrinivaasan-Inspiron-1545 kernel: [  105.639537] IP: [<c14ee31a>] sock_release+0x1a/0x80
Oct 18 15:23:33 kashrinivaasan-Inspiron-1545 kernel: [  105.639548] *pdpt = 000000002e92c001 *pde = 0000000000000000 
Oct 18 15:23:33 kashrinivaasan-Inspiron-1545 kernel: [  105.639555] Oops: 0000 [#1] SMP 
Oct 18 15:23:33 kashrinivaasan-Inspiron-1545 kernel: [  105.639561] Modules linked in: ppp_deflate zlib_deflate bsd_comp ppp_async crc_ccitt nfsd nfs_acl auth_rpcgss rfcomm nfs fscache bnep lockd bluetooth sunrpc parport_pc ppdev binfmt_misc dm_crypt virgo_cloudexec_mempool(OF+) virgo_cloud_mempool_kernelspace(OF) lp parport xt_hl ip6t_rt nf_conntrack_ipv6 nf_defrag_ipv6 ipt_REJECT xt_LOG xt_limit xt_tcpudp joydev xt_addrtype nf_conntrack_ipv4 nf_defrag_ipv4 xt_state option usb_wwan uvcvideo usbserial psmouse ip6table_filter videobuf2_core ip6_tables coretemp gpio_ich videodev snd_hda_codec_idt serio_raw dell_wmi dell_laptop videobuf2_vmalloc mac_hid snd_hda_intel lpc_ich videobuf2_memops snd_hda_codec nf_conntrack_netbios_ns nf_conntrack_broadcast snd_hwdep snd_pcm nf_nat_ftp snd_seq_midi dcdbas sparse_keymap snd_rawmidi nf_nat snd_seq_midi_event snd_seq nf_conntrack_ftp nf_conntrack snd_timer iptable_filter snd_seq_device snd ip_tables soundcore x_tables snd_page_alloc microcode virgo_cloud_test_kernelspace(OF) ums_realtek usb_stor
Oct 18 15:23:33 kashrinivaasan-Inspiron-1545 kernel: age i915 ahci libahci drm_kms_helper drm i2c_algo_bit video wmi sky2
Oct 18 15:23:33 kashrinivaasan-Inspiron-1545 kernel: [  105.639689] Pid: 3089, comm: test_virgo_mall Tainted: GF          O 3.7.8 #1 Dell Inc. Inspiron 1545                   /0J037P
Oct 18 15:23:33 kashrinivaasan-Inspiron-1545 kernel: [  105.639694] EIP: 0060:[<c14ee31a>] EFLAGS: 00010206 CPU: 0
Oct 18 15:23:33 kashrinivaasan-Inspiron-1545 kernel: [  105.639699] EIP is at sock_release+0x1a/0x80
Oct 18 15:23:33 kashrinivaasan-Inspiron-1545 kernel: [  105.639703] EAX: eed72adc EBX: eed72adc ECX: 00000058 EDX: 0000000c
Oct 18 15:23:33 kashrinivaasan-Inspiron-1545 kernel: [  105.639708] ESI: 00007530 EDI: c1a72980 EBP: eea2bf30 ESP: eea2bf24
Oct 18 15:23:33 kashrinivaasan-Inspiron-1545 kernel: [  105.639712]  DS: 007b ES: 007b FS: 00d8 GS: 00e0 SS: 0068
Oct 18 15:23:33 kashrinivaasan-Inspiron-1545 kernel: [  105.639716] CR0: 8005003b CR2: 00000010 CR3: 2e8bb000 CR4: 000407f0
Oct 18 15:23:33 kashrinivaasan-Inspiron-1545 kernel: [  105.639720] DR0: 00000000 DR1: 00000000 DR2: 00000000 DR3: 00000000
Oct 18 15:23:33 kashrinivaasan-Inspiron-1545 kernel: [  105.639724] DR6: ffff0ff0 DR7: 00000400
Oct 18 15:23:33 kashrinivaasan-Inspiron-1545 kernel: [  105.639729] Process test_virgo_mall (pid: 3089, ti=eea2a000 task=ef45bf70 task.ti=eea2a000)
Oct 18 15:23:33 kashrinivaasan-Inspiron-1545 kernel: [  105.639732] Stack:
Oct 18 15:23:33 kashrinivaasan-Inspiron-1545 kernel: [  105.639735]  00000000 ef562f40 00007530 eea2bfac c12dbc6c c17cf024 ef562f40 00000000
Oct 18 15:23:33 kashrinivaasan-Inspiron-1545 kernel: [  105.639747]  00000038 ee8c6e50 00007530 00000000 000003e8 00000000 000003e8 00000000
Oct 18 15:23:33 kashrinivaasan-Inspiron-1545 kernel: [  105.639759]  eea2bf8c 00000000 eea2bf80 00000001 00000000 00000000 00000000 ef562f58
Oct 18 15:23:33 kashrinivaasan-Inspiron-1545 kernel: [  105.639771] Call Trace:
Oct 18 15:23:33 kashrinivaasan-Inspiron-1545 kernel: [  105.639780]  [<c12dbc6c>] sys_virgo_malloc+0x27c/0x330
Oct 18 15:23:33 kashrinivaasan-Inspiron-1545 kernel: [  105.639790]  [<c10128fd>] ? math_state_restore+0x8d/0x140
Oct 18 15:23:33 kashrinivaasan-Inspiron-1545 kernel: [  105.639797]  [<c15f4bcd>] sysenter_do_call+0x12/0x28
Oct 18 15:23:33 kashrinivaasan-Inspiron-1545 kernel: [  105.639801] Code: c1 e8 1b d3 0f 00 5b 5d c3 90 8d b4 26 00 00 00 00 55 89 e5 83 ec 0c 89 5d f8 89 75 fc 66 66 66 66 90 8b 50 18 89 c3 85 d2 74 14 <8b> 72 04 ff 52 08 c7 43 18 00 00 00 00 89 f0 e8 22 99 bb ff 8b
Oct 18 15:23:33 kashrinivaasan-Inspiron-1545 kernel: [  105.639876] EIP: [<c14ee31a>] sock_release+0x1a/0x80 SS:ESP 0068:eea2bf24
Oct 18 15:23:33 kashrinivaasan-Inspiron-1545 kernel: [  105.639884] CR2: 0000000000000010
Oct 18 15:23:33 kashrinivaasan-Inspiron-1545 kernel: [  105.639889] ---[ end trace b0723b7bbe567ab4 ]---
Oct 18 15:23:34 kashrinivaasan-Inspiron-1545 kernel: [  106.521397] sd 7:0:0:0: [sdb] Test WP failed, assume Write Enabled
Oct 18 15:23:34 kashrinivaasan-Inspiron-1545 kernel: [  106.523761] sd 7:0:0:0: [sdb] Asking for cache data failed
Oct 18 15:23:34 kashrinivaasan-Inspiron-1545 kernel: [  106.523769] sd 7:0:0:0: [sdb] Assuming drive cache: write through
Oct 18 15:23:38 kashrinivaasan-Inspiron-1545 kernel: [  110.336951] BUG: unable to handle kernel paging request at 65686361
Oct 18 15:23:38 kashrinivaasan-Inspiron-1545 kernel: [  110.336962] IP: [<65686361>] 0x65686360
Oct 18 15:23:38 kashrinivaasan-Inspiron-1545 kernel: [  110.336973] *pdpt = 000000002feee001 *pde = 0000000000000000 
Oct 18 15:23:38 kashrinivaasan-Inspiron-1545 kernel: [  110.336980] Oops: 0010 [#2] SMP 
Oct 18 15:23:38 kashrinivaasan-Inspiron-1545 kernel: [  110.336986] Modules linked in: ppp_deflate zlib_deflate bsd_comp ppp_async crc_ccitt nfsd nfs_acl auth_rpcgss rfcomm nfs fscache bnep lockd bluetooth sunrpc parport_pc ppdev binfmt_misc dm_crypt virgo_cloudexec_mempool(OF+) virgo_cloud_mempool_kernelspace(OF) lp parport xt_hl ip6t_rt nf_conntrack_ipv6 nf_defrag_ipv6 ipt_REJECT xt_LOG xt_limit xt_tcpudp joydev xt_addrtype nf_conntrack_ipv4 nf_defrag_ipv4 xt_state option usb_wwan uvcvideo usbserial psmouse ip6table_filter videobuf2_core ip6_tables coretemp gpio_ich videodev snd_hda_codec_idt serio_raw dell_wmi dell_laptop videobuf2_vmalloc mac_hid snd_hda_intel lpc_ich videobuf2_memops snd_hda_codec nf_conntrack_netbios_ns nf_conntrack_broadcast snd_hwdep snd_pcm nf_nat_ftp snd_seq_midi dcdbas sparse_keymap snd_rawmidi nf_nat snd_seq_midi_event snd_seq nf_conntrack_ftp nf_conntrack snd_timer iptable_filter snd_seq_device snd ip_tables soundcore x_tables snd_page_alloc microcode virgo_cloud_test_kernelspace(OF) ums_realtek usb_stor
Oct 18 15:23:38 kashrinivaasan-Inspiron-1545 kernel: age i915 ahci libahci drm_kms_helper drm i2c_algo_bit video wmi sky2
Oct 18 15:23:38 kashrinivaasan-Inspiron-1545 kernel: [  110.337112] Pid: 2496, comm: dbus-daemon Tainted: GF     D    O 3.7.8 #1 Dell Inc. Inspiron 1545                   /0J037P
Oct 18 15:23:38 kashrinivaasan-Inspiron-1545 kernel: [  110.337118] EIP: 0060:[<65686361>] EFLAGS: 00010202 CPU: 1
Oct 18 15:23:38 kashrinivaasan-Inspiron-1545 kernel: [  110.337124] EIP is at 0x65686361
Oct 18 15:23:38 kashrinivaasan-Inspiron-1545 kernel: [  110.337128] EAX: ee9aa240 EBX: c19bb482 ECX: efe9dc1c EDX: eed72a80
Oct 18 15:23:38 kashrinivaasan-Inspiron-1545 kernel: [  110.337132] ESI: ee9aa240 EDI: 00000000 EBP: efe9dbdc ESP: efe9dbd4
Oct 18 15:23:38 kashrinivaasan-Inspiron-1545 kernel: [  110.337135]  DS: 007b ES: 007b FS: 00d8 GS: 00e0 SS: 0068
Oct 18 15:23:38 kashrinivaasan-Inspiron-1545 kernel: [  110.337140] CR0: 80050033 CR2: 65686361 CR3: 2ffd2000 CR4: 000407f0
Oct 18 15:23:38 kashrinivaasan-Inspiron-1545 kernel: [  110.337144] DR0: 00000000 DR1: 00000000 DR2: 00000000 DR3: 00000000
Oct 18 15:23:38 kashrinivaasan-Inspiron-1545 kernel: [  110.337147] DR6: ffff0ff0 DR7: 00000400
Oct 18 15:23:38 kashrinivaasan-Inspiron-1545 kernel: [  110.337152] Process dbus-daemon (pid: 2496, ti=efe9c000 task=ef4fb2c0 task.ti=efe9c000)
Oct 18 15:23:38 kashrinivaasan-Inspiron-1545 kernel: [  110.337155] Stack:
Oct 18 15:23:38 kashrinivaasan-Inspiron-1545 kernel: [  110.337158]  c14ed984 eea1a2e0 efe9df90 c116d00f 00000000 c107761d f687f230 f7bd7100
Oct 18 15:23:38 kashrinivaasan-Inspiron-1545 kernel: [  110.337171]  0087f230 ef4fb2c0 00000000 00000000 00000000 00000000 b91da758 eea1a000
Oct 18 15:23:38 kashrinivaasan-Inspiron-1545 kernel: [  110.337183]  00000001 eea1a2f0 00000000 00000019 ee8a3000 ef4fb2c0 00000000 00000000
Oct 18 15:23:38 kashrinivaasan-Inspiron-1545 kernel: [  110.337195] Call Trace:
Oct 18 15:23:38 kashrinivaasan-Inspiron-1545 kernel: [  110.337205]  [<c14ed984>] ? sock_poll+0x14/0x20
Oct 18 15:23:38 kashrinivaasan-Inspiron-1545 kernel: [  110.337215]  [<c116d00f>] do_sys_poll+0x1ff/0x4b0
Oct 18 15:23:38 kashrinivaasan-Inspiron-1545 kernel: [  110.337221]  [<c107761d>] ? check_preempt_curr+0x5d/0x80
Oct 18 15:23:38 kashrinivaasan-Inspiron-1545 kernel: [  110.337228]  [<c116c690>] ? __pollwait+0xe0/0xe0
Oct 18 15:23:38 kashrinivaasan-Inspiron-1545 kernel: [  110.337234]  [<c116c690>] ? __pollwait+0xe0/0xe0
Oct 18 15:23:38 kashrinivaasan-Inspiron-1545 kernel: [  110.337240]  [<c116c690>] ? __pollwait+0xe0/0xe0
Oct 18 15:23:38 kashrinivaasan-Inspiron-1545 kernel: [  110.337245]  [<c116c690>] ? __pollwait+0xe0/0xe0
Oct 18 15:23:38 kashrinivaasan-Inspiron-1545 kernel: [  110.337251]  [<c116c690>] ? __pollwait+0xe0/0xe0
Oct 18 15:23:38 kashrinivaasan-Inspiron-1545 kernel: [  110.337257]  [<c116c690>] ? __pollwait+0xe0/0xe0
Oct 18 15:23:38 kashrinivaasan-Inspiron-1545 kernel: [  110.337262]  [<c116c690>] ? __pollwait+0xe0/0xe0
Oct 18 15:23:38 kashrinivaasan-Inspiron-1545 kernel: [  110.337268]  [<c116c690>] ? __pollwait+0xe0/0xe0
Oct 18 15:23:38 kashrinivaasan-Inspiron-1545 kernel: [  110.337273]  [<c116c690>] ? __pollwait+0xe0/0xe0
Oct 18 15:23:38 kashrinivaasan-Inspiron-1545 kernel: [  110.337279]  [<c116c690>] ? __pollwait+0xe0/0xe0
Oct 18 15:23:38 kashrinivaasan-Inspiron-1545 kernel: [  110.337285]  [<c116c690>] ? __pollwait+0xe0/0xe0
Oct 18 15:23:38 kashrinivaasan-Inspiron-1545 kernel: [  110.337291]  [<c116c690>] ? __pollwait+0xe0/0xe0
Oct 18 15:23:38 kashrinivaasan-Inspiron-1545 kernel: [  110.337296]  [<c116c690>] ? __pollwait+0xe0/0xe0
Oct 18 15:23:38 kashrinivaasan-Inspiron-1545 kernel: [  110.337302]  [<c116c690>] ? __pollwait+0xe0/0xe0
Oct 18 15:23:38 kashrinivaasan-Inspiron-1545 kernel: [  110.337307]  [<c116c690>] ? __pollwait+0xe0/0xe0
Oct 18 15:23:38 kashrinivaasan-Inspiron-1545 kernel: [  110.337313]  [<c116c690>] ? __pollwait+0xe0/0xe0
Oct 18 15:23:38 kashrinivaasan-Inspiron-1545 kernel: [  110.337319]  [<c116c690>] ? __pollwait+0xe0/0xe0
Oct 18 15:23:38 kashrinivaasan-Inspiron-1545 kernel: [  110.337324]  [<c116c690>] ? __pollwait+0xe0/0xe0
Oct 18 15:23:38 kashrinivaasan-Inspiron-1545 kernel: [  110.337332]  [<c116d319>] sys_poll+0x59/0xc0
Oct 18 15:23:38 kashrinivaasan-Inspiron-1545 kernel: [  110.337339]  [<c106c572>] ? sys_clock_gettime+0xa2/0xc0
Oct 18 15:23:38 kashrinivaasan-Inspiron-1545 kernel: [  110.337346]  [<c15f4bcd>] sysenter_do_call+0x12/0x28
Oct 18 15:23:38 kashrinivaasan-Inspiron-1545 kernel: [  110.337353]  [<c15e0000>] ? virtnet_remove+0x23/0x51
Oct 18 15:23:38 kashrinivaasan-Inspiron-1545 kernel: [  110.337356] Code:  Bad EIP value.
Oct 18 15:23:38 kashrinivaasan-Inspiron-1545 kernel: [  110.337361] EIP: [<65686361>] 0x65686361 SS:ESP 0068:efe9dbd4
Oct 18 15:23:38 kashrinivaasan-Inspiron-1545 kernel: [  110.337370] CR2: 0000000065686361
Oct 18 15:23:38 kashrinivaasan-Inspiron-1545 kernel: [  110.337375] ---[ end trace b0723b7bbe567ab5 ]---
Oct 18 15:23:40 kashrinivaasan-Inspiron-1545 kernel: [  112.004613] BUG: unable to handle kernel NULL pointer dereference at 000003fa
Oct 18 15:23:40 kashrinivaasan-Inspiron-1545 kernel: [  112.004625] IP: [<c103d868>] __ticket_spin_lock+0x8/0x30
Oct 18 15:23:40 kashrinivaasan-Inspiron-1545 kernel: [  112.004636] *pdpt = 000000002e9ad001 *pde = 0000000000000000 
Oct 18 15:23:40 kashrinivaasan-Inspiron-1545 kernel: [  112.004643] Oops: 0002 [#3] SMP 
Oct 18 15:23:40 kashrinivaasan-Inspiron-1545 kernel: [  112.004649] Modules linked in: ppp_deflate zlib_deflate bsd_comp ppp_async crc_ccitt nfsd nfs_acl auth_rpcgss rfcomm nfs fscache bnep lockd bluetooth sunrpc parport_pc ppdev binfmt_misc dm_crypt virgo_cloudexec_mempool(OF+) virgo_cloud_mempool_kernelspace(OF) lp parport xt_hl ip6t_rt nf_conntrack_ipv6 nf_defrag_ipv6 ipt_REJECT xt_LOG xt_limit xt_tcpudp joydev xt_addrtype nf_conntrack_ipv4 nf_defrag_ipv4 xt_state option usb_wwan uvcvideo usbserial psmouse ip6table_filter videobuf2_core ip6_tables coretemp gpio_ich videodev snd_hda_codec_idt serio_raw dell_wmi dell_laptop videobuf2_vmalloc mac_hid snd_hda_intel lpc_ich videobuf2_memops snd_hda_codec nf_conntrack_netbios_ns nf_conntrack_broadcast snd_hwdep snd_pcm nf_nat_ftp snd_seq_midi dcdbas sparse_keymap snd_rawmidi nf_nat snd_seq_midi_event snd_seq nf_conntrack_ftp nf_conntrack snd_timer iptable_filter snd_seq_device snd ip_tables soundcore x_tables snd_page_alloc microcode virgo_cloud_test_kernelspace(OF) ums_realtek usb_stor
Oct 18 15:23:40 kashrinivaasan-Inspiron-1545 kernel: age i915 ahci libahci drm_kms_helper drm i2c_algo_bit video wmi sky2
Oct 18 15:23:40 kashrinivaasan-Inspiron-1545 kernel: [  112.004777] Pid: 3044, comm: ubuntuone-syncd Tainted: GF     D    O 3.7.8 #1 Dell Inc. Inspiron 1545                   /0J037P
Oct 18 15:23:40 kashrinivaasan-Inspiron-1545 kernel: [  112.004783] EIP: 0060:[<c103d868>] EFLAGS: 00210096 CPU: 1
Oct 18 15:23:40 kashrinivaasan-Inspiron-1545 kernel: [  112.004788] EIP is at __ticket_spin_lock+0x8/0x30
Oct 18 15:23:40 kashrinivaasan-Inspiron-1545 kernel: [  112.004792] EAX: 000003fa EBX: 00200096 ECX: 000003fa EDX: 00000100
Oct 18 15:23:40 kashrinivaasan-Inspiron-1545 kernel: [  112.004797] ESI: 00000000 EDI: 00000001 EBP: ee9f7c08 ESP: ee9f7c08
Oct 18 15:23:40 kashrinivaasan-Inspiron-1545 kernel: [  112.004801]  DS: 007b ES: 007b FS: 00d8 GS: 00e0 SS: 0068
Oct 18 15:23:40 kashrinivaasan-Inspiron-1545 kernel: [  112.004805] CR0: 80050033 CR2: 000003fa CR3: 2e8e4000 CR4: 000407f0
Oct 18 15:23:40 kashrinivaasan-Inspiron-1545 kernel: [  112.004809] DR0: 00000000 DR1: 00000000 DR2: 00000000 DR3: 00000000
Oct 18 15:23:40 kashrinivaasan-Inspiron-1545 kernel: [  112.004813] DR6: ffff0ff0 DR7: 00000400
Oct 18 15:23:40 kashrinivaasan-Inspiron-1545 kernel: [  112.004817] Process ubuntuone-syncd (pid: 3044, ti=ee9f6000 task=ef717230 task.ti=ee9f6000)
Oct 18 15:23:40 kashrinivaasan-Inspiron-1545 kernel: [  112.004820] Stack:
Oct 18 15:23:40 kashrinivaasan-Inspiron-1545 kernel: [  112.004823]  ee9f7c10 c103d918 ee9f7c24 c15ed8ef 00000000 00000000 00000001 ee9f7c4c
Oct 18 15:23:40 kashrinivaasan-Inspiron-1545 kernel: [  112.004836]  c107eb05 00000240 ee9f7c48 c14f6be9 00000001 000003fa 00000000 000000c3
Oct 18 15:23:40 kashrinivaasan-Inspiron-1545 kernel: [  112.004848]  00000000 ee9f7c54 c107ed20 ee9f7c7c c116c6e4 000000c3 00000000 00000000
Oct 18 15:23:40 kashrinivaasan-Inspiron-1545 kernel: [  112.004860] Call Trace:
Oct 18 15:23:40 kashrinivaasan-Inspiron-1545 kernel: [  112.004868]  [<c103d918>] default_spin_lock_flags+0x8/0x10
Oct 18 15:23:40 kashrinivaasan-Inspiron-1545 kernel: [  112.004875]  [<c15ed8ef>] _raw_spin_lock_irqsave+0x2f/0x50
Oct 18 15:23:40 kashrinivaasan-Inspiron-1545 kernel: [  112.004883]  [<c107eb05>] try_to_wake_up+0x25/0x230
Oct 18 15:23:40 kashrinivaasan-Inspiron-1545 kernel: [  112.004891]  [<c14f6be9>] ? __kmalloc_reserve+0x29/0x70
Oct 18 15:23:40 kashrinivaasan-Inspiron-1545 kernel: [  112.004897]  [<c107ed20>] default_wake_function+0x10/0x20
Oct 18 15:23:40 kashrinivaasan-Inspiron-1545 kernel: [  112.004904]  [<c116c6e4>] pollwake+0x54/0x60
Oct 18 15:23:40 kashrinivaasan-Inspiron-1545 kernel: [  112.004910]  [<c107ed10>] ? try_to_wake_up+0x230/0x230
Oct 18 15:23:40 kashrinivaasan-Inspiron-1545 kernel: [  112.004918]  [<c1076d08>] __wake_up_common+0x48/0x70
Oct 18 15:23:40 kashrinivaasan-Inspiron-1545 kernel: [  112.004924]  [<c107bcb3>] __wake_up_sync_key+0x43/0x60
Oct 18 15:23:40 kashrinivaasan-Inspiron-1545 kernel: [  112.004930]  [<c14f47a8>] sock_def_readable+0x38/0x70
Oct 18 15:23:40 kashrinivaasan-Inspiron-1545 kernel: [  112.004938]  [<c1581d9a>] unix_stream_sendmsg+0x20a/0x3d0
Oct 18 15:23:40 kashrinivaasan-Inspiron-1545 kernel: [  112.004946]  [<c14eeb22>] sock_sendmsg+0xc2/0xf0
Oct 18 15:23:40 kashrinivaasan-Inspiron-1545 kernel: [  112.004955]  [<c110a4f2>] ? generic_file_buffered_write+0x172/0x210
Oct 18 15:23:40 kashrinivaasan-Inspiron-1545 kernel: [  112.004962]  [<c12e7bed>] ? _copy_from_user+0x3d/0x130
Oct 18 15:23:40 kashrinivaasan-Inspiron-1545 kernel: [  112.004968]  [<c14f9a4b>] ? verify_iovec+0x5b/0xb0
Oct 18 15:23:40 kashrinivaasan-Inspiron-1545 kernel: [  112.004975]  [<c14f0b55>] __sys_sendmsg+0x2c5/0x2e0
Oct 18 15:23:40 kashrinivaasan-Inspiron-1545 kernel: [  112.004982]  [<c10806b2>] ? sched_clock_local+0xb2/0x190
Oct 18 15:23:40 kashrinivaasan-Inspiron-1545 kernel: [  112.004988]  [<c1071f0b>] ? hrtimer_forward+0x16b/0x1b0
Oct 18 15:23:40 kashrinivaasan-Inspiron-1545 kernel: [  112.004995]  [<c12e7d15>] ? copy_to_user+0x35/0x130
Oct 18 15:23:40 kashrinivaasan-Inspiron-1545 kernel: [  112.005001]  [<c1160475>] ? cp_new_stat64+0xf5/0x110
Oct 18 15:23:40 kashrinivaasan-Inspiron-1545 kernel: [  112.005008]  [<c14f0cfb>] sys_sendmsg+0x3b/0x60
Oct 18 15:23:40 kashrinivaasan-Inspiron-1545 kernel: [  112.005014]  [<c14f0ee4>] sys_socketcall+0x114/0x2e0
Oct 18 15:23:40 kashrinivaasan-Inspiron-1545 kernel: [  112.005020]  [<c12e7d15>] ? copy_to_user+0x35/0x130
Oct 18 15:23:40 kashrinivaasan-Inspiron-1545 kernel: [  112.005029]  [<c106c572>] ? sys_clock_gettime+0xa2/0xc0
Oct 18 15:23:40 kashrinivaasan-Inspiron-1545 kernel: [  112.005035]  [<c15f4bcd>] sysenter_do_call+0x12/0x28
Oct 18 15:23:40 kashrinivaasan-Inspiron-1545 kernel: [  112.005038] Code: b8 0d d7 03 c1 e9 59 ff ff ff 90 b9 10 d7 03 c1 b8 13 d7 03 c1 e9 49 ff ff ff 90 90 90 90 90 90 90 90 90 55 ba 00 01 00 00 89 e5 <f0> 66 0f c1 10 89 d1 66 c1 e9 08 38 d1 74 0a 90 f3 90 0f b6 10
Oct 18 15:23:40 kashrinivaasan-Inspiron-1545 kernel: [  112.005114] EIP: [<c103d868>] __ticket_spin_lock+0x8/0x30 SS:ESP 0068:ee9f7c08
Oct 18 15:23:40 kashrinivaasan-Inspiron-1545 kernel: [  112.005122] CR2: 00000000000003fa
Oct 18 15:23:40 kashrinivaasan-Inspiron-1545 kernel: [  112.005128] ---[ end trace b0723b7bbe567ab6 ]---
Oct 18 15:23:40 kashrinivaasan-Inspiron-1545 kernel: [  112.456424] BUG: unable to handle kernel NULL pointer dereference at 000003fa
Oct 18 15:23:40 kashrinivaasan-Inspiron-1545 kernel: [  112.456433] IP: [<c103d868>] __ticket_spin_lock+0x8/0x30
Oct 18 15:23:40 kashrinivaasan-Inspiron-1545 kernel: [  112.456442] *pdpt = 0000000000000000 *pde = 0000000008000005 *pte = 0000000000000000 
Oct 18 15:23:40 kashrinivaasan-Inspiron-1545 kernel: [  112.456447] Oops: 0002 [#4] SMP 
Oct 18 15:23:40 kashrinivaasan-Inspiron-1545 kernel: [  112.456452] Modules linked in: ppp_deflate zlib_deflate bsd_comp ppp_async crc_ccitt nfsd nfs_acl auth_rpcgss rfcomm nfs fscache bnep lockd bluetooth sunrpc parport_pc ppdev binfmt_misc dm_crypt virgo_cloudexec_mempool(OF+) virgo_cloud_mempool_kernelspace(OF) lp parport xt_hl ip6t_rt nf_conntrack_ipv6 nf_defrag_ipv6 ipt_REJECT xt_LOG xt_limit xt_tcpudp joydev xt_addrtype nf_conntrack_ipv4 nf_defrag_ipv4 xt_state option usb_wwan uvcvideo usbserial psmouse ip6table_filter videobuf2_core ip6_tables coretemp gpio_ich videodev snd_hda_codec_idt serio_raw dell_wmi dell_laptop videobuf2_vmalloc mac_hid snd_hda_intel lpc_ich videobuf2_memops snd_hda_codec nf_conntrack_netbios_ns nf_conntrack_broadcast snd_hwdep snd_pcm nf_nat_ftp snd_seq_midi dcdbas sparse_keymap snd_rawmidi nf_nat snd_seq_midi_event snd_seq nf_conntrack_ftp nf_conntrack snd_timer iptable_filter snd_seq_device snd ip_tables soundcore x_tables snd_page_alloc microcode virgo_cloud_test_kernelspace(OF) ums_realtek usb_stor
Oct 18 15:23:40 kashrinivaasan-Inspiron-1545 kernel: age i915 ahci libahci drm_kms_helper drm i2c_algo_bit video wmi sky2
Oct 18 15:23:40 kashrinivaasan-Inspiron-1545 kernel: [  112.456536] Pid: 3083, comm: python Tainted: GF     D    O 3.7.8 #1 Dell Inc. Inspiron 1545                   /0J037P
Oct 18 15:23:40 kashrinivaasan-Inspiron-1545 kernel: [  112.456539] EIP: 0060:[<c103d868>] EFLAGS: 00210096 CPU: 0
Oct 18 15:23:40 kashrinivaasan-Inspiron-1545 kernel: [  112.456543] EIP is at __ticket_spin_lock+0x8/0x30
Oct 18 15:23:40 kashrinivaasan-Inspiron-1545 kernel: [  112.456545] EAX: 000003fa EBX: 00200096 ECX: 000003fa EDX: 00000100
Oct 18 15:23:40 kashrinivaasan-Inspiron-1545 kernel: [  112.456548] ESI: 00000000 EDI: 00000001 EBP: ee999dd4 ESP: ee999dd4
Oct 18 15:23:40 kashrinivaasan-Inspiron-1545 kernel: [  112.456550]  DS: 007b ES: 007b FS: 00d8 GS: 00e0 SS: 0068
Oct 18 15:23:40 kashrinivaasan-Inspiron-1545 kernel: [  112.456553] CR0: 80050033 CR2: 000003fa CR3: 019ad000 CR4: 000407f0
Oct 18 15:23:40 kashrinivaasan-Inspiron-1545 kernel: [  112.456556] DR0: 00000000 DR1: 00000000 DR2: 00000000 DR3: 00000000
Oct 18 15:23:40 kashrinivaasan-Inspiron-1545 kernel: [  112.456558] DR6: ffff0ff0 DR7: 00000400
Oct 18 15:23:40 kashrinivaasan-Inspiron-1545 kernel: [  112.456561] Process python (pid: 3083, ti=ee998000 task=ef458cb0 task.ti=ee998000)
Oct 18 15:23:40 kashrinivaasan-Inspiron-1545 kernel: [  112.456563] Stack:
Oct 18 15:23:40 kashrinivaasan-Inspiron-1545 kernel: [  112.456564]  ee999ddc c103d918 ee999df0 c15ed8ef 00000000 00000000 00000001 ee999e18
Oct 18 15:23:40 kashrinivaasan-Inspiron-1545 kernel: [  112.456573]  c107eb05 00000000 c18d3940 00200296 00000000 000003fa 00000000 00000000
Oct 18 15:23:40 kashrinivaasan-Inspiron-1545 kernel: [  112.456580]  00000000 ee999e20 c107ed20 ee999e48 c116c6e4 00000000 00000000 00000000
Oct 18 15:23:40 kashrinivaasan-Inspiron-1545 kernel: [  112.456587] Call Trace:
Oct 18 15:23:40 kashrinivaasan-Inspiron-1545 kernel: [  112.456592]  [<c103d918>] default_spin_lock_flags+0x8/0x10
Oct 18 15:23:40 kashrinivaasan-Inspiron-1545 kernel: [  112.456597]  [<c15ed8ef>] _raw_spin_lock_irqsave+0x2f/0x50
Oct 18 15:23:40 kashrinivaasan-Inspiron-1545 kernel: [  112.456603]  [<c107eb05>] try_to_wake_up+0x25/0x230
Oct 18 15:23:40 kashrinivaasan-Inspiron-1545 kernel: [  112.456607]  [<c107ed20>] default_wake_function+0x10/0x20
Oct 18 15:23:40 kashrinivaasan-Inspiron-1545 kernel: [  112.456611]  [<c116c6e4>] pollwake+0x54/0x60
Oct 18 15:23:40 kashrinivaasan-Inspiron-1545 kernel: [  112.456615]  [<c107ed10>] ? try_to_wake_up+0x230/0x230
Oct 18 15:23:40 kashrinivaasan-Inspiron-1545 kernel: [  112.456620]  [<c1076d08>] __wake_up_common+0x48/0x70
Oct 18 15:23:40 kashrinivaasan-Inspiron-1545 kernel: [  112.456624]  [<c107bd2c>] __wake_up+0x3c/0x60
Oct 18 15:23:40 kashrinivaasan-Inspiron-1545 kernel: [  112.456629]  [<c14f1f82>] sock_def_wakeup+0x32/0x40
Oct 18 15:23:40 kashrinivaasan-Inspiron-1545 kernel: [  112.456634]  [<c158239c>] unix_release_sock+0x1cc/0x210
Oct 18 15:23:40 kashrinivaasan-Inspiron-1545 kernel: [  112.456638]  [<c116e301>] ? d_free+0x11/0x60
Oct 18 15:23:40 kashrinivaasan-Inspiron-1545 kernel: [  112.456642]  [<c1582403>] unix_release+0x23/0x30
Oct 18 15:23:40 kashrinivaasan-Inspiron-1545 kernel: [  112.456646]  [<c14ee320>] sock_release+0x20/0x80
Oct 18 15:23:40 kashrinivaasan-Inspiron-1545 kernel: [  112.456649]  [<c14ee727>] sock_close+0x17/0x30
Oct 18 15:23:40 kashrinivaasan-Inspiron-1545 kernel: [  112.456655]  [<c115d875>] __fput+0x95/0x1f0
Oct 18 15:23:40 kashrinivaasan-Inspiron-1545 kernel: [  112.456659]  [<c115da3d>] ____fput+0xd/0x10
Oct 18 15:23:40 kashrinivaasan-Inspiron-1545 kernel: [  112.456663]  [<c106a7a9>] task_work_run+0x79/0xa0
Oct 18 15:23:40 kashrinivaasan-Inspiron-1545 kernel: [  112.456667]  [<c1050d27>] do_exit+0x167/0x810
Oct 18 15:23:40 kashrinivaasan-Inspiron-1545 kernel: [  112.456672]  [<c10620fb>] ? sys_rt_sigaction+0x5b/0xa0
Oct 18 15:23:40 kashrinivaasan-Inspiron-1545 kernel: [  112.456676]  [<c105140e>] do_group_exit+0x3e/0xa0
Oct 18 15:23:40 kashrinivaasan-Inspiron-1545 kernel: [  112.456679]  [<c1051488>] sys_exit_group+0x18/0x20
Oct 18 15:23:40 kashrinivaasan-Inspiron-1545 kernel: [  112.456683]  [<c15f4bcd>] sysenter_do_call+0x12/0x28
Oct 18 15:23:40 kashrinivaasan-Inspiron-1545 kernel: [  112.456685] Code: b8 0d d7 03 c1 e9 59 ff ff ff 90 b9 10 d7 03 c1 b8 13 d7 03 c1 e9 49 ff ff ff 90 90 90 90 90 90 90 90 90 55 ba 00 01 00 00 89 e5 <f0> 66 0f c1 10 89 d1 66 c1 e9 08 38 d1 74 0a 90 f3 90 0f b6 10
Oct 18 15:23:40 kashrinivaasan-Inspiron-1545 kernel: [  112.456731] EIP: [<c103d868>] __ticket_spin_lock+0x8/0x30 SS:ESP 0068:ee999dd4
Oct 18 15:23:40 kashrinivaasan-Inspiron-1545 kernel: [  112.456736] CR2: 00000000000003fa
Oct 18 15:23:40 kashrinivaasan-Inspiron-1545 kernel: [  112.456740] ---[ end trace b0723b7bbe567ab7 ]---
Oct 18 15:23:40 kashrinivaasan-Inspiron-1545 kernel: [  112.456742] Fixing recursive fault but reboot is needed!
Oct 18 15:24:36 kashrinivaasan-Inspiron-1545 kernel: imklog 5.8.6, log source = /proc/kmsg started.
Oct 18 15:24:36 kashrinivaasan-Inspiron-1545 kernel: [    0.000000] Initializing cgroup subsys cpuset
Oct 18 15:24:36 kashrinivaasan-Inspiron-1545 kernel: [    0.000000] Initializing cgroup subsys cpu
Oct 18 15:24:36 kashrinivaasan-Inspiron-1545 kernel: [    0.000000] Linux version 3.7.8 (root@kashrinivaasan-Inspiron-1545) (gcc version 4.4.1 (GCC) ) #1 SMP Fri Oct 18 13:55:56 IST 2013
Oct 18 15:24:36 kashrinivaasan-Inspiron-1545 kernel: [    0.000000] KERNEL supported cpus:
Oct 18 15:24:36 kashrinivaasan-Inspiron-1545 kernel: [    0.000000]   Intel GenuineIntel
Oct 18 15:24:36 kashrinivaasan-Inspiron-1545 kernel: [    0.000000]   AMD AuthenticAMD
Oct 18 15:24:36 kashrinivaasan-Inspiron-1545 kernel: [    0.000000]   NSC Geode by NSC
Oct 18 15:24:36 kashrinivaasan-Inspiron-1545 kernel: [    0.000000]   Cyrix CyrixInstead
Oct 18 15:24:36 kashrinivaasan-Inspiron-1545 kernel: [    0.000000]   Centaur CentaurHauls
Oct 18 15:24:36 kashrinivaasan-Inspiron-1545 kernel: [    0.000000]   Transmeta GenuineTMx86
Oct 18 15:24:36 kashrinivaasan-Inspiron-1545 kernel: [    0.000000]   Transmeta TransmetaCPU
Oct 18 15:24:36 kashrinivaasan-Inspiron-1545 kernel: [    0.000000]   UMC UMC UMC UMC
Oct 18 15:24:36 kashrinivaasan-Inspiron-1545 kernel: [    0.000000] e820: BIOS-provided physical RAM map:
Oct 18 15:24:36 kashrinivaasan-Inspiron-1545 kernel: [    0.000000] BIOS-e820: [mem 0x0000000000000000-0x000000000009efff] usable
Oct 18 15:24:36 kashrinivaasan-Inspiron-1545 kernel: [    0.000000] BIOS-e820: [mem 0x000000000009f000-0x000000000009ffff] reserved
Oct 18 15:24:36 kashrinivaasan-Inspiron-1545 kernel: [    0.000000] BIOS-e820: [mem 0x0000000000100000-0x00000000bd8bf3ff] usable
Oct 18 15:24:36 kashrinivaasan-Inspiron-1545 kernel: [    0.000000] BIOS-e820: [mem 0x00000000bd8bf400-0x00000000bdac13ff] ACPI NVS
Oct 18 15:24:36 kashrinivaasan-Inspiron-1545 kernel: [    0.000000] BIOS-e820: [mem 0x00000000bdac1400-0x00000000bfffffff] reserved
Oct 18 15:24:36 kashrinivaasan-Inspiron-1545 kernel: [    0.000000] BIOS-e820: [mem 0x00000000f8000000-0x00000000fbffffff] reserved
Oct 18 15:24:36 kashrinivaasan-Inspiron-1545 kernel: [    0.000000] BIOS-e820: [mem 0x00000000fec00000-0x00000000fec0ffff] reserved
Oct 18 15:24:36 kashrinivaasan-Inspiron-1545 kernel: [    0.000000] BIOS-e820: [mem 0x00000000fed18000-0x00000000fed1bfff] reserved
Oct 18 15:24:36 kashrinivaasan-Inspiron-1545 kernel: [    0.000000] BIOS-e820: [mem 0x00000000fed20000-0x00000000fed8ffff] reserved
Oct 18 15:24:36 kashrinivaasan-Inspiron-1545 kernel: [    0.000000] BIOS-e820: [mem 0x00000000feda0000-0x00000000feda5fff] reserved
Oct 18 15:24:36 kashrinivaasan-Inspiron-1545 kernel: [    0.000000] BIOS-e820: [mem 0x00000000fee00000-0x00000000fee0ffff] reserved
Oct 18 15:24:36 kashrinivaasan-Inspiron-1545 kernel: [    0.000000] BIOS-e820: [mem 0x00000000ffe00000-0x00000000ffffffff] reserved
Oct 18 15:24:36 kashrinivaasan-Inspiron-1545 kernel: [    0.000000] NX (Execute Disable) protection: active
Oct 18 15:24:36 kashrinivaasan-Inspiron-1545 kernel: [    0.000000] SMBIOS 2.4 present.
Oct 18 15:24:36 kashrinivaasan-Inspiron-1545 kernel: [    0.000000] DMI: Dell Inc. Inspiron 1545                   /0J037P, BIOS A14 12/07/2009
Oct 18 15:24:36 kashrinivaasan-Inspiron-1545 kernel: [    0.000000] e820: update [mem 0x00000000-0x0000ffff] usable ==> reserved
Oct 18 15:24:36 kashrinivaasan-Inspiron-1545 kernel: [    0.000000] e820: remove [mem 0x000a0000-0x000fffff] usable
Oct 18 15:24:36 kashrinivaasan-Inspiron-1545 kernel: [    0.000000] e820: last_pfn = 0xbd8bf max_arch_pfn = 0x1000000
Oct 18 15:24:36 kashrinivaasan-Inspiron-1545 kernel: [    0.000000] MTRR default type: uncachable
Oct 18 15:24:36 kashrinivaasan-Inspiron-1545 kernel: [    0.000000] MTRR fixed ranges enabled:
Oct 18 15:24:36 kashrinivaasan-Inspiron-1545 kernel: [    0.000000]   00000-9FFFF write-back
Oct 18 15:24:36 kashrinivaasan-Inspiron-1545 kernel: [    0.000000]   A0000-BFFFF uncachable
Oct 18 15:24:36 kashrinivaasan-Inspiron-1545 kernel: [    0.000000]   C0000-CFFFF write-protect
Oct 18 15:24:36 kashrinivaasan-Inspiron-1545 kernel: [    0.000000]   D0000-EFFFF uncachable
Oct 18 15:24:36 kashrinivaasan-Inspiron-1545 kernel: [    0.000000]   F0000-FFFFF write-protect
Oct 18 15:24:36 kashrinivaasan-Inspiron-1545 kernel: [    0.000000] MTRR variable ranges enabled:
Oct 18 15:24:36 kashrinivaasan-Inspiron-1545 kernel: [    0.000000]   0 base 000000000 mask 800000000 write-back
Oct 18 15:24:36 kashrinivaasan-Inspiron-1545 kernel: [    0.000000]   1 base 0E0000000 mask FE0000000 uncachable
Oct 18 15:24:36 kashrinivaasan-Inspiron-1545 kernel: [    0.000000]   2 base 0BDC00000 mask FFFC00000 uncachable
Oct 18 15:24:36 kashrinivaasan-Inspiron-1545 kernel: [    0.000000]   3 base 0BE000000 mask FFE000000 uncachable
Oct 18 15:24:36 kashrinivaasan-Inspiron-1545 kernel: [    0.000000]   4 disabled
Oct 18 15:24:36 kashrinivaasan-Inspiron-1545 kernel: [    0.000000]   5 disabled
Oct 18 15:24:36 kashrinivaasan-Inspiron-1545 kernel: [    0.000000]   6 disabled
Oct 18 15:24:36 kashrinivaasan-Inspiron-1545 kernel: [    0.000000] x86 PAT enabled: cpu 0, old 0x7040600070406, new 0x7010600070106
Oct 18 15:24:36 kashrinivaasan-Inspiron-1545 kernel: [    0.000000] original variable MTRRs
Oct 18 15:24:36 kashrinivaasan-Inspiron-1545 kernel: [    0.000000] reg 0, base: 0GB, range: 32GB, type WB
Oct 18 15:24:36 kashrinivaasan-Inspiron-1545 kernel: [    0.000000] reg 1, base: 3584MB, range: 512MB, type UC
Oct 18 15:24:36 kashrinivaasan-Inspiron-1545 kernel: [    0.000000] reg 2, base: 3036MB, range: 4MB, type UC
Oct 18 15:24:36 kashrinivaasan-Inspiron-1545 kernel: [    0.000000] reg 3, base: 3040MB, range: 32MB, type UC
Oct 18 15:24:36 kashrinivaasan-Inspiron-1545 kernel: [    0.000000] total RAM covered: 32220M
Oct 18 15:24:36 kashrinivaasan-Inspiron-1545 kernel: [    0.000000]  gran_size: 64K 	chunk_size: 64K 	num_reg: 7  	lose cover RAM: 29188M
Oct 18 15:24:36 kashrinivaasan-Inspiron-1545 kernel: [    0.000000]  gran_size: 64K 	chunk_size: 128K 	num_reg: 7  	lose cover RAM: 29188M
Oct 18 15:24:36 kashrinivaasan-Inspiron-1545 kernel: [    0.000000]  gran_size: 64K 	chunk_size: 256K 	num_reg: 7  	lose cover RAM: 29188M
Oct 18 15:24:36 kashrinivaasan-Inspiron-1545 kernel: [    0.000000]  gran_size: 64K 	chunk_size: 512K 	num_reg: 7  	lose cover RAM: 29188M
Oct 18 15:24:36 kashrinivaasan-Inspiron-1545 kernel: [    0.000000]  gran_size: 64K 	chunk_size: 1M 	num_reg: 7  	lose cover RAM: 29188M
Oct 18 15:24:36 kashrinivaasan-Inspiron-1545 kernel: [    0.000000]  gran_size: 64K 	chunk_size: 2M 	num_reg: 7  	lose cover RAM: 29188M
Oct 18 15:24:36 kashrinivaasan-Inspiron-1545 kernel: [    0.000000]  gran_size: 64K 	chunk_size: 4M 	num_reg: 7  	lose cover RAM: 29188M
Oct 18 15:24:36 kashrinivaasan-Inspiron-1545 kernel: [    0.000000]  gran_size: 64K 	chunk_size: 8M 	num_reg: 7  	lose cover RAM: 29184M
Oct 18 15:24:36 kashrinivaasan-Inspiron-1545 kernel: [    0.000000]  gran_size: 64K 	chunk_size: 16M 	num_reg: 7  	lose cover RAM: 29184M
Oct 18 15:24:36 kashrinivaasan-Inspiron-1545 kernel: [    0.000000]  gran_size: 64K 	chunk_size: 32M 	num_reg: 7  	lose cover RAM: 29184M
Oct 18 15:24:36 kashrinivaasan-Inspiron-1545 kernel: [    0.000000]  gran_size: 64K 	chunk_size: 64M 	num_reg: 7  	lose cover RAM: 16G
Oct 18 15:24:36 kashrinivaasan-Inspiron-1545 kernel: [    0.000000]  gran_size: 64K 	chunk_size: 128M 	num_reg: 7  	lose cover RAM: 16G
Oct 18 15:24:36 kashrinivaasan-Inspiron-1545 kernel: [    0.000000]  gran_size: 64K 	chunk_size: 256M 	num_reg: 7  	lose cover RAM: 16G
Oct 18 15:24:36 kashrinivaasan-Inspiron-1545 kernel: [    0.000000]  gran_size: 64K 	chunk_size: 512M 	num_reg: 7  	lose cover RAM: 16G
Oct 18 15:24:36 kashrinivaasan-Inspiron-1545 kernel: [    0.000000]  gran_size: 64K 	chunk_size: 1G 	num_reg: 7  	lose cover RAM: 16G
Oct 18 15:24:36 kashrinivaasan-Inspiron-1545 kernel: [    0.000000]  gran_size: 64K 	chunk_size: 2G 	num_reg: 7  	lose cover RAM: 29188M
Oct 18 15:24:36 kashrinivaasan-Inspiron-1545 kernel: [    0.000000]  gran_size: 128K 	chunk_size: 128K 	num_reg: 7  	lose cover RAM: 29188M
Oct 18 15:24:36 kashrinivaasan-Inspiron-1545 kernel: [    0.000000]  gran_size: 128K 	chunk_size: 256K 	num_reg: 7  	lose cover RAM: 29188M
Oct 18 15:24:36 kashrinivaasan-Inspiron-1545 kernel: [    0.000000]  gran_size: 128K 	chunk_size: 512K 	num_reg: 7  	lose cover RAM: 29188M
Oct 18 15:24:36 kashrinivaasan-Inspiron-1545 kernel: [    0.000000]  gran_size: 128K 	chunk_size: 1M 	num_reg: 7  	lose cover RAM: 29188M
Oct 18 15:24:36 kashrinivaasan-Inspiron-1545 kernel: [    0.000000]  gran_size: 128K 	chunk_size: 2M 	num_reg: 7  	lose cover RAM: 29188M
Oct 18 15:24:36 kashrinivaasan-Inspiron-1545 kernel: [    0.000000]  gran_size: 128K 	chunk_size: 4M 	num_reg: 7  	lose cover RAM: 29188M
Oct 18 15:24:36 kashrinivaasan-Inspiron-1545 kernel: [    0.000000]  gran_size: 128K 	chunk_size: 8M 	num_reg: 7  	lose cover RAM: 29184M
Oct 18 15:24:36 kashrinivaasan-Inspiron-1545 kernel: [    0.000000]  gran_size: 128K 	chunk_size: 16M 	num_reg: 7  	lose cover RAM: 29184M
Oct 18 15:24:36 kashrinivaasan-Inspiron-1545 kernel: [    0.000000]  gran_size: 128K 	chunk_size: 32M 	num_reg: 7  	lose cover RAM: 29184M
Oct 18 15:24:36 kashrinivaasan-Inspiron-1545 kernel: [    0.000000]  gran_size: 128K 	chunk_size: 64M 	num_reg: 7  	lose cover RAM: 16G
Oct 18 15:24:36 kashrinivaasan-Inspiron-1545 kernel: [    0.000000]  gran_size: 128K 	chunk_size: 128M 	num_reg: 7  	lose cover RAM: 16G
Oct 18 15:24:36 kashrinivaasan-Inspiron-1545 kernel: [    0.000000]  gran_size: 128K 	chunk_size: 256M 	num_reg: 7  	lose cover RAM: 16G
Oct 18 15:24:36 kashrinivaasan-Inspiron-1545 kernel: [    0.000000]  gran_size: 128K 	chunk_size: 512M 	num_reg: 7  	lose cover RAM: 16G
Oct 18 15:24:36 kashrinivaasan-Inspiron-1545 kernel: [    0.000000]  gran_size: 128K 	chunk_size: 1G 	num_reg: 7  	lose cover RAM: 16G
Oct 18 15:24:36 kashrinivaasan-Inspiron-1545 kernel: [    0.000000]  gran_size: 128K 	chunk_size: 2G 	num_reg: 7  	lose cover RAM: 29188M
Oct 18 15:24:36 kashrinivaasan-Inspiron-1545 kernel: [    0.000000]  gran_size: 256K 	chunk_size: 256K 	num_reg: 7  	lose cover RAM: 29188M
Oct 18 15:24:36 kashrinivaasan-Inspiron-1545 kernel: [    0.000000]  gran_size: 256K 	chunk_size: 512K 	num_reg: 7  	lose cover RAM: 29188M
Oct 18 15:24:36 kashrinivaasan-Inspiron-1545 kernel: [    0.000000]  gran_size: 256K 	chunk_size: 1M 	num_reg: 7  	lose cover RAM: 29188M
Oct 18 15:24:36 kashrinivaasan-Inspiron-1545 kernel: [    0.000000]  gran_size: 256K 	chunk_size: 2M 	num_reg: 7  	lose cover RAM: 29188M
Oct 18 15:24:36 kashrinivaasan-Inspiron-1545 kernel: [    0.000000]  gran_size: 256K 	chunk_size: 4M 	num_reg: 7  	lose cover RAM: 29188M
Oct 18 15:24:36 kashrinivaasan-Inspiron-1545 kernel: [    0.000000]  gran_size: 256K 	chunk_size: 8M 	num_reg: 7  	lose cover RAM: 29184M
Oct 18 15:24:36 kashrinivaasan-Inspiron-1545 kernel: [    0.000000]  gran_size: 256K 	chunk_size: 16M 	num_reg: 7  	lose cover RAM: 29184M
Oct 18 15:24:36 kashrinivaasan-Inspiron-1545 kernel: [    0.000000]  gran_size: 256K 	chunk_size: 32M 	num_reg: 7  	lose cover RAM: 29184M
Oct 18 15:24:36 kashrinivaasan-Inspiron-1545 kernel: [    0.000000]  gran_size: 256K 	chunk_size: 64M 	num_reg: 7  	lose cover RAM: 16G
Oct 18 15:24:36 kashrinivaasan-Inspiron-1545 kernel: [    0.000000]  gran_size: 256K 	chunk_size: 128M 	num_reg: 7  	lose cover RAM: 16G
Oct 18 15:24:36 kashrinivaasan-Inspiron-1545 kernel: [    0.000000]  gran_size: 256K 	chunk_size: 256M 	num_reg: 7  	lose cover RAM: 16G
Oct 18 15:24:36 kashrinivaasan-Inspiron-1545 kernel: [    0.000000]  gran_size: 256K 	chunk_size: 512M 	num_reg: 7  	lose cover RAM: 16G
Oct 18 15:24:36 kashrinivaasan-Inspiron-1545 kernel: [    0.000000]  gran_size: 256K 	chunk_size: 1G 	num_reg: 7  	lose cover RAM: 16G
Oct 18 15:24:36 kashrinivaasan-Inspiron-1545 kernel: [    0.000000]  gran_size: 256K 	chunk_size: 2G 	num_reg: 7  	lose cover RAM: 29188M
Oct 18 15:24:36 kashrinivaasan-Inspiron-1545 kernel: [    0.000000]  gran_size: 512K 	chunk_size: 512K 	num_reg: 7  	lose cover RAM: 29188M
Oct 18 15:24:36 kashrinivaasan-Inspiron-1545 kernel: [    0.000000]  gran_size: 512K 	chunk_size: 1M 	num_reg: 7  	lose cover RAM: 29188M
Oct 18 15:24:36 kashrinivaasan-Inspiron-1545 kernel: [    0.000000]  gran_size: 512K 	chunk_size: 2M 	num_reg: 7  	lose cover RAM: 29188M
Oct 18 15:24:36 kashrinivaasan-Inspiron-1545 kernel: [    0.000000]  gran_size: 512K 	chunk_size: 4M 	num_reg: 7  	lose cover RAM: 29188M
Oct 18 15:24:36 kashrinivaasan-Inspiron-1545 kernel: [    0.000000]  gran_size: 512K 	chunk_size: 8M 	num_reg: 7  	lose cover RAM: 29184M
Oct 18 15:24:36 kashrinivaasan-Inspiron-1545 kernel: [    0.000000]  gran_size: 512K 	chunk_size: 16M 	num_reg: 7  	lose cover RAM: 29184M
Oct 18 15:24:36 kashrinivaasan-Inspiron-1545 kernel: [    0.000000]  gran_size: 512K 	chunk_size: 32M 	num_reg: 7  	lose cover RAM: 29184M
Oct 18 15:24:36 kashrinivaasan-Inspiron-1545 kernel: [    0.000000]  gran_size: 512K 	chunk_size: 64M 	num_reg: 7  	lose cover RAM: 16G
Oct 18 15:24:36 kashrinivaasan-Inspiron-1545 kernel: [    0.000000]  gran_size: 512K 	chunk_size: 128M 	num_reg: 7  	lose cover RAM: 16G
Oct 18 15:24:36 kashrinivaasan-Inspiron-1545 kernel: [    0.000000]  gran_size: 512K 	chunk_size: 256M 	num_reg: 7  	lose cover RAM: 16G
Oct 18 15:24:36 kashrinivaasan-Inspiron-1545 kernel: [    0.000000]  gran_size: 512K 	chunk_size: 512M 	num_reg: 7  	lose cover RAM: 16G
Oct 18 15:24:36 kashrinivaasan-Inspiron-1545 kernel: [    0.000000]  gran_size: 512K 	chunk_size: 1G 	num_reg: 7  	lose cover RAM: 16G
Oct 18 15:24:36 kashrinivaasan-Inspiron-1545 kernel: [    0.000000]  gran_size: 512K 	chunk_size: 2G 	num_reg: 7  	lose cover RAM: 29188M
Oct 18 15:24:36 kashrinivaasan-Inspiron-1545 kernel: [    0.000000]  gran_size: 1M 	chunk_size: 1M 	num_reg: 7  	lose cover RAM: 29188M
Oct 18 15:24:36 kashrinivaasan-Inspiron-1545 kernel: [    0.000000]  gran_size: 1M 	chunk_size: 2M 	num_reg: 7  	lose cover RAM: 29188M
Oct 18 15:24:36 kashrinivaasan-Inspiron-1545 kernel: [    0.000000]  gran_size: 1M 	chunk_size: 4M 	num_reg: 7  	lose cover RAM: 29188M
Oct 18 15:24:36 kashrinivaasan-Inspiron-1545 kernel: [    0.000000]  gran_size: 1M 	chunk_size: 8M 	num_reg: 7  	lose cover RAM: 29184M
Oct 18 15:24:36 kashrinivaasan-Inspiron-1545 kernel: [    0.000000]  gran_size: 1M 	chunk_size: 16M 	num_reg: 7  	lose cover RAM: 29184M
Oct 18 15:24:36 kashrinivaasan-Inspiron-1545 kernel: [    0.000000]  gran_size: 1M 	chunk_size: 32M 	num_reg: 7  	lose cover RAM: 29184M
Oct 18 15:24:36 kashrinivaasan-Inspiron-1545 kernel: [    0.000000]  gran_size: 1M 	chunk_size: 64M 	num_reg: 7  	lose cover RAM: 16G
Oct 18 15:24:36 kashrinivaasan-Inspiron-1545 kernel: [    0.000000]  gran_size: 1M 	chunk_size: 128M 	num_reg: 7  	lose cover RAM: 16G
Oct 18 15:24:36 kashrinivaasan-Inspiron-1545 kernel: [    0.000000]  gran_size: 1M 	chunk_size: 256M 	num_reg: 7  	lose cover RAM: 16G
Oct 18 15:24:36 kashrinivaasan-Inspiron-1545 kernel: [    0.000000]  gran_size: 1M 	chunk_size: 512M 	num_reg: 7  	lose cover RAM: 16G
Oct 18 15:24:36 kashrinivaasan-Inspiron-1545 kernel: [    0.000000]  gran_size: 1M 	chunk_size: 1G 	num_reg: 7  	lose cover RAM: 16G
Oct 18 15:24:36 kashrinivaasan-Inspiron-1545 kernel: [    0.000000]  gran_size: 1M 	chunk_size: 2G 	num_reg: 7  	lose cover RAM: 29188M
Oct 18 15:24:36 kashrinivaasan-Inspiron-1545 kernel: [    0.000000]  gran_size: 2M 	chunk_size: 2M 	num_reg: 7  	lose cover RAM: 29188M
Oct 18 15:24:36 kashrinivaasan-Inspiron-1545 kernel: [    0.000000]  gran_size: 2M 	chunk_size: 4M 	num_reg: 7  	lose cover RAM: 29188M
Oct 18 15:24:36 kashrinivaasan-Inspiron-1545 kernel: [    0.000000]  gran_size: 2M 	chunk_size: 8M 	num_reg: 7  	lose cover RAM: 29184M
Oct 18 15:24:36 kashrinivaasan-Inspiron-1545 kernel: [    0.000000]  gran_size: 2M 	chunk_size: 16M 	num_reg: 7  	lose cover RAM: 29184M
Oct 18 15:24:36 kashrinivaasan-Inspiron-1545 kernel: [    0.000000]  gran_size: 2M 	chunk_size: 32M 	num_reg: 7  	lose cover RAM: 29184M
Oct 18 15:24:36 kashrinivaasan-Inspiron-1545 kernel: [    0.000000]  gran_size: 2M 	chunk_size: 64M 	num_reg: 7  	lose cover RAM: 16G
Oct 18 15:24:36 kashrinivaasan-Inspiron-1545 kernel: [    0.000000]  gran_size: 2M 	chunk_size: 128M 	num_reg: 7  	lose cover RAM: 16G
Oct 18 15:24:36 kashrinivaasan-Inspiron-1545 kernel: [    0.000000]  gran_size: 2M 	chunk_size: 256M 	num_reg: 7  	lose cover RAM: 16G
Oct 18 15:24:36 kashrinivaasan-Inspiron-1545 kernel: [    0.000000]  gran_size: 2M 	chunk_size: 512M 	num_reg: 7  	lose cover RAM: 16G
Oct 18 15:24:36 kashrinivaasan-Inspiron-1545 kernel: [    0.000000]  gran_size: 2M 	chunk_size: 1G 	num_reg: 7  	lose cover RAM: 16G
Oct 18 15:24:36 kashrinivaasan-Inspiron-1545 kernel: [    0.000000]  gran_size: 2M 	chunk_size: 2G 	num_reg: 7  	lose cover RAM: 29188M
Oct 18 15:24:36 kashrinivaasan-Inspiron-1545 kernel: [    0.000000]  gran_size: 4M 	chunk_size: 4M 	num_reg: 7  	lose cover RAM: 29188M
Oct 18 15:24:36 kashrinivaasan-Inspiron-1545 kernel: [    0.000000]  gran_size: 4M 	chunk_size: 8M 	num_reg: 7  	lose cover RAM: 29184M
Oct 18 15:24:36 kashrinivaasan-Inspiron-1545 kernel: [    0.000000]  gran_size: 4M 	chunk_size: 16M 	num_reg: 7  	lose cover RAM: 29184M
Oct 18 15:24:36 kashrinivaasan-Inspiron-1545 kernel: [    0.000000]  gran_size: 4M 	chunk_size: 32M 	num_reg: 7  	lose cover RAM: 29184M
Oct 18 15:24:36 kashrinivaasan-Inspiron-1545 kernel: [    0.000000]  gran_size: 4M 	chunk_size: 64M 	num_reg: 7  	lose cover RAM: 16G
Oct 18 15:24:36 kashrinivaasan-Inspiron-1545 kernel: [    0.000000]  gran_size: 4M 	chunk_size: 128M 	num_reg: 7  	lose cover RAM: 16G
Oct 18 15:24:36 kashrinivaasan-Inspiron-1545 kernel: [    0.000000]  gran_size: 4M 	chunk_size: 256M 	num_reg: 7  	lose cover RAM: 16G
Oct 18 15:24:36 kashrinivaasan-Inspiron-1545 kernel: [    0.000000]  gran_size: 4M 	chunk_size: 512M 	num_reg: 7  	lose cover RAM: 16G
Oct 18 15:24:36 kashrinivaasan-Inspiron-1545 kernel: [    0.000000]  gran_size: 4M 	chunk_size: 1G 	num_reg: 7  	lose cover RAM: 16G
Oct 18 15:24:36 kashrinivaasan-Inspiron-1545 kernel: [    0.000000]  gran_size: 4M 	chunk_size: 2G 	num_reg: 7  	lose cover RAM: 29188M
Oct 18 15:24:36 kashrinivaasan-Inspiron-1545 kernel: [    0.000000]  gran_size: 8M 	chunk_size: 8M 	num_reg: 7  	lose cover RAM: 29188M
Oct 18 15:24:36 kashrinivaasan-Inspiron-1545 kernel: [    0.000000]  gran_size: 8M 	chunk_size: 16M 	num_reg: 7  	lose cover RAM: 29188M
Oct 18 15:24:36 kashrinivaasan-Inspiron-1545 kernel: [    0.000000]  gran_size: 8M 	chunk_size: 32M 	num_reg: 7  	lose cover RAM: 29188M
Oct 18 15:24:36 kashrinivaasan-Inspiron-1545 kernel: [    0.000000]  gran_size: 8M 	chunk_size: 64M 	num_reg: 7  	lose cover RAM: 16388M
Oct 18 15:24:36 kashrinivaasan-Inspiron-1545 kernel: [    0.000000]  gran_size: 8M 	chunk_size: 128M 	num_reg: 7  	lose cover RAM: 16388M
Oct 18 15:24:36 kashrinivaasan-Inspiron-1545 kernel: [    0.000000]  gran_size: 8M 	chunk_size: 256M 	num_reg: 7  	lose cover RAM: 16388M
Oct 18 15:24:36 kashrinivaasan-Inspiron-1545 kernel: [    0.000000]  gran_size: 8M 	chunk_size: 512M 	num_reg: 7  	lose cover RAM: 16388M
Oct 18 15:24:36 kashrinivaasan-Inspiron-1545 kernel: [    0.000000]  gran_size: 8M 	chunk_size: 1G 	num_reg: 7  	lose cover RAM: 16388M
Oct 18 15:24:36 kashrinivaasan-Inspiron-1545 kernel: [    0.000000]  gran_size: 8M 	chunk_size: 2G 	num_reg: 7  	lose cover RAM: 29188M
Oct 18 15:24:36 kashrinivaasan-Inspiron-1545 kernel: [    0.000000]  gran_size: 16M 	chunk_size: 16M 	num_reg: 7  	lose cover RAM: 28684M
Oct 18 15:24:36 kashrinivaasan-Inspiron-1545 kernel: [    0.000000]  gran_size: 16M 	chunk_size: 32M 	num_reg: 7  	lose cover RAM: 29196M
Oct 18 15:24:36 kashrinivaasan-Inspiron-1545 kernel: [    0.000000]  gran_size: 16M 	chunk_size: 64M 	num_reg: 7  	lose cover RAM: 16396M
Oct 18 15:24:36 kashrinivaasan-Inspiron-1545 kernel: [    0.000000]  gran_size: 16M 	chunk_size: 128M 	num_reg: 7  	lose cover RAM: 16396M
Oct 18 15:24:36 kashrinivaasan-Inspiron-1545 kernel: [    0.000000]  gran_size: 16M 	chunk_size: 256M 	num_reg: 7  	lose cover RAM: 16396M
Oct 18 15:24:36 kashrinivaasan-Inspiron-1545 kernel: [    0.000000]  gran_size: 16M 	chunk_size: 512M 	num_reg: 7  	lose cover RAM: 16396M
Oct 18 15:24:36 kashrinivaasan-Inspiron-1545 kernel: [    0.000000]  gran_size: 16M 	chunk_size: 1G 	num_reg: 7  	lose cover RAM: 16396M
Oct 18 15:24:36 kashrinivaasan-Inspiron-1545 kernel: [    0.000000]  gran_size: 16M 	chunk_size: 2G 	num_reg: 7  	lose cover RAM: 28172M
Oct 18 15:24:36 kashrinivaasan-Inspiron-1545 kernel: [    0.000000]  gran_size: 32M 	chunk_size: 32M 	num_reg: 7  	lose cover RAM: 24604M
Oct 18 15:24:36 kashrinivaasan-Inspiron-1545 kernel: [    0.000000]  gran_size: 32M 	chunk_size: 64M 	num_reg: 7  	lose cover RAM: 24604M
Oct 18 15:24:36 kashrinivaasan-Inspiron-1545 kernel: [    0.000000]  gran_size: 32M 	chunk_size: 128M 	num_reg: 7  	lose cover RAM: 28M
Oct 18 15:24:36 kashrinivaasan-Inspiron-1545 kernel: [    0.000000]  gran_size: 32M 	chunk_size: 256M 	num_reg: 7  	lose cover RAM: 28M
Oct 18 15:24:36 kashrinivaasan-Inspiron-1545 kernel: [    0.000000]  gran_size: 32M 	chunk_size: 512M 	num_reg: 7  	lose cover RAM: 28M
Oct 18 15:24:36 kashrinivaasan-Inspiron-1545 kernel: [    0.000000]  gran_size: 32M 	chunk_size: 1G 	num_reg: 7  	lose cover RAM: 28M
Oct 18 15:24:36 kashrinivaasan-Inspiron-1545 kernel: [    0.000000]  gran_size: 32M 	chunk_size: 2G 	num_reg: 7  	lose cover RAM: 27164M
