Nov 28 12:05:25 kashrinivaasan-Inspiron-1545 kernel: [   13.993565] input: HDA Intel Mic as /devices/pci0000:00/0000:00:1b.0/sound/card0/input9
Nov 28 12:05:25 kashrinivaasan-Inspiron-1545 kernel: [   13.993756] input: HDA Intel Headphone as /devices/pci0000:00/0000:00:1b.0/sound/card0/input10
Nov 28 12:05:25 kashrinivaasan-Inspiron-1545 kernel: [   14.831756] type=1400 audit(1385620524.969:2): apparmor="STATUS" operation="profile_load" name="/sbin/dhclient" pid=776 comm="apparmor_parser"
Nov 28 12:05:25 kashrinivaasan-Inspiron-1545 kernel: [   14.831767] type=1400 audit(1385620524.969:3): apparmor="STATUS" operation="profile_replace" name="/sbin/dhclient" pid=769 comm="apparmor_parser"
Nov 28 12:05:25 kashrinivaasan-Inspiron-1545 kernel: [   14.832284] type=1400 audit(1385620524.973:4): apparmor="STATUS" operation="profile_load" name="/usr/lib/NetworkManager/nm-dhcp-client.action" pid=776 comm="apparmor_parser"
Nov 28 12:05:25 kashrinivaasan-Inspiron-1545 kernel: [   14.832301] type=1400 audit(1385620524.973:5): apparmor="STATUS" operation="profile_replace" name="/usr/lib/NetworkManager/nm-dhcp-client.action" pid=769 comm="apparmor_parser"
Nov 28 12:05:25 kashrinivaasan-Inspiron-1545 kernel: [   14.832571] type=1400 audit(1385620524.973:6): apparmor="STATUS" operation="profile_load" name="/usr/lib/connman/scripts/dhclient-script" pid=776 comm="apparmor_parser"
Nov 28 12:05:25 kashrinivaasan-Inspiron-1545 kernel: [   14.832590] type=1400 audit(1385620524.973:7): apparmor="STATUS" operation="profile_replace" name="/usr/lib/connman/scripts/dhclient-script" pid=769 comm="apparmor_parser"
Nov 28 12:05:26 kashrinivaasan-Inspiron-1545 kernel: [   15.997467] ppdev: user-space parallel port driver
Nov 28 12:05:26 kashrinivaasan-Inspiron-1545 kernel: [   16.423393] Bluetooth: Core ver 2.16
Nov 28 12:05:26 kashrinivaasan-Inspiron-1545 kernel: [   16.423421] NET: Registered protocol family 31
Nov 28 12:05:26 kashrinivaasan-Inspiron-1545 kernel: [   16.423423] Bluetooth: HCI device and connection manager initialized
Nov 28 12:05:26 kashrinivaasan-Inspiron-1545 kernel: [   16.423612] Bluetooth: HCI socket layer initialized
Nov 28 12:05:26 kashrinivaasan-Inspiron-1545 kernel: [   16.423617] Bluetooth: L2CAP socket layer initialized
Nov 28 12:05:26 kashrinivaasan-Inspiron-1545 kernel: [   16.423626] Bluetooth: SCO socket layer initialized
Nov 28 12:05:26 kashrinivaasan-Inspiron-1545 kernel: [   16.447376] type=1400 audit(1385620526.585:8): apparmor="STATUS" operation="profile_load" name="/usr/lib/cups/backend/cups-pdf" pid=911 comm="apparmor_parser"
Nov 28 12:05:26 kashrinivaasan-Inspiron-1545 kernel: [   16.447997] type=1400 audit(1385620526.585:9): apparmor="STATUS" operation="profile_load" name="/usr/sbin/cupsd" pid=911 comm="apparmor_parser"
Nov 28 12:05:26 kashrinivaasan-Inspiron-1545 kernel: [   16.664674] Bluetooth: BNEP (Ethernet Emulation) ver 1.3
Nov 28 12:05:26 kashrinivaasan-Inspiron-1545 kernel: [   16.664678] Bluetooth: BNEP filters: protocol multicast
Nov 28 12:05:26 kashrinivaasan-Inspiron-1545 kernel: [   16.664689] Bluetooth: BNEP socket layer initialized
Nov 28 12:05:26 kashrinivaasan-Inspiron-1545 kernel: [   16.697872] Bluetooth: RFCOMM TTY layer initialized
Nov 28 12:05:26 kashrinivaasan-Inspiron-1545 kernel: [   16.697885] Bluetooth: RFCOMM socket layer initialized
Nov 28 12:05:26 kashrinivaasan-Inspiron-1545 kernel: [   16.697887] Bluetooth: RFCOMM ver 1.11
Nov 28 12:05:29 kashrinivaasan-Inspiron-1545 kernel: [   19.090789] type=1400 audit(1385620529.229:10): apparmor="STATUS" operation="profile_replace" name="/sbin/dhclient" pid=1047 comm="apparmor_parser"
Nov 28 12:05:29 kashrinivaasan-Inspiron-1545 kernel: [   19.091316] type=1400 audit(1385620529.229:11): apparmor="STATUS" operation="profile_replace" name="/usr/lib/NetworkManager/nm-dhcp-client.action" pid=1047 comm="apparmor_parser"
Nov 28 12:05:32 kashrinivaasan-Inspiron-1545 kernel: [   22.115662] NFSD: Using /var/lib/nfs/v4recovery as the NFSv4 state recovery directory
Nov 28 12:05:32 kashrinivaasan-Inspiron-1545 kernel: [   22.271817] NFSD: starting 90-second grace period
Nov 28 12:05:32 kashrinivaasan-Inspiron-1545 kernel: [   22.836785] sky2 0000:09:00.0 eth0: enabling interface
Nov 28 12:05:32 kashrinivaasan-Inspiron-1545 kernel: [   22.836877] IPv6: ADDRCONF(NETDEV_UP): eth0: link is not ready
Nov 28 12:06:03 kashrinivaasan-Inspiron-1545 kernel: [   53.268831] sd 0:0:0:0: [sda] Test WP failed, assume Write Enabled
Nov 28 12:06:03 kashrinivaasan-Inspiron-1545 kernel: [   53.271085] sd 0:0:0:0: [sda] Asking for cache data failed
Nov 28 12:06:03 kashrinivaasan-Inspiron-1545 kernel: [   53.271092] sd 0:0:0:0: [sda] Assuming drive cache: write through
Nov 28 12:06:54 kashrinivaasan-Inspiron-1545 kernel: [  104.468825] sd 0:0:0:0: [sda] Test WP failed, assume Write Enabled
Nov 28 12:06:54 kashrinivaasan-Inspiron-1545 kernel: [  104.470943] sd 0:0:0:0: [sda] Asking for cache data failed
Nov 28 12:06:54 kashrinivaasan-Inspiron-1545 kernel: [  104.470949] sd 0:0:0:0: [sda] Assuming drive cache: write through
Nov 28 12:07:02 kashrinivaasan-Inspiron-1545 kernel: [  112.473689] get_host_from_cloud_PRG_mempool() - get_random_int() returned 3980652882 
Nov 28 12:07:02 kashrinivaasan-Inspiron-1545 kernel: [  112.473695] get_host_from_cloud_PRG_mempool() range mapping for 2 cloud nodes(num_cloud_nodes) returns random integer 0, host ip(nodes_ip_addrs_in_cloud): 127.0.0.1 
Nov 28 12:07:02 kashrinivaasan-Inspiron-1545 kernel: [  112.473697] get_least_loaded_hostport_from_cloud(): get_host_from_cloud_PRG_mempool() - cloud_host(before kstrdup): 127.0.0.1 
Nov 28 12:07:02 kashrinivaasan-Inspiron-1545 kernel: [  112.473699] get_least_loaded_hostport_from_cloud(): get_host_from_cloud_PRG_mempool() returns host ip: 127.0.0.1 
Nov 28 12:07:02 kashrinivaasan-Inspiron-1545 kernel: [  112.473702] virgo_malloc() system call: buf=virgo_cloud_malloc(1000), malloc_cmd=(null)
Nov 28 12:07:02 kashrinivaasan-Inspiron-1545 kernel: [  112.473711] virgo_malloc() syscall: created client kernel socket
Nov 28 12:07:02 kashrinivaasan-Inspiron-1545 kernel: [  112.473819] virgo_cloudexec_mempool_service(): virgo mempool client thread per request 
Nov 28 12:07:02 kashrinivaasan-Inspiron-1545 kernel: [  112.473813] virgo_malloc() syscall: connected kernel client to virgo cloudexec kernel service
Nov 28 12:07:02 kashrinivaasan-Inspiron-1545 kernel: [  112.473813]  
Nov 28 12:07:02 kashrinivaasan-Inspiron-1545 kernel: [  112.473841] virgo_malloc() syscall: sent len=24; iov.iov_base=virgo_cloud_malloc(1000), sent message: virgo_cloud_malloc(1000) 
Nov 28 12:07:02 kashrinivaasan-Inspiron-1545 kernel: [  112.473878] virgo_cloudexec_mempool_service(): virgo_mempool_ops.virgo_create() 
Nov 28 12:07:02 kashrinivaasan-Inspiron-1545 kernel: [  112.473880] virgo_mempool_client_thread(): virgo_mempool_ops.virgo_mempool_recvfrom()
Nov 28 12:07:02 kashrinivaasan-Inspiron-1545 kernel: [  112.473882] virgocloudexec_mempool_recvfrom(): before kernel_recvmsg()
Nov 28 12:07:02 kashrinivaasan-Inspiron-1545 kernel: [  112.473885] virgocloudexec_mempool_recvfrom(): kernel_recvmsg() returns len: 24
Nov 28 12:07:02 kashrinivaasan-Inspiron-1545 kernel: [  112.473888] strip_control_M(): str=virgo_cloud_malloc(1000) before strsep
Nov 28 12:07:02 kashrinivaasan-Inspiron-1545 kernel: [  112.473890] strip_control_M(): newstr=virgo_cloud_malloc(1000) after carriage return newline strsep
Nov 28 12:07:02 kashrinivaasan-Inspiron-1545 kernel: [  112.473892] virgocloudexec_mempool_recvfrom(): kernel_recvmsg() returns in recv: iov.iov_base=, buffer: virgo_cloud_malloc(1000)
Nov 28 12:07:02 kashrinivaasan-Inspiron-1545 kernel: [  112.473894] virgo_cloudexec_mempool: print_buffer(): 
Nov 28 12:07:02 kashrinivaasan-Inspiron-1545 kernel: [  112.473896] vi
Nov 28 12:07:02 kashrinivaasan-Inspiron-1545 kernel: [  112.473898] rg
Nov 28 12:07:02 kashrinivaasan-Inspiron-1545 kernel: [  112.473900] o_
Nov 28 12:07:02 kashrinivaasan-Inspiron-1545 kernel: [  112.473903] cl
Nov 28 12:07:02 kashrinivaasan-Inspiron-1545 kernel: [  112.473905] ou
Nov 28 12:07:02 kashrinivaasan-Inspiron-1545 kernel: [  112.473907] d_
Nov 28 12:07:02 kashrinivaasan-Inspiron-1545 kernel: [  112.473909] ma
Nov 28 12:07:02 kashrinivaasan-Inspiron-1545 kernel: [  112.473912] ll
Nov 28 12:07:02 kashrinivaasan-Inspiron-1545 kernel: [  112.473914] oc
Nov 28 12:07:02 kashrinivaasan-Inspiron-1545 kernel: [  112.473916] (1
Nov 28 12:07:02 kashrinivaasan-Inspiron-1545 kernel: [  112.473918] 00
Nov 28 12:07:02 kashrinivaasan-Inspiron-1545 kernel: [  112.473920] 0)
Nov 28 12:07:02 kashrinivaasan-Inspiron-1545 kernel: [  112.473923] 
Nov 28 12:07:02 kashrinivaasan-Inspiron-1545 kernel: [  112.473925] 
Nov 28 12:07:02 kashrinivaasan-Inspiron-1545 kernel: [  112.473927] 
Nov 28 12:07:02 kashrinivaasan-Inspiron-1545 kernel: [  112.473929] 
Nov 28 12:07:02 kashrinivaasan-Inspiron-1545 kernel: [  112.473932] 
Nov 28 12:07:02 kashrinivaasan-Inspiron-1545 kernel: [  112.473934] 
Nov 28 12:07:02 kashrinivaasan-Inspiron-1545 kernel: [  112.473936] 
Nov 28 12:07:02 kashrinivaasan-Inspiron-1545 kernel: [  112.473938] 
Nov 28 12:07:02 kashrinivaasan-Inspiron-1545 kernel: [  112.473941] 
Nov 28 12:07:02 kashrinivaasan-Inspiron-1545 kernel: [  112.473943] 
Nov 28 12:07:02 kashrinivaasan-Inspiron-1545 kernel: [  112.473945] 
Nov 28 12:07:02 kashrinivaasan-Inspiron-1545 kernel: [  112.473947] 
Nov 28 12:07:02 kashrinivaasan-Inspiron-1545 kernel: [  112.473950] 
Nov 28 12:07:02 kashrinivaasan-Inspiron-1545 kernel: [  112.473952] 
Nov 28 12:07:02 kashrinivaasan-Inspiron-1545 kernel: [  112.473954] 
Nov 28 12:07:02 kashrinivaasan-Inspiron-1545 kernel: [  112.473956] 
Nov 28 12:07:02 kashrinivaasan-Inspiron-1545 kernel: [  112.473958] 
Nov 28 12:07:02 kashrinivaasan-Inspiron-1545 kernel: [  112.473961] 
Nov 28 12:07:02 kashrinivaasan-Inspiron-1545 kernel: [  112.473963] 
Nov 28 12:07:02 kashrinivaasan-Inspiron-1545 kernel: [  112.473965] 
Nov 28 12:07:02 kashrinivaasan-Inspiron-1545 kernel: [  112.473967] 
Nov 28 12:07:02 kashrinivaasan-Inspiron-1545 kernel: [  112.473970] 
Nov 28 12:07:02 kashrinivaasan-Inspiron-1545 kernel: [  112.473972] 
Nov 28 12:07:02 kashrinivaasan-Inspiron-1545 kernel: [  112.473974] 
Nov 28 12:07:02 kashrinivaasan-Inspiron-1545 kernel: [  112.473976] 
Nov 28 12:07:02 kashrinivaasan-Inspiron-1545 kernel: [  112.473978] 
Nov 28 12:07:02 kashrinivaasan-Inspiron-1545 kernel: [  112.473981] 
Nov 28 12:07:02 kashrinivaasan-Inspiron-1545 kernel: [  112.473983] 
Nov 28 12:07:02 kashrinivaasan-Inspiron-1545 kernel: [  112.473985] 
Nov 28 12:07:02 kashrinivaasan-Inspiron-1545 kernel: [  112.473987] 
Nov 28 12:07:02 kashrinivaasan-Inspiron-1545 kernel: [  112.473990] 
Nov 28 12:07:02 kashrinivaasan-Inspiron-1545 kernel: [  112.473992] 
Nov 28 12:07:02 kashrinivaasan-Inspiron-1545 kernel: [  112.473994] 
Nov 28 12:07:02 kashrinivaasan-Inspiron-1545 kernel: [  112.473996] 
Nov 28 12:07:02 kashrinivaasan-Inspiron-1545 kernel: [  112.473999] 
Nov 28 12:07:02 kashrinivaasan-Inspiron-1545 kernel: [  112.474001] 
Nov 28 12:07:02 kashrinivaasan-Inspiron-1545 kernel: [  112.474003] 
Nov 28 12:07:02 kashrinivaasan-Inspiron-1545 kernel: [  112.474005] 
Nov 28 12:07:02 kashrinivaasan-Inspiron-1545 kernel: [  112.474007] 
Nov 28 12:07:02 kashrinivaasan-Inspiron-1545 kernel: [  112.474010] 
Nov 28 12:07:02 kashrinivaasan-Inspiron-1545 kernel: [  112.474012] 
Nov 28 12:07:02 kashrinivaasan-Inspiron-1545 kernel: [  112.474014] 
Nov 28 12:07:02 kashrinivaasan-Inspiron-1545 kernel: [  112.474016] 
Nov 28 12:07:02 kashrinivaasan-Inspiron-1545 kernel: [  112.474019] 
Nov 28 12:07:02 kashrinivaasan-Inspiron-1545 kernel: [  112.474021] 
Nov 28 12:07:02 kashrinivaasan-Inspiron-1545 kernel: [  112.474023] 
Nov 28 12:07:02 kashrinivaasan-Inspiron-1545 kernel: [  112.474025] 
Nov 28 12:07:02 kashrinivaasan-Inspiron-1545 kernel: [  112.474027] 
Nov 28 12:07:02 kashrinivaasan-Inspiron-1545 kernel: [  112.474030] 
Nov 28 12:07:02 kashrinivaasan-Inspiron-1545 kernel: [  112.474032] 
Nov 28 12:07:02 kashrinivaasan-Inspiron-1545 kernel: [  112.474034] 
Nov 28 12:07:02 kashrinivaasan-Inspiron-1545 kernel: [  112.474036] 
Nov 28 12:07:02 kashrinivaasan-Inspiron-1545 kernel: [  112.474039] 
Nov 28 12:07:02 kashrinivaasan-Inspiron-1545 kernel: [  112.474041] 
Nov 28 12:07:02 kashrinivaasan-Inspiron-1545 kernel: [  112.474043] 
Nov 28 12:07:02 kashrinivaasan-Inspiron-1545 kernel: [  112.474045] 
Nov 28 12:07:02 kashrinivaasan-Inspiron-1545 kernel: [  112.474048] 
Nov 28 12:07:02 kashrinivaasan-Inspiron-1545 kernel: [  112.474050] 
Nov 28 12:07:02 kashrinivaasan-Inspiron-1545 kernel: [  112.474052] 
Nov 28 12:07:02 kashrinivaasan-Inspiron-1545 kernel: [  112.474054] 
Nov 28 12:07:02 kashrinivaasan-Inspiron-1545 kernel: [  112.474056] 
Nov 28 12:07:02 kashrinivaasan-Inspiron-1545 kernel: [  112.474059] 
Nov 28 12:07:02 kashrinivaasan-Inspiron-1545 kernel: [  112.474061] 
Nov 28 12:07:02 kashrinivaasan-Inspiron-1545 kernel: [  112.474063] 
Nov 28 12:07:02 kashrinivaasan-Inspiron-1545 kernel: [  112.474065] 
Nov 28 12:07:02 kashrinivaasan-Inspiron-1545 kernel: [  112.474067] 
Nov 28 12:07:02 kashrinivaasan-Inspiron-1545 kernel: [  112.474070] 
Nov 28 12:07:02 kashrinivaasan-Inspiron-1545 kernel: [  112.474072] 
Nov 28 12:07:02 kashrinivaasan-Inspiron-1545 kernel: [  112.474074] 
Nov 28 12:07:02 kashrinivaasan-Inspiron-1545 kernel: [  112.474076] 
Nov 28 12:07:02 kashrinivaasan-Inspiron-1545 kernel: [  112.474079] 
Nov 28 12:07:02 kashrinivaasan-Inspiron-1545 kernel: [  112.474081] 
Nov 28 12:07:02 kashrinivaasan-Inspiron-1545 kernel: [  112.474083] 
Nov 28 12:07:02 kashrinivaasan-Inspiron-1545 kernel: [  112.474085] 
Nov 28 12:07:02 kashrinivaasan-Inspiron-1545 kernel: [  112.474088] 
Nov 28 12:07:02 kashrinivaasan-Inspiron-1545 kernel: [  112.474090] 
Nov 28 12:07:02 kashrinivaasan-Inspiron-1545 kernel: [  112.474092] 
Nov 28 12:07:02 kashrinivaasan-Inspiron-1545 kernel: [  112.474094] 
Nov 28 12:07:02 kashrinivaasan-Inspiron-1545 kernel: [  112.474097] 
Nov 28 12:07:02 kashrinivaasan-Inspiron-1545 kernel: [  112.474099] 
Nov 28 12:07:02 kashrinivaasan-Inspiron-1545 kernel: [  112.474101] 
Nov 28 12:07:02 kashrinivaasan-Inspiron-1545 kernel: [  112.474103] 
Nov 28 12:07:02 kashrinivaasan-Inspiron-1545 kernel: [  112.474105] 
Nov 28 12:07:02 kashrinivaasan-Inspiron-1545 kernel: [  112.474108] 
Nov 28 12:07:02 kashrinivaasan-Inspiron-1545 kernel: [  112.474110] 
Nov 28 12:07:02 kashrinivaasan-Inspiron-1545 kernel: [  112.474112] 
Nov 28 12:07:02 kashrinivaasan-Inspiron-1545 kernel: [  112.474114] 
Nov 28 12:07:02 kashrinivaasan-Inspiron-1545 kernel: [  112.474117] 
Nov 28 12:07:02 kashrinivaasan-Inspiron-1545 kernel: [  112.474119] 
Nov 28 12:07:02 kashrinivaasan-Inspiron-1545 kernel: [  112.474121] 
Nov 28 12:07:02 kashrinivaasan-Inspiron-1545 kernel: [  112.474123] 
Nov 28 12:07:02 kashrinivaasan-Inspiron-1545 kernel: [  112.474125] 
Nov 28 12:07:02 kashrinivaasan-Inspiron-1545 kernel: [  112.474128] 
Nov 28 12:07:02 kashrinivaasan-Inspiron-1545 kernel: [  112.474130] 
Nov 28 12:07:02 kashrinivaasan-Inspiron-1545 kernel: [  112.474132] 
Nov 28 12:07:02 kashrinivaasan-Inspiron-1545 kernel: [  112.474134] 
Nov 28 12:07:02 kashrinivaasan-Inspiron-1545 kernel: [  112.474137] 
Nov 28 12:07:02 kashrinivaasan-Inspiron-1545 kernel: [  112.474139] 
Nov 28 12:07:02 kashrinivaasan-Inspiron-1545 kernel: [  112.474141] 
Nov 28 12:07:02 kashrinivaasan-Inspiron-1545 kernel: [  112.474143] 
Nov 28 12:07:02 kashrinivaasan-Inspiron-1545 kernel: [  112.474146] 
Nov 28 12:07:02 kashrinivaasan-Inspiron-1545 kernel: [  112.474148] 
Nov 28 12:07:02 kashrinivaasan-Inspiron-1545 kernel: [  112.474150] 
Nov 28 12:07:02 kashrinivaasan-Inspiron-1545 kernel: [  112.474152] 
Nov 28 12:07:02 kashrinivaasan-Inspiron-1545 kernel: [  112.474154] 
Nov 28 12:07:02 kashrinivaasan-Inspiron-1545 kernel: [  112.474157] 
Nov 28 12:07:02 kashrinivaasan-Inspiron-1545 kernel: [  112.474159] 
Nov 28 12:07:02 kashrinivaasan-Inspiron-1545 kernel: [  112.474161] 
Nov 28 12:07:02 kashrinivaasan-Inspiron-1545 kernel: [  112.474163] 
Nov 28 12:07:02 kashrinivaasan-Inspiron-1545 kernel: [  112.474166] 
Nov 28 12:07:02 kashrinivaasan-Inspiron-1545 kernel: [  112.474168] 
Nov 28 12:07:02 kashrinivaasan-Inspiron-1545 kernel: [  112.474170] 
Nov 28 12:07:02 kashrinivaasan-Inspiron-1545 kernel: [  112.474173] 
Nov 28 12:07:02 kashrinivaasan-Inspiron-1545 kernel: [  112.474175] 
Nov 28 12:07:02 kashrinivaasan-Inspiron-1545 kernel: [  112.474177] 
Nov 28 12:07:02 kashrinivaasan-Inspiron-1545 kernel: [  112.474179] 
Nov 28 12:07:02 kashrinivaasan-Inspiron-1545 kernel: [  112.474181] 
Nov 28 12:07:02 kashrinivaasan-Inspiron-1545 kernel: [  112.474184] 
Nov 28 12:07:02 kashrinivaasan-Inspiron-1545 kernel: [  112.474186] 
Nov 28 12:07:02 kashrinivaasan-Inspiron-1545 kernel: [  112.474188] 
Nov 28 12:07:02 kashrinivaasan-Inspiron-1545 kernel: [  112.474190] 
Nov 28 12:07:02 kashrinivaasan-Inspiron-1545 kernel: [  112.474192] 
Nov 28 12:07:02 kashrinivaasan-Inspiron-1545 kernel: [  112.474195] 
Nov 28 12:07:02 kashrinivaasan-Inspiron-1545 kernel: [  112.474197] 
Nov 28 12:07:02 kashrinivaasan-Inspiron-1545 kernel: [  112.474199] 
Nov 28 12:07:02 kashrinivaasan-Inspiron-1545 kernel: [  112.474201] 
Nov 28 12:07:02 kashrinivaasan-Inspiron-1545 kernel: [  112.474204] 
Nov 28 12:07:02 kashrinivaasan-Inspiron-1545 kernel: [  112.474206] 
Nov 28 12:07:02 kashrinivaasan-Inspiron-1545 kernel: [  112.474208] 
Nov 28 12:07:02 kashrinivaasan-Inspiron-1545 kernel: [  112.474210] 
Nov 28 12:07:02 kashrinivaasan-Inspiron-1545 kernel: [  112.474213] 
Nov 28 12:07:02 kashrinivaasan-Inspiron-1545 kernel: [  112.474215] 
Nov 28 12:07:02 kashrinivaasan-Inspiron-1545 kernel: [  112.474217] 
Nov 28 12:07:02 kashrinivaasan-Inspiron-1545 kernel: [  112.474219] 
Nov 28 12:07:02 kashrinivaasan-Inspiron-1545 kernel: [  112.474221] 
Nov 28 12:07:02 kashrinivaasan-Inspiron-1545 kernel: [  112.474224] 
Nov 28 12:07:02 kashrinivaasan-Inspiron-1545 kernel: [  112.474226] 
Nov 28 12:07:02 kashrinivaasan-Inspiron-1545 kernel: [  112.474228] 
Nov 28 12:07:02 kashrinivaasan-Inspiron-1545 kernel: [  112.474230] 
Nov 28 12:07:02 kashrinivaasan-Inspiron-1545 kernel: [  112.474233] 
Nov 28 12:07:02 kashrinivaasan-Inspiron-1545 kernel: [  112.474235] 
Nov 28 12:07:02 kashrinivaasan-Inspiron-1545 kernel: [  112.474237] 
Nov 28 12:07:02 kashrinivaasan-Inspiron-1545 kernel: [  112.474239] 
Nov 28 12:07:02 kashrinivaasan-Inspiron-1545 kernel: [  112.474241] 
Nov 28 12:07:02 kashrinivaasan-Inspiron-1545 kernel: [  112.474244] 
Nov 28 12:07:02 kashrinivaasan-Inspiron-1545 kernel: [  112.474246] 
Nov 28 12:07:02 kashrinivaasan-Inspiron-1545 kernel: [  112.474248] 
Nov 28 12:07:02 kashrinivaasan-Inspiron-1545 kernel: [  112.474250] 
Nov 28 12:07:02 kashrinivaasan-Inspiron-1545 kernel: [  112.474253] 
Nov 28 12:07:02 kashrinivaasan-Inspiron-1545 kernel: [  112.474255] 
Nov 28 12:07:02 kashrinivaasan-Inspiron-1545 kernel: [  112.474257] 
Nov 28 12:07:02 kashrinivaasan-Inspiron-1545 kernel: [  112.474259] 
Nov 28 12:07:02 kashrinivaasan-Inspiron-1545 kernel: [  112.474262] 
Nov 28 12:07:02 kashrinivaasan-Inspiron-1545 kernel: [  112.474264] 
Nov 28 12:07:02 kashrinivaasan-Inspiron-1545 kernel: [  112.474266] 
Nov 28 12:07:02 kashrinivaasan-Inspiron-1545 kernel: [  112.474268] 
Nov 28 12:07:02 kashrinivaasan-Inspiron-1545 kernel: [  112.474271] 
Nov 28 12:07:02 kashrinivaasan-Inspiron-1545 kernel: [  112.474273] 
Nov 28 12:07:02 kashrinivaasan-Inspiron-1545 kernel: [  112.474275] 
Nov 28 12:07:02 kashrinivaasan-Inspiron-1545 kernel: [  112.474277] 
Nov 28 12:07:02 kashrinivaasan-Inspiron-1545 kernel: [  112.474279] 
Nov 28 12:07:02 kashrinivaasan-Inspiron-1545 kernel: [  112.474282] 
Nov 28 12:07:02 kashrinivaasan-Inspiron-1545 kernel: [  112.474284] 
Nov 28 12:07:02 kashrinivaasan-Inspiron-1545 kernel: [  112.474286] 
Nov 28 12:07:02 kashrinivaasan-Inspiron-1545 kernel: [  112.474288] 
Nov 28 12:07:02 kashrinivaasan-Inspiron-1545 kernel: [  112.474291] 
Nov 28 12:07:02 kashrinivaasan-Inspiron-1545 kernel: [  112.474293] 
Nov 28 12:07:02 kashrinivaasan-Inspiron-1545 kernel: [  112.474295] 
Nov 28 12:07:02 kashrinivaasan-Inspiron-1545 kernel: [  112.474297] 
Nov 28 12:07:02 kashrinivaasan-Inspiron-1545 kernel: [  112.474300] 
Nov 28 12:07:02 kashrinivaasan-Inspiron-1545 kernel: [  112.474302] 
Nov 28 12:07:02 kashrinivaasan-Inspiron-1545 kernel: [  112.474304] 
Nov 28 12:07:02 kashrinivaasan-Inspiron-1545 kernel: [  112.474306] 
Nov 28 12:07:02 kashrinivaasan-Inspiron-1545 kernel: [  112.474308] 
Nov 28 12:07:02 kashrinivaasan-Inspiron-1545 kernel: [  112.474311] 
Nov 28 12:07:02 kashrinivaasan-Inspiron-1545 kernel: [  112.474313] 
Nov 28 12:07:02 kashrinivaasan-Inspiron-1545 kernel: [  112.474315] 
Nov 28 12:07:02 kashrinivaasan-Inspiron-1545 kernel: [  112.474317] 
Nov 28 12:07:02 kashrinivaasan-Inspiron-1545 kernel: [  112.474320] 
Nov 28 12:07:02 kashrinivaasan-Inspiron-1545 kernel: [  112.474322] 
Nov 28 12:07:02 kashrinivaasan-Inspiron-1545 kernel: [  112.474324] 
Nov 28 12:07:02 kashrinivaasan-Inspiron-1545 kernel: [  112.474326] 
Nov 28 12:07:02 kashrinivaasan-Inspiron-1545 kernel: [  112.474328] 
Nov 28 12:07:02 kashrinivaasan-Inspiron-1545 kernel: [  112.474331] 
Nov 28 12:07:02 kashrinivaasan-Inspiron-1545 kernel: [  112.474333] 
Nov 28 12:07:02 kashrinivaasan-Inspiron-1545 kernel: [  112.474335] 
Nov 28 12:07:02 kashrinivaasan-Inspiron-1545 kernel: [  112.474337] 
Nov 28 12:07:02 kashrinivaasan-Inspiron-1545 kernel: [  112.474340] 
Nov 28 12:07:02 kashrinivaasan-Inspiron-1545 kernel: [  112.474342] 
Nov 28 12:07:02 kashrinivaasan-Inspiron-1545 kernel: [  112.474344] 
Nov 28 12:07:02 kashrinivaasan-Inspiron-1545 kernel: [  112.474346] 
Nov 28 12:07:02 kashrinivaasan-Inspiron-1545 kernel: [  112.474348] 
Nov 28 12:07:02 kashrinivaasan-Inspiron-1545 kernel: [  112.474351] 
Nov 28 12:07:02 kashrinivaasan-Inspiron-1545 kernel: [  112.474353] 
Nov 28 12:07:02 kashrinivaasan-Inspiron-1545 kernel: [  112.474355] 
Nov 28 12:07:02 kashrinivaasan-Inspiron-1545 kernel: [  112.474357] 
Nov 28 12:07:02 kashrinivaasan-Inspiron-1545 kernel: [  112.474359] 
Nov 28 12:07:02 kashrinivaasan-Inspiron-1545 kernel: [  112.474362] 
Nov 28 12:07:02 kashrinivaasan-Inspiron-1545 kernel: [  112.474364] 
Nov 28 12:07:02 kashrinivaasan-Inspiron-1545 kernel: [  112.474366] 
Nov 28 12:07:02 kashrinivaasan-Inspiron-1545 kernel: [  112.474368] 
Nov 28 12:07:02 kashrinivaasan-Inspiron-1545 kernel: [  112.474371] 
Nov 28 12:07:02 kashrinivaasan-Inspiron-1545 kernel: [  112.474373] 
Nov 28 12:07:02 kashrinivaasan-Inspiron-1545 kernel: [  112.474375] 
Nov 28 12:07:02 kashrinivaasan-Inspiron-1545 kernel: [  112.474377] 
Nov 28 12:07:02 kashrinivaasan-Inspiron-1545 kernel: [  112.474379] 
Nov 28 12:07:02 kashrinivaasan-Inspiron-1545 kernel: [  112.474382] 
Nov 28 12:07:02 kashrinivaasan-Inspiron-1545 kernel: [  112.474384] 
Nov 28 12:07:02 kashrinivaasan-Inspiron-1545 kernel: [  112.474386] 
Nov 28 12:07:02 kashrinivaasan-Inspiron-1545 kernel: [  112.474388] 
Nov 28 12:07:02 kashrinivaasan-Inspiron-1545 kernel: [  112.474390] 
Nov 28 12:07:02 kashrinivaasan-Inspiron-1545 kernel: [  112.474393] 
Nov 28 12:07:02 kashrinivaasan-Inspiron-1545 kernel: [  112.474395] 
Nov 28 12:07:02 kashrinivaasan-Inspiron-1545 kernel: [  112.474397] 
Nov 28 12:07:02 kashrinivaasan-Inspiron-1545 kernel: [  112.474399] 
Nov 28 12:07:02 kashrinivaasan-Inspiron-1545 kernel: [  112.474402] 
Nov 28 12:07:02 kashrinivaasan-Inspiron-1545 kernel: [  112.474404] 
Nov 28 12:07:02 kashrinivaasan-Inspiron-1545 kernel: [  112.474406] 
Nov 28 12:07:02 kashrinivaasan-Inspiron-1545 kernel: [  112.474408] 
Nov 28 12:07:02 kashrinivaasan-Inspiron-1545 kernel: [  112.474410] 
Nov 28 12:07:02 kashrinivaasan-Inspiron-1545 kernel: [  112.474413] 
Nov 28 12:07:02 kashrinivaasan-Inspiron-1545 kernel: [  112.474415] 
Nov 28 12:07:02 kashrinivaasan-Inspiron-1545 kernel: [  112.474417] 
Nov 28 12:07:02 kashrinivaasan-Inspiron-1545 kernel: [  112.474419] 
Nov 28 12:07:02 kashrinivaasan-Inspiron-1545 kernel: [  112.474421] 
Nov 28 12:07:02 kashrinivaasan-Inspiron-1545 kernel: [  112.474424] 
Nov 28 12:07:02 kashrinivaasan-Inspiron-1545 kernel: [  112.474426] 
Nov 28 12:07:02 kashrinivaasan-Inspiron-1545 kernel: [  112.474428] 
Nov 28 12:07:02 kashrinivaasan-Inspiron-1545 kernel: [  112.474430] 
Nov 28 12:07:02 kashrinivaasan-Inspiron-1545 kernel: [  112.474432] 
Nov 28 12:07:02 kashrinivaasan-Inspiron-1545 kernel: [  112.474435] 
Nov 28 12:07:02 kashrinivaasan-Inspiron-1545 kernel: [  112.474437] 
Nov 28 12:07:02 kashrinivaasan-Inspiron-1545 kernel: [  112.474439] 
Nov 28 12:07:02 kashrinivaasan-Inspiron-1545 kernel: [  112.474441] 
Nov 28 12:07:02 kashrinivaasan-Inspiron-1545 kernel: [  112.474444] 
Nov 28 12:07:02 kashrinivaasan-Inspiron-1545 kernel: [  112.474446] 
Nov 28 12:07:02 kashrinivaasan-Inspiron-1545 kernel: [  112.474448] 
Nov 28 12:07:02 kashrinivaasan-Inspiron-1545 kernel: [  112.474450] 
Nov 28 12:07:02 kashrinivaasan-Inspiron-1545 kernel: [  112.474452] 
Nov 28 12:07:02 kashrinivaasan-Inspiron-1545 kernel: [  112.474454] virgocloudexec_mempool_recvfrom(): kernel_recvmsg() le32 to cpu virgo_cloud_malloc(1000)
Nov 28 12:07:02 kashrinivaasan-Inspiron-1545 kernel: [  112.474456] virgocloudexec_mempool_recvfrom(): mempoolFunction : virgo_cloud_malloc(1000) 
Nov 28 12:07:02 kashrinivaasan-Inspiron-1545 kernel: [  112.474459] parse_virgomempool_command: vmargs->mempool_cmd: virgo_cloud_malloc
Nov 28 12:07:02 kashrinivaasan-Inspiron-1545 kernel: [  112.474461] parse_virgomempool_command: vmargs->mempool_args[0]: 1000
Nov 28 12:07:02 kashrinivaasan-Inspiron-1545 kernel: [  112.474463] mempool_func(): creating kernel thread and waking up, parameterIsExecutable=2
Nov 28 12:07:02 kashrinivaasan-Inspiron-1545 kernel: [  112.474465] Creating Kernel Thread for virgo_cloud_malloc in virgo_cloud_mempool_kernelspace mempool driver module with mempool_args[0]=1000, mempool_args[1]=(null)
Nov 28 12:07:02 kashrinivaasan-Inspiron-1545 kernel: [  112.474468] virgo_cloud_mempool_kernelspace.c:Executing virgo_cloud_mempool on cloud node, Invoking virgo_cloud_malloc_kernelspace(), Writing to file opened by Kernel, Kernel Space to User space communication works
Nov 28 12:07:02 kashrinivaasan-Inspiron-1545 kernel: [  112.474470] virgo_cloud_mempool_kernelspace.c:virgo_cloud_malloc_kernelspace(): size str=1000
Nov 28 12:07:02 kashrinivaasan-Inspiron-1545 kernel: [  112.474473] toInteger(): strInt=[1000], integer=1000
Nov 28 12:07:02 kashrinivaasan-Inspiron-1545 kernel: [  112.474475] virgo_cloud_mempool_kernelspace.c:virgo_cloud_malloc_kernelspace(): size=1000
Nov 28 12:07:02 kashrinivaasan-Inspiron-1545 kernel: [  112.474478] virgo_cloud_mempool_kernelspace.c:virgo_cloud_malloc_kernelspace(): ptr=f2e9fc00
Nov 28 12:07:02 kashrinivaasan-Inspiron-1545 kernel: [  112.474480] virgo_cloud_mempool_kernelspace.c:virgo_cloud_malloc_kernelspace(): setting ptr=f2e9fc00 in vmargs as an out arg
Nov 28 12:07:02 kashrinivaasan-Inspiron-1545 kernel: [  112.474482] mempool_func(): virgo mempool kernelspace module returns value virgo_mempool_ret=f2e9fc00
Nov 28 12:07:02 kashrinivaasan-Inspiron-1545 kernel: [  112.474484] virgo_mempool_client_thread(): virgo_mempool_ops.virgo_mempool_sendto()
Nov 28 12:07:02 kashrinivaasan-Inspiron-1545 kernel: [  112.474485] virgocloudexec_mempool_sendto(): virgo_mempool_ret=
Nov 28 12:07:02 kashrinivaasan-Inspiron-1545 kernel: [  112.474487] virgocloudexec_mempool_sendto(): address sent=f2e9fc00
Nov 28 12:07:02 kashrinivaasan-Inspiron-1545 kernel: [  112.474490] toAddressString(): address=f2e9fc00, sprintf strAddress=[f2e9fc00]
Nov 28 12:07:02 kashrinivaasan-Inspiron-1545 kernel: [  112.474491] virgocloudexec_mempool_sendto(): before kernel_sendmsg() for send buffer: f2e9fc00
Nov 28 12:07:02 kashrinivaasan-Inspiron-1545 kernel: [  112.474504] virgocloudexec_mempool_sendto(): kernel_sendmsg() returns ret: 500
Nov 28 12:07:02 kashrinivaasan-Inspiron-1545 kernel: [  112.474517] virgocloudexec_mempool_sendto(): sock_release invoked on client socket 
Nov 28 12:07:02 kashrinivaasan-Inspiron-1545 kernel: [  112.474539] virgo_malloc() syscall: recv len=500; received message buf: [f2e9fc00] 
Nov 28 12:07:02 kashrinivaasan-Inspiron-1545 kernel: [  112.474541] virgo_malloc() syscall: received iov.iov_base:  
Nov 28 12:07:02 kashrinivaasan-Inspiron-1545 kernel: [  112.474544] str_to_addr(): straddr=[f2e9fc00], address scanned ptr=  (null), address scanned voidptr=  (null) 
Nov 28 12:07:02 kashrinivaasan-Inspiron-1545 kernel: [  112.474546] str_to_addr(): after var_sscanf(): straddr=[f2e9fc00], voidptr_vargs by vsscanf:   (null) 
Nov 28 12:07:02 kashrinivaasan-Inspiron-1545 kernel: [  112.474549] str_to_addr()pK: straddr=[f2e9fc00], address scanned ptr=00000000, address scanned voidptr=00000000 
Nov 28 12:07:02 kashrinivaasan-Inspiron-1545 kernel: [  112.474551] str_to_addr()pK: after var_sscanf(): straddr=[f2e9fc00], voidptr_vargs by vsscanf: 00000000 
Nov 28 12:07:02 kashrinivaasan-Inspiron-1545 kernel: [  112.474553] str_to_addr()pF: straddr=[f2e9fc00], address scanned ptr=  (null), address scanned voidptr=  (null) 
Nov 28 12:07:02 kashrinivaasan-Inspiron-1545 kernel: [  112.474555] str_to_addr()pF: after var_sscanf(): straddr=[f2e9fc00], voidptr_vargs by vsscanf:   (null) 
Nov 28 12:07:02 kashrinivaasan-Inspiron-1545 kernel: [  112.474558] str_to_addr()pS: straddr=[f2e9fc00], address scanned ptr=  (null), address scanned voidptr=  (null) 
Nov 28 12:07:02 kashrinivaasan-Inspiron-1545 kernel: [  112.474560] str_to_addr()pS: after var_sscanf(): straddr=[f2e9fc00], voidptr_vargs by vsscanf:   (null) 
Nov 28 12:07:02 kashrinivaasan-Inspiron-1545 kernel: [  112.474562] str_to_addr2(): straddr=[f2e9fc00], lltovoidptr = f2e9fc00
Nov 28 12:07:02 kashrinivaasan-Inspiron-1545 kernel: [  112.474564] virgo_malloc() syscall: vtranstable.vtable[0].addr=f2e9fc00 
Nov 28 12:07:02 kashrinivaasan-Inspiron-1545 kernel: [  112.474567] virgo_malloc() syscall: next_vtable_entry=0, vtranstable.vtable[next_vtable_entry].node_id=0, vtranstable.vtable[next_vtable_entry].addr=f2e9fc00, vtranstable.vtable[next_vtable_entry].hstprt->hostip=127.0.0.1, vtranstable.vtable[next_vtable_entry].hstprt->port=30000 
Nov 28 12:07:02 kashrinivaasan-Inspiron-1545 kernel: [  112.474570] virgo_malloc() syscall: le32_to_cpus(buf): f2e9fc00 
Nov 28 12:07:02 kashrinivaasan-Inspiron-1545 kernel: [  112.474572] virgo_malloc() syscall: size to be allocated = -1046761331, sum_alloc_size = 1000 
Nov 28 12:07:02 kashrinivaasan-Inspiron-1545 kernel: [  112.474574] get_host_from_cloud_PRG_mempool() - get_random_int() returned 1358900052 
Nov 28 12:07:02 kashrinivaasan-Inspiron-1545 kernel: [  112.474577] get_host_from_cloud_PRG_mempool() range mapping for 2 cloud nodes(num_cloud_nodes) returns random integer 0, host ip(nodes_ip_addrs_in_cloud): 127.0.0.1 
Nov 28 12:07:02 kashrinivaasan-Inspiron-1545 kernel: [  112.474579] get_least_loaded_hostport_from_cloud(): get_host_from_cloud_PRG_mempool() - cloud_host(before kstrdup): 127.0.0.1 
Nov 28 12:07:02 kashrinivaasan-Inspiron-1545 kernel: [  112.474581] get_least_loaded_hostport_from_cloud(): get_host_from_cloud_PRG_mempool() returns host ip: 127.0.0.1 
Nov 28 12:07:02 kashrinivaasan-Inspiron-1545 kernel: [  112.474584] int_to_str(): n=-1046762331
Nov 28 12:07:02 kashrinivaasan-Inspiron-1545 kernel: [  112.474585] int_to_str(): ret=[-1046762331]
Nov 28 12:07:02 kashrinivaasan-Inspiron-1545 kernel: [  112.474603] BUG: unable to handle kernel paging request at c17cf62b
Nov 28 12:07:02 kashrinivaasan-Inspiron-1545 kernel: [  112.478515] IP: [<c12e7667>] strcat+0x27/0x40
Nov 28 12:07:02 kashrinivaasan-Inspiron-1545 kernel: [  112.478515] *pdpt = 00000000019aa001 *pde = 80000000016001e1 
Nov 28 12:07:02 kashrinivaasan-Inspiron-1545 kernel: [  112.478515] Oops: 0003 [#1] SMP 
Nov 28 12:07:02 kashrinivaasan-Inspiron-1545 kernel: [  112.478515] Modules linked in: snd_hrtimer dm_crypt rfcomm bnep bluetooth xt_hl ip6t_rt nf_conntrack_ipv6 parport_pc nf_defrag_ipv6 ppdev ipt_REJECT xt_LOG xt_limit xt_tcpudp xt_addrtype nf_conntrack_ipv4 nf_defrag_ipv4 snd_hda_codec_idt snd_hda_intel xt_state snd_hda_codec ip6table_filter ip6_tables nfsd uvcvideo nfs_acl binfmt_misc videobuf2_core nf_conntrack_netbios_ns auth_rpcgss nf_conntrack_broadcast snd_hwdep nf_nat_ftp nf_nat nfs nf_conntrack_ftp snd_pcm videodev nf_conntrack iptable_filter fscache ip_tables snd_seq_midi joydev lockd x_tables videobuf2_vmalloc videobuf2_memops snd_rawmidi snd_seq_midi_event snd_seq snd_timer snd_seq_device sunrpc snd soundcore snd_page_alloc gpio_ich dell_wmi dell_laptop psmouse coretemp dcdbas sparse_keymap serio_raw lpc_ich microcode mac_hid virgo_cloudexec_mempool(OF+) virgo_cloud_mempool_kernelspace(OF) lp parport virgo_cloud_test_kernelspace(OF) ums_realtek usb_storage ahci libahci sky2 i915 drm_kms_helper drm i2c_algo_bit wmi video
Nov 28 12:07:02 kashrinivaasan-Inspiron-1545 kernel: 
Nov 28 12:07:02 kashrinivaasan-Inspiron-1545 kernel: [  112.478515] Pid: 2525, comm: test_virgo_mall Tainted: GF          O 3.7.8 #1 Dell Inc. Inspiron 1545                   /0J037P
Nov 28 12:07:02 kashrinivaasan-Inspiron-1545 kernel: [  112.478515] EIP: 0060:[<c12e7667>] EFLAGS: 00010286 CPU: 0
Nov 28 12:07:02 kashrinivaasan-Inspiron-1545 kernel: [  112.478515] EIP is at strcat+0x27/0x40
Nov 28 12:07:02 kashrinivaasan-Inspiron-1545 kernel: [  112.478515] EAX: 0000002d EBX: c17cf618 ECX: ffffffeb EDX: f2c21e80
Nov 28 12:07:02 kashrinivaasan-Inspiron-1545 kernel: [  112.478515] ESI: f2c21e81 EDI: c17cf62b EBP: f2daff2c ESP: f2daff20
Nov 28 12:07:02 kashrinivaasan-Inspiron-1545 kernel: [  112.478515]  DS: 007b ES: 007b FS: 00d8 GS: 00e0 SS: 0068
Nov 28 12:07:02 kashrinivaasan-Inspiron-1545 kernel: [  112.478515] CR0: 8005003b CR2: c17cf62b CR3: 32dd2000 CR4: 000407f0
Nov 28 12:07:02 kashrinivaasan-Inspiron-1545 kernel: [  112.478515] DR0: 00000000 DR1: 00000000 DR2: 00000000 DR3: 00000000
Nov 28 12:07:02 kashrinivaasan-Inspiron-1545 kernel: [  112.478515] DR6: ffff0ff0 DR7: 00000400
Nov 28 12:07:02 kashrinivaasan-Inspiron-1545 kernel: [  112.478515] Process test_virgo_mall (pid: 2525, ti=f2dae000 task=f6fa2610 task.ti=f2dae000)
Nov 28 12:07:02 kashrinivaasan-Inspiron-1545 kernel: [  112.478515] Stack:
Nov 28 12:07:02 kashrinivaasan-Inspiron-1545 kernel: [  112.478515]  f2c203a0 f2d59d00 c19baca5 f2daffac c12dbcdb 00000000 00000000 000003e8
Nov 28 12:07:02 kashrinivaasan-Inspiron-1545 kernel: [  112.478515]  f2e9fc00 f2e354f0 00007530 00000000 bfb63024 00000000 00000000 000003e8
Nov 28 12:07:02 kashrinivaasan-Inspiron-1545 kernel: [  112.478515]  f2daff8c 00000000 f2daff7c 00000001 00000000 00000000 00000000 f2c203b8
Nov 28 12:07:02 kashrinivaasan-Inspiron-1545 kernel: [  112.478515] Call Trace:
Nov 28 12:07:02 kashrinivaasan-Inspiron-1545 kernel: [  112.478515]  [<c12dbcdb>] sys_virgo_malloc+0x4b/0x3b0
Nov 28 12:07:02 kashrinivaasan-Inspiron-1545 kernel: [  112.478515]  [<c12e422e>] ? format_decode+0x2fe/0x370
Nov 28 12:07:02 kashrinivaasan-Inspiron-1545 kernel: [  112.478515] Code: 00 00 00 00 55 89 e5 83 ec 0c 89 1c 24 89 74 24 04 89 7c 24 08 66 66 66 66 90 b9 ff ff ff ff 89 c3 89 c7 89 d6 31 c0 f2 ae 4f ac <aa> 84 c0 75 fa 89 d8 8b 74 24 04 8b 1c 24 8b 7c 24 08 89 ec 5d
Nov 28 12:07:02 kashrinivaasan-Inspiron-1545 kernel: [  112.478515] EIP: [<c12e7667>] strcat+0x27/0x40 SS:ESP 0068:f2daff20
Nov 28 12:07:02 kashrinivaasan-Inspiron-1545 kernel: [  112.478515] CR2: 00000000c17cf62b
Nov 28 12:07:02 kashrinivaasan-Inspiron-1545 kernel: [  112.621327] ---[ end trace 831a902772311bf2 ]---
Nov 28 12:07:55 kashrinivaasan-Inspiron-1545 kernel: imklog 5.8.6, log source = /proc/kmsg started.
Nov 28 12:07:55 kashrinivaasan-Inspiron-1545 kernel: [    0.000000] Initializing cgroup subsys cpuset
Nov 28 12:07:55 kashrinivaasan-Inspiron-1545 kernel: [    0.000000] Initializing cgroup subsys cpu
Nov 28 12:07:55 kashrinivaasan-Inspiron-1545 kernel: [    0.000000] Linux version 3.7.8 (root@kashrinivaasan-Inspiron-1545) (gcc version 4.4.1 (GCC) ) #1 SMP Thu Nov 28 11:41:58 IST 2013
Nov 28 12:07:55 kashrinivaasan-Inspiron-1545 kernel: [    0.000000] KERNEL supported cpus:
Nov 28 12:07:55 kashrinivaasan-Inspiron-1545 kernel: [    0.000000]   Intel GenuineIntel
Nov 28 12:07:55 kashrinivaasan-Inspiron-1545 kernel: [    0.000000]   AMD AuthenticAMD
Nov 28 12:07:55 kashrinivaasan-Inspiron-1545 kernel: [    0.000000]   NSC Geode by NSC
Nov 28 12:07:55 kashrinivaasan-Inspiron-1545 kernel: [    0.000000]   Cyrix CyrixInstead
Nov 28 12:07:55 kashrinivaasan-Inspiron-1545 kernel: [    0.000000]   Centaur CentaurHauls
Nov 28 12:07:55 kashrinivaasan-Inspiron-1545 kernel: [    0.000000]   Transmeta GenuineTMx86
Nov 28 12:07:55 kashrinivaasan-Inspiron-1545 kernel: [    0.000000]   Transmeta TransmetaCPU
Nov 28 12:07:55 kashrinivaasan-Inspiron-1545 kernel: [    0.000000]   UMC UMC UMC UMC
Nov 28 12:07:55 kashrinivaasan-Inspiron-1545 kernel: [    0.000000] e820: BIOS-provided physical RAM map:
Nov 28 12:07:55 kashrinivaasan-Inspiron-1545 kernel: [    0.000000] BIOS-e820: [mem 0x0000000000000000-0x000000000009efff] usable
Nov 28 12:07:55 kashrinivaasan-Inspiron-1545 kernel: [    0.000000] BIOS-e820: [mem 0x000000000009f000-0x000000000009ffff] reserved
Nov 28 12:07:55 kashrinivaasan-Inspiron-1545 kernel: [    0.000000] BIOS-e820: [mem 0x0000000000100000-0x00000000bd8bf3ff] usable
Nov 28 12:07:55 kashrinivaasan-Inspiron-1545 kernel: [    0.000000] BIOS-e820: [mem 0x00000000bd8bf400-0x00000000bdac13ff] ACPI NVS
Nov 28 12:07:55 kashrinivaasan-Inspiron-1545 kernel: [    0.000000] BIOS-e820: [mem 0x00000000bdac1400-0x00000000bfffffff] reserved
Nov 28 12:07:55 kashrinivaasan-Inspiron-1545 kernel: [    0.000000] BIOS-e820: [mem 0x00000000f8000000-0x00000000fbffffff] reserved
Nov 28 12:07:55 kashrinivaasan-Inspiron-1545 kernel: [    0.000000] BIOS-e820: [mem 0x00000000fec00000-0x00000000fec0ffff] reserved
Nov 28 12:07:55 kashrinivaasan-Inspiron-1545 kernel: [    0.000000] BIOS-e820: [mem 0x00000000fed18000-0x00000000fed1bfff] reserved
Nov 28 12:07:55 kashrinivaasan-Inspiron-1545 kernel: [    0.000000] BIOS-e820: [mem 0x00000000fed20000-0x00000000fed8ffff] reserved
Nov 28 12:07:55 kashrinivaasan-Inspiron-1545 kernel: [    0.000000] BIOS-e820: [mem 0x00000000feda0000-0x00000000feda5fff] reserved
Nov 28 12:07:55 kashrinivaasan-Inspiron-1545 kernel: [    0.000000] BIOS-e820: [mem 0x00000000fee00000-0x00000000fee0ffff] reserved
Nov 28 12:07:55 kashrinivaasan-Inspiron-1545 kernel: [    0.000000] BIOS-e820: [mem 0x00000000ffe00000-0x00000000ffffffff] reserved
Nov 28 12:07:55 kashrinivaasan-Inspiron-1545 kernel: [    0.000000] NX (Execute Disable) protection: active
Nov 28 12:07:55 kashrinivaasan-Inspiron-1545 kernel: [    0.000000] SMBIOS 2.4 present.
Nov 28 12:07:55 kashrinivaasan-Inspiron-1545 kernel: [    0.000000] DMI: Dell Inc. Inspiron 1545                   /0J037P, BIOS A14 12/07/2009
Nov 28 12:07:55 kashrinivaasan-Inspiron-1545 kernel: [    0.000000] e820: update [mem 0x00000000-0x0000ffff] usable ==> reserved
Nov 28 12:07:55 kashrinivaasan-Inspiron-1545 kernel: [    0.000000] e820: remove [mem 0x000a0000-0x000fffff] usable
Nov 28 12:07:55 kashrinivaasan-Inspiron-1545 kernel: [    0.000000] e820: last_pfn = 0xbd8bf max_arch_pfn = 0x1000000
Nov 28 12:07:55 kashrinivaasan-Inspiron-1545 kernel: [    0.000000] MTRR default type: uncachable
Nov 28 12:07:55 kashrinivaasan-Inspiron-1545 kernel: [    0.000000] MTRR fixed ranges enabled:
Nov 28 12:07:55 kashrinivaasan-Inspiron-1545 kernel: [    0.000000]   00000-9FFFF write-back
Nov 28 12:07:55 kashrinivaasan-Inspiron-1545 kernel: [    0.000000]   A0000-BFFFF uncachable
Nov 28 12:07:55 kashrinivaasan-Inspiron-1545 kernel: [    0.000000]   C0000-CFFFF write-protect
Nov 28 12:07:55 kashrinivaasan-Inspiron-1545 kernel: [    0.000000]   D0000-EFFFF uncachable
Nov 28 12:07:55 kashrinivaasan-Inspiron-1545 kernel: [    0.000000]   F0000-FFFFF write-protect
Nov 28 12:07:55 kashrinivaasan-Inspiron-1545 kernel: [    0.000000] MTRR variable ranges enabled:
Nov 28 12:07:55 kashrinivaasan-Inspiron-1545 kernel: [    0.000000]   0 base 000000000 mask 800000000 write-back
Nov 28 12:07:55 kashrinivaasan-Inspiron-1545 kernel: [    0.000000]   1 base 0E0000000 mask FE0000000 uncachable
Nov 28 12:07:55 kashrinivaasan-Inspiron-1545 kernel: [    0.000000]   2 base 0BDC00000 mask FFFC00000 uncachable
Nov 28 12:07:55 kashrinivaasan-Inspiron-1545 kernel: [    0.000000]   3 base 0BE000000 mask FFE000000 uncachable
Nov 28 12:07:55 kashrinivaasan-Inspiron-1545 kernel: [    0.000000]   4 disabled
Nov 28 12:07:55 kashrinivaasan-Inspiron-1545 kernel: [    0.000000]   5 disabled
Nov 28 12:07:55 kashrinivaasan-Inspiron-1545 kernel: [    0.000000]   6 disabled
Nov 28 12:07:55 kashrinivaasan-Inspiron-1545 kernel: [    0.000000] x86 PAT enabled: cpu 0, old 0x7040600070406, new 0x7010600070106
Nov 28 12:07:55 kashrinivaasan-Inspiron-1545 kernel: [    0.000000] original variable MTRRs
Nov 28 12:07:55 kashrinivaasan-Inspiron-1545 kernel: [    0.000000] reg 0, base: 0GB, range: 32GB, type WB
Nov 28 12:07:55 kashrinivaasan-Inspiron-1545 kernel: [    0.000000] reg 1, base: 3584MB, range: 512MB, type UC
Nov 28 12:07:55 kashrinivaasan-Inspiron-1545 kernel: [    0.000000] reg 2, base: 3036MB, range: 4MB, type UC
Nov 28 12:07:55 kashrinivaasan-Inspiron-1545 kernel: [    0.000000] reg 3, base: 3040MB, range: 32MB, type UC
Nov 28 12:07:55 kashrinivaasan-Inspiron-1545 kernel: [    0.000000] total RAM covered: 32220M
Nov 28 12:07:55 kashrinivaasan-Inspiron-1545 kernel: [    0.000000]  gran_size: 64K 	chunk_size: 64K 	num_reg: 7  	lose cover RAM: 29188M
Nov 28 12:07:55 kashrinivaasan-Inspiron-1545 kernel: [    0.000000]  gran_size: 64K 	chunk_size: 128K 	num_reg: 7  	lose cover RAM: 29188M
Nov 28 12:07:55 kashrinivaasan-Inspiron-1545 kernel: [    0.000000]  gran_size: 64K 	chunk_size: 256K 	num_reg: 7  	lose cover RAM: 29188M
Nov 28 12:07:55 kashrinivaasan-Inspiron-1545 kernel: [    0.000000]  gran_size: 64K 	chunk_size: 512K 	num_reg: 7  	lose cover RAM: 29188M
Nov 28 12:07:55 kashrinivaasan-Inspiron-1545 kernel: [    0.000000]  gran_size: 64K 	chunk_size: 1M 	num_reg: 7  	lose cover RAM: 29188M
Nov 28 12:07:55 kashrinivaasan-Inspiron-1545 kernel: [    0.000000]  gran_size: 64K 	chunk_size: 2M 	num_reg: 7  	lose cover RAM: 29188M
Nov 28 12:07:55 kashrinivaasan-Inspiron-1545 kernel: [    0.000000]  gran_size: 64K 	chunk_size: 4M 	num_reg: 7  	lose cover RAM: 29188M
Nov 28 12:07:55 kashrinivaasan-Inspiron-1545 kernel: [    0.000000]  gran_size: 64K 	chunk_size: 8M 	num_reg: 7  	lose cover RAM: 29184M
Nov 28 12:07:55 kashrinivaasan-Inspiron-1545 kernel: [    0.000000]  gran_size: 64K 	chunk_size: 16M 	num_reg: 7  	lose cover RAM: 29184M
Nov 28 12:07:55 kashrinivaasan-Inspiron-1545 kernel: [    0.000000]  gran_size: 64K 	chunk_size: 32M 	num_reg: 7  	lose cover RAM: 29184M
Nov 28 12:07:55 kashrinivaasan-Inspiron-1545 kernel: [    0.000000]  gran_size: 64K 	chunk_size: 64M 	num_reg: 7  	lose cover RAM: 16G
Nov 28 12:07:55 kashrinivaasan-Inspiron-1545 kernel: [    0.000000]  gran_size: 64K 	chunk_size: 128M 	num_reg: 7  	lose cover RAM: 16G
Nov 28 12:07:55 kashrinivaasan-Inspiron-1545 kernel: [    0.000000]  gran_size: 64K 	chunk_size: 256M 	num_reg: 7  	lose cover RAM: 16G
Nov 28 12:07:55 kashrinivaasan-Inspiron-1545 kernel: [    0.000000]  gran_size: 64K 	chunk_size: 512M 	num_reg: 7  	lose cover RAM: 16G
Nov 28 12:07:55 kashrinivaasan-Inspiron-1545 kernel: [    0.000000]  gran_size: 64K 	chunk_size: 1G 	num_reg: 7  	lose cover RAM: 16G
Nov 28 12:07:55 kashrinivaasan-Inspiron-1545 kernel: [    0.000000]  gran_size: 64K 	chunk_size: 2G 	num_reg: 7  	lose cover RAM: 29188M
Nov 28 12:07:55 kashrinivaasan-Inspiron-1545 kernel: [    0.000000]  gran_size: 128K 	chunk_size: 128K 	num_reg: 7  	lose cover RAM: 29188M
Nov 28 12:07:55 kashrinivaasan-Inspiron-1545 kernel: [    0.000000]  gran_size: 128K 	chunk_size: 256K 	num_reg: 7  	lose cover RAM: 29188M
Nov 28 12:07:55 kashrinivaasan-Inspiron-1545 kernel: [    0.000000]  gran_size: 128K 	chunk_size: 512K 	num_reg: 7  	lose cover RAM: 29188M
Nov 28 12:07:55 kashrinivaasan-Inspiron-1545 kernel: [    0.000000]  gran_size: 128K 	chunk_size: 1M 	num_reg: 7  	lose cover RAM: 29188M
Nov 28 12:07:55 kashrinivaasan-Inspiron-1545 kernel: [    0.000000]  gran_size: 128K 	chunk_size: 2M 	num_reg: 7  	lose cover RAM: 29188M
Nov 28 12:07:55 kashrinivaasan-Inspiron-1545 kernel: [    0.000000]  gran_size: 128K 	chunk_size: 4M 	num_reg: 7  	lose cover RAM: 29188M
Nov 28 12:07:55 kashrinivaasan-Inspiron-1545 kernel: [    0.000000]  gran_size: 128K 	chunk_size: 8M 	num_reg: 7  	lose cover RAM: 29184M
Nov 28 12:07:55 kashrinivaasan-Inspiron-1545 kernel: [    0.000000]  gran_size: 128K 	chunk_size: 16M 	num_reg: 7  	lose cover RAM: 29184M
Nov 28 12:07:55 kashrinivaasan-Inspiron-1545 kernel: [    0.000000]  gran_size: 128K 	chunk_size: 32M 	num_reg: 7  	lose cover RAM: 29184M
Nov 28 12:07:55 kashrinivaasan-Inspiron-1545 kernel: [    0.000000]  gran_size: 128K 	chunk_size: 64M 	num_reg: 7  	lose cover RAM: 16G
Nov 28 12:07:55 kashrinivaasan-Inspiron-1545 kernel: [    0.000000]  gran_size: 128K 	chunk_size: 128M 	num_reg: 7  	lose cover RAM: 16G
Nov 28 12:07:55 kashrinivaasan-Inspiron-1545 kernel: [    0.000000]  gran_size: 128K 	chunk_size: 256M 	num_reg: 7  	lose cover RAM: 16G
Nov 28 12:07:55 kashrinivaasan-Inspiron-1545 kernel: [    0.000000]  gran_size: 128K 	chunk_size: 512M 	num_reg: 7  	lose cover RAM: 16G
Nov 28 12:07:55 kashrinivaasan-Inspiron-1545 kernel: [    0.000000]  gran_size: 128K 	chunk_size: 1G 	num_reg: 7  	lose cover RAM: 16G
Nov 28 12:07:55 kashrinivaasan-Inspiron-1545 kernel: [    0.000000]  gran_size: 128K 	chunk_size: 2G 	num_reg: 7  	lose cover RAM: 29188M
Nov 28 12:07:55 kashrinivaasan-Inspiron-1545 kernel: [    0.000000]  gran_size: 256K 	chunk_size: 256K 	num_reg: 7  	lose cover RAM: 29188M
Nov 28 12:07:55 kashrinivaasan-Inspiron-1545 kernel: [    0.000000]  gran_size: 256K 	chunk_size: 512K 	num_reg: 7  	lose cover RAM: 29188M
Nov 28 12:07:55 kashrinivaasan-Inspiron-1545 kernel: [    0.000000]  gran_size: 256K 	chunk_size: 1M 	num_reg: 7  	lose cover RAM: 29188M
Nov 28 12:07:55 kashrinivaasan-Inspiron-1545 kernel: [    0.000000]  gran_size: 256K 	chunk_size: 2M 	num_reg: 7  	lose cover RAM: 29188M
Nov 28 12:07:55 kashrinivaasan-Inspiron-1545 kernel: [    0.000000]  gran_size: 256K 	chunk_size: 4M 	num_reg: 7  	lose cover RAM: 29188M
Nov 28 12:07:55 kashrinivaasan-Inspiron-1545 kernel: [    0.000000]  gran_size: 256K 	chunk_size: 8M 	num_reg: 7  	lose cover RAM: 29184M
Nov 28 12:07:55 kashrinivaasan-Inspiron-1545 kernel: [    0.000000]  gran_size: 256K 	chunk_size: 16M 	num_reg: 7  	lose cover RAM: 29184M
Nov 28 12:07:55 kashrinivaasan-Inspiron-1545 kernel: [    0.000000]  gran_size: 256K 	chunk_size: 32M 	num_reg: 7  	lose cover RAM: 29184M
Nov 28 12:07:55 kashrinivaasan-Inspiron-1545 kernel: [    0.000000]  gran_size: 256K 	chunk_size: 64M 	num_reg: 7  	lose cover RAM: 16G
Nov 28 12:07:55 kashrinivaasan-Inspiron-1545 kernel: [    0.000000]  gran_size: 256K 	chunk_size: 128M 	num_reg: 7  	lose cover RAM: 16G
Nov 28 12:07:55 kashrinivaasan-Inspiron-1545 kernel: [    0.000000]  gran_size: 256K 	chunk_size: 256M 	num_reg: 7  	lose cover RAM: 16G
Nov 28 12:07:55 kashrinivaasan-Inspiron-1545 kernel: [    0.000000]  gran_size: 256K 	chunk_size: 512M 	num_reg: 7  	lose cover RAM: 16G
Nov 28 12:07:55 kashrinivaasan-Inspiron-1545 kernel: [    0.000000]  gran_size: 256K 	chunk_size: 1G 	num_reg: 7  	lose cover RAM: 16G
Nov 28 12:07:55 kashrinivaasan-Inspiron-1545 kernel: [    0.000000]  gran_size: 256K 	chunk_size: 2G 	num_reg: 7  	lose cover RAM: 29188M
Nov 28 12:07:55 kashrinivaasan-Inspiron-1545 kernel: [    0.000000]  gran_size: 512K 	chunk_size: 512K 	num_reg: 7  	lose cover RAM: 29188M
Nov 28 12:07:55 kashrinivaasan-Inspiron-1545 kernel: [    0.000000]  gran_size: 512K 	chunk_size: 1M 	num_reg: 7  	lose cover RAM: 29188M
Nov 28 12:07:55 kashrinivaasan-Inspiron-1545 kernel: [    0.000000]  gran_size: 512K 	chunk_size: 2M 	num_reg: 7  	lose cover RAM: 29188M
Nov 28 12:07:55 kashrinivaasan-Inspiron-1545 kernel: [    0.000000]  gran_size: 512K 	chunk_size: 4M 	num_reg: 7  	lose cover RAM: 29188M
Nov 28 12:07:55 kashrinivaasan-Inspiron-1545 kernel: [    0.000000]  gran_size: 512K 	chunk_size: 8M 	num_reg: 7  	lose cover RAM: 29184M
Nov 28 12:07:55 kashrinivaasan-Inspiron-1545 kernel: [    0.000000]  gran_size: 512K 	chunk_size: 16M 	num_reg: 7  	lose cover RAM: 29184M
Nov 28 12:07:55 kashrinivaasan-Inspiron-1545 kernel: [    0.000000]  gran_size: 512K 	chunk_size: 32M 	num_reg: 7  	lose cover RAM: 29184M
Nov 28 12:07:55 kashrinivaasan-Inspiron-1545 kernel: [    0.000000]  gran_size: 512K 	chunk_size: 64M 	num_reg: 7  	lose cover RAM: 16G
Nov 28 12:07:55 kashrinivaasan-Inspiron-1545 kernel: [    0.000000]  gran_size: 512K 	chunk_size: 128M 	num_reg: 7  	lose cover RAM: 16G
Nov 28 12:07:55 kashrinivaasan-Inspiron-1545 kernel: [    0.000000]  gran_size: 512K 	chunk_size: 256M 	num_reg: 7  	lose cover RAM: 16G
Nov 28 12:07:55 kashrinivaasan-Inspiron-1545 kernel: [    0.000000]  gran_size: 512K 	chunk_size: 512M 	num_reg: 7  	lose cover RAM: 16G
Nov 28 12:07:55 kashrinivaasan-Inspiron-1545 kernel: [    0.000000]  gran_size: 512K 	chunk_size: 1G 	num_reg: 7  	lose cover RAM: 16G
Nov 28 12:07:55 kashrinivaasan-Inspiron-1545 kernel: [    0.000000]  gran_size: 512K 	chunk_size: 2G 	num_reg: 7  	lose cover RAM: 29188M
Nov 28 12:07:55 kashrinivaasan-Inspiron-1545 kernel: [    0.000000]  gran_size: 1M 	chunk_size: 1M 	num_reg: 7  	lose cover RAM: 29188M
Nov 28 12:07:55 kashrinivaasan-Inspiron-1545 kernel: [    0.000000]  gran_size: 1M 	chunk_size: 2M 	num_reg: 7  	lose cover RAM: 29188M
Nov 28 12:07:55 kashrinivaasan-Inspiron-1545 kernel: [    0.000000]  gran_size: 1M 	chunk_size: 4M 	num_reg: 7  	lose cover RAM: 29188M
Nov 28 12:07:55 kashrinivaasan-Inspiron-1545 kernel: [    0.000000]  gran_size: 1M 	chunk_size: 8M 	num_reg: 7  	lose cover RAM: 29184M
Nov 28 12:07:55 kashrinivaasan-Inspiron-1545 kernel: [    0.000000]  gran_size: 1M 	chunk_size: 16M 	num_reg: 7  	lose cover RAM: 29184M
Nov 28 12:07:55 kashrinivaasan-Inspiron-1545 kernel: [    0.000000]  gran_size: 1M 	chunk_size: 32M 	num_reg: 7  	lose cover RAM: 29184M
Nov 28 12:07:55 kashrinivaasan-Inspiron-1545 kernel: [    0.000000]  gran_size: 1M 	chunk_size: 64M 	num_reg: 7  	lose cover RAM: 16G
Nov 28 12:07:55 kashrinivaasan-Inspiron-1545 kernel: [    0.000000]  gran_size: 1M 	chunk_size: 128M 	num_reg: 7  	lose cover RAM: 16G
Nov 28 12:07:55 kashrinivaasan-Inspiron-1545 kernel: [    0.000000]  gran_size: 1M 	chunk_size: 256M 	num_reg: 7  	lose cover RAM: 16G
Nov 28 12:07:55 kashrinivaasan-Inspiron-1545 kernel: [    0.000000]  gran_size: 1M 	chunk_size: 512M 	num_reg: 7  	lose cover RAM: 16G
Nov 28 12:07:55 kashrinivaasan-Inspiron-1545 kernel: [    0.000000]  gran_size: 1M 	chunk_size: 1G 	num_reg: 7  	lose cover RAM: 16G
Nov 28 12:07:55 kashrinivaasan-Inspiron-1545 kernel: [    0.000000]  gran_size: 1M 	chunk_size: 2G 	num_reg: 7  	lose cover RAM: 29188M
Nov 28 12:07:55 kashrinivaasan-Inspiron-1545 kernel: [    0.000000]  gran_size: 2M 	chunk_size: 2M 	num_reg: 7  	lose cover RAM: 29188M
Nov 28 12:07:55 kashrinivaasan-Inspiron-1545 kernel: [    0.000000]  gran_size: 2M 	chunk_size: 4M 	num_reg: 7  	lose cover RAM: 29188M
Nov 28 12:07:55 kashrinivaasan-Inspiron-1545 kernel: [    0.000000]  gran_size: 2M 	chunk_size: 8M 	num_reg: 7  	lose cover RAM: 29184M
Nov 28 12:07:55 kashrinivaasan-Inspiron-1545 kernel: [    0.000000]  gran_size: 2M 	chunk_size: 16M 	num_reg: 7  	lose cover RAM: 29184M
Nov 28 12:07:55 kashrinivaasan-Inspiron-1545 kernel: [    0.000000]  gran_size: 2M 	chunk_size: 32M 	num_reg: 7  	lose cover RAM: 29184M
Nov 28 12:07:55 kashrinivaasan-Inspiron-1545 kernel: [    0.000000]  gran_size: 2M 	chunk_size: 64M 	num_reg: 7  	lose cover RAM: 16G
Nov 28 12:07:55 kashrinivaasan-Inspiron-1545 kernel: [    0.000000]  gran_size: 2M 	chunk_size: 128M 	num_reg: 7  	lose cover RAM: 16G
Nov 28 12:07:55 kashrinivaasan-Inspiron-1545 kernel: [    0.000000]  gran_size: 2M 	chunk_size: 256M 	num_reg: 7  	lose cover RAM: 16G
Nov 28 12:07:55 kashrinivaasan-Inspiron-1545 kernel: [    0.000000]  gran_size: 2M 	chunk_size: 512M 	num_reg: 7  	lose cover RAM: 16G
Nov 28 12:07:55 kashrinivaasan-Inspiron-1545 kernel: [    0.000000]  gran_size: 2M 	chunk_size: 1G 	num_reg: 7  	lose cover RAM: 16G
Nov 28 12:07:55 kashrinivaasan-Inspiron-1545 kernel: [    0.000000]  gran_size: 2M 	chunk_size: 2G 	num_reg: 7  	lose cover RAM: 29188M
Nov 28 12:07:55 kashrinivaasan-Inspiron-1545 kernel: [    0.000000]  gran_size: 4M 	chunk_size: 4M 	num_reg: 7  	lose cover RAM: 29188M
Nov 28 12:07:55 kashrinivaasan-Inspiron-1545 kernel: [    0.000000]  gran_size: 4M 	chunk_size: 8M 	num_reg: 7  	lose cover RAM: 29184M
Nov 28 12:07:55 kashrinivaasan-Inspiron-1545 kernel: [    0.000000]  gran_size: 4M 	chunk_size: 16M 	num_reg: 7  	lose cover RAM: 29184M
Nov 28 12:07:55 kashrinivaasan-Inspiron-1545 kernel: [    0.000000]  gran_size: 4M 	chunk_size: 32M 	num_reg: 7  	lose cover RAM: 29184M
Nov 28 12:07:55 kashrinivaasan-Inspiron-1545 kernel: [    0.000000]  gran_size: 4M 	chunk_size: 64M 	num_reg: 7  	lose cover RAM: 16G
Nov 28 12:07:55 kashrinivaasan-Inspiron-1545 kernel: [    0.000000]  gran_size: 4M 	chunk_size: 128M 	num_reg: 7  	lose cover RAM: 16G
Nov 28 12:07:55 kashrinivaasan-Inspiron-1545 kernel: [    0.000000]  gran_size: 4M 	chunk_size: 256M 	num_reg: 7  	lose cover RAM: 16G
Nov 28 12:07:55 kashrinivaasan-Inspiron-1545 kernel: [    0.000000]  gran_size: 4M 	chunk_size: 512M 	num_reg: 7  	lose cover RAM: 16G
Nov 28 12:07:55 kashrinivaasan-Inspiron-1545 kernel: [    0.000000]  gran_size: 4M 	chunk_size: 1G 	num_reg: 7  	lose cover RAM: 16G
Nov 28 12:07:55 kashrinivaasan-Inspiron-1545 kernel: [    0.000000]  gran_size: 4M 	chunk_size: 2G 	num_reg: 7  	lose cover RAM: 29188M
Nov 28 12:07:55 kashrinivaasan-Inspiron-1545 kernel: [    0.000000]  gran_size: 8M 	chunk_size: 8M 	num_reg: 7  	lose cover RAM: 29188M
Nov 28 12:07:55 kashrinivaasan-Inspiron-1545 kernel: [    0.000000]  gran_size: 8M 	chunk_size: 16M 	num_reg: 7  	lose cover RAM: 29188M
Nov 28 12:07:55 kashrinivaasan-Inspiron-1545 kernel: [    0.000000]  gran_size: 8M 	chunk_size: 32M 	num_reg: 7  	lose cover RAM: 29188M
Nov 28 12:07:55 kashrinivaasan-Inspiron-1545 kernel: [    0.000000]  gran_size: 8M 	chunk_size: 64M 	num_reg: 7  	lose cover RAM: 16388M
Nov 28 12:07:55 kashrinivaasan-Inspiron-1545 kernel: [    0.000000]  gran_size: 8M 	chunk_size: 128M 	num_reg: 7  	lose cover RAM: 16388M
Nov 28 12:07:55 kashrinivaasan-Inspiron-1545 kernel: [    0.000000]  gran_size: 8M 	chunk_size: 256M 	num_reg: 7  	lose cover RAM: 16388M
Nov 28 12:07:55 kashrinivaasan-Inspiron-1545 kernel: [    0.000000]  gran_size: 8M 	chunk_size: 512M 	num_reg: 7  	lose cover RAM: 16388M
Nov 28 12:07:55 kashrinivaasan-Inspiron-1545 kernel: [    0.000000]  gran_size: 8M 	chunk_size: 1G 	num_reg: 7  	lose cover RAM: 16388M
Nov 28 12:07:55 kashrinivaasan-Inspiron-1545 kernel: [    0.000000]  gran_size: 8M 	chunk_size: 2G 	num_reg: 7  	lose cover RAM: 29188M
Nov 28 12:07:55 kashrinivaasan-Inspiron-1545 kernel: [    0.000000]  gran_size: 16M 	chunk_size: 16M 	num_reg: 7  	lose cover RAM: 28684M
Nov 28 12:07:55 kashrinivaasan-Inspiron-1545 kernel: [    0.000000]  gran_size: 16M 	chunk_size: 32M 	num_reg: 7  	lose cover RAM: 29196M
Nov 28 12:07:55 kashrinivaasan-Inspiron-1545 kernel: [    0.000000]  gran_size: 16M 	chunk_size: 64M 	num_reg: 7  	lose cover RAM: 16396M
Nov 28 12:07:55 kashrinivaasan-Inspiron-1545 kernel: [    0.000000]  gran_size: 16M 	chunk_size: 128M 	num_reg: 7  	lose cover RAM: 16396M
Nov 28 12:07:55 kashrinivaasan-Inspiron-1545 kernel: [    0.000000]  gran_size: 16M 	chunk_size: 256M 	num_reg: 7  	lose cover RAM: 16396M
Nov 28 12:07:55 kashrinivaasan-Inspiron-1545 kernel: [    0.000000]  gran_size: 16M 	chunk_size: 512M 	num_reg: 7  	lose cover RAM: 16396M
Nov 28 12:07:55 kashrinivaasan-Inspiron-1545 kernel: [    0.000000]  gran_size: 16M 	chunk_size: 1G 	num_reg: 7  	lose cover RAM: 16396M
Nov 28 12:07:55 kashrinivaasan-Inspiron-1545 kernel: [    0.000000]  gran_size: 16M 	chunk_size: 2G 	num_reg: 7  	lose cover RAM: 28172M
Nov 28 12:07:55 kashrinivaasan-Inspiron-1545 kernel: [    0.000000]  gran_size: 32M 	chunk_size: 32M 	num_reg: 7  	lose cover RAM: 24604M
Nov 28 12:07:55 kashrinivaasan-Inspiron-1545 kernel: [    0.000000]  gran_size: 32M 	chunk_size: 64M 	num_reg: 7  	lose cover RAM: 24604M
Nov 28 12:07:55 kashrinivaasan-Inspiron-1545 kernel: [    0.000000]  gran_size: 32M 	chunk_size: 128M 	num_reg: 7  	lose cover RAM: 28M
Nov 28 12:07:55 kashrinivaasan-Inspiron-1545 kernel: [    0.000000]  gran_size: 32M 	chunk_size: 256M 	num_reg: 7  	lose cover RAM: 28M
Nov 28 12:07:55 kashrinivaasan-Inspiron-1545 kernel: [    0.000000]  gran_size: 32M 	chunk_size: 512M 	num_reg: 7  	lose cover RAM: 28M
Nov 28 12:07:55 kashrinivaasan-Inspiron-1545 kernel: [    0.000000]  gran_size: 32M 	chunk_size: 1G 	num_reg: 7  	lose cover RAM: 28M
Nov 28 12:07:55 kashrinivaasan-Inspiron-1545 kernel: [    0.000000]  gran_size: 32M 	chunk_size: 2G 	num_reg: 7  	lose cover RAM: 27164M
Nov 28 12:07:55 kashrinivaasan-Inspiron-1545 kernel: [    0.000000]  gran_size: 64M 	chunk_size: 64M 	num_reg: 7  	lose cover RAM: 24604M
Nov 28 12:07:55 kashrinivaasan-Inspiron-1545 kernel: [    0.000000]  gran_size: 64M 	chunk_size: 128M 	num_reg: 7  	lose cover RAM: 28M
Nov 28 12:07:55 kashrinivaasan-Inspiron-1545 kernel: [    0.000000]  gran_size: 64M 	chunk_size: 256M 	num_reg: 7  	lose cover RAM: 28M
Nov 28 12:07:55 kashrinivaasan-Inspiron-1545 kernel: [    0.000000]  gran_size: 64M 	chunk_size: 512M 	num_reg: 7  	lose cover RAM: 28M
Nov 28 12:07:55 kashrinivaasan-Inspiron-1545 kernel: [    0.000000]  gran_size: 64M 	chunk_size: 1G 	num_reg: 7  	lose cover RAM: 28M
Nov 28 12:07:55 kashrinivaasan-Inspiron-1545 kernel: [    0.000000]  gran_size: 64M 	chunk_size: 2G 	num_reg: 7  	lose cover RAM: 27164M
Nov 28 12:07:55 kashrinivaasan-Inspiron-1545 kernel: [    0.000000]  gran_size: 128M 	chunk_size: 128M 	num_reg: 7  	lose cover RAM: 16476M
Nov 28 12:07:55 kashrinivaasan-Inspiron-1545 kernel: [    0.000000]  gran_size: 128M 	chunk_size: 256M 	num_reg: 7  	lose cover RAM: 92M
Nov 28 12:07:55 kashrinivaasan-Inspiron-1545 kernel: [    0.000000]  gran_size: 128M 	chunk_size: 512M 	num_reg: 7  	lose cover RAM: 92M
Nov 28 12:07:55 kashrinivaasan-Inspiron-1545 kernel: [    0.000000]  gran_size: 128M 	chunk_size: 1G 	num_reg: 7  	lose cover RAM: 92M
Nov 28 12:07:55 kashrinivaasan-Inspiron-1545 kernel: [    0.000000]  gran_size: 128M 	chunk_size: 2G 	num_reg: 7  	lose cover RAM: 27740M
Nov 28 12:07:55 kashrinivaasan-Inspiron-1545 kernel: [    0.000000]  gran_size: 256M 	chunk_size: 256M 	num_reg: 7  	lose cover RAM: 220M
Nov 28 12:07:55 kashrinivaasan-Inspiron-1545 kernel: [    0.000000]  gran_size: 256M 	chunk_size: 512M 	num_reg: 7  	lose cover RAM: 220M
Nov 28 12:07:55 kashrinivaasan-Inspiron-1545 kernel: [    0.000000]  gran_size: 256M 	chunk_size: 1G 	num_reg: 7  	lose cover RAM: 220M
Nov 28 12:07:55 kashrinivaasan-Inspiron-1545 kernel: [    0.000000]  gran_size: 256M 	chunk_size: 2G 	num_reg: 7  	lose cover RAM: 26844M
Nov 28 12:07:55 kashrinivaasan-Inspiron-1545 kernel: [    0.000000]  gran_size: 512M 	chunk_size: 512M 	num_reg: 6  	lose cover RAM: 476M
Nov 28 12:07:55 kashrinivaasan-Inspiron-1545 kernel: [    0.000000]  gran_size: 512M 	chunk_size: 1G 	num_reg: 7  	lose cover RAM: 476M
Nov 28 12:07:55 kashrinivaasan-Inspiron-1545 kernel: [    0.000000]  gran_size: 512M 	chunk_size: 2G 	num_reg: 7  	lose cover RAM: 25052M
Nov 28 12:07:55 kashrinivaasan-Inspiron-1545 kernel: [    0.000000]  gran_size: 1G 	chunk_size: 1G 	num_reg: 4  	lose cover RAM: 1500M
Nov 28 12:07:55 kashrinivaasan-Inspiron-1545 kernel: [    0.000000]  gran_size: 1G 	chunk_size: 2G 	num_reg: 4  	lose cover RAM: 1500M
Nov 28 12:07:55 kashrinivaasan-Inspiron-1545 kernel: [    0.000000]  gran_size: 2G 	chunk_size: 2G 	num_reg: 4  	lose cover RAM: 1500M
Nov 28 12:07:55 kashrinivaasan-Inspiron-1545 kernel: [    0.000000] mtrr_cleanup: can not find optimal value
Nov 28 12:07:55 kashrinivaasan-Inspiron-1545 kernel: [    0.000000] please specify mtrr_gran_size/mtrr_chunk_size
Nov 28 12:07:55 kashrinivaasan-Inspiron-1545 kernel: [    0.000000] e820: update [mem 0xbdc00000-0xbfffffff] usable ==> reserved
Nov 28 12:07:55 kashrinivaasan-Inspiron-1545 kernel: [    0.000000] e820: update [mem 0xe0000000-0xffffffff] usable ==> reserved
Nov 28 12:07:55 kashrinivaasan-Inspiron-1545 kernel: [    0.000000] initial memory mapped: [mem 0x00000000-0x01ffffff]
Nov 28 12:07:55 kashrinivaasan-Inspiron-1545 kernel: [    0.000000] Base memory trampoline at [c009b000] 9b000 size 16384
Nov 28 12:07:55 kashrinivaasan-Inspiron-1545 kernel: [    0.000000] init_memory_mapping: [mem 0x00000000-0x37bfdfff]
Nov 28 12:07:55 kashrinivaasan-Inspiron-1545 kernel: [    0.000000]  [mem 0x00000000-0x001fffff] page 4k
Nov 28 12:07:55 kashrinivaasan-Inspiron-1545 kernel: [    0.000000]  [mem 0x00200000-0x379fffff] page 2M
Nov 28 12:07:55 kashrinivaasan-Inspiron-1545 kernel: [    0.000000]  [mem 0x37a00000-0x37bfdfff] page 4k
Nov 28 12:07:55 kashrinivaasan-Inspiron-1545 kernel: [    0.000000] kernel direct mapping tables up to 0x37bfdfff @ [mem 0x01ffa000-0x01ffffff]
Nov 28 12:07:55 kashrinivaasan-Inspiron-1545 kernel: [    0.000000] RAMDISK: [mem 0x35974000-0x36cb1fff]
Nov 28 12:07:55 kashrinivaasan-Inspiron-1545 kernel: [    0.000000] ACPI: RSDP 000fbdd0 00024 (v02 DELL  )
Nov 28 12:07:55 kashrinivaasan-Inspiron-1545 kernel: [    0.000000] ACPI: XSDT bdac3e00 00054 (v01 DELL    WN09    27D90C07 ASL  00000061)
Nov 28 12:07:55 kashrinivaasan-Inspiron-1545 kernel: [    0.000000] ACPI: FACP bdac3c9c 000F4 (v04 DELL    WN09    27D90C07 ASL  00000061)
Nov 28 12:07:55 kashrinivaasan-Inspiron-1545 kernel: [    0.000000] ACPI: DSDT bdac4400 05451 (v02 INT430 SYSFexxx 00001001 INTL 20050624)
Nov 28 12:07:55 kashrinivaasan-Inspiron-1545 kernel: [    0.000000] ACPI: FACS bdad2c00 00040
Nov 28 12:07:55 kashrinivaasan-Inspiron-1545 kernel: [    0.000000] ACPI: HPET bdac3f00 00038 (v01 DELL    WN09    00000001 ASL  00000061)
Nov 28 12:07:55 kashrinivaasan-Inspiron-1545 kernel: [    0.000000] ACPI: APIC bdac4000 00068 (v01 DELL    WN09    27D90C07 ASL  00000047)
Nov 28 12:07:55 kashrinivaasan-Inspiron-1545 kernel: [    0.000000] ACPI: MCFG bdac3fc0 0003E (v16 DELL    WN09    27D90C07 ASL  00000061)
Nov 28 12:07:55 kashrinivaasan-Inspiron-1545 kernel: [    0.000000] ACPI: SLIC bdac409c 00176 (v01 DELL    WN09    27D90C07 ASL  00000061)
Nov 28 12:07:55 kashrinivaasan-Inspiron-1545 kernel: [    0.000000] ACPI: SSDT bdac2363 0066C (v01  PmRef    CpuPm 00003000 INTL 20050624)
Nov 28 12:07:55 kashrinivaasan-Inspiron-1545 kernel: [    0.000000] ACPI: Local APIC address 0xfee00000
Nov 28 12:07:55 kashrinivaasan-Inspiron-1545 kernel: [    0.000000] 2140MB HIGHMEM available.
Nov 28 12:07:55 kashrinivaasan-Inspiron-1545 kernel: [    0.000000] 891MB LOWMEM available.
Nov 28 12:07:55 kashrinivaasan-Inspiron-1545 kernel: [    0.000000]   mapped low ram: 0 - 37bfe000
Nov 28 12:07:55 kashrinivaasan-Inspiron-1545 kernel: [    0.000000]   low ram: 0 - 37bfe000
Nov 28 12:07:55 kashrinivaasan-Inspiron-1545 kernel: [    0.000000] Zone ranges:
Nov 28 12:07:55 kashrinivaasan-Inspiron-1545 kernel: [    0.000000]   DMA      [mem 0x00010000-0x00ffffff]
Nov 28 12:07:55 kashrinivaasan-Inspiron-1545 kernel: [    0.000000]   Normal   [mem 0x01000000-0x37bfdfff]
Nov 28 12:07:55 kashrinivaasan-Inspiron-1545 kernel: [    0.000000]   HighMem  [mem 0x37bfe000-0xbd8befff]
Nov 28 12:07:55 kashrinivaasan-Inspiron-1545 kernel: [    0.000000] Movable zone start for each node
Nov 28 12:07:55 kashrinivaasan-Inspiron-1545 kernel: [    0.000000] Early memory node ranges
Nov 28 12:07:55 kashrinivaasan-Inspiron-1545 kernel: [    0.000000]   node   0: [mem 0x00010000-0x0009efff]
Nov 28 12:07:55 kashrinivaasan-Inspiron-1545 kernel: [    0.000000]   node   0: [mem 0x00100000-0xbd8befff]
Nov 28 12:07:55 kashrinivaasan-Inspiron-1545 kernel: [    0.000000] On node 0 totalpages: 776270
Nov 28 12:07:55 kashrinivaasan-Inspiron-1545 kernel: [    0.000000] free_area_init_node: node 0, pgdat c18d32c0, node_mem_map f41bc200
Nov 28 12:07:55 kashrinivaasan-Inspiron-1545 kernel: [    0.000000]   DMA zone: 32 pages used for memmap
Nov 28 12:07:55 kashrinivaasan-Inspiron-1545 kernel: [    0.000000]   DMA zone: 0 pages reserved
Nov 28 12:07:55 kashrinivaasan-Inspiron-1545 kernel: [    0.000000]   DMA zone: 3951 pages, LIFO batch:0
Nov 28 12:07:55 kashrinivaasan-Inspiron-1545 kernel: [    0.000000]   Normal zone: 1752 pages used for memmap
Nov 28 12:07:55 kashrinivaasan-Inspiron-1545 kernel: [    0.000000]   Normal zone: 222502 pages, LIFO batch:31
Nov 28 12:07:55 kashrinivaasan-Inspiron-1545 kernel: [    0.000000]   HighMem zone: 4282 pages used for memmap
Nov 28 12:07:55 kashrinivaasan-Inspiron-1545 kernel: [    0.000000]   HighMem zone: 543751 pages, LIFO batch:31
Nov 28 12:07:55 kashrinivaasan-Inspiron-1545 kernel: [    0.000000] Using APIC driver default
Nov 28 12:07:55 kashrinivaasan-Inspiron-1545 kernel: [    0.000000] ACPI: PM-Timer IO Port: 0x1008
Nov 28 12:07:55 kashrinivaasan-Inspiron-1545 kernel: [    0.000000] ACPI: Local APIC address 0xfee00000
Nov 28 12:07:55 kashrinivaasan-Inspiron-1545 kernel: [    0.000000] ACPI: LAPIC (acpi_id[0x00] lapic_id[0x00] enabled)
Nov 28 12:07:55 kashrinivaasan-Inspiron-1545 kernel: [    0.000000] ACPI: LAPIC (acpi_id[0x01] lapic_id[0x01] enabled)
Nov 28 12:07:55 kashrinivaasan-Inspiron-1545 kernel: [    0.000000] ACPI: LAPIC_NMI (acpi_id[0x00] high edge lint[0x1])
Nov 28 12:07:55 kashrinivaasan-Inspiron-1545 kernel: [    0.000000] ACPI: LAPIC_NMI (acpi_id[0x01] high edge lint[0x1])
Nov 28 12:07:55 kashrinivaasan-Inspiron-1545 kernel: [    0.000000] ACPI: IOAPIC (id[0x02] address[0xfec00000] gsi_base[0])
Nov 28 12:07:55 kashrinivaasan-Inspiron-1545 kernel: [    0.000000] IOAPIC[0]: apic_id 2, version 32, address 0xfec00000, GSI 0-23
Nov 28 12:07:55 kashrinivaasan-Inspiron-1545 kernel: [    0.000000] ACPI: INT_SRC_OVR (bus 0 bus_irq 0 global_irq 2 dfl dfl)
Nov 28 12:07:55 kashrinivaasan-Inspiron-1545 kernel: [    0.000000] ACPI: INT_SRC_OVR (bus 0 bus_irq 9 global_irq 9 high level)
Nov 28 12:07:55 kashrinivaasan-Inspiron-1545 kernel: [    0.000000] ACPI: IRQ0 used by override.
Nov 28 12:07:55 kashrinivaasan-Inspiron-1545 kernel: [    0.000000] ACPI: IRQ2 used by override.
Nov 28 12:07:55 kashrinivaasan-Inspiron-1545 kernel: [    0.000000] ACPI: IRQ9 used by override.
Nov 28 12:07:55 kashrinivaasan-Inspiron-1545 kernel: [    0.000000] Using ACPI (MADT) for SMP configuration information
Nov 28 12:07:55 kashrinivaasan-Inspiron-1545 kernel: [    0.000000] ACPI: HPET id: 0x8086a201 base: 0xfed00000
Nov 28 12:07:55 kashrinivaasan-Inspiron-1545 kernel: [    0.000000] smpboot: Allowing 2 CPUs, 0 hotplug CPUs
Nov 28 12:07:55 kashrinivaasan-Inspiron-1545 kernel: [    0.000000] nr_irqs_gsi: 40
Nov 28 12:07:55 kashrinivaasan-Inspiron-1545 kernel: [    0.000000] PM: Registered nosave memory: 000000000009f000 - 00000000000a0000
Nov 28 12:07:55 kashrinivaasan-Inspiron-1545 kernel: [    0.000000] PM: Registered nosave memory: 00000000000a0000 - 0000000000100000
Nov 28 12:07:55 kashrinivaasan-Inspiron-1545 kernel: [    0.000000] e820: [mem 0xc0000000-0xf7ffffff] available for PCI devices
Nov 28 12:07:55 kashrinivaasan-Inspiron-1545 kernel: [    0.000000] Booting paravirtualized kernel on bare hardware
Nov 28 12:07:55 kashrinivaasan-Inspiron-1545 kernel: [    0.000000] setup_percpu: NR_CPUS:8 nr_cpumask_bits:8 nr_cpu_ids:2 nr_node_ids:1
Nov 28 12:07:55 kashrinivaasan-Inspiron-1545 kernel: [    0.000000] PERCPU: Embedded 14 pages/cpu @f7bcf000 s34944 r0 d22400 u57344
Nov 28 12:07:55 kashrinivaasan-Inspiron-1545 kernel: [    0.000000] pcpu-alloc: s34944 r0 d22400 u57344 alloc=14*4096
Nov 28 12:07:55 kashrinivaasan-Inspiron-1545 kernel: [    0.000000] pcpu-alloc: [0] 0 [0] 1 
Nov 28 12:07:55 kashrinivaasan-Inspiron-1545 kernel: [    0.000000] Built 1 zonelists in Zone order, mobility grouping on.  Total pages: 770204
Nov 28 12:07:55 kashrinivaasan-Inspiron-1545 kernel: [    0.000000] Kernel command line: BOOT_IMAGE=/boot/vmlinuz-3.7.8 root=UUID=0fc4d8a2-1c74-42b8-8099-9ef78d8c8ea2 ro recovery nomodeset
Nov 28 12:07:55 kashrinivaasan-Inspiron-1545 kernel: [    0.000000] PID hash table entries: 4096 (order: 2, 16384 bytes)
Nov 28 12:07:55 kashrinivaasan-Inspiron-1545 kernel: [    0.000000] Dentry cache hash table entries: 131072 (order: 7, 524288 bytes)
Nov 28 12:07:55 kashrinivaasan-Inspiron-1545 kernel: [    0.000000] Inode-cache hash table entries: 65536 (order: 6, 262144 bytes)
Nov 28 12:07:55 kashrinivaasan-Inspiron-1545 kernel: [    0.000000] __ex_table already sorted, skipping sort
Nov 28 12:07:55 kashrinivaasan-Inspiron-1545 kernel: [    0.000000] Initializing CPU#0
Nov 28 12:07:55 kashrinivaasan-Inspiron-1545 kernel: [    0.000000] xsave: enabled xstate_bv 0x3, cntxt size 0x240
Nov 28 12:07:55 kashrinivaasan-Inspiron-1545 kernel: [    0.000000] allocated 6210936 bytes of page_cgroup
Nov 28 12:07:55 kashrinivaasan-Inspiron-1545 kernel: [    0.000000] please try 'cgroup_disable=memory' option if you don't want memory cgroups
Nov 28 12:07:55 kashrinivaasan-Inspiron-1545 kernel: [    0.000000] Initializing HighMem for node 0 (00037bfe:000bd8bf)
Nov 28 12:07:55 kashrinivaasan-Inspiron-1545 kernel: [    0.000000] Memory: 3043136k/3105532k available (6105k kernel code, 61944k reserved, 2978k data, 788k init, 2192132k highmem)
Nov 28 12:07:55 kashrinivaasan-Inspiron-1545 kernel: [    0.000000] virtual kernel memory layout:
Nov 28 12:07:55 kashrinivaasan-Inspiron-1545 kernel: [    0.000000]     fixmap  : 0xfff15000 - 0xfffff000   ( 936 kB)
Nov 28 12:07:55 kashrinivaasan-Inspiron-1545 kernel: [    0.000000]     pkmap   : 0xffc00000 - 0xffe00000   (2048 kB)
Nov 28 12:07:55 kashrinivaasan-Inspiron-1545 kernel: [    0.000000]     vmalloc : 0xf83fe000 - 0xffbfe000   ( 120 MB)
Nov 28 12:07:55 kashrinivaasan-Inspiron-1545 kernel: [    0.000000]     lowmem  : 0xc0000000 - 0xf7bfe000   ( 891 MB)
Nov 28 12:07:55 kashrinivaasan-Inspiron-1545 kernel: [    0.000000]       .init : 0xc18df000 - 0xc19a4000   ( 788 kB)
Nov 28 12:07:55 kashrinivaasan-Inspiron-1545 kernel: [    0.000000]       .data : 0xc15f6559 - 0xc18def80   (2978 kB)
Nov 28 12:07:55 kashrinivaasan-Inspiron-1545 kernel: [    0.000000]       .text : 0xc1000000 - 0xc15f6559   (6105 kB)
Nov 28 12:07:55 kashrinivaasan-Inspiron-1545 kernel: [    0.000000] Checking if this processor honours the WP bit even in supervisor mode...Ok.
Nov 28 12:07:55 kashrinivaasan-Inspiron-1545 kernel: [    0.000000] SLUB: Genslabs=15, HWalign=64, Order=0-3, MinObjects=0, CPUs=2, Nodes=1
Nov 28 12:07:55 kashrinivaasan-Inspiron-1545 kernel: [    0.000000] Hierarchical RCU implementation.
Nov 28 12:07:55 kashrinivaasan-Inspiron-1545 kernel: [    0.000000] 	RCU dyntick-idle grace-period acceleration is enabled.
Nov 28 12:07:55 kashrinivaasan-Inspiron-1545 kernel: [    0.000000] 	RCU restricting CPUs from NR_CPUS=8 to nr_cpu_ids=2.
Nov 28 12:07:55 kashrinivaasan-Inspiron-1545 kernel: [    0.000000] NR_IRQS:2304 nr_irqs:512 16
Nov 28 12:07:55 kashrinivaasan-Inspiron-1545 kernel: [    0.000000] CPU 0 irqstacks, hard=f7008000 soft=f700a000
Nov 28 12:07:55 kashrinivaasan-Inspiron-1545 kernel: [    0.000000] Extended CMOS year: 2000
Nov 28 12:07:55 kashrinivaasan-Inspiron-1545 kernel: [    0.000000] Console: colour VGA+ 80x25
Nov 28 12:07:55 kashrinivaasan-Inspiron-1545 kernel: [    0.000000] console [tty0] enabled
Nov 28 12:07:55 kashrinivaasan-Inspiron-1545 kernel: [    0.000000] hpet clockevent registered
Nov 28 12:07:55 kashrinivaasan-Inspiron-1545 kernel: [    0.000000] tsc: Fast TSC calibration using PIT
Nov 28 12:07:55 kashrinivaasan-Inspiron-1545 kernel: [    0.000000] tsc: Detected 1994.967 MHz processor
Nov 28 12:07:55 kashrinivaasan-Inspiron-1545 kernel: [    0.004001] Calibrating delay loop (skipped), value calculated using timer frequency.. 3989.93 BogoMIPS (lpj=7979868)
Nov 28 12:07:55 kashrinivaasan-Inspiron-1545 kernel: [    0.004098] pid_max: default: 32768 minimum: 301
Nov 28 12:07:55 kashrinivaasan-Inspiron-1545 kernel: [    0.004175] Security Framework initialized
Nov 28 12:07:55 kashrinivaasan-Inspiron-1545 kernel: [    0.004228] AppArmor: AppArmor initialized
Nov 28 12:07:55 kashrinivaasan-Inspiron-1545 kernel: [    0.004275] Yama: becoming mindful.
Nov 28 12:07:55 kashrinivaasan-Inspiron-1545 kernel: [    0.004370] Mount-cache hash table entries: 512
Nov 28 12:07:55 kashrinivaasan-Inspiron-1545 kernel: [    0.004669] Initializing cgroup subsys cpuacct
Nov 28 12:07:55 kashrinivaasan-Inspiron-1545 kernel: [    0.004718] Initializing cgroup subsys memory
Nov 28 12:07:55 kashrinivaasan-Inspiron-1545 kernel: [    0.004770] Initializing cgroup subsys devices
Nov 28 12:07:55 kashrinivaasan-Inspiron-1545 kernel: [    0.004818] Initializing cgroup subsys freezer
Nov 28 12:07:55 kashrinivaasan-Inspiron-1545 kernel: [    0.004866] Initializing cgroup subsys blkio
Nov 28 12:07:55 kashrinivaasan-Inspiron-1545 kernel: [    0.004914] Initializing cgroup subsys perf_event
Nov 28 12:07:55 kashrinivaasan-Inspiron-1545 kernel: [    0.004963] Initializing cgroup subsys hugetlb
Nov 28 12:07:55 kashrinivaasan-Inspiron-1545 kernel: [    0.005037] CPU: Physical Processor ID: 0
Nov 28 12:07:55 kashrinivaasan-Inspiron-1545 kernel: [    0.005083] CPU: Processor Core ID: 0
Nov 28 12:07:55 kashrinivaasan-Inspiron-1545 kernel: [    0.005130] mce: CPU supports 6 MCE banks
Nov 28 12:07:55 kashrinivaasan-Inspiron-1545 kernel: [    0.005182] CPU0: Thermal monitoring enabled (TM2)
Nov 28 12:07:55 kashrinivaasan-Inspiron-1545 kernel: [    0.005231] process: using mwait in idle threads
Nov 28 12:07:55 kashrinivaasan-Inspiron-1545 kernel: [    0.005285] Last level iTLB entries: 4KB 128, 2MB 4, 4MB 4
Nov 28 12:07:55 kashrinivaasan-Inspiron-1545 kernel: [    0.005285] Last level dTLB entries: 4KB 256, 2MB 0, 4MB 32
Nov 28 12:07:55 kashrinivaasan-Inspiron-1545 kernel: [    0.005285] tlb_flushall_shift: -1
Nov 28 12:07:55 kashrinivaasan-Inspiron-1545 kernel: [    0.008298] Freeing SMP alternatives: 24k freed
Nov 28 12:07:55 kashrinivaasan-Inspiron-1545 kernel: [    0.010882] ACPI: Core revision 20120913
Nov 28 12:07:55 kashrinivaasan-Inspiron-1545 kernel: [    0.016011] ftrace: allocating 24997 entries in 49 pages
Nov 28 12:07:55 kashrinivaasan-Inspiron-1545 kernel: [    0.028068] Enabling APIC mode:  Flat.  Using 1 I/O APICs
Nov 28 12:07:55 kashrinivaasan-Inspiron-1545 kernel: [    0.028573] ..TIMER: vector=0x30 apic1=0 pin1=2 apic2=-1 pin2=-1
Nov 28 12:07:55 kashrinivaasan-Inspiron-1545 kernel: [    0.069446] smpboot: CPU0: Intel(R) Core(TM)2 Duo CPU     T6400  @ 2.00GHz (fam: 06, model: 17, stepping: 0a)
Nov 28 12:07:55 kashrinivaasan-Inspiron-1545 kernel: [    0.072000] Performance Events: PEBS fmt0+, 4-deep LBR, Core2 events, Intel PMU driver.
Nov 28 12:07:55 kashrinivaasan-Inspiron-1545 kernel: [    0.072000] ... version:                2
Nov 28 12:07:55 kashrinivaasan-Inspiron-1545 kernel: [    0.072000] ... bit width:              40
Nov 28 12:07:55 kashrinivaasan-Inspiron-1545 kernel: [    0.072000] ... generic registers:      2
Nov 28 12:07:55 kashrinivaasan-Inspiron-1545 kernel: [    0.072000] ... value mask:             000000ffffffffff
Nov 28 12:07:55 kashrinivaasan-Inspiron-1545 kernel: [    0.072000] ... max period:             000000007fffffff
Nov 28 12:07:55 kashrinivaasan-Inspiron-1545 kernel: [    0.072000] ... fixed-purpose events:   3
Nov 28 12:07:55 kashrinivaasan-Inspiron-1545 kernel: [    0.072000] ... event mask:             0000000700000003
Nov 28 12:07:55 kashrinivaasan-Inspiron-1545 kernel: [    0.072000] CPU 1 irqstacks, hard=f70cc000 soft=f70ce000
Nov 28 12:07:55 kashrinivaasan-Inspiron-1545 kernel: [    0.072000] smpboot: Booting Node   0, Processors  #1 OK
Nov 28 12:07:55 kashrinivaasan-Inspiron-1545 kernel: [    0.008000] Initializing CPU#1
Nov 28 12:07:55 kashrinivaasan-Inspiron-1545 kernel: [    0.083021] Brought up 2 CPUs
Nov 28 12:07:55 kashrinivaasan-Inspiron-1545 kernel: [    0.083118] smpboot: Total of 2 processors activated (7979.86 BogoMIPS)
Nov 28 12:07:55 kashrinivaasan-Inspiron-1545 kernel: [    0.083265] NMI watchdog: enabled on all CPUs, permanently consumes one hw-PMU counter.
Nov 28 12:07:55 kashrinivaasan-Inspiron-1545 kernel: [    0.084093] devtmpfs: initialized
Nov 28 12:07:55 kashrinivaasan-Inspiron-1545 kernel: [    0.084275] EVM: security.selinux
Nov 28 12:07:55 kashrinivaasan-Inspiron-1545 kernel: [    0.084322] EVM: security.SMACK64
Nov 28 12:07:55 kashrinivaasan-Inspiron-1545 kernel: [    0.084368] EVM: security.capability
Nov 28 12:07:55 kashrinivaasan-Inspiron-1545 kernel: [    0.084424] PM: Registering ACPI NVS region [mem 0xbd8bf400-0xbdac13ff] (2105344 bytes)
Nov 28 12:07:55 kashrinivaasan-Inspiron-1545 kernel: [    0.085383] regulator-dummy: no parameters
Nov 28 12:07:55 kashrinivaasan-Inspiron-1545 kernel: [    0.085495] NET: Registered protocol family 16
Nov 28 12:07:55 kashrinivaasan-Inspiron-1545 kernel: [    0.085495] EISA bus registered
Nov 28 12:07:55 kashrinivaasan-Inspiron-1545 kernel: [    0.085495] ACPI: bus type pci registered
Nov 28 12:07:55 kashrinivaasan-Inspiron-1545 kernel: [    0.085495] PCI: MMCONFIG for domain 0000 [bus 00-3f] at [mem 0xf8000000-0xfbffffff] (base 0xf8000000)
Nov 28 12:07:55 kashrinivaasan-Inspiron-1545 kernel: [    0.085495] PCI: MMCONFIG at [mem 0xf8000000-0xfbffffff] reserved in E820
Nov 28 12:07:55 kashrinivaasan-Inspiron-1545 kernel: [    0.085495] PCI: Using MMCONFIG for extended config space
Nov 28 12:07:55 kashrinivaasan-Inspiron-1545 kernel: [    0.085495] PCI: Using configuration type 1 for base access
Nov 28 12:07:55 kashrinivaasan-Inspiron-1545 kernel: [    0.085495] dmi type 0xB1 record - unknown flag
Nov 28 12:07:55 kashrinivaasan-Inspiron-1545 kernel: [    0.088024] bio: create slab <bio-0> at 0
Nov 28 12:07:55 kashrinivaasan-Inspiron-1545 kernel: [    0.088094] ACPI: Added _OSI(Module Device)
Nov 28 12:07:55 kashrinivaasan-Inspiron-1545 kernel: [    0.088126] ACPI: Added _OSI(Processor Device)
Nov 28 12:07:55 kashrinivaasan-Inspiron-1545 kernel: [    0.088175] ACPI: Added _OSI(3.0 _SCP Extensions)
Nov 28 12:07:55 kashrinivaasan-Inspiron-1545 kernel: [    0.088224] ACPI: Added _OSI(Processor Aggregator Device)
Nov 28 12:07:55 kashrinivaasan-Inspiron-1545 kernel: [    0.089608] ACPI: EC: Look up EC in DSDT
Nov 28 12:07:55 kashrinivaasan-Inspiron-1545 kernel: [    0.096113] [Firmware Bug]: ACPI: BIOS _OSI(Linux) query ignored
Nov 28 12:07:55 kashrinivaasan-Inspiron-1545 kernel: [    0.099767] ACPI: SSDT bdac29cf 0023F (v01  PmRef   BspIst 00003000 INTL 20050624)
Nov 28 12:07:55 kashrinivaasan-Inspiron-1545 kernel: [    0.100217] ACPI: Dynamic OEM Table Load:
Nov 28 12:07:55 kashrinivaasan-Inspiron-1545 kernel: [    0.100326] ACPI: SSDT   (null) 0023F (v01  PmRef   BspIst 00003000 INTL 20050624)
Nov 28 12:07:55 kashrinivaasan-Inspiron-1545 kernel: [    0.100607] ACPI: SSDT bdac2de5 005C6 (v01  PmRef   BspCst 00003001 INTL 20050624)
Nov 28 12:07:55 kashrinivaasan-Inspiron-1545 kernel: [    0.101030] ACPI: Dynamic OEM Table Load:
Nov 28 12:07:55 kashrinivaasan-Inspiron-1545 kernel: [    0.101139] ACPI: SSDT   (null) 005C6 (v01  PmRef   BspCst 00003001 INTL 20050624)
Nov 28 12:07:55 kashrinivaasan-Inspiron-1545 kernel: [    0.101546] ACPI: SSDT bdac2c0e 001D7 (v01  PmRef    ApIst 00003000 INTL 20050624)
Nov 28 12:07:55 kashrinivaasan-Inspiron-1545 kernel: [    0.102005] ACPI: Dynamic OEM Table Load:
Nov 28 12:07:55 kashrinivaasan-Inspiron-1545 kernel: [    0.102114] ACPI: SSDT   (null) 001D7 (v01  PmRef    ApIst 00003000 INTL 20050624)
Nov 28 12:07:55 kashrinivaasan-Inspiron-1545 kernel: [    0.102335] ACPI: SSDT bdac33ab 0008D (v01  PmRef    ApCst 00003000 INTL 20050624)
Nov 28 12:07:55 kashrinivaasan-Inspiron-1545 kernel: [    0.102771] ACPI: Dynamic OEM Table Load:
Nov 28 12:07:55 kashrinivaasan-Inspiron-1545 kernel: [    0.102879] ACPI: SSDT   (null) 0008D (v01  PmRef    ApCst 00003000 INTL 20050624)
Nov 28 12:07:55 kashrinivaasan-Inspiron-1545 kernel: [    0.103218] ACPI: Interpreter enabled
Nov 28 12:07:55 kashrinivaasan-Inspiron-1545 kernel: [    0.103274] ACPI: (supports S0 S3 S4 S5)
Nov 28 12:07:55 kashrinivaasan-Inspiron-1545 kernel: [    0.103456] ACPI: Using IOAPIC for interrupt routing
Nov 28 12:07:55 kashrinivaasan-Inspiron-1545 kernel: [    0.169817] ACPI: No dock devices found.
Nov 28 12:07:55 kashrinivaasan-Inspiron-1545 kernel: [    0.169872] PCI: Using host bridge windows from ACPI; if necessary, use "pci=nocrs" and report a bug
Nov 28 12:07:55 kashrinivaasan-Inspiron-1545 kernel: [    0.192000] ACPI: PCI Root Bridge [PCI0] (domain 0000 [bus 00-ff])
Nov 28 12:07:55 kashrinivaasan-Inspiron-1545 kernel: [    0.227092] pci_root PNP0A03:00: [Firmware Info]: MMCONFIG for domain 0000 [bus 00-3f] only partially covers this bridge
Nov 28 12:07:55 kashrinivaasan-Inspiron-1545 kernel: [    0.227200] PCI host bridge to bus 0000:00
Nov 28 12:07:55 kashrinivaasan-Inspiron-1545 kernel: [    0.227251] pci_bus 0000:00: root bus resource [bus 00-ff]
Nov 28 12:07:55 kashrinivaasan-Inspiron-1545 kernel: [    0.227302] pci_bus 0000:00: root bus resource [io  0x0000-0x0cf7]
Nov 28 12:07:55 kashrinivaasan-Inspiron-1545 kernel: [    0.227354] pci_bus 0000:00: root bus resource [io  0x0d00-0xffff]
Nov 28 12:07:55 kashrinivaasan-Inspiron-1545 kernel: [    0.227406] pci_bus 0000:00: root bus resource [mem 0x000a0000-0x000bffff]
Nov 28 12:07:55 kashrinivaasan-Inspiron-1545 kernel: [    0.227460] pci_bus 0000:00: root bus resource [mem 0x000d0000-0x000dffff]
Nov 28 12:07:55 kashrinivaasan-Inspiron-1545 kernel: [    0.227513] pci_bus 0000:00: root bus resource [mem 0xc0000000-0xf7ffffff]
Nov 28 12:07:55 kashrinivaasan-Inspiron-1545 kernel: [    0.227567] pci_bus 0000:00: root bus resource [mem 0xfc000000-0xfebfffff]
Nov 28 12:07:55 kashrinivaasan-Inspiron-1545 kernel: [    0.228003] pci_bus 0000:00: root bus resource [mem 0xfec10000-0xfecfffff]
Nov 28 12:07:55 kashrinivaasan-Inspiron-1545 kernel: [    0.228055] pci_bus 0000:00: root bus resource [mem 0xfed1c000-0xfed1ffff]
Nov 28 12:07:55 kashrinivaasan-Inspiron-1545 kernel: [    0.228108] pci_bus 0000:00: root bus resource [mem 0xfed90000-0xfed9ffff]
Nov 28 12:07:55 kashrinivaasan-Inspiron-1545 kernel: [    0.228161] pci_bus 0000:00: root bus resource [mem 0xfeda7000-0xfedfffff]
Nov 28 12:07:55 kashrinivaasan-Inspiron-1545 kernel: [    0.228213] pci_bus 0000:00: root bus resource [mem 0xfee10000-0xff9fffff]
Nov 28 12:07:55 kashrinivaasan-Inspiron-1545 kernel: [    0.228266] pci_bus 0000:00: root bus resource [mem 0xffc00000-0xffdfffff]
Nov 28 12:07:55 kashrinivaasan-Inspiron-1545 kernel: [    0.228329] pci 0000:00:00.0: [8086:2a40] type 00 class 0x060000
Nov 28 12:07:55 kashrinivaasan-Inspiron-1545 kernel: [    0.228356] DMAR: Forcing write-buffer flush capability
Nov 28 12:07:55 kashrinivaasan-Inspiron-1545 kernel: [    0.228405] DMAR: Disabling IOMMU for graphics on this chipset
Nov 28 12:07:55 kashrinivaasan-Inspiron-1545 kernel: [    0.228484] pci 0000:00:02.0: [8086:2a42] type 00 class 0x030000
Nov 28 12:07:55 kashrinivaasan-Inspiron-1545 kernel: [    0.228501] pci 0000:00:02.0: reg 10: [mem 0xf6c00000-0xf6ffffff 64bit]
Nov 28 12:07:55 kashrinivaasan-Inspiron-1545 kernel: [    0.228511] pci 0000:00:02.0: reg 18: [mem 0xe0000000-0xefffffff 64bit pref]
Nov 28 12:07:55 kashrinivaasan-Inspiron-1545 kernel: [    0.228519] pci 0000:00:02.0: reg 20: [io  0xefe8-0xefef]
Nov 28 12:07:55 kashrinivaasan-Inspiron-1545 kernel: [    0.228563] pci 0000:00:02.1: [8086:2a43] type 00 class 0x038000
Nov 28 12:07:55 kashrinivaasan-Inspiron-1545 kernel: [    0.228577] pci 0000:00:02.1: reg 10: [mem 0xf6b00000-0xf6bfffff 64bit]
Nov 28 12:07:55 kashrinivaasan-Inspiron-1545 kernel: [    0.228680] pci 0000:00:1a.0: [8086:2937] type 00 class 0x0c0300
Nov 28 12:07:55 kashrinivaasan-Inspiron-1545 kernel: [    0.228744] pci 0000:00:1a.0: reg 20: [io  0x6f60-0x6f7f]
Nov 28 12:07:55 kashrinivaasan-Inspiron-1545 kernel: [    0.228822] pci 0000:00:1a.1: [8086:2938] type 00 class 0x0c0300
Nov 28 12:07:55 kashrinivaasan-Inspiron-1545 kernel: [    0.228886] pci 0000:00:1a.1: reg 20: [io  0x6f80-0x6f9f]
Nov 28 12:07:55 kashrinivaasan-Inspiron-1545 kernel: [    0.228963] pci 0000:00:1a.2: [8086:2939] type 00 class 0x0c0300
Nov 28 12:07:55 kashrinivaasan-Inspiron-1545 kernel: [    0.229028] pci 0000:00:1a.2: reg 20: [io  0x6fa0-0x6fbf]
Nov 28 12:07:55 kashrinivaasan-Inspiron-1545 kernel: [    0.229119] pci 0000:00:1a.7: [8086:293c] type 00 class 0x0c0320
Nov 28 12:07:55 kashrinivaasan-Inspiron-1545 kernel: [    0.229148] pci 0000:00:1a.7: reg 10: [mem 0xfed1c400-0xfed1c7ff]
Nov 28 12:07:55 kashrinivaasan-Inspiron-1545 kernel: [    0.229275] pci 0000:00:1a.7: PME# supported from D0 D3hot D3cold
Nov 28 12:07:55 kashrinivaasan-Inspiron-1545 kernel: [    0.229314] pci 0000:00:1b.0: [8086:293e] type 00 class 0x040300
Nov 28 12:07:55 kashrinivaasan-Inspiron-1545 kernel: [    0.229339] pci 0000:00:1b.0: reg 10: [mem 0xf6afc000-0xf6afffff 64bit]
Nov 28 12:07:55 kashrinivaasan-Inspiron-1545 kernel: [    0.229450] pci 0000:00:1b.0: PME# supported from D0 D3hot D3cold
Nov 28 12:07:55 kashrinivaasan-Inspiron-1545 kernel: [    0.229486] pci 0000:00:1c.0: [8086:2940] type 01 class 0x060400
Nov 28 12:07:55 kashrinivaasan-Inspiron-1545 kernel: [    0.229602] pci 0000:00:1c.0: PME# supported from D0 D3hot D3cold
Nov 28 12:07:55 kashrinivaasan-Inspiron-1545 kernel: [    0.229641] pci 0000:00:1c.1: [8086:2942] type 01 class 0x060400
Nov 28 12:07:55 kashrinivaasan-Inspiron-1545 kernel: [    0.229757] pci 0000:00:1c.1: PME# supported from D0 D3hot D3cold
Nov 28 12:07:55 kashrinivaasan-Inspiron-1545 kernel: [    0.229795] pci 0000:00:1c.2: [8086:2944] type 01 class 0x060400
Nov 28 12:07:55 kashrinivaasan-Inspiron-1545 kernel: [    0.229912] pci 0000:00:1c.2: PME# supported from D0 D3hot D3cold
Nov 28 12:07:55 kashrinivaasan-Inspiron-1545 kernel: [    0.229951] pci 0000:00:1c.4: [8086:2948] type 01 class 0x060400
Nov 28 12:07:55 kashrinivaasan-Inspiron-1545 kernel: [    0.230068] pci 0000:00:1c.4: PME# supported from D0 D3hot D3cold
Nov 28 12:07:55 kashrinivaasan-Inspiron-1545 kernel: [    0.230110] pci 0000:00:1d.0: [8086:2934] type 00 class 0x0c0300
Nov 28 12:07:55 kashrinivaasan-Inspiron-1545 kernel: [    0.230174] pci 0000:00:1d.0: reg 20: [io  0x6f00-0x6f1f]
Nov 28 12:07:55 kashrinivaasan-Inspiron-1545 kernel: [    0.230251] pci 0000:00:1d.1: [8086:2935] type 00 class 0x0c0300
Nov 28 12:07:55 kashrinivaasan-Inspiron-1545 kernel: [    0.230315] pci 0000:00:1d.1: reg 20: [io  0x6f20-0x6f3f]
Nov 28 12:07:55 kashrinivaasan-Inspiron-1545 kernel: [    0.230395] pci 0000:00:1d.2: [8086:2936] type 00 class 0x0c0300
Nov 28 12:07:55 kashrinivaasan-Inspiron-1545 kernel: [    0.230459] pci 0000:00:1d.2: reg 20: [io  0x6f40-0x6f5f]
Nov 28 12:07:55 kashrinivaasan-Inspiron-1545 kernel: [    0.230549] pci 0000:00:1d.7: [8086:293a] type 00 class 0x0c0320
Nov 28 12:07:55 kashrinivaasan-Inspiron-1545 kernel: [    0.230579] pci 0000:00:1d.7: reg 10: [mem 0xfed1c000-0xfed1c3ff]
Nov 28 12:07:55 kashrinivaasan-Inspiron-1545 kernel: [    0.230705] pci 0000:00:1d.7: PME# supported from D0 D3hot D3cold
Nov 28 12:07:55 kashrinivaasan-Inspiron-1545 kernel: [    0.230737] pci 0000:00:1e.0: [8086:2448] type 01 class 0x060401
Nov 28 12:07:55 kashrinivaasan-Inspiron-1545 kernel: [    0.230840] pci 0000:00:1f.0: [8086:2919] type 00 class 0x060100
Nov 28 12:07:55 kashrinivaasan-Inspiron-1545 kernel: [    0.231025] pci 0000:00:1f.2: [8086:2929] type 00 class 0x010601
Nov 28 12:07:55 kashrinivaasan-Inspiron-1545 kernel: [    0.231057] pci 0000:00:1f.2: reg 10: [io  0x6e70-0x6e77]
Nov 28 12:07:55 kashrinivaasan-Inspiron-1545 kernel: [    0.231070] pci 0000:00:1f.2: reg 14: [io  0x6e78-0x6e7b]
Nov 28 12:07:55 kashrinivaasan-Inspiron-1545 kernel: [    0.231083] pci 0000:00:1f.2: reg 18: [io  0x6e80-0x6e87]
Nov 28 12:07:55 kashrinivaasan-Inspiron-1545 kernel: [    0.231096] pci 0000:00:1f.2: reg 1c: [io  0x6e88-0x6e8b]
Nov 28 12:07:55 kashrinivaasan-Inspiron-1545 kernel: [    0.231110] pci 0000:00:1f.2: reg 20: [io  0x6ea0-0x6ebf]
Nov 28 12:07:55 kashrinivaasan-Inspiron-1545 kernel: [    0.231123] pci 0000:00:1f.2: reg 24: [mem 0xfed1c800-0xfed1cfff]
Nov 28 12:07:55 kashrinivaasan-Inspiron-1545 kernel: [    0.231203] pci 0000:00:1f.2: PME# supported from D3hot
Nov 28 12:07:55 kashrinivaasan-Inspiron-1545 kernel: [    0.231232] pci 0000:00:1f.3: [8086:2930] type 00 class 0x0c0500
Nov 28 12:07:55 kashrinivaasan-Inspiron-1545 kernel: [    0.231256] pci 0000:00:1f.3: reg 10: [mem 0xf6afbf00-0xf6afbfff 64bit]
Nov 28 12:07:55 kashrinivaasan-Inspiron-1545 kernel: [    0.231290] pci 0000:00:1f.3: reg 20: [io  0x1100-0x111f]
Nov 28 12:07:55 kashrinivaasan-Inspiron-1545 kernel: [    0.231397] pci 0000:00:1c.0: PCI bridge to [bus 0b]
Nov 28 12:07:55 kashrinivaasan-Inspiron-1545 kernel: [    0.231780] pci 0000:0c:00.0: [14e4:4315] type 00 class 0x028000
Nov 28 12:07:55 kashrinivaasan-Inspiron-1545 kernel: [    0.231852] pci 0000:0c:00.0: reg 10: [mem 0xf69fc000-0xf69fffff 64bit]
Nov 28 12:07:55 kashrinivaasan-Inspiron-1545 kernel: [    0.232264] pci 0000:0c:00.0: supports D1 D2
Nov 28 12:07:55 kashrinivaasan-Inspiron-1545 kernel: [    0.232267] pci 0000:0c:00.0: PME# supported from D0 D3hot D3cold
Nov 28 12:07:55 kashrinivaasan-Inspiron-1545 kernel: [    0.232455] pci 0000:00:1c.1: PCI bridge to [bus 0c]
Nov 28 12:07:55 kashrinivaasan-Inspiron-1545 kernel: [    0.232512] pci 0000:00:1c.1:   bridge window [mem 0xf6900000-0xf69fffff]
Nov 28 12:07:55 kashrinivaasan-Inspiron-1545 kernel: [    0.232612] pci 0000:09:00.0: [11ab:4354] type 00 class 0x020000
Nov 28 12:07:55 kashrinivaasan-Inspiron-1545 kernel: [    0.232649] pci 0000:09:00.0: reg 10: [mem 0xf68fc000-0xf68fffff 64bit]
Nov 28 12:07:55 kashrinivaasan-Inspiron-1545 kernel: [    0.232669] pci 0000:09:00.0: reg 18: [io  0xde00-0xdeff]
Nov 28 12:07:55 kashrinivaasan-Inspiron-1545 kernel: [    0.232826] pci 0000:09:00.0: supports D1 D2
Nov 28 12:07:55 kashrinivaasan-Inspiron-1545 kernel: [    0.232828] pci 0000:09:00.0: PME# supported from D0 D1 D2 D3hot D3cold
Nov 28 12:07:55 kashrinivaasan-Inspiron-1545 kernel: [    0.240023] pci 0000:00:1c.2: PCI bridge to [bus 09]
Nov 28 12:07:55 kashrinivaasan-Inspiron-1545 kernel: [    0.240077] pci 0000:00:1c.2:   bridge window [io  0xd000-0xdfff]
Nov 28 12:07:55 kashrinivaasan-Inspiron-1545 kernel: [    0.240083] pci 0000:00:1c.2:   bridge window [mem 0xf6800000-0xf68fffff]
Nov 28 12:07:55 kashrinivaasan-Inspiron-1545 kernel: [    0.240155] pci 0000:00:1c.4: PCI bridge to [bus 0d-0e]
Nov 28 12:07:55 kashrinivaasan-Inspiron-1545 kernel: [    0.240209] pci 0000:00:1c.4:   bridge window [io  0xc000-0xcfff]
Nov 28 12:07:55 kashrinivaasan-Inspiron-1545 kernel: [    0.240215] pci 0000:00:1c.4:   bridge window [mem 0xf6600000-0xf67fffff]
Nov 28 12:07:55 kashrinivaasan-Inspiron-1545 kernel: [    0.240224] pci 0000:00:1c.4:   bridge window [mem 0xf0000000-0xf01fffff 64bit pref]
Nov 28 12:07:55 kashrinivaasan-Inspiron-1545 kernel: [    0.240320] pci 0000:00:1e.0: PCI bridge to [bus 03] (subtractive decode)
Nov 28 12:07:55 kashrinivaasan-Inspiron-1545 kernel: [    0.240385] pci 0000:00:1e.0:   bridge window [io  0x0000-0x0cf7] (subtractive decode)
Nov 28 12:07:55 kashrinivaasan-Inspiron-1545 kernel: [    0.240388] pci 0000:00:1e.0:   bridge window [io  0x0d00-0xffff] (subtractive decode)
Nov 28 12:07:55 kashrinivaasan-Inspiron-1545 kernel: [    0.240391] pci 0000:00:1e.0:   bridge window [mem 0x000a0000-0x000bffff] (subtractive decode)
Nov 28 12:07:55 kashrinivaasan-Inspiron-1545 kernel: [    0.240395] pci 0000:00:1e.0:   bridge window [mem 0x000d0000-0x000dffff] (subtractive decode)
Nov 28 12:07:55 kashrinivaasan-Inspiron-1545 kernel: [    0.240398] pci 0000:00:1e.0:   bridge window [mem 0xc0000000-0xf7ffffff] (subtractive decode)
Nov 28 12:07:55 kashrinivaasan-Inspiron-1545 kernel: [    0.240401] pci 0000:00:1e.0:   bridge window [mem 0xfc000000-0xfebfffff] (subtractive decode)
Nov 28 12:07:55 kashrinivaasan-Inspiron-1545 kernel: [    0.240404] pci 0000:00:1e.0:   bridge window [mem 0xfec10000-0xfecfffff] (subtractive decode)
Nov 28 12:07:55 kashrinivaasan-Inspiron-1545 kernel: [    0.240407] pci 0000:00:1e.0:   bridge window [mem 0xfed1c000-0xfed1ffff] (subtractive decode)
Nov 28 12:07:55 kashrinivaasan-Inspiron-1545 kernel: [    0.240413] pci 0000:00:1e.0:   bridge window [mem 0xfed90000-0xfed9ffff] (subtractive decode)
Nov 28 12:07:55 kashrinivaasan-Inspiron-1545 kernel: [    0.240416] pci 0000:00:1e.0:   bridge window [mem 0xfeda7000-0xfedfffff] (subtractive decode)
Nov 28 12:07:55 kashrinivaasan-Inspiron-1545 kernel: [    0.240419] pci 0000:00:1e.0:   bridge window [mem 0xfee10000-0xff9fffff] (subtractive decode)
Nov 28 12:07:55 kashrinivaasan-Inspiron-1545 kernel: [    0.240422] pci 0000:00:1e.0:   bridge window [mem 0xffc00000-0xffdfffff] (subtractive decode)
Nov 28 12:07:55 kashrinivaasan-Inspiron-1545 kernel: [    0.240457] pci_bus 0000:00: on NUMA node 0
Nov 28 12:07:55 kashrinivaasan-Inspiron-1545 kernel: [    0.240461] ACPI: PCI Interrupt Routing Table [\_SB_.PCI0._PRT]
Nov 28 12:07:55 kashrinivaasan-Inspiron-1545 kernel: [    0.240784] ACPI: PCI Interrupt Routing Table [\_SB_.PCI0.PCIE._PRT]
Nov 28 12:07:55 kashrinivaasan-Inspiron-1545 kernel: [    0.240905] ACPI: PCI Interrupt Routing Table [\_SB_.PCI0.RP01._PRT]
Nov 28 12:07:55 kashrinivaasan-Inspiron-1545 kernel: [    0.240963] ACPI: PCI Interrupt Routing Table [\_SB_.PCI0.RP02._PRT]
Nov 28 12:07:55 kashrinivaasan-Inspiron-1545 kernel: [    0.241020] ACPI: PCI Interrupt Routing Table [\_SB_.PCI0.RP03._PRT]
Nov 28 12:07:55 kashrinivaasan-Inspiron-1545 kernel: [    0.241078] ACPI: PCI Interrupt Routing Table [\_SB_.PCI0.RP05._PRT]
Nov 28 12:07:55 kashrinivaasan-Inspiron-1545 kernel: [    0.241133]  pci0000:00: ACPI _OSC support notification failed, disabling PCIe ASPM
Nov 28 12:07:55 kashrinivaasan-Inspiron-1545 kernel: [    0.241198]  pci0000:00: Unable to request _OSC control (_OSC support mask: 0x08)
Nov 28 12:07:55 kashrinivaasan-Inspiron-1545 kernel: [    0.252210] ACPI: PCI Interrupt Link [LNKA] (IRQs *10 11)
Nov 28 12:07:55 kashrinivaasan-Inspiron-1545 kernel: [    0.252455] ACPI: PCI Interrupt Link [LNKB] (IRQs 5 7) *4
Nov 28 12:07:55 kashrinivaasan-Inspiron-1545 kernel: [    0.252725] ACPI: PCI Interrupt Link [LNKC] (IRQs *10 11)
Nov 28 12:07:55 kashrinivaasan-Inspiron-1545 kernel: [    0.252953] ACPI: PCI Interrupt Link [LNKD] (IRQs 5 7 10 11) *0, disabled.
Nov 28 12:07:55 kashrinivaasan-Inspiron-1545 kernel: [    0.253318] ACPI: PCI Interrupt Link [LNKE] (IRQs 3 4 5 6 7 10 *11 12 14 15)
Nov 28 12:07:55 kashrinivaasan-Inspiron-1545 kernel: [    0.253805] ACPI: PCI Interrupt Link [LNKF] (IRQs 3 4 5 6 *7 10 11 12 14 15)
Nov 28 12:07:55 kashrinivaasan-Inspiron-1545 kernel: [    0.254288] ACPI: PCI Interrupt Link [LNKG] (IRQs 3 4 *5 6 7 10 11 12 14 15)
Nov 28 12:07:55 kashrinivaasan-Inspiron-1545 kernel: [    0.254759] ACPI: PCI Interrupt Link [LNKH] (IRQs 3 4 5 6 7 10 11 12 14 15) *0, disabled.
Nov 28 12:07:55 kashrinivaasan-Inspiron-1545 kernel: [    0.256016] vgaarb: device added: PCI:0000:00:02.0,decodes=io+mem,owns=io+mem,locks=none
Nov 28 12:07:55 kashrinivaasan-Inspiron-1545 kernel: [    0.256084] vgaarb: loaded
Nov 28 12:07:55 kashrinivaasan-Inspiron-1545 kernel: [    0.256130] vgaarb: bridge control possible 0000:00:02.0
Nov 28 12:07:55 kashrinivaasan-Inspiron-1545 kernel: [    0.256429] SCSI subsystem initialized
Nov 28 12:07:55 kashrinivaasan-Inspiron-1545 kernel: [    0.256478] ACPI: bus type scsi registered
Nov 28 12:07:55 kashrinivaasan-Inspiron-1545 kernel: [    0.256532] libata version 3.00 loaded.
Nov 28 12:07:55 kashrinivaasan-Inspiron-1545 kernel: [    0.256532] ACPI: bus type usb registered
Nov 28 12:07:55 kashrinivaasan-Inspiron-1545 kernel: [    0.256532] usbcore: registered new interface driver usbfs
Nov 28 12:07:55 kashrinivaasan-Inspiron-1545 kernel: [    0.256532] usbcore: registered new interface driver hub
Nov 28 12:07:55 kashrinivaasan-Inspiron-1545 kernel: [    0.256532] usbcore: registered new device driver usb
Nov 28 12:07:55 kashrinivaasan-Inspiron-1545 kernel: [    0.256532] PCI: Using ACPI for IRQ routing
Nov 28 12:07:55 kashrinivaasan-Inspiron-1545 kernel: [    0.261975] PCI: pci_cache_line_size set to 64 bytes
Nov 28 12:07:55 kashrinivaasan-Inspiron-1545 kernel: [    0.262452] e820: reserve RAM buffer [mem 0x0009f000-0x0009ffff]
Nov 28 12:07:55 kashrinivaasan-Inspiron-1545 kernel: [    0.262455] e820: reserve RAM buffer [mem 0xbd8bf400-0xbfffffff]
Nov 28 12:07:55 kashrinivaasan-Inspiron-1545 kernel: [    0.262563] NetLabel: Initializing
Nov 28 12:07:55 kashrinivaasan-Inspiron-1545 kernel: [    0.262610] NetLabel:  domain hash size = 128
Nov 28 12:07:55 kashrinivaasan-Inspiron-1545 kernel: [    0.262657] NetLabel:  protocols = UNLABELED CIPSOv4
Nov 28 12:07:55 kashrinivaasan-Inspiron-1545 kernel: [    0.262716] NetLabel:  unlabeled traffic allowed by default
Nov 28 12:07:55 kashrinivaasan-Inspiron-1545 kernel: [    0.262779] HPET: 4 timers in total, 0 timers will be used for per-cpu timer
Nov 28 12:07:55 kashrinivaasan-Inspiron-1545 kernel: [    0.262779] hpet0: at MMIO 0xfed00000, IRQs 2, 8, 0, 0
Nov 28 12:07:55 kashrinivaasan-Inspiron-1545 kernel: [    0.262779] hpet0: 4 comparators, 64-bit 14.318180 MHz counter
Nov 28 12:07:55 kashrinivaasan-Inspiron-1545 kernel: [    0.265011] Switching to clocksource hpet
Nov 28 12:07:55 kashrinivaasan-Inspiron-1545 kernel: [    0.272589] AppArmor: AppArmor Filesystem Enabled
Nov 28 12:07:55 kashrinivaasan-Inspiron-1545 kernel: [    0.272676] pnp: PnP ACPI init
Nov 28 12:07:55 kashrinivaasan-Inspiron-1545 kernel: [    0.272739] ACPI: bus type pnp registered
Nov 28 12:07:55 kashrinivaasan-Inspiron-1545 kernel: [    0.288866] pnp 00:00: [bus 00-ff]
Nov 28 12:07:55 kashrinivaasan-Inspiron-1545 kernel: [    0.288870] pnp 00:00: [io  0x0000-0x0cf7 window]
Nov 28 12:07:55 kashrinivaasan-Inspiron-1545 kernel: [    0.288873] pnp 00:00: [io  0x0cf8-0x0cff]
Nov 28 12:07:55 kashrinivaasan-Inspiron-1545 kernel: [    0.288876] pnp 00:00: [io  0x0d00-0xffff window]
Nov 28 12:07:55 kashrinivaasan-Inspiron-1545 kernel: [    0.288879] pnp 00:00: [mem 0x000a0000-0x000bffff window]
Nov 28 12:07:55 kashrinivaasan-Inspiron-1545 kernel: [    0.288882] pnp 00:00: [mem 0x000d0000-0x000dffff window]
Nov 28 12:07:55 kashrinivaasan-Inspiron-1545 kernel: [    0.288885] pnp 00:00: [mem 0xc0000000-0xf7ffffff window]
Nov 28 12:07:55 kashrinivaasan-Inspiron-1545 kernel: [    0.288888] pnp 00:00: [mem 0xfc000000-0xfebfffff window]
Nov 28 12:07:55 kashrinivaasan-Inspiron-1545 kernel: [    0.288891] pnp 00:00: [mem 0xfec10000-0xfecfffff window]
Nov 28 12:07:55 kashrinivaasan-Inspiron-1545 kernel: [    0.288894] pnp 00:00: [mem 0xfed1c000-0xfed1ffff window]
Nov 28 12:07:55 kashrinivaasan-Inspiron-1545 kernel: [    0.288897] pnp 00:00: [mem 0xfed90000-0xfed9ffff window]
Nov 28 12:07:55 kashrinivaasan-Inspiron-1545 kernel: [    0.288900] pnp 00:00: [mem 0xfeda7000-0xfedfffff window]
Nov 28 12:07:55 kashrinivaasan-Inspiron-1545 kernel: [    0.288903] pnp 00:00: [mem 0xfee10000-0xff9fffff window]
Nov 28 12:07:55 kashrinivaasan-Inspiron-1545 kernel: [    0.288906] pnp 00:00: [mem 0xffc00000-0xffdfffff window]
Nov 28 12:07:55 kashrinivaasan-Inspiron-1545 kernel: [    0.288963] pnp 00:00: Plug and Play ACPI device, IDs PNP0a03 (active)
Nov 28 12:07:55 kashrinivaasan-Inspiron-1545 kernel: [    0.288978] pnp 00:01: [io  0x004e-0x004f]
Nov 28 12:07:55 kashrinivaasan-Inspiron-1545 kernel: [    0.288981] pnp 00:01: [io  0x0068-0x006f]
