Sep 23 12:02:44 shrinivaasanka-Inspiron-1545 kernel: [ 2099.853738] cfg80211: Calling CRDA to update world regulatory domain
Sep 23 12:02:44 shrinivaasanka-Inspiron-1545 kernel: [ 2099.863570] cfg80211: World regulatory domain updated:
Sep 23 12:02:44 shrinivaasanka-Inspiron-1545 kernel: [ 2099.863576] cfg80211:  DFS Master region: unset
Sep 23 12:02:44 shrinivaasanka-Inspiron-1545 kernel: [ 2099.863578] cfg80211:   (start_freq - end_freq @ bandwidth), (max_antenna_gain, max_eirp), (dfs_cac_time)
Sep 23 12:02:44 shrinivaasanka-Inspiron-1545 kernel: [ 2099.863582] cfg80211:   (2402000 KHz - 2472000 KHz @ 40000 KHz), (300 mBi, 2000 mBm), (N/A)
Sep 23 12:02:44 shrinivaasanka-Inspiron-1545 kernel: [ 2099.863584] cfg80211:   (2457000 KHz - 2482000 KHz @ 40000 KHz), (300 mBi, 2000 mBm), (N/A)
Sep 23 12:02:44 shrinivaasanka-Inspiron-1545 kernel: [ 2099.863587] cfg80211:   (2474000 KHz - 2494000 KHz @ 20000 KHz), (300 mBi, 2000 mBm), (N/A)
Sep 23 12:02:44 shrinivaasanka-Inspiron-1545 kernel: [ 2099.863590] cfg80211:   (5170000 KHz - 5250000 KHz @ 40000 KHz), (300 mBi, 2000 mBm), (N/A)
Sep 23 12:02:44 shrinivaasanka-Inspiron-1545 kernel: [ 2099.863592] cfg80211:   (5735000 KHz - 5835000 KHz @ 40000 KHz), (300 mBi, 2000 mBm), (N/A)
Sep 23 12:13:08 shrinivaasanka-Inspiron-1545 kernel: [ 2724.151565] EXT4-fs (sda5): mounting ext3 file system using the ext4 subsystem
Sep 23 12:13:08 shrinivaasanka-Inspiron-1545 kernel: [ 2724.198533] EXT4-fs (sda5): warning: mounting fs with errors, running e2fsck is recommended
Sep 23 12:13:08 shrinivaasanka-Inspiron-1545 kernel: [ 2724.199686] EXT4-fs (sda5): mounted filesystem with ordered data mode. Opts: (null)
Sep 23 12:18:08 shrinivaasanka-Inspiron-1545 kernel: [ 3024.860175] EXT4-fs (sda5): error count since last fsck: 191
Sep 23 12:18:08 shrinivaasanka-Inspiron-1545 kernel: [ 3024.860198] EXT4-fs (sda5): initial error at time 1441548150: __ext4_get_inode_loc:3769: inode 304305: block 1212493
Sep 23 12:18:08 shrinivaasanka-Inspiron-1545 kernel: [ 3024.860207] EXT4-fs (sda5): last error at time 1442831682: __ext4_get_inode_loc:3946: inode 304316: block 1212493
Sep 23 12:42:57 shrinivaasanka-Inspiron-1545 kernel: [ 4515.280284] CE: hpet increased min_delta_ns to 20115 nsec
Sep 23 13:15:02 shrinivaasanka-Inspiron-1545 kernel: [ 6440.228708] perf interrupt took too long (5003 > 5000), lowering kernel.perf_event_max_sample_rate to 25000
Sep 23 13:40:02 shrinivaasanka-Inspiron-1545 kernel: [ 7939.010033] SGI XFS with ACLs, security attributes, realtime, no debug enabled
Sep 23 13:40:02 shrinivaasanka-Inspiron-1545 kernel: [ 7939.075022] JFS: nTxBlock = 8192, nTxLock = 65536
Sep 23 13:40:02 shrinivaasanka-Inspiron-1545 kernel: [ 7939.136139] ntfs: driver 2.1.31 [Flags: R/O MODULE].
Sep 23 13:40:02 shrinivaasanka-Inspiron-1545 kernel: [ 7939.320037] QNX4 filesystem 0.2.3 registered.
Sep 23 13:40:02 shrinivaasanka-Inspiron-1545 kernel: [ 7939.428031] raid6: mmxx1     1554 MB/s
Sep 23 13:40:02 shrinivaasanka-Inspiron-1545 kernel: [ 7939.496033] raid6: mmxx2     1775 MB/s
Sep 23 13:40:03 shrinivaasanka-Inspiron-1545 kernel: [ 7939.564068] raid6: sse1x1    1065 MB/s
Sep 23 13:40:03 shrinivaasanka-Inspiron-1545 kernel: [ 7939.632039] raid6: sse1x2    1404 MB/s
Sep 23 13:40:03 shrinivaasanka-Inspiron-1545 kernel: [ 7939.700020] raid6: sse2x1    1978 MB/s
Sep 23 13:40:03 shrinivaasanka-Inspiron-1545 kernel: [ 7939.768026] raid6: sse2x2    2584 MB/s
Sep 23 13:40:03 shrinivaasanka-Inspiron-1545 kernel: [ 7939.768031] raid6: using algorithm sse2x2 (2584 MB/s)
Sep 23 13:40:03 shrinivaasanka-Inspiron-1545 kernel: [ 7939.768035] raid6: using ssse3x1 recovery algorithm
Sep 23 13:40:03 shrinivaasanka-Inspiron-1545 kernel: [ 7939.783006] xor: measuring software checksum speed
Sep 23 13:40:03 shrinivaasanka-Inspiron-1545 kernel: [ 7939.820015]    pIII_sse  :  5962.000 MB/sec
Sep 23 13:40:03 shrinivaasanka-Inspiron-1545 kernel: [ 7939.860011]    prefetch64-sse:  6797.000 MB/sec
Sep 23 13:40:03 shrinivaasanka-Inspiron-1545 kernel: [ 7939.860014] xor: using function: prefetch64-sse (6797.000 MB/sec)
Sep 23 13:40:03 shrinivaasanka-Inspiron-1545 kernel: [ 7939.926576] Btrfs loaded
Sep 23 13:40:05 shrinivaasanka-Inspiron-1545 kernel: [ 7942.133644] EXT4-fs (sda4): unable to read superblock
Sep 23 13:40:05 shrinivaasanka-Inspiron-1545 kernel: [ 7942.135437] EXT4-fs (sda4): unable to read superblock
Sep 23 13:40:05 shrinivaasanka-Inspiron-1545 kernel: [ 7942.137389] EXT4-fs (sda4): unable to read superblock
Sep 23 13:40:05 shrinivaasanka-Inspiron-1545 kernel: [ 7942.140943] FAT-fs (sda4): invalid media value (0x16)
Sep 23 13:40:05 shrinivaasanka-Inspiron-1545 kernel: [ 7942.140951] FAT-fs (sda4): Can't find a valid FAT filesystem
Sep 23 13:40:05 shrinivaasanka-Inspiron-1545 kernel: [ 7942.147141] XFS (sda4): Invalid superblock magic number
Sep 23 13:40:05 shrinivaasanka-Inspiron-1545 kernel: [ 7942.152740] FAT-fs (sda4): invalid media value (0x16)
Sep 23 13:40:05 shrinivaasanka-Inspiron-1545 kernel: [ 7942.152747] FAT-fs (sda4): Can't find a valid FAT filesystem
Sep 23 13:40:05 shrinivaasanka-Inspiron-1545 kernel: [ 7942.159554] MINIX-fs: unable to read superblock
Sep 23 13:40:05 shrinivaasanka-Inspiron-1545 kernel: [ 7942.187557] attempt to access beyond end of device
Sep 23 13:40:05 shrinivaasanka-Inspiron-1545 kernel: [ 7942.187562] sda4: rw=16, want=3, limit=2
Sep 23 13:40:05 shrinivaasanka-Inspiron-1545 kernel: [ 7942.187565] hfsplus: unable to find HFS+ superblock
Sep 23 13:40:05 shrinivaasanka-Inspiron-1545 kernel: [ 7942.190096] qnx4: no qnx4 filesystem (no root dir).
Sep 23 13:40:05 shrinivaasanka-Inspiron-1545 kernel: [ 7942.192189] ufs: You didn't specify the type of your ufs filesystem
Sep 23 13:40:05 shrinivaasanka-Inspiron-1545 kernel: [ 7942.192189] 
Sep 23 13:40:05 shrinivaasanka-Inspiron-1545 kernel: [ 7942.192189] mount -t ufs -o ufstype=sun|sunx86|44bsd|ufs2|5xbsd|old|hp|nextstep|nextstep-cd|openstep ...
Sep 23 13:40:05 shrinivaasanka-Inspiron-1545 kernel: [ 7942.192189] 
Sep 23 13:40:05 shrinivaasanka-Inspiron-1545 kernel: [ 7942.192189] >>>WARNING<<< Wrong ufstype may corrupt your filesystem, default is ufstype=old
Sep 23 13:40:05 shrinivaasanka-Inspiron-1545 kernel: [ 7942.195622] hfs: can't find a HFS filesystem on dev sda4
Sep 23 13:40:05 shrinivaasanka-Inspiron-1545 kernel: [ 7942.434465] EXT4-fs (sda6): VFS: Can't find ext4 filesystem
Sep 23 13:40:05 shrinivaasanka-Inspiron-1545 kernel: [ 7942.436829] EXT4-fs (sda6): VFS: Can't find ext4 filesystem
Sep 23 13:40:05 shrinivaasanka-Inspiron-1545 kernel: [ 7942.439119] EXT4-fs (sda6): VFS: Can't find ext4 filesystem
Sep 23 13:40:05 shrinivaasanka-Inspiron-1545 kernel: [ 7942.441627] FAT-fs (sda6): bogus number of reserved sectors
Sep 23 13:40:05 shrinivaasanka-Inspiron-1545 kernel: [ 7942.441635] FAT-fs (sda6): Can't find a valid FAT filesystem
Sep 23 13:40:05 shrinivaasanka-Inspiron-1545 kernel: [ 7942.448948] XFS (sda6): Invalid superblock magic number
Sep 23 13:40:05 shrinivaasanka-Inspiron-1545 kernel: [ 7942.454068] FAT-fs (sda6): bogus number of reserved sectors
Sep 23 13:40:05 shrinivaasanka-Inspiron-1545 kernel: [ 7942.454076] FAT-fs (sda6): Can't find a valid FAT filesystem
Sep 23 13:40:05 shrinivaasanka-Inspiron-1545 kernel: [ 7942.461014] VFS: Can't find a Minix filesystem V1 | V2 | V3 on device sda6.
Sep 23 13:40:05 shrinivaasanka-Inspiron-1545 kernel: [ 7942.463572] hfsplus: unable to find HFS+ superblock
Sep 23 13:40:05 shrinivaasanka-Inspiron-1545 kernel: [ 7942.465997] qnx4: no qnx4 filesystem (no root dir).
Sep 23 13:40:05 shrinivaasanka-Inspiron-1545 kernel: [ 7942.468264] ufs: You didn't specify the type of your ufs filesystem
Sep 23 13:40:05 shrinivaasanka-Inspiron-1545 kernel: [ 7942.468264] 
Sep 23 13:40:05 shrinivaasanka-Inspiron-1545 kernel: [ 7942.468264] mount -t ufs -o ufstype=sun|sunx86|44bsd|ufs2|5xbsd|old|hp|nextstep|nextstep-cd|openstep ...
Sep 23 13:40:05 shrinivaasanka-Inspiron-1545 kernel: [ 7942.468264] 
Sep 23 13:40:05 shrinivaasanka-Inspiron-1545 kernel: [ 7942.468264] >>>WARNING<<< Wrong ufstype may corrupt your filesystem, default is ufstype=old
Sep 23 13:40:05 shrinivaasanka-Inspiron-1545 kernel: [ 7942.468628] ufs: ufs_fill_super(): bad magic number
Sep 23 13:40:05 shrinivaasanka-Inspiron-1545 kernel: [ 7942.473587] hfs: can't find a HFS filesystem on dev sda6
Sep 23 14:33:27 shrinivaasanka-Inspiron-1545 kernel: [11143.859198] cfg80211: Calling CRDA to update world regulatory domain
Sep 23 14:33:28 shrinivaasanka-Inspiron-1545 kernel: [11144.214163] cfg80211: World regulatory domain updated:
Sep 23 14:33:28 shrinivaasanka-Inspiron-1545 kernel: [11144.214169] cfg80211:  DFS Master region: unset
Sep 23 14:33:28 shrinivaasanka-Inspiron-1545 kernel: [11144.214172] cfg80211:   (start_freq - end_freq @ bandwidth), (max_antenna_gain, max_eirp), (dfs_cac_time)
Sep 23 14:33:28 shrinivaasanka-Inspiron-1545 kernel: [11144.214175] cfg80211:   (2402000 KHz - 2472000 KHz @ 40000 KHz), (300 mBi, 2000 mBm), (N/A)
Sep 23 14:33:28 shrinivaasanka-Inspiron-1545 kernel: [11144.214178] cfg80211:   (2457000 KHz - 2482000 KHz @ 40000 KHz), (300 mBi, 2000 mBm), (N/A)
Sep 23 14:33:28 shrinivaasanka-Inspiron-1545 kernel: [11144.214181] cfg80211:   (2474000 KHz - 2494000 KHz @ 20000 KHz), (300 mBi, 2000 mBm), (N/A)
Sep 23 14:33:28 shrinivaasanka-Inspiron-1545 kernel: [11144.214183] cfg80211:   (5170000 KHz - 5250000 KHz @ 40000 KHz), (300 mBi, 2000 mBm), (N/A)
Sep 23 14:33:28 shrinivaasanka-Inspiron-1545 kernel: [11144.214186] cfg80211:   (5735000 KHz - 5835000 KHz @ 40000 KHz), (300 mBi, 2000 mBm), (N/A)
Sep 23 14:37:44 shrinivaasanka-Inspiron-1545 kernel: [    0.000000] Initializing cgroup subsys cpuset
Sep 23 14:37:44 shrinivaasanka-Inspiron-1545 kernel: [    0.000000] Initializing cgroup subsys cpu
Sep 23 14:37:44 shrinivaasanka-Inspiron-1545 kernel: [    0.000000] Initializing cgroup subsys cpuacct
Sep 23 14:37:44 shrinivaasanka-Inspiron-1545 kernel: [    0.000000] Linux version 4.1.5-040105-generic (kernel@gomeisa) (gcc version 4.8.4 (Ubuntu 4.8.4-2ubuntu1~14.04) ) #201508101730 SMP Mon Aug 10 21:44:30 UTC 2015
Sep 23 14:37:44 shrinivaasanka-Inspiron-1545 kernel: [    0.000000] KERNEL supported cpus:
Sep 23 14:37:44 shrinivaasanka-Inspiron-1545 kernel: [    0.000000]   Intel GenuineIntel
Sep 23 14:37:44 shrinivaasanka-Inspiron-1545 kernel: [    0.000000]   AMD AuthenticAMD
Sep 23 14:37:44 shrinivaasanka-Inspiron-1545 kernel: [    0.000000]   NSC Geode by NSC
Sep 23 14:37:44 shrinivaasanka-Inspiron-1545 kernel: [    0.000000]   Cyrix CyrixInstead
Sep 23 14:37:44 shrinivaasanka-Inspiron-1545 kernel: [    0.000000]   Centaur CentaurHauls
Sep 23 14:37:44 shrinivaasanka-Inspiron-1545 kernel: [    0.000000]   Transmeta GenuineTMx86
Sep 23 14:37:44 shrinivaasanka-Inspiron-1545 kernel: [    0.000000]   Transmeta TransmetaCPU
Sep 23 14:37:44 shrinivaasanka-Inspiron-1545 kernel: [    0.000000]   UMC UMC UMC UMC
Sep 23 14:37:44 shrinivaasanka-Inspiron-1545 kernel: [    0.000000] e820: BIOS-provided physical RAM map:
Sep 23 14:37:44 shrinivaasanka-Inspiron-1545 kernel: [    0.000000] BIOS-e820: [mem 0x0000000000000000-0x000000000009efff] usable
Sep 23 14:37:44 shrinivaasanka-Inspiron-1545 kernel: [    0.000000] BIOS-e820: [mem 0x000000000009f000-0x000000000009ffff] reserved
Sep 23 14:37:44 shrinivaasanka-Inspiron-1545 kernel: [    0.000000] BIOS-e820: [mem 0x0000000000100000-0x00000000bd8bf3ff] usable
Sep 23 14:37:44 shrinivaasanka-Inspiron-1545 kernel: [    0.000000] BIOS-e820: [mem 0x00000000bd8bf400-0x00000000bdac13ff] ACPI NVS
Sep 23 14:37:44 shrinivaasanka-Inspiron-1545 kernel: [    0.000000] BIOS-e820: [mem 0x00000000bdac1400-0x00000000bfffffff] reserved
Sep 23 14:37:44 shrinivaasanka-Inspiron-1545 kernel: [    0.000000] BIOS-e820: [mem 0x00000000f8000000-0x00000000fbffffff] reserved
Sep 23 14:37:44 shrinivaasanka-Inspiron-1545 kernel: [    0.000000] BIOS-e820: [mem 0x00000000fec00000-0x00000000fec0ffff] reserved
Sep 23 14:37:44 shrinivaasanka-Inspiron-1545 kernel: [    0.000000] BIOS-e820: [mem 0x00000000fed18000-0x00000000fed1bfff] reserved
Sep 23 14:37:44 shrinivaasanka-Inspiron-1545 kernel: [    0.000000] BIOS-e820: [mem 0x00000000fed20000-0x00000000fed8ffff] reserved
Sep 23 14:37:44 shrinivaasanka-Inspiron-1545 kernel: [    0.000000] BIOS-e820: [mem 0x00000000feda0000-0x00000000feda5fff] reserved
Sep 23 14:37:44 shrinivaasanka-Inspiron-1545 kernel: [    0.000000] BIOS-e820: [mem 0x00000000fee00000-0x00000000fee0ffff] reserved
Sep 23 14:37:44 shrinivaasanka-Inspiron-1545 kernel: [    0.000000] BIOS-e820: [mem 0x00000000ffe00000-0x00000000ffffffff] reserved
Sep 23 14:37:44 shrinivaasanka-Inspiron-1545 kernel: [    0.000000] NX (Execute Disable) protection: active
Sep 23 14:37:44 shrinivaasanka-Inspiron-1545 kernel: [    0.000000] SMBIOS 2.4 present.
Sep 23 14:37:44 shrinivaasanka-Inspiron-1545 kernel: [    0.000000] DMI: Dell Inc. Inspiron 1545                   /0J037P, BIOS A14 12/07/2009
Sep 23 14:37:44 shrinivaasanka-Inspiron-1545 kernel: [    0.000000] e820: update [mem 0x00000000-0x00000fff] usable ==> reserved
Sep 23 14:37:44 shrinivaasanka-Inspiron-1545 kernel: [    0.000000] e820: remove [mem 0x000a0000-0x000fffff] usable
Sep 23 14:37:44 shrinivaasanka-Inspiron-1545 kernel: [    0.000000] e820: last_pfn = 0xbd8bf max_arch_pfn = 0x1000000
Sep 23 14:37:44 shrinivaasanka-Inspiron-1545 kernel: [    0.000000] MTRR default type: uncachable
Sep 23 14:37:44 shrinivaasanka-Inspiron-1545 kernel: [    0.000000] MTRR fixed ranges enabled:
Sep 23 14:37:44 shrinivaasanka-Inspiron-1545 kernel: [    0.000000]   00000-9FFFF write-back
Sep 23 14:37:44 shrinivaasanka-Inspiron-1545 kernel: [    0.000000]   A0000-BFFFF uncachable
Sep 23 14:37:44 shrinivaasanka-Inspiron-1545 kernel: [    0.000000]   C0000-CFFFF write-protect
Sep 23 14:37:44 shrinivaasanka-Inspiron-1545 kernel: [    0.000000]   D0000-EFFFF uncachable
Sep 23 14:37:44 shrinivaasanka-Inspiron-1545 kernel: [    0.000000]   F0000-FFFFF write-protect
Sep 23 14:37:44 shrinivaasanka-Inspiron-1545 kernel: [    0.000000] MTRR variable ranges enabled:
Sep 23 14:37:44 shrinivaasanka-Inspiron-1545 kernel: [    0.000000]   0 base 000000000 mask 800000000 write-back
Sep 23 14:37:44 shrinivaasanka-Inspiron-1545 kernel: [    0.000000]   1 base 0E0000000 mask FE0000000 uncachable
Sep 23 14:37:44 shrinivaasanka-Inspiron-1545 kernel: [    0.000000]   2 base 0BDC00000 mask FFFC00000 uncachable
Sep 23 14:37:44 shrinivaasanka-Inspiron-1545 kernel: [    0.000000]   3 base 0BE000000 mask FFE000000 uncachable
Sep 23 14:37:44 shrinivaasanka-Inspiron-1545 kernel: [    0.000000]   4 disabled
Sep 23 14:37:44 shrinivaasanka-Inspiron-1545 kernel: [    0.000000]   5 disabled
Sep 23 14:37:44 shrinivaasanka-Inspiron-1545 kernel: [    0.000000]   6 disabled
Sep 23 14:37:44 shrinivaasanka-Inspiron-1545 kernel: [    0.000000] PAT configuration [0-7]: WB  WC  UC- UC  WB  WC  UC- UC  
Sep 23 14:37:44 shrinivaasanka-Inspiron-1545 kernel: [    0.000000] original variable MTRRs
Sep 23 14:37:44 shrinivaasanka-Inspiron-1545 kernel: [    0.000000] reg 0, base: 0GB, range: 32GB, type WB
Sep 23 14:37:44 shrinivaasanka-Inspiron-1545 kernel: [    0.000000] reg 1, base: 3584MB, range: 512MB, type UC
Sep 23 14:37:44 shrinivaasanka-Inspiron-1545 kernel: [    0.000000] reg 2, base: 3036MB, range: 4MB, type UC
Sep 23 14:37:44 shrinivaasanka-Inspiron-1545 kernel: [    0.000000] reg 3, base: 3040MB, range: 32MB, type UC
Sep 23 14:37:44 shrinivaasanka-Inspiron-1545 kernel: [    0.000000] total RAM covered: 32220M
Sep 23 14:37:44 shrinivaasanka-Inspiron-1545 kernel: [    0.000000]  gran_size: 64K 	chunk_size: 64K 	num_reg: 7  	lose cover RAM: 29188M
Sep 23 14:37:44 shrinivaasanka-Inspiron-1545 kernel: [    0.000000]  gran_size: 64K 	chunk_size: 128K 	num_reg: 7  	lose cover RAM: 29188M
Sep 23 14:37:44 shrinivaasanka-Inspiron-1545 kernel: [    0.000000]  gran_size: 64K 	chunk_size: 256K 	num_reg: 7  	lose cover RAM: 29188M
Sep 23 14:37:44 shrinivaasanka-Inspiron-1545 kernel: [    0.000000]  gran_size: 64K 	chunk_size: 512K 	num_reg: 7  	lose cover RAM: 29188M
Sep 23 14:37:44 shrinivaasanka-Inspiron-1545 kernel: [    0.000000]  gran_size: 64K 	chunk_size: 1M 	num_reg: 7  	lose cover RAM: 29188M
Sep 23 14:37:44 shrinivaasanka-Inspiron-1545 kernel: [    0.000000]  gran_size: 64K 	chunk_size: 2M 	num_reg: 7  	lose cover RAM: 29188M
Sep 23 14:37:44 shrinivaasanka-Inspiron-1545 kernel: [    0.000000]  gran_size: 64K 	chunk_size: 4M 	num_reg: 7  	lose cover RAM: 29188M
Sep 23 14:37:44 shrinivaasanka-Inspiron-1545 kernel: [    0.000000]  gran_size: 64K 	chunk_size: 8M 	num_reg: 7  	lose cover RAM: 29184M
Sep 23 14:37:44 shrinivaasanka-Inspiron-1545 kernel: [    0.000000]  gran_size: 64K 	chunk_size: 16M 	num_reg: 7  	lose cover RAM: 29184M
Sep 23 14:37:44 shrinivaasanka-Inspiron-1545 kernel: [    0.000000]  gran_size: 64K 	chunk_size: 32M 	num_reg: 7  	lose cover RAM: 29184M
Sep 23 14:37:44 shrinivaasanka-Inspiron-1545 kernel: [    0.000000]  gran_size: 64K 	chunk_size: 64M 	num_reg: 7  	lose cover RAM: 16G
Sep 23 14:37:44 shrinivaasanka-Inspiron-1545 kernel: [    0.000000]  gran_size: 64K 	chunk_size: 128M 	num_reg: 7  	lose cover RAM: 16G
Sep 23 14:37:44 shrinivaasanka-Inspiron-1545 kernel: [    0.000000]  gran_size: 64K 	chunk_size: 256M 	num_reg: 7  	lose cover RAM: 16G
Sep 23 14:37:44 shrinivaasanka-Inspiron-1545 kernel: [    0.000000]  gran_size: 64K 	chunk_size: 512M 	num_reg: 7  	lose cover RAM: 16G
Sep 23 14:37:44 shrinivaasanka-Inspiron-1545 kernel: [    0.000000]  gran_size: 64K 	chunk_size: 1G 	num_reg: 7  	lose cover RAM: 16G
Sep 23 14:37:44 shrinivaasanka-Inspiron-1545 kernel: [    0.000000]  gran_size: 64K 	chunk_size: 2G 	num_reg: 7  	lose cover RAM: 29188M
Sep 23 14:37:44 shrinivaasanka-Inspiron-1545 kernel: [    0.000000]  gran_size: 128K 	chunk_size: 128K 	num_reg: 7  	lose cover RAM: 29188M
Sep 23 14:37:44 shrinivaasanka-Inspiron-1545 kernel: [    0.000000]  gran_size: 128K 	chunk_size: 256K 	num_reg: 7  	lose cover RAM: 29188M
Sep 23 14:37:44 shrinivaasanka-Inspiron-1545 kernel: [    0.000000]  gran_size: 128K 	chunk_size: 512K 	num_reg: 7  	lose cover RAM: 29188M
Sep 23 14:37:44 shrinivaasanka-Inspiron-1545 kernel: [    0.000000]  gran_size: 128K 	chunk_size: 1M 	num_reg: 7  	lose cover RAM: 29188M
Sep 23 14:37:44 shrinivaasanka-Inspiron-1545 kernel: [    0.000000]  gran_size: 128K 	chunk_size: 2M 	num_reg: 7  	lose cover RAM: 29188M
Sep 23 14:37:44 shrinivaasanka-Inspiron-1545 kernel: [    0.000000]  gran_size: 128K 	chunk_size: 4M 	num_reg: 7  	lose cover RAM: 29188M
Sep 23 14:37:44 shrinivaasanka-Inspiron-1545 kernel: [    0.000000]  gran_size: 128K 	chunk_size: 8M 	num_reg: 7  	lose cover RAM: 29184M
Sep 23 14:37:44 shrinivaasanka-Inspiron-1545 kernel: [    0.000000]  gran_size: 128K 	chunk_size: 16M 	num_reg: 7  	lose cover RAM: 29184M
Sep 23 14:37:44 shrinivaasanka-Inspiron-1545 kernel: [    0.000000]  gran_size: 128K 	chunk_size: 32M 	num_reg: 7  	lose cover RAM: 29184M
Sep 23 14:37:44 shrinivaasanka-Inspiron-1545 kernel: [    0.000000]  gran_size: 128K 	chunk_size: 64M 	num_reg: 7  	lose cover RAM: 16G
Sep 23 14:37:44 shrinivaasanka-Inspiron-1545 kernel: [    0.000000]  gran_size: 128K 	chunk_size: 128M 	num_reg: 7  	lose cover RAM: 16G
Sep 23 14:37:44 shrinivaasanka-Inspiron-1545 kernel: [    0.000000]  gran_size: 128K 	chunk_size: 256M 	num_reg: 7  	lose cover RAM: 16G
Sep 23 14:37:44 shrinivaasanka-Inspiron-1545 kernel: [    0.000000]  gran_size: 128K 	chunk_size: 512M 	num_reg: 7  	lose cover RAM: 16G
Sep 23 14:37:44 shrinivaasanka-Inspiron-1545 kernel: [    0.000000]  gran_size: 128K 	chunk_size: 1G 	num_reg: 7  	lose cover RAM: 16G
Sep 23 14:37:44 shrinivaasanka-Inspiron-1545 kernel: [    0.000000]  gran_size: 128K 	chunk_size: 2G 	num_reg: 7  	lose cover RAM: 29188M
Sep 23 14:37:44 shrinivaasanka-Inspiron-1545 kernel: [    0.000000]  gran_size: 256K 	chunk_size: 256K 	num_reg: 7  	lose cover RAM: 29188M
Sep 23 14:37:44 shrinivaasanka-Inspiron-1545 kernel: [    0.000000]  gran_size: 256K 	chunk_size: 512K 	num_reg: 7  	lose cover RAM: 29188M
Sep 23 14:37:44 shrinivaasanka-Inspiron-1545 kernel: [    0.000000]  gran_size: 256K 	chunk_size: 1M 	num_reg: 7  	lose cover RAM: 29188M
Sep 23 14:37:44 shrinivaasanka-Inspiron-1545 kernel: [    0.000000]  gran_size: 256K 	chunk_size: 2M 	num_reg: 7  	lose cover RAM: 29188M
Sep 23 14:37:44 shrinivaasanka-Inspiron-1545 kernel: [    0.000000]  gran_size: 256K 	chunk_size: 4M 	num_reg: 7  	lose cover RAM: 29188M
Sep 23 14:37:44 shrinivaasanka-Inspiron-1545 kernel: [    0.000000]  gran_size: 256K 	chunk_size: 8M 	num_reg: 7  	lose cover RAM: 29184M
Sep 23 14:37:44 shrinivaasanka-Inspiron-1545 kernel: [    0.000000]  gran_size: 256K 	chunk_size: 16M 	num_reg: 7  	lose cover RAM: 29184M
Sep 23 14:37:44 shrinivaasanka-Inspiron-1545 kernel: [    0.000000]  gran_size: 256K 	chunk_size: 32M 	num_reg: 7  	lose cover RAM: 29184M
Sep 23 14:37:44 shrinivaasanka-Inspiron-1545 kernel: [    0.000000]  gran_size: 256K 	chunk_size: 64M 	num_reg: 7  	lose cover RAM: 16G
Sep 23 14:37:44 shrinivaasanka-Inspiron-1545 kernel: [    0.000000]  gran_size: 256K 	chunk_size: 128M 	num_reg: 7  	lose cover RAM: 16G
Sep 23 14:37:44 shrinivaasanka-Inspiron-1545 kernel: [    0.000000]  gran_size: 256K 	chunk_size: 256M 	num_reg: 7  	lose cover RAM: 16G
Sep 23 14:37:44 shrinivaasanka-Inspiron-1545 kernel: [    0.000000]  gran_size: 256K 	chunk_size: 512M 	num_reg: 7  	lose cover RAM: 16G
Sep 23 14:37:44 shrinivaasanka-Inspiron-1545 kernel: [    0.000000]  gran_size: 256K 	chunk_size: 1G 	num_reg: 7  	lose cover RAM: 16G
Sep 23 14:37:44 shrinivaasanka-Inspiron-1545 kernel: [    0.000000]  gran_size: 256K 	chunk_size: 2G 	num_reg: 7  	lose cover RAM: 29188M
Sep 23 14:37:44 shrinivaasanka-Inspiron-1545 kernel: [    0.000000]  gran_size: 512K 	chunk_size: 512K 	num_reg: 7  	lose cover RAM: 29188M
Sep 23 14:37:44 shrinivaasanka-Inspiron-1545 kernel: [    0.000000]  gran_size: 512K 	chunk_size: 1M 	num_reg: 7  	lose cover RAM: 29188M
Sep 23 14:37:44 shrinivaasanka-Inspiron-1545 kernel: [    0.000000]  gran_size: 512K 	chunk_size: 2M 	num_reg: 7  	lose cover RAM: 29188M
Sep 23 14:37:44 shrinivaasanka-Inspiron-1545 kernel: [    0.000000]  gran_size: 512K 	chunk_size: 4M 	num_reg: 7  	lose cover RAM: 29188M
Sep 23 14:37:44 shrinivaasanka-Inspiron-1545 kernel: [    0.000000]  gran_size: 512K 	chunk_size: 8M 	num_reg: 7  	lose cover RAM: 29184M
Sep 23 14:37:44 shrinivaasanka-Inspiron-1545 kernel: [    0.000000]  gran_size: 512K 	chunk_size: 16M 	num_reg: 7  	lose cover RAM: 29184M
Sep 23 14:37:44 shrinivaasanka-Inspiron-1545 kernel: [    0.000000]  gran_size: 512K 	chunk_size: 32M 	num_reg: 7  	lose cover RAM: 29184M
Sep 23 14:37:44 shrinivaasanka-Inspiron-1545 kernel: [    0.000000]  gran_size: 512K 	chunk_size: 64M 	num_reg: 7  	lose cover RAM: 16G
Sep 23 14:37:44 shrinivaasanka-Inspiron-1545 kernel: [    0.000000]  gran_size: 512K 	chunk_size: 128M 	num_reg: 7  	lose cover RAM: 16G
Sep 23 14:37:44 shrinivaasanka-Inspiron-1545 kernel: [    0.000000]  gran_size: 512K 	chunk_size: 256M 	num_reg: 7  	lose cover RAM: 16G
Sep 23 14:37:44 shrinivaasanka-Inspiron-1545 kernel: [    0.000000]  gran_size: 512K 	chunk_size: 512M 	num_reg: 7  	lose cover RAM: 16G
Sep 23 14:37:44 shrinivaasanka-Inspiron-1545 kernel: [    0.000000]  gran_size: 512K 	chunk_size: 1G 	num_reg: 7  	lose cover RAM: 16G
Sep 23 14:37:44 shrinivaasanka-Inspiron-1545 kernel: [    0.000000]  gran_size: 512K 	chunk_size: 2G 	num_reg: 7  	lose cover RAM: 29188M
Sep 23 14:37:44 shrinivaasanka-Inspiron-1545 kernel: [    0.000000]  gran_size: 1M 	chunk_size: 1M 	num_reg: 7  	lose cover RAM: 29188M
Sep 23 14:37:44 shrinivaasanka-Inspiron-1545 kernel: [    0.000000]  gran_size: 1M 	chunk_size: 2M 	num_reg: 7  	lose cover RAM: 29188M
Sep 23 14:37:44 shrinivaasanka-Inspiron-1545 kernel: [    0.000000]  gran_size: 1M 	chunk_size: 4M 	num_reg: 7  	lose cover RAM: 29188M
Sep 23 14:37:44 shrinivaasanka-Inspiron-1545 kernel: [    0.000000]  gran_size: 1M 	chunk_size: 8M 	num_reg: 7  	lose cover RAM: 29184M
Sep 23 14:37:44 shrinivaasanka-Inspiron-1545 kernel: [    0.000000]  gran_size: 1M 	chunk_size: 16M 	num_reg: 7  	lose cover RAM: 29184M
Sep 23 14:37:44 shrinivaasanka-Inspiron-1545 kernel: [    0.000000]  gran_size: 1M 	chunk_size: 32M 	num_reg: 7  	lose cover RAM: 29184M
Sep 23 14:37:44 shrinivaasanka-Inspiron-1545 kernel: [    0.000000]  gran_size: 1M 	chunk_size: 64M 	num_reg: 7  	lose cover RAM: 16G
Sep 23 14:37:44 shrinivaasanka-Inspiron-1545 kernel: [    0.000000]  gran_size: 1M 	chunk_size: 128M 	num_reg: 7  	lose cover RAM: 16G
Sep 23 14:37:44 shrinivaasanka-Inspiron-1545 kernel: [    0.000000]  gran_size: 1M 	chunk_size: 256M 	num_reg: 7  	lose cover RAM: 16G
Sep 23 14:37:44 shrinivaasanka-Inspiron-1545 kernel: [    0.000000]  gran_size: 1M 	chunk_size: 512M 	num_reg: 7  	lose cover RAM: 16G
Sep 23 14:37:44 shrinivaasanka-Inspiron-1545 kernel: [    0.000000]  gran_size: 1M 	chunk_size: 1G 	num_reg: 7  	lose cover RAM: 16G
Sep 23 14:37:44 shrinivaasanka-Inspiron-1545 kernel: [    0.000000]  gran_size: 1M 	chunk_size: 2G 	num_reg: 7  	lose cover RAM: 29188M
Sep 23 14:37:44 shrinivaasanka-Inspiron-1545 kernel: [    0.000000]  gran_size: 2M 	chunk_size: 2M 	num_reg: 7  	lose cover RAM: 29188M
Sep 23 14:37:44 shrinivaasanka-Inspiron-1545 kernel: [    0.000000]  gran_size: 2M 	chunk_size: 4M 	num_reg: 7  	lose cover RAM: 29188M
Sep 23 14:37:44 shrinivaasanka-Inspiron-1545 kernel: [    0.000000]  gran_size: 2M 	chunk_size: 8M 	num_reg: 7  	lose cover RAM: 29184M
Sep 23 14:37:44 shrinivaasanka-Inspiron-1545 kernel: [    0.000000]  gran_size: 2M 	chunk_size: 16M 	num_reg: 7  	lose cover RAM: 29184M
Sep 23 14:37:44 shrinivaasanka-Inspiron-1545 kernel: [    0.000000]  gran_size: 2M 	chunk_size: 32M 	num_reg: 7  	lose cover RAM: 29184M
Sep 23 14:37:44 shrinivaasanka-Inspiron-1545 kernel: [    0.000000]  gran_size: 2M 	chunk_size: 64M 	num_reg: 7  	lose cover RAM: 16G
Sep 23 14:37:44 shrinivaasanka-Inspiron-1545 kernel: [    0.000000]  gran_size: 2M 	chunk_size: 128M 	num_reg: 7  	lose cover RAM: 16G
Sep 23 14:37:44 shrinivaasanka-Inspiron-1545 kernel: [    0.000000]  gran_size: 2M 	chunk_size: 256M 	num_reg: 7  	lose cover RAM: 16G
Sep 23 14:37:44 shrinivaasanka-Inspiron-1545 kernel: [    0.000000]  gran_size: 2M 	chunk_size: 512M 	num_reg: 7  	lose cover RAM: 16G
Sep 23 14:37:44 shrinivaasanka-Inspiron-1545 kernel: [    0.000000]  gran_size: 2M 	chunk_size: 1G 	num_reg: 7  	lose cover RAM: 16G
Sep 23 14:37:44 shrinivaasanka-Inspiron-1545 kernel: [    0.000000]  gran_size: 2M 	chunk_size: 2G 	num_reg: 7  	lose cover RAM: 29188M
Sep 23 14:37:44 shrinivaasanka-Inspiron-1545 kernel: [    0.000000]  gran_size: 4M 	chunk_size: 4M 	num_reg: 7  	lose cover RAM: 29188M
Sep 23 14:37:44 shrinivaasanka-Inspiron-1545 kernel: [    0.000000]  gran_size: 4M 	chunk_size: 8M 	num_reg: 7  	lose cover RAM: 29184M
Sep 23 14:37:44 shrinivaasanka-Inspiron-1545 kernel: [    0.000000]  gran_size: 4M 	chunk_size: 16M 	num_reg: 7  	lose cover RAM: 29184M
Sep 23 14:37:44 shrinivaasanka-Inspiron-1545 kernel: [    0.000000]  gran_size: 4M 	chunk_size: 32M 	num_reg: 7  	lose cover RAM: 29184M
Sep 23 14:37:44 shrinivaasanka-Inspiron-1545 kernel: [    0.000000]  gran_size: 4M 	chunk_size: 64M 	num_reg: 7  	lose cover RAM: 16G
Sep 23 14:37:44 shrinivaasanka-Inspiron-1545 kernel: [    0.000000]  gran_size: 4M 	chunk_size: 128M 	num_reg: 7  	lose cover RAM: 16G
Sep 23 14:37:44 shrinivaasanka-Inspiron-1545 kernel: [    0.000000]  gran_size: 4M 	chunk_size: 256M 	num_reg: 7  	lose cover RAM: 16G
Sep 23 14:37:44 shrinivaasanka-Inspiron-1545 kernel: [    0.000000]  gran_size: 4M 	chunk_size: 512M 	num_reg: 7  	lose cover RAM: 16G
Sep 23 14:37:44 shrinivaasanka-Inspiron-1545 kernel: [    0.000000]  gran_size: 4M 	chunk_size: 1G 	num_reg: 7  	lose cover RAM: 16G
Sep 23 14:37:44 shrinivaasanka-Inspiron-1545 kernel: [    0.000000]  gran_size: 4M 	chunk_size: 2G 	num_reg: 7  	lose cover RAM: 29188M
Sep 23 14:37:44 shrinivaasanka-Inspiron-1545 kernel: [    0.000000]  gran_size: 8M 	chunk_size: 8M 	num_reg: 7  	lose cover RAM: 29188M
Sep 23 14:37:44 shrinivaasanka-Inspiron-1545 kernel: [    0.000000]  gran_size: 8M 	chunk_size: 16M 	num_reg: 7  	lose cover RAM: 29188M
Sep 23 14:37:44 shrinivaasanka-Inspiron-1545 kernel: [    0.000000]  gran_size: 8M 	chunk_size: 32M 	num_reg: 7  	lose cover RAM: 29188M
Sep 23 14:37:44 shrinivaasanka-Inspiron-1545 kernel: [    0.000000]  gran_size: 8M 	chunk_size: 64M 	num_reg: 7  	lose cover RAM: 16388M
Sep 23 14:37:44 shrinivaasanka-Inspiron-1545 kernel: [    0.000000]  gran_size: 8M 	chunk_size: 128M 	num_reg: 7  	lose cover RAM: 16388M
Sep 23 14:37:44 shrinivaasanka-Inspiron-1545 kernel: [    0.000000]  gran_size: 8M 	chunk_size: 256M 	num_reg: 7  	lose cover RAM: 16388M
Sep 23 14:37:44 shrinivaasanka-Inspiron-1545 kernel: [    0.000000]  gran_size: 8M 	chunk_size: 512M 	num_reg: 7  	lose cover RAM: 16388M
Sep 23 14:37:44 shrinivaasanka-Inspiron-1545 kernel: [    0.000000]  gran_size: 8M 	chunk_size: 1G 	num_reg: 7  	lose cover RAM: 16388M
Sep 23 14:37:44 shrinivaasanka-Inspiron-1545 kernel: [    0.000000]  gran_size: 8M 	chunk_size: 2G 	num_reg: 7  	lose cover RAM: 29188M
Sep 23 14:37:44 shrinivaasanka-Inspiron-1545 kernel: [    0.000000]  gran_size: 16M 	chunk_size: 16M 	num_reg: 7  	lose cover RAM: 28684M
Sep 23 14:37:44 shrinivaasanka-Inspiron-1545 kernel: [    0.000000]  gran_size: 16M 	chunk_size: 32M 	num_reg: 7  	lose cover RAM: 29196M
Sep 23 14:37:44 shrinivaasanka-Inspiron-1545 kernel: [    0.000000]  gran_size: 16M 	chunk_size: 64M 	num_reg: 7  	lose cover RAM: 16396M
Sep 23 14:37:44 shrinivaasanka-Inspiron-1545 kernel: [    0.000000]  gran_size: 16M 	chunk_size: 128M 	num_reg: 7  	lose cover RAM: 16396M
Sep 23 14:37:44 shrinivaasanka-Inspiron-1545 kernel: [    0.000000]  gran_size: 16M 	chunk_size: 256M 	num_reg: 7  	lose cover RAM: 16396M
Sep 23 14:37:44 shrinivaasanka-Inspiron-1545 kernel: [    0.000000]  gran_size: 16M 	chunk_size: 512M 	num_reg: 7  	lose cover RAM: 16396M
Sep 23 14:37:44 shrinivaasanka-Inspiron-1545 kernel: [    0.000000]  gran_size: 16M 	chunk_size: 1G 	num_reg: 7  	lose cover RAM: 16396M
Sep 23 14:37:44 shrinivaasanka-Inspiron-1545 kernel: [    0.000000]  gran_size: 16M 	chunk_size: 2G 	num_reg: 7  	lose cover RAM: 28172M
Sep 23 14:37:44 shrinivaasanka-Inspiron-1545 kernel: [    0.000000]  gran_size: 32M 	chunk_size: 32M 	num_reg: 7  	lose cover RAM: 24604M
Sep 23 14:37:44 shrinivaasanka-Inspiron-1545 kernel: [    0.000000]  gran_size: 32M 	chunk_size: 64M 	num_reg: 7  	lose cover RAM: 24604M
Sep 23 14:37:44 shrinivaasanka-Inspiron-1545 kernel: [    0.000000]  gran_size: 32M 	chunk_size: 128M 	num_reg: 7  	lose cover RAM: 28M
Sep 23 14:37:44 shrinivaasanka-Inspiron-1545 kernel: [    0.000000]  gran_size: 32M 	chunk_size: 256M 	num_reg: 7  	lose cover RAM: 28M
Sep 23 14:37:44 shrinivaasanka-Inspiron-1545 kernel: [    0.000000]  gran_size: 32M 	chunk_size: 512M 	num_reg: 7  	lose cover RAM: 28M
Sep 23 14:37:44 shrinivaasanka-Inspiron-1545 kernel: [    0.000000]  gran_size: 32M 	chunk_size: 1G 	num_reg: 7  	lose cover RAM: 28M
Sep 23 14:37:44 shrinivaasanka-Inspiron-1545 kernel: [    0.000000]  gran_size: 32M 	chunk_size: 2G 	num_reg: 7  	lose cover RAM: 27164M
Sep 23 14:37:44 shrinivaasanka-Inspiron-1545 kernel: [    0.000000]  gran_size: 64M 	chunk_size: 64M 	num_reg: 7  	lose cover RAM: 24604M
Sep 23 14:37:44 shrinivaasanka-Inspiron-1545 kernel: [    0.000000]  gran_size: 64M 	chunk_size: 128M 	num_reg: 7  	lose cover RAM: 28M
Sep 23 14:37:44 shrinivaasanka-Inspiron-1545 kernel: [    0.000000]  gran_size: 64M 	chunk_size: 256M 	num_reg: 7  	lose cover RAM: 28M
Sep 23 14:37:44 shrinivaasanka-Inspiron-1545 kernel: [    0.000000]  gran_size: 64M 	chunk_size: 512M 	num_reg: 7  	lose cover RAM: 28M
Sep 23 14:37:44 shrinivaasanka-Inspiron-1545 kernel: [    0.000000]  gran_size: 64M 	chunk_size: 1G 	num_reg: 7  	lose cover RAM: 28M
Sep 23 14:37:44 shrinivaasanka-Inspiron-1545 kernel: [    0.000000]  gran_size: 64M 	chunk_size: 2G 	num_reg: 7  	lose cover RAM: 27164M
Sep 23 14:37:44 shrinivaasanka-Inspiron-1545 kernel: [    0.000000]  gran_size: 128M 	chunk_size: 128M 	num_reg: 7  	lose cover RAM: 16476M
Sep 23 14:37:44 shrinivaasanka-Inspiron-1545 kernel: [    0.000000]  gran_size: 128M 	chunk_size: 256M 	num_reg: 7  	lose cover RAM: 92M
Sep 23 14:37:44 shrinivaasanka-Inspiron-1545 kernel: [    0.000000]  gran_size: 128M 	chunk_size: 512M 	num_reg: 7  	lose cover RAM: 92M
Sep 23 14:37:44 shrinivaasanka-Inspiron-1545 kernel: [    0.000000]  gran_size: 128M 	chunk_size: 1G 	num_reg: 7  	lose cover RAM: 92M
Sep 23 14:37:44 shrinivaasanka-Inspiron-1545 kernel: [    0.000000]  gran_size: 128M 	chunk_size: 2G 	num_reg: 7  	lose cover RAM: 27740M
Sep 23 14:37:44 shrinivaasanka-Inspiron-1545 kernel: [    0.000000]  gran_size: 256M 	chunk_size: 256M 	num_reg: 7  	lose cover RAM: 220M
Sep 23 14:37:44 shrinivaasanka-Inspiron-1545 kernel: [    0.000000]  gran_size: 256M 	chunk_size: 512M 	num_reg: 7  	lose cover RAM: 220M
Sep 23 14:37:44 shrinivaasanka-Inspiron-1545 kernel: [    0.000000]  gran_size: 256M 	chunk_size: 1G 	num_reg: 7  	lose cover RAM: 220M
Sep 23 14:37:44 shrinivaasanka-Inspiron-1545 kernel: [    0.000000]  gran_size: 256M 	chunk_size: 2G 	num_reg: 7  	lose cover RAM: 26844M
Sep 23 14:37:44 shrinivaasanka-Inspiron-1545 kernel: [    0.000000]  gran_size: 512M 	chunk_size: 512M 	num_reg: 6  	lose cover RAM: 476M
Sep 23 14:37:44 shrinivaasanka-Inspiron-1545 kernel: [    0.000000]  gran_size: 512M 	chunk_size: 1G 	num_reg: 7  	lose cover RAM: 476M
Sep 23 14:37:44 shrinivaasanka-Inspiron-1545 kernel: [    0.000000]  gran_size: 512M 	chunk_size: 2G 	num_reg: 7  	lose cover RAM: 25052M
Sep 23 14:37:44 shrinivaasanka-Inspiron-1545 kernel: [    0.000000]  gran_size: 1G 	chunk_size: 1G 	num_reg: 4  	lose cover RAM: 1500M
Sep 23 14:37:44 shrinivaasanka-Inspiron-1545 kernel: [    0.000000]  gran_size: 1G 	chunk_size: 2G 	num_reg: 4  	lose cover RAM: 1500M
Sep 23 14:37:44 shrinivaasanka-Inspiron-1545 kernel: [    0.000000]  gran_size: 2G 	chunk_size: 2G 	num_reg: 4  	lose cover RAM: 1500M
Sep 23 14:37:44 shrinivaasanka-Inspiron-1545 kernel: [    0.000000] mtrr_cleanup: can not find optimal value
Sep 23 14:37:44 shrinivaasanka-Inspiron-1545 kernel: [    0.000000] please specify mtrr_gran_size/mtrr_chunk_size
Sep 23 14:37:44 shrinivaasanka-Inspiron-1545 kernel: [    0.000000] e820: update [mem 0xbdc00000-0xbfffffff] usable ==> reserved
Sep 23 14:37:44 shrinivaasanka-Inspiron-1545 kernel: [    0.000000] e820: update [mem 0xe0000000-0xffffffff] usable ==> reserved
Sep 23 14:37:44 shrinivaasanka-Inspiron-1545 kernel: [    0.000000] Scanning 1 areas for low memory corruption
Sep 23 14:37:44 shrinivaasanka-Inspiron-1545 kernel: [    0.000000] initial memory mapped: [mem 0x00000000-0x021fffff]
Sep 23 14:37:44 shrinivaasanka-Inspiron-1545 kernel: [    0.000000] Base memory trampoline at [c009b000] 9b000 size 16384
Sep 23 14:37:44 shrinivaasanka-Inspiron-1545 kernel: [    0.000000] init_memory_mapping: [mem 0x00000000-0x000fffff]
Sep 23 14:37:44 shrinivaasanka-Inspiron-1545 kernel: [    0.000000]  [mem 0x00000000-0x000fffff] page 4k
Sep 23 14:37:44 shrinivaasanka-Inspiron-1545 kernel: [    0.000000] init_memory_mapping: [mem 0x37800000-0x379fffff]
Sep 23 14:37:44 shrinivaasanka-Inspiron-1545 kernel: [    0.000000]  [mem 0x37800000-0x379fffff] page 2M
Sep 23 14:37:44 shrinivaasanka-Inspiron-1545 kernel: [    0.000000] init_memory_mapping: [mem 0x20000000-0x377fffff]
Sep 23 14:37:44 shrinivaasanka-Inspiron-1545 kernel: [    0.000000]  [mem 0x20000000-0x377fffff] page 2M
Sep 23 14:37:44 shrinivaasanka-Inspiron-1545 kernel: [    0.000000] init_memory_mapping: [mem 0x00100000-0x1fffffff]
Sep 23 14:37:44 shrinivaasanka-Inspiron-1545 kernel: [    0.000000]  [mem 0x00100000-0x001fffff] page 4k
Sep 23 14:37:44 shrinivaasanka-Inspiron-1545 kernel: [    0.000000]  [mem 0x00200000-0x1fffffff] page 2M
Sep 23 14:37:44 shrinivaasanka-Inspiron-1545 kernel: [    0.000000] init_memory_mapping: [mem 0x37a00000-0x37bfdfff]
Sep 23 14:37:44 shrinivaasanka-Inspiron-1545 kernel: [    0.000000]  [mem 0x37a00000-0x37bfdfff] page 4k
Sep 23 14:37:44 shrinivaasanka-Inspiron-1545 kernel: [    0.000000] BRK [0x01c62000, 0x01c62fff] PGTABLE
Sep 23 14:37:44 shrinivaasanka-Inspiron-1545 kernel: [    0.000000] BRK [0x01c63000, 0x01c63fff] PGTABLE
Sep 23 14:37:44 shrinivaasanka-Inspiron-1545 kernel: [    0.000000] RAMDISK: [mem 0x35940000-0x36c97fff]
Sep 23 14:37:44 shrinivaasanka-Inspiron-1545 kernel: [    0.000000] ACPI: Early table checksum verification disabled
Sep 23 14:37:44 shrinivaasanka-Inspiron-1545 kernel: [    0.000000] ACPI: RSDP 0x00000000000FBDD0 000024 (v02 DELL  )
Sep 23 14:37:44 shrinivaasanka-Inspiron-1545 kernel: [    0.000000] ACPI: XSDT 0x00000000BDAC3E00 000054 (v01 DELL   WN09     27D90C07 ASL  00000061)
Sep 23 14:37:44 shrinivaasanka-Inspiron-1545 kernel: [    0.000000] ACPI: FACP 0x00000000BDAC3C9C 0000F4 (v04 DELL   WN09     27D90C07 ASL  00000061)
Sep 23 14:37:44 shrinivaasanka-Inspiron-1545 kernel: [    0.000000] ACPI BIOS Warning (bug): 32/64X length mismatch in FADT/Gpe0Block: 128/64 (20150410/tbfadt-623)
Sep 23 14:37:44 shrinivaasanka-Inspiron-1545 kernel: [    0.000000] ACPI: DSDT 0x00000000BDAC4400 005451 (v02 INT430 SYSFexxx 00001001 INTL 20050624)
Sep 23 14:37:44 shrinivaasanka-Inspiron-1545 kernel: [    0.000000] ACPI: FACS 0x00000000BDAD2C00 000040
Sep 23 14:37:44 shrinivaasanka-Inspiron-1545 kernel: [    0.000000] ACPI: FACS 0x00000000BDAD2C00 000040
Sep 23 14:37:44 shrinivaasanka-Inspiron-1545 kernel: [    0.000000] ACPI: HPET 0x00000000BDAC3F00 000038 (v01 DELL   WN09     00000001 ASL  00000061)
Sep 23 14:37:44 shrinivaasanka-Inspiron-1545 kernel: [    0.000000] ACPI: APIC 0x00000000BDAC4000 000068 (v01 DELL   WN09     27D90C07 ASL  00000047)
Sep 23 14:37:44 shrinivaasanka-Inspiron-1545 kernel: [    0.000000] ACPI: MCFG 0x00000000BDAC3FC0 00003E (v16 DELL   WN09     27D90C07 ASL  00000061)
Sep 23 14:37:44 shrinivaasanka-Inspiron-1545 kernel: [    0.000000] ACPI: SLIC 0x00000000BDAC409C 000176 (v01 DELL   WN09     27D90C07 ASL  00000061)
Sep 23 14:37:44 shrinivaasanka-Inspiron-1545 kernel: [    0.000000] ACPI: SSDT 0x00000000BDAC2363 00066C (v01 PmRef  CpuPm    00003000 INTL 20050624)
Sep 23 14:37:44 shrinivaasanka-Inspiron-1545 kernel: [    0.000000] ACPI: Local APIC address 0xfee00000
Sep 23 14:37:44 shrinivaasanka-Inspiron-1545 kernel: [    0.000000] 2140MB HIGHMEM available.
Sep 23 14:37:44 shrinivaasanka-Inspiron-1545 kernel: [    0.000000] 891MB LOWMEM available.
Sep 23 14:37:44 shrinivaasanka-Inspiron-1545 kernel: [    0.000000]   mapped low ram: 0 - 37bfe000
Sep 23 14:37:44 shrinivaasanka-Inspiron-1545 kernel: [    0.000000]   low ram: 0 - 37bfe000
Sep 23 14:37:44 shrinivaasanka-Inspiron-1545 kernel: [    0.000000] Zone ranges:
Sep 23 14:37:44 shrinivaasanka-Inspiron-1545 kernel: [    0.000000]   DMA      [mem 0x0000000000001000-0x0000000000ffffff]
Sep 23 14:37:44 shrinivaasanka-Inspiron-1545 kernel: [    0.000000]   Normal   [mem 0x0000000001000000-0x0000000037bfdfff]
Sep 23 14:37:44 shrinivaasanka-Inspiron-1545 kernel: [    0.000000]   HighMem  [mem 0x0000000037bfe000-0x00000000bd8befff]
Sep 23 14:37:44 shrinivaasanka-Inspiron-1545 kernel: [    0.000000] Movable zone start for each node
Sep 23 14:37:44 shrinivaasanka-Inspiron-1545 kernel: [    0.000000] Early memory node ranges
Sep 23 14:37:44 shrinivaasanka-Inspiron-1545 kernel: [    0.000000]   node   0: [mem 0x0000000000001000-0x000000000009efff]
Sep 23 14:37:44 shrinivaasanka-Inspiron-1545 kernel: [    0.000000]   node   0: [mem 0x0000000000100000-0x00000000bd8befff]
Sep 23 14:37:44 shrinivaasanka-Inspiron-1545 kernel: [    0.000000] Initmem setup node 0 [mem 0x0000000000001000-0x00000000bd8befff]
Sep 23 14:37:44 shrinivaasanka-Inspiron-1545 kernel: [    0.000000] On node 0 totalpages: 776285
Sep 23 14:37:44 shrinivaasanka-Inspiron-1545 kernel: [    0.000000]   DMA zone: 40 pages used for memmap
Sep 23 14:37:44 shrinivaasanka-Inspiron-1545 kernel: [    0.000000]   DMA zone: 0 pages reserved
Sep 23 14:37:44 shrinivaasanka-Inspiron-1545 kernel: [    0.000000]   DMA zone: 3998 pages, LIFO batch:0
Sep 23 14:37:44 shrinivaasanka-Inspiron-1545 kernel: [    0.000000]   Normal zone: 2190 pages used for memmap
Sep 23 14:37:44 shrinivaasanka-Inspiron-1545 kernel: [    0.000000]   Normal zone: 224254 pages, LIFO batch:31
Sep 23 14:37:44 shrinivaasanka-Inspiron-1545 kernel: [    0.000000]   HighMem zone: 548033 pages, LIFO batch:31
Sep 23 14:37:44 shrinivaasanka-Inspiron-1545 kernel: [    0.000000] Using APIC driver default
Sep 23 14:37:44 shrinivaasanka-Inspiron-1545 kernel: [    0.000000] Reserving Intel graphics stolen memory at 0xbe000000-0xbfffffff
Sep 23 14:37:44 shrinivaasanka-Inspiron-1545 kernel: [    0.000000] ACPI: PM-Timer IO Port: 0x1008
Sep 23 14:37:44 shrinivaasanka-Inspiron-1545 kernel: [    0.000000] ACPI: Local APIC address 0xfee00000
Sep 23 14:37:44 shrinivaasanka-Inspiron-1545 kernel: [    0.000000] ACPI: LAPIC_NMI (acpi_id[0x00] high edge lint[0x1])
Sep 23 14:37:44 shrinivaasanka-Inspiron-1545 kernel: [    0.000000] ACPI: LAPIC_NMI (acpi_id[0x01] high edge lint[0x1])
Sep 23 14:37:44 shrinivaasanka-Inspiron-1545 kernel: [    0.000000] IOAPIC[0]: apic_id 2, version 32, address 0xfec00000, GSI 0-23
Sep 23 14:37:44 shrinivaasanka-Inspiron-1545 kernel: [    0.000000] ACPI: INT_SRC_OVR (bus 0 bus_irq 0 global_irq 2 dfl dfl)
Sep 23 14:37:44 shrinivaasanka-Inspiron-1545 kernel: [    0.000000] ACPI: INT_SRC_OVR (bus 0 bus_irq 9 global_irq 9 high level)
Sep 23 14:37:44 shrinivaasanka-Inspiron-1545 kernel: [    0.000000] ACPI: IRQ0 used by override.
Sep 23 14:37:44 shrinivaasanka-Inspiron-1545 kernel: [    0.000000] ACPI: IRQ9 used by override.
Sep 23 14:37:44 shrinivaasanka-Inspiron-1545 kernel: [    0.000000] Using ACPI (MADT) for SMP configuration information
Sep 23 14:37:44 shrinivaasanka-Inspiron-1545 kernel: [    0.000000] ACPI: HPET id: 0x8086a201 base: 0xfed00000
Sep 23 14:37:44 shrinivaasanka-Inspiron-1545 kernel: [    0.000000] smpboot: Allowing 2 CPUs, 0 hotplug CPUs
Sep 23 14:37:44 shrinivaasanka-Inspiron-1545 kernel: [    0.000000] PM: Registered nosave memory: [mem 0x00000000-0x00000fff]
Sep 23 14:37:44 shrinivaasanka-Inspiron-1545 kernel: [    0.000000] PM: Registered nosave memory: [mem 0x0009f000-0x0009ffff]
Sep 23 14:37:44 shrinivaasanka-Inspiron-1545 kernel: [    0.000000] PM: Registered nosave memory: [mem 0x000a0000-0x000fffff]
Sep 23 14:37:44 shrinivaasanka-Inspiron-1545 kernel: [    0.000000] e820: [mem 0xc0000000-0xf7ffffff] available for PCI devices
Sep 23 14:37:44 shrinivaasanka-Inspiron-1545 kernel: [    0.000000] Booting paravirtualized kernel on bare hardware
Sep 23 14:37:44 shrinivaasanka-Inspiron-1545 kernel: [    0.000000] clocksource refined-jiffies: mask: 0xffffffff max_cycles: 0xffffffff, max_idle_ns: 7645519600211568 ns
Sep 23 14:37:44 shrinivaasanka-Inspiron-1545 kernel: [    0.000000] setup_percpu: NR_CPUS:8 nr_cpumask_bits:8 nr_cpu_ids:2 nr_node_ids:1
Sep 23 14:37:44 shrinivaasanka-Inspiron-1545 kernel: [    0.000000] PERCPU: Embedded 19 pages/cpu @f6cb1000 s48716 r0 d29108 u77824
Sep 23 14:37:44 shrinivaasanka-Inspiron-1545 kernel: [    0.000000] pcpu-alloc: s48716 r0 d29108 u77824 alloc=19*4096
Sep 23 14:37:44 shrinivaasanka-Inspiron-1545 kernel: [    0.000000] pcpu-alloc: [0] 0 [0] 1 
Sep 23 14:37:44 shrinivaasanka-Inspiron-1545 kernel: [    0.000000] Built 1 zonelists in Zone order, mobility grouping on.  Total pages: 774055
Sep 23 14:37:44 shrinivaasanka-Inspiron-1545 kernel: [    0.000000] Kernel command line: BOOT_IMAGE=/boot/vmlinuz-4.1.5-040105-generic root=UUID=6944b01d-ff0d-43eb-8699-cca469511742 ro quiet splash vt.handoff=7
Sep 23 14:37:44 shrinivaasanka-Inspiron-1545 kernel: [    0.000000] PID hash table entries: 4096 (order: 2, 16384 bytes)
Sep 23 14:37:44 shrinivaasanka-Inspiron-1545 kernel: [    0.000000] Dentry cache hash table entries: 131072 (order: 7, 524288 bytes)
Sep 23 14:37:44 shrinivaasanka-Inspiron-1545 kernel: [    0.000000] Inode-cache hash table entries: 65536 (order: 6, 262144 bytes)
Sep 23 14:37:44 shrinivaasanka-Inspiron-1545 kernel: [    0.000000] microcode: CPU0 microcode updated early to revision 0xa0b, date = 2010-09-28
Sep 23 14:37:44 shrinivaasanka-Inspiron-1545 kernel: [    0.000000] Initializing CPU#0
Sep 23 14:37:44 shrinivaasanka-Inspiron-1545 kernel: [    0.000000] xsave: enabled xstate_bv 0x3, cntxt size 0x240 using standard form
Sep 23 14:37:44 shrinivaasanka-Inspiron-1545 kernel: [    0.000000] Initializing HighMem for node 0 (00037bfe:000bd8bf)
Sep 23 14:37:44 shrinivaasanka-Inspiron-1545 kernel: [    0.000000] Initializing Movable for node 0 (00000000:00000000)
Sep 23 14:37:44 shrinivaasanka-Inspiron-1545 kernel: [    0.000000] Memory: 3040744K/3105140K available (7069K kernel code, 735K rwdata, 3024K rodata, 948K init, 788K bss, 64396K reserved, 0K cma-reserved, 2192132K highmem)
Sep 23 14:37:44 shrinivaasanka-Inspiron-1545 kernel: [    0.000000] virtual kernel memory layout:
Sep 23 14:37:44 shrinivaasanka-Inspiron-1545 kernel: [    0.000000]     fixmap  : 0xfff15000 - 0xfffff000   ( 936 kB)
Sep 23 14:37:44 shrinivaasanka-Inspiron-1545 kernel: [    0.000000]     pkmap   : 0xffc00000 - 0xffe00000   (2048 kB)
Sep 23 14:37:44 shrinivaasanka-Inspiron-1545 kernel: [    0.000000]     vmalloc : 0xf83fe000 - 0xffbfe000   ( 120 MB)
Sep 23 14:37:44 shrinivaasanka-Inspiron-1545 kernel: [    0.000000]     lowmem  : 0xc0000000 - 0xf7bfe000   ( 891 MB)
Sep 23 14:37:44 shrinivaasanka-Inspiron-1545 kernel: [    0.000000]       .init : 0xc1a96000 - 0xc1b83000   ( 948 kB)
Sep 23 14:37:44 shrinivaasanka-Inspiron-1545 kernel: [    0.000000]       .data : 0xc16e79c0 - 0xc1a94f40   (3765 kB)
Sep 23 14:37:44 shrinivaasanka-Inspiron-1545 kernel: [    0.000000]       .text : 0xc1000000 - 0xc16e79c0   (7070 kB)
Sep 23 14:37:44 shrinivaasanka-Inspiron-1545 kernel: [    0.000000] Checking if this processor honours the WP bit even in supervisor mode...Ok.
Sep 23 14:37:44 shrinivaasanka-Inspiron-1545 kernel: [    0.000000] SLUB: HWalign=64, Order=0-3, MinObjects=0, CPUs=2, Nodes=1
Sep 23 14:37:44 shrinivaasanka-Inspiron-1545 kernel: [    0.000000] Hierarchical RCU implementation.
Sep 23 14:37:44 shrinivaasanka-Inspiron-1545 kernel: [    0.000000] 	RCU dyntick-idle grace-period acceleration is enabled.
Sep 23 14:37:44 shrinivaasanka-Inspiron-1545 kernel: [    0.000000] 	RCU restricting CPUs from NR_CPUS=8 to nr_cpu_ids=2.
Sep 23 14:37:44 shrinivaasanka-Inspiron-1545 kernel: [    0.000000] RCU: Adjusting geometry for rcu_fanout_leaf=16, nr_cpu_ids=2
Sep 23 14:37:44 shrinivaasanka-Inspiron-1545 kernel: [    0.000000] NR_IRQS:2304 nr_irqs:440 16
Sep 23 14:37:44 shrinivaasanka-Inspiron-1545 kernel: [    0.000000] CPU 0 irqstacks, hard=f4436000 soft=f4438000
Sep 23 14:37:44 shrinivaasanka-Inspiron-1545 kernel: [    0.000000] Console: colour dummy device 80x25
Sep 23 14:37:44 shrinivaasanka-Inspiron-1545 kernel: [    0.000000] console [tty0] enabled
Sep 23 14:37:44 shrinivaasanka-Inspiron-1545 kernel: [    0.000000] clocksource hpet: mask: 0xffffffff max_cycles: 0xffffffff, max_idle_ns: 133484882848 ns
Sep 23 14:37:44 shrinivaasanka-Inspiron-1545 kernel: [    0.000000] hpet clockevent registered
Sep 23 14:37:44 shrinivaasanka-Inspiron-1545 kernel: [    0.000000] tsc: Fast TSC calibration using PIT
Sep 23 14:37:44 shrinivaasanka-Inspiron-1545 kernel: [    0.000000] tsc: Detected 1994.941 MHz processor
Sep 23 14:37:44 shrinivaasanka-Inspiron-1545 kernel: [    0.004011] Calibrating delay loop (skipped), value calculated using timer frequency.. 3989.88 BogoMIPS (lpj=7979764)
Sep 23 14:37:44 shrinivaasanka-Inspiron-1545 kernel: [    0.004015] pid_max: default: 32768 minimum: 301
Sep 23 14:37:44 shrinivaasanka-Inspiron-1545 kernel: [    0.004022] ACPI: Core revision 20150410
Sep 23 14:37:44 shrinivaasanka-Inspiron-1545 kernel: [    0.011962] ACPI: All ACPI Tables successfully acquired
Sep 23 14:37:44 shrinivaasanka-Inspiron-1545 kernel: [    0.011984] Security Framework initialized
Sep 23 14:37:44 shrinivaasanka-Inspiron-1545 kernel: [    0.012014] AppArmor: AppArmor initialized
Sep 23 14:37:44 shrinivaasanka-Inspiron-1545 kernel: [    0.012016] Yama: becoming mindful.
Sep 23 14:37:44 shrinivaasanka-Inspiron-1545 kernel: [    0.012064] Mount-cache hash table entries: 2048 (order: 1, 8192 bytes)
Sep 23 14:37:44 shrinivaasanka-Inspiron-1545 kernel: [    0.012067] Mountpoint-cache hash table entries: 2048 (order: 1, 8192 bytes)
Sep 23 14:37:44 shrinivaasanka-Inspiron-1545 kernel: [    0.012335] Initializing cgroup subsys blkio
Sep 23 14:37:44 shrinivaasanka-Inspiron-1545 kernel: [    0.012340] Initializing cgroup subsys memory
Sep 23 14:37:44 shrinivaasanka-Inspiron-1545 kernel: [    0.012350] Initializing cgroup subsys devices
Sep 23 14:37:44 shrinivaasanka-Inspiron-1545 kernel: [    0.012354] Initializing cgroup subsys freezer
Sep 23 14:37:44 shrinivaasanka-Inspiron-1545 kernel: [    0.012358] Initializing cgroup subsys net_cls
Sep 23 14:37:44 shrinivaasanka-Inspiron-1545 kernel: [    0.012361] Initializing cgroup subsys perf_event
Sep 23 14:37:44 shrinivaasanka-Inspiron-1545 kernel: [    0.012365] Initializing cgroup subsys net_prio
Sep 23 14:37:44 shrinivaasanka-Inspiron-1545 kernel: [    0.012368] Initializing cgroup subsys hugetlb
Sep 23 14:37:44 shrinivaasanka-Inspiron-1545 kernel: [    0.012393] CPU: Physical Processor ID: 0
Sep 23 14:37:44 shrinivaasanka-Inspiron-1545 kernel: [    0.012395] CPU: Processor Core ID: 0
Sep 23 14:37:44 shrinivaasanka-Inspiron-1545 kernel: [    0.012400] mce: CPU supports 6 MCE banks
Sep 23 14:37:44 shrinivaasanka-Inspiron-1545 kernel: [    0.012410] CPU0: Thermal monitoring enabled (TM2)
Sep 23 14:37:44 shrinivaasanka-Inspiron-1545 kernel: [    0.012413] process: using mwait in idle threads
Sep 23 14:37:44 shrinivaasanka-Inspiron-1545 kernel: [    0.012422] Last level iTLB entries: 4KB 128, 2MB 4, 4MB 4
Sep 23 14:37:44 shrinivaasanka-Inspiron-1545 kernel: [    0.012424] Last level dTLB entries: 4KB 256, 2MB 0, 4MB 32, 1GB 0
Sep 23 14:37:44 shrinivaasanka-Inspiron-1545 kernel: [    0.013045] Freeing SMP alternatives memory: 32K (c1b83000 - c1b8b000)
Sep 23 14:37:44 shrinivaasanka-Inspiron-1545 kernel: [    0.016007] ftrace: allocating 29633 entries in 58 pages
Sep 23 14:37:44 shrinivaasanka-Inspiron-1545 kernel: [    0.028103] Enabling APIC mode:  Flat.  Using 1 I/O APICs
Sep 23 14:37:44 shrinivaasanka-Inspiron-1545 kernel: [    0.032149] ..TIMER: vector=0x30 apic1=0 pin1=2 apic2=-1 pin2=-1
Sep 23 14:37:44 shrinivaasanka-Inspiron-1545 kernel: [    0.072000] smpboot: CPU0: Intel(R) Core(TM)2 Duo CPU     T6400  @ 2.00GHz (fam: 06, model: 17, stepping: 0a)
Sep 23 14:37:44 shrinivaasanka-Inspiron-1545 kernel: [    0.072000] Performance Events: PEBS fmt0+, 4-deep LBR, Core2 events, Intel PMU driver.
Sep 23 14:37:44 shrinivaasanka-Inspiron-1545 kernel: [    0.072000] ... version:                2
Sep 23 14:37:44 shrinivaasanka-Inspiron-1545 kernel: [    0.072000] ... bit width:              40
Sep 23 14:37:44 shrinivaasanka-Inspiron-1545 kernel: [    0.072000] ... generic registers:      2
Sep 23 14:37:44 shrinivaasanka-Inspiron-1545 kernel: [    0.072000] ... value mask:             000000ffffffffff
Sep 23 14:37:44 shrinivaasanka-Inspiron-1545 kernel: [    0.072000] ... max period:             000000007fffffff
Sep 23 14:37:44 shrinivaasanka-Inspiron-1545 kernel: [    0.072000] ... fixed-purpose events:   3
Sep 23 14:37:44 shrinivaasanka-Inspiron-1545 kernel: [    0.072000] ... event mask:             0000000700000003
Sep 23 14:37:44 shrinivaasanka-Inspiron-1545 kernel: [    0.072000] CPU 1 irqstacks, hard=f4554000 soft=f4556000
Sep 23 14:37:44 shrinivaasanka-Inspiron-1545 kernel: [    0.072000] x86: Booting SMP configuration:
Sep 23 14:37:44 shrinivaasanka-Inspiron-1545 kernel: [    0.072000] .... node  #0, CPUs:      #1
Sep 23 14:37:44 shrinivaasanka-Inspiron-1545 kernel: [    0.008000] microcode: CPU1 microcode updated early to revision 0xa0b, date = 2010-09-28
Sep 23 14:37:44 shrinivaasanka-Inspiron-1545 kernel: [    0.008000] Initializing CPU#1
Sep 23 14:37:44 shrinivaasanka-Inspiron-1545 kernel: [    0.084029] x86: Booted up 1 node, 2 CPUs
Sep 23 14:37:44 shrinivaasanka-Inspiron-1545 kernel: [    0.084034] smpboot: Total of 2 processors activated (7979.76 BogoMIPS)
Sep 23 14:37:44 shrinivaasanka-Inspiron-1545 kernel: [    0.084084] NMI watchdog: enabled on all CPUs, permanently consumes one hw-PMU counter.
Sep 23 14:37:44 shrinivaasanka-Inspiron-1545 kernel: [    0.085677] devtmpfs: initialized
Sep 23 14:37:44 shrinivaasanka-Inspiron-1545 kernel: [    0.085677] evm: security.selinux
Sep 23 14:37:44 shrinivaasanka-Inspiron-1545 kernel: [    0.085677] evm: security.SMACK64
Sep 23 14:37:44 shrinivaasanka-Inspiron-1545 kernel: [    0.085677] evm: security.SMACK64EXEC
Sep 23 14:37:44 shrinivaasanka-Inspiron-1545 kernel: [    0.085677] evm: security.SMACK64TRANSMUTE
Sep 23 14:37:44 shrinivaasanka-Inspiron-1545 kernel: [    0.085677] evm: security.SMACK64MMAP
Sep 23 14:37:44 shrinivaasanka-Inspiron-1545 kernel: [    0.085677] evm: security.ima
Sep 23 14:37:44 shrinivaasanka-Inspiron-1545 kernel: [    0.085677] evm: security.capability
Sep 23 14:37:44 shrinivaasanka-Inspiron-1545 kernel: [    0.085677] PM: Registering ACPI NVS region [mem 0xbd8bf400-0xbdac13ff] (2105344 bytes)
Sep 23 14:37:44 shrinivaasanka-Inspiron-1545 kernel: [    0.085677] clocksource jiffies: mask: 0xffffffff max_cycles: 0xffffffff, max_idle_ns: 7645041785100000 ns
Sep 23 14:37:44 shrinivaasanka-Inspiron-1545 kernel: [    0.085677] pinctrl core: initialized pinctrl subsystem
Sep 23 14:37:44 shrinivaasanka-Inspiron-1545 kernel: [    0.085677] RTC time:  9:04:32, date: 09/23/15
Sep 23 14:37:44 shrinivaasanka-Inspiron-1545 kernel: [    0.085677] NET: Registered protocol family 16
Sep 23 14:37:44 shrinivaasanka-Inspiron-1545 kernel: [    0.085677] EISA bus registered
Sep 23 14:37:44 shrinivaasanka-Inspiron-1545 kernel: [    0.096006] cpuidle: using governor ladder
Sep 23 14:37:44 shrinivaasanka-Inspiron-1545 kernel: [    0.108003] cpuidle: using governor menu
Sep 23 14:37:44 shrinivaasanka-Inspiron-1545 kernel: [    0.108131] ACPI: bus type PCI registered
Sep 23 14:37:44 shrinivaasanka-Inspiron-1545 kernel: [    0.108134] acpiphp: ACPI Hot Plug PCI Controller Driver version: 0.5
Sep 23 14:37:44 shrinivaasanka-Inspiron-1545 kernel: [    0.108238] PCI: MMCONFIG for domain 0000 [bus 00-3f] at [mem 0xf8000000-0xfbffffff] (base 0xf8000000)
Sep 23 14:37:44 shrinivaasanka-Inspiron-1545 kernel: [    0.108242] PCI: MMCONFIG at [mem 0xf8000000-0xfbffffff] reserved in E820
Sep 23 14:37:44 shrinivaasanka-Inspiron-1545 kernel: [    0.108243] PCI: Using MMCONFIG for extended config space
Sep 23 14:37:44 shrinivaasanka-Inspiron-1545 kernel: [    0.108245] PCI: Using configuration type 1 for base access
Sep 23 14:37:44 shrinivaasanka-Inspiron-1545 kernel: [    0.108258] dmi type 0xB1 record - unknown flag
Sep 23 14:37:44 shrinivaasanka-Inspiron-1545 kernel: [    0.120138] ACPI: Added _OSI(Module Device)
Sep 23 14:37:44 shrinivaasanka-Inspiron-1545 kernel: [    0.120141] ACPI: Added _OSI(Processor Device)
Sep 23 14:37:44 shrinivaasanka-Inspiron-1545 kernel: [    0.120142] ACPI: Added _OSI(3.0 _SCP Extensions)
Sep 23 14:37:44 shrinivaasanka-Inspiron-1545 kernel: [    0.120145] ACPI: Added _OSI(Processor Aggregator Device)
Sep 23 14:37:44 shrinivaasanka-Inspiron-1545 kernel: [    0.128118] [Firmware Bug]: ACPI: BIOS _OSI(Linux) query ignored
Sep 23 14:37:44 shrinivaasanka-Inspiron-1545 kernel: [    0.131467] ACPI: Dynamic OEM Table Load:
Sep 23 14:37:44 shrinivaasanka-Inspiron-1545 kernel: [    0.131476] ACPI: SSDT 0x00000000F4621000 00023F (v01 PmRef  BspIst   00003000 INTL 20050624)
Sep 23 14:37:44 shrinivaasanka-Inspiron-1545 kernel: [    0.131944] ACPI: Dynamic OEM Table Load:
Sep 23 14:37:44 shrinivaasanka-Inspiron-1545 kernel: [    0.131951] ACPI: SSDT 0x00000000F4412800 0005C6 (v01 PmRef  BspCst   00003001 INTL 20050624)
Sep 23 14:37:44 shrinivaasanka-Inspiron-1545 kernel: [    0.132708] ACPI: Dynamic OEM Table Load:
Sep 23 14:37:44 shrinivaasanka-Inspiron-1545 kernel: [    0.132714] ACPI: SSDT 0x00000000F44ABA00 0001D7 (v01 PmRef  ApIst    00003000 INTL 20050624)
Sep 23 14:37:44 shrinivaasanka-Inspiron-1545 kernel: [    0.133140] ACPI: Dynamic OEM Table Load:
Sep 23 14:37:44 shrinivaasanka-Inspiron-1545 kernel: [    0.133146] ACPI: SSDT 0x00000000F4539240 00008D (v01 PmRef  ApCst    00003000 INTL 20050624)
Sep 23 14:37:44 shrinivaasanka-Inspiron-1545 kernel: [    0.133638] ACPI: Interpreter enabled
Sep 23 14:37:44 shrinivaasanka-Inspiron-1545 kernel: [    0.133651] ACPI Exception: AE_NOT_FOUND, While evaluating Sleep State [\_S1_] (20150410/hwxface-580)
Sep 23 14:37:44 shrinivaasanka-Inspiron-1545 kernel: [    0.133656] ACPI Exception: AE_NOT_FOUND, While evaluating Sleep State [\_S2_] (20150410/hwxface-580)
Sep 23 14:37:44 shrinivaasanka-Inspiron-1545 kernel: [    0.133672] ACPI: (supports S0 S3 S4 S5)
Sep 23 14:37:44 shrinivaasanka-Inspiron-1545 kernel: [    0.133674] ACPI: Using IOAPIC for interrupt routing
Sep 23 14:37:44 shrinivaasanka-Inspiron-1545 kernel: [    0.133709] PCI: Using host bridge windows from ACPI; if necessary, use "pci=nocrs" and report a bug
Sep 23 14:37:44 shrinivaasanka-Inspiron-1545 kernel: [    0.219147] ACPI: PCI Root Bridge [PCI0] (domain 0000 [bus 00-ff])
Sep 23 14:37:44 shrinivaasanka-Inspiron-1545 kernel: [    0.219155] acpi PNP0A03:00: _OSC: OS supports [ExtendedConfig ASPM ClockPM Segments MSI]
Sep 23 14:37:44 shrinivaasanka-Inspiron-1545 kernel: [    0.219161] acpi PNP0A03:00: _OSC failed (AE_NOT_FOUND); disabling ASPM
Sep 23 14:37:44 shrinivaasanka-Inspiron-1545 kernel: [    0.235649] acpi PNP0A03:00: [Firmware Info]: MMCONFIG for domain 0000 [bus 00-3f] only partially covers this bridge
Sep 23 14:37:44 shrinivaasanka-Inspiron-1545 kernel: [    0.236261] PCI host bridge to bus 0000:00
Sep 23 14:37:44 shrinivaasanka-Inspiron-1545 kernel: [    0.236265] pci_bus 0000:00: root bus resource [bus 00-ff]
Sep 23 14:37:44 shrinivaasanka-Inspiron-1545 kernel: [    0.236268] pci_bus 0000:00: root bus resource [io  0x0000-0x0cf7 window]
Sep 23 14:37:44 shrinivaasanka-Inspiron-1545 kernel: [    0.236271] pci_bus 0000:00: root bus resource [io  0x0d00-0xffff window]
Sep 23 14:37:44 shrinivaasanka-Inspiron-1545 kernel: [    0.236274] pci_bus 0000:00: root bus resource [mem 0x000a0000-0x000bffff window]
Sep 23 14:37:44 shrinivaasanka-Inspiron-1545 kernel: [    0.236277] pci_bus 0000:00: root bus resource [mem 0x000d0000-0x000dffff window]
Sep 23 14:37:44 shrinivaasanka-Inspiron-1545 kernel: [    0.236280] pci_bus 0000:00: root bus resource [mem 0xc0000000-0xf7ffffff window]
Sep 23 14:37:44 shrinivaasanka-Inspiron-1545 kernel: [    0.236282] pci_bus 0000:00: root bus resource [mem 0xfc000000-0xfebfffff window]
Sep 23 14:37:44 shrinivaasanka-Inspiron-1545 kernel: [    0.236285] pci_bus 0000:00: root bus resource [mem 0xfec10000-0xfecfffff window]
Sep 23 14:37:44 shrinivaasanka-Inspiron-1545 kernel: [    0.236287] pci_bus 0000:00: root bus resource [mem 0xfed1c000-0xfed1ffff window]
Sep 23 14:37:44 shrinivaasanka-Inspiron-1545 kernel: [    0.236290] pci_bus 0000:00: root bus resource [mem 0xfed90000-0xfed9ffff window]
Sep 23 14:37:44 shrinivaasanka-Inspiron-1545 kernel: [    0.236293] pci_bus 0000:00: root bus resource [mem 0xfeda7000-0xfedfffff window]
Sep 23 14:37:44 shrinivaasanka-Inspiron-1545 kernel: [    0.236296] pci_bus 0000:00: root bus resource [mem 0xfee10000-0xff9fffff window]
Sep 23 14:37:44 shrinivaasanka-Inspiron-1545 kernel: [    0.236298] pci_bus 0000:00: root bus resource [mem 0xffc00000-0xffdfffff window]
Sep 23 14:37:44 shrinivaasanka-Inspiron-1545 kernel: [    0.236309] pci 0000:00:00.0: [8086:2a40] type 00 class 0x060000
Sep 23 14:37:44 shrinivaasanka-Inspiron-1545 kernel: [    0.236339] DMAR: Forcing write-buffer flush capability
Sep 23 14:37:44 shrinivaasanka-Inspiron-1545 kernel: [    0.236341] DMAR: Disabling IOMMU for graphics on this chipset
Sep 23 14:37:44 shrinivaasanka-Inspiron-1545 kernel: [    0.236455] pci 0000:00:02.0: [8086:2a42] type 00 class 0x030000
Sep 23 14:37:44 shrinivaasanka-Inspiron-1545 kernel: [    0.236470] pci 0000:00:02.0: reg 0x10: [mem 0xf6c00000-0xf6ffffff 64bit]
Sep 23 14:37:44 shrinivaasanka-Inspiron-1545 kernel: [    0.236480] pci 0000:00:02.0: reg 0x18: [mem 0xe0000000-0xefffffff 64bit pref]
Sep 23 14:37:44 shrinivaasanka-Inspiron-1545 kernel: [    0.236487] pci 0000:00:02.0: reg 0x20: [io  0xefe8-0xefef]
Sep 23 14:37:44 shrinivaasanka-Inspiron-1545 kernel: [    0.236620] pci 0000:00:02.1: [8086:2a43] type 00 class 0x038000
Sep 23 14:37:44 shrinivaasanka-Inspiron-1545 kernel: [    0.236634] pci 0000:00:02.1: reg 0x10: [mem 0xf6b00000-0xf6bfffff 64bit]
Sep 23 14:37:44 shrinivaasanka-Inspiron-1545 kernel: [    0.236826] pci 0000:00:1a.0: [8086:2937] type 00 class 0x0c0300
Sep 23 14:37:44 shrinivaasanka-Inspiron-1545 kernel: [    0.236889] pci 0000:00:1a.0: reg 0x20: [io  0x6f60-0x6f7f]
Sep 23 14:37:44 shrinivaasanka-Inspiron-1545 kernel: [    0.240083] pci 0000:00:1a.0: System wakeup disabled by ACPI
Sep 23 14:37:44 shrinivaasanka-Inspiron-1545 kernel: [    0.240156] pci 0000:00:1a.1: [8086:2938] type 00 class 0x0c0300
Sep 23 14:37:44 shrinivaasanka-Inspiron-1545 kernel: [    0.240219] pci 0000:00:1a.1: reg 0x20: [io  0x6f80-0x6f9f]
Sep 23 14:37:44 shrinivaasanka-Inspiron-1545 kernel: [    0.244082] pci 0000:00:1a.1: System wakeup disabled by ACPI
Sep 23 14:37:44 shrinivaasanka-Inspiron-1545 kernel: [    0.244152] pci 0000:00:1a.2: [8086:2939] type 00 class 0x0c0300
Sep 23 14:37:44 shrinivaasanka-Inspiron-1545 kernel: [    0.244215] pci 0000:00:1a.2: reg 0x20: [io  0x6fa0-0x6fbf]
Sep 23 14:37:44 shrinivaasanka-Inspiron-1545 kernel: [    0.248083] pci 0000:00:1a.2: System wakeup disabled by ACPI
Sep 23 14:37:44 shrinivaasanka-Inspiron-1545 kernel: [    0.248161] pci 0000:00:1a.7: [8086:293c] type 00 class 0x0c0320
Sep 23 14:37:44 shrinivaasanka-Inspiron-1545 kernel: [    0.248186] pci 0000:00:1a.7: reg 0x10: [mem 0xfed1c400-0xfed1c7ff]
Sep 23 14:37:44 shrinivaasanka-Inspiron-1545 kernel: [    0.248296] pci 0000:00:1a.7: PME# supported from D0 D3hot D3cold
Sep 23 14:37:44 shrinivaasanka-Inspiron-1545 kernel: [    0.252083] pci 0000:00:1a.7: System wakeup disabled by ACPI
Sep 23 14:37:44 shrinivaasanka-Inspiron-1545 kernel: [    0.252159] pci 0000:00:1b.0: [8086:293e] type 00 class 0x040300
Sep 23 14:37:44 shrinivaasanka-Inspiron-1545 kernel: [    0.252188] pci 0000:00:1b.0: reg 0x10: [mem 0xf6afc000-0xf6afffff 64bit]
Sep 23 14:37:44 shrinivaasanka-Inspiron-1545 kernel: [    0.252299] pci 0000:00:1b.0: PME# supported from D0 D3hot D3cold
Sep 23 14:37:44 shrinivaasanka-Inspiron-1545 kernel: [    0.252368] pci 0000:00:1b.0: System wakeup disabled by ACPI
Sep 23 14:37:44 shrinivaasanka-Inspiron-1545 kernel: [    0.252439] pci 0000:00:1c.0: [8086:2940] type 01 class 0x060400
Sep 23 14:37:44 shrinivaasanka-Inspiron-1545 kernel: [    0.252549] pci 0000:00:1c.0: PME# supported from D0 D3hot D3cold
Sep 23 14:37:44 shrinivaasanka-Inspiron-1545 kernel: [    0.252618] pci 0000:00:1c.0: System wakeup disabled by ACPI
Sep 23 14:37:44 shrinivaasanka-Inspiron-1545 kernel: [    0.252688] pci 0000:00:1c.1: [8086:2942] type 01 class 0x060400
Sep 23 14:37:44 shrinivaasanka-Inspiron-1545 kernel: [    0.252798] pci 0000:00:1c.1: PME# supported from D0 D3hot D3cold
Sep 23 14:37:44 shrinivaasanka-Inspiron-1545 kernel: [    0.252867] pci 0000:00:1c.1: System wakeup disabled by ACPI
Sep 23 14:37:44 shrinivaasanka-Inspiron-1545 kernel: [    0.252941] pci 0000:00:1c.2: [8086:2944] type 01 class 0x060400
Sep 23 14:37:44 shrinivaasanka-Inspiron-1545 kernel: [    0.253050] pci 0000:00:1c.2: PME# supported from D0 D3hot D3cold
Sep 23 14:37:44 shrinivaasanka-Inspiron-1545 kernel: [    0.253119] pci 0000:00:1c.2: System wakeup disabled by ACPI
Sep 23 14:37:44 shrinivaasanka-Inspiron-1545 kernel: [    0.253189] pci 0000:00:1c.4: [8086:2948] type 01 class 0x060400
Sep 23 14:37:44 shrinivaasanka-Inspiron-1545 kernel: [    0.253298] pci 0000:00:1c.4: PME# supported from D0 D3hot D3cold
Sep 23 14:37:44 shrinivaasanka-Inspiron-1545 kernel: [    0.253367] pci 0000:00:1c.4: System wakeup disabled by ACPI
Sep 23 14:37:44 shrinivaasanka-Inspiron-1545 kernel: [    0.253440] pci 0000:00:1d.0: [8086:2934] type 00 class 0x0c0300
Sep 23 14:37:44 shrinivaasanka-Inspiron-1545 kernel: [    0.253502] pci 0000:00:1d.0: reg 0x20: [io  0x6f00-0x6f1f]
Sep 23 14:37:44 shrinivaasanka-Inspiron-1545 kernel: [    0.257482] pci 0000:00:1d.0: System wakeup disabled by ACPI
Sep 23 14:37:44 shrinivaasanka-Inspiron-1545 kernel: [    0.257552] pci 0000:00:1d.1: [8086:2935] type 00 class 0x0c0300
Sep 23 14:37:44 shrinivaasanka-Inspiron-1545 kernel: [    0.257615] pci 0000:00:1d.1: reg 0x20: [io  0x6f20-0x6f3f]
Sep 23 14:37:44 shrinivaasanka-Inspiron-1545 kernel: [    0.261653] pci 0000:00:1d.1: System wakeup disabled by ACPI
Sep 23 14:37:44 shrinivaasanka-Inspiron-1545 kernel: [    0.261725] pci 0000:00:1d.2: [8086:2936] type 00 class 0x0c0300
Sep 23 14:37:44 shrinivaasanka-Inspiron-1545 kernel: [    0.261788] pci 0000:00:1d.2: reg 0x20: [io  0x6f40-0x6f5f]
Sep 23 14:37:44 shrinivaasanka-Inspiron-1545 kernel: [    0.265564] pci 0000:00:1d.2: System wakeup disabled by ACPI
Sep 23 14:37:44 shrinivaasanka-Inspiron-1545 kernel: [    0.265644] pci 0000:00:1d.7: [8086:293a] type 00 class 0x0c0320
Sep 23 14:37:44 shrinivaasanka-Inspiron-1545 kernel: [    0.265669] pci 0000:00:1d.7: reg 0x10: [mem 0xfed1c000-0xfed1c3ff]
Sep 23 14:37:44 shrinivaasanka-Inspiron-1545 kernel: [    0.265779] pci 0000:00:1d.7: PME# supported from D0 D3hot D3cold
Sep 23 14:37:44 shrinivaasanka-Inspiron-1545 kernel: [    0.269501] pci 0000:00:1d.7: System wakeup disabled by ACPI
Sep 23 14:37:44 shrinivaasanka-Inspiron-1545 kernel: [    0.269570] pci 0000:00:1e.0: [8086:2448] type 01 class 0x060401
Sep 23 14:37:44 shrinivaasanka-Inspiron-1545 kernel: [    0.269704] pci 0000:00:1e.0: System wakeup disabled by ACPI
Sep 23 14:37:44 shrinivaasanka-Inspiron-1545 kernel: [    0.269776] pci 0000:00:1f.0: [8086:2919] type 00 class 0x060100
Sep 23 14:37:44 shrinivaasanka-Inspiron-1545 kernel: [    0.270036] pci 0000:00:1f.2: [8086:2929] type 00 class 0x010601
Sep 23 14:37:44 shrinivaasanka-Inspiron-1545 kernel: [    0.270062] pci 0000:00:1f.2: reg 0x10: [io  0x6e70-0x6e77]
Sep 23 14:37:44 shrinivaasanka-Inspiron-1545 kernel: [    0.270075] pci 0000:00:1f.2: reg 0x14: [io  0x6e78-0x6e7b]
Sep 23 14:37:44 shrinivaasanka-Inspiron-1545 kernel: [    0.270088] pci 0000:00:1f.2: reg 0x18: [io  0x6e80-0x6e87]
Sep 23 14:37:44 shrinivaasanka-Inspiron-1545 kernel: [    0.270101] pci 0000:00:1f.2: reg 0x1c: [io  0x6e88-0x6e8b]
Sep 23 14:37:44 shrinivaasanka-Inspiron-1545 kernel: [    0.270114] pci 0000:00:1f.2: reg 0x20: [io  0x6ea0-0x6ebf]
Sep 23 14:37:44 shrinivaasanka-Inspiron-1545 kernel: [    0.270127] pci 0000:00:1f.2: reg 0x24: [mem 0xfed1c800-0xfed1cfff]
Sep 23 14:37:44 shrinivaasanka-Inspiron-1545 kernel: [    0.270189] pci 0000:00:1f.2: PME# supported from D3hot
Sep 23 14:37:44 shrinivaasanka-Inspiron-1545 kernel: [    0.270315] pci 0000:00:1f.3: [8086:2930] type 00 class 0x0c0500
Sep 23 14:37:44 shrinivaasanka-Inspiron-1545 kernel: [    0.270340] pci 0000:00:1f.3: reg 0x10: [mem 0xf6afbf00-0xf6afbfff 64bit]
Sep 23 14:37:44 shrinivaasanka-Inspiron-1545 kernel: [    0.270374] pci 0000:00:1f.3: reg 0x20: [io  0x1100-0x111f]
Sep 23 14:37:44 shrinivaasanka-Inspiron-1545 kernel: [    0.270589] pci 0000:00:1c.0: PCI bridge to [bus 0b]
Sep 23 14:37:44 shrinivaasanka-Inspiron-1545 kernel: [    0.270933] pci 0000:0c:00.0: [14e4:4315] type 00 class 0x028000
Sep 23 14:37:44 shrinivaasanka-Inspiron-1545 kernel: [    0.271015] pci 0000:0c:00.0: reg 0x10: [mem 0xf69fc000-0xf69fffff 64bit]
Sep 23 14:37:44 shrinivaasanka-Inspiron-1545 kernel: [    0.271409] pci 0000:0c:00.0: supports D1 D2
Sep 23 14:37:44 shrinivaasanka-Inspiron-1545 kernel: [    0.271412] pci 0000:0c:00.0: PME# supported from D0 D3hot D3cold
Sep 23 14:37:44 shrinivaasanka-Inspiron-1545 kernel: [    0.271819] pci 0000:00:1c.1: PCI bridge to [bus 0c]
Sep 23 14:37:44 shrinivaasanka-Inspiron-1545 kernel: [    0.271828] pci 0000:00:1c.1:   bridge window [mem 0xf6900000-0xf69fffff]
Sep 23 14:37:44 shrinivaasanka-Inspiron-1545 kernel: [    0.272004] pci 0000:09:00.0: [11ab:4354] type 00 class 0x020000
Sep 23 14:37:44 shrinivaasanka-Inspiron-1545 kernel: [    0.272044] pci 0000:09:00.0: reg 0x10: [mem 0xf68fc000-0xf68fffff 64bit]
Sep 23 14:37:44 shrinivaasanka-Inspiron-1545 kernel: [    0.272064] pci 0000:09:00.0: reg 0x18: [io  0xde00-0xdeff]
Sep 23 14:37:44 shrinivaasanka-Inspiron-1545 kernel: [    0.272215] pci 0000:09:00.0: supports D1 D2
Sep 23 14:37:44 shrinivaasanka-Inspiron-1545 kernel: [    0.272218] pci 0000:09:00.0: PME# supported from D0 D1 D2 D3hot D3cold
Sep 23 14:37:44 shrinivaasanka-Inspiron-1545 kernel: [    0.280026] pci 0000:00:1c.2: PCI bridge to [bus 09]
Sep 23 14:37:44 shrinivaasanka-Inspiron-1545 kernel: [    0.280032] pci 0000:00:1c.2:   bridge window [io  0xd000-0xdfff]
Sep 23 14:37:44 shrinivaasanka-Inspiron-1545 kernel: [    0.280038] pci 0000:00:1c.2:   bridge window [mem 0xf6800000-0xf68fffff]
Sep 23 14:37:44 shrinivaasanka-Inspiron-1545 kernel: [    0.280150] acpiphp: Slot [1] registered
Sep 23 14:37:44 shrinivaasanka-Inspiron-1545 kernel: [    0.280158] pci 0000:00:1c.4: PCI bridge to [bus 0d-0e]
Sep 23 14:37:44 shrinivaasanka-Inspiron-1545 kernel: [    0.280164] pci 0000:00:1c.4:   bridge window [io  0xc000-0xcfff]
Sep 23 14:37:44 shrinivaasanka-Inspiron-1545 kernel: [    0.280169] pci 0000:00:1c.4:   bridge window [mem 0xf6600000-0xf67fffff]
Sep 23 14:37:44 shrinivaasanka-Inspiron-1545 kernel: [    0.280178] pci 0000:00:1c.4:   bridge window [mem 0xf0000000-0xf01fffff 64bit pref]
Sep 23 14:37:44 shrinivaasanka-Inspiron-1545 kernel: [    0.280314] pci 0000:00:1e.0: PCI bridge to [bus 03] (subtractive decode)
Sep 23 14:37:44 shrinivaasanka-Inspiron-1545 kernel: [    0.280329] pci 0000:00:1e.0:   bridge window [io  0x0000-0x0cf7 window] (subtractive decode)
Sep 23 14:37:44 shrinivaasanka-Inspiron-1545 kernel: [    0.280332] pci 0000:00:1e.0:   bridge window [io  0x0d00-0xffff window] (subtractive decode)
Sep 23 14:37:44 shrinivaasanka-Inspiron-1545 kernel: [    0.280335] pci 0000:00:1e.0:   bridge window [mem 0x000a0000-0x000bffff window] (subtractive decode)
Sep 23 14:37:44 shrinivaasanka-Inspiron-1545 kernel: [    0.280338] pci 0000:00:1e.0:   bridge window [mem 0x000d0000-0x000dffff window] (subtractive decode)
Sep 23 14:37:44 shrinivaasanka-Inspiron-1545 kernel: [    0.280341] pci 0000:00:1e.0:   bridge window [mem 0xc0000000-0xf7ffffff window] (subtractive decode)
Sep 23 14:37:44 shrinivaasanka-Inspiron-1545 kernel: [    0.280343] pci 0000:00:1e.0:   bridge window [mem 0xfc000000-0xfebfffff window] (subtractive decode)
Sep 23 14:37:44 shrinivaasanka-Inspiron-1545 kernel: [    0.280346] pci 0000:00:1e.0:   bridge window [mem 0xfec10000-0xfecfffff window] (subtractive decode)
Sep 23 14:37:44 shrinivaasanka-Inspiron-1545 kernel: [    0.280349] pci 0000:00:1e.0:   bridge window [mem 0xfed1c000-0xfed1ffff window] (subtractive decode)
Sep 23 14:37:44 shrinivaasanka-Inspiron-1545 kernel: [    0.280352] pci 0000:00:1e.0:   bridge window [mem 0xfed90000-0xfed9ffff window] (subtractive decode)
Sep 23 14:37:44 shrinivaasanka-Inspiron-1545 kernel: [    0.280354] pci 0000:00:1e.0:   bridge window [mem 0xfeda7000-0xfedfffff window] (subtractive decode)
Sep 23 14:37:44 shrinivaasanka-Inspiron-1545 kernel: [    0.280357] pci 0000:00:1e.0:   bridge window [mem 0xfee10000-0xff9fffff window] (subtractive decode)
Sep 23 14:37:44 shrinivaasanka-Inspiron-1545 kernel: [    0.280360] pci 0000:00:1e.0:   bridge window [mem 0xffc00000-0xffdfffff window] (subtractive decode)
Sep 23 14:37:44 shrinivaasanka-Inspiron-1545 kernel: [    0.280600] pci_bus 0000:00: on NUMA node 0
Sep 23 14:37:44 shrinivaasanka-Inspiron-1545 kernel: [    0.281083] ACPI: PCI Interrupt Link [LNKA] (IRQs *10 11)
Sep 23 14:37:44 shrinivaasanka-Inspiron-1545 kernel: [    0.281186] ACPI: PCI Interrupt Link [LNKB] (IRQs 5 7) *4
Sep 23 14:37:44 shrinivaasanka-Inspiron-1545 kernel: [    0.281287] ACPI: PCI Interrupt Link [LNKC] (IRQs *10 11)
Sep 23 14:37:44 shrinivaasanka-Inspiron-1545 kernel: [    0.281374] ACPI: PCI Interrupt Link [LNKD] (IRQs 5 7 10 11) *0, disabled.
Sep 23 14:37:44 shrinivaasanka-Inspiron-1545 kernel: [    0.281476] ACPI: PCI Interrupt Link [LNKE] (IRQs 3 4 5 6 7 10 *11 12 14 15)
Sep 23 14:37:44 shrinivaasanka-Inspiron-1545 kernel: [    0.281580] ACPI: PCI Interrupt Link [LNKF] (IRQs 3 4 5 6 *7 10 11 12 14 15)
Sep 23 14:37:44 shrinivaasanka-Inspiron-1545 kernel: [    0.281684] ACPI: PCI Interrupt Link [LNKG] (IRQs 3 4 *5 6 7 10 11 12 14 15)
Sep 23 14:37:44 shrinivaasanka-Inspiron-1545 kernel: [    0.281774] ACPI: PCI Interrupt Link [LNKH] (IRQs 3 4 5 6 7 10 11 12 14 15) *0, disabled.
Sep 23 14:37:44 shrinivaasanka-Inspiron-1545 kernel: [    0.282099] ACPI: Enabled 4 GPEs in block 00 to 3F
Sep 23 14:37:44 shrinivaasanka-Inspiron-1545 kernel: [    0.282234] vgaarb: setting as boot device: PCI:0000:00:02.0
Sep 23 14:37:44 shrinivaasanka-Inspiron-1545 kernel: [    0.282234] vgaarb: device added: PCI:0000:00:02.0,decodes=io+mem,owns=io+mem,locks=none
Sep 23 14:37:44 shrinivaasanka-Inspiron-1545 kernel: [    0.282234] vgaarb: loaded
Sep 23 14:37:44 shrinivaasanka-Inspiron-1545 kernel: [    0.282234] vgaarb: bridge control possible 0000:00:02.0
Sep 23 14:37:44 shrinivaasanka-Inspiron-1545 kernel: [    0.282234] SCSI subsystem initialized
Sep 23 14:37:44 shrinivaasanka-Inspiron-1545 kernel: [    0.282234] libata version 3.00 loaded.
Sep 23 14:37:44 shrinivaasanka-Inspiron-1545 kernel: [    0.282234] ACPI: bus type USB registered
Sep 23 14:37:44 shrinivaasanka-Inspiron-1545 kernel: [    0.282234] usbcore: registered new interface driver usbfs
Sep 23 14:37:44 shrinivaasanka-Inspiron-1545 kernel: [    0.282234] usbcore: registered new interface driver hub
Sep 23 14:37:44 shrinivaasanka-Inspiron-1545 kernel: [    0.282234] usbcore: registered new device driver usb
Sep 23 14:37:44 shrinivaasanka-Inspiron-1545 kernel: [    0.282234] PCI: Using ACPI for IRQ routing
Sep 23 14:37:44 shrinivaasanka-Inspiron-1545 kernel: [    0.285633] PCI: pci_cache_line_size set to 64 bytes
Sep 23 14:37:44 shrinivaasanka-Inspiron-1545 kernel: [    0.286098] e820: reserve RAM buffer [mem 0x0009f000-0x0009ffff]
Sep 23 14:37:44 shrinivaasanka-Inspiron-1545 kernel: [    0.286100] e820: reserve RAM buffer [mem 0xbd8bf400-0xbfffffff]
Sep 23 14:37:44 shrinivaasanka-Inspiron-1545 kernel: [    0.286268] NetLabel: Initializing
Sep 23 14:37:44 shrinivaasanka-Inspiron-1545 kernel: [    0.286270] NetLabel:  domain hash size = 128
Sep 23 14:37:44 shrinivaasanka-Inspiron-1545 kernel: [    0.286272] NetLabel:  protocols = UNLABELED CIPSOv4
Sep 23 14:37:44 shrinivaasanka-Inspiron-1545 kernel: [    0.286288] NetLabel:  unlabeled traffic allowed by default
Sep 23 14:37:44 shrinivaasanka-Inspiron-1545 kernel: [    0.286323] HPET: 4 timers in total, 0 timers will be used for per-cpu timer
Sep 23 14:37:44 shrinivaasanka-Inspiron-1545 kernel: [    0.286323] hpet0: at MMIO 0xfed00000, IRQs 2, 8, 0, 0
Sep 23 14:37:44 shrinivaasanka-Inspiron-1545 kernel: [    0.286323] hpet0: 4 comparators, 64-bit 14.318180 MHz counter
Sep 23 14:37:44 shrinivaasanka-Inspiron-1545 kernel: [    0.288045] Switched to clocksource hpet
Sep 23 14:37:44 shrinivaasanka-Inspiron-1545 kernel: [    0.299692] AppArmor: AppArmor Filesystem Enabled
Sep 23 14:37:44 shrinivaasanka-Inspiron-1545 kernel: [    0.299808] pnp: PnP ACPI init
Sep 23 14:37:44 shrinivaasanka-Inspiron-1545 kernel: [    0.299941] system 00:00: [mem 0xff800000-0xff8fffff] has been reserved
Sep 23 14:37:44 shrinivaasanka-Inspiron-1545 kernel: [    0.299945] system 00:00: [mem 0xffc00000-0xffcfffff] has been reserved
Sep 23 14:37:44 shrinivaasanka-Inspiron-1545 kernel: [    0.299950] system 00:00: Plug and Play ACPI device, IDs PNP0c02 (active)
Sep 23 14:37:44 shrinivaasanka-Inspiron-1545 kernel: [    0.300050] pnp 00:01: Plug and Play ACPI device, IDs PNP0f13 (active)
Sep 23 14:37:44 shrinivaasanka-Inspiron-1545 kernel: [    0.300105] pnp 00:02: Plug and Play ACPI device, IDs PNP0303 (active)
Sep 23 14:37:44 shrinivaasanka-Inspiron-1545 kernel: [    0.300163] pnp 00:03: Plug and Play ACPI device, IDs PNP0b00 (active)
Sep 23 14:37:44 shrinivaasanka-Inspiron-1545 kernel: [    0.300227] system 00:04: Plug and Play ACPI device, IDs PNP0c01 (active)
Sep 23 14:37:44 shrinivaasanka-Inspiron-1545 kernel: [    0.300324] system 00:05: [mem 0xfed00000-0xfed003ff] has been reserved
Sep 23 14:37:44 shrinivaasanka-Inspiron-1545 kernel: [    0.300329] system 00:05: Plug and Play ACPI device, IDs PNP0103 PNP0c01 (active)
Sep 23 14:37:44 shrinivaasanka-Inspiron-1545 kernel: [    0.300535] system 00:06: [io  0x0900-0x097f] has been reserved
Sep 23 14:37:44 shrinivaasanka-Inspiron-1545 kernel: [    0.300539] system 00:06: [io  0x04d0-0x04d1] has been reserved
Sep 23 14:37:44 shrinivaasanka-Inspiron-1545 kernel: [    0.300542] system 00:06: [io  0x1000-0x1005] has been reserved
Sep 23 14:37:44 shrinivaasanka-Inspiron-1545 kernel: [    0.300545] system 00:06: [io  0x1008-0x100f] has been reserved
Sep 23 14:37:44 shrinivaasanka-Inspiron-1545 kernel: [    0.300549] system 00:06: Plug and Play ACPI device, IDs PNP0c01 (active)
Sep 23 14:37:44 shrinivaasanka-Inspiron-1545 kernel: [    0.300618] system 00:07: [io  0xf400-0xf4fe] has been reserved
Sep 23 14:37:44 shrinivaasanka-Inspiron-1545 kernel: [    0.300621] system 00:07: [io  0x1006-0x1007] has been reserved
Sep 23 14:37:44 shrinivaasanka-Inspiron-1545 kernel: [    0.300624] system 00:07: [io  0x100a-0x1059] could not be reserved
Sep 23 14:37:44 shrinivaasanka-Inspiron-1545 kernel: [    0.300627] system 00:07: [io  0x1060-0x107f] has been reserved
Sep 23 14:37:44 shrinivaasanka-Inspiron-1545 kernel: [    0.300630] system 00:07: [io  0x1080-0x10bf] has been reserved
Sep 23 14:37:44 shrinivaasanka-Inspiron-1545 kernel: [    0.300636] system 00:07: [io  0x1100-0x111f] has been reserved
Sep 23 14:37:44 shrinivaasanka-Inspiron-1545 kernel: [    0.300639] system 00:07: [io  0x1010-0x102f] could not be reserved
Sep 23 14:37:44 shrinivaasanka-Inspiron-1545 kernel: [    0.300642] system 00:07: [io  0x0809] has been reserved
Sep 23 14:37:44 shrinivaasanka-Inspiron-1545 kernel: [    0.300646] system 00:07: Plug and Play ACPI device, IDs PNP0c01 (active)
Sep 23 14:37:44 shrinivaasanka-Inspiron-1545 kernel: [    0.318920] system 00:08: [mem 0x00000000-0x0009efff] could not be reserved
Sep 23 14:37:44 shrinivaasanka-Inspiron-1545 kernel: [    0.318924] system 00:08: [mem 0x0009f000-0x0009ffff] could not be reserved
Sep 23 14:37:44 shrinivaasanka-Inspiron-1545 kernel: [    0.318927] system 00:08: [mem 0x000c0000-0x000cffff] could not be reserved
Sep 23 14:37:44 shrinivaasanka-Inspiron-1545 kernel: [    0.318930] system 00:08: [mem 0x000e0000-0x000fffff] could not be reserved
Sep 23 14:37:44 shrinivaasanka-Inspiron-1545 kernel: [    0.318934] system 00:08: [mem 0x00100000-0xbd8bf3ff] could not be reserved
Sep 23 14:37:44 shrinivaasanka-Inspiron-1545 kernel: [    0.318937] system 00:08: [mem 0xbd8bf400-0xbdafffff] could not be reserved
Sep 23 14:37:44 shrinivaasanka-Inspiron-1545 kernel: [    0.318940] system 00:08: [mem 0xbdb00000-0xbdbfffff] has been reserved
Sep 23 14:37:44 shrinivaasanka-Inspiron-1545 kernel: [    0.318944] system 00:08: [mem 0xffe00000-0xffffffff] has been reserved
Sep 23 14:37:44 shrinivaasanka-Inspiron-1545 kernel: [    0.318947] system 00:08: [mem 0xffa00000-0xffbfffff] has been reserved
Sep 23 14:37:44 shrinivaasanka-Inspiron-1545 kernel: [    0.318950] system 00:08: [mem 0xfec00000-0xfec0ffff] could not be reserved
Sep 23 14:37:44 shrinivaasanka-Inspiron-1545 kernel: [    0.318954] system 00:08: [mem 0xfee00000-0xfee0ffff] has been reserved
Sep 23 14:37:44 shrinivaasanka-Inspiron-1545 kernel: [    0.318957] system 00:08: [mem 0xfed20000-0xfed8ffff] has been reserved
Sep 23 14:37:44 shrinivaasanka-Inspiron-1545 kernel: [    0.318960] system 00:08: [mem 0xfeda0000-0xfeda3fff] has been reserved
Sep 23 14:37:44 shrinivaasanka-Inspiron-1545 kernel: [    0.318964] system 00:08: [mem 0xfeda4000-0xfeda4fff] has been reserved
Sep 23 14:37:44 shrinivaasanka-Inspiron-1545 kernel: [    0.318967] system 00:08: [mem 0xfeda5000-0xfeda5fff] has been reserved
Sep 23 14:37:44 shrinivaasanka-Inspiron-1545 kernel: [    0.318970] system 00:08: [mem 0xfeda6000-0xfeda6fff] has been reserved
Sep 23 14:37:44 shrinivaasanka-Inspiron-1545 kernel: [    0.318974] system 00:08: [mem 0xfed1c800-0xfed1cfff] has been reserved
Sep 23 14:37:44 shrinivaasanka-Inspiron-1545 kernel: [    0.318977] system 00:08: [mem 0xfed18000-0xfed1bfff] has been reserved
Sep 23 14:37:44 shrinivaasanka-Inspiron-1545 kernel: [    0.318980] system 00:08: [mem 0xf8000000-0xfbffffff] has been reserved
Sep 23 14:37:44 shrinivaasanka-Inspiron-1545 kernel: [    0.318985] system 00:08: Plug and Play ACPI device, IDs PNP0c01 (active)
Sep 23 14:37:44 shrinivaasanka-Inspiron-1545 kernel: [    0.319025] pnp: PnP ACPI: found 9 devices
Sep 23 14:37:44 shrinivaasanka-Inspiron-1545 kernel: [    0.319031] PnPBIOS: Disabled by ACPI PNP
Sep 23 14:37:44 shrinivaasanka-Inspiron-1545 kernel: [    0.356842] clocksource acpi_pm: mask: 0xffffff max_cycles: 0xffffff, max_idle_ns: 2085701024 ns
Sep 23 14:37:44 shrinivaasanka-Inspiron-1545 kernel: [    0.356865] pci 0000:00:1c.0: bridge window [io  0x1000-0x0fff] to [bus 0b] add_size 1000
Sep 23 14:37:44 shrinivaasanka-Inspiron-1545 kernel: [    0.356871] pci 0000:00:1c.0: bridge window [mem 0x00100000-0x000fffff 64bit pref] to [bus 0b] add_size 200000 add_align 100000
Sep 23 14:37:44 shrinivaasanka-Inspiron-1545 kernel: [    0.356875] pci 0000:00:1c.0: bridge window [mem 0x00100000-0x000fffff] to [bus 0b] add_size 200000 add_align 100000
Sep 23 14:37:44 shrinivaasanka-Inspiron-1545 kernel: [    0.356887] pci 0000:00:1c.1: bridge window [io  0x1000-0x0fff] to [bus 0c] add_size 1000
Sep 23 14:37:44 shrinivaasanka-Inspiron-1545 kernel: [    0.356891] pci 0000:00:1c.1: bridge window [mem 0x00100000-0x000fffff 64bit pref] to [bus 0c] add_size 200000 add_align 100000
Sep 23 14:37:44 shrinivaasanka-Inspiron-1545 kernel: [    0.356904] pci 0000:00:1c.2: bridge window [mem 0x00100000-0x000fffff 64bit pref] to [bus 09] add_size 200000 add_align 100000
Sep 23 14:37:44 shrinivaasanka-Inspiron-1545 kernel: [    0.356931] pci 0000:00:1c.0: res[14]=[mem 0x00100000-0x000fffff] res_to_dev_res add_size 200000 min_align 100000
Sep 23 14:37:44 shrinivaasanka-Inspiron-1545 kernel: [    0.356934] pci 0000:00:1c.0: res[14]=[mem 0x00100000-0x002fffff] res_to_dev_res add_size 200000 min_align 100000
Sep 23 14:37:44 shrinivaasanka-Inspiron-1545 kernel: [    0.356937] pci 0000:00:1c.0: res[15]=[mem 0x00100000-0x000fffff 64bit pref] res_to_dev_res add_size 200000 min_align 100000
Sep 23 14:37:44 shrinivaasanka-Inspiron-1545 kernel: [    0.356940] pci 0000:00:1c.0: res[15]=[mem 0x00100000-0x002fffff 64bit pref] res_to_dev_res add_size 200000 min_align 100000
Sep 23 14:37:44 shrinivaasanka-Inspiron-1545 kernel: [    0.356944] pci 0000:00:1c.1: res[15]=[mem 0x00100000-0x000fffff 64bit pref] res_to_dev_res add_size 200000 min_align 100000
Sep 23 14:37:44 shrinivaasanka-Inspiron-1545 kernel: [    0.356947] pci 0000:00:1c.1: res[15]=[mem 0x00100000-0x002fffff 64bit pref] res_to_dev_res add_size 200000 min_align 100000
Sep 23 14:37:44 shrinivaasanka-Inspiron-1545 kernel: [    0.356950] pci 0000:00:1c.2: res[15]=[mem 0x00100000-0x000fffff 64bit pref] res_to_dev_res add_size 200000 min_align 100000
Sep 23 14:37:44 shrinivaasanka-Inspiron-1545 kernel: [    0.356953] pci 0000:00:1c.2: res[15]=[mem 0x00100000-0x002fffff 64bit pref] res_to_dev_res add_size 200000 min_align 100000
Sep 23 14:37:44 shrinivaasanka-Inspiron-1545 kernel: [    0.356956] pci 0000:00:1c.0: res[13]=[io  0x1000-0x0fff] res_to_dev_res add_size 1000 min_align 1000
Sep 23 14:37:44 shrinivaasanka-Inspiron-1545 kernel: [    0.356959] pci 0000:00:1c.0: res[13]=[io  0x1000-0x1fff] res_to_dev_res add_size 1000 min_align 1000
Sep 23 14:37:44 shrinivaasanka-Inspiron-1545 kernel: [    0.356962] pci 0000:00:1c.1: res[13]=[io  0x1000-0x0fff] res_to_dev_res add_size 1000 min_align 1000
Sep 23 14:37:44 shrinivaasanka-Inspiron-1545 kernel: [    0.356965] pci 0000:00:1c.1: res[13]=[io  0x1000-0x1fff] res_to_dev_res add_size 1000 min_align 1000
Sep 23 14:37:44 shrinivaasanka-Inspiron-1545 kernel: [    0.356973] pci 0000:00:1c.0: BAR 14: assigned [mem 0xc0000000-0xc01fffff]
Sep 23 14:37:44 shrinivaasanka-Inspiron-1545 kernel: [    0.356983] pci 0000:00:1c.0: BAR 15: assigned [mem 0xc0200000-0xc03fffff 64bit pref]
Sep 23 14:37:44 shrinivaasanka-Inspiron-1545 kernel: [    0.356993] pci 0000:00:1c.1: BAR 15: assigned [mem 0xc0400000-0xc05fffff 64bit pref]
Sep 23 14:37:44 shrinivaasanka-Inspiron-1545 kernel: [    0.357003] pci 0000:00:1c.2: BAR 15: assigned [mem 0xc0600000-0xc07fffff 64bit pref]
Sep 23 14:37:44 shrinivaasanka-Inspiron-1545 kernel: [    0.357007] pci 0000:00:1c.0: BAR 13: assigned [io  0x2000-0x2fff]
Sep 23 14:37:44 shrinivaasanka-Inspiron-1545 kernel: [    0.357011] pci 0000:00:1c.1: BAR 13: assigned [io  0x3000-0x3fff]
Sep 23 14:37:44 shrinivaasanka-Inspiron-1545 kernel: [    0.357015] pci 0000:00:1c.0: PCI bridge to [bus 0b]
Sep 23 14:37:44 shrinivaasanka-Inspiron-1545 kernel: [    0.357019] pci 0000:00:1c.0:   bridge window [io  0x2000-0x2fff]
Sep 23 14:37:44 shrinivaasanka-Inspiron-1545 kernel: [    0.357026] pci 0000:00:1c.0:   bridge window [mem 0xc0000000-0xc01fffff]
Sep 23 14:37:44 shrinivaasanka-Inspiron-1545 kernel: [    0.357032] pci 0000:00:1c.0:   bridge window [mem 0xc0200000-0xc03fffff 64bit pref]
Sep 23 14:37:44 shrinivaasanka-Inspiron-1545 kernel: [    0.357040] pci 0000:00:1c.1: PCI bridge to [bus 0c]
Sep 23 14:37:44 shrinivaasanka-Inspiron-1545 kernel: [    0.357044] pci 0000:00:1c.1:   bridge window [io  0x3000-0x3fff]
Sep 23 14:37:44 shrinivaasanka-Inspiron-1545 kernel: [    0.357051] pci 0000:00:1c.1:   bridge window [mem 0xf6900000-0xf69fffff]
Sep 23 14:37:44 shrinivaasanka-Inspiron-1545 kernel: [    0.357057] pci 0000:00:1c.1:   bridge window [mem 0xc0400000-0xc05fffff 64bit pref]
Sep 23 14:37:44 shrinivaasanka-Inspiron-1545 kernel: [    0.357066] pci 0000:00:1c.2: PCI bridge to [bus 09]
Sep 23 14:37:44 shrinivaasanka-Inspiron-1545 kernel: [    0.357069] pci 0000:00:1c.2:   bridge window [io  0xd000-0xdfff]
Sep 23 14:37:44 shrinivaasanka-Inspiron-1545 kernel: [    0.357076] pci 0000:00:1c.2:   bridge window [mem 0xf6800000-0xf68fffff]
Sep 23 14:37:44 shrinivaasanka-Inspiron-1545 kernel: [    0.357082] pci 0000:00:1c.2:   bridge window [mem 0xc0600000-0xc07fffff 64bit pref]
Sep 23 14:37:44 shrinivaasanka-Inspiron-1545 kernel: [    0.357090] pci 0000:00:1c.4: PCI bridge to [bus 0d-0e]
Sep 23 14:37:44 shrinivaasanka-Inspiron-1545 kernel: [    0.357094] pci 0000:00:1c.4:   bridge window [io  0xc000-0xcfff]
Sep 23 14:37:44 shrinivaasanka-Inspiron-1545 kernel: [    0.357101] pci 0000:00:1c.4:   bridge window [mem 0xf6600000-0xf67fffff]
Sep 23 14:37:44 shrinivaasanka-Inspiron-1545 kernel: [    0.357107] pci 0000:00:1c.4:   bridge window [mem 0xf0000000-0xf01fffff 64bit pref]
Sep 23 14:37:44 shrinivaasanka-Inspiron-1545 kernel: [    0.357116] pci 0000:00:1e.0: PCI bridge to [bus 03]
Sep 23 14:37:44 shrinivaasanka-Inspiron-1545 kernel: [    0.357132] pci_bus 0000:00: resource 4 [io  0x0000-0x0cf7 window]
Sep 23 14:37:44 shrinivaasanka-Inspiron-1545 kernel: [    0.357135] pci_bus 0000:00: resource 5 [io  0x0d00-0xffff window]
Sep 23 14:37:44 shrinivaasanka-Inspiron-1545 kernel: [    0.357138] pci_bus 0000:00: resource 6 [mem 0x000a0000-0x000bffff window]
Sep 23 14:37:44 shrinivaasanka-Inspiron-1545 kernel: [    0.357140] pci_bus 0000:00: resource 7 [mem 0x000d0000-0x000dffff window]
Sep 23 14:37:44 shrinivaasanka-Inspiron-1545 kernel: [    0.357143] pci_bus 0000:00: resource 8 [mem 0xc0000000-0xf7ffffff window]
Sep 23 14:37:44 shrinivaasanka-Inspiron-1545 kernel: [    0.357146] pci_bus 0000:00: resource 9 [mem 0xfc000000-0xfebfffff window]
Sep 23 14:37:44 shrinivaasanka-Inspiron-1545 kernel: [    0.357148] pci_bus 0000:00: resource 10 [mem 0xfec10000-0xfecfffff window]
Sep 23 14:37:44 shrinivaasanka-Inspiron-1545 kernel: [    0.357151] pci_bus 0000:00: resource 11 [mem 0xfed1c000-0xfed1ffff window]
Sep 23 14:37:44 shrinivaasanka-Inspiron-1545 kernel: [    0.357154] pci_bus 0000:00: resource 12 [mem 0xfed90000-0xfed9ffff window]
Sep 23 14:37:44 shrinivaasanka-Inspiron-1545 kernel: [    0.357156] pci_bus 0000:00: resource 13 [mem 0xfeda7000-0xfedfffff window]
Sep 23 14:37:44 shrinivaasanka-Inspiron-1545 kernel: [    0.357159] pci_bus 0000:00: resource 14 [mem 0xfee10000-0xff9fffff window]
Sep 23 14:37:44 shrinivaasanka-Inspiron-1545 kernel: [    0.357162] pci_bus 0000:00: resource 15 [mem 0xffc00000-0xffdfffff window]
Sep 23 14:37:44 shrinivaasanka-Inspiron-1545 kernel: [    0.357165] pci_bus 0000:0b: resource 0 [io  0x2000-0x2fff]
Sep 23 14:37:44 shrinivaasanka-Inspiron-1545 kernel: [    0.357167] pci_bus 0000:0b: resource 1 [mem 0xc0000000-0xc01fffff]
Sep 23 14:37:44 shrinivaasanka-Inspiron-1545 kernel: [    0.357170] pci_bus 0000:0b: resource 2 [mem 0xc0200000-0xc03fffff 64bit pref]
Sep 23 14:37:44 shrinivaasanka-Inspiron-1545 kernel: [    0.357173] pci_bus 0000:0c: resource 0 [io  0x3000-0x3fff]
Sep 23 14:37:44 shrinivaasanka-Inspiron-1545 kernel: [    0.357175] pci_bus 0000:0c: resource 1 [mem 0xf6900000-0xf69fffff]
Sep 23 14:37:44 shrinivaasanka-Inspiron-1545 kernel: [    0.357178] pci_bus 0000:0c: resource 2 [mem 0xc0400000-0xc05fffff 64bit pref]
Sep 23 14:37:44 shrinivaasanka-Inspiron-1545 kernel: [    0.357181] pci_bus 0000:09: resource 0 [io  0xd000-0xdfff]
Sep 23 14:37:44 shrinivaasanka-Inspiron-1545 kernel: [    0.357183] pci_bus 0000:09: resource 1 [mem 0xf6800000-0xf68fffff]
Sep 23 14:37:44 shrinivaasanka-Inspiron-1545 kernel: [    0.357186] pci_bus 0000:09: resource 2 [mem 0xc0600000-0xc07fffff 64bit pref]
Sep 23 14:37:44 shrinivaasanka-Inspiron-1545 kernel: [    0.357189] pci_bus 0000:0d: resource 0 [io  0xc000-0xcfff]
Sep 23 14:37:44 shrinivaasanka-Inspiron-1545 kernel: [    0.357192] pci_bus 0000:0d: resource 1 [mem 0xf6600000-0xf67fffff]
Sep 23 14:37:44 shrinivaasanka-Inspiron-1545 kernel: [    0.357195] pci_bus 0000:0d: resource 2 [mem 0xf0000000-0xf01fffff 64bit pref]
Sep 23 14:37:44 shrinivaasanka-Inspiron-1545 kernel: [    0.357198] pci_bus 0000:03: resource 4 [io  0x0000-0x0cf7 window]
Sep 23 14:37:44 shrinivaasanka-Inspiron-1545 kernel: [    0.357200] pci_bus 0000:03: resource 5 [io  0x0d00-0xffff window]
Sep 23 14:37:44 shrinivaasanka-Inspiron-1545 kernel: [    0.357203] pci_bus 0000:03: resource 6 [mem 0x000a0000-0x000bffff window]
Sep 23 14:37:44 shrinivaasanka-Inspiron-1545 kernel: [    0.357206] pci_bus 0000:03: resource 7 [mem 0x000d0000-0x000dffff window]
Sep 23 14:37:44 shrinivaasanka-Inspiron-1545 kernel: [    0.357208] pci_bus 0000:03: resource 8 [mem 0xc0000000-0xf7ffffff window]
Sep 23 14:37:44 shrinivaasanka-Inspiron-1545 kernel: [    0.357211] pci_bus 0000:03: resource 9 [mem 0xfc000000-0xfebfffff window]
Sep 23 14:37:44 shrinivaasanka-Inspiron-1545 kernel: [    0.357214] pci_bus 0000:03: resource 10 [mem 0xfec10000-0xfecfffff window]
Sep 23 14:37:44 shrinivaasanka-Inspiron-1545 kernel: [    0.357216] pci_bus 0000:03: resource 11 [mem 0xfed1c000-0xfed1ffff window]
Sep 23 14:37:44 shrinivaasanka-Inspiron-1545 kernel: [    0.357219] pci_bus 0000:03: resource 12 [mem 0xfed90000-0xfed9ffff window]
Sep 23 14:37:44 shrinivaasanka-Inspiron-1545 kernel: [    0.357222] pci_bus 0000:03: resource 13 [mem 0xfeda7000-0xfedfffff window]
Sep 23 14:37:44 shrinivaasanka-Inspiron-1545 kernel: [    0.357224] pci_bus 0000:03: resource 14 [mem 0xfee10000-0xff9fffff window]
Sep 23 14:37:44 shrinivaasanka-Inspiron-1545 kernel: [    0.357227] pci_bus 0000:03: resource 15 [mem 0xffc00000-0xffdfffff window]
Sep 23 14:37:44 shrinivaasanka-Inspiron-1545 kernel: [    0.357269] NET: Registered protocol family 2
Sep 23 14:37:44 shrinivaasanka-Inspiron-1545 kernel: [    0.357508] TCP established hash table entries: 8192 (order: 3, 32768 bytes)
Sep 23 14:37:44 shrinivaasanka-Inspiron-1545 kernel: [    0.357527] TCP bind hash table entries: 8192 (order: 4, 65536 bytes)
Sep 23 14:37:44 shrinivaasanka-Inspiron-1545 kernel: [    0.357555] TCP: Hash tables configured (established 8192 bind 8192)
Sep 23 14:37:44 shrinivaasanka-Inspiron-1545 kernel: [    0.357587] UDP hash table entries: 512 (order: 2, 16384 bytes)
Sep 23 14:37:44 shrinivaasanka-Inspiron-1545 kernel: [    0.357596] UDP-Lite hash table entries: 512 (order: 2, 16384 bytes)
Sep 23 14:37:44 shrinivaasanka-Inspiron-1545 kernel: [    0.357646] NET: Registered protocol family 1
Sep 23 14:37:44 shrinivaasanka-Inspiron-1545 kernel: [    0.357666] pci 0000:00:02.0: Video device with shadowed ROM
Sep 23 14:37:44 shrinivaasanka-Inspiron-1545 kernel: [    0.361020] PCI: CLS 64 bytes, default 64
Sep 23 14:37:44 shrinivaasanka-Inspiron-1545 kernel: [    0.361084] Trying to unpack rootfs image as initramfs...
Sep 23 14:37:44 shrinivaasanka-Inspiron-1545 kernel: [    0.841964] Freeing initrd memory: 19808K (f5940000 - f6c98000)
Sep 23 14:37:44 shrinivaasanka-Inspiron-1545 kernel: [    0.842252] microcode: CPU0 sig=0x1067a, pf=0x80, revision=0xa0b
Sep 23 14:37:44 shrinivaasanka-Inspiron-1545 kernel: [    0.842264] microcode: CPU1 sig=0x1067a, pf=0x80, revision=0xa0b
Sep 23 14:37:44 shrinivaasanka-Inspiron-1545 kernel: [    0.842380] microcode: Microcode Update Driver: v2.00 <tigran@aivazian.fsnet.co.uk>, Peter Oruba
Sep 23 14:37:44 shrinivaasanka-Inspiron-1545 kernel: [    0.842423] Scanning for low memory corruption every 60 seconds
Sep 23 14:37:44 shrinivaasanka-Inspiron-1545 kernel: [    0.842828] futex hash table entries: 512 (order: 3, 32768 bytes)
Sep 23 14:37:44 shrinivaasanka-Inspiron-1545 kernel: [    0.842857] Initialise system trusted keyring
Sep 23 14:37:44 shrinivaasanka-Inspiron-1545 kernel: [    0.842889] audit: initializing netlink subsys (disabled)
Sep 23 14:37:44 shrinivaasanka-Inspiron-1545 kernel: [    0.842914] audit: type=2000 audit(1442999072.840:1): initialized
Sep 23 14:37:44 shrinivaasanka-Inspiron-1545 kernel: [    0.843318] HugeTLB registered 2 MB page size, pre-allocated 0 pages
Sep 23 14:37:44 shrinivaasanka-Inspiron-1545 kernel: [    0.846243] zpool: loaded
Sep 23 14:37:44 shrinivaasanka-Inspiron-1545 kernel: [    0.846246] zbud: loaded
Sep 23 14:37:44 shrinivaasanka-Inspiron-1545 kernel: [    0.846344] VFS: Disk quotas dquot_6.6.0
Sep 23 14:37:44 shrinivaasanka-Inspiron-1545 kernel: [    0.846404] VFS: Dquot-cache hash table entries: 1024 (order 0, 4096 bytes)
Sep 23 14:37:44 shrinivaasanka-Inspiron-1545 kernel: [    0.847111] fuse init (API version 7.23)
Sep 23 14:37:44 shrinivaasanka-Inspiron-1545 kernel: [    0.847341] Key type big_key registered
Sep 23 14:37:44 shrinivaasanka-Inspiron-1545 kernel: [    0.847837] Key type asymmetric registered
Sep 23 14:37:44 shrinivaasanka-Inspiron-1545 kernel: [    0.847840] Asymmetric key parser 'x509' registered
Sep 23 14:37:44 shrinivaasanka-Inspiron-1545 kernel: [    0.847862] bounce: pool size: 64 pages
Sep 23 14:37:44 shrinivaasanka-Inspiron-1545 kernel: [    0.847917] Block layer SCSI generic (bsg) driver version 0.4 loaded (major 251)
Sep 23 14:37:44 shrinivaasanka-Inspiron-1545 kernel: [    0.847963] io scheduler noop registered
Sep 23 14:37:44 shrinivaasanka-Inspiron-1545 kernel: [    0.847968] io scheduler deadline registered (default)
Sep 23 14:37:44 shrinivaasanka-Inspiron-1545 kernel: [    0.848036] io scheduler cfq registered
Sep 23 14:37:44 shrinivaasanka-Inspiron-1545 kernel: [    0.849467] pci_hotplug: PCI Hot Plug PCI Core version: 0.5
Sep 23 14:37:44 shrinivaasanka-Inspiron-1545 kernel: [    0.849493] pciehp: PCI Express Hot Plug Controller Driver version: 0.4
Sep 23 14:37:44 shrinivaasanka-Inspiron-1545 kernel: [    0.849548] vesafb: mode is 1024x768x32, linelength=4096, pages=0
Sep 23 14:37:44 shrinivaasanka-Inspiron-1545 kernel: [    0.849550] vesafb: scrolling: redraw
Sep 23 14:37:44 shrinivaasanka-Inspiron-1545 kernel: [    0.849552] vesafb: Truecolor: size=8:8:8:8, shift=24:16:8:0
Sep 23 14:37:44 shrinivaasanka-Inspiron-1545 kernel: [    0.849581] vesafb: framebuffer at 0xe0000000, mapped to 0xf8600000, using 3072k, total 3072k
Sep 23 14:37:44 shrinivaasanka-Inspiron-1545 kernel: [    0.873647] Console: switching to colour frame buffer device 128x48
Sep 23 14:37:44 shrinivaasanka-Inspiron-1545 kernel: [    0.897606] fb0: VESA VGA frame buffer device
Sep 23 14:37:44 shrinivaasanka-Inspiron-1545 kernel: [    0.897632] intel_idle: does not run on family 6 model 23
Sep 23 14:37:44 shrinivaasanka-Inspiron-1545 kernel: [    0.897742] ACPI: AC Adapter [AC] (on-line)
Sep 23 14:37:44 shrinivaasanka-Inspiron-1545 kernel: [    0.897845] input: Lid Switch as /devices/LNXSYSTM:00/LNXSYBUS:00/PNP0C0D:00/input/input0
Sep 23 14:37:44 shrinivaasanka-Inspiron-1545 kernel: [    0.899148] ACPI: Lid Switch [LID]
Sep 23 14:37:44 shrinivaasanka-Inspiron-1545 kernel: [    0.899215] input: Power Button as /devices/LNXSYSTM:00/LNXSYBUS:00/PNP0C0C:00/input/input1
Sep 23 14:37:44 shrinivaasanka-Inspiron-1545 kernel: [    0.899220] ACPI: Power Button [PBTN]
Sep 23 14:37:44 shrinivaasanka-Inspiron-1545 kernel: [    0.899282] input: Sleep Button as /devices/LNXSYSTM:00/LNXSYBUS:00/PNP0C0E:00/input/input2
Sep 23 14:37:44 shrinivaasanka-Inspiron-1545 kernel: [    0.899285] ACPI: Sleep Button [SBTN]
Sep 23 14:37:44 shrinivaasanka-Inspiron-1545 kernel: [    0.899419] Monitor-Mwait will be used to enter C-1 state
Sep 23 14:37:44 shrinivaasanka-Inspiron-1545 kernel: [    0.899426] Monitor-Mwait will be used to enter C-2 state
Sep 23 14:37:44 shrinivaasanka-Inspiron-1545 kernel: [    0.899430] Monitor-Mwait will be used to enter C-3 state
Sep 23 14:37:44 shrinivaasanka-Inspiron-1545 kernel: [    0.899434] tsc: Marking TSC unstable due to TSC halts in idle
Sep 23 14:37:44 shrinivaasanka-Inspiron-1545 kernel: [    0.899445] ACPI: acpi_idle registered with cpuidle
Sep 23 14:37:44 shrinivaasanka-Inspiron-1545 kernel: [    0.917112] thermal LNXTHERM:00: registered as thermal_zone0
Sep 23 14:37:44 shrinivaasanka-Inspiron-1545 kernel: [    0.917115] ACPI: Thermal Zone [THM] (59 C)
Sep 23 14:37:44 shrinivaasanka-Inspiron-1545 kernel: [    0.917160] GHES: HEST is not enabled!
Sep 23 14:37:44 shrinivaasanka-Inspiron-1545 kernel: [    0.917184] isapnp: Scanning for PnP cards...
Sep 23 14:37:44 shrinivaasanka-Inspiron-1545 kernel: [    0.964527] ACPI: Battery Slot [BAT0] (battery present)
Sep 23 14:37:44 shrinivaasanka-Inspiron-1545 kernel: [    1.247406] isapnp: No Plug & Play device found
Sep 23 14:37:44 shrinivaasanka-Inspiron-1545 kernel: [    1.247565] Serial: 8250/16550 driver, 32 ports, IRQ sharing enabled
Sep 23 14:37:44 shrinivaasanka-Inspiron-1545 kernel: [    1.250791] Linux agpgart interface v0.103
Sep 23 14:37:44 shrinivaasanka-Inspiron-1545 kernel: [    1.250922] agpgart-intel 0000:00:00.0: Intel GM45 Chipset
Sep 23 14:37:44 shrinivaasanka-Inspiron-1545 kernel: [    1.250944] agpgart-intel 0000:00:00.0: detected gtt size: 2097152K total, 262144K mappable
Sep 23 14:37:44 shrinivaasanka-Inspiron-1545 kernel: [    1.251558] agpgart-intel 0000:00:00.0: detected 32768K stolen memory
Sep 23 14:37:44 shrinivaasanka-Inspiron-1545 kernel: [    1.251744] agpgart-intel 0000:00:00.0: AGP aperture is 256M @ 0xe0000000
Sep 23 14:37:44 shrinivaasanka-Inspiron-1545 kernel: [    1.255540] brd: module loaded
Sep 23 14:37:44 shrinivaasanka-Inspiron-1545 kernel: [    1.257155] loop: module loaded
