Jan  2 15:57:13 shrinivaasanka-Inspiron-1545 kernel: [  828.672553] virgo_cloudexec_eventnet_service(): virgo eventnet client thread per request 
Jan  2 15:57:13 shrinivaasanka-Inspiron-1545 kernel: [  828.672678] virgo_cloudexec_eventnet_service(): virgo_fs_ops.virgo_create() 
Jan  2 15:57:13 shrinivaasanka-Inspiron-1545 kernel: [  828.672687] virgo_eventnet_client_thread(): virgo_eventnet_ops.virgo_eventnet_recvfrom()
Jan  2 15:57:13 shrinivaasanka-Inspiron-1545 kernel: [  828.672690] virgocloudexec_eventnet_recvfrom(): before kernel_recvmsg()
Jan  2 15:57:58 shrinivaasanka-Inspiron-1545 kernel: [  873.609902] virgocloudexec_eventnet_recvfrom(): kernel_recvmsg() returns len: 29
Jan  2 15:57:58 shrinivaasanka-Inspiron-1545 kernel: [  873.609911] strip_control_M(): str=eventnet_vertexmsg#1#15#16#
Jan  2 15:57:58 shrinivaasanka-Inspiron-1545 kernel: [  873.609911]  before strsep
Jan  2 15:57:58 shrinivaasanka-Inspiron-1545 kernel: [  873.609916] strip_control_M(): newstr=eventnet_vertexmsg#1#15#16# after carriage return newline strsep
Jan  2 15:57:58 shrinivaasanka-Inspiron-1545 kernel: [  873.609919] virgocloudexec_eventnet_recvfrom(): kernel_recvmsg() returns in recv: iov.iov_base=, buffer: eventnet_vertexmsg#1#15#16#
Jan  2 15:57:58 shrinivaasanka-Inspiron-1545 kernel: [  873.609919] 
Jan  2 15:57:58 shrinivaasanka-Inspiron-1545 kernel: [  873.609924] parse_virgoeventnet_command: vmargs->event_message_type: eventnet_vertexmsg
Jan  2 15:57:58 shrinivaasanka-Inspiron-1545 kernel: [  873.609928] parse_virgoeventnet_command: vmargs->event_id: 1
Jan  2 15:57:58 shrinivaasanka-Inspiron-1545 kernel: [  873.609931] parse_virgoeventnet_command: vmargs->eventid_args[0]: 15
Jan  2 15:57:58 shrinivaasanka-Inspiron-1545 kernel: [  873.609934] parse_virgoeventnet_command: vmargs->eventid_args[1]: 16
Jan  2 15:57:58 shrinivaasanka-Inspiron-1545 kernel: [  873.609937] eventnet_func(): creating kernel thread and waking up, parameterIsExecutable=2
Jan  2 15:57:58 shrinivaasanka-Inspiron-1545 kernel: [  873.609940] Creating Kernel Thread for eventnet_vertexmsg in virgo_cloud_eventnet_kernelspace eventnet driver module 
Jan  2 15:57:58 shrinivaasanka-Inspiron-1545 kernel: [  873.609968] virgo_cloud_eventnet_vertexmsg_kernelspace(): readbuf = 1 - 11,12 - (11,12)
Jan  2 15:57:58 shrinivaasanka-Inspiron-1545 kernel: [  873.609968] b
Jan  2 15:57:58 shrinivaasanka-Inspiron-1545 kernel: [  873.609973] virgo_cloud_eventnet_vertexmsg_kernelspace(): vmargs->event_id = 1, strsep_eventid = 1 
Jan  2 15:57:58 shrinivaasanka-Inspiron-1545 kernel: [  873.609976] virgo_parse_integer(): *s=1, res=0
Jan  2 15:57:58 shrinivaasanka-Inspiron-1545 kernel: [  873.609979] virgo_cloud_eventnet_vertexmsg_kernelspace(): x1=1
Jan  2 15:57:58 shrinivaasanka-Inspiron-1545 kernel: [  873.609985] virgo_parse_integer(): *s=1, res=0
Jan  2 15:57:58 shrinivaasanka-Inspiron-1545 kernel: [  873.609988] virgo_parse_integer(): *s= , res=1
Jan  2 15:57:58 shrinivaasanka-Inspiron-1545 kernel: [  873.609990] virgo_cloud_eventnet_vertexmsg_kernelspace(): x2=1
Jan  2 15:57:58 shrinivaasanka-Inspiron-1545 kernel: [  873.609994] virgo_cloud_eventnet_vertexmsg_kernelspace(): vertex exists in kernel storage
Jan  2 15:57:58 shrinivaasanka-Inspiron-1545 kernel: [  873.609998] virgo_cloud_eventnet_vertexmsg_kernelspace(): prevreadpos=0, readpos=0 without subtraction for readbuf
Jan  2 15:57:58 shrinivaasanka-Inspiron-1545 kernel: [  873.610017] virgo_cloud_eventnet_vertexmsg_kernelspace(): vfs_write() ret value = 41
Jan  2 15:57:58 shrinivaasanka-Inspiron-1545 kernel: [  873.610021] virgo_eventnet_client_thread(): virgo_eventnet_ops.virgo_eventnet_sendto()
Jan  2 15:57:58 shrinivaasanka-Inspiron-1545 kernel: [  873.610024] virgocloudexec_eventnet_sendto(): virgo_eventnet_ret=EventNet updated
Jan  2 15:57:58 shrinivaasanka-Inspiron-1545 kernel: [  873.610027] virgocloudexec_eventnet_sendto(): data sent=EventNet updated
Jan  2 15:57:58 shrinivaasanka-Inspiron-1545 kernel: [  873.610029] virgocloudexec_eventnet_sendto(): before kernel_sendmsg() for send buffer: EventNet updated
Jan  2 15:57:58 shrinivaasanka-Inspiron-1545 kernel: [  873.610057] virgocloudexec_eventnet_sendto(): kernel_sendmsg() returns ret: 500
Jan  2 15:57:58 shrinivaasanka-Inspiron-1545 kernel: [  873.610079] virgocloudexec_eventnet_sendto(): sock_release invoked on client socket 
Jan  2 16:05:58 shrinivaasanka-Inspiron-1545 kernel: [ 1353.520452] PPP BSD Compression module registered
Jan  2 16:05:58 shrinivaasanka-Inspiron-1545 kernel: [ 1353.530978] PPP Deflate Compression module registered
Jan  2 16:06:09 shrinivaasanka-Inspiron-1545 kernel: [ 1363.940913] perf interrupt took too long (2512 > 2500), lowering kernel.perf_event_max_sample_rate to 50000
Jan  2 16:15:38 shrinivaasanka-Inspiron-1545 kernel: [    0.000000] Initializing cgroup subsys cpuset
Jan  2 16:15:38 shrinivaasanka-Inspiron-1545 kernel: [    0.000000] Initializing cgroup subsys cpu
Jan  2 16:15:38 shrinivaasanka-Inspiron-1545 kernel: [    0.000000] Initializing cgroup subsys cpuacct
Jan  2 16:15:38 shrinivaasanka-Inspiron-1545 kernel: [    0.000000] Linux version 3.15.5 (root@shrinivaasanka-Inspiron-1545) (gcc version 4.8.2 (Ubuntu 4.8.2-19ubuntu1) ) #1 SMP Sun Aug 24 10:23:57 IST 2014
Jan  2 16:15:38 shrinivaasanka-Inspiron-1545 kernel: [    0.000000] KERNEL supported cpus:
Jan  2 16:15:38 shrinivaasanka-Inspiron-1545 kernel: [    0.000000]   Intel GenuineIntel
Jan  2 16:15:38 shrinivaasanka-Inspiron-1545 kernel: [    0.000000]   AMD AuthenticAMD
Jan  2 16:15:38 shrinivaasanka-Inspiron-1545 kernel: [    0.000000]   NSC Geode by NSC
Jan  2 16:15:38 shrinivaasanka-Inspiron-1545 kernel: [    0.000000]   Cyrix CyrixInstead
Jan  2 16:15:38 shrinivaasanka-Inspiron-1545 kernel: [    0.000000]   Centaur CentaurHauls
Jan  2 16:15:38 shrinivaasanka-Inspiron-1545 kernel: [    0.000000]   Transmeta GenuineTMx86
Jan  2 16:15:38 shrinivaasanka-Inspiron-1545 kernel: [    0.000000]   Transmeta TransmetaCPU
Jan  2 16:15:38 shrinivaasanka-Inspiron-1545 kernel: [    0.000000]   UMC UMC UMC UMC
Jan  2 16:15:38 shrinivaasanka-Inspiron-1545 kernel: [    0.000000] e820: BIOS-provided physical RAM map:
Jan  2 16:15:38 shrinivaasanka-Inspiron-1545 kernel: [    0.000000] BIOS-e820: [mem 0x0000000000000000-0x000000000009efff] usable
Jan  2 16:15:38 shrinivaasanka-Inspiron-1545 kernel: [    0.000000] BIOS-e820: [mem 0x000000000009f000-0x000000000009ffff] reserved
Jan  2 16:15:38 shrinivaasanka-Inspiron-1545 kernel: [    0.000000] BIOS-e820: [mem 0x0000000000100000-0x00000000bd8bf3ff] usable
Jan  2 16:15:38 shrinivaasanka-Inspiron-1545 kernel: [    0.000000] BIOS-e820: [mem 0x00000000bd8bf400-0x00000000bdac13ff] ACPI NVS
Jan  2 16:15:38 shrinivaasanka-Inspiron-1545 kernel: [    0.000000] BIOS-e820: [mem 0x00000000bdac1400-0x00000000bfffffff] reserved
Jan  2 16:15:38 shrinivaasanka-Inspiron-1545 kernel: [    0.000000] BIOS-e820: [mem 0x00000000f8000000-0x00000000fbffffff] reserved
Jan  2 16:15:38 shrinivaasanka-Inspiron-1545 kernel: [    0.000000] BIOS-e820: [mem 0x00000000fec00000-0x00000000fec0ffff] reserved
Jan  2 16:15:38 shrinivaasanka-Inspiron-1545 kernel: [    0.000000] BIOS-e820: [mem 0x00000000fed18000-0x00000000fed1bfff] reserved
Jan  2 16:15:38 shrinivaasanka-Inspiron-1545 kernel: [    0.000000] BIOS-e820: [mem 0x00000000fed20000-0x00000000fed8ffff] reserved
Jan  2 16:15:38 shrinivaasanka-Inspiron-1545 kernel: [    0.000000] BIOS-e820: [mem 0x00000000feda0000-0x00000000feda5fff] reserved
Jan  2 16:15:38 shrinivaasanka-Inspiron-1545 kernel: [    0.000000] BIOS-e820: [mem 0x00000000fee00000-0x00000000fee0ffff] reserved
Jan  2 16:15:38 shrinivaasanka-Inspiron-1545 kernel: [    0.000000] BIOS-e820: [mem 0x00000000ffe00000-0x00000000ffffffff] reserved
Jan  2 16:15:38 shrinivaasanka-Inspiron-1545 kernel: [    0.000000] NX (Execute Disable) protection: active
Jan  2 16:15:38 shrinivaasanka-Inspiron-1545 kernel: [    0.000000] SMBIOS 2.4 present.
Jan  2 16:15:38 shrinivaasanka-Inspiron-1545 kernel: [    0.000000] DMI: Dell Inc. Inspiron 1545                   /0J037P, BIOS A14 12/07/2009
Jan  2 16:15:38 shrinivaasanka-Inspiron-1545 kernel: [    0.000000] e820: update [mem 0x00000000-0x00000fff] usable ==> reserved
Jan  2 16:15:38 shrinivaasanka-Inspiron-1545 kernel: [    0.000000] e820: remove [mem 0x000a0000-0x000fffff] usable
Jan  2 16:15:38 shrinivaasanka-Inspiron-1545 kernel: [    0.000000] e820: last_pfn = 0xbd8bf max_arch_pfn = 0x1000000
Jan  2 16:15:38 shrinivaasanka-Inspiron-1545 kernel: [    0.000000] MTRR default type: uncachable
Jan  2 16:15:38 shrinivaasanka-Inspiron-1545 kernel: [    0.000000] MTRR fixed ranges enabled:
Jan  2 16:15:38 shrinivaasanka-Inspiron-1545 kernel: [    0.000000]   00000-9FFFF write-back
Jan  2 16:15:38 shrinivaasanka-Inspiron-1545 kernel: [    0.000000]   A0000-BFFFF uncachable
Jan  2 16:15:38 shrinivaasanka-Inspiron-1545 kernel: [    0.000000]   C0000-CFFFF write-protect
Jan  2 16:15:38 shrinivaasanka-Inspiron-1545 kernel: [    0.000000]   D0000-EFFFF uncachable
Jan  2 16:15:38 shrinivaasanka-Inspiron-1545 kernel: [    0.000000]   F0000-FFFFF write-protect
Jan  2 16:15:38 shrinivaasanka-Inspiron-1545 kernel: [    0.000000] MTRR variable ranges enabled:
Jan  2 16:15:38 shrinivaasanka-Inspiron-1545 kernel: [    0.000000]   0 base 000000000 mask 800000000 write-back
Jan  2 16:15:38 shrinivaasanka-Inspiron-1545 kernel: [    0.000000]   1 base 0E0000000 mask FE0000000 uncachable
Jan  2 16:15:38 shrinivaasanka-Inspiron-1545 kernel: [    0.000000]   2 base 0BDC00000 mask FFFC00000 uncachable
Jan  2 16:15:38 shrinivaasanka-Inspiron-1545 kernel: [    0.000000]   3 base 0BE000000 mask FFE000000 uncachable
Jan  2 16:15:38 shrinivaasanka-Inspiron-1545 kernel: [    0.000000]   4 disabled
Jan  2 16:15:38 shrinivaasanka-Inspiron-1545 kernel: [    0.000000]   5 disabled
Jan  2 16:15:38 shrinivaasanka-Inspiron-1545 kernel: [    0.000000]   6 disabled
Jan  2 16:15:38 shrinivaasanka-Inspiron-1545 kernel: [    0.000000] x86 PAT enabled: cpu 0, old 0x7040600070406, new 0x7010600070106
Jan  2 16:15:38 shrinivaasanka-Inspiron-1545 kernel: [    0.000000] original variable MTRRs
Jan  2 16:15:38 shrinivaasanka-Inspiron-1545 kernel: [    0.000000] reg 0, base: 0GB, range: 32GB, type WB
Jan  2 16:15:38 shrinivaasanka-Inspiron-1545 kernel: [    0.000000] reg 1, base: 3584MB, range: 512MB, type UC
Jan  2 16:15:38 shrinivaasanka-Inspiron-1545 kernel: [    0.000000] reg 2, base: 3036MB, range: 4MB, type UC
Jan  2 16:15:38 shrinivaasanka-Inspiron-1545 kernel: [    0.000000] reg 3, base: 3040MB, range: 32MB, type UC
Jan  2 16:15:38 shrinivaasanka-Inspiron-1545 kernel: [    0.000000] total RAM covered: 32220M
Jan  2 16:15:38 shrinivaasanka-Inspiron-1545 kernel: [    0.000000]  gran_size: 64K 	chunk_size: 64K 	num_reg: 7  	lose cover RAM: 29188M
Jan  2 16:15:38 shrinivaasanka-Inspiron-1545 kernel: [    0.000000]  gran_size: 64K 	chunk_size: 128K 	num_reg: 7  	lose cover RAM: 29188M
Jan  2 16:15:38 shrinivaasanka-Inspiron-1545 kernel: [    0.000000]  gran_size: 64K 	chunk_size: 256K 	num_reg: 7  	lose cover RAM: 29188M
Jan  2 16:15:38 shrinivaasanka-Inspiron-1545 kernel: [    0.000000]  gran_size: 64K 	chunk_size: 512K 	num_reg: 7  	lose cover RAM: 29188M
Jan  2 16:15:38 shrinivaasanka-Inspiron-1545 kernel: [    0.000000]  gran_size: 64K 	chunk_size: 1M 	num_reg: 7  	lose cover RAM: 29188M
Jan  2 16:15:38 shrinivaasanka-Inspiron-1545 kernel: [    0.000000]  gran_size: 64K 	chunk_size: 2M 	num_reg: 7  	lose cover RAM: 29188M
Jan  2 16:15:38 shrinivaasanka-Inspiron-1545 kernel: [    0.000000]  gran_size: 64K 	chunk_size: 4M 	num_reg: 7  	lose cover RAM: 29188M
Jan  2 16:15:38 shrinivaasanka-Inspiron-1545 kernel: [    0.000000]  gran_size: 64K 	chunk_size: 8M 	num_reg: 7  	lose cover RAM: 29184M
Jan  2 16:15:38 shrinivaasanka-Inspiron-1545 kernel: [    0.000000]  gran_size: 64K 	chunk_size: 16M 	num_reg: 7  	lose cover RAM: 29184M
Jan  2 16:15:38 shrinivaasanka-Inspiron-1545 kernel: [    0.000000]  gran_size: 64K 	chunk_size: 32M 	num_reg: 7  	lose cover RAM: 29184M
Jan  2 16:15:38 shrinivaasanka-Inspiron-1545 kernel: [    0.000000]  gran_size: 64K 	chunk_size: 64M 	num_reg: 7  	lose cover RAM: 16G
Jan  2 16:15:38 shrinivaasanka-Inspiron-1545 kernel: [    0.000000]  gran_size: 64K 	chunk_size: 128M 	num_reg: 7  	lose cover RAM: 16G
Jan  2 16:15:38 shrinivaasanka-Inspiron-1545 kernel: [    0.000000]  gran_size: 64K 	chunk_size: 256M 	num_reg: 7  	lose cover RAM: 16G
Jan  2 16:15:38 shrinivaasanka-Inspiron-1545 kernel: [    0.000000]  gran_size: 64K 	chunk_size: 512M 	num_reg: 7  	lose cover RAM: 16G
Jan  2 16:15:38 shrinivaasanka-Inspiron-1545 kernel: [    0.000000]  gran_size: 64K 	chunk_size: 1G 	num_reg: 7  	lose cover RAM: 16G
Jan  2 16:15:38 shrinivaasanka-Inspiron-1545 kernel: [    0.000000]  gran_size: 64K 	chunk_size: 2G 	num_reg: 7  	lose cover RAM: 29188M
Jan  2 16:15:38 shrinivaasanka-Inspiron-1545 kernel: [    0.000000]  gran_size: 128K 	chunk_size: 128K 	num_reg: 7  	lose cover RAM: 29188M
Jan  2 16:15:38 shrinivaasanka-Inspiron-1545 kernel: [    0.000000]  gran_size: 128K 	chunk_size: 256K 	num_reg: 7  	lose cover RAM: 29188M
Jan  2 16:15:38 shrinivaasanka-Inspiron-1545 kernel: [    0.000000]  gran_size: 128K 	chunk_size: 512K 	num_reg: 7  	lose cover RAM: 29188M
Jan  2 16:15:38 shrinivaasanka-Inspiron-1545 kernel: [    0.000000]  gran_size: 128K 	chunk_size: 1M 	num_reg: 7  	lose cover RAM: 29188M
Jan  2 16:15:38 shrinivaasanka-Inspiron-1545 kernel: [    0.000000]  gran_size: 128K 	chunk_size: 2M 	num_reg: 7  	lose cover RAM: 29188M
Jan  2 16:15:38 shrinivaasanka-Inspiron-1545 kernel: [    0.000000]  gran_size: 128K 	chunk_size: 4M 	num_reg: 7  	lose cover RAM: 29188M
Jan  2 16:15:38 shrinivaasanka-Inspiron-1545 kernel: [    0.000000]  gran_size: 128K 	chunk_size: 8M 	num_reg: 7  	lose cover RAM: 29184M
Jan  2 16:15:38 shrinivaasanka-Inspiron-1545 kernel: [    0.000000]  gran_size: 128K 	chunk_size: 16M 	num_reg: 7  	lose cover RAM: 29184M
Jan  2 16:15:38 shrinivaasanka-Inspiron-1545 kernel: [    0.000000]  gran_size: 128K 	chunk_size: 32M 	num_reg: 7  	lose cover RAM: 29184M
Jan  2 16:15:38 shrinivaasanka-Inspiron-1545 kernel: [    0.000000]  gran_size: 128K 	chunk_size: 64M 	num_reg: 7  	lose cover RAM: 16G
Jan  2 16:15:38 shrinivaasanka-Inspiron-1545 kernel: [    0.000000]  gran_size: 128K 	chunk_size: 128M 	num_reg: 7  	lose cover RAM: 16G
Jan  2 16:15:38 shrinivaasanka-Inspiron-1545 kernel: [    0.000000]  gran_size: 128K 	chunk_size: 256M 	num_reg: 7  	lose cover RAM: 16G
Jan  2 16:15:38 shrinivaasanka-Inspiron-1545 kernel: [    0.000000]  gran_size: 128K 	chunk_size: 512M 	num_reg: 7  	lose cover RAM: 16G
Jan  2 16:15:38 shrinivaasanka-Inspiron-1545 kernel: [    0.000000]  gran_size: 128K 	chunk_size: 1G 	num_reg: 7  	lose cover RAM: 16G
Jan  2 16:15:38 shrinivaasanka-Inspiron-1545 kernel: [    0.000000]  gran_size: 128K 	chunk_size: 2G 	num_reg: 7  	lose cover RAM: 29188M
Jan  2 16:15:38 shrinivaasanka-Inspiron-1545 kernel: [    0.000000]  gran_size: 256K 	chunk_size: 256K 	num_reg: 7  	lose cover RAM: 29188M
Jan  2 16:15:38 shrinivaasanka-Inspiron-1545 kernel: [    0.000000]  gran_size: 256K 	chunk_size: 512K 	num_reg: 7  	lose cover RAM: 29188M
Jan  2 16:15:38 shrinivaasanka-Inspiron-1545 kernel: [    0.000000]  gran_size: 256K 	chunk_size: 1M 	num_reg: 7  	lose cover RAM: 29188M
Jan  2 16:15:38 shrinivaasanka-Inspiron-1545 kernel: [    0.000000]  gran_size: 256K 	chunk_size: 2M 	num_reg: 7  	lose cover RAM: 29188M
Jan  2 16:15:38 shrinivaasanka-Inspiron-1545 kernel: [    0.000000]  gran_size: 256K 	chunk_size: 4M 	num_reg: 7  	lose cover RAM: 29188M
Jan  2 16:15:38 shrinivaasanka-Inspiron-1545 kernel: [    0.000000]  gran_size: 256K 	chunk_size: 8M 	num_reg: 7  	lose cover RAM: 29184M
Jan  2 16:15:38 shrinivaasanka-Inspiron-1545 kernel: [    0.000000]  gran_size: 256K 	chunk_size: 16M 	num_reg: 7  	lose cover RAM: 29184M
Jan  2 16:15:38 shrinivaasanka-Inspiron-1545 kernel: [    0.000000]  gran_size: 256K 	chunk_size: 32M 	num_reg: 7  	lose cover RAM: 29184M
Jan  2 16:15:38 shrinivaasanka-Inspiron-1545 kernel: [    0.000000]  gran_size: 256K 	chunk_size: 64M 	num_reg: 7  	lose cover RAM: 16G
Jan  2 16:15:38 shrinivaasanka-Inspiron-1545 kernel: [    0.000000]  gran_size: 256K 	chunk_size: 128M 	num_reg: 7  	lose cover RAM: 16G
Jan  2 16:15:38 shrinivaasanka-Inspiron-1545 kernel: [    0.000000]  gran_size: 256K 	chunk_size: 256M 	num_reg: 7  	lose cover RAM: 16G
Jan  2 16:15:38 shrinivaasanka-Inspiron-1545 kernel: [    0.000000]  gran_size: 256K 	chunk_size: 512M 	num_reg: 7  	lose cover RAM: 16G
Jan  2 16:15:38 shrinivaasanka-Inspiron-1545 kernel: [    0.000000]  gran_size: 256K 	chunk_size: 1G 	num_reg: 7  	lose cover RAM: 16G
Jan  2 16:15:38 shrinivaasanka-Inspiron-1545 kernel: [    0.000000]  gran_size: 256K 	chunk_size: 2G 	num_reg: 7  	lose cover RAM: 29188M
Jan  2 16:15:38 shrinivaasanka-Inspiron-1545 kernel: [    0.000000]  gran_size: 512K 	chunk_size: 512K 	num_reg: 7  	lose cover RAM: 29188M
Jan  2 16:15:38 shrinivaasanka-Inspiron-1545 kernel: [    0.000000]  gran_size: 512K 	chunk_size: 1M 	num_reg: 7  	lose cover RAM: 29188M
Jan  2 16:15:38 shrinivaasanka-Inspiron-1545 kernel: [    0.000000]  gran_size: 512K 	chunk_size: 2M 	num_reg: 7  	lose cover RAM: 29188M
Jan  2 16:15:38 shrinivaasanka-Inspiron-1545 kernel: [    0.000000]  gran_size: 512K 	chunk_size: 4M 	num_reg: 7  	lose cover RAM: 29188M
Jan  2 16:15:38 shrinivaasanka-Inspiron-1545 kernel: [    0.000000]  gran_size: 512K 	chunk_size: 8M 	num_reg: 7  	lose cover RAM: 29184M
Jan  2 16:15:38 shrinivaasanka-Inspiron-1545 kernel: [    0.000000]  gran_size: 512K 	chunk_size: 16M 	num_reg: 7  	lose cover RAM: 29184M
Jan  2 16:15:38 shrinivaasanka-Inspiron-1545 kernel: [    0.000000]  gran_size: 512K 	chunk_size: 32M 	num_reg: 7  	lose cover RAM: 29184M
Jan  2 16:15:38 shrinivaasanka-Inspiron-1545 kernel: [    0.000000]  gran_size: 512K 	chunk_size: 64M 	num_reg: 7  	lose cover RAM: 16G
Jan  2 16:15:38 shrinivaasanka-Inspiron-1545 kernel: [    0.000000]  gran_size: 512K 	chunk_size: 128M 	num_reg: 7  	lose cover RAM: 16G
Jan  2 16:15:38 shrinivaasanka-Inspiron-1545 kernel: [    0.000000]  gran_size: 512K 	chunk_size: 256M 	num_reg: 7  	lose cover RAM: 16G
Jan  2 16:15:38 shrinivaasanka-Inspiron-1545 kernel: [    0.000000]  gran_size: 512K 	chunk_size: 512M 	num_reg: 7  	lose cover RAM: 16G
Jan  2 16:15:38 shrinivaasanka-Inspiron-1545 kernel: [    0.000000]  gran_size: 512K 	chunk_size: 1G 	num_reg: 7  	lose cover RAM: 16G
Jan  2 16:15:38 shrinivaasanka-Inspiron-1545 kernel: [    0.000000]  gran_size: 512K 	chunk_size: 2G 	num_reg: 7  	lose cover RAM: 29188M
Jan  2 16:15:38 shrinivaasanka-Inspiron-1545 kernel: [    0.000000]  gran_size: 1M 	chunk_size: 1M 	num_reg: 7  	lose cover RAM: 29188M
Jan  2 16:15:38 shrinivaasanka-Inspiron-1545 kernel: [    0.000000]  gran_size: 1M 	chunk_size: 2M 	num_reg: 7  	lose cover RAM: 29188M
Jan  2 16:15:38 shrinivaasanka-Inspiron-1545 kernel: [    0.000000]  gran_size: 1M 	chunk_size: 4M 	num_reg: 7  	lose cover RAM: 29188M
Jan  2 16:15:38 shrinivaasanka-Inspiron-1545 kernel: [    0.000000]  gran_size: 1M 	chunk_size: 8M 	num_reg: 7  	lose cover RAM: 29184M
Jan  2 16:15:38 shrinivaasanka-Inspiron-1545 kernel: [    0.000000]  gran_size: 1M 	chunk_size: 16M 	num_reg: 7  	lose cover RAM: 29184M
Jan  2 16:15:38 shrinivaasanka-Inspiron-1545 kernel: [    0.000000]  gran_size: 1M 	chunk_size: 32M 	num_reg: 7  	lose cover RAM: 29184M
Jan  2 16:15:38 shrinivaasanka-Inspiron-1545 kernel: [    0.000000]  gran_size: 1M 	chunk_size: 64M 	num_reg: 7  	lose cover RAM: 16G
Jan  2 16:15:38 shrinivaasanka-Inspiron-1545 kernel: [    0.000000]  gran_size: 1M 	chunk_size: 128M 	num_reg: 7  	lose cover RAM: 16G
Jan  2 16:15:38 shrinivaasanka-Inspiron-1545 kernel: [    0.000000]  gran_size: 1M 	chunk_size: 256M 	num_reg: 7  	lose cover RAM: 16G
Jan  2 16:15:38 shrinivaasanka-Inspiron-1545 kernel: [    0.000000]  gran_size: 1M 	chunk_size: 512M 	num_reg: 7  	lose cover RAM: 16G
Jan  2 16:15:38 shrinivaasanka-Inspiron-1545 kernel: [    0.000000]  gran_size: 1M 	chunk_size: 1G 	num_reg: 7  	lose cover RAM: 16G
Jan  2 16:15:38 shrinivaasanka-Inspiron-1545 kernel: [    0.000000]  gran_size: 1M 	chunk_size: 2G 	num_reg: 7  	lose cover RAM: 29188M
Jan  2 16:15:38 shrinivaasanka-Inspiron-1545 kernel: [    0.000000]  gran_size: 2M 	chunk_size: 2M 	num_reg: 7  	lose cover RAM: 29188M
Jan  2 16:15:38 shrinivaasanka-Inspiron-1545 kernel: [    0.000000]  gran_size: 2M 	chunk_size: 4M 	num_reg: 7  	lose cover RAM: 29188M
Jan  2 16:15:38 shrinivaasanka-Inspiron-1545 kernel: [    0.000000]  gran_size: 2M 	chunk_size: 8M 	num_reg: 7  	lose cover RAM: 29184M
Jan  2 16:15:38 shrinivaasanka-Inspiron-1545 kernel: [    0.000000]  gran_size: 2M 	chunk_size: 16M 	num_reg: 7  	lose cover RAM: 29184M
Jan  2 16:15:38 shrinivaasanka-Inspiron-1545 kernel: [    0.000000]  gran_size: 2M 	chunk_size: 32M 	num_reg: 7  	lose cover RAM: 29184M
Jan  2 16:15:38 shrinivaasanka-Inspiron-1545 kernel: [    0.000000]  gran_size: 2M 	chunk_size: 64M 	num_reg: 7  	lose cover RAM: 16G
Jan  2 16:15:38 shrinivaasanka-Inspiron-1545 kernel: [    0.000000]  gran_size: 2M 	chunk_size: 128M 	num_reg: 7  	lose cover RAM: 16G
Jan  2 16:15:38 shrinivaasanka-Inspiron-1545 kernel: [    0.000000]  gran_size: 2M 	chunk_size: 256M 	num_reg: 7  	lose cover RAM: 16G
Jan  2 16:15:38 shrinivaasanka-Inspiron-1545 kernel: [    0.000000]  gran_size: 2M 	chunk_size: 512M 	num_reg: 7  	lose cover RAM: 16G
Jan  2 16:15:38 shrinivaasanka-Inspiron-1545 kernel: [    0.000000]  gran_size: 2M 	chunk_size: 1G 	num_reg: 7  	lose cover RAM: 16G
Jan  2 16:15:38 shrinivaasanka-Inspiron-1545 kernel: [    0.000000]  gran_size: 2M 	chunk_size: 2G 	num_reg: 7  	lose cover RAM: 29188M
Jan  2 16:15:38 shrinivaasanka-Inspiron-1545 kernel: [    0.000000]  gran_size: 4M 	chunk_size: 4M 	num_reg: 7  	lose cover RAM: 29188M
Jan  2 16:15:38 shrinivaasanka-Inspiron-1545 kernel: [    0.000000]  gran_size: 4M 	chunk_size: 8M 	num_reg: 7  	lose cover RAM: 29184M
Jan  2 16:15:38 shrinivaasanka-Inspiron-1545 kernel: [    0.000000]  gran_size: 4M 	chunk_size: 16M 	num_reg: 7  	lose cover RAM: 29184M
Jan  2 16:15:38 shrinivaasanka-Inspiron-1545 kernel: [    0.000000]  gran_size: 4M 	chunk_size: 32M 	num_reg: 7  	lose cover RAM: 29184M
Jan  2 16:15:38 shrinivaasanka-Inspiron-1545 kernel: [    0.000000]  gran_size: 4M 	chunk_size: 64M 	num_reg: 7  	lose cover RAM: 16G
Jan  2 16:15:38 shrinivaasanka-Inspiron-1545 kernel: [    0.000000]  gran_size: 4M 	chunk_size: 128M 	num_reg: 7  	lose cover RAM: 16G
Jan  2 16:15:38 shrinivaasanka-Inspiron-1545 kernel: [    0.000000]  gran_size: 4M 	chunk_size: 256M 	num_reg: 7  	lose cover RAM: 16G
Jan  2 16:15:38 shrinivaasanka-Inspiron-1545 kernel: [    0.000000]  gran_size: 4M 	chunk_size: 512M 	num_reg: 7  	lose cover RAM: 16G
Jan  2 16:15:38 shrinivaasanka-Inspiron-1545 kernel: [    0.000000]  gran_size: 4M 	chunk_size: 1G 	num_reg: 7  	lose cover RAM: 16G
Jan  2 16:15:38 shrinivaasanka-Inspiron-1545 kernel: [    0.000000]  gran_size: 4M 	chunk_size: 2G 	num_reg: 7  	lose cover RAM: 29188M
Jan  2 16:15:38 shrinivaasanka-Inspiron-1545 kernel: [    0.000000]  gran_size: 8M 	chunk_size: 8M 	num_reg: 7  	lose cover RAM: 29188M
Jan  2 16:15:38 shrinivaasanka-Inspiron-1545 kernel: [    0.000000]  gran_size: 8M 	chunk_size: 16M 	num_reg: 7  	lose cover RAM: 29188M
Jan  2 16:15:38 shrinivaasanka-Inspiron-1545 kernel: [    0.000000]  gran_size: 8M 	chunk_size: 32M 	num_reg: 7  	lose cover RAM: 29188M
Jan  2 16:15:38 shrinivaasanka-Inspiron-1545 kernel: [    0.000000]  gran_size: 8M 	chunk_size: 64M 	num_reg: 7  	lose cover RAM: 16388M
Jan  2 16:15:38 shrinivaasanka-Inspiron-1545 kernel: [    0.000000]  gran_size: 8M 	chunk_size: 128M 	num_reg: 7  	lose cover RAM: 16388M
Jan  2 16:15:38 shrinivaasanka-Inspiron-1545 kernel: [    0.000000]  gran_size: 8M 	chunk_size: 256M 	num_reg: 7  	lose cover RAM: 16388M
Jan  2 16:15:38 shrinivaasanka-Inspiron-1545 kernel: [    0.000000]  gran_size: 8M 	chunk_size: 512M 	num_reg: 7  	lose cover RAM: 16388M
Jan  2 16:15:38 shrinivaasanka-Inspiron-1545 kernel: [    0.000000]  gran_size: 8M 	chunk_size: 1G 	num_reg: 7  	lose cover RAM: 16388M
Jan  2 16:15:38 shrinivaasanka-Inspiron-1545 kernel: [    0.000000]  gran_size: 8M 	chunk_size: 2G 	num_reg: 7  	lose cover RAM: 29188M
Jan  2 16:15:38 shrinivaasanka-Inspiron-1545 kernel: [    0.000000]  gran_size: 16M 	chunk_size: 16M 	num_reg: 7  	lose cover RAM: 28684M
Jan  2 16:15:38 shrinivaasanka-Inspiron-1545 kernel: [    0.000000]  gran_size: 16M 	chunk_size: 32M 	num_reg: 7  	lose cover RAM: 29196M
Jan  2 16:15:38 shrinivaasanka-Inspiron-1545 kernel: [    0.000000]  gran_size: 16M 	chunk_size: 64M 	num_reg: 7  	lose cover RAM: 16396M
Jan  2 16:15:38 shrinivaasanka-Inspiron-1545 kernel: [    0.000000]  gran_size: 16M 	chunk_size: 128M 	num_reg: 7  	lose cover RAM: 16396M
Jan  2 16:15:38 shrinivaasanka-Inspiron-1545 kernel: [    0.000000]  gran_size: 16M 	chunk_size: 256M 	num_reg: 7  	lose cover RAM: 16396M
Jan  2 16:15:38 shrinivaasanka-Inspiron-1545 kernel: [    0.000000]  gran_size: 16M 	chunk_size: 512M 	num_reg: 7  	lose cover RAM: 16396M
Jan  2 16:15:38 shrinivaasanka-Inspiron-1545 kernel: [    0.000000]  gran_size: 16M 	chunk_size: 1G 	num_reg: 7  	lose cover RAM: 16396M
Jan  2 16:15:38 shrinivaasanka-Inspiron-1545 kernel: [    0.000000]  gran_size: 16M 	chunk_size: 2G 	num_reg: 7  	lose cover RAM: 28172M
Jan  2 16:15:38 shrinivaasanka-Inspiron-1545 kernel: [    0.000000]  gran_size: 32M 	chunk_size: 32M 	num_reg: 7  	lose cover RAM: 24604M
Jan  2 16:15:38 shrinivaasanka-Inspiron-1545 kernel: [    0.000000]  gran_size: 32M 	chunk_size: 64M 	num_reg: 7  	lose cover RAM: 24604M
Jan  2 16:15:38 shrinivaasanka-Inspiron-1545 kernel: [    0.000000]  gran_size: 32M 	chunk_size: 128M 	num_reg: 7  	lose cover RAM: 28M
Jan  2 16:15:38 shrinivaasanka-Inspiron-1545 kernel: [    0.000000]  gran_size: 32M 	chunk_size: 256M 	num_reg: 7  	lose cover RAM: 28M
Jan  2 16:15:38 shrinivaasanka-Inspiron-1545 kernel: [    0.000000]  gran_size: 32M 	chunk_size: 512M 	num_reg: 7  	lose cover RAM: 28M
Jan  2 16:15:38 shrinivaasanka-Inspiron-1545 kernel: [    0.000000]  gran_size: 32M 	chunk_size: 1G 	num_reg: 7  	lose cover RAM: 28M
Jan  2 16:15:38 shrinivaasanka-Inspiron-1545 kernel: [    0.000000]  gran_size: 32M 	chunk_size: 2G 	num_reg: 7  	lose cover RAM: 27164M
Jan  2 16:15:38 shrinivaasanka-Inspiron-1545 kernel: [    0.000000]  gran_size: 64M 	chunk_size: 64M 	num_reg: 7  	lose cover RAM: 24604M
Jan  2 16:15:38 shrinivaasanka-Inspiron-1545 kernel: [    0.000000]  gran_size: 64M 	chunk_size: 128M 	num_reg: 7  	lose cover RAM: 28M
Jan  2 16:15:38 shrinivaasanka-Inspiron-1545 kernel: [    0.000000]  gran_size: 64M 	chunk_size: 256M 	num_reg: 7  	lose cover RAM: 28M
Jan  2 16:15:38 shrinivaasanka-Inspiron-1545 kernel: [    0.000000]  gran_size: 64M 	chunk_size: 512M 	num_reg: 7  	lose cover RAM: 28M
Jan  2 16:15:38 shrinivaasanka-Inspiron-1545 kernel: [    0.000000]  gran_size: 64M 	chunk_size: 1G 	num_reg: 7  	lose cover RAM: 28M
Jan  2 16:15:38 shrinivaasanka-Inspiron-1545 kernel: [    0.000000]  gran_size: 64M 	chunk_size: 2G 	num_reg: 7  	lose cover RAM: 27164M
Jan  2 16:15:38 shrinivaasanka-Inspiron-1545 kernel: [    0.000000]  gran_size: 128M 	chunk_size: 128M 	num_reg: 7  	lose cover RAM: 16476M
Jan  2 16:15:38 shrinivaasanka-Inspiron-1545 kernel: [    0.000000]  gran_size: 128M 	chunk_size: 256M 	num_reg: 7  	lose cover RAM: 92M
Jan  2 16:15:38 shrinivaasanka-Inspiron-1545 kernel: [    0.000000]  gran_size: 128M 	chunk_size: 512M 	num_reg: 7  	lose cover RAM: 92M
Jan  2 16:15:38 shrinivaasanka-Inspiron-1545 kernel: [    0.000000]  gran_size: 128M 	chunk_size: 1G 	num_reg: 7  	lose cover RAM: 92M
Jan  2 16:15:38 shrinivaasanka-Inspiron-1545 kernel: [    0.000000]  gran_size: 128M 	chunk_size: 2G 	num_reg: 7  	lose cover RAM: 27740M
Jan  2 16:15:38 shrinivaasanka-Inspiron-1545 kernel: [    0.000000]  gran_size: 256M 	chunk_size: 256M 	num_reg: 7  	lose cover RAM: 220M
Jan  2 16:15:38 shrinivaasanka-Inspiron-1545 kernel: [    0.000000]  gran_size: 256M 	chunk_size: 512M 	num_reg: 7  	lose cover RAM: 220M
Jan  2 16:15:38 shrinivaasanka-Inspiron-1545 kernel: [    0.000000]  gran_size: 256M 	chunk_size: 1G 	num_reg: 7  	lose cover RAM: 220M
Jan  2 16:15:38 shrinivaasanka-Inspiron-1545 kernel: [    0.000000]  gran_size: 256M 	chunk_size: 2G 	num_reg: 7  	lose cover RAM: 26844M
Jan  2 16:15:38 shrinivaasanka-Inspiron-1545 kernel: [    0.000000]  gran_size: 512M 	chunk_size: 512M 	num_reg: 6  	lose cover RAM: 476M
Jan  2 16:15:38 shrinivaasanka-Inspiron-1545 kernel: [    0.000000]  gran_size: 512M 	chunk_size: 1G 	num_reg: 7  	lose cover RAM: 476M
Jan  2 16:15:38 shrinivaasanka-Inspiron-1545 kernel: [    0.000000]  gran_size: 512M 	chunk_size: 2G 	num_reg: 7  	lose cover RAM: 25052M
Jan  2 16:15:38 shrinivaasanka-Inspiron-1545 kernel: [    0.000000]  gran_size: 1G 	chunk_size: 1G 	num_reg: 4  	lose cover RAM: 1500M
Jan  2 16:15:38 shrinivaasanka-Inspiron-1545 kernel: [    0.000000]  gran_size: 1G 	chunk_size: 2G 	num_reg: 4  	lose cover RAM: 1500M
Jan  2 16:15:38 shrinivaasanka-Inspiron-1545 kernel: [    0.000000]  gran_size: 2G 	chunk_size: 2G 	num_reg: 4  	lose cover RAM: 1500M
Jan  2 16:15:38 shrinivaasanka-Inspiron-1545 kernel: [    0.000000] mtrr_cleanup: can not find optimal value
Jan  2 16:15:38 shrinivaasanka-Inspiron-1545 kernel: [    0.000000] please specify mtrr_gran_size/mtrr_chunk_size
Jan  2 16:15:38 shrinivaasanka-Inspiron-1545 kernel: [    0.000000] e820: update [mem 0xbdc00000-0xbfffffff] usable ==> reserved
Jan  2 16:15:38 shrinivaasanka-Inspiron-1545 kernel: [    0.000000] e820: update [mem 0xe0000000-0xffffffff] usable ==> reserved
Jan  2 16:15:38 shrinivaasanka-Inspiron-1545 kernel: [    0.000000] Scanning 1 areas for low memory corruption
Jan  2 16:15:38 shrinivaasanka-Inspiron-1545 kernel: [    0.000000] initial memory mapped: [mem 0x00000000-0x021fffff]
Jan  2 16:15:38 shrinivaasanka-Inspiron-1545 kernel: [    0.000000] Base memory trampoline at [c009b000] 9b000 size 16384
Jan  2 16:15:38 shrinivaasanka-Inspiron-1545 kernel: [    0.000000] init_memory_mapping: [mem 0x00000000-0x000fffff]
Jan  2 16:15:38 shrinivaasanka-Inspiron-1545 kernel: [    0.000000]  [mem 0x00000000-0x000fffff] page 4k
Jan  2 16:15:38 shrinivaasanka-Inspiron-1545 kernel: [    0.000000] init_memory_mapping: [mem 0x37800000-0x379fffff]
Jan  2 16:15:38 shrinivaasanka-Inspiron-1545 kernel: [    0.000000]  [mem 0x37800000-0x379fffff] page 2M
Jan  2 16:15:38 shrinivaasanka-Inspiron-1545 kernel: [    0.000000] init_memory_mapping: [mem 0x34000000-0x377fffff]
Jan  2 16:15:38 shrinivaasanka-Inspiron-1545 kernel: [    0.000000]  [mem 0x34000000-0x377fffff] page 2M
Jan  2 16:15:38 shrinivaasanka-Inspiron-1545 kernel: [    0.000000] init_memory_mapping: [mem 0x00100000-0x33ffffff]
Jan  2 16:15:38 shrinivaasanka-Inspiron-1545 kernel: [    0.000000]  [mem 0x00100000-0x001fffff] page 4k
Jan  2 16:15:38 shrinivaasanka-Inspiron-1545 kernel: [    0.000000]  [mem 0x00200000-0x33ffffff] page 2M
Jan  2 16:15:38 shrinivaasanka-Inspiron-1545 kernel: [    0.000000] init_memory_mapping: [mem 0x37a00000-0x37bfdfff]
Jan  2 16:15:38 shrinivaasanka-Inspiron-1545 kernel: [    0.000000]  [mem 0x37a00000-0x37bfdfff] page 4k
Jan  2 16:15:38 shrinivaasanka-Inspiron-1545 kernel: [    0.000000] BRK [0x01c0a000, 0x01c0afff] PGTABLE
Jan  2 16:15:38 shrinivaasanka-Inspiron-1545 kernel: [    0.000000] RAMDISK: [mem 0x1dcfc000-0x2ae75fff]
Jan  2 16:15:38 shrinivaasanka-Inspiron-1545 kernel: [    0.000000] ACPI: RSDP 0x000FBDD0 000024 (v02 DELL  )
Jan  2 16:15:38 shrinivaasanka-Inspiron-1545 kernel: [    0.000000] ACPI: XSDT 0xBDAC3E00 000054 (v01 DELL   WN09     27D90C07 ASL  00000061)
Jan  2 16:15:38 shrinivaasanka-Inspiron-1545 kernel: [    0.000000] ACPI: FACP 0xBDAC3C9C 0000F4 (v04 DELL   WN09     27D90C07 ASL  00000061)
Jan  2 16:15:38 shrinivaasanka-Inspiron-1545 kernel: [    0.000000] ACPI BIOS Warning (bug): 32/64X length mismatch in FADT/Gpe0Block: 128/64 (20140214/tbfadt-603)
Jan  2 16:15:38 shrinivaasanka-Inspiron-1545 kernel: [    0.000000] ACPI: DSDT 0xBDAC4400 005451 (v02 INT430 SYSFexxx 00001001 INTL 20050624)
Jan  2 16:15:38 shrinivaasanka-Inspiron-1545 kernel: [    0.000000] ACPI: FACS 0xBDAD2C00 000040
Jan  2 16:15:38 shrinivaasanka-Inspiron-1545 kernel: [    0.000000] ACPI: HPET 0xBDAC3F00 000038 (v01 DELL   WN09     00000001 ASL  00000061)
Jan  2 16:15:38 shrinivaasanka-Inspiron-1545 kernel: [    0.000000] ACPI: APIC 0xBDAC4000 000068 (v01 DELL   WN09     27D90C07 ASL  00000047)
Jan  2 16:15:38 shrinivaasanka-Inspiron-1545 kernel: [    0.000000] ACPI: MCFG 0xBDAC3FC0 00003E (v16 DELL   WN09     27D90C07 ASL  00000061)
Jan  2 16:15:38 shrinivaasanka-Inspiron-1545 kernel: [    0.000000] ACPI: SLIC 0xBDAC409C 000176 (v01 DELL   WN09     27D90C07 ASL  00000061)
Jan  2 16:15:38 shrinivaasanka-Inspiron-1545 kernel: [    0.000000] ACPI: SSDT 0xBDAC2363 00066C (v01 PmRef  CpuPm    00003000 INTL 20050624)
Jan  2 16:15:38 shrinivaasanka-Inspiron-1545 kernel: [    0.000000] ACPI: Local APIC address 0xfee00000
Jan  2 16:15:38 shrinivaasanka-Inspiron-1545 kernel: [    0.000000] 2140MB HIGHMEM available.
Jan  2 16:15:38 shrinivaasanka-Inspiron-1545 kernel: [    0.000000] 891MB LOWMEM available.
Jan  2 16:15:38 shrinivaasanka-Inspiron-1545 kernel: [    0.000000]   mapped low ram: 0 - 37bfe000
Jan  2 16:15:38 shrinivaasanka-Inspiron-1545 kernel: [    0.000000]   low ram: 0 - 37bfe000
Jan  2 16:15:38 shrinivaasanka-Inspiron-1545 kernel: [    0.000000] BRK [0x01c0b000, 0x01c0bfff] PGTABLE
Jan  2 16:15:38 shrinivaasanka-Inspiron-1545 kernel: [    0.000000] Zone ranges:
Jan  2 16:15:38 shrinivaasanka-Inspiron-1545 kernel: [    0.000000]   DMA      [mem 0x00001000-0x00ffffff]
Jan  2 16:15:38 shrinivaasanka-Inspiron-1545 kernel: [    0.000000]   Normal   [mem 0x01000000-0x37bfdfff]
Jan  2 16:15:38 shrinivaasanka-Inspiron-1545 kernel: [    0.000000]   HighMem  [mem 0x37bfe000-0xbd8befff]
Jan  2 16:15:38 shrinivaasanka-Inspiron-1545 kernel: [    0.000000] Movable zone start for each node
Jan  2 16:15:38 shrinivaasanka-Inspiron-1545 kernel: [    0.000000] Early memory node ranges
Jan  2 16:15:38 shrinivaasanka-Inspiron-1545 kernel: [    0.000000]   node   0: [mem 0x00001000-0x0009efff]
Jan  2 16:15:38 shrinivaasanka-Inspiron-1545 kernel: [    0.000000]   node   0: [mem 0x00100000-0xbd8befff]
Jan  2 16:15:38 shrinivaasanka-Inspiron-1545 kernel: [    0.000000] On node 0 totalpages: 776285
Jan  2 16:15:38 shrinivaasanka-Inspiron-1545 kernel: [    0.000000]   DMA zone: 32 pages used for memmap
Jan  2 16:15:38 shrinivaasanka-Inspiron-1545 kernel: [    0.000000]   DMA zone: 0 pages reserved
Jan  2 16:15:38 shrinivaasanka-Inspiron-1545 kernel: [    0.000000]   DMA zone: 3998 pages, LIFO batch:0
Jan  2 16:15:38 shrinivaasanka-Inspiron-1545 kernel: [    0.000000]   Normal zone: 1752 pages used for memmap
Jan  2 16:15:38 shrinivaasanka-Inspiron-1545 kernel: [    0.000000]   Normal zone: 224254 pages, LIFO batch:31
Jan  2 16:15:38 shrinivaasanka-Inspiron-1545 kernel: [    0.000000]   HighMem zone: 4282 pages used for memmap
Jan  2 16:15:38 shrinivaasanka-Inspiron-1545 kernel: [    0.000000]   HighMem zone: 548033 pages, LIFO batch:31
Jan  2 16:15:38 shrinivaasanka-Inspiron-1545 kernel: [    0.000000] Using APIC driver default
Jan  2 16:15:38 shrinivaasanka-Inspiron-1545 kernel: [    0.000000] Reserving Intel graphics stolen memory at 0xbe000000-0xbfffffff
Jan  2 16:15:38 shrinivaasanka-Inspiron-1545 kernel: [    0.000000] ACPI: PM-Timer IO Port: 0x1008
Jan  2 16:15:38 shrinivaasanka-Inspiron-1545 kernel: [    0.000000] ACPI: Local APIC address 0xfee00000
Jan  2 16:15:38 shrinivaasanka-Inspiron-1545 kernel: [    0.000000] ACPI: LAPIC (acpi_id[0x00] lapic_id[0x00] enabled)
Jan  2 16:15:38 shrinivaasanka-Inspiron-1545 kernel: [    0.000000] ACPI: LAPIC (acpi_id[0x01] lapic_id[0x01] enabled)
Jan  2 16:15:38 shrinivaasanka-Inspiron-1545 kernel: [    0.000000] ACPI: LAPIC_NMI (acpi_id[0x00] high edge lint[0x1])
Jan  2 16:15:38 shrinivaasanka-Inspiron-1545 kernel: [    0.000000] ACPI: LAPIC_NMI (acpi_id[0x01] high edge lint[0x1])
Jan  2 16:15:38 shrinivaasanka-Inspiron-1545 kernel: [    0.000000] ACPI: IOAPIC (id[0x02] address[0xfec00000] gsi_base[0])
Jan  2 16:15:38 shrinivaasanka-Inspiron-1545 kernel: [    0.000000] IOAPIC[0]: apic_id 2, version 32, address 0xfec00000, GSI 0-23
Jan  2 16:15:38 shrinivaasanka-Inspiron-1545 kernel: [    0.000000] ACPI: INT_SRC_OVR (bus 0 bus_irq 0 global_irq 2 dfl dfl)
Jan  2 16:15:38 shrinivaasanka-Inspiron-1545 kernel: [    0.000000] ACPI: INT_SRC_OVR (bus 0 bus_irq 9 global_irq 9 high level)
Jan  2 16:15:38 shrinivaasanka-Inspiron-1545 kernel: [    0.000000] ACPI: IRQ0 used by override.
Jan  2 16:15:38 shrinivaasanka-Inspiron-1545 kernel: [    0.000000] ACPI: IRQ2 used by override.
Jan  2 16:15:38 shrinivaasanka-Inspiron-1545 kernel: [    0.000000] ACPI: IRQ9 used by override.
Jan  2 16:15:38 shrinivaasanka-Inspiron-1545 kernel: [    0.000000] Using ACPI (MADT) for SMP configuration information
Jan  2 16:15:38 shrinivaasanka-Inspiron-1545 kernel: [    0.000000] ACPI: HPET id: 0x8086a201 base: 0xfed00000
Jan  2 16:15:38 shrinivaasanka-Inspiron-1545 kernel: [    0.000000] smpboot: Allowing 2 CPUs, 0 hotplug CPUs
Jan  2 16:15:38 shrinivaasanka-Inspiron-1545 kernel: [    0.000000] nr_irqs_gsi: 40
Jan  2 16:15:38 shrinivaasanka-Inspiron-1545 kernel: [    0.000000] PM: Registered nosave memory: [mem 0x0009f000-0x0009ffff]
Jan  2 16:15:38 shrinivaasanka-Inspiron-1545 kernel: [    0.000000] PM: Registered nosave memory: [mem 0x000a0000-0x000fffff]
Jan  2 16:15:38 shrinivaasanka-Inspiron-1545 kernel: [    0.000000] e820: [mem 0xc0000000-0xf7ffffff] available for PCI devices
Jan  2 16:15:38 shrinivaasanka-Inspiron-1545 kernel: [    0.000000] Booting paravirtualized kernel on bare hardware
Jan  2 16:15:38 shrinivaasanka-Inspiron-1545 kernel: [    0.000000] setup_percpu: NR_CPUS:8 nr_cpumask_bits:8 nr_cpu_ids:2 nr_node_ids:1
Jan  2 16:15:38 shrinivaasanka-Inspiron-1545 kernel: [    0.000000] PERCPU: Embedded 14 pages/cpu @f63bb000 s36032 r0 d21312 u57344
Jan  2 16:15:38 shrinivaasanka-Inspiron-1545 kernel: [    0.000000] pcpu-alloc: s36032 r0 d21312 u57344 alloc=14*4096
Jan  2 16:15:38 shrinivaasanka-Inspiron-1545 kernel: [    0.000000] pcpu-alloc: [0] 0 [0] 1 
Jan  2 16:15:38 shrinivaasanka-Inspiron-1545 kernel: [    0.000000] Built 1 zonelists in Zone order, mobility grouping on.  Total pages: 774501
Jan  2 16:15:38 shrinivaasanka-Inspiron-1545 kernel: [    0.000000] Kernel command line: BOOT_IMAGE=/boot/vmlinuz-3.15.5 root=UUID=a17d2cbc-55c6-4d07-9ff0-e058fee06d24 ro quiet splash vt.handoff=7
Jan  2 16:15:38 shrinivaasanka-Inspiron-1545 kernel: [    0.000000] PID hash table entries: 4096 (order: 2, 16384 bytes)
Jan  2 16:15:38 shrinivaasanka-Inspiron-1545 kernel: [    0.000000] Dentry cache hash table entries: 131072 (order: 7, 524288 bytes)
Jan  2 16:15:38 shrinivaasanka-Inspiron-1545 kernel: [    0.000000] Inode-cache hash table entries: 65536 (order: 6, 262144 bytes)
Jan  2 16:15:38 shrinivaasanka-Inspiron-1545 kernel: [    0.000000] Initializing CPU#0
Jan  2 16:15:38 shrinivaasanka-Inspiron-1545 kernel: [    0.000000] xsave: enabled xstate_bv 0x3, cntxt size 0x240
Jan  2 16:15:38 shrinivaasanka-Inspiron-1545 kernel: [    0.000000] Initializing HighMem for node 0 (00037bfe:000bd8bf)
Jan  2 16:15:38 shrinivaasanka-Inspiron-1545 kernel: [    0.000000] Initializing Movable for node 0 (00000000:00000000)
Jan  2 16:15:38 shrinivaasanka-Inspiron-1545 kernel: [    0.000000] Memory: 2852584K/3105140K available (6666K kernel code, 670K rwdata, 2984K rodata, 876K init, 1016K bss, 252556K reserved, 2192132K highmem)
Jan  2 16:15:38 shrinivaasanka-Inspiron-1545 kernel: [    0.000000] virtual kernel memory layout:
Jan  2 16:15:38 shrinivaasanka-Inspiron-1545 kernel: [    0.000000]     fixmap  : 0xfff15000 - 0xfffff000   ( 936 kB)
Jan  2 16:15:38 shrinivaasanka-Inspiron-1545 kernel: [    0.000000]     pkmap   : 0xffc00000 - 0xffe00000   (2048 kB)
Jan  2 16:15:38 shrinivaasanka-Inspiron-1545 kernel: [    0.000000]     vmalloc : 0xf83fe000 - 0xffbfe000   ( 120 MB)
Jan  2 16:15:38 shrinivaasanka-Inspiron-1545 kernel: [    0.000000]     lowmem  : 0xc0000000 - 0xf7bfe000   ( 891 MB)
Jan  2 16:15:38 shrinivaasanka-Inspiron-1545 kernel: [    0.000000]       .init : 0xc1a17000 - 0xc1af2000   ( 876 kB)
Jan  2 16:15:38 shrinivaasanka-Inspiron-1545 kernel: [    0.000000]       .data : 0xc1682c22 - 0xc1a15a80   (3659 kB)
Jan  2 16:15:38 shrinivaasanka-Inspiron-1545 kernel: [    0.000000]       .text : 0xc1000000 - 0xc1682c22   (6667 kB)
Jan  2 16:15:38 shrinivaasanka-Inspiron-1545 kernel: [    0.000000] Checking if this processor honours the WP bit even in supervisor mode...Ok.
Jan  2 16:15:38 shrinivaasanka-Inspiron-1545 kernel: [    0.000000] SLUB: HWalign=64, Order=0-3, MinObjects=0, CPUs=2, Nodes=1
Jan  2 16:15:38 shrinivaasanka-Inspiron-1545 kernel: [    0.000000] Hierarchical RCU implementation.
Jan  2 16:15:38 shrinivaasanka-Inspiron-1545 kernel: [    0.000000] 	RCU dyntick-idle grace-period acceleration is enabled.
Jan  2 16:15:38 shrinivaasanka-Inspiron-1545 kernel: [    0.000000] 	RCU restricting CPUs from NR_CPUS=8 to nr_cpu_ids=2.
Jan  2 16:15:38 shrinivaasanka-Inspiron-1545 kernel: [    0.000000] RCU: Adjusting geometry for rcu_fanout_leaf=16, nr_cpu_ids=2
Jan  2 16:15:38 shrinivaasanka-Inspiron-1545 kernel: [    0.000000] NR_IRQS:2304 nr_irqs:512 16
Jan  2 16:15:38 shrinivaasanka-Inspiron-1545 kernel: [    0.000000] CPU 0 irqstacks, hard=f5c08000 soft=f5c0a000
Jan  2 16:15:38 shrinivaasanka-Inspiron-1545 kernel: [    0.000000] Console: colour dummy device 80x25
Jan  2 16:15:38 shrinivaasanka-Inspiron-1545 kernel: [    0.000000] console [tty0] enabled
Jan  2 16:15:38 shrinivaasanka-Inspiron-1545 kernel: [    0.000000] allocated 6291456 bytes of page_cgroup
Jan  2 16:15:38 shrinivaasanka-Inspiron-1545 kernel: [    0.000000] please try 'cgroup_disable=memory' option if you don't want memory cgroups
Jan  2 16:15:38 shrinivaasanka-Inspiron-1545 kernel: [    0.000000] hpet clockevent registered
Jan  2 16:15:38 shrinivaasanka-Inspiron-1545 kernel: [    0.000000] tsc: Fast TSC calibration using PIT
Jan  2 16:15:38 shrinivaasanka-Inspiron-1545 kernel: [    0.000000] tsc: Detected 1994.968 MHz processor
Jan  2 16:15:38 shrinivaasanka-Inspiron-1545 kernel: [    0.004014] Calibrating delay loop (skipped), value calculated using timer frequency.. 3989.93 BogoMIPS (lpj=7979872)
Jan  2 16:15:38 shrinivaasanka-Inspiron-1545 kernel: [    0.004018] pid_max: default: 32768 minimum: 301
Jan  2 16:15:38 shrinivaasanka-Inspiron-1545 kernel: [    0.004032] ACPI: Core revision 20140214
Jan  2 16:15:38 shrinivaasanka-Inspiron-1545 kernel: [    0.011889] ACPI: All ACPI Tables successfully acquired
Jan  2 16:15:38 shrinivaasanka-Inspiron-1545 kernel: [    0.012029] Security Framework initialized
Jan  2 16:15:38 shrinivaasanka-Inspiron-1545 kernel: [    0.012048] AppArmor: AppArmor initialized
Jan  2 16:15:38 shrinivaasanka-Inspiron-1545 kernel: [    0.012050] Yama: becoming mindful.
Jan  2 16:15:38 shrinivaasanka-Inspiron-1545 kernel: [    0.012105] Mount-cache hash table entries: 2048 (order: 1, 8192 bytes)
Jan  2 16:15:38 shrinivaasanka-Inspiron-1545 kernel: [    0.012107] Mountpoint-cache hash table entries: 2048 (order: 1, 8192 bytes)
Jan  2 16:15:38 shrinivaasanka-Inspiron-1545 kernel: [    0.016041] Initializing cgroup subsys memory
Jan  2 16:15:38 shrinivaasanka-Inspiron-1545 kernel: [    0.016049] Initializing cgroup subsys devices
Jan  2 16:15:38 shrinivaasanka-Inspiron-1545 kernel: [    0.016052] Initializing cgroup subsys freezer
Jan  2 16:15:38 shrinivaasanka-Inspiron-1545 kernel: [    0.016055] Initializing cgroup subsys net_cls
Jan  2 16:15:38 shrinivaasanka-Inspiron-1545 kernel: [    0.016057] Initializing cgroup subsys blkio
Jan  2 16:15:38 shrinivaasanka-Inspiron-1545 kernel: [    0.016060] Initializing cgroup subsys perf_event
Jan  2 16:15:38 shrinivaasanka-Inspiron-1545 kernel: [    0.016062] Initializing cgroup subsys net_prio
Jan  2 16:15:38 shrinivaasanka-Inspiron-1545 kernel: [    0.016065] Initializing cgroup subsys hugetlb
Jan  2 16:15:38 shrinivaasanka-Inspiron-1545 kernel: [    0.016092] CPU: Physical Processor ID: 0
Jan  2 16:15:38 shrinivaasanka-Inspiron-1545 kernel: [    0.016094] CPU: Processor Core ID: 0
Jan  2 16:15:38 shrinivaasanka-Inspiron-1545 kernel: [    0.016097] mce: CPU supports 6 MCE banks
Jan  2 16:15:38 shrinivaasanka-Inspiron-1545 kernel: [    0.016106] CPU0: Thermal monitoring enabled (TM2)
Jan  2 16:15:38 shrinivaasanka-Inspiron-1545 kernel: [    0.016116] Last level iTLB entries: 4KB 128, 2MB 4, 4MB 4
Jan  2 16:15:38 shrinivaasanka-Inspiron-1545 kernel: [    0.016116] Last level dTLB entries: 4KB 256, 2MB 0, 4MB 32, 1GB 0
Jan  2 16:15:38 shrinivaasanka-Inspiron-1545 kernel: [    0.016116] tlb_flushall_shift: -1
Jan  2 16:15:38 shrinivaasanka-Inspiron-1545 kernel: [    0.016638] Freeing SMP alternatives memory: 32K (c1af2000 - c1afa000)
Jan  2 16:15:38 shrinivaasanka-Inspiron-1545 kernel: [    0.017791] ftrace: allocating 28358 entries in 56 pages
Jan  2 16:15:38 shrinivaasanka-Inspiron-1545 kernel: [    0.028101] Enabling APIC mode:  Flat.  Using 1 I/O APICs
Jan  2 16:15:38 shrinivaasanka-Inspiron-1545 kernel: [    0.028543] ..TIMER: vector=0x30 apic1=0 pin1=2 apic2=-1 pin2=-1
Jan  2 16:15:38 shrinivaasanka-Inspiron-1545 kernel: [    0.070796] smpboot: CPU0: Intel(R) Core(TM)2 Duo CPU     T6400  @ 2.00GHz (fam: 06, model: 17, stepping: 0a)
Jan  2 16:15:38 shrinivaasanka-Inspiron-1545 kernel: [    0.072000] Performance Events: PEBS fmt0+, 4-deep LBR, Core2 events, Intel PMU driver.
Jan  2 16:15:38 shrinivaasanka-Inspiron-1545 kernel: [    0.072000] ... version:                2
Jan  2 16:15:38 shrinivaasanka-Inspiron-1545 kernel: [    0.072000] ... bit width:              40
Jan  2 16:15:38 shrinivaasanka-Inspiron-1545 kernel: [    0.072000] ... generic registers:      2
Jan  2 16:15:38 shrinivaasanka-Inspiron-1545 kernel: [    0.072000] ... value mask:             000000ffffffffff
Jan  2 16:15:38 shrinivaasanka-Inspiron-1545 kernel: [    0.072000] ... max period:             000000007fffffff
Jan  2 16:15:38 shrinivaasanka-Inspiron-1545 kernel: [    0.072000] ... fixed-purpose events:   3
Jan  2 16:15:38 shrinivaasanka-Inspiron-1545 kernel: [    0.072000] ... event mask:             0000000700000003
Jan  2 16:15:38 shrinivaasanka-Inspiron-1545 kernel: [    0.072000] CPU 1 irqstacks, hard=f5ce6000 soft=f5cf0000
Jan  2 16:15:38 shrinivaasanka-Inspiron-1545 kernel: [    0.072000] x86: Booting SMP configuration:
Jan  2 16:15:38 shrinivaasanka-Inspiron-1545 kernel: [    0.072000] .... node  #0, CPUs:      #1
Jan  2 16:15:38 shrinivaasanka-Inspiron-1545 kernel: [    0.008000] Initializing CPU#1
Jan  2 16:15:38 shrinivaasanka-Inspiron-1545 kernel: [    0.086254] x86: Booted up 1 node, 2 CPUs
Jan  2 16:15:38 shrinivaasanka-Inspiron-1545 kernel: [    0.086259] smpboot: Total of 2 processors activated (7979.87 BogoMIPS)
Jan  2 16:15:38 shrinivaasanka-Inspiron-1545 kernel: [    0.086351] NMI watchdog: enabled on all CPUs, permanently consumes one hw-PMU counter.
Jan  2 16:15:38 shrinivaasanka-Inspiron-1545 kernel: [    0.088014] devtmpfs: initialized
Jan  2 16:15:38 shrinivaasanka-Inspiron-1545 kernel: [    0.088499] evm: security.selinux
Jan  2 16:15:38 shrinivaasanka-Inspiron-1545 kernel: [    0.088502] evm: security.SMACK64
Jan  2 16:15:38 shrinivaasanka-Inspiron-1545 kernel: [    0.088503] evm: security.ima
Jan  2 16:15:38 shrinivaasanka-Inspiron-1545 kernel: [    0.088505] evm: security.capability
Jan  2 16:15:38 shrinivaasanka-Inspiron-1545 kernel: [    0.088531] PM: Registering ACPI NVS region [mem 0xbd8bf400-0xbdac13ff] (2105344 bytes)
Jan  2 16:15:38 shrinivaasanka-Inspiron-1545 kernel: [    0.089491] pinctrl core: initialized pinctrl subsystem
Jan  2 16:15:38 shrinivaasanka-Inspiron-1545 kernel: [    0.089597] regulator-dummy: no parameters
Jan  2 16:15:38 shrinivaasanka-Inspiron-1545 kernel: [    0.089642] RTC time: 16:15:19, date: 01/02/15
Jan  2 16:15:38 shrinivaasanka-Inspiron-1545 kernel: [    0.089642] NET: Registered protocol family 16
Jan  2 16:15:38 shrinivaasanka-Inspiron-1545 kernel: [    0.089642] EISA bus registered
Jan  2 16:15:38 shrinivaasanka-Inspiron-1545 kernel: [    0.089642] cpuidle: using governor ladder
Jan  2 16:15:38 shrinivaasanka-Inspiron-1545 kernel: [    0.089642] cpuidle: using governor menu
Jan  2 16:15:38 shrinivaasanka-Inspiron-1545 kernel: [    0.089642] ACPI: bus type PCI registered
Jan  2 16:15:38 shrinivaasanka-Inspiron-1545 kernel: [    0.089642] acpiphp: ACPI Hot Plug PCI Controller Driver version: 0.5
Jan  2 16:15:38 shrinivaasanka-Inspiron-1545 kernel: [    0.089642] PCI: MMCONFIG for domain 0000 [bus 00-3f] at [mem 0xf8000000-0xfbffffff] (base 0xf8000000)
Jan  2 16:15:38 shrinivaasanka-Inspiron-1545 kernel: [    0.089642] PCI: MMCONFIG at [mem 0xf8000000-0xfbffffff] reserved in E820
Jan  2 16:15:38 shrinivaasanka-Inspiron-1545 kernel: [    0.089642] PCI: Using MMCONFIG for extended config space
Jan  2 16:15:38 shrinivaasanka-Inspiron-1545 kernel: [    0.089642] PCI: Using configuration type 1 for base access
Jan  2 16:15:38 shrinivaasanka-Inspiron-1545 kernel: [    0.089642] dmi type 0xB1 record - unknown flag
Jan  2 16:15:38 shrinivaasanka-Inspiron-1545 kernel: [    0.092118] ACPI: Added _OSI(Module Device)
Jan  2 16:15:38 shrinivaasanka-Inspiron-1545 kernel: [    0.092121] ACPI: Added _OSI(Processor Device)
Jan  2 16:15:38 shrinivaasanka-Inspiron-1545 kernel: [    0.092123] ACPI: Added _OSI(3.0 _SCP Extensions)
Jan  2 16:15:38 shrinivaasanka-Inspiron-1545 kernel: [    0.092125] ACPI: Added _OSI(Processor Aggregator Device)
Jan  2 16:15:38 shrinivaasanka-Inspiron-1545 kernel: [    0.112128] [Firmware Bug]: ACPI: BIOS _OSI(Linux) query ignored
Jan  2 16:15:38 shrinivaasanka-Inspiron-1545 kernel: [    0.116781] ACPI: SSDT 0xBDAC29CF 00023F (v01 PmRef  BspIst   00003000 INTL 20050624)
Jan  2 16:15:38 shrinivaasanka-Inspiron-1545 kernel: [    0.117116] ACPI: Dynamic OEM Table Load:
Jan  2 16:15:38 shrinivaasanka-Inspiron-1545 kernel: [    0.117119] ACPI: SSDT 0x00000000 00023F (v01 PmRef  BspIst   00003000 INTL 20050624)
Jan  2 16:15:38 shrinivaasanka-Inspiron-1545 kernel: [    0.117251] ACPI: SSDT 0xBDAC2DE5 0005C6 (v01 PmRef  BspCst   00003001 INTL 20050624)
Jan  2 16:15:38 shrinivaasanka-Inspiron-1545 kernel: [    0.117696] ACPI: Dynamic OEM Table Load:
Jan  2 16:15:38 shrinivaasanka-Inspiron-1545 kernel: [    0.117700] ACPI: SSDT 0x00000000 0005C6 (v01 PmRef  BspCst   00003001 INTL 20050624)
Jan  2 16:15:38 shrinivaasanka-Inspiron-1545 kernel: [    0.117984] ACPI: SSDT 0xBDAC2C0E 0001D7 (v01 PmRef  ApIst    00003000 INTL 20050624)
Jan  2 16:15:38 shrinivaasanka-Inspiron-1545 kernel: [    0.118334] ACPI: Dynamic OEM Table Load:
Jan  2 16:15:38 shrinivaasanka-Inspiron-1545 kernel: [    0.118337] ACPI: SSDT 0x00000000 0001D7 (v01 PmRef  ApIst    00003000 INTL 20050624)
Jan  2 16:15:38 shrinivaasanka-Inspiron-1545 kernel: [    0.118417] ACPI: SSDT 0xBDAC33AB 00008D (v01 PmRef  ApCst    00003000 INTL 20050624)
Jan  2 16:15:38 shrinivaasanka-Inspiron-1545 kernel: [    0.118693] ACPI: Dynamic OEM Table Load:
Jan  2 16:15:38 shrinivaasanka-Inspiron-1545 kernel: [    0.118696] ACPI: SSDT 0x00000000 00008D (v01 PmRef  ApCst    00003000 INTL 20050624)
Jan  2 16:15:38 shrinivaasanka-Inspiron-1545 kernel: [    0.118915] ACPI: Interpreter enabled
Jan  2 16:15:38 shrinivaasanka-Inspiron-1545 kernel: [    0.118928] ACPI Exception: AE_NOT_FOUND, While evaluating Sleep State [\_S1_] (20140214/hwxface-580)
Jan  2 16:15:38 shrinivaasanka-Inspiron-1545 kernel: [    0.118932] ACPI Exception: AE_NOT_FOUND, While evaluating Sleep State [\_S2_] (20140214/hwxface-580)
Jan  2 16:15:38 shrinivaasanka-Inspiron-1545 kernel: [    0.118948] ACPI: (supports S0 S3 S4 S5)
Jan  2 16:15:38 shrinivaasanka-Inspiron-1545 kernel: [    0.118950] ACPI: Using IOAPIC for interrupt routing
Jan  2 16:15:38 shrinivaasanka-Inspiron-1545 kernel: [    0.118983] PCI: Using host bridge windows from ACPI; if necessary, use "pci=nocrs" and report a bug
Jan  2 16:15:38 shrinivaasanka-Inspiron-1545 kernel: [    0.204532] ACPI: PCI Root Bridge [PCI0] (domain 0000 [bus 00-ff])
Jan  2 16:15:38 shrinivaasanka-Inspiron-1545 kernel: [    0.204540] acpi PNP0A03:00: _OSC: OS supports [ExtendedConfig ASPM ClockPM Segments MSI]
Jan  2 16:15:38 shrinivaasanka-Inspiron-1545 kernel: [    0.204546] acpi PNP0A03:00: _OSC failed (AE_NOT_FOUND); disabling ASPM
Jan  2 16:15:38 shrinivaasanka-Inspiron-1545 kernel: [    0.238798] acpi PNP0A03:00: [Firmware Info]: MMCONFIG for domain 0000 [bus 00-3f] only partially covers this bridge
Jan  2 16:15:38 shrinivaasanka-Inspiron-1545 kernel: [    0.239062] PCI host bridge to bus 0000:00
Jan  2 16:15:38 shrinivaasanka-Inspiron-1545 kernel: [    0.239066] pci_bus 0000:00: root bus resource [bus 00-ff]
Jan  2 16:15:38 shrinivaasanka-Inspiron-1545 kernel: [    0.239069] pci_bus 0000:00: root bus resource [io  0x0000-0x0cf7]
Jan  2 16:15:38 shrinivaasanka-Inspiron-1545 kernel: [    0.239071] pci_bus 0000:00: root bus resource [io  0x0d00-0xffff]
Jan  2 16:15:38 shrinivaasanka-Inspiron-1545 kernel: [    0.239074] pci_bus 0000:00: root bus resource [mem 0x000a0000-0x000bffff]
Jan  2 16:15:38 shrinivaasanka-Inspiron-1545 kernel: [    0.239077] pci_bus 0000:00: root bus resource [mem 0x000d0000-0x000dffff]
Jan  2 16:15:38 shrinivaasanka-Inspiron-1545 kernel: [    0.239079] pci_bus 0000:00: root bus resource [mem 0xc0000000-0xf7ffffff]
Jan  2 16:15:38 shrinivaasanka-Inspiron-1545 kernel: [    0.239082] pci_bus 0000:00: root bus resource [mem 0xfc000000-0xfebfffff]
Jan  2 16:15:38 shrinivaasanka-Inspiron-1545 kernel: [    0.239085] pci_bus 0000:00: root bus resource [mem 0xfec10000-0xfecfffff]
Jan  2 16:15:38 shrinivaasanka-Inspiron-1545 kernel: [    0.239087] pci_bus 0000:00: root bus resource [mem 0xfed1c000-0xfed1ffff]
Jan  2 16:15:38 shrinivaasanka-Inspiron-1545 kernel: [    0.239090] pci_bus 0000:00: root bus resource [mem 0xfed90000-0xfed9ffff]
Jan  2 16:15:38 shrinivaasanka-Inspiron-1545 kernel: [    0.239092] pci_bus 0000:00: root bus resource [mem 0xfeda7000-0xfedfffff]
Jan  2 16:15:38 shrinivaasanka-Inspiron-1545 kernel: [    0.239095] pci_bus 0000:00: root bus resource [mem 0xfee10000-0xff9fffff]
Jan  2 16:15:38 shrinivaasanka-Inspiron-1545 kernel: [    0.239097] pci_bus 0000:00: root bus resource [mem 0xffc00000-0xffdfffff]
Jan  2 16:15:38 shrinivaasanka-Inspiron-1545 kernel: [    0.239110] pci 0000:00:00.0: [8086:2a40] type 00 class 0x060000
Jan  2 16:15:38 shrinivaasanka-Inspiron-1545 kernel: [    0.239136] DMAR: Forcing write-buffer flush capability
Jan  2 16:15:38 shrinivaasanka-Inspiron-1545 kernel: [    0.239137] DMAR: Disabling IOMMU for graphics on this chipset
Jan  2 16:15:38 shrinivaasanka-Inspiron-1545 kernel: [    0.239253] pci 0000:00:02.0: [8086:2a42] type 00 class 0x030000
Jan  2 16:15:38 shrinivaasanka-Inspiron-1545 kernel: [    0.239270] pci 0000:00:02.0: reg 0x10: [mem 0xf6c00000-0xf6ffffff 64bit]
Jan  2 16:15:38 shrinivaasanka-Inspiron-1545 kernel: [    0.239280] pci 0000:00:02.0: reg 0x18: [mem 0xe0000000-0xefffffff 64bit pref]
Jan  2 16:15:38 shrinivaasanka-Inspiron-1545 kernel: [    0.239287] pci 0000:00:02.0: reg 0x20: [io  0xefe8-0xefef]
Jan  2 16:15:38 shrinivaasanka-Inspiron-1545 kernel: [    0.239418] pci 0000:00:02.1: [8086:2a43] type 00 class 0x038000
Jan  2 16:15:38 shrinivaasanka-Inspiron-1545 kernel: [    0.239431] pci 0000:00:02.1: reg 0x10: [mem 0xf6b00000-0xf6bfffff 64bit]
Jan  2 16:15:38 shrinivaasanka-Inspiron-1545 kernel: [    0.239619] pci 0000:00:1a.0: [8086:2937] type 00 class 0x0c0300
Jan  2 16:15:38 shrinivaasanka-Inspiron-1545 kernel: [    0.240005] pci 0000:00:1a.0: reg 0x20: [io  0x6f60-0x6f7f]
Jan  2 16:15:38 shrinivaasanka-Inspiron-1545 kernel: [    0.243992] pci 0000:00:1a.0: System wakeup disabled by ACPI
Jan  2 16:15:38 shrinivaasanka-Inspiron-1545 kernel: [    0.244068] pci 0000:00:1a.1: [8086:2938] type 00 class 0x0c0300
Jan  2 16:15:38 shrinivaasanka-Inspiron-1545 kernel: [    0.244133] pci 0000:00:1a.1: reg 0x20: [io  0x6f80-0x6f9f]
Jan  2 16:15:38 shrinivaasanka-Inspiron-1545 kernel: [    0.248081] pci 0000:00:1a.1: System wakeup disabled by ACPI
Jan  2 16:15:38 shrinivaasanka-Inspiron-1545 kernel: [    0.248153] pci 0000:00:1a.2: [8086:2939] type 00 class 0x0c0300
Jan  2 16:15:38 shrinivaasanka-Inspiron-1545 kernel: [    0.248217] pci 0000:00:1a.2: reg 0x20: [io  0x6fa0-0x6fbf]
Jan  2 16:15:38 shrinivaasanka-Inspiron-1545 kernel: [    0.252030] pci 0000:00:1a.2: System wakeup disabled by ACPI
Jan  2 16:15:38 shrinivaasanka-Inspiron-1545 kernel: [    0.252111] pci 0000:00:1a.7: [8086:293c] type 00 class 0x0c0320
Jan  2 16:15:38 shrinivaasanka-Inspiron-1545 kernel: [    0.252141] pci 0000:00:1a.7: reg 0x10: [mem 0xfed1c400-0xfed1c7ff]
Jan  2 16:15:38 shrinivaasanka-Inspiron-1545 kernel: [    0.252265] pci 0000:00:1a.7: PME# supported from D0 D3hot D3cold
Jan  2 16:15:38 shrinivaasanka-Inspiron-1545 kernel: [    0.256084] pci 0000:00:1a.7: System wakeup disabled by ACPI
Jan  2 16:15:38 shrinivaasanka-Inspiron-1545 kernel: [    0.256162] pci 0000:00:1b.0: [8086:293e] type 00 class 0x040300
Jan  2 16:15:38 shrinivaasanka-Inspiron-1545 kernel: [    0.256187] pci 0000:00:1b.0: reg 0x10: [mem 0xf6afc000-0xf6afffff 64bit]
Jan  2 16:15:38 shrinivaasanka-Inspiron-1545 kernel: [    0.256309] pci 0000:00:1b.0: PME# supported from D0 D3hot D3cold
Jan  2 16:15:38 shrinivaasanka-Inspiron-1545 kernel: [    0.256379] pci 0000:00:1b.0: System wakeup disabled by ACPI
Jan  2 16:15:38 shrinivaasanka-Inspiron-1545 kernel: [    0.256447] pci 0000:00:1c.0: [8086:2940] type 01 class 0x060400
Jan  2 16:15:38 shrinivaasanka-Inspiron-1545 kernel: [    0.256573] pci 0000:00:1c.0: PME# supported from D0 D3hot D3cold
Jan  2 16:15:38 shrinivaasanka-Inspiron-1545 kernel: [    0.256644] pci 0000:00:1c.0: System wakeup disabled by ACPI
Jan  2 16:15:38 shrinivaasanka-Inspiron-1545 kernel: [    0.256712] pci 0000:00:1c.1: [8086:2942] type 01 class 0x060400
Jan  2 16:15:38 shrinivaasanka-Inspiron-1545 kernel: [    0.256836] pci 0000:00:1c.1: PME# supported from D0 D3hot D3cold
Jan  2 16:15:38 shrinivaasanka-Inspiron-1545 kernel: [    0.256908] pci 0000:00:1c.1: System wakeup disabled by ACPI
Jan  2 16:15:38 shrinivaasanka-Inspiron-1545 kernel: [    0.256974] pci 0000:00:1c.2: [8086:2944] type 01 class 0x060400
Jan  2 16:15:38 shrinivaasanka-Inspiron-1545 kernel: [    0.257098] pci 0000:00:1c.2: PME# supported from D0 D3hot D3cold
Jan  2 16:15:38 shrinivaasanka-Inspiron-1545 kernel: [    0.257170] pci 0000:00:1c.2: System wakeup disabled by ACPI
Jan  2 16:15:38 shrinivaasanka-Inspiron-1545 kernel: [    0.257239] pci 0000:00:1c.4: [8086:2948] type 01 class 0x060400
Jan  2 16:15:38 shrinivaasanka-Inspiron-1545 kernel: [    0.257363] pci 0000:00:1c.4: PME# supported from D0 D3hot D3cold
Jan  2 16:15:38 shrinivaasanka-Inspiron-1545 kernel: [    0.257435] pci 0000:00:1c.4: System wakeup disabled by ACPI
Jan  2 16:15:38 shrinivaasanka-Inspiron-1545 kernel: [    0.257507] pci 0000:00:1d.0: [8086:2934] type 00 class 0x0c0300
Jan  2 16:15:38 shrinivaasanka-Inspiron-1545 kernel: [    0.257571] pci 0000:00:1d.0: reg 0x20: [io  0x6f00-0x6f1f]
Jan  2 16:15:38 shrinivaasanka-Inspiron-1545 kernel: [    0.261741] pci 0000:00:1d.0: System wakeup disabled by ACPI
Jan  2 16:15:38 shrinivaasanka-Inspiron-1545 kernel: [    0.261811] pci 0000:00:1d.1: [8086:2935] type 00 class 0x0c0300
Jan  2 16:15:38 shrinivaasanka-Inspiron-1545 kernel: [    0.261875] pci 0000:00:1d.1: reg 0x20: [io  0x6f20-0x6f3f]
Jan  2 16:15:38 shrinivaasanka-Inspiron-1545 kernel: [    0.265992] pci 0000:00:1d.1: System wakeup disabled by ACPI
Jan  2 16:15:38 shrinivaasanka-Inspiron-1545 kernel: [    0.266060] pci 0000:00:1d.2: [8086:2936] type 00 class 0x0c0300
Jan  2 16:15:38 shrinivaasanka-Inspiron-1545 kernel: [    0.266125] pci 0000:00:1d.2: reg 0x20: [io  0x6f40-0x6f5f]
Jan  2 16:15:38 shrinivaasanka-Inspiron-1545 kernel: [    0.270306] pci 0000:00:1d.2: System wakeup disabled by ACPI
Jan  2 16:15:38 shrinivaasanka-Inspiron-1545 kernel: [    0.270387] pci 0000:00:1d.7: [8086:293a] type 00 class 0x0c0320
Jan  2 16:15:38 shrinivaasanka-Inspiron-1545 kernel: [    0.270417] pci 0000:00:1d.7: reg 0x10: [mem 0xfed1c000-0xfed1c3ff]
Jan  2 16:15:38 shrinivaasanka-Inspiron-1545 kernel: [    0.270541] pci 0000:00:1d.7: PME# supported from D0 D3hot D3cold
Jan  2 16:15:38 shrinivaasanka-Inspiron-1545 kernel: [    0.274122] pci 0000:00:1d.7: System wakeup disabled by ACPI
Jan  2 16:15:38 shrinivaasanka-Inspiron-1545 kernel: [    0.274194] pci 0000:00:1e.0: [8086:2448] type 01 class 0x060401
Jan  2 16:15:38 shrinivaasanka-Inspiron-1545 kernel: [    0.274331] pci 0000:00:1e.0: System wakeup disabled by ACPI
Jan  2 16:15:38 shrinivaasanka-Inspiron-1545 kernel: [    0.274401] pci 0000:00:1f.0: [8086:2919] type 00 class 0x060100
Jan  2 16:15:38 shrinivaasanka-Inspiron-1545 kernel: [    0.274669] pci 0000:00:1f.2: [8086:2929] type 00 class 0x010601
Jan  2 16:15:38 shrinivaasanka-Inspiron-1545 kernel: [    0.274701] pci 0000:00:1f.2: reg 0x10: [io  0x6e70-0x6e77]
Jan  2 16:15:38 shrinivaasanka-Inspiron-1545 kernel: [    0.274714] pci 0000:00:1f.2: reg 0x14: [io  0x6e78-0x6e7b]
Jan  2 16:15:38 shrinivaasanka-Inspiron-1545 kernel: [    0.274727] pci 0000:00:1f.2: reg 0x18: [io  0x6e80-0x6e87]
Jan  2 16:15:38 shrinivaasanka-Inspiron-1545 kernel: [    0.274740] pci 0000:00:1f.2: reg 0x1c: [io  0x6e88-0x6e8b]
Jan  2 16:15:38 shrinivaasanka-Inspiron-1545 kernel: [    0.274753] pci 0000:00:1f.2: reg 0x20: [io  0x6ea0-0x6ebf]
Jan  2 16:15:38 shrinivaasanka-Inspiron-1545 kernel: [    0.274766] pci 0000:00:1f.2: reg 0x24: [mem 0xfed1c800-0xfed1cfff]
Jan  2 16:15:38 shrinivaasanka-Inspiron-1545 kernel: [    0.274844] pci 0000:00:1f.2: PME# supported from D3hot
Jan  2 16:15:38 shrinivaasanka-Inspiron-1545 kernel: [    0.274970] pci 0000:00:1f.3: [8086:2930] type 00 class 0x0c0500
Jan  2 16:15:38 shrinivaasanka-Inspiron-1545 kernel: [    0.274994] pci 0000:00:1f.3: reg 0x10: [mem 0xf6afbf00-0xf6afbfff 64bit]
Jan  2 16:15:38 shrinivaasanka-Inspiron-1545 kernel: [    0.275028] pci 0000:00:1f.3: reg 0x20: [io  0x1100-0x111f]
Jan  2 16:15:38 shrinivaasanka-Inspiron-1545 kernel: [    0.275252] pci 0000:00:1c.0: PCI bridge to [bus 0b]
Jan  2 16:15:38 shrinivaasanka-Inspiron-1545 kernel: [    0.275622] pci 0000:0c:00.0: [14e4:4315] type 00 class 0x028000
Jan  2 16:15:38 shrinivaasanka-Inspiron-1545 kernel: [    0.275695] pci 0000:0c:00.0: reg 0x10: [mem 0xf69fc000-0xf69fffff 64bit]
Jan  2 16:15:38 shrinivaasanka-Inspiron-1545 kernel: [    0.276329] pci 0000:0c:00.0: supports D1 D2
Jan  2 16:15:38 shrinivaasanka-Inspiron-1545 kernel: [    0.276331] pci 0000:0c:00.0: PME# supported from D0 D3hot D3cold
Jan  2 16:15:38 shrinivaasanka-Inspiron-1545 kernel: [    0.276755] pci 0000:00:1c.1: PCI bridge to [bus 0c]
Jan  2 16:15:38 shrinivaasanka-Inspiron-1545 kernel: [    0.276764] pci 0000:00:1c.1:   bridge window [mem 0xf6900000-0xf69fffff]
Jan  2 16:15:38 shrinivaasanka-Inspiron-1545 kernel: [    0.276901] pci 0000:09:00.0: [11ab:4354] type 00 class 0x020000
Jan  2 16:15:38 shrinivaasanka-Inspiron-1545 kernel: [    0.276938] pci 0000:09:00.0: reg 0x10: [mem 0xf68fc000-0xf68fffff 64bit]
Jan  2 16:15:38 shrinivaasanka-Inspiron-1545 kernel: [    0.276957] pci 0000:09:00.0: reg 0x18: [io  0xde00-0xdeff]
Jan  2 16:15:38 shrinivaasanka-Inspiron-1545 kernel: [    0.277126] pci 0000:09:00.0: supports D1 D2
Jan  2 16:15:38 shrinivaasanka-Inspiron-1545 kernel: [    0.277129] pci 0000:09:00.0: PME# supported from D0 D1 D2 D3hot D3cold
Jan  2 16:15:38 shrinivaasanka-Inspiron-1545 kernel: [    0.284027] pci 0000:00:1c.2: PCI bridge to [bus 09]
Jan  2 16:15:38 shrinivaasanka-Inspiron-1545 kernel: [    0.284033] pci 0000:00:1c.2:   bridge window [io  0xd000-0xdfff]
Jan  2 16:15:38 shrinivaasanka-Inspiron-1545 kernel: [    0.284039] pci 0000:00:1c.2:   bridge window [mem 0xf6800000-0xf68fffff]
Jan  2 16:15:38 shrinivaasanka-Inspiron-1545 kernel: [    0.284170] acpiphp: Slot [1] registered
Jan  2 16:15:38 shrinivaasanka-Inspiron-1545 kernel: [    0.284178] pci 0000:00:1c.4: PCI bridge to [bus 0d-0e]
Jan  2 16:15:38 shrinivaasanka-Inspiron-1545 kernel: [    0.284184] pci 0000:00:1c.4:   bridge window [io  0xc000-0xcfff]
Jan  2 16:15:38 shrinivaasanka-Inspiron-1545 kernel: [    0.284189] pci 0000:00:1c.4:   bridge window [mem 0xf6600000-0xf67fffff]
Jan  2 16:15:38 shrinivaasanka-Inspiron-1545 kernel: [    0.284198] pci 0000:00:1c.4:   bridge window [mem 0xf0000000-0xf01fffff 64bit pref]
Jan  2 16:15:38 shrinivaasanka-Inspiron-1545 kernel: [    0.284335] pci 0000:00:1e.0: PCI bridge to [bus 03] (subtractive decode)
Jan  2 16:15:38 shrinivaasanka-Inspiron-1545 kernel: [    0.284350] pci 0000:00:1e.0:   bridge window [io  0x0000-0x0cf7] (subtractive decode)
Jan  2 16:15:38 shrinivaasanka-Inspiron-1545 kernel: [    0.284352] pci 0000:00:1e.0:   bridge window [io  0x0d00-0xffff] (subtractive decode)
Jan  2 16:15:38 shrinivaasanka-Inspiron-1545 kernel: [    0.284355] pci 0000:00:1e.0:   bridge window [mem 0x000a0000-0x000bffff] (subtractive decode)
Jan  2 16:15:38 shrinivaasanka-Inspiron-1545 kernel: [    0.284358] pci 0000:00:1e.0:   bridge window [mem 0x000d0000-0x000dffff] (subtractive decode)
Jan  2 16:15:38 shrinivaasanka-Inspiron-1545 kernel: [    0.284361] pci 0000:00:1e.0:   bridge window [mem 0xc0000000-0xf7ffffff] (subtractive decode)
Jan  2 16:15:38 shrinivaasanka-Inspiron-1545 kernel: [    0.284363] pci 0000:00:1e.0:   bridge window [mem 0xfc000000-0xfebfffff] (subtractive decode)
Jan  2 16:15:38 shrinivaasanka-Inspiron-1545 kernel: [    0.284366] pci 0000:00:1e.0:   bridge window [mem 0xfec10000-0xfecfffff] (subtractive decode)
Jan  2 16:15:38 shrinivaasanka-Inspiron-1545 kernel: [    0.284369] pci 0000:00:1e.0:   bridge window [mem 0xfed1c000-0xfed1ffff] (subtractive decode)
Jan  2 16:15:38 shrinivaasanka-Inspiron-1545 kernel: [    0.284371] pci 0000:00:1e.0:   bridge window [mem 0xfed90000-0xfed9ffff] (subtractive decode)
Jan  2 16:15:38 shrinivaasanka-Inspiron-1545 kernel: [    0.284374] pci 0000:00:1e.0:   bridge window [mem 0xfeda7000-0xfedfffff] (subtractive decode)
Jan  2 16:15:38 shrinivaasanka-Inspiron-1545 kernel: [    0.284377] pci 0000:00:1e.0:   bridge window [mem 0xfee10000-0xff9fffff] (subtractive decode)
Jan  2 16:15:38 shrinivaasanka-Inspiron-1545 kernel: [    0.284379] pci 0000:00:1e.0:   bridge window [mem 0xffc00000-0xffdfffff] (subtractive decode)
Jan  2 16:15:38 shrinivaasanka-Inspiron-1545 kernel: [    0.284613] pci_bus 0000:00: on NUMA node 0
Jan  2 16:15:38 shrinivaasanka-Inspiron-1545 kernel: [    0.284913] ACPI: PCI Interrupt Link [LNKA] (IRQs *10 11)
Jan  2 16:15:38 shrinivaasanka-Inspiron-1545 kernel: [    0.285015] ACPI: PCI Interrupt Link [LNKB] (IRQs 5 7) *4
Jan  2 16:15:38 shrinivaasanka-Inspiron-1545 kernel: [    0.285115] ACPI: PCI Interrupt Link [LNKC] (IRQs *10 11)
Jan  2 16:15:38 shrinivaasanka-Inspiron-1545 kernel: [    0.285201] ACPI: PCI Interrupt Link [LNKD] (IRQs 5 7 10 11) *0, disabled.
Jan  2 16:15:38 shrinivaasanka-Inspiron-1545 kernel: [    0.285302] ACPI: PCI Interrupt Link [LNKE] (IRQs 3 4 5 6 7 10 *11 12 14 15)
Jan  2 16:15:38 shrinivaasanka-Inspiron-1545 kernel: [    0.285404] ACPI: PCI Interrupt Link [LNKF] (IRQs 3 4 5 6 *7 10 11 12 14 15)
Jan  2 16:15:38 shrinivaasanka-Inspiron-1545 kernel: [    0.285507] ACPI: PCI Interrupt Link [LNKG] (IRQs 3 4 *5 6 7 10 11 12 14 15)
Jan  2 16:15:38 shrinivaasanka-Inspiron-1545 kernel: [    0.285596] ACPI: PCI Interrupt Link [LNKH] (IRQs 3 4 5 6 7 10 11 12 14 15) *0, disabled.
Jan  2 16:15:38 shrinivaasanka-Inspiron-1545 kernel: [    0.285688] ACPI: Enabled 4 GPEs in block 00 to 3F
Jan  2 16:15:38 shrinivaasanka-Inspiron-1545 kernel: [    0.285820] vgaarb: device added: PCI:0000:00:02.0,decodes=io+mem,owns=io+mem,locks=none
Jan  2 16:15:38 shrinivaasanka-Inspiron-1545 kernel: [    0.285820] vgaarb: loaded
Jan  2 16:15:38 shrinivaasanka-Inspiron-1545 kernel: [    0.285820] vgaarb: bridge control possible 0000:00:02.0
Jan  2 16:15:38 shrinivaasanka-Inspiron-1545 kernel: [    0.285820] SCSI subsystem initialized
Jan  2 16:15:38 shrinivaasanka-Inspiron-1545 kernel: [    0.285820] libata version 3.00 loaded.
Jan  2 16:15:38 shrinivaasanka-Inspiron-1545 kernel: [    0.285820] ACPI: bus type USB registered
Jan  2 16:15:38 shrinivaasanka-Inspiron-1545 kernel: [    0.285820] usbcore: registered new interface driver usbfs
Jan  2 16:15:38 shrinivaasanka-Inspiron-1545 kernel: [    0.285820] usbcore: registered new interface driver hub
Jan  2 16:15:38 shrinivaasanka-Inspiron-1545 kernel: [    0.285820] usbcore: registered new device driver usb
Jan  2 16:15:38 shrinivaasanka-Inspiron-1545 kernel: [    0.285820] PCI: Using ACPI for IRQ routing
Jan  2 16:15:38 shrinivaasanka-Inspiron-1545 kernel: [    0.286627] PCI: pci_cache_line_size set to 64 bytes
Jan  2 16:15:38 shrinivaasanka-Inspiron-1545 kernel: [    0.287091] e820: reserve RAM buffer [mem 0x0009f000-0x0009ffff]
Jan  2 16:15:38 shrinivaasanka-Inspiron-1545 kernel: [    0.287094] e820: reserve RAM buffer [mem 0xbd8bf400-0xbfffffff]
Jan  2 16:15:38 shrinivaasanka-Inspiron-1545 kernel: [    0.287234] NetLabel: Initializing
Jan  2 16:15:38 shrinivaasanka-Inspiron-1545 kernel: [    0.287237] NetLabel:  domain hash size = 128
Jan  2 16:15:38 shrinivaasanka-Inspiron-1545 kernel: [    0.287238] NetLabel:  protocols = UNLABELED CIPSOv4
Jan  2 16:15:38 shrinivaasanka-Inspiron-1545 kernel: [    0.287253] NetLabel:  unlabeled traffic allowed by default
Jan  2 16:15:38 shrinivaasanka-Inspiron-1545 kernel: [    0.288121] HPET: 4 timers in total, 0 timers will be used for per-cpu timer
Jan  2 16:15:38 shrinivaasanka-Inspiron-1545 kernel: [    0.288129] hpet0: at MMIO 0xfed00000, IRQs 2, 8, 0, 0
Jan  2 16:15:38 shrinivaasanka-Inspiron-1545 kernel: [    0.288136] hpet0: 4 comparators, 64-bit 14.318180 MHz counter
Jan  2 16:15:38 shrinivaasanka-Inspiron-1545 kernel: [    0.292028] Switched to clocksource hpet
Jan  2 16:15:38 shrinivaasanka-Inspiron-1545 kernel: [    0.303183] AppArmor: AppArmor Filesystem Enabled
Jan  2 16:15:38 shrinivaasanka-Inspiron-1545 kernel: [    0.303228] pnp: PnP ACPI init
Jan  2 16:15:38 shrinivaasanka-Inspiron-1545 kernel: [    0.303256] ACPI: bus type PNP registered
Jan  2 16:15:38 shrinivaasanka-Inspiron-1545 kernel: [    0.303380] system 00:00: [mem 0xff800000-0xff8fffff] has been reserved
Jan  2 16:15:38 shrinivaasanka-Inspiron-1545 kernel: [    0.303386] system 00:00: [mem 0xffc00000-0xffcfffff] has been reserved
Jan  2 16:15:38 shrinivaasanka-Inspiron-1545 kernel: [    0.303391] system 00:00: Plug and Play ACPI device, IDs PNP0c02 (active)
Jan  2 16:15:38 shrinivaasanka-Inspiron-1545 kernel: [    0.303464] pnp 00:01: Plug and Play ACPI device, IDs PNP0f13 (active)
Jan  2 16:15:38 shrinivaasanka-Inspiron-1545 kernel: [    0.303522] pnp 00:02: Plug and Play ACPI device, IDs PNP0303 (active)
Jan  2 16:15:38 shrinivaasanka-Inspiron-1545 kernel: [    0.303576] pnp 00:03: Plug and Play ACPI device, IDs PNP0b00 (active)
Jan  2 16:15:38 shrinivaasanka-Inspiron-1545 kernel: [    0.303628] pnp 00:04: Plug and Play ACPI device, IDs PNP0800 (active)
Jan  2 16:15:38 shrinivaasanka-Inspiron-1545 kernel: [    0.303693] system 00:05: Plug and Play ACPI device, IDs PNP0c01 (active)
Jan  2 16:15:38 shrinivaasanka-Inspiron-1545 kernel: [    0.303715] pnp 00:06: [dma 4]
Jan  2 16:15:38 shrinivaasanka-Inspiron-1545 kernel: [    0.303750] pnp 00:06: Plug and Play ACPI device, IDs PNP0200 (active)
Jan  2 16:15:38 shrinivaasanka-Inspiron-1545 kernel: [    0.303803] pnp 00:07: Plug and Play ACPI device, IDs PNP0c04 (active)
Jan  2 16:15:38 shrinivaasanka-Inspiron-1545 kernel: [    0.303903] system 00:08: [mem 0xfed00000-0xfed003ff] has been reserved
Jan  2 16:15:38 shrinivaasanka-Inspiron-1545 kernel: [    0.303907] system 00:08: Plug and Play ACPI device, IDs PNP0103 PNP0c01 (active)
Jan  2 16:15:38 shrinivaasanka-Inspiron-1545 kernel: [    0.304165] system 00:09: [io  0x0900-0x097f] has been reserved
Jan  2 16:15:38 shrinivaasanka-Inspiron-1545 kernel: [    0.304169] system 00:09: [io  0x04d0-0x04d1] has been reserved
Jan  2 16:15:38 shrinivaasanka-Inspiron-1545 kernel: [    0.304172] system 00:09: [io  0x1000-0x1005] has been reserved
Jan  2 16:15:38 shrinivaasanka-Inspiron-1545 kernel: [    0.304175] system 00:09: [io  0x1008-0x100f] has been reserved
Jan  2 16:15:38 shrinivaasanka-Inspiron-1545 kernel: [    0.304179] system 00:09: Plug and Play ACPI device, IDs PNP0c01 (active)
Jan  2 16:15:38 shrinivaasanka-Inspiron-1545 kernel: [    0.304262] system 00:0a: [io  0xf400-0xf4fe] has been reserved
Jan  2 16:15:38 shrinivaasanka-Inspiron-1545 kernel: [    0.304266] system 00:0a: [io  0x1006-0x1007] has been reserved
Jan  2 16:15:38 shrinivaasanka-Inspiron-1545 kernel: [    0.304269] system 00:0a: [io  0x100a-0x1059] could not be reserved
Jan  2 16:15:38 shrinivaasanka-Inspiron-1545 kernel: [    0.304272] system 00:0a: [io  0x1060-0x107f] has been reserved
Jan  2 16:15:38 shrinivaasanka-Inspiron-1545 kernel: [    0.304275] system 00:0a: [io  0x1080-0x10bf] has been reserved
Jan  2 16:15:38 shrinivaasanka-Inspiron-1545 kernel: [    0.304278] system 00:0a: [io  0x1100-0x111f] has been reserved
Jan  2 16:15:38 shrinivaasanka-Inspiron-1545 kernel: [    0.304281] system 00:0a: [io  0x1010-0x102f] could not be reserved
Jan  2 16:15:38 shrinivaasanka-Inspiron-1545 kernel: [    0.304284] system 00:0a: [io  0x0809] has been reserved
Jan  2 16:15:38 shrinivaasanka-Inspiron-1545 kernel: [    0.304287] system 00:0a: Plug and Play ACPI device, IDs PNP0c01 (active)
Jan  2 16:15:38 shrinivaasanka-Inspiron-1545 kernel: [    0.322509] system 00:0b: [mem 0x00000000-0x0009efff] could not be reserved
Jan  2 16:15:38 shrinivaasanka-Inspiron-1545 kernel: [    0.322513] system 00:0b: [mem 0x0009f000-0x0009ffff] could not be reserved
Jan  2 16:15:38 shrinivaasanka-Inspiron-1545 kernel: [    0.322516] system 00:0b: [mem 0x000c0000-0x000cffff] could not be reserved
Jan  2 16:15:38 shrinivaasanka-Inspiron-1545 kernel: [    0.322519] system 00:0b: [mem 0x000e0000-0x000fffff] could not be reserved
Jan  2 16:15:38 shrinivaasanka-Inspiron-1545 kernel: [    0.322523] system 00:0b: [mem 0x00100000-0xbd8bf3ff] could not be reserved
Jan  2 16:15:38 shrinivaasanka-Inspiron-1545 kernel: [    0.322526] system 00:0b: [mem 0xbd8bf400-0xbdafffff] could not be reserved
Jan  2 16:15:38 shrinivaasanka-Inspiron-1545 kernel: [    0.322529] system 00:0b: [mem 0xbdb00000-0xbdbfffff] has been reserved
Jan  2 16:15:38 shrinivaasanka-Inspiron-1545 kernel: [    0.322532] system 00:0b: [mem 0xffe00000-0xffffffff] has been reserved
Jan  2 16:15:38 shrinivaasanka-Inspiron-1545 kernel: [    0.322535] system 00:0b: [mem 0xffa00000-0xffbfffff] has been reserved
Jan  2 16:15:38 shrinivaasanka-Inspiron-1545 kernel: [    0.322538] system 00:0b: [mem 0xfec00000-0xfec0ffff] could not be reserved
Jan  2 16:15:38 shrinivaasanka-Inspiron-1545 kernel: [    0.322542] system 00:0b: [mem 0xfee00000-0xfee0ffff] has been reserved
Jan  2 16:15:38 shrinivaasanka-Inspiron-1545 kernel: [    0.322545] system 00:0b: [mem 0xfed20000-0xfed8ffff] has been reserved
Jan  2 16:15:38 shrinivaasanka-Inspiron-1545 kernel: [    0.322548] system 00:0b: [mem 0xfeda0000-0xfeda3fff] has been reserved
Jan  2 16:15:38 shrinivaasanka-Inspiron-1545 kernel: [    0.322551] system 00:0b: [mem 0xfeda4000-0xfeda4fff] has been reserved
Jan  2 16:15:38 shrinivaasanka-Inspiron-1545 kernel: [    0.322554] system 00:0b: [mem 0xfeda5000-0xfeda5fff] has been reserved
Jan  2 16:15:38 shrinivaasanka-Inspiron-1545 kernel: [    0.322558] system 00:0b: [mem 0xfeda6000-0xfeda6fff] has been reserved
Jan  2 16:15:38 shrinivaasanka-Inspiron-1545 kernel: [    0.322561] system 00:0b: [mem 0xfed1c800-0xfed1cfff] has been reserved
Jan  2 16:15:38 shrinivaasanka-Inspiron-1545 kernel: [    0.322564] system 00:0b: [mem 0xfed18000-0xfed1bfff] has been reserved
Jan  2 16:15:38 shrinivaasanka-Inspiron-1545 kernel: [    0.322567] system 00:0b: [mem 0xf8000000-0xfbffffff] has been reserved
Jan  2 16:15:38 shrinivaasanka-Inspiron-1545 kernel: [    0.322571] system 00:0b: Plug and Play ACPI device, IDs PNP0c01 (active)
Jan  2 16:15:38 shrinivaasanka-Inspiron-1545 kernel: [    0.322615] pnp: PnP ACPI: found 12 devices
Jan  2 16:15:38 shrinivaasanka-Inspiron-1545 kernel: [    0.322617] ACPI: bus type PNP unregistered
Jan  2 16:15:38 shrinivaasanka-Inspiron-1545 kernel: [    0.322620] PnPBIOS: Disabled by ACPI PNP
Jan  2 16:15:38 shrinivaasanka-Inspiron-1545 kernel: [    0.360466] pci 0000:00:1c.0: bridge window [io  0x1000-0x0fff] to [bus 0b] add_size 1000
Jan  2 16:15:38 shrinivaasanka-Inspiron-1545 kernel: [    0.360473] pci 0000:00:1c.0: bridge window [mem 0x00100000-0x000fffff 64bit pref] to [bus 0b] add_size 200000
Jan  2 16:15:38 shrinivaasanka-Inspiron-1545 kernel: [    0.360476] pci 0000:00:1c.0: bridge window [mem 0x00100000-0x000fffff] to [bus 0b] add_size 200000
Jan  2 16:15:38 shrinivaasanka-Inspiron-1545 kernel: [    0.360489] pci 0000:00:1c.1: bridge window [io  0x1000-0x0fff] to [bus 0c] add_size 1000
Jan  2 16:15:38 shrinivaasanka-Inspiron-1545 kernel: [    0.360492] pci 0000:00:1c.1: bridge window [mem 0x00100000-0x000fffff 64bit pref] to [bus 0c] add_size 200000
Jan  2 16:15:38 shrinivaasanka-Inspiron-1545 kernel: [    0.360505] pci 0000:00:1c.2: bridge window [mem 0x00100000-0x000fffff 64bit pref] to [bus 09] add_size 200000
Jan  2 16:15:38 shrinivaasanka-Inspiron-1545 kernel: [    0.360531] pci 0000:00:1c.0: res[14]=[mem 0x00100000-0x000fffff] get_res_add_size add_size 200000
Jan  2 16:15:38 shrinivaasanka-Inspiron-1545 kernel: [    0.360534] pci 0000:00:1c.0: res[15]=[mem 0x00100000-0x000fffff 64bit pref] get_res_add_size add_size 200000
Jan  2 16:15:38 shrinivaasanka-Inspiron-1545 kernel: [    0.360538] pci 0000:00:1c.1: res[15]=[mem 0x00100000-0x000fffff 64bit pref] get_res_add_size add_size 200000
Jan  2 16:15:38 shrinivaasanka-Inspiron-1545 kernel: [    0.360541] pci 0000:00:1c.2: res[15]=[mem 0x00100000-0x000fffff 64bit pref] get_res_add_size add_size 200000
Jan  2 16:15:38 shrinivaasanka-Inspiron-1545 kernel: [    0.360544] pci 0000:00:1c.0: res[13]=[io  0x1000-0x0fff] get_res_add_size add_size 1000
Jan  2 16:15:38 shrinivaasanka-Inspiron-1545 kernel: [    0.360547] pci 0000:00:1c.1: res[13]=[io  0x1000-0x0fff] get_res_add_size add_size 1000
Jan  2 16:15:38 shrinivaasanka-Inspiron-1545 kernel: [    0.360555] pci 0000:00:1c.0: BAR 14: assigned [mem 0xc0000000-0xc01fffff]
Jan  2 16:15:38 shrinivaasanka-Inspiron-1545 kernel: [    0.360565] pci 0000:00:1c.0: BAR 15: assigned [mem 0xc0200000-0xc03fffff 64bit pref]
Jan  2 16:15:38 shrinivaasanka-Inspiron-1545 kernel: [    0.360574] pci 0000:00:1c.1: BAR 15: assigned [mem 0xc0400000-0xc05fffff 64bit pref]
Jan  2 16:15:38 shrinivaasanka-Inspiron-1545 kernel: [    0.360583] pci 0000:00:1c.2: BAR 15: assigned [mem 0xc0600000-0xc07fffff 64bit pref]
Jan  2 16:15:38 shrinivaasanka-Inspiron-1545 kernel: [    0.360587] pci 0000:00:1c.0: BAR 13: assigned [io  0x2000-0x2fff]
Jan  2 16:15:38 shrinivaasanka-Inspiron-1545 kernel: [    0.360591] pci 0000:00:1c.1: BAR 13: assigned [io  0x3000-0x3fff]
Jan  2 16:15:38 shrinivaasanka-Inspiron-1545 kernel: [    0.360594] pci 0000:00:1c.0: PCI bridge to [bus 0b]
Jan  2 16:15:38 shrinivaasanka-Inspiron-1545 kernel: [    0.360598] pci 0000:00:1c.0:   bridge window [io  0x2000-0x2fff]
Jan  2 16:15:38 shrinivaasanka-Inspiron-1545 kernel: [    0.360605] pci 0000:00:1c.0:   bridge window [mem 0xc0000000-0xc01fffff]
Jan  2 16:15:38 shrinivaasanka-Inspiron-1545 kernel: [    0.360611] pci 0000:00:1c.0:   bridge window [mem 0xc0200000-0xc03fffff 64bit pref]
Jan  2 16:15:38 shrinivaasanka-Inspiron-1545 kernel: [    0.360619] pci 0000:00:1c.1: PCI bridge to [bus 0c]
Jan  2 16:15:38 shrinivaasanka-Inspiron-1545 kernel: [    0.360623] pci 0000:00:1c.1:   bridge window [io  0x3000-0x3fff]
Jan  2 16:15:38 shrinivaasanka-Inspiron-1545 kernel: [    0.360630] pci 0000:00:1c.1:   bridge window [mem 0xf6900000-0xf69fffff]
Jan  2 16:15:38 shrinivaasanka-Inspiron-1545 kernel: [    0.360636] pci 0000:00:1c.1:   bridge window [mem 0xc0400000-0xc05fffff 64bit pref]
Jan  2 16:15:38 shrinivaasanka-Inspiron-1545 kernel: [    0.360644] pci 0000:00:1c.2: PCI bridge to [bus 09]
Jan  2 16:15:38 shrinivaasanka-Inspiron-1545 kernel: [    0.360648] pci 0000:00:1c.2:   bridge window [io  0xd000-0xdfff]
Jan  2 16:15:38 shrinivaasanka-Inspiron-1545 kernel: [    0.360655] pci 0000:00:1c.2:   bridge window [mem 0xf6800000-0xf68fffff]
Jan  2 16:15:38 shrinivaasanka-Inspiron-1545 kernel: [    0.360661] pci 0000:00:1c.2:   bridge window [mem 0xc0600000-0xc07fffff 64bit pref]
Jan  2 16:15:38 shrinivaasanka-Inspiron-1545 kernel: [    0.360669] pci 0000:00:1c.4: PCI bridge to [bus 0d-0e]
Jan  2 16:15:38 shrinivaasanka-Inspiron-1545 kernel: [    0.360673] pci 0000:00:1c.4:   bridge window [io  0xc000-0xcfff]
Jan  2 16:15:38 shrinivaasanka-Inspiron-1545 kernel: [    0.360680] pci 0000:00:1c.4:   bridge window [mem 0xf6600000-0xf67fffff]
Jan  2 16:15:38 shrinivaasanka-Inspiron-1545 kernel: [    0.360686] pci 0000:00:1c.4:   bridge window [mem 0xf0000000-0xf01fffff 64bit pref]
Jan  2 16:15:38 shrinivaasanka-Inspiron-1545 kernel: [    0.360694] pci 0000:00:1e.0: PCI bridge to [bus 03]
Jan  2 16:15:38 shrinivaasanka-Inspiron-1545 kernel: [    0.360711] pci_bus 0000:00: resource 4 [io  0x0000-0x0cf7]
Jan  2 16:15:38 shrinivaasanka-Inspiron-1545 kernel: [    0.360714] pci_bus 0000:00: resource 5 [io  0x0d00-0xffff]
Jan  2 16:15:38 shrinivaasanka-Inspiron-1545 kernel: [    0.360716] pci_bus 0000:00: resource 6 [mem 0x000a0000-0x000bffff]
Jan  2 16:15:38 shrinivaasanka-Inspiron-1545 kernel: [    0.360719] pci_bus 0000:00: resource 7 [mem 0x000d0000-0x000dffff]
Jan  2 16:15:38 shrinivaasanka-Inspiron-1545 kernel: [    0.360721] pci_bus 0000:00: resource 8 [mem 0xc0000000-0xf7ffffff]
Jan  2 16:15:38 shrinivaasanka-Inspiron-1545 kernel: [    0.360724] pci_bus 0000:00: resource 9 [mem 0xfc000000-0xfebfffff]
Jan  2 16:15:38 shrinivaasanka-Inspiron-1545 kernel: [    0.360726] pci_bus 0000:00: resource 10 [mem 0xfec10000-0xfecfffff]
Jan  2 16:15:38 shrinivaasanka-Inspiron-1545 kernel: [    0.360729] pci_bus 0000:00: resource 11 [mem 0xfed1c000-0xfed1ffff]
Jan  2 16:15:38 shrinivaasanka-Inspiron-1545 kernel: [    0.360732] pci_bus 0000:00: resource 12 [mem 0xfed90000-0xfed9ffff]
Jan  2 16:15:38 shrinivaasanka-Inspiron-1545 kernel: [    0.360734] pci_bus 0000:00: resource 13 [mem 0xfeda7000-0xfedfffff]
Jan  2 16:15:38 shrinivaasanka-Inspiron-1545 kernel: [    0.360737] pci_bus 0000:00: resource 14 [mem 0xfee10000-0xff9fffff]
Jan  2 16:15:38 shrinivaasanka-Inspiron-1545 kernel: [    0.360739] pci_bus 0000:00: resource 15 [mem 0xffc00000-0xffdfffff]
Jan  2 16:15:38 shrinivaasanka-Inspiron-1545 kernel: [    0.360742] pci_bus 0000:0b: resource 0 [io  0x2000-0x2fff]
Jan  2 16:15:38 shrinivaasanka-Inspiron-1545 kernel: [    0.360745] pci_bus 0000:0b: resource 1 [mem 0xc0000000-0xc01fffff]
Jan  2 16:15:38 shrinivaasanka-Inspiron-1545 kernel: [    0.360747] pci_bus 0000:0b: resource 2 [mem 0xc0200000-0xc03fffff 64bit pref]
Jan  2 16:15:38 shrinivaasanka-Inspiron-1545 kernel: [    0.360750] pci_bus 0000:0c: resource 0 [io  0x3000-0x3fff]
Jan  2 16:15:38 shrinivaasanka-Inspiron-1545 kernel: [    0.360752] pci_bus 0000:0c: resource 1 [mem 0xf6900000-0xf69fffff]
Jan  2 16:15:38 shrinivaasanka-Inspiron-1545 kernel: [    0.360755] pci_bus 0000:0c: resource 2 [mem 0xc0400000-0xc05fffff 64bit pref]
Jan  2 16:15:38 shrinivaasanka-Inspiron-1545 kernel: [    0.360758] pci_bus 0000:09: resource 0 [io  0xd000-0xdfff]
Jan  2 16:15:38 shrinivaasanka-Inspiron-1545 kernel: [    0.360760] pci_bus 0000:09: resource 1 [mem 0xf6800000-0xf68fffff]
Jan  2 16:15:38 shrinivaasanka-Inspiron-1545 kernel: [    0.360763] pci_bus 0000:09: resource 2 [mem 0xc0600000-0xc07fffff 64bit pref]
Jan  2 16:15:38 shrinivaasanka-Inspiron-1545 kernel: [    0.360766] pci_bus 0000:0d: resource 0 [io  0xc000-0xcfff]
Jan  2 16:15:38 shrinivaasanka-Inspiron-1545 kernel: [    0.360768] pci_bus 0000:0d: resource 1 [mem 0xf6600000-0xf67fffff]
Jan  2 16:15:38 shrinivaasanka-Inspiron-1545 kernel: [    0.360771] pci_bus 0000:0d: resource 2 [mem 0xf0000000-0xf01fffff 64bit pref]
Jan  2 16:15:38 shrinivaasanka-Inspiron-1545 kernel: [    0.360773] pci_bus 0000:03: resource 4 [io  0x0000-0x0cf7]
Jan  2 16:15:38 shrinivaasanka-Inspiron-1545 kernel: [    0.360776] pci_bus 0000:03: resource 5 [io  0x0d00-0xffff]
Jan  2 16:15:38 shrinivaasanka-Inspiron-1545 kernel: [    0.360778] pci_bus 0000:03: resource 6 [mem 0x000a0000-0x000bffff]
Jan  2 16:15:38 shrinivaasanka-Inspiron-1545 kernel: [    0.360781] pci_bus 0000:03: resource 7 [mem 0x000d0000-0x000dffff]
Jan  2 16:15:38 shrinivaasanka-Inspiron-1545 kernel: [    0.360783] pci_bus 0000:03: resource 8 [mem 0xc0000000-0xf7ffffff]
Jan  2 16:15:38 shrinivaasanka-Inspiron-1545 kernel: [    0.360786] pci_bus 0000:03: resource 9 [mem 0xfc000000-0xfebfffff]
Jan  2 16:15:38 shrinivaasanka-Inspiron-1545 kernel: [    0.360788] pci_bus 0000:03: resource 10 [mem 0xfec10000-0xfecfffff]
Jan  2 16:15:38 shrinivaasanka-Inspiron-1545 kernel: [    0.360791] pci_bus 0000:03: resource 11 [mem 0xfed1c000-0xfed1ffff]
Jan  2 16:15:38 shrinivaasanka-Inspiron-1545 kernel: [    0.360793] pci_bus 0000:03: resource 12 [mem 0xfed90000-0xfed9ffff]
Jan  2 16:15:38 shrinivaasanka-Inspiron-1545 kernel: [    0.360796] pci_bus 0000:03: resource 13 [mem 0xfeda7000-0xfedfffff]
Jan  2 16:15:38 shrinivaasanka-Inspiron-1545 kernel: [    0.360798] pci_bus 0000:03: resource 14 [mem 0xfee10000-0xff9fffff]
Jan  2 16:15:38 shrinivaasanka-Inspiron-1545 kernel: [    0.360801] pci_bus 0000:03: resource 15 [mem 0xffc00000-0xffdfffff]
Jan  2 16:15:38 shrinivaasanka-Inspiron-1545 kernel: [    0.360835] NET: Registered protocol family 2
Jan  2 16:15:38 shrinivaasanka-Inspiron-1545 kernel: [    0.361016] TCP established hash table entries: 8192 (order: 3, 32768 bytes)
Jan  2 16:15:38 shrinivaasanka-Inspiron-1545 kernel: [    0.361034] TCP bind hash table entries: 8192 (order: 4, 65536 bytes)
Jan  2 16:15:38 shrinivaasanka-Inspiron-1545 kernel: [    0.361064] TCP: Hash tables configured (established 8192 bind 8192)
Jan  2 16:15:38 shrinivaasanka-Inspiron-1545 kernel: [    0.361095] TCP: reno registered
Jan  2 16:15:38 shrinivaasanka-Inspiron-1545 kernel: [    0.361098] UDP hash table entries: 512 (order: 2, 16384 bytes)
Jan  2 16:15:38 shrinivaasanka-Inspiron-1545 kernel: [    0.361107] UDP-Lite hash table entries: 512 (order: 2, 16384 bytes)
Jan  2 16:15:38 shrinivaasanka-Inspiron-1545 kernel: [    0.361159] NET: Registered protocol family 1
Jan  2 16:15:38 shrinivaasanka-Inspiron-1545 kernel: [    0.361177] pci 0000:00:02.0: Boot video device
Jan  2 16:15:38 shrinivaasanka-Inspiron-1545 kernel: [    0.364473] PCI: CLS 64 bytes, default 64
Jan  2 16:15:38 shrinivaasanka-Inspiron-1545 kernel: [    0.364527] Trying to unpack rootfs image as initramfs...
Jan  2 16:15:38 shrinivaasanka-Inspiron-1545 kernel: [    5.760977] Freeing initrd memory: 214504K (ddcfc000 - eae76000)
Jan  2 16:15:38 shrinivaasanka-Inspiron-1545 kernel: [    5.761316] microcode: CPU0 sig=0x1067a, pf=0x80, revision=0xa07
Jan  2 16:15:38 shrinivaasanka-Inspiron-1545 kernel: [    5.761327] microcode: CPU1 sig=0x1067a, pf=0x80, revision=0xa07
Jan  2 16:15:38 shrinivaasanka-Inspiron-1545 kernel: [    5.761413] microcode: Microcode Update Driver: v2.00 <tigran@aivazian.fsnet.co.uk>, Peter Oruba
Jan  2 16:15:38 shrinivaasanka-Inspiron-1545 kernel: [    5.761442] Scanning for low memory corruption every 60 seconds
Jan  2 16:15:38 shrinivaasanka-Inspiron-1545 kernel: [    5.761792] futex hash table entries: 512 (order: 3, 32768 bytes)
Jan  2 16:15:38 shrinivaasanka-Inspiron-1545 kernel: [    5.761815] Initialise system trusted keyring
Jan  2 16:15:38 shrinivaasanka-Inspiron-1545 kernel: [    5.761840] audit: initializing netlink subsys (disabled)
Jan  2 16:15:38 shrinivaasanka-Inspiron-1545 kernel: [    5.761865] audit: type=2000 audit(1420215324.756:1): initialized
Jan  2 16:15:38 shrinivaasanka-Inspiron-1545 kernel: [    5.789378] bounce pool size: 64 pages
Jan  2 16:15:38 shrinivaasanka-Inspiron-1545 kernel: [    5.789391] HugeTLB registered 2 MB page size, pre-allocated 0 pages
Jan  2 16:15:38 shrinivaasanka-Inspiron-1545 kernel: [    5.792146] zbud: loaded
Jan  2 16:15:38 shrinivaasanka-Inspiron-1545 kernel: [    5.792220] VFS: Disk quotas dquot_6.5.2
Jan  2 16:15:38 shrinivaasanka-Inspiron-1545 kernel: [    5.792282] Dquot-cache hash table entries: 1024 (order 0, 4096 bytes)
Jan  2 16:15:38 shrinivaasanka-Inspiron-1545 kernel: [    5.792967] fuse init (API version 7.23)
Jan  2 16:15:38 shrinivaasanka-Inspiron-1545 kernel: [    5.793110] msgmni has been set to 1708
Jan  2 16:15:38 shrinivaasanka-Inspiron-1545 kernel: [    5.793187] Key type big_key registered
Jan  2 16:15:38 shrinivaasanka-Inspiron-1545 kernel: [    5.793736] Key type asymmetric registered
Jan  2 16:15:38 shrinivaasanka-Inspiron-1545 kernel: [    5.793738] Asymmetric key parser 'x509' registered
Jan  2 16:15:38 shrinivaasanka-Inspiron-1545 kernel: [    5.793755] Block layer SCSI generic (bsg) driver version 0.4 loaded (major 252)
Jan  2 16:15:38 shrinivaasanka-Inspiron-1545 kernel: [    5.793797] io scheduler noop registered
Jan  2 16:15:38 shrinivaasanka-Inspiron-1545 kernel: [    5.793799] io scheduler deadline registered (default)
Jan  2 16:15:38 shrinivaasanka-Inspiron-1545 kernel: [    5.793850] io scheduler cfq registered
Jan  2 16:15:38 shrinivaasanka-Inspiron-1545 kernel: [    5.793977] pcieport 0000:00:1c.0: device [8086:2940] has invalid IRQ; check vendor BIOS
Jan  2 16:15:38 shrinivaasanka-Inspiron-1545 kernel: [    5.794234] pcieport 0000:00:1c.0: irq 40 for MSI/MSI-X
Jan  2 16:15:38 shrinivaasanka-Inspiron-1545 kernel: [    5.794337] pcieport 0000:00:1c.1: device [8086:2942] has invalid IRQ; check vendor BIOS
Jan  2 16:15:38 shrinivaasanka-Inspiron-1545 kernel: [    5.794543] pcieport 0000:00:1c.1: irq 41 for MSI/MSI-X
Jan  2 16:15:38 shrinivaasanka-Inspiron-1545 kernel: [    5.794644] pcieport 0000:00:1c.2: device [8086:2944] has invalid IRQ; check vendor BIOS
Jan  2 16:15:38 shrinivaasanka-Inspiron-1545 kernel: [    5.794849] pcieport 0000:00:1c.2: irq 42 for MSI/MSI-X
Jan  2 16:15:38 shrinivaasanka-Inspiron-1545 kernel: [    5.794947] pcieport 0000:00:1c.4: device [8086:2948] has invalid IRQ; check vendor BIOS
Jan  2 16:15:38 shrinivaasanka-Inspiron-1545 kernel: [    5.795153] pcieport 0000:00:1c.4: irq 43 for MSI/MSI-X
Jan  2 16:15:38 shrinivaasanka-Inspiron-1545 kernel: [    5.795289] pci_hotplug: PCI Hot Plug PCI Core version: 0.5
Jan  2 16:15:38 shrinivaasanka-Inspiron-1545 kernel: [    5.795312] pciehp: PCI Express Hot Plug Controller Driver version: 0.4
Jan  2 16:15:38 shrinivaasanka-Inspiron-1545 kernel: [    5.795384] vesafb: mode is 1024x768x32, linelength=4096, pages=0
Jan  2 16:15:38 shrinivaasanka-Inspiron-1545 kernel: [    5.795386] vesafb: scrolling: redraw
Jan  2 16:15:38 shrinivaasanka-Inspiron-1545 kernel: [    5.795389] vesafb: Truecolor: size=8:8:8:8, shift=24:16:8:0
Jan  2 16:15:38 shrinivaasanka-Inspiron-1545 kernel: [    5.795569] vesafb: framebuffer at 0xe0000000, mapped to 0xf8480000, using 3072k, total 3072k
Jan  2 16:15:38 shrinivaasanka-Inspiron-1545 kernel: [    5.819642] Console: switching to colour frame buffer device 128x48
Jan  2 16:15:38 shrinivaasanka-Inspiron-1545 kernel: [    5.843580] fb0: VESA VGA frame buffer device
Jan  2 16:15:38 shrinivaasanka-Inspiron-1545 kernel: [    5.843611] intel_idle: does not run on family 6 model 23
Jan  2 16:15:38 shrinivaasanka-Inspiron-1545 kernel: [    5.843621] ipmi message handler version 39.2
Jan  2 16:15:38 shrinivaasanka-Inspiron-1545 kernel: [    5.843757] ACPI: AC Adapter [AC] (on-line)
Jan  2 16:15:38 shrinivaasanka-Inspiron-1545 kernel: [    5.843902] input: Lid Switch as /devices/LNXSYSTM:00/LNXSYBUS:00/PNP0C0D:00/input/input0
Jan  2 16:15:38 shrinivaasanka-Inspiron-1545 kernel: [    5.844812] ACPI: Lid Switch [LID]
Jan  2 16:15:38 shrinivaasanka-Inspiron-1545 kernel: [    5.844877] input: Power Button as /devices/LNXSYSTM:00/LNXSYBUS:00/PNP0C0C:00/input/input1
Jan  2 16:15:38 shrinivaasanka-Inspiron-1545 kernel: [    5.844881] ACPI: Power Button [PBTN]
Jan  2 16:15:38 shrinivaasanka-Inspiron-1545 kernel: [    5.844944] input: Sleep Button as /devices/LNXSYSTM:00/LNXSYBUS:00/PNP0C0E:00/input/input2
Jan  2 16:15:38 shrinivaasanka-Inspiron-1545 kernel: [    5.844947] ACPI: Sleep Button [SBTN]
Jan  2 16:15:38 shrinivaasanka-Inspiron-1545 kernel: [    5.845096] Monitor-Mwait will be used to enter C-1 state
Jan  2 16:15:38 shrinivaasanka-Inspiron-1545 kernel: [    5.845103] Monitor-Mwait will be used to enter C-2 state
Jan  2 16:15:38 shrinivaasanka-Inspiron-1545 kernel: [    5.845107] Monitor-Mwait will be used to enter C-3 state
Jan  2 16:15:38 shrinivaasanka-Inspiron-1545 kernel: [    5.845111] tsc: Marking TSC unstable due to TSC halts in idle
Jan  2 16:15:38 shrinivaasanka-Inspiron-1545 kernel: [    5.845123] ACPI: acpi_idle registered with cpuidle
Jan  2 16:15:38 shrinivaasanka-Inspiron-1545 kernel: [    5.861883] thermal LNXTHERM:00: registered as thermal_zone0
Jan  2 16:15:38 shrinivaasanka-Inspiron-1545 kernel: [    5.861886] ACPI: Thermal Zone [THM] (68 C)
Jan  2 16:15:38 shrinivaasanka-Inspiron-1545 kernel: [    5.861925] GHES: HEST is not enabled!
Jan  2 16:15:38 shrinivaasanka-Inspiron-1545 kernel: [    5.861947] isapnp: Scanning for PnP cards...
Jan  2 16:15:38 shrinivaasanka-Inspiron-1545 kernel: [    5.911453] ACPI: Battery Slot [BAT0] (battery present)
Jan  2 16:15:38 shrinivaasanka-Inspiron-1545 kernel: [    6.194361] isapnp: No Plug & Play device found
Jan  2 16:15:38 shrinivaasanka-Inspiron-1545 kernel: [    6.194504] Serial: 8250/16550 driver, 32 ports, IRQ sharing enabled
Jan  2 16:15:38 shrinivaasanka-Inspiron-1545 kernel: [    6.197549] Linux agpgart interface v0.103
Jan  2 16:15:38 shrinivaasanka-Inspiron-1545 kernel: [    6.197671] agpgart-intel 0000:00:00.0: Intel GM45 Chipset
Jan  2 16:15:38 shrinivaasanka-Inspiron-1545 kernel: [    6.197719] agpgart-intel 0000:00:00.0: detected gtt size: 2097152K total, 262144K mappable
Jan  2 16:15:38 shrinivaasanka-Inspiron-1545 kernel: [    6.198423] agpgart-intel 0000:00:00.0: detected 32768K stolen memory
Jan  2 16:15:38 shrinivaasanka-Inspiron-1545 kernel: [    6.198596] agpgart-intel 0000:00:00.0: AGP aperture is 256M @ 0xe0000000
Jan  2 16:15:38 shrinivaasanka-Inspiron-1545 kernel: [    6.201019] brd: module loaded
Jan  2 16:15:38 shrinivaasanka-Inspiron-1545 kernel: [    6.202204] loop: module loaded
Jan  2 16:15:38 shrinivaasanka-Inspiron-1545 kernel: [    6.202884] libphy: Fixed MDIO Bus: probed
Jan  2 16:15:38 shrinivaasanka-Inspiron-1545 kernel: [    6.203053] tun: Universal TUN/TAP device driver, 1.6
Jan  2 16:15:38 shrinivaasanka-Inspiron-1545 kernel: [    6.203055] tun: (C) 1999-2004 Max Krasnyansky <maxk@qualcomm.com>
Jan  2 16:15:38 shrinivaasanka-Inspiron-1545 kernel: [    6.203129] PPP generic driver version 2.4.2
Jan  2 16:15:38 shrinivaasanka-Inspiron-1545 kernel: [    6.203208] ehci_hcd: USB 2.0 'Enhanced' Host Controller (EHCI) Driver
Jan  2 16:15:38 shrinivaasanka-Inspiron-1545 kernel: [    6.203213] ehci-pci: EHCI PCI platform driver
Jan  2 16:15:38 shrinivaasanka-Inspiron-1545 kernel: [    6.203485] ehci-pci 0000:00:1a.7: EHCI Host Controller
Jan  2 16:15:38 shrinivaasanka-Inspiron-1545 kernel: [    6.203496] ehci-pci 0000:00:1a.7: new USB bus registered, assigned bus number 1
Jan  2 16:15:38 shrinivaasanka-Inspiron-1545 kernel: [    6.203513] ehci-pci 0000:00:1a.7: debug port 1
Jan  2 16:15:38 shrinivaasanka-Inspiron-1545 kernel: [    6.207423] ehci-pci 0000:00:1a.7: cache line size of 64 is not supported
Jan  2 16:15:38 shrinivaasanka-Inspiron-1545 kernel: [    6.207445] ehci-pci 0000:00:1a.7: irq 22, io mem 0xfed1c400
Jan  2 16:15:38 shrinivaasanka-Inspiron-1545 kernel: [    6.216046] ehci-pci 0000:00:1a.7: USB 2.0 started, EHCI 1.00
Jan  2 16:15:38 shrinivaasanka-Inspiron-1545 kernel: [    6.216150] usb usb1: New USB device found, idVendor=1d6b, idProduct=0002
Jan  2 16:15:38 shrinivaasanka-Inspiron-1545 kernel: [    6.216155] usb usb1: New USB device strings: Mfr=3, Product=2, SerialNumber=1
Jan  2 16:15:38 shrinivaasanka-Inspiron-1545 kernel: [    6.216159] usb usb1: Product: EHCI Host Controller
Jan  2 16:15:38 shrinivaasanka-Inspiron-1545 kernel: [    6.216164] usb usb1: Manufacturer: Linux 3.15.5 ehci_hcd
Jan  2 16:15:38 shrinivaasanka-Inspiron-1545 kernel: [    6.216168] usb usb1: SerialNumber: 0000:00:1a.7
Jan  2 16:15:38 shrinivaasanka-Inspiron-1545 kernel: [    6.216392] hub 1-0:1.0: USB hub found
Jan  2 16:15:38 shrinivaasanka-Inspiron-1545 kernel: [    6.216402] hub 1-0:1.0: 6 ports detected
Jan  2 16:15:38 shrinivaasanka-Inspiron-1545 kernel: [    6.216969] ehci-pci 0000:00:1d.7: EHCI Host Controller
Jan  2 16:15:38 shrinivaasanka-Inspiron-1545 kernel: [    6.216976] ehci-pci 0000:00:1d.7: new USB bus registered, assigned bus number 2
Jan  2 16:15:38 shrinivaasanka-Inspiron-1545 kernel: [    6.216992] ehci-pci 0000:00:1d.7: debug port 1
Jan  2 16:15:38 shrinivaasanka-Inspiron-1545 kernel: [    6.220913] ehci-pci 0000:00:1d.7: cache line size of 64 is not supported
Jan  2 16:15:38 shrinivaasanka-Inspiron-1545 kernel: [    6.220931] ehci-pci 0000:00:1d.7: irq 20, io mem 0xfed1c000
Jan  2 16:15:38 shrinivaasanka-Inspiron-1545 kernel: [    6.232223] ehci-pci 0000:00:1d.7: USB 2.0 started, EHCI 1.00
Jan  2 16:15:38 shrinivaasanka-Inspiron-1545 kernel: [    6.232318] usb usb2: New USB device found, idVendor=1d6b, idProduct=0002
Jan  2 16:15:38 shrinivaasanka-Inspiron-1545 kernel: [    6.232323] usb usb2: New USB device strings: Mfr=3, Product=2, SerialNumber=1
Jan  2 16:15:38 shrinivaasanka-Inspiron-1545 kernel: [    6.232327] usb usb2: Product: EHCI Host Controller
Jan  2 16:15:38 shrinivaasanka-Inspiron-1545 kernel: [    6.232331] usb usb2: Manufacturer: Linux 3.15.5 ehci_hcd
Jan  2 16:15:38 shrinivaasanka-Inspiron-1545 kernel: [    6.232335] usb usb2: SerialNumber: 0000:00:1d.7
Jan  2 16:15:38 shrinivaasanka-Inspiron-1545 kernel: [    6.232544] hub 2-0:1.0: USB hub found
Jan  2 16:15:38 shrinivaasanka-Inspiron-1545 kernel: [    6.232552] hub 2-0:1.0: 6 ports detected
Jan  2 16:15:38 shrinivaasanka-Inspiron-1545 kernel: [    6.232870] ehci-platform: EHCI generic platform driver
Jan  2 16:15:38 shrinivaasanka-Inspiron-1545 kernel: [    6.232883] ohci_hcd: USB 1.1 'Open' Host Controller (OHCI) Driver
Jan  2 16:15:38 shrinivaasanka-Inspiron-1545 kernel: [    6.232891] ohci-pci: OHCI PCI platform driver
Jan  2 16:15:38 shrinivaasanka-Inspiron-1545 kernel: [    6.232908] ohci-platform: OHCI generic platform driver
Jan  2 16:15:38 shrinivaasanka-Inspiron-1545 kernel: [    6.232920] uhci_hcd: USB Universal Host Controller Interface driver
Jan  2 16:15:38 shrinivaasanka-Inspiron-1545 kernel: [    6.233141] uhci_hcd 0000:00:1a.0: UHCI Host Controller
Jan  2 16:15:38 shrinivaasanka-Inspiron-1545 kernel: [    6.233148] uhci_hcd 0000:00:1a.0: new USB bus registered, assigned bus number 3
Jan  2 16:15:38 shrinivaasanka-Inspiron-1545 kernel: [    6.233157] uhci_hcd 0000:00:1a.0: detected 2 ports
Jan  2 16:15:38 shrinivaasanka-Inspiron-1545 kernel: [    6.233180] uhci_hcd 0000:00:1a.0: irq 20, io base 0x00006f60
Jan  2 16:15:38 shrinivaasanka-Inspiron-1545 kernel: [    6.233236] usb usb3: New USB device found, idVendor=1d6b, idProduct=0001
Jan  2 16:15:38 shrinivaasanka-Inspiron-1545 kernel: [    6.233238] usb usb3: New USB device strings: Mfr=3, Product=2, SerialNumber=1
