Dec 31 12:24:00 shrinivaasanka-Inspiron-1545 kernel: [    0.000000] ACPI: FACS 0xBDAD2C00 000040
Dec 31 12:24:00 shrinivaasanka-Inspiron-1545 kernel: [    0.000000] ACPI: HPET 0xBDAC3F00 000038 (v01 DELL   WN09     00000001 ASL  00000061)
Dec 31 12:24:00 shrinivaasanka-Inspiron-1545 kernel: [    0.000000] ACPI: APIC 0xBDAC4000 000068 (v01 DELL   WN09     27D90C07 ASL  00000047)
Dec 31 12:24:00 shrinivaasanka-Inspiron-1545 kernel: [    0.000000] ACPI: MCFG 0xBDAC3FC0 00003E (v16 DELL   WN09     27D90C07 ASL  00000061)
Dec 31 12:24:00 shrinivaasanka-Inspiron-1545 kernel: [    0.000000] ACPI: SLIC 0xBDAC409C 000176 (v01 DELL   WN09     27D90C07 ASL  00000061)
Dec 31 12:24:00 shrinivaasanka-Inspiron-1545 kernel: [    0.000000] ACPI: SSDT 0xBDAC2363 00066C (v01 PmRef  CpuPm    00003000 INTL 20050624)
Dec 31 12:24:00 shrinivaasanka-Inspiron-1545 kernel: [    0.000000] ACPI: Local APIC address 0xfee00000
Dec 31 12:24:00 shrinivaasanka-Inspiron-1545 kernel: [    0.000000] 2140MB HIGHMEM available.
Dec 31 12:24:00 shrinivaasanka-Inspiron-1545 kernel: [    0.000000] 891MB LOWMEM available.
Dec 31 12:24:00 shrinivaasanka-Inspiron-1545 kernel: [    0.000000]   mapped low ram: 0 - 37bfe000
Dec 31 12:24:00 shrinivaasanka-Inspiron-1545 kernel: [    0.000000]   low ram: 0 - 37bfe000
Dec 31 12:24:00 shrinivaasanka-Inspiron-1545 kernel: [    0.000000] BRK [0x01c0b000, 0x01c0bfff] PGTABLE
Dec 31 12:24:00 shrinivaasanka-Inspiron-1545 kernel: [    0.000000] Zone ranges:
Dec 31 12:24:00 shrinivaasanka-Inspiron-1545 kernel: [    0.000000]   DMA      [mem 0x00001000-0x00ffffff]
Dec 31 12:24:00 shrinivaasanka-Inspiron-1545 kernel: [    0.000000]   Normal   [mem 0x01000000-0x37bfdfff]
Dec 31 12:24:00 shrinivaasanka-Inspiron-1545 kernel: [    0.000000]   HighMem  [mem 0x37bfe000-0xbd8befff]
Dec 31 12:24:00 shrinivaasanka-Inspiron-1545 kernel: [    0.000000] Movable zone start for each node
Dec 31 12:24:00 shrinivaasanka-Inspiron-1545 kernel: [    0.000000] Early memory node ranges
Dec 31 12:24:00 shrinivaasanka-Inspiron-1545 kernel: [    0.000000]   node   0: [mem 0x00001000-0x0009efff]
Dec 31 12:24:00 shrinivaasanka-Inspiron-1545 kernel: [    0.000000]   node   0: [mem 0x00100000-0xbd8befff]
Dec 31 12:24:00 shrinivaasanka-Inspiron-1545 kernel: [    0.000000] On node 0 totalpages: 776285
Dec 31 12:24:00 shrinivaasanka-Inspiron-1545 kernel: [    0.000000]   DMA zone: 32 pages used for memmap
Dec 31 12:24:00 shrinivaasanka-Inspiron-1545 kernel: [    0.000000]   DMA zone: 0 pages reserved
Dec 31 12:24:00 shrinivaasanka-Inspiron-1545 kernel: [    0.000000]   DMA zone: 3998 pages, LIFO batch:0
Dec 31 12:24:00 shrinivaasanka-Inspiron-1545 kernel: [    0.000000]   Normal zone: 1752 pages used for memmap
Dec 31 12:24:00 shrinivaasanka-Inspiron-1545 kernel: [    0.000000]   Normal zone: 224254 pages, LIFO batch:31
Dec 31 12:24:00 shrinivaasanka-Inspiron-1545 kernel: [    0.000000]   HighMem zone: 4282 pages used for memmap
Dec 31 12:24:00 shrinivaasanka-Inspiron-1545 kernel: [    0.000000]   HighMem zone: 548033 pages, LIFO batch:31
Dec 31 12:24:00 shrinivaasanka-Inspiron-1545 kernel: [    0.000000] Using APIC driver default
Dec 31 12:24:00 shrinivaasanka-Inspiron-1545 kernel: [    0.000000] Reserving Intel graphics stolen memory at 0xbe000000-0xbfffffff
Dec 31 12:24:00 shrinivaasanka-Inspiron-1545 kernel: [    0.000000] ACPI: PM-Timer IO Port: 0x1008
Dec 31 12:24:00 shrinivaasanka-Inspiron-1545 kernel: [    0.000000] ACPI: Local APIC address 0xfee00000
Dec 31 12:24:00 shrinivaasanka-Inspiron-1545 kernel: [    0.000000] ACPI: LAPIC (acpi_id[0x00] lapic_id[0x00] enabled)
Dec 31 12:24:00 shrinivaasanka-Inspiron-1545 kernel: [    0.000000] ACPI: LAPIC (acpi_id[0x01] lapic_id[0x01] enabled)
Dec 31 12:24:00 shrinivaasanka-Inspiron-1545 kernel: [    0.000000] ACPI: LAPIC_NMI (acpi_id[0x00] high edge lint[0x1])
Dec 31 12:24:00 shrinivaasanka-Inspiron-1545 kernel: [    0.000000] ACPI: LAPIC_NMI (acpi_id[0x01] high edge lint[0x1])
Dec 31 12:24:00 shrinivaasanka-Inspiron-1545 kernel: [    0.000000] ACPI: IOAPIC (id[0x02] address[0xfec00000] gsi_base[0])
Dec 31 12:24:00 shrinivaasanka-Inspiron-1545 kernel: [    0.000000] IOAPIC[0]: apic_id 2, version 32, address 0xfec00000, GSI 0-23
Dec 31 12:24:00 shrinivaasanka-Inspiron-1545 kernel: [    0.000000] ACPI: INT_SRC_OVR (bus 0 bus_irq 0 global_irq 2 dfl dfl)
Dec 31 12:24:00 shrinivaasanka-Inspiron-1545 kernel: [    0.000000] ACPI: INT_SRC_OVR (bus 0 bus_irq 9 global_irq 9 high level)
Dec 31 12:24:00 shrinivaasanka-Inspiron-1545 kernel: [    0.000000] ACPI: IRQ0 used by override.
Dec 31 12:24:00 shrinivaasanka-Inspiron-1545 kernel: [    0.000000] ACPI: IRQ2 used by override.
Dec 31 12:24:00 shrinivaasanka-Inspiron-1545 kernel: [    0.000000] ACPI: IRQ9 used by override.
Dec 31 12:24:00 shrinivaasanka-Inspiron-1545 kernel: [    0.000000] Using ACPI (MADT) for SMP configuration information
Dec 31 12:24:00 shrinivaasanka-Inspiron-1545 kernel: [    0.000000] ACPI: HPET id: 0x8086a201 base: 0xfed00000
Dec 31 12:24:00 shrinivaasanka-Inspiron-1545 kernel: [    0.000000] smpboot: Allowing 2 CPUs, 0 hotplug CPUs
Dec 31 12:24:00 shrinivaasanka-Inspiron-1545 kernel: [    0.000000] nr_irqs_gsi: 40
Dec 31 12:24:00 shrinivaasanka-Inspiron-1545 kernel: [    0.000000] PM: Registered nosave memory: [mem 0x0009f000-0x0009ffff]
Dec 31 12:24:00 shrinivaasanka-Inspiron-1545 kernel: [    0.000000] PM: Registered nosave memory: [mem 0x000a0000-0x000fffff]
Dec 31 12:24:00 shrinivaasanka-Inspiron-1545 kernel: [    0.000000] e820: [mem 0xc0000000-0xf7ffffff] available for PCI devices
Dec 31 12:24:00 shrinivaasanka-Inspiron-1545 kernel: [    0.000000] Booting paravirtualized kernel on bare hardware
Dec 31 12:24:00 shrinivaasanka-Inspiron-1545 kernel: [    0.000000] setup_percpu: NR_CPUS:8 nr_cpumask_bits:8 nr_cpu_ids:2 nr_node_ids:1
Dec 31 12:24:00 shrinivaasanka-Inspiron-1545 kernel: [    0.000000] PERCPU: Embedded 14 pages/cpu @f63bb000 s36032 r0 d21312 u57344
Dec 31 12:24:00 shrinivaasanka-Inspiron-1545 kernel: [    0.000000] pcpu-alloc: s36032 r0 d21312 u57344 alloc=14*4096
Dec 31 12:24:00 shrinivaasanka-Inspiron-1545 kernel: [    0.000000] pcpu-alloc: [0] 0 [0] 1 
Dec 31 12:24:00 shrinivaasanka-Inspiron-1545 kernel: [    0.000000] Built 1 zonelists in Zone order, mobility grouping on.  Total pages: 774501
Dec 31 12:24:00 shrinivaasanka-Inspiron-1545 kernel: [    0.000000] Kernel command line: BOOT_IMAGE=/boot/vmlinuz-3.15.5 root=UUID=a17d2cbc-55c6-4d07-9ff0-e058fee06d24 ro quiet splash vt.handoff=7
Dec 31 12:24:00 shrinivaasanka-Inspiron-1545 kernel: [    0.000000] PID hash table entries: 4096 (order: 2, 16384 bytes)
Dec 31 12:24:00 shrinivaasanka-Inspiron-1545 kernel: [    0.000000] Dentry cache hash table entries: 131072 (order: 7, 524288 bytes)
Dec 31 12:24:00 shrinivaasanka-Inspiron-1545 kernel: [    0.000000] Inode-cache hash table entries: 65536 (order: 6, 262144 bytes)
Dec 31 12:24:00 shrinivaasanka-Inspiron-1545 kernel: [    0.000000] Initializing CPU#0
Dec 31 12:24:00 shrinivaasanka-Inspiron-1545 kernel: [    0.000000] xsave: enabled xstate_bv 0x3, cntxt size 0x240
Dec 31 12:24:00 shrinivaasanka-Inspiron-1545 kernel: [    0.000000] Initializing HighMem for node 0 (00037bfe:000bd8bf)
Dec 31 12:24:00 shrinivaasanka-Inspiron-1545 kernel: [    0.000000] Initializing Movable for node 0 (00000000:00000000)
Dec 31 12:24:00 shrinivaasanka-Inspiron-1545 kernel: [    0.000000] Memory: 2852584K/3105140K available (6666K kernel code, 670K rwdata, 2984K rodata, 876K init, 1016K bss, 252556K reserved, 2192132K highmem)
Dec 31 12:24:00 shrinivaasanka-Inspiron-1545 kernel: [    0.000000] virtual kernel memory layout:
Dec 31 12:24:00 shrinivaasanka-Inspiron-1545 kernel: [    0.000000]     fixmap  : 0xfff15000 - 0xfffff000   ( 936 kB)
Dec 31 12:24:00 shrinivaasanka-Inspiron-1545 kernel: [    0.000000]     pkmap   : 0xffc00000 - 0xffe00000   (2048 kB)
Dec 31 12:24:00 shrinivaasanka-Inspiron-1545 kernel: [    0.000000]     vmalloc : 0xf83fe000 - 0xffbfe000   ( 120 MB)
Dec 31 12:24:00 shrinivaasanka-Inspiron-1545 kernel: [    0.000000]     lowmem  : 0xc0000000 - 0xf7bfe000   ( 891 MB)
Dec 31 12:24:00 shrinivaasanka-Inspiron-1545 kernel: [    0.000000]       .init : 0xc1a17000 - 0xc1af2000   ( 876 kB)
Dec 31 12:24:00 shrinivaasanka-Inspiron-1545 kernel: [    0.000000]       .data : 0xc1682c22 - 0xc1a15a80   (3659 kB)
Dec 31 12:24:00 shrinivaasanka-Inspiron-1545 kernel: [    0.000000]       .text : 0xc1000000 - 0xc1682c22   (6667 kB)
Dec 31 12:24:00 shrinivaasanka-Inspiron-1545 kernel: [    0.000000] Checking if this processor honours the WP bit even in supervisor mode...Ok.
Dec 31 12:24:00 shrinivaasanka-Inspiron-1545 kernel: [    0.000000] SLUB: HWalign=64, Order=0-3, MinObjects=0, CPUs=2, Nodes=1
Dec 31 12:24:00 shrinivaasanka-Inspiron-1545 kernel: [    0.000000] Hierarchical RCU implementation.
Dec 31 12:24:00 shrinivaasanka-Inspiron-1545 kernel: [    0.000000] 	RCU dyntick-idle grace-period acceleration is enabled.
Dec 31 12:24:00 shrinivaasanka-Inspiron-1545 kernel: [    0.000000] 	RCU restricting CPUs from NR_CPUS=8 to nr_cpu_ids=2.
Dec 31 12:24:00 shrinivaasanka-Inspiron-1545 kernel: [    0.000000] RCU: Adjusting geometry for rcu_fanout_leaf=16, nr_cpu_ids=2
Dec 31 12:24:00 shrinivaasanka-Inspiron-1545 kernel: [    0.000000] NR_IRQS:2304 nr_irqs:512 16
Dec 31 12:24:00 shrinivaasanka-Inspiron-1545 kernel: [    0.000000] CPU 0 irqstacks, hard=f5c08000 soft=f5c0a000
Dec 31 12:24:00 shrinivaasanka-Inspiron-1545 kernel: [    0.000000] Console: colour dummy device 80x25
Dec 31 12:24:00 shrinivaasanka-Inspiron-1545 kernel: [    0.000000] console [tty0] enabled
Dec 31 12:24:00 shrinivaasanka-Inspiron-1545 kernel: [    0.000000] allocated 6291456 bytes of page_cgroup
Dec 31 12:24:00 shrinivaasanka-Inspiron-1545 kernel: [    0.000000] please try 'cgroup_disable=memory' option if you don't want memory cgroups
Dec 31 12:24:00 shrinivaasanka-Inspiron-1545 kernel: [    0.000000] hpet clockevent registered
Dec 31 12:24:00 shrinivaasanka-Inspiron-1545 kernel: [    0.000000] tsc: Fast TSC calibration using PIT
Dec 31 12:24:00 shrinivaasanka-Inspiron-1545 kernel: [    0.000000] tsc: Detected 1994.877 MHz processor
Dec 31 12:24:00 shrinivaasanka-Inspiron-1545 kernel: [    0.004014] Calibrating delay loop (skipped), value calculated using timer frequency.. 3989.75 BogoMIPS (lpj=7979508)
Dec 31 12:24:00 shrinivaasanka-Inspiron-1545 kernel: [    0.004018] pid_max: default: 32768 minimum: 301
Dec 31 12:24:00 shrinivaasanka-Inspiron-1545 kernel: [    0.004033] ACPI: Core revision 20140214
Dec 31 12:24:00 shrinivaasanka-Inspiron-1545 kernel: [    0.012110] ACPI: All ACPI Tables successfully acquired
Dec 31 12:24:00 shrinivaasanka-Inspiron-1545 kernel: [    0.016028] Security Framework initialized
Dec 31 12:24:00 shrinivaasanka-Inspiron-1545 kernel: [    0.016048] AppArmor: AppArmor initialized
Dec 31 12:24:00 shrinivaasanka-Inspiron-1545 kernel: [    0.016050] Yama: becoming mindful.
Dec 31 12:24:00 shrinivaasanka-Inspiron-1545 kernel: [    0.016106] Mount-cache hash table entries: 2048 (order: 1, 8192 bytes)
Dec 31 12:24:00 shrinivaasanka-Inspiron-1545 kernel: [    0.016109] Mountpoint-cache hash table entries: 2048 (order: 1, 8192 bytes)
Dec 31 12:24:00 shrinivaasanka-Inspiron-1545 kernel: [    0.016368] Initializing cgroup subsys memory
Dec 31 12:24:00 shrinivaasanka-Inspiron-1545 kernel: [    0.016376] Initializing cgroup subsys devices
Dec 31 12:24:00 shrinivaasanka-Inspiron-1545 kernel: [    0.016379] Initializing cgroup subsys freezer
Dec 31 12:24:00 shrinivaasanka-Inspiron-1545 kernel: [    0.016382] Initializing cgroup subsys net_cls
Dec 31 12:24:00 shrinivaasanka-Inspiron-1545 kernel: [    0.016384] Initializing cgroup subsys blkio
Dec 31 12:24:00 shrinivaasanka-Inspiron-1545 kernel: [    0.016387] Initializing cgroup subsys perf_event
Dec 31 12:24:00 shrinivaasanka-Inspiron-1545 kernel: [    0.016389] Initializing cgroup subsys net_prio
Dec 31 12:24:00 shrinivaasanka-Inspiron-1545 kernel: [    0.016392] Initializing cgroup subsys hugetlb
Dec 31 12:24:00 shrinivaasanka-Inspiron-1545 kernel: [    0.016419] CPU: Physical Processor ID: 0
Dec 31 12:24:00 shrinivaasanka-Inspiron-1545 kernel: [    0.016421] CPU: Processor Core ID: 0
Dec 31 12:24:00 shrinivaasanka-Inspiron-1545 kernel: [    0.016424] mce: CPU supports 6 MCE banks
Dec 31 12:24:00 shrinivaasanka-Inspiron-1545 kernel: [    0.016432] CPU0: Thermal monitoring enabled (TM2)
Dec 31 12:24:00 shrinivaasanka-Inspiron-1545 kernel: [    0.016443] Last level iTLB entries: 4KB 128, 2MB 4, 4MB 4
Dec 31 12:24:00 shrinivaasanka-Inspiron-1545 kernel: [    0.016443] Last level dTLB entries: 4KB 256, 2MB 0, 4MB 32, 1GB 0
Dec 31 12:24:00 shrinivaasanka-Inspiron-1545 kernel: [    0.016443] tlb_flushall_shift: -1
Dec 31 12:24:00 shrinivaasanka-Inspiron-1545 kernel: [    0.016961] Freeing SMP alternatives memory: 32K (c1af2000 - c1afa000)
Dec 31 12:24:00 shrinivaasanka-Inspiron-1545 kernel: [    0.018116] ftrace: allocating 28358 entries in 56 pages
Dec 31 12:24:00 shrinivaasanka-Inspiron-1545 kernel: [    0.028101] Enabling APIC mode:  Flat.  Using 1 I/O APICs
Dec 31 12:24:00 shrinivaasanka-Inspiron-1545 kernel: [    0.032348] ..TIMER: vector=0x30 apic1=0 pin1=2 apic2=-1 pin2=-1
Dec 31 12:24:00 shrinivaasanka-Inspiron-1545 kernel: [    0.072042] smpboot: CPU0: Intel(R) Core(TM)2 Duo CPU     T6400  @ 2.00GHz (fam: 06, model: 17, stepping: 0a)
Dec 31 12:24:00 shrinivaasanka-Inspiron-1545 kernel: [    0.076000] Performance Events: PEBS fmt0+, 4-deep LBR, Core2 events, Intel PMU driver.
Dec 31 12:24:00 shrinivaasanka-Inspiron-1545 kernel: [    0.076000] ... version:                2
Dec 31 12:24:00 shrinivaasanka-Inspiron-1545 kernel: [    0.076000] ... bit width:              40
Dec 31 12:24:00 shrinivaasanka-Inspiron-1545 kernel: [    0.076000] ... generic registers:      2
Dec 31 12:24:00 shrinivaasanka-Inspiron-1545 kernel: [    0.076000] ... value mask:             000000ffffffffff
Dec 31 12:24:00 shrinivaasanka-Inspiron-1545 kernel: [    0.076000] ... max period:             000000007fffffff
Dec 31 12:24:00 shrinivaasanka-Inspiron-1545 kernel: [    0.076000] ... fixed-purpose events:   3
Dec 31 12:24:00 shrinivaasanka-Inspiron-1545 kernel: [    0.076000] ... event mask:             0000000700000003
Dec 31 12:24:00 shrinivaasanka-Inspiron-1545 kernel: [    0.076000] CPU 1 irqstacks, hard=f5ce6000 soft=f5cf0000
Dec 31 12:24:00 shrinivaasanka-Inspiron-1545 kernel: [    0.076000] x86: Booting SMP configuration:
Dec 31 12:24:00 shrinivaasanka-Inspiron-1545 kernel: [    0.076000] .... node  #0, CPUs:      #1
Dec 31 12:24:00 shrinivaasanka-Inspiron-1545 kernel: [    0.008000] Initializing CPU#1
Dec 31 12:24:00 shrinivaasanka-Inspiron-1545 kernel: [    0.087662] x86: Booted up 1 node, 2 CPUs
Dec 31 12:24:00 shrinivaasanka-Inspiron-1545 kernel: [    0.087667] smpboot: Total of 2 processors activated (7979.50 BogoMIPS)
Dec 31 12:24:00 shrinivaasanka-Inspiron-1545 kernel: [    0.087757] NMI watchdog: enabled on all CPUs, permanently consumes one hw-PMU counter.
Dec 31 12:24:00 shrinivaasanka-Inspiron-1545 kernel: [    0.088115] devtmpfs: initialized
Dec 31 12:24:00 shrinivaasanka-Inspiron-1545 kernel: [    0.088492] evm: security.selinux
Dec 31 12:24:00 shrinivaasanka-Inspiron-1545 kernel: [    0.088494] evm: security.SMACK64
Dec 31 12:24:00 shrinivaasanka-Inspiron-1545 kernel: [    0.088496] evm: security.ima
Dec 31 12:24:00 shrinivaasanka-Inspiron-1545 kernel: [    0.088497] evm: security.capability
Dec 31 12:24:00 shrinivaasanka-Inspiron-1545 kernel: [    0.088525] PM: Registering ACPI NVS region [mem 0xbd8bf400-0xbdac13ff] (2105344 bytes)
Dec 31 12:24:00 shrinivaasanka-Inspiron-1545 kernel: [    0.089489] pinctrl core: initialized pinctrl subsystem
Dec 31 12:24:00 shrinivaasanka-Inspiron-1545 kernel: [    0.089595] regulator-dummy: no parameters
Dec 31 12:24:00 shrinivaasanka-Inspiron-1545 kernel: [    0.089640] RTC time: 12:23:43, date: 12/31/14
Dec 31 12:24:00 shrinivaasanka-Inspiron-1545 kernel: [    0.089640] NET: Registered protocol family 16
Dec 31 12:24:00 shrinivaasanka-Inspiron-1545 kernel: [    0.089640] EISA bus registered
Dec 31 12:24:00 shrinivaasanka-Inspiron-1545 kernel: [    0.089640] cpuidle: using governor ladder
Dec 31 12:24:00 shrinivaasanka-Inspiron-1545 kernel: [    0.089640] cpuidle: using governor menu
Dec 31 12:24:00 shrinivaasanka-Inspiron-1545 kernel: [    0.089640] ACPI: bus type PCI registered
Dec 31 12:24:00 shrinivaasanka-Inspiron-1545 kernel: [    0.089640] acpiphp: ACPI Hot Plug PCI Controller Driver version: 0.5
Dec 31 12:24:00 shrinivaasanka-Inspiron-1545 kernel: [    0.089640] PCI: MMCONFIG for domain 0000 [bus 00-3f] at [mem 0xf8000000-0xfbffffff] (base 0xf8000000)
Dec 31 12:24:00 shrinivaasanka-Inspiron-1545 kernel: [    0.089640] PCI: MMCONFIG at [mem 0xf8000000-0xfbffffff] reserved in E820
Dec 31 12:24:00 shrinivaasanka-Inspiron-1545 kernel: [    0.089640] PCI: Using MMCONFIG for extended config space
Dec 31 12:24:00 shrinivaasanka-Inspiron-1545 kernel: [    0.089640] PCI: Using configuration type 1 for base access
Dec 31 12:24:00 shrinivaasanka-Inspiron-1545 kernel: [    0.089640] dmi type 0xB1 record - unknown flag
Dec 31 12:24:00 shrinivaasanka-Inspiron-1545 kernel: [    0.092119] ACPI: Added _OSI(Module Device)
Dec 31 12:24:00 shrinivaasanka-Inspiron-1545 kernel: [    0.092122] ACPI: Added _OSI(Processor Device)
Dec 31 12:24:00 shrinivaasanka-Inspiron-1545 kernel: [    0.092124] ACPI: Added _OSI(3.0 _SCP Extensions)
Dec 31 12:24:00 shrinivaasanka-Inspiron-1545 kernel: [    0.092126] ACPI: Added _OSI(Processor Aggregator Device)
Dec 31 12:24:00 shrinivaasanka-Inspiron-1545 kernel: [    0.112128] [Firmware Bug]: ACPI: BIOS _OSI(Linux) query ignored
Dec 31 12:24:00 shrinivaasanka-Inspiron-1545 kernel: [    0.115307] ACPI: SSDT 0xBDAC29CF 00023F (v01 PmRef  BspIst   00003000 INTL 20050624)
Dec 31 12:24:00 shrinivaasanka-Inspiron-1545 kernel: [    0.115642] ACPI: Dynamic OEM Table Load:
Dec 31 12:24:00 shrinivaasanka-Inspiron-1545 kernel: [    0.115645] ACPI: SSDT 0x00000000 00023F (v01 PmRef  BspIst   00003000 INTL 20050624)
Dec 31 12:24:00 shrinivaasanka-Inspiron-1545 kernel: [    0.115776] ACPI: SSDT 0xBDAC2DE5 0005C6 (v01 PmRef  BspCst   00003001 INTL 20050624)
Dec 31 12:24:00 shrinivaasanka-Inspiron-1545 kernel: [    0.116229] ACPI: Dynamic OEM Table Load:
Dec 31 12:24:00 shrinivaasanka-Inspiron-1545 kernel: [    0.116233] ACPI: SSDT 0x00000000 0005C6 (v01 PmRef  BspCst   00003001 INTL 20050624)
Dec 31 12:24:00 shrinivaasanka-Inspiron-1545 kernel: [    0.116519] ACPI: SSDT 0xBDAC2C0E 0001D7 (v01 PmRef  ApIst    00003000 INTL 20050624)
Dec 31 12:24:00 shrinivaasanka-Inspiron-1545 kernel: [    0.116869] ACPI: Dynamic OEM Table Load:
Dec 31 12:24:00 shrinivaasanka-Inspiron-1545 kernel: [    0.116872] ACPI: SSDT 0x00000000 0001D7 (v01 PmRef  ApIst    00003000 INTL 20050624)
Dec 31 12:24:00 shrinivaasanka-Inspiron-1545 kernel: [    0.116952] ACPI: SSDT 0xBDAC33AB 00008D (v01 PmRef  ApCst    00003000 INTL 20050624)
Dec 31 12:24:00 shrinivaasanka-Inspiron-1545 kernel: [    0.117228] ACPI: Dynamic OEM Table Load:
Dec 31 12:24:00 shrinivaasanka-Inspiron-1545 kernel: [    0.117231] ACPI: SSDT 0x00000000 00008D (v01 PmRef  ApCst    00003000 INTL 20050624)
Dec 31 12:24:00 shrinivaasanka-Inspiron-1545 kernel: [    0.117450] ACPI: Interpreter enabled
Dec 31 12:24:00 shrinivaasanka-Inspiron-1545 kernel: [    0.117463] ACPI Exception: AE_NOT_FOUND, While evaluating Sleep State [\_S1_] (20140214/hwxface-580)
Dec 31 12:24:00 shrinivaasanka-Inspiron-1545 kernel: [    0.117468] ACPI Exception: AE_NOT_FOUND, While evaluating Sleep State [\_S2_] (20140214/hwxface-580)
Dec 31 12:24:00 shrinivaasanka-Inspiron-1545 kernel: [    0.117484] ACPI: (supports S0 S3 S4 S5)
Dec 31 12:24:00 shrinivaasanka-Inspiron-1545 kernel: [    0.117486] ACPI: Using IOAPIC for interrupt routing
Dec 31 12:24:00 shrinivaasanka-Inspiron-1545 kernel: [    0.117520] PCI: Using host bridge windows from ACPI; if necessary, use "pci=nocrs" and report a bug
Dec 31 12:24:00 shrinivaasanka-Inspiron-1545 kernel: [    0.204322] ACPI: PCI Root Bridge [PCI0] (domain 0000 [bus 00-ff])
Dec 31 12:24:00 shrinivaasanka-Inspiron-1545 kernel: [    0.204329] acpi PNP0A03:00: _OSC: OS supports [ExtendedConfig ASPM ClockPM Segments MSI]
Dec 31 12:24:00 shrinivaasanka-Inspiron-1545 kernel: [    0.204335] acpi PNP0A03:00: _OSC failed (AE_NOT_FOUND); disabling ASPM
Dec 31 12:24:00 shrinivaasanka-Inspiron-1545 kernel: [    0.239264] acpi PNP0A03:00: [Firmware Info]: MMCONFIG for domain 0000 [bus 00-3f] only partially covers this bridge
Dec 31 12:24:00 shrinivaasanka-Inspiron-1545 kernel: [    0.239529] PCI host bridge to bus 0000:00
Dec 31 12:24:00 shrinivaasanka-Inspiron-1545 kernel: [    0.239532] pci_bus 0000:00: root bus resource [bus 00-ff]
Dec 31 12:24:00 shrinivaasanka-Inspiron-1545 kernel: [    0.239535] pci_bus 0000:00: root bus resource [io  0x0000-0x0cf7]
Dec 31 12:24:00 shrinivaasanka-Inspiron-1545 kernel: [    0.239538] pci_bus 0000:00: root bus resource [io  0x0d00-0xffff]
Dec 31 12:24:00 shrinivaasanka-Inspiron-1545 kernel: [    0.239541] pci_bus 0000:00: root bus resource [mem 0x000a0000-0x000bffff]
Dec 31 12:24:00 shrinivaasanka-Inspiron-1545 kernel: [    0.239543] pci_bus 0000:00: root bus resource [mem 0x000d0000-0x000dffff]
Dec 31 12:24:00 shrinivaasanka-Inspiron-1545 kernel: [    0.239546] pci_bus 0000:00: root bus resource [mem 0xc0000000-0xf7ffffff]
Dec 31 12:24:00 shrinivaasanka-Inspiron-1545 kernel: [    0.239549] pci_bus 0000:00: root bus resource [mem 0xfc000000-0xfebfffff]
Dec 31 12:24:00 shrinivaasanka-Inspiron-1545 kernel: [    0.239551] pci_bus 0000:00: root bus resource [mem 0xfec10000-0xfecfffff]
Dec 31 12:24:00 shrinivaasanka-Inspiron-1545 kernel: [    0.239554] pci_bus 0000:00: root bus resource [mem 0xfed1c000-0xfed1ffff]
Dec 31 12:24:00 shrinivaasanka-Inspiron-1545 kernel: [    0.239556] pci_bus 0000:00: root bus resource [mem 0xfed90000-0xfed9ffff]
Dec 31 12:24:00 shrinivaasanka-Inspiron-1545 kernel: [    0.239559] pci_bus 0000:00: root bus resource [mem 0xfeda7000-0xfedfffff]
Dec 31 12:24:00 shrinivaasanka-Inspiron-1545 kernel: [    0.239561] pci_bus 0000:00: root bus resource [mem 0xfee10000-0xff9fffff]
Dec 31 12:24:00 shrinivaasanka-Inspiron-1545 kernel: [    0.239564] pci_bus 0000:00: root bus resource [mem 0xffc00000-0xffdfffff]
Dec 31 12:24:00 shrinivaasanka-Inspiron-1545 kernel: [    0.239576] pci 0000:00:00.0: [8086:2a40] type 00 class 0x060000
Dec 31 12:24:00 shrinivaasanka-Inspiron-1545 kernel: [    0.239603] DMAR: Forcing write-buffer flush capability
Dec 31 12:24:00 shrinivaasanka-Inspiron-1545 kernel: [    0.239604] DMAR: Disabling IOMMU for graphics on this chipset
Dec 31 12:24:00 shrinivaasanka-Inspiron-1545 kernel: [    0.239721] pci 0000:00:02.0: [8086:2a42] type 00 class 0x030000
Dec 31 12:24:00 shrinivaasanka-Inspiron-1545 kernel: [    0.239737] pci 0000:00:02.0: reg 0x10: [mem 0xf6c00000-0xf6ffffff 64bit]
Dec 31 12:24:00 shrinivaasanka-Inspiron-1545 kernel: [    0.240008] pci 0000:00:02.0: reg 0x18: [mem 0xe0000000-0xefffffff 64bit pref]
Dec 31 12:24:00 shrinivaasanka-Inspiron-1545 kernel: [    0.240015] pci 0000:00:02.0: reg 0x20: [io  0xefe8-0xefef]
Dec 31 12:24:00 shrinivaasanka-Inspiron-1545 kernel: [    0.240146] pci 0000:00:02.1: [8086:2a43] type 00 class 0x038000
Dec 31 12:24:00 shrinivaasanka-Inspiron-1545 kernel: [    0.240160] pci 0000:00:02.1: reg 0x10: [mem 0xf6b00000-0xf6bfffff 64bit]
Dec 31 12:24:00 shrinivaasanka-Inspiron-1545 kernel: [    0.240348] pci 0000:00:1a.0: [8086:2937] type 00 class 0x0c0300
Dec 31 12:24:00 shrinivaasanka-Inspiron-1545 kernel: [    0.240412] pci 0000:00:1a.0: reg 0x20: [io  0x6f60-0x6f7f]
Dec 31 12:24:00 shrinivaasanka-Inspiron-1545 kernel: [    0.244087] pci 0000:00:1a.0: System wakeup disabled by ACPI
Dec 31 12:24:00 shrinivaasanka-Inspiron-1545 kernel: [    0.244157] pci 0000:00:1a.1: [8086:2938] type 00 class 0x0c0300
Dec 31 12:24:00 shrinivaasanka-Inspiron-1545 kernel: [    0.244221] pci 0000:00:1a.1: reg 0x20: [io  0x6f80-0x6f9f]
Dec 31 12:24:00 shrinivaasanka-Inspiron-1545 kernel: [    0.248536] pci 0000:00:1a.1: System wakeup disabled by ACPI
Dec 31 12:24:00 shrinivaasanka-Inspiron-1545 kernel: [    0.248606] pci 0000:00:1a.2: [8086:2939] type 00 class 0x0c0300
Dec 31 12:24:00 shrinivaasanka-Inspiron-1545 kernel: [    0.248670] pci 0000:00:1a.2: reg 0x20: [io  0x6fa0-0x6fbf]
Dec 31 12:24:00 shrinivaasanka-Inspiron-1545 kernel: [    0.252488] pci 0000:00:1a.2: System wakeup disabled by ACPI
Dec 31 12:24:00 shrinivaasanka-Inspiron-1545 kernel: [    0.252569] pci 0000:00:1a.7: [8086:293c] type 00 class 0x0c0320
Dec 31 12:24:00 shrinivaasanka-Inspiron-1545 kernel: [    0.252598] pci 0000:00:1a.7: reg 0x10: [mem 0xfed1c400-0xfed1c7ff]
Dec 31 12:24:00 shrinivaasanka-Inspiron-1545 kernel: [    0.252724] pci 0000:00:1a.7: PME# supported from D0 D3hot D3cold
Dec 31 12:24:00 shrinivaasanka-Inspiron-1545 kernel: [    0.256495] pci 0000:00:1a.7: System wakeup disabled by ACPI
Dec 31 12:24:00 shrinivaasanka-Inspiron-1545 kernel: [    0.256573] pci 0000:00:1b.0: [8086:293e] type 00 class 0x040300
Dec 31 12:24:00 shrinivaasanka-Inspiron-1545 kernel: [    0.256597] pci 0000:00:1b.0: reg 0x10: [mem 0xf6afc000-0xf6afffff 64bit]
Dec 31 12:24:00 shrinivaasanka-Inspiron-1545 kernel: [    0.256719] pci 0000:00:1b.0: PME# supported from D0 D3hot D3cold
Dec 31 12:24:00 shrinivaasanka-Inspiron-1545 kernel: [    0.256789] pci 0000:00:1b.0: System wakeup disabled by ACPI
Dec 31 12:24:00 shrinivaasanka-Inspiron-1545 kernel: [    0.256858] pci 0000:00:1c.0: [8086:2940] type 01 class 0x060400
Dec 31 12:24:00 shrinivaasanka-Inspiron-1545 kernel: [    0.256983] pci 0000:00:1c.0: PME# supported from D0 D3hot D3cold
Dec 31 12:24:00 shrinivaasanka-Inspiron-1545 kernel: [    0.257055] pci 0000:00:1c.0: System wakeup disabled by ACPI
Dec 31 12:24:00 shrinivaasanka-Inspiron-1545 kernel: [    0.257124] pci 0000:00:1c.1: [8086:2942] type 01 class 0x060400
Dec 31 12:24:00 shrinivaasanka-Inspiron-1545 kernel: [    0.257248] pci 0000:00:1c.1: PME# supported from D0 D3hot D3cold
Dec 31 12:24:00 shrinivaasanka-Inspiron-1545 kernel: [    0.257320] pci 0000:00:1c.1: System wakeup disabled by ACPI
Dec 31 12:24:00 shrinivaasanka-Inspiron-1545 kernel: [    0.257386] pci 0000:00:1c.2: [8086:2944] type 01 class 0x060400
Dec 31 12:24:00 shrinivaasanka-Inspiron-1545 kernel: [    0.257511] pci 0000:00:1c.2: PME# supported from D0 D3hot D3cold
Dec 31 12:24:00 shrinivaasanka-Inspiron-1545 kernel: [    0.257583] pci 0000:00:1c.2: System wakeup disabled by ACPI
Dec 31 12:24:00 shrinivaasanka-Inspiron-1545 kernel: [    0.257652] pci 0000:00:1c.4: [8086:2948] type 01 class 0x060400
Dec 31 12:24:00 shrinivaasanka-Inspiron-1545 kernel: [    0.257776] pci 0000:00:1c.4: PME# supported from D0 D3hot D3cold
Dec 31 12:24:00 shrinivaasanka-Inspiron-1545 kernel: [    0.257848] pci 0000:00:1c.4: System wakeup disabled by ACPI
Dec 31 12:24:00 shrinivaasanka-Inspiron-1545 kernel: [    0.257920] pci 0000:00:1d.0: [8086:2934] type 00 class 0x0c0300
Dec 31 12:24:00 shrinivaasanka-Inspiron-1545 kernel: [    0.257984] pci 0000:00:1d.0: reg 0x20: [io  0x6f00-0x6f1f]
Dec 31 12:24:00 shrinivaasanka-Inspiron-1545 kernel: [    0.261619] pci 0000:00:1d.0: System wakeup disabled by ACPI
Dec 31 12:24:00 shrinivaasanka-Inspiron-1545 kernel: [    0.261689] pci 0000:00:1d.1: [8086:2935] type 00 class 0x0c0300
Dec 31 12:24:00 shrinivaasanka-Inspiron-1545 kernel: [    0.261754] pci 0000:00:1d.1: reg 0x20: [io  0x6f20-0x6f3f]
Dec 31 12:24:00 shrinivaasanka-Inspiron-1545 kernel: [    0.265384] pci 0000:00:1d.1: System wakeup disabled by ACPI
Dec 31 12:24:00 shrinivaasanka-Inspiron-1545 kernel: [    0.265452] pci 0000:00:1d.2: [8086:2936] type 00 class 0x0c0300
Dec 31 12:24:00 shrinivaasanka-Inspiron-1545 kernel: [    0.265516] pci 0000:00:1d.2: reg 0x20: [io  0x6f40-0x6f5f]
Dec 31 12:24:00 shrinivaasanka-Inspiron-1545 kernel: [    0.269405] pci 0000:00:1d.2: System wakeup disabled by ACPI
Dec 31 12:24:00 shrinivaasanka-Inspiron-1545 kernel: [    0.269487] pci 0000:00:1d.7: [8086:293a] type 00 class 0x0c0320
Dec 31 12:24:00 shrinivaasanka-Inspiron-1545 kernel: [    0.269517] pci 0000:00:1d.7: reg 0x10: [mem 0xfed1c000-0xfed1c3ff]
Dec 31 12:24:00 shrinivaasanka-Inspiron-1545 kernel: [    0.269640] pci 0000:00:1d.7: PME# supported from D0 D3hot D3cold
Dec 31 12:24:00 shrinivaasanka-Inspiron-1545 kernel: [    0.273590] pci 0000:00:1d.7: System wakeup disabled by ACPI
Dec 31 12:24:00 shrinivaasanka-Inspiron-1545 kernel: [    0.273661] pci 0000:00:1e.0: [8086:2448] type 01 class 0x060401
Dec 31 12:24:00 shrinivaasanka-Inspiron-1545 kernel: [    0.273799] pci 0000:00:1e.0: System wakeup disabled by ACPI
Dec 31 12:24:00 shrinivaasanka-Inspiron-1545 kernel: [    0.273869] pci 0000:00:1f.0: [8086:2919] type 00 class 0x060100
Dec 31 12:24:00 shrinivaasanka-Inspiron-1545 kernel: [    0.274138] pci 0000:00:1f.2: [8086:2929] type 00 class 0x010601
Dec 31 12:24:00 shrinivaasanka-Inspiron-1545 kernel: [    0.274170] pci 0000:00:1f.2: reg 0x10: [io  0x6e70-0x6e77]
Dec 31 12:24:00 shrinivaasanka-Inspiron-1545 kernel: [    0.274184] pci 0000:00:1f.2: reg 0x14: [io  0x6e78-0x6e7b]
Dec 31 12:24:00 shrinivaasanka-Inspiron-1545 kernel: [    0.274197] pci 0000:00:1f.2: reg 0x18: [io  0x6e80-0x6e87]
Dec 31 12:24:00 shrinivaasanka-Inspiron-1545 kernel: [    0.274209] pci 0000:00:1f.2: reg 0x1c: [io  0x6e88-0x6e8b]
Dec 31 12:24:00 shrinivaasanka-Inspiron-1545 kernel: [    0.274222] pci 0000:00:1f.2: reg 0x20: [io  0x6ea0-0x6ebf]
Dec 31 12:24:00 shrinivaasanka-Inspiron-1545 kernel: [    0.274236] pci 0000:00:1f.2: reg 0x24: [mem 0xfed1c800-0xfed1cfff]
Dec 31 12:24:00 shrinivaasanka-Inspiron-1545 kernel: [    0.274314] pci 0000:00:1f.2: PME# supported from D3hot
Dec 31 12:24:00 shrinivaasanka-Inspiron-1545 kernel: [    0.274439] pci 0000:00:1f.3: [8086:2930] type 00 class 0x0c0500
Dec 31 12:24:00 shrinivaasanka-Inspiron-1545 kernel: [    0.274464] pci 0000:00:1f.3: reg 0x10: [mem 0xf6afbf00-0xf6afbfff 64bit]
Dec 31 12:24:00 shrinivaasanka-Inspiron-1545 kernel: [    0.274498] pci 0000:00:1f.3: reg 0x20: [io  0x1100-0x111f]
Dec 31 12:24:00 shrinivaasanka-Inspiron-1545 kernel: [    0.274721] pci 0000:00:1c.0: PCI bridge to [bus 0b]
Dec 31 12:24:00 shrinivaasanka-Inspiron-1545 kernel: [    0.275092] pci 0000:0c:00.0: [14e4:4315] type 00 class 0x028000
Dec 31 12:24:00 shrinivaasanka-Inspiron-1545 kernel: [    0.275164] pci 0000:0c:00.0: reg 0x10: [mem 0xf69fc000-0xf69fffff 64bit]
Dec 31 12:24:00 shrinivaasanka-Inspiron-1545 kernel: [    0.275617] pci 0000:0c:00.0: supports D1 D2
Dec 31 12:24:00 shrinivaasanka-Inspiron-1545 kernel: [    0.275620] pci 0000:0c:00.0: PME# supported from D0 D3hot D3cold
Dec 31 12:24:00 shrinivaasanka-Inspiron-1545 kernel: [    0.276092] pci 0000:00:1c.1: PCI bridge to [bus 0c]
Dec 31 12:24:00 shrinivaasanka-Inspiron-1545 kernel: [    0.276101] pci 0000:00:1c.1:   bridge window [mem 0xf6900000-0xf69fffff]
Dec 31 12:24:00 shrinivaasanka-Inspiron-1545 kernel: [    0.276240] pci 0000:09:00.0: [11ab:4354] type 00 class 0x020000
Dec 31 12:24:00 shrinivaasanka-Inspiron-1545 kernel: [    0.276277] pci 0000:09:00.0: reg 0x10: [mem 0xf68fc000-0xf68fffff 64bit]
Dec 31 12:24:00 shrinivaasanka-Inspiron-1545 kernel: [    0.276296] pci 0000:09:00.0: reg 0x18: [io  0xde00-0xdeff]
Dec 31 12:24:00 shrinivaasanka-Inspiron-1545 kernel: [    0.276465] pci 0000:09:00.0: supports D1 D2
Dec 31 12:24:00 shrinivaasanka-Inspiron-1545 kernel: [    0.276468] pci 0000:09:00.0: PME# supported from D0 D1 D2 D3hot D3cold
Dec 31 12:24:00 shrinivaasanka-Inspiron-1545 kernel: [    0.284024] pci 0000:00:1c.2: PCI bridge to [bus 09]
Dec 31 12:24:00 shrinivaasanka-Inspiron-1545 kernel: [    0.284030] pci 0000:00:1c.2:   bridge window [io  0xd000-0xdfff]
Dec 31 12:24:00 shrinivaasanka-Inspiron-1545 kernel: [    0.284036] pci 0000:00:1c.2:   bridge window [mem 0xf6800000-0xf68fffff]
Dec 31 12:24:00 shrinivaasanka-Inspiron-1545 kernel: [    0.284166] acpiphp: Slot [1] registered
Dec 31 12:24:00 shrinivaasanka-Inspiron-1545 kernel: [    0.284174] pci 0000:00:1c.4: PCI bridge to [bus 0d-0e]
Dec 31 12:24:00 shrinivaasanka-Inspiron-1545 kernel: [    0.284179] pci 0000:00:1c.4:   bridge window [io  0xc000-0xcfff]
Dec 31 12:24:00 shrinivaasanka-Inspiron-1545 kernel: [    0.284185] pci 0000:00:1c.4:   bridge window [mem 0xf6600000-0xf67fffff]
Dec 31 12:24:00 shrinivaasanka-Inspiron-1545 kernel: [    0.284194] pci 0000:00:1c.4:   bridge window [mem 0xf0000000-0xf01fffff 64bit pref]
Dec 31 12:24:00 shrinivaasanka-Inspiron-1545 kernel: [    0.284331] pci 0000:00:1e.0: PCI bridge to [bus 03] (subtractive decode)
Dec 31 12:24:00 shrinivaasanka-Inspiron-1545 kernel: [    0.284346] pci 0000:00:1e.0:   bridge window [io  0x0000-0x0cf7] (subtractive decode)
Dec 31 12:24:00 shrinivaasanka-Inspiron-1545 kernel: [    0.284349] pci 0000:00:1e.0:   bridge window [io  0x0d00-0xffff] (subtractive decode)
Dec 31 12:24:00 shrinivaasanka-Inspiron-1545 kernel: [    0.284351] pci 0000:00:1e.0:   bridge window [mem 0x000a0000-0x000bffff] (subtractive decode)
Dec 31 12:24:00 shrinivaasanka-Inspiron-1545 kernel: [    0.284354] pci 0000:00:1e.0:   bridge window [mem 0x000d0000-0x000dffff] (subtractive decode)
Dec 31 12:24:00 shrinivaasanka-Inspiron-1545 kernel: [    0.284357] pci 0000:00:1e.0:   bridge window [mem 0xc0000000-0xf7ffffff] (subtractive decode)
Dec 31 12:24:00 shrinivaasanka-Inspiron-1545 kernel: [    0.284359] pci 0000:00:1e.0:   bridge window [mem 0xfc000000-0xfebfffff] (subtractive decode)
Dec 31 12:24:00 shrinivaasanka-Inspiron-1545 kernel: [    0.284362] pci 0000:00:1e.0:   bridge window [mem 0xfec10000-0xfecfffff] (subtractive decode)
Dec 31 12:24:00 shrinivaasanka-Inspiron-1545 kernel: [    0.284365] pci 0000:00:1e.0:   bridge window [mem 0xfed1c000-0xfed1ffff] (subtractive decode)
Dec 31 12:24:00 shrinivaasanka-Inspiron-1545 kernel: [    0.284367] pci 0000:00:1e.0:   bridge window [mem 0xfed90000-0xfed9ffff] (subtractive decode)
Dec 31 12:24:00 shrinivaasanka-Inspiron-1545 kernel: [    0.284370] pci 0000:00:1e.0:   bridge window [mem 0xfeda7000-0xfedfffff] (subtractive decode)
Dec 31 12:24:00 shrinivaasanka-Inspiron-1545 kernel: [    0.284372] pci 0000:00:1e.0:   bridge window [mem 0xfee10000-0xff9fffff] (subtractive decode)
Dec 31 12:24:00 shrinivaasanka-Inspiron-1545 kernel: [    0.284375] pci 0000:00:1e.0:   bridge window [mem 0xffc00000-0xffdfffff] (subtractive decode)
Dec 31 12:24:00 shrinivaasanka-Inspiron-1545 kernel: [    0.284609] pci_bus 0000:00: on NUMA node 0
Dec 31 12:24:00 shrinivaasanka-Inspiron-1545 kernel: [    0.284908] ACPI: PCI Interrupt Link [LNKA] (IRQs *10 11)
Dec 31 12:24:00 shrinivaasanka-Inspiron-1545 kernel: [    0.285009] ACPI: PCI Interrupt Link [LNKB] (IRQs 5 7) *4
Dec 31 12:24:00 shrinivaasanka-Inspiron-1545 kernel: [    0.285110] ACPI: PCI Interrupt Link [LNKC] (IRQs *10 11)
Dec 31 12:24:00 shrinivaasanka-Inspiron-1545 kernel: [    0.285195] ACPI: PCI Interrupt Link [LNKD] (IRQs 5 7 10 11) *0, disabled.
Dec 31 12:24:00 shrinivaasanka-Inspiron-1545 kernel: [    0.285296] ACPI: PCI Interrupt Link [LNKE] (IRQs 3 4 5 6 7 10 *11 12 14 15)
Dec 31 12:24:00 shrinivaasanka-Inspiron-1545 kernel: [    0.285399] ACPI: PCI Interrupt Link [LNKF] (IRQs 3 4 5 6 *7 10 11 12 14 15)
Dec 31 12:24:00 shrinivaasanka-Inspiron-1545 kernel: [    0.285501] ACPI: PCI Interrupt Link [LNKG] (IRQs 3 4 *5 6 7 10 11 12 14 15)
Dec 31 12:24:00 shrinivaasanka-Inspiron-1545 kernel: [    0.285590] ACPI: PCI Interrupt Link [LNKH] (IRQs 3 4 5 6 7 10 11 12 14 15) *0, disabled.
Dec 31 12:24:00 shrinivaasanka-Inspiron-1545 kernel: [    0.285682] ACPI: Enabled 4 GPEs in block 00 to 3F
Dec 31 12:24:00 shrinivaasanka-Inspiron-1545 kernel: [    0.285815] vgaarb: device added: PCI:0000:00:02.0,decodes=io+mem,owns=io+mem,locks=none
Dec 31 12:24:00 shrinivaasanka-Inspiron-1545 kernel: [    0.285815] vgaarb: loaded
Dec 31 12:24:00 shrinivaasanka-Inspiron-1545 kernel: [    0.285815] vgaarb: bridge control possible 0000:00:02.0
Dec 31 12:24:00 shrinivaasanka-Inspiron-1545 kernel: [    0.285815] SCSI subsystem initialized
Dec 31 12:24:00 shrinivaasanka-Inspiron-1545 kernel: [    0.285815] libata version 3.00 loaded.
Dec 31 12:24:00 shrinivaasanka-Inspiron-1545 kernel: [    0.285815] ACPI: bus type USB registered
Dec 31 12:24:00 shrinivaasanka-Inspiron-1545 kernel: [    0.285815] usbcore: registered new interface driver usbfs
Dec 31 12:24:00 shrinivaasanka-Inspiron-1545 kernel: [    0.285815] usbcore: registered new interface driver hub
Dec 31 12:24:00 shrinivaasanka-Inspiron-1545 kernel: [    0.285815] usbcore: registered new device driver usb
Dec 31 12:24:00 shrinivaasanka-Inspiron-1545 kernel: [    0.285815] PCI: Using ACPI for IRQ routing
Dec 31 12:24:00 shrinivaasanka-Inspiron-1545 kernel: [    0.289138] PCI: pci_cache_line_size set to 64 bytes
Dec 31 12:24:00 shrinivaasanka-Inspiron-1545 kernel: [    0.289602] e820: reserve RAM buffer [mem 0x0009f000-0x0009ffff]
Dec 31 12:24:00 shrinivaasanka-Inspiron-1545 kernel: [    0.289605] e820: reserve RAM buffer [mem 0xbd8bf400-0xbfffffff]
Dec 31 12:24:00 shrinivaasanka-Inspiron-1545 kernel: [    0.289747] NetLabel: Initializing
Dec 31 12:24:00 shrinivaasanka-Inspiron-1545 kernel: [    0.289749] NetLabel:  domain hash size = 128
Dec 31 12:24:00 shrinivaasanka-Inspiron-1545 kernel: [    0.289751] NetLabel:  protocols = UNLABELED CIPSOv4
Dec 31 12:24:00 shrinivaasanka-Inspiron-1545 kernel: [    0.289766] NetLabel:  unlabeled traffic allowed by default
Dec 31 12:24:00 shrinivaasanka-Inspiron-1545 kernel: [    0.289787] HPET: 4 timers in total, 0 timers will be used for per-cpu timer
Dec 31 12:24:00 shrinivaasanka-Inspiron-1545 kernel: [    0.289787] hpet0: at MMIO 0xfed00000, IRQs 2, 8, 0, 0
Dec 31 12:24:00 shrinivaasanka-Inspiron-1545 kernel: [    0.289787] hpet0: 4 comparators, 64-bit 14.318180 MHz counter
Dec 31 12:24:00 shrinivaasanka-Inspiron-1545 kernel: [    0.292036] Switched to clocksource hpet
Dec 31 12:24:00 shrinivaasanka-Inspiron-1545 kernel: [    0.303162] AppArmor: AppArmor Filesystem Enabled
Dec 31 12:24:00 shrinivaasanka-Inspiron-1545 kernel: [    0.303207] pnp: PnP ACPI init
Dec 31 12:24:00 shrinivaasanka-Inspiron-1545 kernel: [    0.303233] ACPI: bus type PNP registered
Dec 31 12:24:00 shrinivaasanka-Inspiron-1545 kernel: [    0.303359] system 00:00: [mem 0xff800000-0xff8fffff] has been reserved
Dec 31 12:24:00 shrinivaasanka-Inspiron-1545 kernel: [    0.303362] system 00:00: [mem 0xffc00000-0xffcfffff] has been reserved
Dec 31 12:24:00 shrinivaasanka-Inspiron-1545 kernel: [    0.303367] system 00:00: Plug and Play ACPI device, IDs PNP0c02 (active)
Dec 31 12:24:00 shrinivaasanka-Inspiron-1545 kernel: [    0.303441] pnp 00:01: Plug and Play ACPI device, IDs PNP0f13 (active)
Dec 31 12:24:00 shrinivaasanka-Inspiron-1545 kernel: [    0.303495] pnp 00:02: Plug and Play ACPI device, IDs PNP0303 (active)
Dec 31 12:24:00 shrinivaasanka-Inspiron-1545 kernel: [    0.303551] pnp 00:03: Plug and Play ACPI device, IDs PNP0b00 (active)
Dec 31 12:24:00 shrinivaasanka-Inspiron-1545 kernel: [    0.303604] pnp 00:04: Plug and Play ACPI device, IDs PNP0800 (active)
Dec 31 12:24:00 shrinivaasanka-Inspiron-1545 kernel: [    0.303669] system 00:05: Plug and Play ACPI device, IDs PNP0c01 (active)
Dec 31 12:24:00 shrinivaasanka-Inspiron-1545 kernel: [    0.303691] pnp 00:06: [dma 4]
Dec 31 12:24:00 shrinivaasanka-Inspiron-1545 kernel: [    0.303729] pnp 00:06: Plug and Play ACPI device, IDs PNP0200 (active)
Dec 31 12:24:00 shrinivaasanka-Inspiron-1545 kernel: [    0.303782] pnp 00:07: Plug and Play ACPI device, IDs PNP0c04 (active)
Dec 31 12:24:00 shrinivaasanka-Inspiron-1545 kernel: [    0.303878] system 00:08: [mem 0xfed00000-0xfed003ff] has been reserved
Dec 31 12:24:00 shrinivaasanka-Inspiron-1545 kernel: [    0.303883] system 00:08: Plug and Play ACPI device, IDs PNP0103 PNP0c01 (active)
Dec 31 12:24:00 shrinivaasanka-Inspiron-1545 kernel: [    0.304142] system 00:09: [io  0x0900-0x097f] has been reserved
Dec 31 12:24:00 shrinivaasanka-Inspiron-1545 kernel: [    0.304146] system 00:09: [io  0x04d0-0x04d1] has been reserved
Dec 31 12:24:00 shrinivaasanka-Inspiron-1545 kernel: [    0.304149] system 00:09: [io  0x1000-0x1005] has been reserved
Dec 31 12:24:00 shrinivaasanka-Inspiron-1545 kernel: [    0.304152] system 00:09: [io  0x1008-0x100f] has been reserved
Dec 31 12:24:00 shrinivaasanka-Inspiron-1545 kernel: [    0.304156] system 00:09: Plug and Play ACPI device, IDs PNP0c01 (active)
Dec 31 12:24:00 shrinivaasanka-Inspiron-1545 kernel: [    0.304241] system 00:0a: [io  0xf400-0xf4fe] has been reserved
Dec 31 12:24:00 shrinivaasanka-Inspiron-1545 kernel: [    0.304245] system 00:0a: [io  0x1006-0x1007] has been reserved
Dec 31 12:24:00 shrinivaasanka-Inspiron-1545 kernel: [    0.304249] system 00:0a: [io  0x100a-0x1059] could not be reserved
Dec 31 12:24:00 shrinivaasanka-Inspiron-1545 kernel: [    0.304252] system 00:0a: [io  0x1060-0x107f] has been reserved
Dec 31 12:24:00 shrinivaasanka-Inspiron-1545 kernel: [    0.304254] system 00:0a: [io  0x1080-0x10bf] has been reserved
Dec 31 12:24:00 shrinivaasanka-Inspiron-1545 kernel: [    0.304257] system 00:0a: [io  0x1100-0x111f] has been reserved
Dec 31 12:24:00 shrinivaasanka-Inspiron-1545 kernel: [    0.304260] system 00:0a: [io  0x1010-0x102f] could not be reserved
Dec 31 12:24:00 shrinivaasanka-Inspiron-1545 kernel: [    0.304264] system 00:0a: [io  0x0809] has been reserved
Dec 31 12:24:00 shrinivaasanka-Inspiron-1545 kernel: [    0.304267] system 00:0a: Plug and Play ACPI device, IDs PNP0c01 (active)
Dec 31 12:24:00 shrinivaasanka-Inspiron-1545 kernel: [    0.322532] system 00:0b: [mem 0x00000000-0x0009efff] could not be reserved
Dec 31 12:24:00 shrinivaasanka-Inspiron-1545 kernel: [    0.322536] system 00:0b: [mem 0x0009f000-0x0009ffff] could not be reserved
Dec 31 12:24:00 shrinivaasanka-Inspiron-1545 kernel: [    0.322540] system 00:0b: [mem 0x000c0000-0x000cffff] could not be reserved
Dec 31 12:24:00 shrinivaasanka-Inspiron-1545 kernel: [    0.322543] system 00:0b: [mem 0x000e0000-0x000fffff] could not be reserved
Dec 31 12:24:00 shrinivaasanka-Inspiron-1545 kernel: [    0.322546] system 00:0b: [mem 0x00100000-0xbd8bf3ff] could not be reserved
Dec 31 12:24:00 shrinivaasanka-Inspiron-1545 kernel: [    0.322549] system 00:0b: [mem 0xbd8bf400-0xbdafffff] could not be reserved
Dec 31 12:24:00 shrinivaasanka-Inspiron-1545 kernel: [    0.322552] system 00:0b: [mem 0xbdb00000-0xbdbfffff] has been reserved
Dec 31 12:24:00 shrinivaasanka-Inspiron-1545 kernel: [    0.322556] system 00:0b: [mem 0xffe00000-0xffffffff] has been reserved
Dec 31 12:24:00 shrinivaasanka-Inspiron-1545 kernel: [    0.322559] system 00:0b: [mem 0xffa00000-0xffbfffff] has been reserved
Dec 31 12:24:00 shrinivaasanka-Inspiron-1545 kernel: [    0.322562] system 00:0b: [mem 0xfec00000-0xfec0ffff] could not be reserved
Dec 31 12:24:00 shrinivaasanka-Inspiron-1545 kernel: [    0.322565] system 00:0b: [mem 0xfee00000-0xfee0ffff] has been reserved
Dec 31 12:24:00 shrinivaasanka-Inspiron-1545 kernel: [    0.322568] system 00:0b: [mem 0xfed20000-0xfed8ffff] has been reserved
Dec 31 12:24:00 shrinivaasanka-Inspiron-1545 kernel: [    0.322571] system 00:0b: [mem 0xfeda0000-0xfeda3fff] has been reserved
Dec 31 12:24:00 shrinivaasanka-Inspiron-1545 kernel: [    0.322575] system 00:0b: [mem 0xfeda4000-0xfeda4fff] has been reserved
Dec 31 12:24:00 shrinivaasanka-Inspiron-1545 kernel: [    0.322578] system 00:0b: [mem 0xfeda5000-0xfeda5fff] has been reserved
Dec 31 12:24:00 shrinivaasanka-Inspiron-1545 kernel: [    0.322581] system 00:0b: [mem 0xfeda6000-0xfeda6fff] has been reserved
Dec 31 12:24:00 shrinivaasanka-Inspiron-1545 kernel: [    0.322584] system 00:0b: [mem 0xfed1c800-0xfed1cfff] has been reserved
Dec 31 12:24:00 shrinivaasanka-Inspiron-1545 kernel: [    0.322587] system 00:0b: [mem 0xfed18000-0xfed1bfff] has been reserved
Dec 31 12:24:00 shrinivaasanka-Inspiron-1545 kernel: [    0.322591] system 00:0b: [mem 0xf8000000-0xfbffffff] has been reserved
Dec 31 12:24:00 shrinivaasanka-Inspiron-1545 kernel: [    0.322594] system 00:0b: Plug and Play ACPI device, IDs PNP0c01 (active)
Dec 31 12:24:00 shrinivaasanka-Inspiron-1545 kernel: [    0.322637] pnp: PnP ACPI: found 12 devices
Dec 31 12:24:00 shrinivaasanka-Inspiron-1545 kernel: [    0.322639] ACPI: bus type PNP unregistered
Dec 31 12:24:00 shrinivaasanka-Inspiron-1545 kernel: [    0.322643] PnPBIOS: Disabled by ACPI PNP
Dec 31 12:24:00 shrinivaasanka-Inspiron-1545 kernel: [    0.360503] pci 0000:00:1c.0: bridge window [io  0x1000-0x0fff] to [bus 0b] add_size 1000
Dec 31 12:24:00 shrinivaasanka-Inspiron-1545 kernel: [    0.360509] pci 0000:00:1c.0: bridge window [mem 0x00100000-0x000fffff 64bit pref] to [bus 0b] add_size 200000
Dec 31 12:24:00 shrinivaasanka-Inspiron-1545 kernel: [    0.360513] pci 0000:00:1c.0: bridge window [mem 0x00100000-0x000fffff] to [bus 0b] add_size 200000
Dec 31 12:24:00 shrinivaasanka-Inspiron-1545 kernel: [    0.360525] pci 0000:00:1c.1: bridge window [io  0x1000-0x0fff] to [bus 0c] add_size 1000
Dec 31 12:24:00 shrinivaasanka-Inspiron-1545 kernel: [    0.360529] pci 0000:00:1c.1: bridge window [mem 0x00100000-0x000fffff 64bit pref] to [bus 0c] add_size 200000
Dec 31 12:24:00 shrinivaasanka-Inspiron-1545 kernel: [    0.360541] pci 0000:00:1c.2: bridge window [mem 0x00100000-0x000fffff 64bit pref] to [bus 09] add_size 200000
Dec 31 12:24:00 shrinivaasanka-Inspiron-1545 kernel: [    0.360568] pci 0000:00:1c.0: res[14]=[mem 0x00100000-0x000fffff] get_res_add_size add_size 200000
Dec 31 12:24:00 shrinivaasanka-Inspiron-1545 kernel: [    0.360571] pci 0000:00:1c.0: res[15]=[mem 0x00100000-0x000fffff 64bit pref] get_res_add_size add_size 200000
Dec 31 12:24:00 shrinivaasanka-Inspiron-1545 kernel: [    0.360574] pci 0000:00:1c.1: res[15]=[mem 0x00100000-0x000fffff 64bit pref] get_res_add_size add_size 200000
Dec 31 12:24:00 shrinivaasanka-Inspiron-1545 kernel: [    0.360577] pci 0000:00:1c.2: res[15]=[mem 0x00100000-0x000fffff 64bit pref] get_res_add_size add_size 200000
Dec 31 12:24:00 shrinivaasanka-Inspiron-1545 kernel: [    0.360580] pci 0000:00:1c.0: res[13]=[io  0x1000-0x0fff] get_res_add_size add_size 1000
Dec 31 12:24:00 shrinivaasanka-Inspiron-1545 kernel: [    0.360583] pci 0000:00:1c.1: res[13]=[io  0x1000-0x0fff] get_res_add_size add_size 1000
Dec 31 12:24:00 shrinivaasanka-Inspiron-1545 kernel: [    0.360591] pci 0000:00:1c.0: BAR 14: assigned [mem 0xc0000000-0xc01fffff]
Dec 31 12:24:00 shrinivaasanka-Inspiron-1545 kernel: [    0.360601] pci 0000:00:1c.0: BAR 15: assigned [mem 0xc0200000-0xc03fffff 64bit pref]
Dec 31 12:24:00 shrinivaasanka-Inspiron-1545 kernel: [    0.360610] pci 0000:00:1c.1: BAR 15: assigned [mem 0xc0400000-0xc05fffff 64bit pref]
Dec 31 12:24:00 shrinivaasanka-Inspiron-1545 kernel: [    0.360619] pci 0000:00:1c.2: BAR 15: assigned [mem 0xc0600000-0xc07fffff 64bit pref]
Dec 31 12:24:00 shrinivaasanka-Inspiron-1545 kernel: [    0.360623] pci 0000:00:1c.0: BAR 13: assigned [io  0x2000-0x2fff]
Dec 31 12:24:00 shrinivaasanka-Inspiron-1545 kernel: [    0.360627] pci 0000:00:1c.1: BAR 13: assigned [io  0x3000-0x3fff]
Dec 31 12:24:00 shrinivaasanka-Inspiron-1545 kernel: [    0.360631] pci 0000:00:1c.0: PCI bridge to [bus 0b]
Dec 31 12:24:00 shrinivaasanka-Inspiron-1545 kernel: [    0.360635] pci 0000:00:1c.0:   bridge window [io  0x2000-0x2fff]
Dec 31 12:24:00 shrinivaasanka-Inspiron-1545 kernel: [    0.360642] pci 0000:00:1c.0:   bridge window [mem 0xc0000000-0xc01fffff]
Dec 31 12:24:00 shrinivaasanka-Inspiron-1545 kernel: [    0.360647] pci 0000:00:1c.0:   bridge window [mem 0xc0200000-0xc03fffff 64bit pref]
Dec 31 12:24:00 shrinivaasanka-Inspiron-1545 kernel: [    0.360656] pci 0000:00:1c.1: PCI bridge to [bus 0c]
Dec 31 12:24:00 shrinivaasanka-Inspiron-1545 kernel: [    0.360660] pci 0000:00:1c.1:   bridge window [io  0x3000-0x3fff]
Dec 31 12:24:00 shrinivaasanka-Inspiron-1545 kernel: [    0.360667] pci 0000:00:1c.1:   bridge window [mem 0xf6900000-0xf69fffff]
Dec 31 12:24:00 shrinivaasanka-Inspiron-1545 kernel: [    0.360672] pci 0000:00:1c.1:   bridge window [mem 0xc0400000-0xc05fffff 64bit pref]
Dec 31 12:24:00 shrinivaasanka-Inspiron-1545 kernel: [    0.360681] pci 0000:00:1c.2: PCI bridge to [bus 09]
Dec 31 12:24:00 shrinivaasanka-Inspiron-1545 kernel: [    0.360685] pci 0000:00:1c.2:   bridge window [io  0xd000-0xdfff]
Dec 31 12:24:00 shrinivaasanka-Inspiron-1545 kernel: [    0.360692] pci 0000:00:1c.2:   bridge window [mem 0xf6800000-0xf68fffff]
Dec 31 12:24:00 shrinivaasanka-Inspiron-1545 kernel: [    0.360697] pci 0000:00:1c.2:   bridge window [mem 0xc0600000-0xc07fffff 64bit pref]
Dec 31 12:24:00 shrinivaasanka-Inspiron-1545 kernel: [    0.360706] pci 0000:00:1c.4: PCI bridge to [bus 0d-0e]
Dec 31 12:24:00 shrinivaasanka-Inspiron-1545 kernel: [    0.360710] pci 0000:00:1c.4:   bridge window [io  0xc000-0xcfff]
Dec 31 12:24:00 shrinivaasanka-Inspiron-1545 kernel: [    0.360717] pci 0000:00:1c.4:   bridge window [mem 0xf6600000-0xf67fffff]
Dec 31 12:24:00 shrinivaasanka-Inspiron-1545 kernel: [    0.360722] pci 0000:00:1c.4:   bridge window [mem 0xf0000000-0xf01fffff 64bit pref]
Dec 31 12:24:00 shrinivaasanka-Inspiron-1545 kernel: [    0.360731] pci 0000:00:1e.0: PCI bridge to [bus 03]
Dec 31 12:24:00 shrinivaasanka-Inspiron-1545 kernel: [    0.360747] pci_bus 0000:00: resource 4 [io  0x0000-0x0cf7]
Dec 31 12:24:00 shrinivaasanka-Inspiron-1545 kernel: [    0.360750] pci_bus 0000:00: resource 5 [io  0x0d00-0xffff]
Dec 31 12:24:00 shrinivaasanka-Inspiron-1545 kernel: [    0.360753] pci_bus 0000:00: resource 6 [mem 0x000a0000-0x000bffff]
Dec 31 12:24:00 shrinivaasanka-Inspiron-1545 kernel: [    0.360755] pci_bus 0000:00: resource 7 [mem 0x000d0000-0x000dffff]
Dec 31 12:24:00 shrinivaasanka-Inspiron-1545 kernel: [    0.360758] pci_bus 0000:00: resource 8 [mem 0xc0000000-0xf7ffffff]
Dec 31 12:24:00 shrinivaasanka-Inspiron-1545 kernel: [    0.360760] pci_bus 0000:00: resource 9 [mem 0xfc000000-0xfebfffff]
Dec 31 12:24:00 shrinivaasanka-Inspiron-1545 kernel: [    0.360763] pci_bus 0000:00: resource 10 [mem 0xfec10000-0xfecfffff]
Dec 31 12:24:00 shrinivaasanka-Inspiron-1545 kernel: [    0.360765] pci_bus 0000:00: resource 11 [mem 0xfed1c000-0xfed1ffff]
Dec 31 12:24:00 shrinivaasanka-Inspiron-1545 kernel: [    0.360768] pci_bus 0000:00: resource 12 [mem 0xfed90000-0xfed9ffff]
Dec 31 12:24:00 shrinivaasanka-Inspiron-1545 kernel: [    0.360771] pci_bus 0000:00: resource 13 [mem 0xfeda7000-0xfedfffff]
Dec 31 12:24:00 shrinivaasanka-Inspiron-1545 kernel: [    0.360773] pci_bus 0000:00: resource 14 [mem 0xfee10000-0xff9fffff]
Dec 31 12:24:00 shrinivaasanka-Inspiron-1545 kernel: [    0.360776] pci_bus 0000:00: resource 15 [mem 0xffc00000-0xffdfffff]
Dec 31 12:24:00 shrinivaasanka-Inspiron-1545 kernel: [    0.360779] pci_bus 0000:0b: resource 0 [io  0x2000-0x2fff]
Dec 31 12:24:00 shrinivaasanka-Inspiron-1545 kernel: [    0.360781] pci_bus 0000:0b: resource 1 [mem 0xc0000000-0xc01fffff]
Dec 31 12:24:00 shrinivaasanka-Inspiron-1545 kernel: [    0.360784] pci_bus 0000:0b: resource 2 [mem 0xc0200000-0xc03fffff 64bit pref]
Dec 31 12:24:00 shrinivaasanka-Inspiron-1545 kernel: [    0.360786] pci_bus 0000:0c: resource 0 [io  0x3000-0x3fff]
Dec 31 12:24:00 shrinivaasanka-Inspiron-1545 kernel: [    0.360789] pci_bus 0000:0c: resource 1 [mem 0xf6900000-0xf69fffff]
Dec 31 12:24:00 shrinivaasanka-Inspiron-1545 kernel: [    0.360792] pci_bus 0000:0c: resource 2 [mem 0xc0400000-0xc05fffff 64bit pref]
Dec 31 12:24:00 shrinivaasanka-Inspiron-1545 kernel: [    0.360795] pci_bus 0000:09: resource 0 [io  0xd000-0xdfff]
Dec 31 12:24:00 shrinivaasanka-Inspiron-1545 kernel: [    0.360797] pci_bus 0000:09: resource 1 [mem 0xf6800000-0xf68fffff]
Dec 31 12:24:00 shrinivaasanka-Inspiron-1545 kernel: [    0.360800] pci_bus 0000:09: resource 2 [mem 0xc0600000-0xc07fffff 64bit pref]
Dec 31 12:24:00 shrinivaasanka-Inspiron-1545 kernel: [    0.360802] pci_bus 0000:0d: resource 0 [io  0xc000-0xcfff]
Dec 31 12:24:00 shrinivaasanka-Inspiron-1545 kernel: [    0.360805] pci_bus 0000:0d: resource 1 [mem 0xf6600000-0xf67fffff]
Dec 31 12:24:00 shrinivaasanka-Inspiron-1545 kernel: [    0.360807] pci_bus 0000:0d: resource 2 [mem 0xf0000000-0xf01fffff 64bit pref]
Dec 31 12:24:00 shrinivaasanka-Inspiron-1545 kernel: [    0.360810] pci_bus 0000:03: resource 4 [io  0x0000-0x0cf7]
Dec 31 12:24:00 shrinivaasanka-Inspiron-1545 kernel: [    0.360813] pci_bus 0000:03: resource 5 [io  0x0d00-0xffff]
Dec 31 12:24:00 shrinivaasanka-Inspiron-1545 kernel: [    0.360815] pci_bus 0000:03: resource 6 [mem 0x000a0000-0x000bffff]
Dec 31 12:24:00 shrinivaasanka-Inspiron-1545 kernel: [    0.360818] pci_bus 0000:03: resource 7 [mem 0x000d0000-0x000dffff]
Dec 31 12:24:00 shrinivaasanka-Inspiron-1545 kernel: [    0.360820] pci_bus 0000:03: resource 8 [mem 0xc0000000-0xf7ffffff]
Dec 31 12:24:00 shrinivaasanka-Inspiron-1545 kernel: [    0.360823] pci_bus 0000:03: resource 9 [mem 0xfc000000-0xfebfffff]
Dec 31 12:24:00 shrinivaasanka-Inspiron-1545 kernel: [    0.360825] pci_bus 0000:03: resource 10 [mem 0xfec10000-0xfecfffff]
Dec 31 12:24:00 shrinivaasanka-Inspiron-1545 kernel: [    0.360828] pci_bus 0000:03: resource 11 [mem 0xfed1c000-0xfed1ffff]
Dec 31 12:24:00 shrinivaasanka-Inspiron-1545 kernel: [    0.360831] pci_bus 0000:03: resource 12 [mem 0xfed90000-0xfed9ffff]
Dec 31 12:24:00 shrinivaasanka-Inspiron-1545 kernel: [    0.360833] pci_bus 0000:03: resource 13 [mem 0xfeda7000-0xfedfffff]
Dec 31 12:24:00 shrinivaasanka-Inspiron-1545 kernel: [    0.360836] pci_bus 0000:03: resource 14 [mem 0xfee10000-0xff9fffff]
Dec 31 12:24:00 shrinivaasanka-Inspiron-1545 kernel: [    0.360838] pci_bus 0000:03: resource 15 [mem 0xffc00000-0xffdfffff]
Dec 31 12:24:00 shrinivaasanka-Inspiron-1545 kernel: [    0.360872] NET: Registered protocol family 2
Dec 31 12:24:00 shrinivaasanka-Inspiron-1545 kernel: [    0.361054] TCP established hash table entries: 8192 (order: 3, 32768 bytes)
Dec 31 12:24:00 shrinivaasanka-Inspiron-1545 kernel: [    0.361071] TCP bind hash table entries: 8192 (order: 4, 65536 bytes)
Dec 31 12:24:00 shrinivaasanka-Inspiron-1545 kernel: [    0.361102] TCP: Hash tables configured (established 8192 bind 8192)
Dec 31 12:24:00 shrinivaasanka-Inspiron-1545 kernel: [    0.361135] TCP: reno registered
Dec 31 12:24:00 shrinivaasanka-Inspiron-1545 kernel: [    0.361138] UDP hash table entries: 512 (order: 2, 16384 bytes)
Dec 31 12:24:00 shrinivaasanka-Inspiron-1545 kernel: [    0.361147] UDP-Lite hash table entries: 512 (order: 2, 16384 bytes)
Dec 31 12:24:00 shrinivaasanka-Inspiron-1545 kernel: [    0.361201] NET: Registered protocol family 1
Dec 31 12:24:00 shrinivaasanka-Inspiron-1545 kernel: [    0.361217] pci 0000:00:02.0: Boot video device
Dec 31 12:24:00 shrinivaasanka-Inspiron-1545 kernel: [    0.364520] PCI: CLS 64 bytes, default 64
Dec 31 12:24:00 shrinivaasanka-Inspiron-1545 kernel: [    0.364574] Trying to unpack rootfs image as initramfs...
Dec 31 12:24:00 shrinivaasanka-Inspiron-1545 kernel: [    5.766013] Freeing initrd memory: 214504K (ddcfc000 - eae76000)
Dec 31 12:24:00 shrinivaasanka-Inspiron-1545 kernel: [    5.766337] microcode: CPU0 sig=0x1067a, pf=0x80, revision=0xa07
Dec 31 12:24:00 shrinivaasanka-Inspiron-1545 kernel: [    5.766344] microcode: CPU1 sig=0x1067a, pf=0x80, revision=0xa07
Dec 31 12:24:00 shrinivaasanka-Inspiron-1545 kernel: [    5.766453] microcode: Microcode Update Driver: v2.00 <tigran@aivazian.fsnet.co.uk>, Peter Oruba
Dec 31 12:24:00 shrinivaasanka-Inspiron-1545 kernel: [    5.766482] Scanning for low memory corruption every 60 seconds
Dec 31 12:24:00 shrinivaasanka-Inspiron-1545 kernel: [    5.766832] futex hash table entries: 512 (order: 3, 32768 bytes)
Dec 31 12:24:00 shrinivaasanka-Inspiron-1545 kernel: [    5.766856] Initialise system trusted keyring
Dec 31 12:24:00 shrinivaasanka-Inspiron-1545 kernel: [    5.766883] audit: initializing netlink subsys (disabled)
Dec 31 12:24:00 shrinivaasanka-Inspiron-1545 kernel: [    5.766909] audit: type=2000 audit(1420028628.760:1): initialized
Dec 31 12:24:00 shrinivaasanka-Inspiron-1545 kernel: [    5.794486] bounce pool size: 64 pages
Dec 31 12:24:00 shrinivaasanka-Inspiron-1545 kernel: [    5.794499] HugeTLB registered 2 MB page size, pre-allocated 0 pages
Dec 31 12:24:00 shrinivaasanka-Inspiron-1545 kernel: [    5.797217] zbud: loaded
Dec 31 12:24:00 shrinivaasanka-Inspiron-1545 kernel: [    5.797305] VFS: Disk quotas dquot_6.5.2
Dec 31 12:24:00 shrinivaasanka-Inspiron-1545 kernel: [    5.797365] Dquot-cache hash table entries: 1024 (order 0, 4096 bytes)
Dec 31 12:24:00 shrinivaasanka-Inspiron-1545 kernel: [    5.798061] fuse init (API version 7.23)
Dec 31 12:24:00 shrinivaasanka-Inspiron-1545 kernel: [    5.798205] msgmni has been set to 1708
Dec 31 12:24:00 shrinivaasanka-Inspiron-1545 kernel: [    5.798282] Key type big_key registered
Dec 31 12:24:00 shrinivaasanka-Inspiron-1545 kernel: [    5.798844] Key type asymmetric registered
Dec 31 12:24:00 shrinivaasanka-Inspiron-1545 kernel: [    5.798846] Asymmetric key parser 'x509' registered
Dec 31 12:24:00 shrinivaasanka-Inspiron-1545 kernel: [    5.798862] Block layer SCSI generic (bsg) driver version 0.4 loaded (major 252)
Dec 31 12:24:00 shrinivaasanka-Inspiron-1545 kernel: [    5.798904] io scheduler noop registered
Dec 31 12:24:00 shrinivaasanka-Inspiron-1545 kernel: [    5.798906] io scheduler deadline registered (default)
Dec 31 12:24:00 shrinivaasanka-Inspiron-1545 kernel: [    5.798956] io scheduler cfq registered
Dec 31 12:24:00 shrinivaasanka-Inspiron-1545 kernel: [    5.799081] pcieport 0000:00:1c.0: device [8086:2940] has invalid IRQ; check vendor BIOS
Dec 31 12:24:00 shrinivaasanka-Inspiron-1545 kernel: [    5.799340] pcieport 0000:00:1c.0: irq 40 for MSI/MSI-X
Dec 31 12:24:00 shrinivaasanka-Inspiron-1545 kernel: [    5.799443] pcieport 0000:00:1c.1: device [8086:2942] has invalid IRQ; check vendor BIOS
Dec 31 12:24:00 shrinivaasanka-Inspiron-1545 kernel: [    5.799653] pcieport 0000:00:1c.1: irq 41 for MSI/MSI-X
Dec 31 12:24:00 shrinivaasanka-Inspiron-1545 kernel: [    5.799752] pcieport 0000:00:1c.2: device [8086:2944] has invalid IRQ; check vendor BIOS
Dec 31 12:24:00 shrinivaasanka-Inspiron-1545 kernel: [    5.799961] pcieport 0000:00:1c.2: irq 42 for MSI/MSI-X
Dec 31 12:24:00 shrinivaasanka-Inspiron-1545 kernel: [    5.800086] pcieport 0000:00:1c.4: device [8086:2948] has invalid IRQ; check vendor BIOS
Dec 31 12:24:00 shrinivaasanka-Inspiron-1545 kernel: [    5.800295] pcieport 0000:00:1c.4: irq 43 for MSI/MSI-X
Dec 31 12:24:00 shrinivaasanka-Inspiron-1545 kernel: [    5.800428] pci_hotplug: PCI Hot Plug PCI Core version: 0.5
Dec 31 12:24:00 shrinivaasanka-Inspiron-1545 kernel: [    5.800452] pciehp: PCI Express Hot Plug Controller Driver version: 0.4
Dec 31 12:24:00 shrinivaasanka-Inspiron-1545 kernel: [    5.800523] vesafb: mode is 1024x768x32, linelength=4096, pages=0
Dec 31 12:24:00 shrinivaasanka-Inspiron-1545 kernel: [    5.800525] vesafb: scrolling: redraw
Dec 31 12:24:00 shrinivaasanka-Inspiron-1545 kernel: [    5.800528] vesafb: Truecolor: size=8:8:8:8, shift=24:16:8:0
Dec 31 12:24:00 shrinivaasanka-Inspiron-1545 kernel: [    5.800706] vesafb: framebuffer at 0xe0000000, mapped to 0xf8480000, using 3072k, total 3072k
Dec 31 12:24:00 shrinivaasanka-Inspiron-1545 kernel: [    5.824772] Console: switching to colour frame buffer device 128x48
Dec 31 12:24:00 shrinivaasanka-Inspiron-1545 kernel: [    5.848713] fb0: VESA VGA frame buffer device
Dec 31 12:24:00 shrinivaasanka-Inspiron-1545 kernel: [    5.848740] intel_idle: does not run on family 6 model 23
Dec 31 12:24:00 shrinivaasanka-Inspiron-1545 kernel: [    5.848750] ipmi message handler version 39.2
Dec 31 12:24:00 shrinivaasanka-Inspiron-1545 kernel: [    5.848880] ACPI: AC Adapter [AC] (on-line)
Dec 31 12:24:00 shrinivaasanka-Inspiron-1545 kernel: [    5.849025] input: Lid Switch as /devices/LNXSYSTM:00/LNXSYBUS:00/PNP0C0D:00/input/input0
Dec 31 12:24:00 shrinivaasanka-Inspiron-1545 kernel: [    5.850343] ACPI: Lid Switch [LID]
Dec 31 12:24:00 shrinivaasanka-Inspiron-1545 kernel: [    5.850411] input: Power Button as /devices/LNXSYSTM:00/LNXSYBUS:00/PNP0C0C:00/input/input1
Dec 31 12:24:00 shrinivaasanka-Inspiron-1545 kernel: [    5.850416] ACPI: Power Button [PBTN]
Dec 31 12:24:00 shrinivaasanka-Inspiron-1545 kernel: [    5.850479] input: Sleep Button as /devices/LNXSYSTM:00/LNXSYBUS:00/PNP0C0E:00/input/input2
Dec 31 12:24:00 shrinivaasanka-Inspiron-1545 kernel: [    5.850482] ACPI: Sleep Button [SBTN]
Dec 31 12:24:00 shrinivaasanka-Inspiron-1545 kernel: [    5.850613] Monitor-Mwait will be used to enter C-1 state
Dec 31 12:24:00 shrinivaasanka-Inspiron-1545 kernel: [    5.850619] Monitor-Mwait will be used to enter C-2 state
Dec 31 12:24:00 shrinivaasanka-Inspiron-1545 kernel: [    5.850623] Monitor-Mwait will be used to enter C-3 state
Dec 31 12:24:00 shrinivaasanka-Inspiron-1545 kernel: [    5.850627] tsc: Marking TSC unstable due to TSC halts in idle
Dec 31 12:24:00 shrinivaasanka-Inspiron-1545 kernel: [    5.850638] ACPI: acpi_idle registered with cpuidle
Dec 31 12:24:00 shrinivaasanka-Inspiron-1545 kernel: [    5.866484] thermal LNXTHERM:00: registered as thermal_zone0
Dec 31 12:24:00 shrinivaasanka-Inspiron-1545 kernel: [    5.866487] ACPI: Thermal Zone [THM] (64 C)
Dec 31 12:24:00 shrinivaasanka-Inspiron-1545 kernel: [    5.866525] GHES: HEST is not enabled!
Dec 31 12:24:00 shrinivaasanka-Inspiron-1545 kernel: [    5.866545] isapnp: Scanning for PnP cards...
Dec 31 12:24:00 shrinivaasanka-Inspiron-1545 kernel: [    5.918165] ACPI: Battery Slot [BAT0] (battery present)
Dec 31 12:24:00 shrinivaasanka-Inspiron-1545 kernel: [    6.201361] isapnp: No Plug & Play device found
Dec 31 12:24:00 shrinivaasanka-Inspiron-1545 kernel: [    6.201507] Serial: 8250/16550 driver, 32 ports, IRQ sharing enabled
Dec 31 12:24:00 shrinivaasanka-Inspiron-1545 kernel: [    6.204565] Linux agpgart interface v0.103
Dec 31 12:24:00 shrinivaasanka-Inspiron-1545 kernel: [    6.204687] agpgart-intel 0000:00:00.0: Intel GM45 Chipset
Dec 31 12:24:00 shrinivaasanka-Inspiron-1545 kernel: [    6.204735] agpgart-intel 0000:00:00.0: detected gtt size: 2097152K total, 262144K mappable
Dec 31 12:24:00 shrinivaasanka-Inspiron-1545 kernel: [    6.205431] agpgart-intel 0000:00:00.0: detected 32768K stolen memory
Dec 31 12:24:00 shrinivaasanka-Inspiron-1545 kernel: [    6.205606] agpgart-intel 0000:00:00.0: AGP aperture is 256M @ 0xe0000000
Dec 31 12:24:00 shrinivaasanka-Inspiron-1545 kernel: [    6.207980] brd: module loaded
Dec 31 12:24:00 shrinivaasanka-Inspiron-1545 kernel: [    6.209180] loop: module loaded
Dec 31 12:24:00 shrinivaasanka-Inspiron-1545 kernel: [    6.209859] libphy: Fixed MDIO Bus: probed
Dec 31 12:24:00 shrinivaasanka-Inspiron-1545 kernel: [    6.210032] tun: Universal TUN/TAP device driver, 1.6
Dec 31 12:24:00 shrinivaasanka-Inspiron-1545 kernel: [    6.210034] tun: (C) 1999-2004 Max Krasnyansky <maxk@qualcomm.com>
Dec 31 12:24:00 shrinivaasanka-Inspiron-1545 kernel: [    6.210110] PPP generic driver version 2.4.2
Dec 31 12:24:00 shrinivaasanka-Inspiron-1545 kernel: [    6.210186] ehci_hcd: USB 2.0 'Enhanced' Host Controller (EHCI) Driver
Dec 31 12:24:00 shrinivaasanka-Inspiron-1545 kernel: [    6.210191] ehci-pci: EHCI PCI platform driver
Dec 31 12:24:00 shrinivaasanka-Inspiron-1545 kernel: [    6.210465] ehci-pci 0000:00:1a.7: EHCI Host Controller
Dec 31 12:24:00 shrinivaasanka-Inspiron-1545 kernel: [    6.210473] ehci-pci 0000:00:1a.7: new USB bus registered, assigned bus number 1
Dec 31 12:24:00 shrinivaasanka-Inspiron-1545 kernel: [    6.210491] ehci-pci 0000:00:1a.7: debug port 1
Dec 31 12:24:00 shrinivaasanka-Inspiron-1545 kernel: [    6.214394] ehci-pci 0000:00:1a.7: cache line size of 64 is not supported
Dec 31 12:24:00 shrinivaasanka-Inspiron-1545 kernel: [    6.214415] ehci-pci 0000:00:1a.7: irq 22, io mem 0xfed1c400
Dec 31 12:24:00 shrinivaasanka-Inspiron-1545 kernel: [    6.224041] ehci-pci 0000:00:1a.7: USB 2.0 started, EHCI 1.00
Dec 31 12:24:00 shrinivaasanka-Inspiron-1545 kernel: [    6.224119] usb usb1: New USB device found, idVendor=1d6b, idProduct=0002
Dec 31 12:24:00 shrinivaasanka-Inspiron-1545 kernel: [    6.224124] usb usb1: New USB device strings: Mfr=3, Product=2, SerialNumber=1
Dec 31 12:24:00 shrinivaasanka-Inspiron-1545 kernel: [    6.224128] usb usb1: Product: EHCI Host Controller
Dec 31 12:24:00 shrinivaasanka-Inspiron-1545 kernel: [    6.224132] usb usb1: Manufacturer: Linux 3.15.5 ehci_hcd
Dec 31 12:24:00 shrinivaasanka-Inspiron-1545 kernel: [    6.224136] usb usb1: SerialNumber: 0000:00:1a.7
Dec 31 12:24:00 shrinivaasanka-Inspiron-1545 kernel: [    6.224356] hub 1-0:1.0: USB hub found
Dec 31 12:24:00 shrinivaasanka-Inspiron-1545 kernel: [    6.224365] hub 1-0:1.0: 6 ports detected
Dec 31 12:24:00 shrinivaasanka-Inspiron-1545 kernel: [    6.224922] ehci-pci 0000:00:1d.7: EHCI Host Controller
Dec 31 12:24:00 shrinivaasanka-Inspiron-1545 kernel: [    6.224929] ehci-pci 0000:00:1d.7: new USB bus registered, assigned bus number 2
Dec 31 12:24:00 shrinivaasanka-Inspiron-1545 kernel: [    6.224947] ehci-pci 0000:00:1d.7: debug port 1
Dec 31 12:24:00 shrinivaasanka-Inspiron-1545 kernel: [    6.228860] ehci-pci 0000:00:1d.7: cache line size of 64 is not supported
Dec 31 12:24:00 shrinivaasanka-Inspiron-1545 kernel: [    6.228877] ehci-pci 0000:00:1d.7: irq 20, io mem 0xfed1c000
Dec 31 12:24:00 shrinivaasanka-Inspiron-1545 kernel: [    6.240222] ehci-pci 0000:00:1d.7: USB 2.0 started, EHCI 1.00
Dec 31 12:24:00 shrinivaasanka-Inspiron-1545 kernel: [    6.240292] usb usb2: New USB device found, idVendor=1d6b, idProduct=0002
Dec 31 12:24:00 shrinivaasanka-Inspiron-1545 kernel: [    6.240297] usb usb2: New USB device strings: Mfr=3, Product=2, SerialNumber=1
Dec 31 12:24:00 shrinivaasanka-Inspiron-1545 kernel: [    6.240301] usb usb2: Product: EHCI Host Controller
Dec 31 12:24:00 shrinivaasanka-Inspiron-1545 kernel: [    6.240305] usb usb2: Manufacturer: Linux 3.15.5 ehci_hcd
Dec 31 12:24:00 shrinivaasanka-Inspiron-1545 kernel: [    6.240309] usb usb2: SerialNumber: 0000:00:1d.7
Dec 31 12:24:00 shrinivaasanka-Inspiron-1545 kernel: [    6.240519] hub 2-0:1.0: USB hub found
Dec 31 12:24:00 shrinivaasanka-Inspiron-1545 kernel: [    6.240527] hub 2-0:1.0: 6 ports detected
Dec 31 12:24:00 shrinivaasanka-Inspiron-1545 kernel: [    6.240842] ehci-platform: EHCI generic platform driver
Dec 31 12:24:00 shrinivaasanka-Inspiron-1545 kernel: [    6.240860] ohci_hcd: USB 1.1 'Open' Host Controller (OHCI) Driver
Dec 31 12:24:00 shrinivaasanka-Inspiron-1545 kernel: [    6.240865] ohci-pci: OHCI PCI platform driver
Dec 31 12:24:00 shrinivaasanka-Inspiron-1545 kernel: [    6.240881] ohci-platform: OHCI generic platform driver
Dec 31 12:24:00 shrinivaasanka-Inspiron-1545 kernel: [    6.240891] uhci_hcd: USB Universal Host Controller Interface driver
Dec 31 12:24:00 shrinivaasanka-Inspiron-1545 kernel: [    6.241115] uhci_hcd 0000:00:1a.0: UHCI Host Controller
Dec 31 12:24:00 shrinivaasanka-Inspiron-1545 kernel: [    6.241122] uhci_hcd 0000:00:1a.0: new USB bus registered, assigned bus number 3
Dec 31 12:24:00 shrinivaasanka-Inspiron-1545 kernel: [    6.241130] uhci_hcd 0000:00:1a.0: detected 2 ports
Dec 31 12:24:00 shrinivaasanka-Inspiron-1545 kernel: [    6.241154] uhci_hcd 0000:00:1a.0: irq 20, io base 0x00006f60
Dec 31 12:24:00 shrinivaasanka-Inspiron-1545 kernel: [    6.241210] usb usb3: New USB device found, idVendor=1d6b, idProduct=0001
Dec 31 12:24:00 shrinivaasanka-Inspiron-1545 kernel: [    6.241213] usb usb3: New USB device strings: Mfr=3, Product=2, SerialNumber=1
Dec 31 12:24:00 shrinivaasanka-Inspiron-1545 kernel: [    6.241216] usb usb3: Product: UHCI Host Controller
Dec 31 12:24:00 shrinivaasanka-Inspiron-1545 kernel: [    6.241218] usb usb3: Manufacturer: Linux 3.15.5 uhci_hcd
Dec 31 12:24:00 shrinivaasanka-Inspiron-1545 kernel: [    6.241220] usb usb3: SerialNumber: 0000:00:1a.0
Dec 31 12:24:00 shrinivaasanka-Inspiron-1545 kernel: [    6.241402] hub 3-0:1.0: USB hub found
Dec 31 12:24:00 shrinivaasanka-Inspiron-1545 kernel: [    6.241410] hub 3-0:1.0: 2 ports detected
Dec 31 12:24:00 shrinivaasanka-Inspiron-1545 kernel: [    6.241767] uhci_hcd 0000:00:1a.1: UHCI Host Controller
Dec 31 12:24:00 shrinivaasanka-Inspiron-1545 kernel: [    6.241774] uhci_hcd 0000:00:1a.1: new USB bus registered, assigned bus number 4
Dec 31 12:24:00 shrinivaasanka-Inspiron-1545 kernel: [    6.241783] uhci_hcd 0000:00:1a.1: detected 2 ports
Dec 31 12:24:00 shrinivaasanka-Inspiron-1545 kernel: [    6.241816] uhci_hcd 0000:00:1a.1: irq 21, io base 0x00006f80
Dec 31 12:24:00 shrinivaasanka-Inspiron-1545 kernel: [    6.241870] usb usb4: New USB device found, idVendor=1d6b, idProduct=0001
Dec 31 12:24:00 shrinivaasanka-Inspiron-1545 kernel: [    6.241873] usb usb4: New USB device strings: Mfr=3, Product=2, SerialNumber=1
Dec 31 12:24:00 shrinivaasanka-Inspiron-1545 kernel: [    6.241875] usb usb4: Product: UHCI Host Controller
Dec 31 12:24:00 shrinivaasanka-Inspiron-1545 kernel: [    6.241877] usb usb4: Manufacturer: Linux 3.15.5 uhci_hcd
Dec 31 12:24:00 shrinivaasanka-Inspiron-1545 kernel: [    6.241880] usb usb4: SerialNumber: 0000:00:1a.1
Dec 31 12:24:00 shrinivaasanka-Inspiron-1545 kernel: [    6.242061] hub 4-0:1.0: USB hub found
Dec 31 12:24:00 shrinivaasanka-Inspiron-1545 kernel: [    6.242069] hub 4-0:1.0: 2 ports detected
Dec 31 12:24:00 shrinivaasanka-Inspiron-1545 kernel: [    6.242424] uhci_hcd 0000:00:1a.2: UHCI Host Controller
Dec 31 12:24:00 shrinivaasanka-Inspiron-1545 kernel: [    6.242433] uhci_hcd 0000:00:1a.2: new USB bus registered, assigned bus number 5
Dec 31 12:24:00 shrinivaasanka-Inspiron-1545 kernel: [    6.242441] uhci_hcd 0000:00:1a.2: detected 2 ports
Dec 31 12:24:00 shrinivaasanka-Inspiron-1545 kernel: [    6.242464] uhci_hcd 0000:00:1a.2: irq 22, io base 0x00006fa0
Dec 31 12:24:00 shrinivaasanka-Inspiron-1545 kernel: [    6.242518] usb usb5: New USB device found, idVendor=1d6b, idProduct=0001
Dec 31 12:24:00 shrinivaasanka-Inspiron-1545 kernel: [    6.242521] usb usb5: New USB device strings: Mfr=3, Product=2, SerialNumber=1
Dec 31 12:24:00 shrinivaasanka-Inspiron-1545 kernel: [    6.242523] usb usb5: Product: UHCI Host Controller
Dec 31 12:24:00 shrinivaasanka-Inspiron-1545 kernel: [    6.242526] usb usb5: Manufacturer: Linux 3.15.5 uhci_hcd
Dec 31 12:24:00 shrinivaasanka-Inspiron-1545 kernel: [    6.242528] usb usb5: SerialNumber: 0000:00:1a.2
Dec 31 12:24:00 shrinivaasanka-Inspiron-1545 kernel: [    6.242709] hub 5-0:1.0: USB hub found
Dec 31 12:24:00 shrinivaasanka-Inspiron-1545 kernel: [    6.242719] hub 5-0:1.0: 2 ports detected
Dec 31 12:24:00 shrinivaasanka-Inspiron-1545 kernel: [    6.243069] uhci_hcd 0000:00:1d.0: UHCI Host Controller
Dec 31 12:24:00 shrinivaasanka-Inspiron-1545 kernel: [    6.243076] uhci_hcd 0000:00:1d.0: new USB bus registered, assigned bus number 6
Dec 31 12:24:00 shrinivaasanka-Inspiron-1545 kernel: [    6.243084] uhci_hcd 0000:00:1d.0: detected 2 ports
Dec 31 12:24:00 shrinivaasanka-Inspiron-1545 kernel: [    6.243106] uhci_hcd 0000:00:1d.0: irq 20, io base 0x00006f00
Dec 31 12:24:00 shrinivaasanka-Inspiron-1545 kernel: [    6.243160] usb usb6: New USB device found, idVendor=1d6b, idProduct=0001
Dec 31 12:24:00 shrinivaasanka-Inspiron-1545 kernel: [    6.243163] usb usb6: New USB device strings: Mfr=3, Product=2, SerialNumber=1
Dec 31 12:24:00 shrinivaasanka-Inspiron-1545 kernel: [    6.243165] usb usb6: Product: UHCI Host Controller
Dec 31 12:24:00 shrinivaasanka-Inspiron-1545 kernel: [    6.243168] usb usb6: Manufacturer: Linux 3.15.5 uhci_hcd
Dec 31 12:24:00 shrinivaasanka-Inspiron-1545 kernel: [    6.243170] usb usb6: SerialNumber: 0000:00:1d.0
Dec 31 12:24:00 shrinivaasanka-Inspiron-1545 kernel: [    6.243354] hub 6-0:1.0: USB hub found
Dec 31 12:24:00 shrinivaasanka-Inspiron-1545 kernel: [    6.243362] hub 6-0:1.0: 2 ports detected
Dec 31 12:24:00 shrinivaasanka-Inspiron-1545 kernel: [    6.243710] uhci_hcd 0000:00:1d.1: UHCI Host Controller
Dec 31 12:24:00 shrinivaasanka-Inspiron-1545 kernel: [    6.243717] uhci_hcd 0000:00:1d.1: new USB bus registered, assigned bus number 7
Dec 31 12:24:00 shrinivaasanka-Inspiron-1545 kernel: [    6.243725] uhci_hcd 0000:00:1d.1: detected 2 ports
Dec 31 12:24:00 shrinivaasanka-Inspiron-1545 kernel: [    6.243749] uhci_hcd 0000:00:1d.1: irq 21, io base 0x00006f20
Dec 31 12:24:00 shrinivaasanka-Inspiron-1545 kernel: [    6.243806] usb usb7: New USB device found, idVendor=1d6b, idProduct=0001
Dec 31 12:24:00 shrinivaasanka-Inspiron-1545 kernel: [    6.243808] usb usb7: New USB device strings: Mfr=3, Product=2, SerialNumber=1
Dec 31 12:24:00 shrinivaasanka-Inspiron-1545 kernel: [    6.243811] usb usb7: Product: UHCI Host Controller
Dec 31 12:24:00 shrinivaasanka-Inspiron-1545 kernel: [    6.243813] usb usb7: Manufacturer: Linux 3.15.5 uhci_hcd
Dec 31 12:24:00 shrinivaasanka-Inspiron-1545 kernel: [    6.243816] usb usb7: SerialNumber: 0000:00:1d.1
Dec 31 12:24:00 shrinivaasanka-Inspiron-1545 kernel: [    6.243993] hub 7-0:1.0: USB hub found
Dec 31 12:24:00 shrinivaasanka-Inspiron-1545 kernel: [    6.244012] hub 7-0:1.0: 2 ports detected
Dec 31 12:24:00 shrinivaasanka-Inspiron-1545 kernel: [    6.244368] uhci_hcd 0000:00:1d.2: UHCI Host Controller
Dec 31 12:24:00 shrinivaasanka-Inspiron-1545 kernel: [    6.244375] uhci_hcd 0000:00:1d.2: new USB bus registered, assigned bus number 8
Dec 31 12:24:00 shrinivaasanka-Inspiron-1545 kernel: [    6.244384] uhci_hcd 0000:00:1d.2: detected 2 ports
Dec 31 12:24:00 shrinivaasanka-Inspiron-1545 kernel: [    6.244408] uhci_hcd 0000:00:1d.2: irq 22, io base 0x00006f40
Dec 31 12:24:00 shrinivaasanka-Inspiron-1545 kernel: [    6.244469] usb usb8: New USB device found, idVendor=1d6b, idProduct=0001
Dec 31 12:24:00 shrinivaasanka-Inspiron-1545 kernel: [    6.244471] usb usb8: New USB device strings: Mfr=3, Product=2, SerialNumber=1
Dec 31 12:24:00 shrinivaasanka-Inspiron-1545 kernel: [    6.244474] usb usb8: Product: UHCI Host Controller
Dec 31 12:24:00 shrinivaasanka-Inspiron-1545 kernel: [    6.244476] usb usb8: Manufacturer: Linux 3.15.5 uhci_hcd
Dec 31 12:24:00 shrinivaasanka-Inspiron-1545 kernel: [    6.244479] usb usb8: SerialNumber: 0000:00:1d.2
Dec 31 12:24:00 shrinivaasanka-Inspiron-1545 kernel: [    6.244655] hub 8-0:1.0: USB hub found
Dec 31 12:24:00 shrinivaasanka-Inspiron-1545 kernel: [    6.244663] hub 8-0:1.0: 2 ports detected
Dec 31 12:24:00 shrinivaasanka-Inspiron-1545 kernel: [    6.244900] usbcore: registered new interface driver usb-storage
Dec 31 12:24:00 shrinivaasanka-Inspiron-1545 kernel: [    6.244962] i8042: PNP: PS/2 Controller [PNP0303:KBC,PNP0f13:PS2M] at 0x60,0x64 irq 1,12
Dec 31 12:24:00 shrinivaasanka-Inspiron-1545 kernel: [    6.264325] i8042: Detected active multiplexing controller, rev 1.1
Dec 31 12:24:00 shrinivaasanka-Inspiron-1545 kernel: [    6.276792] serio: i8042 KBD port at 0x60,0x64 irq 1
Dec 31 12:24:00 shrinivaasanka-Inspiron-1545 kernel: [    6.276799] serio: i8042 AUX0 port at 0x60,0x64 irq 12
Dec 31 12:24:00 shrinivaasanka-Inspiron-1545 kernel: [    6.276843] serio: i8042 AUX1 port at 0x60,0x64 irq 12
Dec 31 12:24:00 shrinivaasanka-Inspiron-1545 kernel: [    6.276880] serio: i8042 AUX2 port at 0x60,0x64 irq 12
Dec 31 12:24:00 shrinivaasanka-Inspiron-1545 kernel: [    6.276916] serio: i8042 AUX3 port at 0x60,0x64 irq 12
Dec 31 12:24:00 shrinivaasanka-Inspiron-1545 kernel: [    6.277125] mousedev: PS/2 mouse device common for all mice
Dec 31 12:24:00 shrinivaasanka-Inspiron-1545 kernel: [    6.277639] rtc_cmos 00:03: RTC can wake from S4
Dec 31 12:24:00 shrinivaasanka-Inspiron-1545 kernel: [    6.277832] rtc_cmos 00:03: rtc core: registered rtc_cmos as rtc0
Dec 31 12:24:00 shrinivaasanka-Inspiron-1545 kernel: [    6.277865] rtc_cmos 00:03: alarms up to one month, y3k, 114 bytes nvram, hpet irqs
Dec 31 12:24:00 shrinivaasanka-Inspiron-1545 kernel: [    6.277934] device-mapper: uevent: version 1.0.3
Dec 31 12:24:00 shrinivaasanka-Inspiron-1545 kernel: [    6.278044] device-mapper: ioctl: 4.27.0-ioctl (2013-10-30) initialised: dm-devel@redhat.com
Dec 31 12:24:00 shrinivaasanka-Inspiron-1545 kernel: [    6.278079] platform eisa.0: Probing EISA bus 0
Dec 31 12:24:00 shrinivaasanka-Inspiron-1545 kernel: [    6.278083] platform eisa.0: EISA: Cannot allocate resource for mainboard
Dec 31 12:24:00 shrinivaasanka-Inspiron-1545 kernel: [    6.278085] platform eisa.0: Cannot allocate resource for EISA slot 1
Dec 31 12:24:00 shrinivaasanka-Inspiron-1545 kernel: [    6.278088] platform eisa.0: Cannot allocate resource for EISA slot 2
Dec 31 12:24:00 shrinivaasanka-Inspiron-1545 kernel: [    6.278091] platform eisa.0: Cannot allocate resource for EISA slot 3
Dec 31 12:24:00 shrinivaasanka-Inspiron-1545 kernel: [    6.278093] platform eisa.0: Cannot allocate resource for EISA slot 4
Dec 31 12:24:00 shrinivaasanka-Inspiron-1545 kernel: [    6.278096] platform eisa.0: Cannot allocate resource for EISA slot 5
Dec 31 12:24:00 shrinivaasanka-Inspiron-1545 kernel: [    6.278098] platform eisa.0: Cannot allocate resource for EISA slot 6
Dec 31 12:24:00 shrinivaasanka-Inspiron-1545 kernel: [    6.278101] platform eisa.0: Cannot allocate resource for EISA slot 7
Dec 31 12:24:00 shrinivaasanka-Inspiron-1545 kernel: [    6.278103] platform eisa.0: Cannot allocate resource for EISA slot 8
Dec 31 12:24:00 shrinivaasanka-Inspiron-1545 kernel: [    6.278106] platform eisa.0: EISA: Detected 0 cards
Dec 31 12:24:00 shrinivaasanka-Inspiron-1545 kernel: [    6.278114] cpufreq-nforce2: No nForce2 chipset.
Dec 31 12:24:00 shrinivaasanka-Inspiron-1545 kernel: [    6.278122] ledtrig-cpu: registered to indicate activity on CPUs
Dec 31 12:24:00 shrinivaasanka-Inspiron-1545 kernel: [    6.278245] TCP: cubic registered
Dec 31 12:24:00 shrinivaasanka-Inspiron-1545 kernel: [    6.278413] NET: Registered protocol family 10
Dec 31 12:24:00 shrinivaasanka-Inspiron-1545 kernel: [    6.278699] NET: Registered protocol family 17
Dec 31 12:24:00 shrinivaasanka-Inspiron-1545 kernel: [    6.278713] Key type dns_resolver registered
Dec 31 12:24:00 shrinivaasanka-Inspiron-1545 kernel: [    6.278982] Using IPI No-Shortcut mode
Dec 31 12:24:00 shrinivaasanka-Inspiron-1545 kernel: [    6.279174] Loading compiled-in X.509 certificates
Dec 31 12:24:00 shrinivaasanka-Inspiron-1545 kernel: [    6.283483] Loaded X.509 cert 'Magrathea: Glacier signing key: c546e0efa90e80c311f1078ef911c09fb48be09f'
Dec 31 12:24:00 shrinivaasanka-Inspiron-1545 kernel: [    6.283498] registered taskstats version 1
Dec 31 12:24:00 shrinivaasanka-Inspiron-1545 kernel: [    6.286157] Key type trusted registered
Dec 31 12:24:00 shrinivaasanka-Inspiron-1545 kernel: [    6.288415] Key type encrypted registered
Dec 31 12:24:00 shrinivaasanka-Inspiron-1545 kernel: [    6.290663] AppArmor: AppArmor sha1 policy hashing enabled
Dec 31 12:24:00 shrinivaasanka-Inspiron-1545 kernel: [    6.290667] ima: No TPM chip found, activating TPM-bypass!
Dec 31 12:24:00 shrinivaasanka-Inspiron-1545 kernel: [    6.291382]   Magic number: 10:462:381
Dec 31 12:24:00 shrinivaasanka-Inspiron-1545 kernel: [    6.291495] rtc_cmos 00:03: setting system clock to 2014-12-31 12:23:49 UTC (1420028629)
Dec 31 12:24:00 shrinivaasanka-Inspiron-1545 kernel: [    6.293142] BIOS EDD facility v0.16 2004-Jun-25, 0 devices found
Dec 31 12:24:00 shrinivaasanka-Inspiron-1545 kernel: [    6.293144] EDD information not available.
Dec 31 12:24:00 shrinivaasanka-Inspiron-1545 kernel: [    6.293222] PM: Hibernation image not present or could not be loaded.
Dec 31 12:24:00 shrinivaasanka-Inspiron-1545 kernel: [    6.293654] Freeing unused kernel memory: 876K (c1a17000 - c1af2000)
Dec 31 12:24:00 shrinivaasanka-Inspiron-1545 kernel: [    6.293729] Write protecting the kernel text: 6668k
Dec 31 12:24:00 shrinivaasanka-Inspiron-1545 kernel: [    6.293873] Write protecting the kernel read-only data: 2988k
Dec 31 12:24:00 shrinivaasanka-Inspiron-1545 kernel: [    6.293874] NX-protecting the kernel data: 5620k
Dec 31 12:24:00 shrinivaasanka-Inspiron-1545 kernel: [    6.307322] input: AT Translated Set 2 keyboard as /devices/platform/i8042/serio0/input/input3
Dec 31 12:24:00 shrinivaasanka-Inspiron-1545 kernel: [    6.475469] wmi: Mapper loaded
Dec 31 12:24:00 shrinivaasanka-Inspiron-1545 kernel: [    6.523807] sky2: driver version 1.30
Dec 31 12:24:00 shrinivaasanka-Inspiron-1545 kernel: [    6.523962] sky2 0000:09:00.0: Yukon-2 FE+ chip revision 0
Dec 31 12:24:00 shrinivaasanka-Inspiron-1545 kernel: [    6.534584] [drm] Initialized drm 1.1.0 20060810
Dec 31 12:24:00 shrinivaasanka-Inspiron-1545 kernel: [    6.543972] usb 1-5: new high-speed USB device number 2 using ehci-pci
Dec 31 12:24:00 shrinivaasanka-Inspiron-1545 kernel: [    6.552537] sky2 0000:09:00.0: irq 44 for MSI/MSI-X
Dec 31 12:24:00 shrinivaasanka-Inspiron-1545 kernel: [    6.553498] sky2 0000:09:00.0 eth0: addr 00:23:ae:20:78:38
Dec 31 12:24:00 shrinivaasanka-Inspiron-1545 kernel: [    6.562993] ahci 0000:00:1f.2: version 3.0
Dec 31 12:24:00 shrinivaasanka-Inspiron-1545 kernel: [    6.563276] ahci 0000:00:1f.2: irq 45 for MSI/MSI-X
Dec 31 12:24:00 shrinivaasanka-Inspiron-1545 kernel: [    6.563321] ahci 0000:00:1f.2: SSS flag set, parallel bus scan disabled
Dec 31 12:24:00 shrinivaasanka-Inspiron-1545 kernel: [    6.563360] ahci 0000:00:1f.2: AHCI 0001.0200 32 slots 4 ports 3 Gbps 0x33 impl SATA mode
Dec 31 12:24:00 shrinivaasanka-Inspiron-1545 kernel: [    6.563364] ahci 0000:00:1f.2: flags: 64bit ncq sntf stag pm led clo pio slum part ccc ems 
Dec 31 12:24:00 shrinivaasanka-Inspiron-1545 kernel: [    6.564264] ssb: Found chip with id 0x4312, rev 0x01 and package 0x00
Dec 31 12:24:00 shrinivaasanka-Inspiron-1545 kernel: [    6.564282] ssb: Core 0 found: ChipCommon (cc 0x800, rev 0x16, vendor 0x4243)
Dec 31 12:24:00 shrinivaasanka-Inspiron-1545 kernel: [    6.564300] ssb: Core 1 found: IEEE 802.11 (cc 0x812, rev 0x0F, vendor 0x4243)
Dec 31 12:24:00 shrinivaasanka-Inspiron-1545 kernel: [    6.564317] ssb: Core 2 found: PCMCIA (cc 0x80D, rev 0x0A, vendor 0x4243)
Dec 31 12:24:00 shrinivaasanka-Inspiron-1545 kernel: [    6.564333] ssb: Core 3 found: PCI-E (cc 0x820, rev 0x09, vendor 0x4243)
Dec 31 12:24:00 shrinivaasanka-Inspiron-1545 kernel: [    6.595359] scsi0 : ahci
Dec 31 12:24:00 shrinivaasanka-Inspiron-1545 kernel: [    6.595566] scsi1 : ahci
Dec 31 12:24:00 shrinivaasanka-Inspiron-1545 kernel: [    6.595753] scsi2 : ahci
Dec 31 12:24:00 shrinivaasanka-Inspiron-1545 kernel: [    6.595937] scsi3 : ahci
Dec 31 12:24:00 shrinivaasanka-Inspiron-1545 kernel: [    6.596154] scsi4 : ahci
Dec 31 12:24:00 shrinivaasanka-Inspiron-1545 kernel: [    6.596340] scsi5 : ahci
Dec 31 12:24:00 shrinivaasanka-Inspiron-1545 kernel: [    6.596481] ata1: SATA max UDMA/133 abar m2048@0xfed1c800 port 0xfed1c900 irq 45
Dec 31 12:24:00 shrinivaasanka-Inspiron-1545 kernel: [    6.596485] ata2: SATA max UDMA/133 abar m2048@0xfed1c800 port 0xfed1c980 irq 45
Dec 31 12:24:00 shrinivaasanka-Inspiron-1545 kernel: [    6.596487] ata3: DUMMY
Dec 31 12:24:00 shrinivaasanka-Inspiron-1545 kernel: [    6.596488] ata4: DUMMY
Dec 31 12:24:00 shrinivaasanka-Inspiron-1545 kernel: [    6.596491] ata5: SATA max UDMA/133 abar m2048@0xfed1c800 port 0xfed1cb00 irq 45
Dec 31 12:24:00 shrinivaasanka-Inspiron-1545 kernel: [    6.596494] ata6: SATA max UDMA/133 abar m2048@0xfed1c800 port 0xfed1cb80 irq 45
Dec 31 12:24:00 shrinivaasanka-Inspiron-1545 kernel: [    6.636359] ssb: Sonics Silicon Backplane found on PCI device 0000:0c:00.0
Dec 31 12:24:00 shrinivaasanka-Inspiron-1545 kernel: [    6.686976] usb 1-5: New USB device found, idVendor=0bda, idProduct=0158
Dec 31 12:24:00 shrinivaasanka-Inspiron-1545 kernel: [    6.686982] usb 1-5: New USB device strings: Mfr=1, Product=2, SerialNumber=3
Dec 31 12:24:00 shrinivaasanka-Inspiron-1545 kernel: [    6.686985] usb 1-5: Product: USB2.0-CRW
Dec 31 12:24:00 shrinivaasanka-Inspiron-1545 kernel: [    6.686987] usb 1-5: Manufacturer: Generic
Dec 31 12:24:00 shrinivaasanka-Inspiron-1545 kernel: [    6.686990] usb 1-5: SerialNumber: 20071114173400000
Dec 31 12:24:00 shrinivaasanka-Inspiron-1545 kernel: [    6.707332] usbcore: registered new interface driver uas
Dec 31 12:24:00 shrinivaasanka-Inspiron-1545 kernel: [    6.719605] ums-realtek 1-5:1.0: USB Mass Storage device detected
Dec 31 12:24:00 shrinivaasanka-Inspiron-1545 kernel: [    6.722113] scsi6 : usb-storage 1-5:1.0
Dec 31 12:24:00 shrinivaasanka-Inspiron-1545 kernel: [    6.722292] usbcore: registered new interface driver ums-realtek
Dec 31 12:24:00 shrinivaasanka-Inspiron-1545 kernel: [    6.800067] usb 1-6: new high-speed USB device number 3 using ehci-pci
Dec 31 12:24:00 shrinivaasanka-Inspiron-1545 kernel: [    6.916052] ata1: SATA link up 3.0 Gbps (SStatus 123 SControl 300)
Dec 31 12:24:00 shrinivaasanka-Inspiron-1545 kernel: [    6.961306] ata1.00: ATA-8: WDC WD3200BEVT-75ZCT2, 11.01A11, max UDMA/133
Dec 31 12:24:00 shrinivaasanka-Inspiron-1545 kernel: [    6.961311] ata1.00: 625142448 sectors, multi 8: LBA48 NCQ (depth 31/32), AA
Dec 31 12:24:00 shrinivaasanka-Inspiron-1545 kernel: [    6.963809] ata1.00: configured for UDMA/133
Dec 31 12:24:00 shrinivaasanka-Inspiron-1545 kernel: [    6.963929] scsi 0:0:0:0: Direct-Access     ATA      WDC WD3200BEVT-7 11.0 PQ: 0 ANSI: 5
Dec 31 12:24:00 shrinivaasanka-Inspiron-1545 kernel: [    6.964273] sd 0:0:0:0: [sda] 625142448 512-byte logical blocks: (320 GB/298 GiB)
Dec 31 12:24:00 shrinivaasanka-Inspiron-1545 kernel: [    6.964338] sd 0:0:0:0: [sda] Write Protect is off
Dec 31 12:24:00 shrinivaasanka-Inspiron-1545 kernel: [    6.964342] sd 0:0:0:0: [sda] Mode Sense: 00 3a 00 00
Dec 31 12:24:00 shrinivaasanka-Inspiron-1545 kernel: [    6.964371] sd 0:0:0:0: [sda] Write cache: enabled, read cache: enabled, doesn't support DPO or FUA
Dec 31 12:24:00 shrinivaasanka-Inspiron-1545 kernel: [    6.964655] sd 0:0:0:0: Attached scsi generic sg0 type 0
Dec 31 12:24:00 shrinivaasanka-Inspiron-1545 kernel: [    7.007717] usb 1-6: New USB device found, idVendor=0c45, idProduct=63ee
Dec 31 12:24:00 shrinivaasanka-Inspiron-1545 kernel: [    7.007721] usb 1-6: New USB device strings: Mfr=2, Product=1, SerialNumber=0
Dec 31 12:24:00 shrinivaasanka-Inspiron-1545 kernel: [    7.007724] usb 1-6: Product: Integrated_Webcam_1.3M
Dec 31 12:24:00 shrinivaasanka-Inspiron-1545 kernel: [    7.007727] usb 1-6: Manufacturer: 
Dec 31 12:24:00 shrinivaasanka-Inspiron-1545 kernel: [    7.024693]  sda: sda1 sda2 sda3 sda4 < sda5 sda6 sda7 sda8 >
Dec 31 12:24:00 shrinivaasanka-Inspiron-1545 kernel: [    7.025407] sd 0:0:0:0: [sda] Attached SCSI disk
Dec 31 12:24:00 shrinivaasanka-Inspiron-1545 kernel: [    7.029905] [drm] Memory usable by graphics device = 2048M
Dec 31 12:24:00 shrinivaasanka-Inspiron-1545 kernel: [    7.029911] checking generic (e0000000 300000) vs hw (e0000000 10000000)
Dec 31 12:24:00 shrinivaasanka-Inspiron-1545 kernel: [    7.029913] fb: switching to inteldrmfb from VESA VGA
Dec 31 12:24:00 shrinivaasanka-Inspiron-1545 kernel: [    7.029937] Console: switching to colour dummy device 80x25
Dec 31 12:24:00 shrinivaasanka-Inspiron-1545 kernel: [    7.052275] i915 0000:00:02.0: irq 46 for MSI/MSI-X
Dec 31 12:24:00 shrinivaasanka-Inspiron-1545 kernel: [    7.052291] [drm] Supports vblank timestamp caching Rev 2 (21.10.2013).
Dec 31 12:24:00 shrinivaasanka-Inspiron-1545 kernel: [    7.052294] [drm] Driver supports precise vblank timestamp query.
Dec 31 12:24:00 shrinivaasanka-Inspiron-1545 kernel: [    7.052388] vgaarb: device changed decodes: PCI:0000:00:02.0,olddecodes=io+mem,decodes=io+mem:owns=io+mem
Dec 31 12:24:00 shrinivaasanka-Inspiron-1545 kernel: [    7.153961] fbcon: inteldrmfb (fb0) is primary device
Dec 31 12:24:00 shrinivaasanka-Inspiron-1545 kernel: [    7.284239] ata2: SATA link up 1.5 Gbps (SStatus 113 SControl 300)
Dec 31 12:24:00 shrinivaasanka-Inspiron-1545 kernel: [    7.288071] ata2.00: ATAPI: PLDS DVD+/-RW DS-8A3S, HD14, max UDMA/100
Dec 31 12:24:00 shrinivaasanka-Inspiron-1545 kernel: [    7.289243] ata2.00: configured for UDMA/100
Dec 31 12:24:00 shrinivaasanka-Inspiron-1545 kernel: [    7.295782] scsi 1:0:0:0: CD-ROM            PLDS     DVD+-RW DS-8A3S  HD14 PQ: 0 ANSI: 5
Dec 31 12:24:00 shrinivaasanka-Inspiron-1545 kernel: [    7.316908] sr0: scsi3-mmc drive: 24x/8x writer dvd-ram cd/rw xa/form2 cdda pop-up
Dec 31 12:24:00 shrinivaasanka-Inspiron-1545 kernel: [    7.316910] cdrom: Uniform CD-ROM driver Revision: 3.20
Dec 31 12:24:00 shrinivaasanka-Inspiron-1545 kernel: [    7.317142] sr 1:0:0:0: Attached scsi CD-ROM sr0
Dec 31 12:24:00 shrinivaasanka-Inspiron-1545 kernel: [    7.317242] sr 1:0:0:0: Attached scsi generic sg1 type 5
Dec 31 12:24:00 shrinivaasanka-Inspiron-1545 kernel: [    7.636229] ata5: SATA link down (SStatus 0 SControl 300)
Dec 31 12:24:00 shrinivaasanka-Inspiron-1545 kernel: [    7.722541] scsi 6:0:0:0: Direct-Access     Generic- Multi-Card       1.00 PQ: 0 ANSI: 0 CCS
Dec 31 12:24:00 shrinivaasanka-Inspiron-1545 kernel: [    7.722913] sd 6:0:0:0: Attached scsi generic sg2 type 0
Dec 31 12:24:00 shrinivaasanka-Inspiron-1545 kernel: [    7.726759] sd 6:0:0:0: [sdb] Attached SCSI removable disk
Dec 31 12:24:00 shrinivaasanka-Inspiron-1545 kernel: [    7.956225] ata6: SATA link down (SStatus 0 SControl 300)
Dec 31 12:24:00 shrinivaasanka-Inspiron-1545 kernel: [    8.080071] Console: switching to colour frame buffer device 170x48
Dec 31 12:24:00 shrinivaasanka-Inspiron-1545 kernel: [    8.085425] i915 0000:00:02.0: fb0: inteldrmfb frame buffer device
Dec 31 12:24:00 shrinivaasanka-Inspiron-1545 kernel: [    8.085427] i915 0000:00:02.0: registered panic notifier
Dec 31 12:24:00 shrinivaasanka-Inspiron-1545 kernel: [    8.085646] ACPI: Video Device [VID1] (multi-head: yes  rom: no  post: no)
Dec 31 12:24:00 shrinivaasanka-Inspiron-1545 kernel: [    8.099686] acpi device:3b: registered as cooling_device2
Dec 31 12:24:00 shrinivaasanka-Inspiron-1545 kernel: [    8.100246] input: Video Bus as /devices/LNXSYSTM:00/LNXSYBUS:00/PNP0A03:00/LNXVIDEO:01/input/input8
Dec 31 12:24:00 shrinivaasanka-Inspiron-1545 kernel: [    8.100360] [Firmware Bug]: Duplicate ACPI video bus devices for the same VGA controller, please try module parameter "video.allow_duplicates=1"if the current driver doesn't work.
Dec 31 12:24:00 shrinivaasanka-Inspiron-1545 kernel: [    8.100712] [drm] Initialized i915 1.6.0 20080730 for 0000:00:02.0 on minor 0
Dec 31 12:24:00 shrinivaasanka-Inspiron-1545 kernel: [    9.098716] EXT4-fs (sda7): mounted filesystem with ordered data mode. Opts: (null)
Dec 31 12:24:00 shrinivaasanka-Inspiron-1545 kernel: [    9.590770] random: nonblocking pool is initialized
Dec 31 12:24:00 shrinivaasanka-Inspiron-1545 kernel: [   11.483543] Adding 3103740k swap on /dev/sda8.  Priority:-1 extents:1 across:3103740k FS
Dec 31 12:24:00 shrinivaasanka-Inspiron-1545 kernel: [   11.902168] EXT4-fs (sda7): re-mounted. Opts: errors=remount-ro
Dec 31 12:24:00 shrinivaasanka-Inspiron-1545 kernel: [   13.972027] lp: driver loaded but no devices found
Dec 31 12:24:00 shrinivaasanka-Inspiron-1545 kernel: [   14.606485] virgo_cloud_eventnet_kernelspace_init(): doing init() of virgo cloud kernel space test module and opening EventNet vertices and edges files in kernelspace
Dec 31 12:24:00 shrinivaasanka-Inspiron-1545 kernel: [   14.876082] virgocloudexec_eventnet_init(): doing init() of virgocloudexec_eventnet kernel module
Dec 31 12:24:00 shrinivaasanka-Inspiron-1545 kernel: [   14.876086] virgocloudexec_eventnet_init(): starting virgo cloudexec service kernel thread
Dec 31 12:24:00 shrinivaasanka-Inspiron-1545 kernel: [   14.876088] virgocloudexec_eventnet_init(): invoking read_virgo_config()
Dec 31 12:24:00 shrinivaasanka-Inspiron-1545 kernel: [   14.876115] read_virgo_config(): virgo_cloud config file being read 
Dec 31 12:24:00 shrinivaasanka-Inspiron-1545 kernel: [   14.980386] do_virgo_cloud_init(): virgo_cloud config file string of comma separated IPs : 127.0.0.1,127.0.0.1
Dec 31 12:24:00 shrinivaasanka-Inspiron-1545 kernel: [   14.980386]  
Dec 31 12:24:00 shrinivaasanka-Inspiron-1545 kernel: [   14.980391] tokenize_list_of_ip_addrs(): bufdup = 127.0.0.1,127.0.0.1
Dec 31 12:24:00 shrinivaasanka-Inspiron-1545 kernel: [   14.980391] 
Dec 31 12:24:00 shrinivaasanka-Inspiron-1545 kernel: [   14.980394] tokenize_list_of_ip_addrs(): 127.0.0.1
Dec 31 12:24:00 shrinivaasanka-Inspiron-1545 kernel: [   14.980396] tokenize_list_of_ip_addrs(): virgoeventnet_node_ip_addrs_in_cloud[0] = 127.0.0.1
Dec 31 12:24:00 shrinivaasanka-Inspiron-1545 kernel: [   14.980398] tokenize_list_of_ip_addrs(): 127.0.0.1
Dec 31 12:24:00 shrinivaasanka-Inspiron-1545 kernel: [   14.980398] 
Dec 31 12:24:00 shrinivaasanka-Inspiron-1545 kernel: [   14.980400] tokenize_list_of_ip_addrs(): virgoeventnet_node_ip_addrs_in_cloud[1] = 127.0.0.1
Dec 31 12:24:00 shrinivaasanka-Inspiron-1545 kernel: [   14.980400] 
Dec 31 12:24:00 shrinivaasanka-Inspiron-1545 kernel: [   14.980412] virgocloudexec_eventnet_init(): sock_create() returns error code: 0
Dec 31 12:24:00 shrinivaasanka-Inspiron-1545 kernel: [   14.980416] virgocloudexec_eventnet_init(): kernel_bind() returns error code: 0
Dec 31 12:24:00 shrinivaasanka-Inspiron-1545 kernel: [   14.980424] virgocloudexec_eventnet_init(): kernel_listen() returns error code: 0
Dec 31 12:24:00 shrinivaasanka-Inspiron-1545 kernel: [   14.980426] virgo_cloudexec_eventnet_service(): virgo_fs_ops.virgo_create() 
Dec 31 12:24:00 shrinivaasanka-Inspiron-1545 kernel: [   15.088643] dcdbas dcdbas: Dell Systems Management Base Driver (version 5.6.0-3.2)
Dec 31 12:24:00 shrinivaasanka-Inspiron-1545 kernel: [   15.807847] gpio_ich: GPIO from 179 to 239 on gpio_ich
Dec 31 12:24:00 shrinivaasanka-Inspiron-1545 kernel: [   16.020634] audit: type=1400 audit(1420008839.227:2): apparmor="STATUS" operation="profile_load" name="/usr/lib/cups/backend/cups-pdf" pid=445 comm="apparmor_parser"
Dec 31 12:24:00 shrinivaasanka-Inspiron-1545 kernel: [   16.020641] audit: type=1400 audit(1420008839.227:3): apparmor="STATUS" operation="profile_load" name="/usr/sbin/cupsd" pid=445 comm="apparmor_parser"
Dec 31 12:24:00 shrinivaasanka-Inspiron-1545 kernel: [   16.021206] audit: type=1400 audit(1420008839.227:4): apparmor="STATUS" operation="profile_replace" name="/usr/sbin/cupsd" pid=445 comm="apparmor_parser"
Dec 31 12:24:00 shrinivaasanka-Inspiron-1545 kernel: [   16.080898] input: Dell WMI hotkeys as /devices/virtual/input/input11
Dec 31 12:24:00 shrinivaasanka-Inspiron-1545 kernel: [   16.102954] audit: type=1400 audit(1420008839.307:5): apparmor="STATUS" operation="profile_load" name="/sbin/dhclient" pid=470 comm="apparmor_parser"
Dec 31 12:24:00 shrinivaasanka-Inspiron-1545 kernel: [   16.102970] audit: type=1400 audit(1420008839.307:6): apparmor="STATUS" operation="profile_load" name="/usr/lib/NetworkManager/nm-dhcp-client.action" pid=470 comm="apparmor_parser"
Dec 31 12:24:00 shrinivaasanka-Inspiron-1545 kernel: [   16.102976] audit: type=1400 audit(1420008839.307:7): apparmor="STATUS" operation="profile_load" name="/usr/lib/connman/scripts/dhclient-script" pid=470 comm="apparmor_parser"
Dec 31 12:24:00 shrinivaasanka-Inspiron-1545 kernel: [   16.102988] audit: type=1400 audit(1420008839.307:8): apparmor="STATUS" operation="profile_replace" name="/sbin/dhclient" pid=452 comm="apparmor_parser"
Dec 31 12:24:00 shrinivaasanka-Inspiron-1545 kernel: [   16.102994] audit: type=1400 audit(1420008839.307:9): apparmor="STATUS" operation="profile_replace" name="/usr/lib/NetworkManager/nm-dhcp-client.action" pid=452 comm="apparmor_parser"
Dec 31 12:24:00 shrinivaasanka-Inspiron-1545 kernel: [   16.102999] audit: type=1400 audit(1420008839.307:10): apparmor="STATUS" operation="profile_replace" name="/usr/lib/connman/scripts/dhclient-script" pid=452 comm="apparmor_parser"
Dec 31 12:24:00 shrinivaasanka-Inspiron-1545 kernel: [   16.103520] audit: type=1400 audit(1420008839.307:11): apparmor="STATUS" operation="profile_replace" name="/usr/lib/NetworkManager/nm-dhcp-client.action" pid=470 comm="apparmor_parser"
Dec 31 12:24:00 shrinivaasanka-Inspiron-1545 kernel: [   16.436201] Linux video capture interface: v2.00
Dec 31 12:24:00 shrinivaasanka-Inspiron-1545 kernel: [   16.833734] input: ALPS PS/2 Device as /devices/platform/i8042/serio2/input/input12
Dec 31 12:24:00 shrinivaasanka-Inspiron-1545 kernel: [   16.861276] input: AlpsPS/2 ALPS GlidePoint as /devices/platform/i8042/serio2/input/input10
Dec 31 12:24:00 shrinivaasanka-Inspiron-1545 kernel: [   16.917979] cfg80211: Calling CRDA to update world regulatory domain
Dec 31 12:24:00 shrinivaasanka-Inspiron-1545 kernel: [   17.678796] uvcvideo: Found UVC 1.00 device Integrated_Webcam_1.3M (0c45:63ee)
Dec 31 12:24:00 shrinivaasanka-Inspiron-1545 kernel: [   17.689282] input: Integrated_Webcam_1.3M as /devices/pci0000:00/0000:00:1a.7/usb1/1-6/1-6:1.0/input/input15
Dec 31 12:24:00 shrinivaasanka-Inspiron-1545 kernel: [   17.689458] usbcore: registered new interface driver uvcvideo
Dec 31 12:24:00 shrinivaasanka-Inspiron-1545 kernel: [   17.689461] USB Video Class driver (1.1.1)
Dec 31 12:24:02 shrinivaasanka-Inspiron-1545 kernel: [   18.921919] cfg80211: World regulatory domain updated:
Dec 31 12:24:02 shrinivaasanka-Inspiron-1545 kernel: [   18.921924] cfg80211:  DFS Master region: unset
Dec 31 12:24:02 shrinivaasanka-Inspiron-1545 kernel: [   18.921926] cfg80211:   (start_freq - end_freq @ bandwidth), (max_antenna_gain, max_eirp), (dfs_cac_time)
Dec 31 12:24:02 shrinivaasanka-Inspiron-1545 kernel: [   18.921930] cfg80211:   (2402000 KHz - 2472000 KHz @ 40000 KHz), (300 mBi, 2000 mBm), (N/A)
Dec 31 12:24:02 shrinivaasanka-Inspiron-1545 kernel: [   18.921933] cfg80211:   (2457000 KHz - 2482000 KHz @ 40000 KHz), (300 mBi, 2000 mBm), (N/A)
Dec 31 12:24:02 shrinivaasanka-Inspiron-1545 kernel: [   18.921935] cfg80211:   (2474000 KHz - 2494000 KHz @ 20000 KHz), (300 mBi, 2000 mBm), (N/A)
Dec 31 12:24:02 shrinivaasanka-Inspiron-1545 kernel: [   18.921938] cfg80211:   (5170000 KHz - 5250000 KHz @ 40000 KHz), (300 mBi, 2000 mBm), (N/A)
Dec 31 12:24:02 shrinivaasanka-Inspiron-1545 kernel: [   18.921940] cfg80211:   (5735000 KHz - 5835000 KHz @ 40000 KHz), (300 mBi, 2000 mBm), (N/A)
Dec 31 12:24:02 shrinivaasanka-Inspiron-1545 kernel: [   19.271178] Bluetooth: Core ver 2.19
Dec 31 12:24:02 shrinivaasanka-Inspiron-1545 kernel: [   19.271235] NET: Registered protocol family 31
Dec 31 12:24:02 shrinivaasanka-Inspiron-1545 kernel: [   19.271237] Bluetooth: HCI device and connection manager initialized
Dec 31 12:24:02 shrinivaasanka-Inspiron-1545 kernel: [   19.272422] Bluetooth: HCI socket layer initialized
Dec 31 12:24:02 shrinivaasanka-Inspiron-1545 kernel: [   19.272427] Bluetooth: L2CAP socket layer initialized
Dec 31 12:24:02 shrinivaasanka-Inspiron-1545 kernel: [   19.272448] Bluetooth: SCO socket layer initialized
Dec 31 12:24:02 shrinivaasanka-Inspiron-1545 kernel: [   19.437323] Bluetooth: RFCOMM TTY layer initialized
Dec 31 12:24:02 shrinivaasanka-Inspiron-1545 kernel: [   19.437336] Bluetooth: RFCOMM socket layer initialized
Dec 31 12:24:02 shrinivaasanka-Inspiron-1545 kernel: [   19.437343] Bluetooth: RFCOMM ver 1.11
Dec 31 12:24:03 shrinivaasanka-Inspiron-1545 kernel: [   20.015759] snd_hda_intel 0000:00:1b.0: irq 47 for MSI/MSI-X
Dec 31 12:24:03 shrinivaasanka-Inspiron-1545 kernel: [   20.029472] Bluetooth: BNEP (Ethernet Emulation) ver 1.3
Dec 31 12:24:03 shrinivaasanka-Inspiron-1545 kernel: [   20.029477] Bluetooth: BNEP filters: protocol multicast
Dec 31 12:24:03 shrinivaasanka-Inspiron-1545 kernel: [   20.029486] Bluetooth: BNEP socket layer initialized
Dec 31 12:24:03 shrinivaasanka-Inspiron-1545 kernel: [   20.410857] sound hdaudioC0D0: autoconfig: line_outs=1 (0xd/0x0/0x0/0x0/0x0) type:speaker
Dec 31 12:24:03 shrinivaasanka-Inspiron-1545 kernel: [   20.410863] sound hdaudioC0D0:    speaker_outs=0 (0x0/0x0/0x0/0x0/0x0)
