Jul  5 13:42:44 shrinivaasanka-Inspiron-1545 kernel: [ 2069.103888] [UFW BLOCK] IN=ppp0 OUT= MAC= SRC=43.255.188.132 DST=14.96.178.96 LEN=40 TOS=0x00 PREC=0x00 TTL=247 ID=54321 PROTO=TCP SPT=42167 DPT=22 WINDOW=65535 RES=0x00 SYN URGP=0 
Jul  5 13:42:50 shrinivaasanka-Inspiron-1545 kernel: [ 2075.394885] [UFW BLOCK] IN=ppp0 OUT= MAC= SRC=31.13.79.246 DST=14.96.178.96 LEN=40 TOS=0x00 PREC=0x00 TTL=250 ID=4650 DF PROTO=TCP SPT=80 DPT=49026 WINDOW=0 RES=0x20 ACK RST URGP=0 
Jul  5 13:43:07 shrinivaasanka-Inspiron-1545 kernel: [ 2092.544107] [UFW BLOCK] IN=ppp0 OUT= MAC= SRC=192.0.79.33 DST=14.96.178.96 LEN=40 TOS=0x00 PREC=0x00 TTL=250 ID=9583 DF PROTO=TCP SPT=80 DPT=55159 WINDOW=0 RES=0x00 ACK RST URGP=0 
Jul  5 13:43:07 shrinivaasanka-Inspiron-1545 kernel: [ 2092.544125] [UFW BLOCK] IN=ppp0 OUT= MAC= SRC=192.0.79.33 DST=14.96.178.96 LEN=40 TOS=0x00 PREC=0x00 TTL=249 ID=23523 DF PROTO=TCP SPT=80 DPT=55156 WINDOW=0 RES=0x00 ACK RST URGP=0 
Jul  5 13:43:08 shrinivaasanka-Inspiron-1545 kernel: [ 2092.889159] [UFW BLOCK] IN=ppp0 OUT= MAC= SRC=45.35.20.206 DST=14.96.178.96 LEN=40 TOS=0x00 PREC=0x00 TTL=119 ID=256 PROTO=TCP SPT=54861 DPT=3306 WINDOW=16384 RES=0x00 SYN URGP=0 
Jul  5 13:43:10 shrinivaasanka-Inspiron-1545 kernel: [ 2094.749121] [UFW BLOCK] IN=ppp0 OUT= MAC= SRC=192.0.79.33 DST=14.96.178.96 LEN=40 TOS=0x00 PREC=0x00 TTL=249 ID=34463 DF PROTO=TCP SPT=80 DPT=55155 WINDOW=0 RES=0x00 ACK RST URGP=0 
Jul  5 13:43:40 shrinivaasanka-Inspiron-1545 kernel: [ 2125.224524] [UFW BLOCK] IN=ppp0 OUT= MAC= SRC=31.13.79.246 DST=14.96.178.96 LEN=40 TOS=0x00 PREC=0x00 TTL=248 ID=54065 DF PROTO=TCP SPT=80 DPT=49027 WINDOW=0 RES=0x00 ACK RST URGP=0 
Jul  5 13:44:16 shrinivaasanka-Inspiron-1545 kernel: [ 2160.746121] [UFW BLOCK] IN=ppp0 OUT= MAC= SRC=66.151.226.206 DST=14.96.178.96 LEN=44 TOS=0x00 PREC=0x00 TTL=1 ID=0 DF PROTO=UDP SPT=35041 DPT=33445 LEN=24 
Jul  5 13:44:17 shrinivaasanka-Inspiron-1545 kernel: [ 2161.754040] [UFW BLOCK] IN=ppp0 OUT= MAC= SRC=66.151.226.206 DST=14.96.178.96 LEN=44 TOS=0x00 PREC=0x00 TTL=2 ID=0 DF PROTO=UDP SPT=35041 DPT=33446 LEN=24 
Jul  5 13:44:21 shrinivaasanka-Inspiron-1545 kernel: [ 2166.420134] [UFW BLOCK] IN=ppp0 OUT= MAC= SRC=66.151.226.207 DST=14.96.178.96 LEN=44 TOS=0x00 PREC=0x00 TTL=1 ID=0 DF PROTO=UDP SPT=35047 DPT=33445 LEN=24 
Jul  5 13:44:22 shrinivaasanka-Inspiron-1545 kernel: [ 2167.386232] [UFW BLOCK] IN=ppp0 OUT= MAC= SRC=66.151.226.207 DST=14.96.178.96 LEN=44 TOS=0x00 PREC=0x00 TTL=2 ID=0 DF PROTO=UDP SPT=35047 DPT=33446 LEN=24 
Jul  5 13:44:27 shrinivaasanka-Inspiron-1545 kernel: [ 2172.428182] [UFW BLOCK] IN=ppp0 OUT= MAC= SRC=66.151.226.205 DST=14.96.178.96 LEN=44 TOS=0x00 PREC=0x00 TTL=1 ID=0 DF PROTO=UDP SPT=35042 DPT=33442 LEN=24 
Jul  5 13:44:28 shrinivaasanka-Inspiron-1545 kernel: [ 2173.036285] [UFW BLOCK] IN=ppp0 OUT= MAC= SRC=66.151.226.205 DST=14.96.178.96 LEN=44 TOS=0x00 PREC=0x00 TTL=2 ID=0 DF PROTO=UDP SPT=35042 DPT=33443 LEN=24 
Jul  5 13:44:32 shrinivaasanka-Inspiron-1545 kernel: [ 2176.991379] [UFW BLOCK] IN=ppp0 OUT= MAC= SRC=66.151.226.208 DST=14.96.178.96 LEN=44 TOS=0x08 PREC=0x00 TTL=1 ID=0 DF PROTO=UDP SPT=35046 DPT=33447 LEN=24 
Jul  5 13:44:34 shrinivaasanka-Inspiron-1545 kernel: [ 2179.053330] [UFW BLOCK] IN=ppp0 OUT= MAC= SRC=66.151.226.208 DST=14.96.178.96 LEN=44 TOS=0x08 PREC=0x00 TTL=3 ID=0 DF PROTO=UDP SPT=35046 DPT=33449 LEN=24 
Jul  5 13:44:35 shrinivaasanka-Inspiron-1545 kernel: [ 2179.674299] [UFW BLOCK] IN=ppp0 OUT= MAC= SRC=66.151.226.208 DST=14.96.178.96 LEN=44 TOS=0x08 PREC=0x00 TTL=2 ID=0 DF PROTO=UDP SPT=35046 DPT=33450 LEN=24 
Jul  5 13:44:39 shrinivaasanka-Inspiron-1545 kernel: [ 2184.177438] [UFW BLOCK] IN=ppp0 OUT= MAC= SRC=66.151.226.211 DST=14.96.178.96 LEN=44 TOS=0x00 PREC=0x00 TTL=1 ID=0 DF PROTO=UDP SPT=35043 DPT=33443 LEN=24 
Jul  5 13:44:40 shrinivaasanka-Inspiron-1545 kernel: [ 2185.184416] [UFW BLOCK] IN=ppp0 OUT= MAC= SRC=66.151.226.211 DST=14.96.178.96 LEN=44 TOS=0x00 PREC=0x00 TTL=2 ID=0 DF PROTO=UDP SPT=35043 DPT=33444 LEN=24 
Jul  5 13:45:32 shrinivaasanka-Inspiron-1545 kernel: [ 2236.680429] [UFW BLOCK] IN=ppp0 OUT= MAC= SRC=153.168.224.93 DST=14.96.178.96 LEN=44 TOS=0x00 PREC=0x00 TTL=106 ID=1952 DF PROTO=UDP SPT=52601 DPT=16465 LEN=24 
Jul  5 13:47:05 shrinivaasanka-Inspiron-1545 kernel: [ 2330.542669] [UFW BLOCK] IN=ppp0 OUT= MAC= SRC=216.58.220.36 DST=14.96.178.96 LEN=52 TOS=0x00 PREC=0x00 TTL=56 ID=24220 PROTO=TCP SPT=80 DPT=35647 WINDOW=333 RES=0x00 ACK FIN URGP=0 
Jul  5 13:47:05 shrinivaasanka-Inspiron-1545 kernel: [ 2330.551583] [UFW BLOCK] IN=ppp0 OUT= MAC= SRC=216.58.220.36 DST=14.96.178.96 LEN=52 TOS=0x00 PREC=0x00 TTL=56 ID=59818 PROTO=TCP SPT=80 DPT=35648 WINDOW=333 RES=0x00 ACK FIN URGP=0 
Jul  5 13:47:07 shrinivaasanka-Inspiron-1545 kernel: [ 2331.629573] [UFW BLOCK] IN=ppp0 OUT= MAC= SRC=216.58.196.110 DST=14.96.178.96 LEN=52 TOS=0x00 PREC=0x00 TTL=56 ID=4056 PROTO=TCP SPT=80 DPT=55865 WINDOW=333 RES=0x00 ACK FIN URGP=0 
Jul  5 13:47:07 shrinivaasanka-Inspiron-1545 kernel: [ 2332.102579] [UFW BLOCK] IN=ppp0 OUT= MAC= SRC=216.58.220.36 DST=14.96.178.96 LEN=52 TOS=0x00 PREC=0x00 TTL=56 ID=25225 PROTO=TCP SPT=80 DPT=35647 WINDOW=333 RES=0x00 ACK FIN URGP=0 
Jul  5 13:47:07 shrinivaasanka-Inspiron-1545 kernel: [ 2332.106587] [UFW BLOCK] IN=ppp0 OUT= MAC= SRC=216.58.220.36 DST=14.96.178.96 LEN=52 TOS=0x00 PREC=0x00 TTL=56 ID=60746 PROTO=TCP SPT=80 DPT=35648 WINDOW=333 RES=0x00 ACK FIN URGP=0 
Jul  5 13:47:10 shrinivaasanka-Inspiron-1545 kernel: [ 2335.217800] [UFW BLOCK] IN=ppp0 OUT= MAC= SRC=216.58.220.36 DST=14.96.178.96 LEN=52 TOS=0x00 PREC=0x00 TTL=56 ID=27223 PROTO=TCP SPT=80 DPT=35647 WINDOW=333 RES=0x00 ACK FIN URGP=0 
Jul  5 13:47:10 shrinivaasanka-Inspiron-1545 kernel: [ 2335.226790] [UFW BLOCK] IN=ppp0 OUT= MAC= SRC=216.58.220.36 DST=14.96.178.96 LEN=52 TOS=0x00 PREC=0x00 TTL=56 ID=62384 PROTO=TCP SPT=80 DPT=35648 WINDOW=333 RES=0x00 ACK FIN URGP=0 
Jul  5 13:47:10 shrinivaasanka-Inspiron-1545 kernel: [ 2335.406787] [UFW BLOCK] IN=ppp0 OUT= MAC= SRC=216.58.196.110 DST=14.96.178.96 LEN=52 TOS=0x00 PREC=0x00 TTL=56 ID=6772 PROTO=TCP SPT=80 DPT=55865 WINDOW=333 RES=0x00 ACK FIN URGP=0 
Jul  5 13:47:51 shrinivaasanka-Inspiron-1545 kernel: [ 2376.576715] [UFW BLOCK] IN=ppp0 OUT= MAC= SRC=199.101.163.133 DST=14.96.178.96 LEN=52 TOS=0x00 PREC=0x00 TTL=53 ID=18242 DF PROTO=TCP SPT=443 DPT=52017 WINDOW=114 RES=0x00 ACK FIN URGP=0 
Jul  5 13:48:00 shrinivaasanka-Inspiron-1545 kernel: [ 2385.224014] [UFW BLOCK] IN=ppp0 OUT= MAC= SRC=218.90.198.197 DST=14.96.178.96 LEN=40 TOS=0x00 PREC=0x00 TTL=102 ID=256 PROTO=TCP SPT=6000 DPT=1433 WINDOW=16384 RES=0x00 SYN URGP=0 
Jul  5 13:48:19 shrinivaasanka-Inspiron-1545 kernel: [ 2404.200428] [UFW BLOCK] IN=ppp0 OUT= MAC= SRC=216.58.196.100 DST=14.96.178.96 LEN=40 TOS=0x00 PREC=0x00 TTL=249 ID=55176 DF PROTO=TCP SPT=80 DPT=36726 WINDOW=0 RES=0x00 ACK RST URGP=0 
Jul  5 13:48:20 shrinivaasanka-Inspiron-1545 kernel: [ 2405.212460] [UFW BLOCK] IN=ppp0 OUT= MAC= SRC=216.58.196.100 DST=14.96.178.96 LEN=40 TOS=0x00 PREC=0x00 TTL=249 ID=47011 DF PROTO=TCP SPT=80 DPT=36725 WINDOW=0 RES=0x00 ACK RST URGP=0 
Jul  5 13:48:39 shrinivaasanka-Inspiron-1545 kernel: [ 2424.505060] [UFW BLOCK] IN=ppp0 OUT= MAC= SRC=199.101.163.133 DST=14.96.178.96 LEN=52 TOS=0x00 PREC=0x00 TTL=53 ID=18243 DF PROTO=TCP SPT=443 DPT=52017 WINDOW=114 RES=0x00 ACK FIN URGP=0 
Jul  5 13:48:42 shrinivaasanka-Inspiron-1545 kernel: [ 2427.389134] [UFW BLOCK] IN=ppp0 OUT= MAC= SRC=222.186.50.120 DST=14.96.178.96 LEN=40 TOS=0x00 PREC=0x00 TTL=109 ID=256 PROTO=TCP SPT=48471 DPT=1433 WINDOW=16384 RES=0x00 SYN URGP=0 
Jul  5 13:49:19 shrinivaasanka-Inspiron-1545 kernel: [ 2464.351205] [UFW BLOCK] IN=ppp0 OUT= MAC= SRC=198.13.107.101 DST=14.96.178.96 LEN=40 TOS=0x00 PREC=0x00 TTL=111 ID=256 PROTO=TCP SPT=6000 DPT=1433 WINDOW=16384 RES=0x00 SYN URGP=0 
Jul  5 13:50:06 shrinivaasanka-Inspiron-1545 kernel: [ 2510.926641] [UFW BLOCK] IN=ppp0 OUT= MAC= SRC=173.202.151.119 DST=14.96.178.96 LEN=142 TOS=0x00 PREC=0x00 TTL=49 ID=7608 DF PROTO=UDP SPT=53 DPT=52512 LEN=122 
Jul  5 13:50:16 shrinivaasanka-Inspiron-1545 kernel: [ 2521.584436] atkbd serio0: Unknown key pressed (translated set 2, code 0x8d on isa0060/serio0).
Jul  5 13:50:16 shrinivaasanka-Inspiron-1545 kernel: [ 2521.584441] atkbd serio0: Use 'setkeycodes e00d <keycode>' to make it known.
Jul  5 13:50:23 shrinivaasanka-Inspiron-1545 kernel: [ 2527.886421] [Firmware Bug]: Duplicate ACPI video bus devices for the same VGA controller, please try module parameter "video.allow_duplicates=1"if the current driver doesn't work.
Jul  5 13:50:23 shrinivaasanka-Inspiron-1545 kernel: [ 2527.886457] i915 0000:00:02.0: BAR 6: [??? 0x00000000 flags 0x2] has bogus alignment
Jul  5 13:50:23 shrinivaasanka-Inspiron-1545 kernel: [ 2527.886470] pci 0000:00:1e.0: PCI bridge to [bus 03]
Jul  5 13:50:23 shrinivaasanka-Inspiron-1545 kernel: [ 2527.912380] sky2 0000:09:00.0 eth0: disabling interface
Jul  5 13:50:23 shrinivaasanka-Inspiron-1545 kernel: [ 2527.914128] IPv6: ADDRCONF(NETDEV_UP): eth0: link is not ready
Jul  5 13:50:23 shrinivaasanka-Inspiron-1545 kernel: [ 2528.022552] IPv6: ADDRCONF(NETDEV_UP): ppp0: link is not ready
Jul  5 14:28:58 shrinivaasanka-Inspiron-1545 kernel: [ 2528.618310] PM: Syncing filesystems ... done.
Jul  5 14:28:58 shrinivaasanka-Inspiron-1545 kernel: [ 2528.927956] PM: Preparing system for mem sleep
Jul  5 14:28:58 shrinivaasanka-Inspiron-1545 kernel: [ 2528.928202] Freezing user space processes ... (elapsed 0.001 seconds) done.
Jul  5 14:28:58 shrinivaasanka-Inspiron-1545 kernel: [ 2528.930215] Freezing remaining freezable tasks ... (elapsed 0.001 seconds) done.
Jul  5 14:28:58 shrinivaasanka-Inspiron-1545 kernel: [ 2528.931614] PM: Entering mem sleep
Jul  5 14:28:58 shrinivaasanka-Inspiron-1545 kernel: [ 2528.931757] Suspending console(s) (use no_console_suspend to debug)
Jul  5 14:28:58 shrinivaasanka-Inspiron-1545 kernel: [ 2528.933304] sd 0:0:0:0: [sda] Synchronizing SCSI cache
Jul  5 14:28:58 shrinivaasanka-Inspiron-1545 kernel: [ 2529.043290] sd 0:0:0:0: [sda] Stopping disk
Jul  5 14:28:58 shrinivaasanka-Inspiron-1545 kernel: [ 2529.388245] PM: suspend of devices complete after 456.122 msecs
Jul  5 14:28:58 shrinivaasanka-Inspiron-1545 kernel: [ 2529.404062] PM: late suspend of devices complete after 15.811 msecs
Jul  5 14:28:58 shrinivaasanka-Inspiron-1545 kernel: [ 2529.409369] ehci-pci 0000:00:1d.7: System wakeup enabled by ACPI
Jul  5 14:28:58 shrinivaasanka-Inspiron-1545 kernel: [ 2529.414025] uhci_hcd 0000:00:1d.1: System wakeup enabled by ACPI
Jul  5 14:28:58 shrinivaasanka-Inspiron-1545 kernel: [ 2529.417732] uhci_hcd 0000:00:1a.2: System wakeup enabled by ACPI
Jul  5 14:28:58 shrinivaasanka-Inspiron-1545 kernel: [ 2529.421803] uhci_hcd 0000:00:1a.1: System wakeup enabled by ACPI
Jul  5 14:28:58 shrinivaasanka-Inspiron-1545 kernel: [ 2529.425635] uhci_hcd 0000:00:1d.0: System wakeup enabled by ACPI
Jul  5 14:28:58 shrinivaasanka-Inspiron-1545 kernel: [ 2529.429691] ehci-pci 0000:00:1a.7: System wakeup enabled by ACPI
Jul  5 14:28:58 shrinivaasanka-Inspiron-1545 kernel: [ 2529.433860] uhci_hcd 0000:00:1d.2: System wakeup enabled by ACPI
Jul  5 14:28:58 shrinivaasanka-Inspiron-1545 kernel: [ 2529.438482] uhci_hcd 0000:00:1a.0: System wakeup enabled by ACPI
Jul  5 14:28:58 shrinivaasanka-Inspiron-1545 kernel: [ 2529.560135] PM: noirq suspend of devices complete after 156.068 msecs
Jul  5 14:28:58 shrinivaasanka-Inspiron-1545 kernel: [ 2529.560420] ACPI: Preparing to enter system sleep state S3
Jul  5 14:28:58 shrinivaasanka-Inspiron-1545 kernel: [ 2529.569171] PM: Saving platform NVS memory
Jul  5 14:28:58 shrinivaasanka-Inspiron-1545 kernel: [ 2529.571754] Disabling non-boot CPUs ...
Jul  5 14:28:58 shrinivaasanka-Inspiron-1545 kernel: [ 2529.573036] smpboot: CPU 1 is now offline
Jul  5 14:28:58 shrinivaasanka-Inspiron-1545 kernel: [ 2529.600242] ACPI: Low-level resume complete
Jul  5 14:28:58 shrinivaasanka-Inspiron-1545 kernel: [ 2529.600242] PM: Restoring platform NVS memory
Jul  5 14:28:58 shrinivaasanka-Inspiron-1545 kernel: [ 2529.600242] CPU0 microcode updated early to revision 0xa0b, date = 2010-09-28
Jul  5 14:28:58 shrinivaasanka-Inspiron-1545 kernel: [ 2529.600242] Enabling non-boot CPUs ...
Jul  5 14:28:58 shrinivaasanka-Inspiron-1545 kernel: [ 2529.600242] x86: Booting SMP configuration:
Jul  5 14:28:58 shrinivaasanka-Inspiron-1545 kernel: [ 2529.600242] smpboot: Booting Node 0 Processor 1 APIC 0x1
Jul  5 14:28:58 shrinivaasanka-Inspiron-1545 kernel: [ 2529.573022] CPU1 microcode updated early to revision 0xa0b, date = 2010-09-28
Jul  5 14:28:58 shrinivaasanka-Inspiron-1545 kernel: [ 2529.573022] Initializing CPU#1
Jul  5 14:28:58 shrinivaasanka-Inspiron-1545 kernel: [ 2529.654325] CPU1 is up
Jul  5 14:28:58 shrinivaasanka-Inspiron-1545 kernel: [ 2529.657592] ACPI: Waking up from system sleep state S3
Jul  5 14:28:58 shrinivaasanka-Inspiron-1545 kernel: [ 2529.678093] uhci_hcd 0000:00:1a.0: System wakeup disabled by ACPI
Jul  5 14:28:58 shrinivaasanka-Inspiron-1545 kernel: [ 2529.682949] uhci_hcd 0000:00:1a.1: System wakeup disabled by ACPI
Jul  5 14:28:58 shrinivaasanka-Inspiron-1545 kernel: [ 2529.689530] uhci_hcd 0000:00:1a.2: System wakeup disabled by ACPI
Jul  5 14:28:58 shrinivaasanka-Inspiron-1545 kernel: [ 2529.694866] uhci_hcd 0000:00:1d.0: System wakeup disabled by ACPI
Jul  5 14:28:58 shrinivaasanka-Inspiron-1545 kernel: [ 2529.699932] uhci_hcd 0000:00:1d.1: System wakeup disabled by ACPI
Jul  5 14:28:58 shrinivaasanka-Inspiron-1545 kernel: [ 2529.704971] ehci-pci 0000:00:1a.7: System wakeup disabled by ACPI
Jul  5 14:28:58 shrinivaasanka-Inspiron-1545 kernel: [ 2529.710478] ehci-pci 0000:00:1d.7: System wakeup disabled by ACPI
Jul  5 14:28:58 shrinivaasanka-Inspiron-1545 kernel: [ 2529.715400] uhci_hcd 0000:00:1d.2: System wakeup disabled by ACPI
Jul  5 14:28:58 shrinivaasanka-Inspiron-1545 kernel: [ 2529.844468] PM: noirq resume of devices complete after 171.465 msecs
Jul  5 14:28:58 shrinivaasanka-Inspiron-1545 kernel: [ 2529.850779] PM: early resume of devices complete after 6.268 msecs
Jul  5 14:28:58 shrinivaasanka-Inspiron-1545 kernel: [ 2529.912167] usb usb3: root hub lost power or was reset
Jul  5 14:28:58 shrinivaasanka-Inspiron-1545 kernel: [ 2529.912218] usb usb4: root hub lost power or was reset
Jul  5 14:28:58 shrinivaasanka-Inspiron-1545 kernel: [ 2529.912269] usb usb5: root hub lost power or was reset
Jul  5 14:28:58 shrinivaasanka-Inspiron-1545 kernel: [ 2529.912472] usb usb6: root hub lost power or was reset
Jul  5 14:28:58 shrinivaasanka-Inspiron-1545 kernel: [ 2529.912522] usb usb7: root hub lost power or was reset
Jul  5 14:28:58 shrinivaasanka-Inspiron-1545 kernel: [ 2529.912571] usb usb8: root hub lost power or was reset
Jul  5 14:28:58 shrinivaasanka-Inspiron-1545 kernel: [ 2529.912792] rtc_cmos 00:03: System wakeup disabled by ACPI
Jul  5 14:28:58 shrinivaasanka-Inspiron-1545 kernel: [ 2529.939216] sd 0:0:0:0: [sda] Starting disk
Jul  5 14:28:58 shrinivaasanka-Inspiron-1545 kernel: [ 2530.256216] usb 1-5: reset high-speed USB device number 3 using ehci-pci
Jul  5 14:28:58 shrinivaasanka-Inspiron-1545 kernel: [ 2530.256219] usb 3-1: reset full-speed USB device number 2 using uhci_hcd
Jul  5 14:28:58 shrinivaasanka-Inspiron-1545 kernel: [ 2530.272177] ata2: SATA link up 1.5 Gbps (SStatus 113 SControl 300)
Jul  5 14:28:58 shrinivaasanka-Inspiron-1545 kernel: [ 2530.272208] ata5: SATA link down (SStatus 0 SControl 300)
Jul  5 14:28:58 shrinivaasanka-Inspiron-1545 kernel: [ 2530.273865] ata2.00: configured for UDMA/100
Jul  5 14:28:58 shrinivaasanka-Inspiron-1545 kernel: [ 2530.280098] ata6: SATA link down (SStatus 0 SControl 300)
Jul  5 14:28:58 shrinivaasanka-Inspiron-1545 kernel: [ 2530.500106] usb 1-6: reset high-speed USB device number 4 using ehci-pci
Jul  5 14:28:58 shrinivaasanka-Inspiron-1545 kernel: [ 2530.694079] usb 3-1.1: reset full-speed USB device number 3 using uhci_hcd
Jul  5 14:28:58 shrinivaasanka-Inspiron-1545 kernel: [ 2530.990073] usb 3-1.2: reset full-speed USB device number 4 using uhci_hcd
Jul  5 14:28:58 shrinivaasanka-Inspiron-1545 kernel: [ 2531.104155] PM: resume of devices complete after 1253.365 msecs
Jul  5 14:28:58 shrinivaasanka-Inspiron-1545 kernel: [ 2531.104678] PM: Finishing wakeup.
Jul  5 14:28:58 shrinivaasanka-Inspiron-1545 kernel: [ 2531.104681] Restarting tasks ... 
Jul  5 14:28:58 shrinivaasanka-Inspiron-1545 kernel: [ 2531.111256] usb 3-1.3: USB disconnect, device number 5
Jul  5 14:28:58 shrinivaasanka-Inspiron-1545 kernel: [ 2531.117611] done.
Jul  5 14:28:58 shrinivaasanka-Inspiron-1545 kernel: [ 2531.137895] usb 7-1: USB disconnect, device number 3
Jul  5 14:28:58 shrinivaasanka-Inspiron-1545 kernel: [ 2531.138200] option1 ttyUSB0: GSM modem (1-port) converter now disconnected from ttyUSB0
Jul  5 14:28:58 shrinivaasanka-Inspiron-1545 kernel: [ 2531.138218] option 7-1:1.0: device disconnected
Jul  5 14:28:58 shrinivaasanka-Inspiron-1545 kernel: [ 2531.138456] option1 ttyUSB1: GSM modem (1-port) converter now disconnected from ttyUSB1
Jul  5 14:28:58 shrinivaasanka-Inspiron-1545 kernel: [ 2531.138473] option 7-1:1.1: device disconnected
Jul  5 14:28:58 shrinivaasanka-Inspiron-1545 kernel: [ 2531.138660] option1 ttyUSB2: GSM modem (1-port) converter now disconnected from ttyUSB2
Jul  5 14:28:58 shrinivaasanka-Inspiron-1545 kernel: [ 2531.138676] option 7-1:1.2: device disconnected
Jul  5 14:28:58 shrinivaasanka-Inspiron-1545 kernel: [ 2531.275989] video LNXVIDEO:01: Restoring backlight state
Jul  5 14:28:58 shrinivaasanka-Inspiron-1545 kernel: [ 2531.279413] atkbd serio0: Unknown key pressed (translated set 2, code 0x8d on isa0060/serio0).
Jul  5 14:28:58 shrinivaasanka-Inspiron-1545 kernel: [ 2531.279417] atkbd serio0: Use 'setkeycodes e00d <keycode>' to make it known.
Jul  5 14:29:00 shrinivaasanka-Inspiron-1545 kernel: [ 2533.244056] ata1: SATA link up 3.0 Gbps (SStatus 123 SControl 300)
Jul  5 14:29:00 shrinivaasanka-Inspiron-1545 kernel: [ 2533.254251] ata1.00: configured for UDMA/133
Jul  5 14:29:00 shrinivaasanka-Inspiron-1545 kernel: [ 2533.388071] usb 7-1: new full-speed USB device number 4 using uhci_hcd
Jul  5 14:29:00 shrinivaasanka-Inspiron-1545 kernel: [ 2533.468548] sky2 0000:09:00.0 eth0: enabling interface
Jul  5 14:29:00 shrinivaasanka-Inspiron-1545 kernel: [ 2533.558275] usb 7-1: New USB device found, idVendor=12d1, idProduct=140b
Jul  5 14:29:00 shrinivaasanka-Inspiron-1545 kernel: [ 2533.558281] usb 7-1: New USB device strings: Mfr=1, Product=2, SerialNumber=4
Jul  5 14:29:00 shrinivaasanka-Inspiron-1545 kernel: [ 2533.558284] usb 7-1: Product: HUAWEI Mobile
Jul  5 14:29:00 shrinivaasanka-Inspiron-1545 kernel: [ 2533.558287] usb 7-1: Manufacturer: HUAÿWEI TECHNOLOGIES
Jul  5 14:29:00 shrinivaasanka-Inspiron-1545 kernel: [ 2533.558290] usb 7-1: SerialNumber: ÿÿÿÿÿÿÿÿÿÿÿÿÿÿÿÿÿÿÿ
Jul  5 14:29:00 shrinivaasanka-Inspiron-1545 kernel: [ 2533.565796] usb-storage 7-1:1.0: USB Mass Storage device detected
Jul  5 14:29:00 shrinivaasanka-Inspiron-1545 kernel: [ 2533.573150] option 7-1:1.0: GSM modem (1-port) converter detected
Jul  5 14:29:00 shrinivaasanka-Inspiron-1545 kernel: [ 2533.573306] usb 7-1: GSM modem (1-port) converter now attached to ttyUSB3
Jul  5 14:29:00 shrinivaasanka-Inspiron-1545 kernel: [ 2533.575328] usb-storage 7-1:1.1: USB Mass Storage device detected
Jul  5 14:29:00 shrinivaasanka-Inspiron-1545 kernel: [ 2533.575944] option 7-1:1.1: GSM modem (1-port) converter detected
Jul  5 14:29:00 shrinivaasanka-Inspiron-1545 kernel: [ 2533.576505] usb 7-1: GSM modem (1-port) converter now attached to ttyUSB4
Jul  5 14:29:00 shrinivaasanka-Inspiron-1545 kernel: [ 2533.578324] usb-storage 7-1:1.2: USB Mass Storage device detected
Jul  5 14:29:00 shrinivaasanka-Inspiron-1545 kernel: [ 2533.588166] option 7-1:1.2: GSM modem (1-port) converter detected
Jul  5 14:29:00 shrinivaasanka-Inspiron-1545 kernel: [ 2533.588337] usb 7-1: GSM modem (1-port) converter now attached to ttyUSB5
Jul  5 14:29:00 shrinivaasanka-Inspiron-1545 kernel: [ 2533.588457] usb-storage 7-1:1.3: USB Mass Storage device detected
Jul  5 14:29:01 shrinivaasanka-Inspiron-1545 kernel: [ 2533.604071] scsi host15: usb-storage 7-1:1.3
Jul  5 14:29:01 shrinivaasanka-Inspiron-1545 kernel: [ 2534.002067] usb 3-1.3: new full-speed USB device number 6 using uhci_hcd
Jul  5 14:29:01 shrinivaasanka-Inspiron-1545 kernel: [ 2534.131071] usb 3-1.3: New USB device found, idVendor=413c, idProduct=8160
Jul  5 14:29:01 shrinivaasanka-Inspiron-1545 kernel: [ 2534.131078] usb 3-1.3: New USB device strings: Mfr=1, Product=2, SerialNumber=0
Jul  5 14:29:01 shrinivaasanka-Inspiron-1545 kernel: [ 2534.131084] usb 3-1.3: Product: Dell Wireless 365 Bluetooth Module
Jul  5 14:29:01 shrinivaasanka-Inspiron-1545 kernel: [ 2534.131088] usb 3-1.3: Manufacturer: Dell Computer Corp
Jul  5 14:29:02 shrinivaasanka-Inspiron-1545 kernel: [ 2534.608330] scsi 15:0:0:0: CD-ROM            HUAWEI   Mass Storage     2.31 PQ: 0 ANSI: 0
Jul  5 14:29:02 shrinivaasanka-Inspiron-1545 kernel: [ 2534.611338] scsi 15:0:0:1: Direct-Access     HUAWEI   SD Storage       2.31 PQ: 0 ANSI: 2
Jul  5 14:29:02 shrinivaasanka-Inspiron-1545 kernel: [ 2534.635327] sr 15:0:0:0: [sr1] scsi-1 drive
Jul  5 14:29:02 shrinivaasanka-Inspiron-1545 kernel: [ 2534.635616] sr 15:0:0:0: Attached scsi CD-ROM sr1
Jul  5 14:29:02 shrinivaasanka-Inspiron-1545 kernel: [ 2534.635732] sr 15:0:0:0: Attached scsi generic sg3 type 5
Jul  5 14:29:02 shrinivaasanka-Inspiron-1545 kernel: [ 2534.636738] sd 15:0:0:1: Attached scsi generic sg4 type 0
Jul  5 14:29:02 shrinivaasanka-Inspiron-1545 kernel: [ 2534.699328] sd 15:0:0:1: [sdc] Attached SCSI removable disk
Jul  5 14:29:26 shrinivaasanka-Inspiron-1545 kernel: [ 2558.806884] sky2 0000:09:00.0 eth0: disabling interface
Jul  5 14:29:26 shrinivaasanka-Inspiron-1545 kernel: [ 2558.808479] IPv6: ADDRCONF(NETDEV_UP): eth0: link is not ready
Jul  5 14:29:26 shrinivaasanka-Inspiron-1545 kernel: [ 2558.984463] IPv6: ADDRCONF(NETDEV_UP): ppp0: link is not ready
Jul  5 14:29:27 shrinivaasanka-Inspiron-1545 kernel: [ 2559.506402] PM: Syncing filesystems ... done.
Jul  5 14:29:27 shrinivaasanka-Inspiron-1545 kernel: [ 2559.863939] PM: Preparing system for mem sleep
Jul  5 16:38:28 shrinivaasanka-Inspiron-1545 kernel: [ 2559.864211] Freezing user space processes ... (elapsed 0.016 seconds) done.
Jul  5 16:38:28 shrinivaasanka-Inspiron-1545 kernel: [ 2559.880492] Freezing remaining freezable tasks ... (elapsed 0.001 seconds) done.
Jul  5 16:38:28 shrinivaasanka-Inspiron-1545 kernel: [ 2559.881896] PM: Entering mem sleep
Jul  5 16:38:28 shrinivaasanka-Inspiron-1545 kernel: [ 2559.882043] Suspending console(s) (use no_console_suspend to debug)
Jul  5 16:38:28 shrinivaasanka-Inspiron-1545 kernel: [ 2559.882609] sd 0:0:0:0: [sda] Synchronizing SCSI cache
Jul  5 16:38:28 shrinivaasanka-Inspiron-1545 kernel: [ 2559.972551] sd 0:0:0:0: [sda] Stopping disk
Jul  5 16:38:28 shrinivaasanka-Inspiron-1545 kernel: [ 2560.316250] PM: suspend of devices complete after 433.874 msecs
Jul  5 16:38:28 shrinivaasanka-Inspiron-1545 kernel: [ 2560.332087] PM: late suspend of devices complete after 15.830 msecs
Jul  5 16:38:28 shrinivaasanka-Inspiron-1545 kernel: [ 2560.337875] ehci-pci 0000:00:1d.7: System wakeup enabled by ACPI
Jul  5 16:38:28 shrinivaasanka-Inspiron-1545 kernel: [ 2560.343237] uhci_hcd 0000:00:1a.1: System wakeup enabled by ACPI
Jul  5 16:38:28 shrinivaasanka-Inspiron-1545 kernel: [ 2560.347927] uhci_hcd 0000:00:1d.1: System wakeup enabled by ACPI
Jul  5 16:38:28 shrinivaasanka-Inspiron-1545 kernel: [ 2560.353031] uhci_hcd 0000:00:1d.0: System wakeup enabled by ACPI
Jul  5 16:38:28 shrinivaasanka-Inspiron-1545 kernel: [ 2560.357030] ehci-pci 0000:00:1a.7: System wakeup enabled by ACPI
Jul  5 16:38:28 shrinivaasanka-Inspiron-1545 kernel: [ 2560.362648] uhci_hcd 0000:00:1d.2: System wakeup enabled by ACPI
Jul  5 16:38:28 shrinivaasanka-Inspiron-1545 kernel: [ 2560.367454] uhci_hcd 0000:00:1a.2: System wakeup enabled by ACPI
Jul  5 16:38:28 shrinivaasanka-Inspiron-1545 kernel: [ 2560.372386] uhci_hcd 0000:00:1a.0: System wakeup enabled by ACPI
Jul  5 16:38:28 shrinivaasanka-Inspiron-1545 kernel: [ 2560.488129] PM: noirq suspend of devices complete after 156.039 msecs
Jul  5 16:38:28 shrinivaasanka-Inspiron-1545 kernel: [ 2560.488414] ACPI: Preparing to enter system sleep state S3
Jul  5 16:38:28 shrinivaasanka-Inspiron-1545 kernel: [ 2560.498085] PM: Saving platform NVS memory
Jul  5 16:38:28 shrinivaasanka-Inspiron-1545 kernel: [ 2560.500711] Disabling non-boot CPUs ...
Jul  5 16:38:28 shrinivaasanka-Inspiron-1545 kernel: [ 2560.502031] smpboot: CPU 1 is now offline
Jul  5 16:38:28 shrinivaasanka-Inspiron-1545 kernel: [ 2560.532242] ACPI: Low-level resume complete
Jul  5 16:38:28 shrinivaasanka-Inspiron-1545 kernel: [ 2560.532242] PM: Restoring platform NVS memory
Jul  5 16:38:28 shrinivaasanka-Inspiron-1545 kernel: [ 2560.532242] CPU0 microcode updated early to revision 0xa0b, date = 2010-09-28
Jul  5 16:38:28 shrinivaasanka-Inspiron-1545 kernel: [ 2560.532242] Enabling non-boot CPUs ...
Jul  5 16:38:28 shrinivaasanka-Inspiron-1545 kernel: [ 2560.532242] x86: Booting SMP configuration:
Jul  5 16:38:28 shrinivaasanka-Inspiron-1545 kernel: [ 2560.532242] smpboot: Booting Node 0 Processor 1 APIC 0x1
Jul  5 16:38:28 shrinivaasanka-Inspiron-1545 kernel: [ 2560.502024] CPU1 microcode updated early to revision 0xa0b, date = 2010-09-28
Jul  5 16:38:28 shrinivaasanka-Inspiron-1545 kernel: [ 2560.502024] Initializing CPU#1
Jul  5 16:38:28 shrinivaasanka-Inspiron-1545 kernel: [ 2560.582320] CPU1 is up
Jul  5 16:38:28 shrinivaasanka-Inspiron-1545 kernel: [ 2560.585601] ACPI: Waking up from system sleep state S3
Jul  5 16:38:28 shrinivaasanka-Inspiron-1545 kernel: [ 2560.607119] uhci_hcd 0000:00:1a.0: System wakeup disabled by ACPI
Jul  5 16:38:28 shrinivaasanka-Inspiron-1545 kernel: [ 2560.612576] uhci_hcd 0000:00:1d.2: System wakeup disabled by ACPI
Jul  5 16:38:28 shrinivaasanka-Inspiron-1545 kernel: [ 2560.617541] uhci_hcd 0000:00:1a.1: System wakeup disabled by ACPI
Jul  5 16:38:28 shrinivaasanka-Inspiron-1545 kernel: [ 2560.623811] uhci_hcd 0000:00:1a.2: System wakeup disabled by ACPI
Jul  5 16:38:28 shrinivaasanka-Inspiron-1545 kernel: [ 2560.629746] uhci_hcd 0000:00:1d.0: System wakeup disabled by ACPI
Jul  5 16:38:28 shrinivaasanka-Inspiron-1545 kernel: [ 2560.634583] uhci_hcd 0000:00:1d.1: System wakeup disabled by ACPI
Jul  5 16:38:28 shrinivaasanka-Inspiron-1545 kernel: [ 2560.639602] ehci-pci 0000:00:1a.7: System wakeup disabled by ACPI
Jul  5 16:38:28 shrinivaasanka-Inspiron-1545 kernel: [ 2560.644683] ehci-pci 0000:00:1d.7: System wakeup disabled by ACPI
Jul  5 16:38:28 shrinivaasanka-Inspiron-1545 kernel: [ 2560.760530] PM: noirq resume of devices complete after 158.999 msecs
Jul  5 16:38:28 shrinivaasanka-Inspiron-1545 kernel: [ 2560.763085] PM: early resume of devices complete after 0.587 msecs
Jul  5 16:38:28 shrinivaasanka-Inspiron-1545 kernel: [ 2560.888631] usb usb3: root hub lost power or was reset
Jul  5 16:38:28 shrinivaasanka-Inspiron-1545 kernel: [ 2560.888684] usb usb4: root hub lost power or was reset
Jul  5 16:38:28 shrinivaasanka-Inspiron-1545 kernel: [ 2560.888734] usb usb5: root hub lost power or was reset
Jul  5 16:38:28 shrinivaasanka-Inspiron-1545 kernel: [ 2560.888938] usb usb6: root hub lost power or was reset
Jul  5 16:38:28 shrinivaasanka-Inspiron-1545 kernel: [ 2560.888988] usb usb7: root hub lost power or was reset
Jul  5 16:38:28 shrinivaasanka-Inspiron-1545 kernel: [ 2560.889039] usb usb8: root hub lost power or was reset
Jul  5 16:38:28 shrinivaasanka-Inspiron-1545 kernel: [ 2560.889268] rtc_cmos 00:03: System wakeup disabled by ACPI
Jul  5 16:38:28 shrinivaasanka-Inspiron-1545 kernel: [ 2560.910656] sd 0:0:0:0: [sda] Starting disk
Jul  5 16:38:28 shrinivaasanka-Inspiron-1545 kernel: [ 2561.232224] usb 1-5: reset high-speed USB device number 3 using ehci-pci
Jul  5 16:38:28 shrinivaasanka-Inspiron-1545 kernel: [ 2561.232227] usb 3-1: reset full-speed USB device number 2 using uhci_hcd
Jul  5 16:38:28 shrinivaasanka-Inspiron-1545 kernel: [ 2561.240218] usb 7-1: reset full-speed USB device number 4 using uhci_hcd
Jul  5 16:38:28 shrinivaasanka-Inspiron-1545 kernel: [ 2561.244178] ata5: SATA link down (SStatus 0 SControl 300)
Jul  5 16:38:28 shrinivaasanka-Inspiron-1545 kernel: [ 2561.244218] ata2: SATA link up 1.5 Gbps (SStatus 113 SControl 300)
Jul  5 16:38:28 shrinivaasanka-Inspiron-1545 kernel: [ 2561.245897] ata2.00: configured for UDMA/100
Jul  5 16:38:28 shrinivaasanka-Inspiron-1545 kernel: [ 2561.252079] ata6: SATA link down (SStatus 0 SControl 300)
Jul  5 16:38:28 shrinivaasanka-Inspiron-1545 kernel: [ 2561.395324] option1 ttyUSB3: GSM modem (1-port) converter now disconnected from ttyUSB3
Jul  5 16:38:28 shrinivaasanka-Inspiron-1545 kernel: [ 2561.395349] option 7-1:1.0: device disconnected
Jul  5 16:38:28 shrinivaasanka-Inspiron-1545 kernel: [ 2561.396331] option1 ttyUSB4: GSM modem (1-port) converter now disconnected from ttyUSB4
Jul  5 16:38:28 shrinivaasanka-Inspiron-1545 kernel: [ 2561.396353] option 7-1:1.1: device disconnected
Jul  5 16:38:28 shrinivaasanka-Inspiron-1545 kernel: [ 2561.397301] option1 ttyUSB5: GSM modem (1-port) converter now disconnected from ttyUSB5
Jul  5 16:38:28 shrinivaasanka-Inspiron-1545 kernel: [ 2561.397324] option 7-1:1.2: device disconnected
Jul  5 16:38:28 shrinivaasanka-Inspiron-1545 kernel: [ 2561.476192] usb 1-6: reset high-speed USB device number 4 using ehci-pci
Jul  5 16:38:28 shrinivaasanka-Inspiron-1545 kernel: [ 2561.670117] usb 3-1.1: reset full-speed USB device number 3 using uhci_hcd
Jul  5 16:38:28 shrinivaasanka-Inspiron-1545 kernel: [ 2561.966127] usb 3-1.2: reset full-speed USB device number 4 using uhci_hcd
Jul  5 16:38:28 shrinivaasanka-Inspiron-1545 kernel: [ 2562.080204] PM: resume of devices complete after 1317.109 msecs
Jul  5 16:38:28 shrinivaasanka-Inspiron-1545 kernel: [ 2562.080311] usb-storage 7-1:1.0: USB Mass Storage device detected
Jul  5 16:38:28 shrinivaasanka-Inspiron-1545 kernel: [ 2562.080560] option 7-1:1.0: GSM modem (1-port) converter detected
Jul  5 16:38:28 shrinivaasanka-Inspiron-1545 kernel: [ 2562.080715] usb 7-1: GSM modem (1-port) converter now attached to ttyUSB6
Jul  5 16:38:28 shrinivaasanka-Inspiron-1545 kernel: [ 2562.080734] usb-storage 7-1:1.1: USB Mass Storage device detected
Jul  5 16:38:28 shrinivaasanka-Inspiron-1545 kernel: [ 2562.080865] option 7-1:1.1: GSM modem (1-port) converter detected
Jul  5 16:38:28 shrinivaasanka-Inspiron-1545 kernel: [ 2562.080997] usb 7-1: GSM modem (1-port) converter now attached to ttyUSB7
Jul  5 16:38:28 shrinivaasanka-Inspiron-1545 kernel: [ 2562.081015] usb-storage 7-1:1.2: USB Mass Storage device detected
Jul  5 16:38:28 shrinivaasanka-Inspiron-1545 kernel: [ 2562.081123] option 7-1:1.2: GSM modem (1-port) converter detected
Jul  5 16:38:28 shrinivaasanka-Inspiron-1545 kernel: [ 2562.081235] usb 7-1: GSM modem (1-port) converter now attached to ttyUSB8
Jul  5 16:38:28 shrinivaasanka-Inspiron-1545 kernel: [ 2562.081642] PM: Finishing wakeup.
Jul  5 16:38:28 shrinivaasanka-Inspiron-1545 kernel: [ 2562.081644] Restarting tasks ... 
Jul  5 16:38:28 shrinivaasanka-Inspiron-1545 kernel: [ 2562.084072] usb 3-1.3: USB disconnect, device number 6
Jul  5 16:38:28 shrinivaasanka-Inspiron-1545 kernel: [ 2562.092955] done.
Jul  5 16:38:28 shrinivaasanka-Inspiron-1545 kernel: [ 2562.210067] atkbd serio0: Unknown key pressed (translated set 2, code 0x8d on isa0060/serio0).
Jul  5 16:38:28 shrinivaasanka-Inspiron-1545 kernel: [ 2562.210073] atkbd serio0: Use 'setkeycodes e00d <keycode>' to make it known.
Jul  5 16:38:28 shrinivaasanka-Inspiron-1545 kernel: [ 2562.217765] video LNXVIDEO:01: Restoring backlight state
Jul  5 16:38:29 shrinivaasanka-Inspiron-1545 kernel: [ 2562.646056] usb 3-1.3: new full-speed USB device number 7 using uhci_hcd
Jul  5 16:38:29 shrinivaasanka-Inspiron-1545 kernel: [ 2562.776092] usb 3-1.3: New USB device found, idVendor=413c, idProduct=8160
Jul  5 16:38:29 shrinivaasanka-Inspiron-1545 kernel: [ 2562.776100] usb 3-1.3: New USB device strings: Mfr=1, Product=2, SerialNumber=0
Jul  5 16:38:29 shrinivaasanka-Inspiron-1545 kernel: [ 2562.776106] usb 3-1.3: Product: Dell Wireless 365 Bluetooth Module
Jul  5 16:38:29 shrinivaasanka-Inspiron-1545 kernel: [ 2562.776110] usb 3-1.3: Manufacturer: Dell Computer Corp
Jul  5 16:38:30 shrinivaasanka-Inspiron-1545 kernel: [ 2564.160043] ata1: SATA link up 3.0 Gbps (SStatus 123 SControl 300)
Jul  5 16:38:30 shrinivaasanka-Inspiron-1545 kernel: [ 2564.173094] ata1.00: configured for UDMA/133
Jul  5 16:38:30 shrinivaasanka-Inspiron-1545 kernel: [ 2564.281616] sky2 0000:09:00.0 eth0: enabling interface
Jul  5 16:40:27 shrinivaasanka-Inspiron-1545 kernel: [    0.000000] Initializing cgroup subsys cpuset
Jul  5 16:40:27 shrinivaasanka-Inspiron-1545 kernel: [    0.000000] Initializing cgroup subsys cpu
Jul  5 16:40:27 shrinivaasanka-Inspiron-1545 kernel: [    0.000000] Initializing cgroup subsys cpuacct
Jul  5 16:40:27 shrinivaasanka-Inspiron-1545 kernel: [    0.000000] Linux version 4.0.5 (root@shrinivaasanka-Inspiron-1545) (gcc version 4.9.2 (Ubuntu 4.9.2-10ubuntu13) ) #1 SMP Sat Jul 4 13:39:54 IST 2015
Jul  5 16:40:27 shrinivaasanka-Inspiron-1545 kernel: [    0.000000] KERNEL supported cpus:
Jul  5 16:40:27 shrinivaasanka-Inspiron-1545 kernel: [    0.000000]   Intel GenuineIntel
Jul  5 16:40:27 shrinivaasanka-Inspiron-1545 kernel: [    0.000000]   AMD AuthenticAMD
Jul  5 16:40:27 shrinivaasanka-Inspiron-1545 kernel: [    0.000000]   NSC Geode by NSC
Jul  5 16:40:27 shrinivaasanka-Inspiron-1545 kernel: [    0.000000]   Cyrix CyrixInstead
Jul  5 16:40:27 shrinivaasanka-Inspiron-1545 kernel: [    0.000000]   Centaur CentaurHauls
Jul  5 16:40:27 shrinivaasanka-Inspiron-1545 kernel: [    0.000000]   Transmeta GenuineTMx86
Jul  5 16:40:27 shrinivaasanka-Inspiron-1545 kernel: [    0.000000]   Transmeta TransmetaCPU
Jul  5 16:40:27 shrinivaasanka-Inspiron-1545 kernel: [    0.000000]   UMC UMC UMC UMC
Jul  5 16:40:27 shrinivaasanka-Inspiron-1545 kernel: [    0.000000] e820: BIOS-provided physical RAM map:
Jul  5 16:40:27 shrinivaasanka-Inspiron-1545 kernel: [    0.000000] BIOS-e820: [mem 0x0000000000000000-0x000000000009efff] usable
Jul  5 16:40:27 shrinivaasanka-Inspiron-1545 kernel: [    0.000000] BIOS-e820: [mem 0x000000000009f000-0x000000000009ffff] reserved
Jul  5 16:40:27 shrinivaasanka-Inspiron-1545 kernel: [    0.000000] BIOS-e820: [mem 0x0000000000100000-0x00000000bd8bf3ff] usable
Jul  5 16:40:27 shrinivaasanka-Inspiron-1545 kernel: [    0.000000] BIOS-e820: [mem 0x00000000bd8bf400-0x00000000bdac13ff] ACPI NVS
Jul  5 16:40:27 shrinivaasanka-Inspiron-1545 kernel: [    0.000000] BIOS-e820: [mem 0x00000000bdac1400-0x00000000bfffffff] reserved
Jul  5 16:40:27 shrinivaasanka-Inspiron-1545 kernel: [    0.000000] BIOS-e820: [mem 0x00000000f8000000-0x00000000fbffffff] reserved
Jul  5 16:40:27 shrinivaasanka-Inspiron-1545 kernel: [    0.000000] BIOS-e820: [mem 0x00000000fec00000-0x00000000fec0ffff] reserved
Jul  5 16:40:27 shrinivaasanka-Inspiron-1545 kernel: [    0.000000] BIOS-e820: [mem 0x00000000fed18000-0x00000000fed1bfff] reserved
Jul  5 16:40:27 shrinivaasanka-Inspiron-1545 kernel: [    0.000000] BIOS-e820: [mem 0x00000000fed20000-0x00000000fed8ffff] reserved
Jul  5 16:40:27 shrinivaasanka-Inspiron-1545 kernel: [    0.000000] BIOS-e820: [mem 0x00000000feda0000-0x00000000feda5fff] reserved
Jul  5 16:40:27 shrinivaasanka-Inspiron-1545 kernel: [    0.000000] BIOS-e820: [mem 0x00000000fee00000-0x00000000fee0ffff] reserved
Jul  5 16:40:27 shrinivaasanka-Inspiron-1545 kernel: [    0.000000] BIOS-e820: [mem 0x00000000ffe00000-0x00000000ffffffff] reserved
Jul  5 16:40:27 shrinivaasanka-Inspiron-1545 kernel: [    0.000000] NX (Execute Disable) protection: active
Jul  5 16:40:27 shrinivaasanka-Inspiron-1545 kernel: [    0.000000] SMBIOS 2.4 present.
Jul  5 16:40:27 shrinivaasanka-Inspiron-1545 kernel: [    0.000000] DMI: Dell Inc. Inspiron 1545                   /0J037P, BIOS A14 12/07/2009
Jul  5 16:40:27 shrinivaasanka-Inspiron-1545 kernel: [    0.000000] e820: update [mem 0x00000000-0x00000fff] usable ==> reserved
Jul  5 16:40:27 shrinivaasanka-Inspiron-1545 kernel: [    0.000000] e820: remove [mem 0x000a0000-0x000fffff] usable
Jul  5 16:40:27 shrinivaasanka-Inspiron-1545 kernel: [    0.000000] e820: last_pfn = 0xbd8bf max_arch_pfn = 0x1000000
Jul  5 16:40:27 shrinivaasanka-Inspiron-1545 kernel: [    0.000000] MTRR default type: uncachable
Jul  5 16:40:27 shrinivaasanka-Inspiron-1545 kernel: [    0.000000] MTRR fixed ranges enabled:
Jul  5 16:40:27 shrinivaasanka-Inspiron-1545 kernel: [    0.000000]   00000-9FFFF write-back
Jul  5 16:40:27 shrinivaasanka-Inspiron-1545 kernel: [    0.000000]   A0000-BFFFF uncachable
Jul  5 16:40:27 shrinivaasanka-Inspiron-1545 kernel: [    0.000000]   C0000-CFFFF write-protect
Jul  5 16:40:27 shrinivaasanka-Inspiron-1545 kernel: [    0.000000]   D0000-EFFFF uncachable
Jul  5 16:40:27 shrinivaasanka-Inspiron-1545 kernel: [    0.000000]   F0000-FFFFF write-protect
Jul  5 16:40:27 shrinivaasanka-Inspiron-1545 kernel: [    0.000000] MTRR variable ranges enabled:
Jul  5 16:40:27 shrinivaasanka-Inspiron-1545 kernel: [    0.000000]   0 base 000000000 mask 800000000 write-back
Jul  5 16:40:27 shrinivaasanka-Inspiron-1545 kernel: [    0.000000]   1 base 0E0000000 mask FE0000000 uncachable
Jul  5 16:40:27 shrinivaasanka-Inspiron-1545 kernel: [    0.000000]   2 base 0BDC00000 mask FFFC00000 uncachable
Jul  5 16:40:27 shrinivaasanka-Inspiron-1545 kernel: [    0.000000]   3 base 0BE000000 mask FFE000000 uncachable
Jul  5 16:40:27 shrinivaasanka-Inspiron-1545 kernel: [    0.000000]   4 disabled
Jul  5 16:40:27 shrinivaasanka-Inspiron-1545 kernel: [    0.000000]   5 disabled
Jul  5 16:40:27 shrinivaasanka-Inspiron-1545 kernel: [    0.000000]   6 disabled
Jul  5 16:40:27 shrinivaasanka-Inspiron-1545 kernel: [    0.000000] PAT configuration [0-7]: WB  WC  UC- UC  WB  WC  UC- UC  
Jul  5 16:40:27 shrinivaasanka-Inspiron-1545 kernel: [    0.000000] original variable MTRRs
Jul  5 16:40:27 shrinivaasanka-Inspiron-1545 kernel: [    0.000000] reg 0, base: 0GB, range: 32GB, type WB
Jul  5 16:40:27 shrinivaasanka-Inspiron-1545 kernel: [    0.000000] reg 1, base: 3584MB, range: 512MB, type UC
Jul  5 16:40:27 shrinivaasanka-Inspiron-1545 kernel: [    0.000000] reg 2, base: 3036MB, range: 4MB, type UC
Jul  5 16:40:27 shrinivaasanka-Inspiron-1545 kernel: [    0.000000] reg 3, base: 3040MB, range: 32MB, type UC
Jul  5 16:40:27 shrinivaasanka-Inspiron-1545 kernel: [    0.000000] total RAM covered: 32220M
Jul  5 16:40:27 shrinivaasanka-Inspiron-1545 kernel: [    0.000000]  gran_size: 64K 	chunk_size: 64K 	num_reg: 7  	lose cover RAM: 29188M
Jul  5 16:40:27 shrinivaasanka-Inspiron-1545 kernel: [    0.000000]  gran_size: 64K 	chunk_size: 128K 	num_reg: 7  	lose cover RAM: 29188M
Jul  5 16:40:27 shrinivaasanka-Inspiron-1545 kernel: [    0.000000]  gran_size: 64K 	chunk_size: 256K 	num_reg: 7  	lose cover RAM: 29188M
Jul  5 16:40:27 shrinivaasanka-Inspiron-1545 kernel: [    0.000000]  gran_size: 64K 	chunk_size: 512K 	num_reg: 7  	lose cover RAM: 29188M
Jul  5 16:40:27 shrinivaasanka-Inspiron-1545 kernel: [    0.000000]  gran_size: 64K 	chunk_size: 1M 	num_reg: 7  	lose cover RAM: 29188M
Jul  5 16:40:27 shrinivaasanka-Inspiron-1545 kernel: [    0.000000]  gran_size: 64K 	chunk_size: 2M 	num_reg: 7  	lose cover RAM: 29188M
Jul  5 16:40:27 shrinivaasanka-Inspiron-1545 kernel: [    0.000000]  gran_size: 64K 	chunk_size: 4M 	num_reg: 7  	lose cover RAM: 29188M
Jul  5 16:40:27 shrinivaasanka-Inspiron-1545 kernel: [    0.000000]  gran_size: 64K 	chunk_size: 8M 	num_reg: 7  	lose cover RAM: 29184M
Jul  5 16:40:27 shrinivaasanka-Inspiron-1545 kernel: [    0.000000]  gran_size: 64K 	chunk_size: 16M 	num_reg: 7  	lose cover RAM: 29184M
Jul  5 16:40:27 shrinivaasanka-Inspiron-1545 kernel: [    0.000000]  gran_size: 64K 	chunk_size: 32M 	num_reg: 7  	lose cover RAM: 29184M
Jul  5 16:40:27 shrinivaasanka-Inspiron-1545 kernel: [    0.000000]  gran_size: 64K 	chunk_size: 64M 	num_reg: 7  	lose cover RAM: 16G
Jul  5 16:40:27 shrinivaasanka-Inspiron-1545 kernel: [    0.000000]  gran_size: 64K 	chunk_size: 128M 	num_reg: 7  	lose cover RAM: 16G
Jul  5 16:40:27 shrinivaasanka-Inspiron-1545 kernel: [    0.000000]  gran_size: 64K 	chunk_size: 256M 	num_reg: 7  	lose cover RAM: 16G
Jul  5 16:40:27 shrinivaasanka-Inspiron-1545 kernel: [    0.000000]  gran_size: 64K 	chunk_size: 512M 	num_reg: 7  	lose cover RAM: 16G
Jul  5 16:40:27 shrinivaasanka-Inspiron-1545 kernel: [    0.000000]  gran_size: 64K 	chunk_size: 1G 	num_reg: 7  	lose cover RAM: 16G
Jul  5 16:40:27 shrinivaasanka-Inspiron-1545 kernel: [    0.000000]  gran_size: 64K 	chunk_size: 2G 	num_reg: 7  	lose cover RAM: 29188M
Jul  5 16:40:27 shrinivaasanka-Inspiron-1545 kernel: [    0.000000]  gran_size: 128K 	chunk_size: 128K 	num_reg: 7  	lose cover RAM: 29188M
Jul  5 16:40:27 shrinivaasanka-Inspiron-1545 kernel: [    0.000000]  gran_size: 128K 	chunk_size: 256K 	num_reg: 7  	lose cover RAM: 29188M
Jul  5 16:40:27 shrinivaasanka-Inspiron-1545 kernel: [    0.000000]  gran_size: 128K 	chunk_size: 512K 	num_reg: 7  	lose cover RAM: 29188M
Jul  5 16:40:27 shrinivaasanka-Inspiron-1545 kernel: [    0.000000]  gran_size: 128K 	chunk_size: 1M 	num_reg: 7  	lose cover RAM: 29188M
Jul  5 16:40:27 shrinivaasanka-Inspiron-1545 kernel: [    0.000000]  gran_size: 128K 	chunk_size: 2M 	num_reg: 7  	lose cover RAM: 29188M
Jul  5 16:40:27 shrinivaasanka-Inspiron-1545 kernel: [    0.000000]  gran_size: 128K 	chunk_size: 4M 	num_reg: 7  	lose cover RAM: 29188M
Jul  5 16:40:27 shrinivaasanka-Inspiron-1545 kernel: [    0.000000]  gran_size: 128K 	chunk_size: 8M 	num_reg: 7  	lose cover RAM: 29184M
Jul  5 16:40:27 shrinivaasanka-Inspiron-1545 kernel: [    0.000000]  gran_size: 128K 	chunk_size: 16M 	num_reg: 7  	lose cover RAM: 29184M
Jul  5 16:40:27 shrinivaasanka-Inspiron-1545 kernel: [    0.000000]  gran_size: 128K 	chunk_size: 32M 	num_reg: 7  	lose cover RAM: 29184M
Jul  5 16:40:27 shrinivaasanka-Inspiron-1545 kernel: [    0.000000]  gran_size: 128K 	chunk_size: 64M 	num_reg: 7  	lose cover RAM: 16G
Jul  5 16:40:27 shrinivaasanka-Inspiron-1545 kernel: [    0.000000]  gran_size: 128K 	chunk_size: 128M 	num_reg: 7  	lose cover RAM: 16G
Jul  5 16:40:27 shrinivaasanka-Inspiron-1545 kernel: [    0.000000]  gran_size: 128K 	chunk_size: 256M 	num_reg: 7  	lose cover RAM: 16G
Jul  5 16:40:27 shrinivaasanka-Inspiron-1545 kernel: [    0.000000]  gran_size: 128K 	chunk_size: 512M 	num_reg: 7  	lose cover RAM: 16G
Jul  5 16:40:27 shrinivaasanka-Inspiron-1545 kernel: [    0.000000]  gran_size: 128K 	chunk_size: 1G 	num_reg: 7  	lose cover RAM: 16G
Jul  5 16:40:27 shrinivaasanka-Inspiron-1545 kernel: [    0.000000]  gran_size: 128K 	chunk_size: 2G 	num_reg: 7  	lose cover RAM: 29188M
Jul  5 16:40:27 shrinivaasanka-Inspiron-1545 kernel: [    0.000000]  gran_size: 256K 	chunk_size: 256K 	num_reg: 7  	lose cover RAM: 29188M
Jul  5 16:40:27 shrinivaasanka-Inspiron-1545 kernel: [    0.000000]  gran_size: 256K 	chunk_size: 512K 	num_reg: 7  	lose cover RAM: 29188M
Jul  5 16:40:27 shrinivaasanka-Inspiron-1545 kernel: [    0.000000]  gran_size: 256K 	chunk_size: 1M 	num_reg: 7  	lose cover RAM: 29188M
Jul  5 16:40:27 shrinivaasanka-Inspiron-1545 kernel: [    0.000000]  gran_size: 256K 	chunk_size: 2M 	num_reg: 7  	lose cover RAM: 29188M
Jul  5 16:40:27 shrinivaasanka-Inspiron-1545 kernel: [    0.000000]  gran_size: 256K 	chunk_size: 4M 	num_reg: 7  	lose cover RAM: 29188M
Jul  5 16:40:27 shrinivaasanka-Inspiron-1545 kernel: [    0.000000]  gran_size: 256K 	chunk_size: 8M 	num_reg: 7  	lose cover RAM: 29184M
Jul  5 16:40:27 shrinivaasanka-Inspiron-1545 kernel: [    0.000000]  gran_size: 256K 	chunk_size: 16M 	num_reg: 7  	lose cover RAM: 29184M
Jul  5 16:40:27 shrinivaasanka-Inspiron-1545 kernel: [    0.000000]  gran_size: 256K 	chunk_size: 32M 	num_reg: 7  	lose cover RAM: 29184M
Jul  5 16:40:27 shrinivaasanka-Inspiron-1545 kernel: [    0.000000]  gran_size: 256K 	chunk_size: 64M 	num_reg: 7  	lose cover RAM: 16G
Jul  5 16:40:27 shrinivaasanka-Inspiron-1545 kernel: [    0.000000]  gran_size: 256K 	chunk_size: 128M 	num_reg: 7  	lose cover RAM: 16G
Jul  5 16:40:27 shrinivaasanka-Inspiron-1545 kernel: [    0.000000]  gran_size: 256K 	chunk_size: 256M 	num_reg: 7  	lose cover RAM: 16G
Jul  5 16:40:27 shrinivaasanka-Inspiron-1545 kernel: [    0.000000]  gran_size: 256K 	chunk_size: 512M 	num_reg: 7  	lose cover RAM: 16G
Jul  5 16:40:27 shrinivaasanka-Inspiron-1545 kernel: [    0.000000]  gran_size: 256K 	chunk_size: 1G 	num_reg: 7  	lose cover RAM: 16G
Jul  5 16:40:27 shrinivaasanka-Inspiron-1545 kernel: [    0.000000]  gran_size: 256K 	chunk_size: 2G 	num_reg: 7  	lose cover RAM: 29188M
Jul  5 16:40:27 shrinivaasanka-Inspiron-1545 kernel: [    0.000000]  gran_size: 512K 	chunk_size: 512K 	num_reg: 7  	lose cover RAM: 29188M
Jul  5 16:40:27 shrinivaasanka-Inspiron-1545 kernel: [    0.000000]  gran_size: 512K 	chunk_size: 1M 	num_reg: 7  	lose cover RAM: 29188M
Jul  5 16:40:27 shrinivaasanka-Inspiron-1545 kernel: [    0.000000]  gran_size: 512K 	chunk_size: 2M 	num_reg: 7  	lose cover RAM: 29188M
Jul  5 16:40:27 shrinivaasanka-Inspiron-1545 kernel: [    0.000000]  gran_size: 512K 	chunk_size: 4M 	num_reg: 7  	lose cover RAM: 29188M
Jul  5 16:40:27 shrinivaasanka-Inspiron-1545 kernel: [    0.000000]  gran_size: 512K 	chunk_size: 8M 	num_reg: 7  	lose cover RAM: 29184M
Jul  5 16:40:27 shrinivaasanka-Inspiron-1545 kernel: [    0.000000]  gran_size: 512K 	chunk_size: 16M 	num_reg: 7  	lose cover RAM: 29184M
Jul  5 16:40:27 shrinivaasanka-Inspiron-1545 kernel: [    0.000000]  gran_size: 512K 	chunk_size: 32M 	num_reg: 7  	lose cover RAM: 29184M
Jul  5 16:40:27 shrinivaasanka-Inspiron-1545 kernel: [    0.000000]  gran_size: 512K 	chunk_size: 64M 	num_reg: 7  	lose cover RAM: 16G
Jul  5 16:40:27 shrinivaasanka-Inspiron-1545 kernel: [    0.000000]  gran_size: 512K 	chunk_size: 128M 	num_reg: 7  	lose cover RAM: 16G
Jul  5 16:40:27 shrinivaasanka-Inspiron-1545 kernel: [    0.000000]  gran_size: 512K 	chunk_size: 256M 	num_reg: 7  	lose cover RAM: 16G
Jul  5 16:40:27 shrinivaasanka-Inspiron-1545 kernel: [    0.000000]  gran_size: 512K 	chunk_size: 512M 	num_reg: 7  	lose cover RAM: 16G
Jul  5 16:40:27 shrinivaasanka-Inspiron-1545 kernel: [    0.000000]  gran_size: 512K 	chunk_size: 1G 	num_reg: 7  	lose cover RAM: 16G
Jul  5 16:40:27 shrinivaasanka-Inspiron-1545 kernel: [    0.000000]  gran_size: 512K 	chunk_size: 2G 	num_reg: 7  	lose cover RAM: 29188M
Jul  5 16:40:27 shrinivaasanka-Inspiron-1545 kernel: [    0.000000]  gran_size: 1M 	chunk_size: 1M 	num_reg: 7  	lose cover RAM: 29188M
Jul  5 16:40:27 shrinivaasanka-Inspiron-1545 kernel: [    0.000000]  gran_size: 1M 	chunk_size: 2M 	num_reg: 7  	lose cover RAM: 29188M
Jul  5 16:40:27 shrinivaasanka-Inspiron-1545 kernel: [    0.000000]  gran_size: 1M 	chunk_size: 4M 	num_reg: 7  	lose cover RAM: 29188M
Jul  5 16:40:27 shrinivaasanka-Inspiron-1545 kernel: [    0.000000]  gran_size: 1M 	chunk_size: 8M 	num_reg: 7  	lose cover RAM: 29184M
Jul  5 16:40:27 shrinivaasanka-Inspiron-1545 kernel: [    0.000000]  gran_size: 1M 	chunk_size: 16M 	num_reg: 7  	lose cover RAM: 29184M
Jul  5 16:40:27 shrinivaasanka-Inspiron-1545 kernel: [    0.000000]  gran_size: 1M 	chunk_size: 32M 	num_reg: 7  	lose cover RAM: 29184M
Jul  5 16:40:27 shrinivaasanka-Inspiron-1545 kernel: [    0.000000]  gran_size: 1M 	chunk_size: 64M 	num_reg: 7  	lose cover RAM: 16G
Jul  5 16:40:27 shrinivaasanka-Inspiron-1545 kernel: [    0.000000]  gran_size: 1M 	chunk_size: 128M 	num_reg: 7  	lose cover RAM: 16G
Jul  5 16:40:27 shrinivaasanka-Inspiron-1545 kernel: [    0.000000]  gran_size: 1M 	chunk_size: 256M 	num_reg: 7  	lose cover RAM: 16G
Jul  5 16:40:27 shrinivaasanka-Inspiron-1545 kernel: [    0.000000]  gran_size: 1M 	chunk_size: 512M 	num_reg: 7  	lose cover RAM: 16G
Jul  5 16:40:27 shrinivaasanka-Inspiron-1545 kernel: [    0.000000]  gran_size: 1M 	chunk_size: 1G 	num_reg: 7  	lose cover RAM: 16G
Jul  5 16:40:27 shrinivaasanka-Inspiron-1545 kernel: [    0.000000]  gran_size: 1M 	chunk_size: 2G 	num_reg: 7  	lose cover RAM: 29188M
Jul  5 16:40:27 shrinivaasanka-Inspiron-1545 kernel: [    0.000000]  gran_size: 2M 	chunk_size: 2M 	num_reg: 7  	lose cover RAM: 29188M
Jul  5 16:40:27 shrinivaasanka-Inspiron-1545 kernel: [    0.000000]  gran_size: 2M 	chunk_size: 4M 	num_reg: 7  	lose cover RAM: 29188M
Jul  5 16:40:27 shrinivaasanka-Inspiron-1545 kernel: [    0.000000]  gran_size: 2M 	chunk_size: 8M 	num_reg: 7  	lose cover RAM: 29184M
Jul  5 16:40:27 shrinivaasanka-Inspiron-1545 kernel: [    0.000000]  gran_size: 2M 	chunk_size: 16M 	num_reg: 7  	lose cover RAM: 29184M
Jul  5 16:40:27 shrinivaasanka-Inspiron-1545 kernel: [    0.000000]  gran_size: 2M 	chunk_size: 32M 	num_reg: 7  	lose cover RAM: 29184M
Jul  5 16:40:27 shrinivaasanka-Inspiron-1545 kernel: [    0.000000]  gran_size: 2M 	chunk_size: 64M 	num_reg: 7  	lose cover RAM: 16G
Jul  5 16:40:27 shrinivaasanka-Inspiron-1545 kernel: [    0.000000]  gran_size: 2M 	chunk_size: 128M 	num_reg: 7  	lose cover RAM: 16G
Jul  5 16:40:27 shrinivaasanka-Inspiron-1545 kernel: [    0.000000]  gran_size: 2M 	chunk_size: 256M 	num_reg: 7  	lose cover RAM: 16G
Jul  5 16:40:27 shrinivaasanka-Inspiron-1545 kernel: [    0.000000]  gran_size: 2M 	chunk_size: 512M 	num_reg: 7  	lose cover RAM: 16G
Jul  5 16:40:27 shrinivaasanka-Inspiron-1545 kernel: [    0.000000]  gran_size: 2M 	chunk_size: 1G 	num_reg: 7  	lose cover RAM: 16G
Jul  5 16:40:27 shrinivaasanka-Inspiron-1545 kernel: [    0.000000]  gran_size: 2M 	chunk_size: 2G 	num_reg: 7  	lose cover RAM: 29188M
Jul  5 16:40:27 shrinivaasanka-Inspiron-1545 kernel: [    0.000000]  gran_size: 4M 	chunk_size: 4M 	num_reg: 7  	lose cover RAM: 29188M
Jul  5 16:40:27 shrinivaasanka-Inspiron-1545 kernel: [    0.000000]  gran_size: 4M 	chunk_size: 8M 	num_reg: 7  	lose cover RAM: 29184M
Jul  5 16:40:27 shrinivaasanka-Inspiron-1545 kernel: [    0.000000]  gran_size: 4M 	chunk_size: 16M 	num_reg: 7  	lose cover RAM: 29184M
Jul  5 16:40:27 shrinivaasanka-Inspiron-1545 kernel: [    0.000000]  gran_size: 4M 	chunk_size: 32M 	num_reg: 7  	lose cover RAM: 29184M
Jul  5 16:40:27 shrinivaasanka-Inspiron-1545 kernel: [    0.000000]  gran_size: 4M 	chunk_size: 64M 	num_reg: 7  	lose cover RAM: 16G
Jul  5 16:40:27 shrinivaasanka-Inspiron-1545 kernel: [    0.000000]  gran_size: 4M 	chunk_size: 128M 	num_reg: 7  	lose cover RAM: 16G
Jul  5 16:40:27 shrinivaasanka-Inspiron-1545 kernel: [    0.000000]  gran_size: 4M 	chunk_size: 256M 	num_reg: 7  	lose cover RAM: 16G
Jul  5 16:40:27 shrinivaasanka-Inspiron-1545 kernel: [    0.000000]  gran_size: 4M 	chunk_size: 512M 	num_reg: 7  	lose cover RAM: 16G
Jul  5 16:40:27 shrinivaasanka-Inspiron-1545 kernel: [    0.000000]  gran_size: 4M 	chunk_size: 1G 	num_reg: 7  	lose cover RAM: 16G
Jul  5 16:40:27 shrinivaasanka-Inspiron-1545 kernel: [    0.000000]  gran_size: 4M 	chunk_size: 2G 	num_reg: 7  	lose cover RAM: 29188M
Jul  5 16:40:27 shrinivaasanka-Inspiron-1545 kernel: [    0.000000]  gran_size: 8M 	chunk_size: 8M 	num_reg: 7  	lose cover RAM: 29188M
Jul  5 16:40:27 shrinivaasanka-Inspiron-1545 kernel: [    0.000000]  gran_size: 8M 	chunk_size: 16M 	num_reg: 7  	lose cover RAM: 29188M
Jul  5 16:40:27 shrinivaasanka-Inspiron-1545 kernel: [    0.000000]  gran_size: 8M 	chunk_size: 32M 	num_reg: 7  	lose cover RAM: 29188M
Jul  5 16:40:27 shrinivaasanka-Inspiron-1545 kernel: [    0.000000]  gran_size: 8M 	chunk_size: 64M 	num_reg: 7  	lose cover RAM: 16388M
Jul  5 16:40:27 shrinivaasanka-Inspiron-1545 kernel: [    0.000000]  gran_size: 8M 	chunk_size: 128M 	num_reg: 7  	lose cover RAM: 16388M
Jul  5 16:40:27 shrinivaasanka-Inspiron-1545 kernel: [    0.000000]  gran_size: 8M 	chunk_size: 256M 	num_reg: 7  	lose cover RAM: 16388M
Jul  5 16:40:27 shrinivaasanka-Inspiron-1545 kernel: [    0.000000]  gran_size: 8M 	chunk_size: 512M 	num_reg: 7  	lose cover RAM: 16388M
Jul  5 16:40:27 shrinivaasanka-Inspiron-1545 kernel: [    0.000000]  gran_size: 8M 	chunk_size: 1G 	num_reg: 7  	lose cover RAM: 16388M
Jul  5 16:40:27 shrinivaasanka-Inspiron-1545 kernel: [    0.000000]  gran_size: 8M 	chunk_size: 2G 	num_reg: 7  	lose cover RAM: 29188M
Jul  5 16:40:27 shrinivaasanka-Inspiron-1545 kernel: [    0.000000]  gran_size: 16M 	chunk_size: 16M 	num_reg: 7  	lose cover RAM: 28684M
Jul  5 16:40:27 shrinivaasanka-Inspiron-1545 kernel: [    0.000000]  gran_size: 16M 	chunk_size: 32M 	num_reg: 7  	lose cover RAM: 29196M
Jul  5 16:40:27 shrinivaasanka-Inspiron-1545 kernel: [    0.000000]  gran_size: 16M 	chunk_size: 64M 	num_reg: 7  	lose cover RAM: 16396M
Jul  5 16:40:27 shrinivaasanka-Inspiron-1545 kernel: [    0.000000]  gran_size: 16M 	chunk_size: 128M 	num_reg: 7  	lose cover RAM: 16396M
Jul  5 16:40:27 shrinivaasanka-Inspiron-1545 kernel: [    0.000000]  gran_size: 16M 	chunk_size: 256M 	num_reg: 7  	lose cover RAM: 16396M
Jul  5 16:40:27 shrinivaasanka-Inspiron-1545 kernel: [    0.000000]  gran_size: 16M 	chunk_size: 512M 	num_reg: 7  	lose cover RAM: 16396M
Jul  5 16:40:27 shrinivaasanka-Inspiron-1545 kernel: [    0.000000]  gran_size: 16M 	chunk_size: 1G 	num_reg: 7  	lose cover RAM: 16396M
Jul  5 16:40:27 shrinivaasanka-Inspiron-1545 kernel: [    0.000000]  gran_size: 16M 	chunk_size: 2G 	num_reg: 7  	lose cover RAM: 28172M
Jul  5 16:40:27 shrinivaasanka-Inspiron-1545 kernel: [    0.000000]  gran_size: 32M 	chunk_size: 32M 	num_reg: 7  	lose cover RAM: 24604M
Jul  5 16:40:27 shrinivaasanka-Inspiron-1545 kernel: [    0.000000]  gran_size: 32M 	chunk_size: 64M 	num_reg: 7  	lose cover RAM: 24604M
Jul  5 16:40:27 shrinivaasanka-Inspiron-1545 kernel: [    0.000000]  gran_size: 32M 	chunk_size: 128M 	num_reg: 7  	lose cover RAM: 28M
Jul  5 16:40:27 shrinivaasanka-Inspiron-1545 kernel: [    0.000000]  gran_size: 32M 	chunk_size: 256M 	num_reg: 7  	lose cover RAM: 28M
Jul  5 16:40:27 shrinivaasanka-Inspiron-1545 kernel: [    0.000000]  gran_size: 32M 	chunk_size: 512M 	num_reg: 7  	lose cover RAM: 28M
Jul  5 16:40:27 shrinivaasanka-Inspiron-1545 kernel: [    0.000000]  gran_size: 32M 	chunk_size: 1G 	num_reg: 7  	lose cover RAM: 28M
Jul  5 16:40:27 shrinivaasanka-Inspiron-1545 kernel: [    0.000000]  gran_size: 32M 	chunk_size: 2G 	num_reg: 7  	lose cover RAM: 27164M
Jul  5 16:40:27 shrinivaasanka-Inspiron-1545 kernel: [    0.000000]  gran_size: 64M 	chunk_size: 64M 	num_reg: 7  	lose cover RAM: 24604M
Jul  5 16:40:27 shrinivaasanka-Inspiron-1545 kernel: [    0.000000]  gran_size: 64M 	chunk_size: 128M 	num_reg: 7  	lose cover RAM: 28M
Jul  5 16:40:27 shrinivaasanka-Inspiron-1545 kernel: [    0.000000]  gran_size: 64M 	chunk_size: 256M 	num_reg: 7  	lose cover RAM: 28M
Jul  5 16:40:27 shrinivaasanka-Inspiron-1545 kernel: [    0.000000]  gran_size: 64M 	chunk_size: 512M 	num_reg: 7  	lose cover RAM: 28M
Jul  5 16:40:27 shrinivaasanka-Inspiron-1545 kernel: [    0.000000]  gran_size: 64M 	chunk_size: 1G 	num_reg: 7  	lose cover RAM: 28M
Jul  5 16:40:27 shrinivaasanka-Inspiron-1545 kernel: [    0.000000]  gran_size: 64M 	chunk_size: 2G 	num_reg: 7  	lose cover RAM: 27164M
Jul  5 16:40:27 shrinivaasanka-Inspiron-1545 kernel: [    0.000000]  gran_size: 128M 	chunk_size: 128M 	num_reg: 7  	lose cover RAM: 16476M
Jul  5 16:40:27 shrinivaasanka-Inspiron-1545 kernel: [    0.000000]  gran_size: 128M 	chunk_size: 256M 	num_reg: 7  	lose cover RAM: 92M
Jul  5 16:40:27 shrinivaasanka-Inspiron-1545 kernel: [    0.000000]  gran_size: 128M 	chunk_size: 512M 	num_reg: 7  	lose cover RAM: 92M
Jul  5 16:40:27 shrinivaasanka-Inspiron-1545 kernel: [    0.000000]  gran_size: 128M 	chunk_size: 1G 	num_reg: 7  	lose cover RAM: 92M
Jul  5 16:40:27 shrinivaasanka-Inspiron-1545 kernel: [    0.000000]  gran_size: 128M 	chunk_size: 2G 	num_reg: 7  	lose cover RAM: 27740M
Jul  5 16:40:27 shrinivaasanka-Inspiron-1545 kernel: [    0.000000]  gran_size: 256M 	chunk_size: 256M 	num_reg: 7  	lose cover RAM: 220M
Jul  5 16:40:27 shrinivaasanka-Inspiron-1545 kernel: [    0.000000]  gran_size: 256M 	chunk_size: 512M 	num_reg: 7  	lose cover RAM: 220M
Jul  5 16:40:27 shrinivaasanka-Inspiron-1545 kernel: [    0.000000]  gran_size: 256M 	chunk_size: 1G 	num_reg: 7  	lose cover RAM: 220M
Jul  5 16:40:27 shrinivaasanka-Inspiron-1545 kernel: [    0.000000]  gran_size: 256M 	chunk_size: 2G 	num_reg: 7  	lose cover RAM: 26844M
Jul  5 16:40:27 shrinivaasanka-Inspiron-1545 kernel: [    0.000000]  gran_size: 512M 	chunk_size: 512M 	num_reg: 6  	lose cover RAM: 476M
Jul  5 16:40:27 shrinivaasanka-Inspiron-1545 kernel: [    0.000000]  gran_size: 512M 	chunk_size: 1G 	num_reg: 7  	lose cover RAM: 476M
Jul  5 16:40:27 shrinivaasanka-Inspiron-1545 kernel: [    0.000000]  gran_size: 512M 	chunk_size: 2G 	num_reg: 7  	lose cover RAM: 25052M
Jul  5 16:40:27 shrinivaasanka-Inspiron-1545 kernel: [    0.000000]  gran_size: 1G 	chunk_size: 1G 	num_reg: 4  	lose cover RAM: 1500M
Jul  5 16:40:27 shrinivaasanka-Inspiron-1545 kernel: [    0.000000]  gran_size: 1G 	chunk_size: 2G 	num_reg: 4  	lose cover RAM: 1500M
Jul  5 16:40:27 shrinivaasanka-Inspiron-1545 kernel: [    0.000000]  gran_size: 2G 	chunk_size: 2G 	num_reg: 4  	lose cover RAM: 1500M
Jul  5 16:40:27 shrinivaasanka-Inspiron-1545 kernel: [    0.000000] mtrr_cleanup: can not find optimal value
Jul  5 16:40:27 shrinivaasanka-Inspiron-1545 kernel: [    0.000000] please specify mtrr_gran_size/mtrr_chunk_size
Jul  5 16:40:27 shrinivaasanka-Inspiron-1545 kernel: [    0.000000] e820: update [mem 0xbdc00000-0xbfffffff] usable ==> reserved
Jul  5 16:40:27 shrinivaasanka-Inspiron-1545 kernel: [    0.000000] e820: update [mem 0xe0000000-0xffffffff] usable ==> reserved
Jul  5 16:40:27 shrinivaasanka-Inspiron-1545 kernel: [    0.000000] Scanning 1 areas for low memory corruption
Jul  5 16:40:27 shrinivaasanka-Inspiron-1545 kernel: [    0.000000] initial memory mapped: [mem 0x00000000-0x021fffff]
Jul  5 16:40:27 shrinivaasanka-Inspiron-1545 kernel: [    0.000000] Base memory trampoline at [c009b000] 9b000 size 16384
Jul  5 16:40:27 shrinivaasanka-Inspiron-1545 kernel: [    0.000000] init_memory_mapping: [mem 0x00000000-0x000fffff]
Jul  5 16:40:27 shrinivaasanka-Inspiron-1545 kernel: [    0.000000]  [mem 0x00000000-0x000fffff] page 4k
Jul  5 16:40:27 shrinivaasanka-Inspiron-1545 kernel: [    0.000000] init_memory_mapping: [mem 0x37800000-0x379fffff]
Jul  5 16:40:27 shrinivaasanka-Inspiron-1545 kernel: [    0.000000]  [mem 0x37800000-0x379fffff] page 2M
Jul  5 16:40:27 shrinivaasanka-Inspiron-1545 kernel: [    0.000000] init_memory_mapping: [mem 0x20000000-0x377fffff]
Jul  5 16:40:27 shrinivaasanka-Inspiron-1545 kernel: [    0.000000]  [mem 0x20000000-0x377fffff] page 2M
Jul  5 16:40:27 shrinivaasanka-Inspiron-1545 kernel: [    0.000000] init_memory_mapping: [mem 0x00100000-0x1fffffff]
Jul  5 16:40:27 shrinivaasanka-Inspiron-1545 kernel: [    0.000000]  [mem 0x00100000-0x001fffff] page 4k
Jul  5 16:40:27 shrinivaasanka-Inspiron-1545 kernel: [    0.000000]  [mem 0x00200000-0x1fffffff] page 2M
Jul  5 16:40:27 shrinivaasanka-Inspiron-1545 kernel: [    0.000000] init_memory_mapping: [mem 0x37a00000-0x37bfdfff]
Jul  5 16:40:27 shrinivaasanka-Inspiron-1545 kernel: [    0.000000]  [mem 0x37a00000-0x37bfdfff] page 4k
Jul  5 16:40:27 shrinivaasanka-Inspiron-1545 kernel: [    0.000000] BRK [0x01c72000, 0x01c72fff] PGTABLE
Jul  5 16:40:27 shrinivaasanka-Inspiron-1545 kernel: [    0.000000] BRK [0x01c73000, 0x01c73fff] PGTABLE
Jul  5 16:40:27 shrinivaasanka-Inspiron-1545 kernel: [    0.000000] RAMDISK: [mem 0x1c7cc000-0x2a3ddfff]
Jul  5 16:40:27 shrinivaasanka-Inspiron-1545 kernel: [    0.000000] ACPI: Early table checksum verification disabled
Jul  5 16:40:27 shrinivaasanka-Inspiron-1545 kernel: [    0.000000] ACPI: RSDP 0x00000000000FBDD0 000024 (v02 DELL  )
Jul  5 16:40:27 shrinivaasanka-Inspiron-1545 kernel: [    0.000000] ACPI: XSDT 0x00000000BDAC3E00 000054 (v01 DELL   WN09     27D90C07 ASL  00000061)
Jul  5 16:40:27 shrinivaasanka-Inspiron-1545 kernel: [    0.000000] ACPI: FACP 0x00000000BDAC3C9C 0000F4 (v04 DELL   WN09     27D90C07 ASL  00000061)
Jul  5 16:40:27 shrinivaasanka-Inspiron-1545 kernel: [    0.000000] ACPI BIOS Warning (bug): 32/64X length mismatch in FADT/Gpe0Block: 128/64 (20150204/tbfadt-618)
Jul  5 16:40:27 shrinivaasanka-Inspiron-1545 kernel: [    0.000000] ACPI: DSDT 0x00000000BDAC4400 005451 (v02 INT430 SYSFexxx 00001001 INTL 20050624)
Jul  5 16:40:27 shrinivaasanka-Inspiron-1545 kernel: [    0.000000] ACPI: FACS 0x00000000BDAD2C00 000040
Jul  5 16:40:27 shrinivaasanka-Inspiron-1545 kernel: [    0.000000] ACPI: HPET 0x00000000BDAC3F00 000038 (v01 DELL   WN09     00000001 ASL  00000061)
Jul  5 16:40:27 shrinivaasanka-Inspiron-1545 kernel: [    0.000000] ACPI: APIC 0x00000000BDAC4000 000068 (v01 DELL   WN09     27D90C07 ASL  00000047)
Jul  5 16:40:27 shrinivaasanka-Inspiron-1545 kernel: [    0.000000] ACPI: MCFG 0x00000000BDAC3FC0 00003E (v16 DELL   WN09     27D90C07 ASL  00000061)
Jul  5 16:40:27 shrinivaasanka-Inspiron-1545 kernel: [    0.000000] ACPI: SLIC 0x00000000BDAC409C 000176 (v01 DELL   WN09     27D90C07 ASL  00000061)
Jul  5 16:40:27 shrinivaasanka-Inspiron-1545 kernel: [    0.000000] ACPI: SSDT 0x00000000BDAC2363 00066C (v01 PmRef  CpuPm    00003000 INTL 20050624)
Jul  5 16:40:27 shrinivaasanka-Inspiron-1545 kernel: [    0.000000] ACPI: Local APIC address 0xfee00000
Jul  5 16:40:27 shrinivaasanka-Inspiron-1545 kernel: [    0.000000] 2140MB HIGHMEM available.
Jul  5 16:40:27 shrinivaasanka-Inspiron-1545 kernel: [    0.000000] 891MB LOWMEM available.
Jul  5 16:40:27 shrinivaasanka-Inspiron-1545 kernel: [    0.000000]   mapped low ram: 0 - 37bfe000
Jul  5 16:40:27 shrinivaasanka-Inspiron-1545 kernel: [    0.000000]   low ram: 0 - 37bfe000
Jul  5 16:40:27 shrinivaasanka-Inspiron-1545 kernel: [    0.000000] Zone ranges:
Jul  5 16:40:27 shrinivaasanka-Inspiron-1545 kernel: [    0.000000]   DMA      [mem 0x0000000000001000-0x0000000000ffffff]
Jul  5 16:40:27 shrinivaasanka-Inspiron-1545 kernel: [    0.000000]   Normal   [mem 0x0000000001000000-0x0000000037bfdfff]
Jul  5 16:40:27 shrinivaasanka-Inspiron-1545 kernel: [    0.000000]   HighMem  [mem 0x0000000037bfe000-0x00000000bd8befff]
Jul  5 16:40:27 shrinivaasanka-Inspiron-1545 kernel: [    0.000000] Movable zone start for each node
Jul  5 16:40:27 shrinivaasanka-Inspiron-1545 kernel: [    0.000000] Early memory node ranges
Jul  5 16:40:27 shrinivaasanka-Inspiron-1545 kernel: [    0.000000]   node   0: [mem 0x0000000000001000-0x000000000009efff]
Jul  5 16:40:27 shrinivaasanka-Inspiron-1545 kernel: [    0.000000]   node   0: [mem 0x0000000000100000-0x00000000bd8befff]
Jul  5 16:40:27 shrinivaasanka-Inspiron-1545 kernel: [    0.000000] Initmem setup node 0 [mem 0x0000000000001000-0x00000000bd8befff]
Jul  5 16:40:27 shrinivaasanka-Inspiron-1545 kernel: [    0.000000] On node 0 totalpages: 776285
Jul  5 16:40:27 shrinivaasanka-Inspiron-1545 kernel: [    0.000000]   DMA zone: 40 pages used for memmap
Jul  5 16:40:27 shrinivaasanka-Inspiron-1545 kernel: [    0.000000]   DMA zone: 0 pages reserved
Jul  5 16:40:27 shrinivaasanka-Inspiron-1545 kernel: [    0.000000]   DMA zone: 3998 pages, LIFO batch:0
Jul  5 16:40:27 shrinivaasanka-Inspiron-1545 kernel: [    0.000000]   Normal zone: 2190 pages used for memmap
Jul  5 16:40:27 shrinivaasanka-Inspiron-1545 kernel: [    0.000000]   Normal zone: 224254 pages, LIFO batch:31
Jul  5 16:40:27 shrinivaasanka-Inspiron-1545 kernel: [    0.000000]   HighMem zone: 548033 pages, LIFO batch:31
Jul  5 16:40:27 shrinivaasanka-Inspiron-1545 kernel: [    0.000000] Using APIC driver default
Jul  5 16:40:27 shrinivaasanka-Inspiron-1545 kernel: [    0.000000] Reserving Intel graphics stolen memory at 0xbe000000-0xbfffffff
Jul  5 16:40:27 shrinivaasanka-Inspiron-1545 kernel: [    0.000000] ACPI: PM-Timer IO Port: 0x1008
Jul  5 16:40:27 shrinivaasanka-Inspiron-1545 kernel: [    0.000000] ACPI: Local APIC address 0xfee00000
Jul  5 16:40:27 shrinivaasanka-Inspiron-1545 kernel: [    0.000000] ACPI: LAPIC (acpi_id[0x00] lapic_id[0x00] enabled)
Jul  5 16:40:27 shrinivaasanka-Inspiron-1545 kernel: [    0.000000] ACPI: LAPIC (acpi_id[0x01] lapic_id[0x01] enabled)
Jul  5 16:40:27 shrinivaasanka-Inspiron-1545 kernel: [    0.000000] ACPI: LAPIC_NMI (acpi_id[0x00] high edge lint[0x1])
Jul  5 16:40:27 shrinivaasanka-Inspiron-1545 kernel: [    0.000000] ACPI: LAPIC_NMI (acpi_id[0x01] high edge lint[0x1])
Jul  5 16:40:27 shrinivaasanka-Inspiron-1545 kernel: [    0.000000] ACPI: IOAPIC (id[0x02] address[0xfec00000] gsi_base[0])
Jul  5 16:40:27 shrinivaasanka-Inspiron-1545 kernel: [    0.000000] IOAPIC[0]: apic_id 2, version 32, address 0xfec00000, GSI 0-23
Jul  5 16:40:27 shrinivaasanka-Inspiron-1545 kernel: [    0.000000] ACPI: INT_SRC_OVR (bus 0 bus_irq 0 global_irq 2 dfl dfl)
Jul  5 16:40:27 shrinivaasanka-Inspiron-1545 kernel: [    0.000000] ACPI: INT_SRC_OVR (bus 0 bus_irq 9 global_irq 9 high level)
Jul  5 16:40:27 shrinivaasanka-Inspiron-1545 kernel: [    0.000000] ACPI: IRQ0 used by override.
Jul  5 16:40:27 shrinivaasanka-Inspiron-1545 kernel: [    0.000000] ACPI: IRQ9 used by override.
Jul  5 16:40:27 shrinivaasanka-Inspiron-1545 kernel: [    0.000000] Using ACPI (MADT) for SMP configuration information
Jul  5 16:40:27 shrinivaasanka-Inspiron-1545 kernel: [    0.000000] ACPI: HPET id: 0x8086a201 base: 0xfed00000
Jul  5 16:40:27 shrinivaasanka-Inspiron-1545 kernel: [    0.000000] smpboot: Allowing 2 CPUs, 0 hotplug CPUs
Jul  5 16:40:27 shrinivaasanka-Inspiron-1545 kernel: [    0.000000] PM: Registered nosave memory: [mem 0x00000000-0x00000fff]
Jul  5 16:40:27 shrinivaasanka-Inspiron-1545 kernel: [    0.000000] PM: Registered nosave memory: [mem 0x0009f000-0x0009ffff]
Jul  5 16:40:27 shrinivaasanka-Inspiron-1545 kernel: [    0.000000] PM: Registered nosave memory: [mem 0x000a0000-0x000fffff]
Jul  5 16:40:27 shrinivaasanka-Inspiron-1545 kernel: [    0.000000] e820: [mem 0xc0000000-0xf7ffffff] available for PCI devices
Jul  5 16:40:27 shrinivaasanka-Inspiron-1545 kernel: [    0.000000] Booting paravirtualized kernel on bare hardware
Jul  5 16:40:27 shrinivaasanka-Inspiron-1545 kernel: [    0.000000] setup_percpu: NR_CPUS:8 nr_cpumask_bits:8 nr_cpu_ids:2 nr_node_ids:1
Jul  5 16:40:27 shrinivaasanka-Inspiron-1545 kernel: [    0.000000] PERCPU: Embedded 18 pages/cpu @f5db3000 s44876 r0 d28852 u73728
Jul  5 16:40:27 shrinivaasanka-Inspiron-1545 kernel: [    0.000000] pcpu-alloc: s44876 r0 d28852 u73728 alloc=18*4096
Jul  5 16:40:27 shrinivaasanka-Inspiron-1545 kernel: [    0.000000] pcpu-alloc: [0] 0 [0] 1 
Jul  5 16:40:27 shrinivaasanka-Inspiron-1545 kernel: [    0.000000] Built 1 zonelists in Zone order, mobility grouping on.  Total pages: 774055
Jul  5 16:40:27 shrinivaasanka-Inspiron-1545 kernel: [    0.000000] Kernel command line: BOOT_IMAGE=/boot/vmlinuz-4.0.5 root=UUID=a17d2cbc-55c6-4d07-9ff0-e058fee06d24 ro quiet splash vt.handoff=7
Jul  5 16:40:27 shrinivaasanka-Inspiron-1545 kernel: [    0.000000] PID hash table entries: 4096 (order: 2, 16384 bytes)
Jul  5 16:40:27 shrinivaasanka-Inspiron-1545 kernel: [    0.000000] Dentry cache hash table entries: 131072 (order: 7, 524288 bytes)
Jul  5 16:40:27 shrinivaasanka-Inspiron-1545 kernel: [    0.000000] Inode-cache hash table entries: 65536 (order: 6, 262144 bytes)
Jul  5 16:40:27 shrinivaasanka-Inspiron-1545 kernel: [    0.000000] CPU0 microcode updated early to revision 0xa0b, date = 2010-09-28
Jul  5 16:40:27 shrinivaasanka-Inspiron-1545 kernel: [    0.000000] Initializing CPU#0
Jul  5 16:40:27 shrinivaasanka-Inspiron-1545 kernel: [    0.000000] xsave: enabled xstate_bv 0x3, cntxt size 0x240 using standard form
Jul  5 16:40:27 shrinivaasanka-Inspiron-1545 kernel: [    0.000000] Initializing HighMem for node 0 (00037bfe:000bd8bf)
Jul  5 16:40:27 shrinivaasanka-Inspiron-1545 kernel: [    0.000000] Initializing Movable for node 0 (00000000:00000000)
Jul  5 16:40:27 shrinivaasanka-Inspiron-1545 kernel: [    0.000000] Memory: 2835144K/3105140K available (7094K kernel code, 686K rwdata, 3164K rodata, 884K init, 796K bss, 269996K reserved, 0K cma-reserved, 2192132K highmem)
Jul  5 16:40:27 shrinivaasanka-Inspiron-1545 kernel: [    0.000000] virtual kernel memory layout:
Jul  5 16:40:27 shrinivaasanka-Inspiron-1545 kernel: [    0.000000]     fixmap  : 0xfff15000 - 0xfffff000   ( 936 kB)
Jul  5 16:40:27 shrinivaasanka-Inspiron-1545 kernel: [    0.000000]     pkmap   : 0xffc00000 - 0xffe00000   (2048 kB)
Jul  5 16:40:27 shrinivaasanka-Inspiron-1545 kernel: [    0.000000]     vmalloc : 0xf83fe000 - 0xffbfe000   ( 120 MB)
Jul  5 16:40:27 shrinivaasanka-Inspiron-1545 kernel: [    0.000000]     lowmem  : 0xc0000000 - 0xf7bfe000   ( 891 MB)
Jul  5 16:40:27 shrinivaasanka-Inspiron-1545 kernel: [    0.000000]       .init : 0xc1ab4000 - 0xc1b91000   ( 884 kB)
Jul  5 16:40:27 shrinivaasanka-Inspiron-1545 kernel: [    0.000000]       .data : 0xc16edd38 - 0xc1ab2980   (3859 kB)
Jul  5 16:40:27 shrinivaasanka-Inspiron-1545 kernel: [    0.000000]       .text : 0xc1000000 - 0xc16edd38   (7095 kB)
Jul  5 16:40:27 shrinivaasanka-Inspiron-1545 kernel: [    0.000000] Checking if this processor honours the WP bit even in supervisor mode...Ok.
Jul  5 16:40:27 shrinivaasanka-Inspiron-1545 kernel: [    0.000000] SLUB: HWalign=64, Order=0-3, MinObjects=0, CPUs=2, Nodes=1
Jul  5 16:40:27 shrinivaasanka-Inspiron-1545 kernel: [    0.000000] Hierarchical RCU implementation.
Jul  5 16:40:27 shrinivaasanka-Inspiron-1545 kernel: [    0.000000] 	RCU dyntick-idle grace-period acceleration is enabled.
Jul  5 16:40:27 shrinivaasanka-Inspiron-1545 kernel: [    0.000000] 	RCU restricting CPUs from NR_CPUS=8 to nr_cpu_ids=2.
Jul  5 16:40:27 shrinivaasanka-Inspiron-1545 kernel: [    0.000000] RCU: Adjusting geometry for rcu_fanout_leaf=16, nr_cpu_ids=2
Jul  5 16:40:27 shrinivaasanka-Inspiron-1545 kernel: [    0.000000] NR_IRQS:2304 nr_irqs:440 16
Jul  5 16:40:27 shrinivaasanka-Inspiron-1545 kernel: [    0.000000] CPU 0 irqstacks, hard=f5836000 soft=f5838000
Jul  5 16:40:27 shrinivaasanka-Inspiron-1545 kernel: [    0.000000] Console: colour dummy device 80x25
Jul  5 16:40:27 shrinivaasanka-Inspiron-1545 kernel: [    0.000000] console [tty0] enabled
Jul  5 16:40:27 shrinivaasanka-Inspiron-1545 kernel: [    0.000000] hpet clockevent registered
Jul  5 16:40:27 shrinivaasanka-Inspiron-1545 kernel: [    0.000000] tsc: Fast TSC calibration using PIT
Jul  5 16:40:27 shrinivaasanka-Inspiron-1545 kernel: [    0.000000] tsc: Detected 1994.980 MHz processor
Jul  5 16:40:27 shrinivaasanka-Inspiron-1545 kernel: [    0.004012] Calibrating delay loop (skipped), value calculated using timer frequency.. 3989.96 BogoMIPS (lpj=7979920)
Jul  5 16:40:27 shrinivaasanka-Inspiron-1545 kernel: [    0.004016] pid_max: default: 32768 minimum: 301
Jul  5 16:40:27 shrinivaasanka-Inspiron-1545 kernel: [    0.004022] ACPI: Core revision 20150204
Jul  5 16:40:27 shrinivaasanka-Inspiron-1545 kernel: [    0.011877] ACPI: All ACPI Tables successfully acquired
Jul  5 16:40:27 shrinivaasanka-Inspiron-1545 kernel: [    0.012026] Security Framework initialized
Jul  5 16:40:27 shrinivaasanka-Inspiron-1545 kernel: [    0.012044] AppArmor: AppArmor initialized
Jul  5 16:40:27 shrinivaasanka-Inspiron-1545 kernel: [    0.012045] Yama: becoming mindful.
Jul  5 16:40:27 shrinivaasanka-Inspiron-1545 kernel: [    0.012093] Mount-cache hash table entries: 2048 (order: 1, 8192 bytes)
Jul  5 16:40:27 shrinivaasanka-Inspiron-1545 kernel: [    0.012096] Mountpoint-cache hash table entries: 2048 (order: 1, 8192 bytes)
Jul  5 16:40:27 shrinivaasanka-Inspiron-1545 kernel: [    0.012360] Initializing cgroup subsys blkio
Jul  5 16:40:27 shrinivaasanka-Inspiron-1545 kernel: [    0.012364] Initializing cgroup subsys memory
Jul  5 16:40:27 shrinivaasanka-Inspiron-1545 kernel: [    0.012373] Initializing cgroup subsys devices
Jul  5 16:40:27 shrinivaasanka-Inspiron-1545 kernel: [    0.012377] Initializing cgroup subsys freezer
Jul  5 16:40:27 shrinivaasanka-Inspiron-1545 kernel: [    0.012380] Initializing cgroup subsys net_cls
Jul  5 16:40:27 shrinivaasanka-Inspiron-1545 kernel: [    0.012384] Initializing cgroup subsys perf_event
Jul  5 16:40:27 shrinivaasanka-Inspiron-1545 kernel: [    0.012387] Initializing cgroup subsys net_prio
Jul  5 16:40:27 shrinivaasanka-Inspiron-1545 kernel: [    0.012390] Initializing cgroup subsys hugetlb
Jul  5 16:40:27 shrinivaasanka-Inspiron-1545 kernel: [    0.012416] CPU: Physical Processor ID: 0
Jul  5 16:40:27 shrinivaasanka-Inspiron-1545 kernel: [    0.012418] CPU: Processor Core ID: 0
Jul  5 16:40:27 shrinivaasanka-Inspiron-1545 kernel: [    0.012423] mce: CPU supports 6 MCE banks
Jul  5 16:40:27 shrinivaasanka-Inspiron-1545 kernel: [    0.012432] CPU0: Thermal monitoring enabled (TM2)
Jul  5 16:40:27 shrinivaasanka-Inspiron-1545 kernel: [    0.012436] process: using mwait in idle threads
Jul  5 16:40:27 shrinivaasanka-Inspiron-1545 kernel: [    0.012443] Last level iTLB entries: 4KB 128, 2MB 4, 4MB 4
Jul  5 16:40:27 shrinivaasanka-Inspiron-1545 kernel: [    0.012445] Last level dTLB entries: 4KB 256, 2MB 0, 4MB 32, 1GB 0
Jul  5 16:40:27 shrinivaasanka-Inspiron-1545 kernel: [    0.016246] Freeing SMP alternatives memory: 32K (c1b91000 - c1b99000)
Jul  5 16:40:27 shrinivaasanka-Inspiron-1545 kernel: [    0.017524] ftrace: allocating 29235 entries in 58 pages
Jul  5 16:40:27 shrinivaasanka-Inspiron-1545 kernel: [    0.028101] Enabling APIC mode:  Flat.  Using 1 I/O APICs
Jul  5 16:40:27 shrinivaasanka-Inspiron-1545 kernel: [    0.028558] ..TIMER: vector=0x30 apic1=0 pin1=2 apic2=-1 pin2=-1
Jul  5 16:40:27 shrinivaasanka-Inspiron-1545 kernel: [    0.072000] smpboot: CPU0: Intel(R) Core(TM)2 Duo CPU     T6400  @ 2.00GHz (fam: 06, model: 17, stepping: 0a)
Jul  5 16:40:27 shrinivaasanka-Inspiron-1545 kernel: [    0.072000] Performance Events: PEBS fmt0+, 4-deep LBR, Core2 events, Intel PMU driver.
Jul  5 16:40:27 shrinivaasanka-Inspiron-1545 kernel: [    0.072000] ... version:                2
Jul  5 16:40:27 shrinivaasanka-Inspiron-1545 kernel: [    0.072000] ... bit width:              40
Jul  5 16:40:27 shrinivaasanka-Inspiron-1545 kernel: [    0.072000] ... generic registers:      2
Jul  5 16:40:27 shrinivaasanka-Inspiron-1545 kernel: [    0.072000] ... value mask:             000000ffffffffff
Jul  5 16:40:27 shrinivaasanka-Inspiron-1545 kernel: [    0.072000] ... max period:             000000007fffffff
Jul  5 16:40:27 shrinivaasanka-Inspiron-1545 kernel: [    0.072000] ... fixed-purpose events:   3
Jul  5 16:40:27 shrinivaasanka-Inspiron-1545 kernel: [    0.072000] ... event mask:             0000000700000003
Jul  5 16:40:27 shrinivaasanka-Inspiron-1545 kernel: [    0.072000] CPU 1 irqstacks, hard=f5954000 soft=f5956000
Jul  5 16:40:27 shrinivaasanka-Inspiron-1545 kernel: [    0.072000] x86: Booting SMP configuration:
Jul  5 16:40:27 shrinivaasanka-Inspiron-1545 kernel: [    0.072000] .... node  #0, CPUs:      #1
Jul  5 16:40:27 shrinivaasanka-Inspiron-1545 kernel: [    0.008000] CPU1 microcode updated early to revision 0xa0b, date = 2010-09-28
Jul  5 16:40:27 shrinivaasanka-Inspiron-1545 kernel: [    0.008000] Initializing CPU#1
Jul  5 16:40:27 shrinivaasanka-Inspiron-1545 kernel: [    0.084029] x86: Booted up 1 node, 2 CPUs
Jul  5 16:40:27 shrinivaasanka-Inspiron-1545 kernel: [    0.084034] smpboot: Total of 2 processors activated (7979.92 BogoMIPS)
Jul  5 16:40:27 shrinivaasanka-Inspiron-1545 kernel: [    0.084089] NMI watchdog: enabled on all CPUs, permanently consumes one hw-PMU counter.
Jul  5 16:40:27 shrinivaasanka-Inspiron-1545 kernel: [    0.085719] devtmpfs: initialized
Jul  5 16:40:27 shrinivaasanka-Inspiron-1545 kernel: [    0.085719] evm: security.selinux
Jul  5 16:40:27 shrinivaasanka-Inspiron-1545 kernel: [    0.085719] evm: security.SMACK64
Jul  5 16:40:27 shrinivaasanka-Inspiron-1545 kernel: [    0.085719] evm: security.SMACK64EXEC
Jul  5 16:40:27 shrinivaasanka-Inspiron-1545 kernel: [    0.085719] evm: security.SMACK64TRANSMUTE
Jul  5 16:40:27 shrinivaasanka-Inspiron-1545 kernel: [    0.085719] evm: security.SMACK64MMAP
Jul  5 16:40:27 shrinivaasanka-Inspiron-1545 kernel: [    0.085719] evm: security.ima
Jul  5 16:40:27 shrinivaasanka-Inspiron-1545 kernel: [    0.085719] evm: security.capability
Jul  5 16:40:27 shrinivaasanka-Inspiron-1545 kernel: [    0.085719] PM: Registering ACPI NVS region [mem 0xbd8bf400-0xbdac13ff] (2105344 bytes)
Jul  5 16:40:27 shrinivaasanka-Inspiron-1545 kernel: [    0.085719] pinctrl core: initialized pinctrl subsystem
Jul  5 16:40:27 shrinivaasanka-Inspiron-1545 kernel: [    0.085719] RTC time: 16:39:54, date: 07/05/15
Jul  5 16:40:27 shrinivaasanka-Inspiron-1545 kernel: [    0.085719] NET: Registered protocol family 16
Jul  5 16:40:27 shrinivaasanka-Inspiron-1545 kernel: [    0.085719] EISA bus registered
Jul  5 16:40:27 shrinivaasanka-Inspiron-1545 kernel: [    0.096007] cpuidle: using governor ladder
Jul  5 16:40:27 shrinivaasanka-Inspiron-1545 kernel: [    0.108003] cpuidle: using governor menu
Jul  5 16:40:27 shrinivaasanka-Inspiron-1545 kernel: [    0.108134] ACPI: bus type PCI registered
Jul  5 16:40:27 shrinivaasanka-Inspiron-1545 kernel: [    0.108137] acpiphp: ACPI Hot Plug PCI Controller Driver version: 0.5
Jul  5 16:40:27 shrinivaasanka-Inspiron-1545 kernel: [    0.108242] PCI: MMCONFIG for domain 0000 [bus 00-3f] at [mem 0xf8000000-0xfbffffff] (base 0xf8000000)
Jul  5 16:40:27 shrinivaasanka-Inspiron-1545 kernel: [    0.108245] PCI: MMCONFIG at [mem 0xf8000000-0xfbffffff] reserved in E820
Jul  5 16:40:27 shrinivaasanka-Inspiron-1545 kernel: [    0.108247] PCI: Using MMCONFIG for extended config space
Jul  5 16:40:27 shrinivaasanka-Inspiron-1545 kernel: [    0.108249] PCI: Using configuration type 1 for base access
Jul  5 16:40:27 shrinivaasanka-Inspiron-1545 kernel: [    0.108261] dmi type 0xB1 record - unknown flag
Jul  5 16:40:27 shrinivaasanka-Inspiron-1545 kernel: [    0.120146] ACPI: Added _OSI(Module Device)
Jul  5 16:40:27 shrinivaasanka-Inspiron-1545 kernel: [    0.120149] ACPI: Added _OSI(Processor Device)
Jul  5 16:40:27 shrinivaasanka-Inspiron-1545 kernel: [    0.120151] ACPI: Added _OSI(3.0 _SCP Extensions)
Jul  5 16:40:27 shrinivaasanka-Inspiron-1545 kernel: [    0.120153] ACPI: Added _OSI(Processor Aggregator Device)
Jul  5 16:40:27 shrinivaasanka-Inspiron-1545 kernel: [    0.128119] [Firmware Bug]: ACPI: BIOS _OSI(Linux) query ignored
Jul  5 16:40:27 shrinivaasanka-Inspiron-1545 kernel: [    0.131616] ACPI: Dynamic OEM Table Load:
Jul  5 16:40:27 shrinivaasanka-Inspiron-1545 kernel: [    0.131624] ACPI: SSDT 0x00000000F5A29000 00023F (v01 PmRef  BspIst   00003000 INTL 20050624)
Jul  5 16:40:27 shrinivaasanka-Inspiron-1545 kernel: [    0.132091] ACPI: Dynamic OEM Table Load:
Jul  5 16:40:27 shrinivaasanka-Inspiron-1545 kernel: [    0.132098] ACPI: SSDT 0x00000000F5812800 0005C6 (v01 PmRef  BspCst   00003001 INTL 20050624)
Jul  5 16:40:27 shrinivaasanka-Inspiron-1545 kernel: [    0.132834] ACPI: Dynamic OEM Table Load:
Jul  5 16:40:27 shrinivaasanka-Inspiron-1545 kernel: [    0.132840] ACPI: SSDT 0x00000000F58AAE00 0001D7 (v01 PmRef  ApIst    00003000 INTL 20050624)
Jul  5 16:40:27 shrinivaasanka-Inspiron-1545 kernel: [    0.133265] ACPI: Dynamic OEM Table Load:
Jul  5 16:40:27 shrinivaasanka-Inspiron-1545 kernel: [    0.133271] ACPI: SSDT 0x00000000F59389C0 00008D (v01 PmRef  ApCst    00003000 INTL 20050624)
Jul  5 16:40:27 shrinivaasanka-Inspiron-1545 kernel: [    0.133765] ACPI: Interpreter enabled
Jul  5 16:40:27 shrinivaasanka-Inspiron-1545 kernel: [    0.133779] ACPI Exception: AE_NOT_FOUND, While evaluating Sleep State [\_S1_] (20150204/hwxface-580)
Jul  5 16:40:27 shrinivaasanka-Inspiron-1545 kernel: [    0.133784] ACPI Exception: AE_NOT_FOUND, While evaluating Sleep State [\_S2_] (20150204/hwxface-580)
Jul  5 16:40:27 shrinivaasanka-Inspiron-1545 kernel: [    0.133800] ACPI: (supports S0 S3 S4 S5)
Jul  5 16:40:27 shrinivaasanka-Inspiron-1545 kernel: [    0.133802] ACPI: Using IOAPIC for interrupt routing
Jul  5 16:40:27 shrinivaasanka-Inspiron-1545 kernel: [    0.133836] PCI: Using host bridge windows from ACPI; if necessary, use "pci=nocrs" and report a bug
Jul  5 16:40:27 shrinivaasanka-Inspiron-1545 kernel: [    0.218819] ACPI: PCI Root Bridge [PCI0] (domain 0000 [bus 00-ff])
Jul  5 16:40:27 shrinivaasanka-Inspiron-1545 kernel: [    0.218827] acpi PNP0A03:00: _OSC: OS supports [ExtendedConfig ASPM ClockPM Segments MSI]
Jul  5 16:40:27 shrinivaasanka-Inspiron-1545 kernel: [    0.218833] acpi PNP0A03:00: _OSC failed (AE_NOT_FOUND); disabling ASPM
Jul  5 16:40:27 shrinivaasanka-Inspiron-1545 kernel: [    0.235676] acpi PNP0A03:00: [Firmware Info]: MMCONFIG for domain 0000 [bus 00-3f] only partially covers this bridge
Jul  5 16:40:27 shrinivaasanka-Inspiron-1545 kernel: [    0.236091] PCI host bridge to bus 0000:00
Jul  5 16:40:27 shrinivaasanka-Inspiron-1545 kernel: [    0.236096] pci_bus 0000:00: root bus resource [bus 00-ff]
Jul  5 16:40:27 shrinivaasanka-Inspiron-1545 kernel: [    0.236099] pci_bus 0000:00: root bus resource [io  0x0000-0x0cf7 window]
Jul  5 16:40:27 shrinivaasanka-Inspiron-1545 kernel: [    0.236102] pci_bus 0000:00: root bus resource [io  0x0d00-0xffff window]
Jul  5 16:40:27 shrinivaasanka-Inspiron-1545 kernel: [    0.236105] pci_bus 0000:00: root bus resource [mem 0x000a0000-0x000bffff window]
Jul  5 16:40:27 shrinivaasanka-Inspiron-1545 kernel: [    0.236107] pci_bus 0000:00: root bus resource [mem 0x000d0000-0x000dffff window]
Jul  5 16:40:27 shrinivaasanka-Inspiron-1545 kernel: [    0.236110] pci_bus 0000:00: root bus resource [mem 0xc0000000-0xf7ffffff window]
Jul  5 16:40:27 shrinivaasanka-Inspiron-1545 kernel: [    0.236113] pci_bus 0000:00: root bus resource [mem 0xfc000000-0xfebfffff window]
Jul  5 16:40:27 shrinivaasanka-Inspiron-1545 kernel: [    0.236116] pci_bus 0000:00: root bus resource [mem 0xfec10000-0xfecfffff window]
Jul  5 16:40:27 shrinivaasanka-Inspiron-1545 kernel: [    0.236119] pci_bus 0000:00: root bus resource [mem 0xfed1c000-0xfed1ffff window]
Jul  5 16:40:27 shrinivaasanka-Inspiron-1545 kernel: [    0.236122] pci_bus 0000:00: root bus resource [mem 0xfed90000-0xfed9ffff window]
Jul  5 16:40:27 shrinivaasanka-Inspiron-1545 kernel: [    0.236125] pci_bus 0000:00: root bus resource [mem 0xfeda7000-0xfedfffff window]
Jul  5 16:40:27 shrinivaasanka-Inspiron-1545 kernel: [    0.236127] pci_bus 0000:00: root bus resource [mem 0xfee10000-0xff9fffff window]
Jul  5 16:40:27 shrinivaasanka-Inspiron-1545 kernel: [    0.236130] pci_bus 0000:00: root bus resource [mem 0xffc00000-0xffdfffff window]
Jul  5 16:40:27 shrinivaasanka-Inspiron-1545 kernel: [    0.236142] pci 0000:00:00.0: [8086:2a40] type 00 class 0x060000
Jul  5 16:40:27 shrinivaasanka-Inspiron-1545 kernel: [    0.236172] DMAR: Forcing write-buffer flush capability
Jul  5 16:40:27 shrinivaasanka-Inspiron-1545 kernel: [    0.236174] DMAR: Disabling IOMMU for graphics on this chipset
Jul  5 16:40:27 shrinivaasanka-Inspiron-1545 kernel: [    0.236291] pci 0000:00:02.0: [8086:2a42] type 00 class 0x030000
Jul  5 16:40:27 shrinivaasanka-Inspiron-1545 kernel: [    0.236308] pci 0000:00:02.0: reg 0x10: [mem 0xf6c00000-0xf6ffffff 64bit]
Jul  5 16:40:27 shrinivaasanka-Inspiron-1545 kernel: [    0.236318] pci 0000:00:02.0: reg 0x18: [mem 0xe0000000-0xefffffff 64bit pref]
Jul  5 16:40:27 shrinivaasanka-Inspiron-1545 kernel: [    0.236325] pci 0000:00:02.0: reg 0x20: [io  0xefe8-0xefef]
Jul  5 16:40:27 shrinivaasanka-Inspiron-1545 kernel: [    0.236462] pci 0000:00:02.1: [8086:2a43] type 00 class 0x038000
Jul  5 16:40:27 shrinivaasanka-Inspiron-1545 kernel: [    0.236475] pci 0000:00:02.1: reg 0x10: [mem 0xf6b00000-0xf6bfffff 64bit]
Jul  5 16:40:27 shrinivaasanka-Inspiron-1545 kernel: [    0.236666] pci 0000:00:1a.0: [8086:2937] type 00 class 0x0c0300
Jul  5 16:40:27 shrinivaasanka-Inspiron-1545 kernel: [    0.236730] pci 0000:00:1a.0: reg 0x20: [io  0x6f60-0x6f7f]
Jul  5 16:40:27 shrinivaasanka-Inspiron-1545 kernel: [    0.240514] pci 0000:00:1a.0: System wakeup disabled by ACPI
Jul  5 16:40:27 shrinivaasanka-Inspiron-1545 kernel: [    0.240586] pci 0000:00:1a.1: [8086:2938] type 00 class 0x0c0300
Jul  5 16:40:27 shrinivaasanka-Inspiron-1545 kernel: [    0.240650] pci 0000:00:1a.1: reg 0x20: [io  0x6f80-0x6f9f]
Jul  5 16:40:27 shrinivaasanka-Inspiron-1545 kernel: [    0.244082] pci 0000:00:1a.1: System wakeup disabled by ACPI
Jul  5 16:40:27 shrinivaasanka-Inspiron-1545 kernel: [    0.244153] pci 0000:00:1a.2: [8086:2939] type 00 class 0x0c0300
Jul  5 16:40:27 shrinivaasanka-Inspiron-1545 kernel: [    0.244217] pci 0000:00:1a.2: reg 0x20: [io  0x6fa0-0x6fbf]
Jul  5 16:40:27 shrinivaasanka-Inspiron-1545 kernel: [    0.247627] pci 0000:00:1a.2: System wakeup disabled by ACPI
Jul  5 16:40:27 shrinivaasanka-Inspiron-1545 kernel: [    0.247708] pci 0000:00:1a.7: [8086:293c] type 00 class 0x0c0320
Jul  5 16:40:27 shrinivaasanka-Inspiron-1545 kernel: [    0.247738] pci 0000:00:1a.7: reg 0x10: [mem 0xfed1c400-0xfed1c7ff]
Jul  5 16:40:27 shrinivaasanka-Inspiron-1545 kernel: [    0.247866] pci 0000:00:1a.7: PME# supported from D0 D3hot D3cold
Jul  5 16:40:27 shrinivaasanka-Inspiron-1545 kernel: [    0.251649] pci 0000:00:1a.7: System wakeup disabled by ACPI
Jul  5 16:40:27 shrinivaasanka-Inspiron-1545 kernel: [    0.251725] pci 0000:00:1b.0: [8086:293e] type 00 class 0x040300
Jul  5 16:40:27 shrinivaasanka-Inspiron-1545 kernel: [    0.251753] pci 0000:00:1b.0: reg 0x10: [mem 0xf6afc000-0xf6afffff 64bit]
Jul  5 16:40:27 shrinivaasanka-Inspiron-1545 kernel: [    0.251878] pci 0000:00:1b.0: PME# supported from D0 D3hot D3cold
Jul  5 16:40:27 shrinivaasanka-Inspiron-1545 kernel: [    0.251949] pci 0000:00:1b.0: System wakeup disabled by ACPI
Jul  5 16:40:27 shrinivaasanka-Inspiron-1545 kernel: [    0.252027] pci 0000:00:1c.0: [8086:2940] type 01 class 0x060400
Jul  5 16:40:27 shrinivaasanka-Inspiron-1545 kernel: [    0.252157] pci 0000:00:1c.0: PME# supported from D0 D3hot D3cold
Jul  5 16:40:27 shrinivaasanka-Inspiron-1545 kernel: [    0.252232] pci 0000:00:1c.0: System wakeup disabled by ACPI
Jul  5 16:40:27 shrinivaasanka-Inspiron-1545 kernel: [    0.252301] pci 0000:00:1c.1: [8086:2942] type 01 class 0x060400
Jul  5 16:40:27 shrinivaasanka-Inspiron-1545 kernel: [    0.252431] pci 0000:00:1c.1: PME# supported from D0 D3hot D3cold
Jul  5 16:40:27 shrinivaasanka-Inspiron-1545 kernel: [    0.252506] pci 0000:00:1c.1: System wakeup disabled by ACPI
Jul  5 16:40:27 shrinivaasanka-Inspiron-1545 kernel: [    0.252576] pci 0000:00:1c.2: [8086:2944] type 01 class 0x060400
Jul  5 16:40:27 shrinivaasanka-Inspiron-1545 kernel: [    0.252706] pci 0000:00:1c.2: PME# supported from D0 D3hot D3cold
Jul  5 16:40:27 shrinivaasanka-Inspiron-1545 kernel: [    0.252779] pci 0000:00:1c.2: System wakeup disabled by ACPI
Jul  5 16:40:27 shrinivaasanka-Inspiron-1545 kernel: [    0.252847] pci 0000:00:1c.4: [8086:2948] type 01 class 0x060400
Jul  5 16:40:27 shrinivaasanka-Inspiron-1545 kernel: [    0.252977] pci 0000:00:1c.4: PME# supported from D0 D3hot D3cold
Jul  5 16:40:27 shrinivaasanka-Inspiron-1545 kernel: [    0.253049] pci 0000:00:1c.4: System wakeup disabled by ACPI
Jul  5 16:40:27 shrinivaasanka-Inspiron-1545 kernel: [    0.253122] pci 0000:00:1d.0: [8086:2934] type 00 class 0x0c0300
Jul  5 16:40:27 shrinivaasanka-Inspiron-1545 kernel: [    0.253186] pci 0000:00:1d.0: reg 0x20: [io  0x6f00-0x6f1f]
Jul  5 16:40:27 shrinivaasanka-Inspiron-1545 kernel: [    0.256515] pci 0000:00:1d.0: System wakeup disabled by ACPI
Jul  5 16:40:27 shrinivaasanka-Inspiron-1545 kernel: [    0.256587] pci 0000:00:1d.1: [8086:2935] type 00 class 0x0c0300
Jul  5 16:40:27 shrinivaasanka-Inspiron-1545 kernel: [    0.256651] pci 0000:00:1d.1: reg 0x20: [io  0x6f20-0x6f3f]
Jul  5 16:40:27 shrinivaasanka-Inspiron-1545 kernel: [    0.260511] pci 0000:00:1d.1: System wakeup disabled by ACPI
Jul  5 16:40:27 shrinivaasanka-Inspiron-1545 kernel: [    0.260583] pci 0000:00:1d.2: [8086:2936] type 00 class 0x0c0300
Jul  5 16:40:27 shrinivaasanka-Inspiron-1545 kernel: [    0.260647] pci 0000:00:1d.2: reg 0x20: [io  0x6f40-0x6f5f]
Jul  5 16:40:27 shrinivaasanka-Inspiron-1545 kernel: [    0.264515] pci 0000:00:1d.2: System wakeup disabled by ACPI
Jul  5 16:40:27 shrinivaasanka-Inspiron-1545 kernel: [    0.264599] pci 0000:00:1d.7: [8086:293a] type 00 class 0x0c0320
Jul  5 16:40:27 shrinivaasanka-Inspiron-1545 kernel: [    0.264629] pci 0000:00:1d.7: reg 0x10: [mem 0xfed1c000-0xfed1c3ff]
Jul  5 16:40:27 shrinivaasanka-Inspiron-1545 kernel: [    0.264756] pci 0000:00:1d.7: PME# supported from D0 D3hot D3cold
Jul  5 16:40:27 shrinivaasanka-Inspiron-1545 kernel: [    0.268514] pci 0000:00:1d.7: System wakeup disabled by ACPI
Jul  5 16:40:27 shrinivaasanka-Inspiron-1545 kernel: [    0.268583] pci 0000:00:1e.0: [8086:2448] type 01 class 0x060401
Jul  5 16:40:27 shrinivaasanka-Inspiron-1545 kernel: [    0.268725] pci 0000:00:1e.0: System wakeup disabled by ACPI
Jul  5 16:40:27 shrinivaasanka-Inspiron-1545 kernel: [    0.268796] pci 0000:00:1f.0: [8086:2919] type 00 class 0x060100
Jul  5 16:40:27 shrinivaasanka-Inspiron-1545 kernel: [    0.269071] pci 0000:00:1f.2: [8086:2929] type 00 class 0x010601
Jul  5 16:40:27 shrinivaasanka-Inspiron-1545 kernel: [    0.269103] pci 0000:00:1f.2: reg 0x10: [io  0x6e70-0x6e77]
Jul  5 16:40:27 shrinivaasanka-Inspiron-1545 kernel: [    0.269116] pci 0000:00:1f.2: reg 0x14: [io  0x6e78-0x6e7b]
Jul  5 16:40:27 shrinivaasanka-Inspiron-1545 kernel: [    0.269130] pci 0000:00:1f.2: reg 0x18: [io  0x6e80-0x6e87]
Jul  5 16:40:27 shrinivaasanka-Inspiron-1545 kernel: [    0.269143] pci 0000:00:1f.2: reg 0x1c: [io  0x6e88-0x6e8b]
Jul  5 16:40:27 shrinivaasanka-Inspiron-1545 kernel: [    0.269155] pci 0000:00:1f.2: reg 0x20: [io  0x6ea0-0x6ebf]
Jul  5 16:40:27 shrinivaasanka-Inspiron-1545 kernel: [    0.269169] pci 0000:00:1f.2: reg 0x24: [mem 0xfed1c800-0xfed1cfff]
Jul  5 16:40:27 shrinivaasanka-Inspiron-1545 kernel: [    0.269249] pci 0000:00:1f.2: PME# supported from D3hot
Jul  5 16:40:27 shrinivaasanka-Inspiron-1545 kernel: [    0.269378] pci 0000:00:1f.3: [8086:2930] type 00 class 0x0c0500
Jul  5 16:40:27 shrinivaasanka-Inspiron-1545 kernel: [    0.269402] pci 0000:00:1f.3: reg 0x10: [mem 0xf6afbf00-0xf6afbfff 64bit]
Jul  5 16:40:27 shrinivaasanka-Inspiron-1545 kernel: [    0.269436] pci 0000:00:1f.3: reg 0x20: [io  0x1100-0x111f]
Jul  5 16:40:27 shrinivaasanka-Inspiron-1545 kernel: [    0.269663] pci 0000:00:1c.0: PCI bridge to [bus 0b]
Jul  5 16:40:27 shrinivaasanka-Inspiron-1545 kernel: [    0.270037] pci 0000:0c:00.0: [14e4:4315] type 00 class 0x028000
Jul  5 16:40:27 shrinivaasanka-Inspiron-1545 kernel: [    0.270120] pci 0000:0c:00.0: reg 0x10: [mem 0xf69fc000-0xf69fffff 64bit]
Jul  5 16:40:27 shrinivaasanka-Inspiron-1545 kernel: [    0.270577] pci 0000:0c:00.0: supports D1 D2
Jul  5 16:40:27 shrinivaasanka-Inspiron-1545 kernel: [    0.270580] pci 0000:0c:00.0: PME# supported from D0 D3hot D3cold
Jul  5 16:40:27 shrinivaasanka-Inspiron-1545 kernel: [    0.271003] pci 0000:00:1c.1: PCI bridge to [bus 0c]
Jul  5 16:40:27 shrinivaasanka-Inspiron-1545 kernel: [    0.271012] pci 0000:00:1c.1:   bridge window [mem 0xf6900000-0xf69fffff]
Jul  5 16:40:27 shrinivaasanka-Inspiron-1545 kernel: [    0.271148] pci 0000:09:00.0: [11ab:4354] type 00 class 0x020000
Jul  5 16:40:27 shrinivaasanka-Inspiron-1545 kernel: [    0.271189] pci 0000:09:00.0: reg 0x10: [mem 0xf68fc000-0xf68fffff 64bit]
Jul  5 16:40:27 shrinivaasanka-Inspiron-1545 kernel: [    0.271209] pci 0000:09:00.0: reg 0x18: [io  0xde00-0xdeff]
Jul  5 16:40:27 shrinivaasanka-Inspiron-1545 kernel: [    0.271381] pci 0000:09:00.0: supports D1 D2
Jul  5 16:40:27 shrinivaasanka-Inspiron-1545 kernel: [    0.271384] pci 0000:09:00.0: PME# supported from D0 D1 D2 D3hot D3cold
Jul  5 16:40:27 shrinivaasanka-Inspiron-1545 kernel: [    0.276027] pci 0000:00:1c.2: PCI bridge to [bus 09]
Jul  5 16:40:27 shrinivaasanka-Inspiron-1545 kernel: [    0.276033] pci 0000:00:1c.2:   bridge window [io  0xd000-0xdfff]
Jul  5 16:40:27 shrinivaasanka-Inspiron-1545 kernel: [    0.276039] pci 0000:00:1c.2:   bridge window [mem 0xf6800000-0xf68fffff]
Jul  5 16:40:27 shrinivaasanka-Inspiron-1545 kernel: [    0.276168] acpiphp: Slot [1] registered
Jul  5 16:40:27 shrinivaasanka-Inspiron-1545 kernel: [    0.276176] pci 0000:00:1c.4: PCI bridge to [bus 0d-0e]
Jul  5 16:40:27 shrinivaasanka-Inspiron-1545 kernel: [    0.276182] pci 0000:00:1c.4:   bridge window [io  0xc000-0xcfff]
Jul  5 16:40:27 shrinivaasanka-Inspiron-1545 kernel: [    0.276187] pci 0000:00:1c.4:   bridge window [mem 0xf6600000-0xf67fffff]
Jul  5 16:40:27 shrinivaasanka-Inspiron-1545 kernel: [    0.276196] pci 0000:00:1c.4:   bridge window [mem 0xf0000000-0xf01fffff 64bit pref]
Jul  5 16:40:27 shrinivaasanka-Inspiron-1545 kernel: [    0.276337] pci 0000:00:1e.0: PCI bridge to [bus 03] (subtractive decode)
Jul  5 16:40:27 shrinivaasanka-Inspiron-1545 kernel: [    0.276352] pci 0000:00:1e.0:   bridge window [io  0x0000-0x0cf7 window] (subtractive decode)
Jul  5 16:40:27 shrinivaasanka-Inspiron-1545 kernel: [    0.276355] pci 0000:00:1e.0:   bridge window [io  0x0d00-0xffff window] (subtractive decode)
Jul  5 16:40:27 shrinivaasanka-Inspiron-1545 kernel: [    0.276358] pci 0000:00:1e.0:   bridge window [mem 0x000a0000-0x000bffff window] (subtractive decode)
Jul  5 16:40:27 shrinivaasanka-Inspiron-1545 kernel: [    0.276361] pci 0000:00:1e.0:   bridge window [mem 0x000d0000-0x000dffff window] (subtractive decode)
Jul  5 16:40:27 shrinivaasanka-Inspiron-1545 kernel: [    0.276364] pci 0000:00:1e.0:   bridge window [mem 0xc0000000-0xf7ffffff window] (subtractive decode)
Jul  5 16:40:27 shrinivaasanka-Inspiron-1545 kernel: [    0.276367] pci 0000:00:1e.0:   bridge window [mem 0xfc000000-0xfebfffff window] (subtractive decode)
Jul  5 16:40:27 shrinivaasanka-Inspiron-1545 kernel: [    0.276369] pci 0000:00:1e.0:   bridge window [mem 0xfec10000-0xfecfffff window] (subtractive decode)
Jul  5 16:40:27 shrinivaasanka-Inspiron-1545 kernel: [    0.276372] pci 0000:00:1e.0:   bridge window [mem 0xfed1c000-0xfed1ffff window] (subtractive decode)
Jul  5 16:40:27 shrinivaasanka-Inspiron-1545 kernel: [    0.276375] pci 0000:00:1e.0:   bridge window [mem 0xfed90000-0xfed9ffff window] (subtractive decode)
Jul  5 16:40:27 shrinivaasanka-Inspiron-1545 kernel: [    0.276378] pci 0000:00:1e.0:   bridge window [mem 0xfeda7000-0xfedfffff window] (subtractive decode)
Jul  5 16:40:27 shrinivaasanka-Inspiron-1545 kernel: [    0.276381] pci 0000:00:1e.0:   bridge window [mem 0xfee10000-0xff9fffff window] (subtractive decode)
Jul  5 16:40:27 shrinivaasanka-Inspiron-1545 kernel: [    0.276384] pci 0000:00:1e.0:   bridge window [mem 0xffc00000-0xffdfffff window] (subtractive decode)
Jul  5 16:40:27 shrinivaasanka-Inspiron-1545 kernel: [    0.276624] pci_bus 0000:00: on NUMA node 0
Jul  5 16:40:27 shrinivaasanka-Inspiron-1545 kernel: [    0.277113] ACPI: PCI Interrupt Link [LNKA] (IRQs *10 11)
Jul  5 16:40:27 shrinivaasanka-Inspiron-1545 kernel: [    0.277217] ACPI: PCI Interrupt Link [LNKB] (IRQs 5 7) *4
Jul  5 16:40:27 shrinivaasanka-Inspiron-1545 kernel: [    0.277319] ACPI: PCI Interrupt Link [LNKC] (IRQs *10 11)
Jul  5 16:40:27 shrinivaasanka-Inspiron-1545 kernel: [    0.277407] ACPI: PCI Interrupt Link [LNKD] (IRQs 5 7 10 11) *0, disabled.
Jul  5 16:40:27 shrinivaasanka-Inspiron-1545 kernel: [    0.277511] ACPI: PCI Interrupt Link [LNKE] (IRQs 3 4 5 6 7 10 *11 12 14 15)
Jul  5 16:40:27 shrinivaasanka-Inspiron-1545 kernel: [    0.277616] ACPI: PCI Interrupt Link [LNKF] (IRQs 3 4 5 6 *7 10 11 12 14 15)
Jul  5 16:40:27 shrinivaasanka-Inspiron-1545 kernel: [    0.277721] ACPI: PCI Interrupt Link [LNKG] (IRQs 3 4 *5 6 7 10 11 12 14 15)
Jul  5 16:40:27 shrinivaasanka-Inspiron-1545 kernel: [    0.277813] ACPI: PCI Interrupt Link [LNKH] (IRQs 3 4 5 6 7 10 11 12 14 15) *0, disabled.
Jul  5 16:40:27 shrinivaasanka-Inspiron-1545 kernel: [    0.278143] ACPI: Enabled 4 GPEs in block 00 to 3F
Jul  5 16:40:27 shrinivaasanka-Inspiron-1545 kernel: [    0.278274] vgaarb: setting as boot device: PCI:0000:00:02.0
Jul  5 16:40:27 shrinivaasanka-Inspiron-1545 kernel: [    0.278274] vgaarb: device added: PCI:0000:00:02.0,decodes=io+mem,owns=io+mem,locks=none
Jul  5 16:40:27 shrinivaasanka-Inspiron-1545 kernel: [    0.278274] vgaarb: loaded
Jul  5 16:40:27 shrinivaasanka-Inspiron-1545 kernel: [    0.278274] vgaarb: bridge control possible 0000:00:02.0
Jul  5 16:40:27 shrinivaasanka-Inspiron-1545 kernel: [    0.278274] SCSI subsystem initialized
Jul  5 16:40:27 shrinivaasanka-Inspiron-1545 kernel: [    0.278274] libata version 3.00 loaded.
Jul  5 16:40:27 shrinivaasanka-Inspiron-1545 kernel: [    0.278274] ACPI: bus type USB registered
Jul  5 16:40:27 shrinivaasanka-Inspiron-1545 kernel: [    0.278274] usbcore: registered new interface driver usbfs
Jul  5 16:40:27 shrinivaasanka-Inspiron-1545 kernel: [    0.278274] usbcore: registered new interface driver hub
Jul  5 16:40:27 shrinivaasanka-Inspiron-1545 kernel: [    0.278274] usbcore: registered new device driver usb
Jul  5 16:40:27 shrinivaasanka-Inspiron-1545 kernel: [    0.278274] PCI: Using ACPI for IRQ routing
Jul  5 16:40:27 shrinivaasanka-Inspiron-1545 kernel: [    0.281672] PCI: pci_cache_line_size set to 64 bytes
Jul  5 16:40:27 shrinivaasanka-Inspiron-1545 kernel: [    0.282136] e820: reserve RAM buffer [mem 0x0009f000-0x0009ffff]
Jul  5 16:40:27 shrinivaasanka-Inspiron-1545 kernel: [    0.282140] e820: reserve RAM buffer [mem 0xbd8bf400-0xbfffffff]
Jul  5 16:40:27 shrinivaasanka-Inspiron-1545 kernel: [    0.282306] NetLabel: Initializing
Jul  5 16:40:27 shrinivaasanka-Inspiron-1545 kernel: [    0.282308] NetLabel:  domain hash size = 128
Jul  5 16:40:27 shrinivaasanka-Inspiron-1545 kernel: [    0.282309] NetLabel:  protocols = UNLABELED CIPSOv4
Jul  5 16:40:27 shrinivaasanka-Inspiron-1545 kernel: [    0.282324] NetLabel:  unlabeled traffic allowed by default
Jul  5 16:40:27 shrinivaasanka-Inspiron-1545 kernel: [    0.282359] HPET: 4 timers in total, 0 timers will be used for per-cpu timer
Jul  5 16:40:27 shrinivaasanka-Inspiron-1545 kernel: [    0.282359] hpet0: at MMIO 0xfed00000, IRQs 2, 8, 0, 0
Jul  5 16:40:27 shrinivaasanka-Inspiron-1545 kernel: [    0.282359] hpet0: 4 comparators, 64-bit 14.318180 MHz counter
Jul  5 16:40:27 shrinivaasanka-Inspiron-1545 kernel: [    0.284044] Switched to clocksource hpet
Jul  5 16:40:27 shrinivaasanka-Inspiron-1545 kernel: [    0.295189] AppArmor: AppArmor Filesystem Enabled
Jul  5 16:40:27 shrinivaasanka-Inspiron-1545 kernel: [    0.295299] pnp: PnP ACPI init
Jul  5 16:40:27 shrinivaasanka-Inspiron-1545 kernel: [    0.295428] system 00:00: [mem 0xff800000-0xff8fffff] has been reserved
Jul  5 16:40:27 shrinivaasanka-Inspiron-1545 kernel: [    0.295431] system 00:00: [mem 0xffc00000-0xffcfffff] has been reserved
Jul  5 16:40:27 shrinivaasanka-Inspiron-1545 kernel: [    0.295436] system 00:00: Plug and Play ACPI device, IDs PNP0c02 (active)
Jul  5 16:40:27 shrinivaasanka-Inspiron-1545 kernel: [    0.295508] pnp 00:01: Plug and Play ACPI device, IDs PNP0f13 (active)
Jul  5 16:40:27 shrinivaasanka-Inspiron-1545 kernel: [    0.295563] pnp 00:02: Plug and Play ACPI device, IDs PNP0303 (active)
Jul  5 16:40:27 shrinivaasanka-Inspiron-1545 kernel: [    0.295620] pnp 00:03: Plug and Play ACPI device, IDs PNP0b00 (active)
Jul  5 16:40:27 shrinivaasanka-Inspiron-1545 kernel: [    0.295683] system 00:04: Plug and Play ACPI device, IDs PNP0c01 (active)
Jul  5 16:40:27 shrinivaasanka-Inspiron-1545 kernel: [    0.295780] system 00:05: [mem 0xfed00000-0xfed003ff] has been reserved
Jul  5 16:40:27 shrinivaasanka-Inspiron-1545 kernel: [    0.295785] system 00:05: Plug and Play ACPI device, IDs PNP0103 PNP0c01 (active)
Jul  5 16:40:27 shrinivaasanka-Inspiron-1545 kernel: [    0.296024] system 00:06: [io  0x0900-0x097f] has been reserved
