Jul 13 20:49:18 shrinivaasanka-Inspiron-1545 kernel: [ 1421.138128] ------------[ cut here ]------------
Jul 13 20:49:18 shrinivaasanka-Inspiron-1545 kernel: [ 1421.138198] WARNING: CPU: 1 PID: 0 at /media/shrinivaasanka/0fc4d8a2-1c74-42b8-8099-9ef78d8c8ea22/home/kashrinivaasan/linux-4.0.5/drivers/gpu/drm/i915/intel_display.c:9756 intel_check_page_flip+0xd6/0xf0 [i915]()
Jul 13 20:49:18 shrinivaasanka-Inspiron-1545 kernel: [ 1421.138202] Kicking stuck page flip: queued at 79623, now 79628
Jul 13 20:49:18 shrinivaasanka-Inspiron-1545 kernel: [ 1421.138205] Modules linked in: ppp_deflate bsd_comp ppp_async crc_ccitt xts gf128mul dm_crypt ip6t_REJECT nf_reject_ipv6 nf_log_ipv6 option usb_wwan xt_hl usbserial ip6t_rt nf_conntrack_ipv6 nf_defrag_ipv6 ipt_REJECT nf_reject_ipv4 bnep nf_log_ipv4 nf_log_common rfcomm xt_LOG xt_limit xt_tcpudp xt_addrtype nf_conntrack_ipv4 nf_defrag_ipv4 xt_conntrack btusb ip6table_filter bluetooth ip6_tables nf_conntrack_netbios_ns nf_conntrack_broadcast nf_nat_ftp nf_nat snd_hda_codec_idt nf_conntrack_ftp snd_hda_codec_generic wl(POE) nf_conntrack snd_hda_intel uvcvideo snd_hda_controller snd_hda_codec videobuf2_vmalloc videobuf2_memops snd_hwdep snd_pcm videobuf2_core v4l2_common cfg80211 videodev binfmt_misc snd_seq_midi snd_seq_midi_event snd_rawmidi iptable_filter media ip_tables snd_seq x_tables dell_wmi sparse_keymap dell_laptop snd_seq_device gpio_ich snd_timer snd virgo_cloudexec_mempool(O+) dcdbas virgo_cloud_mempool_kernelspace(O) coretemp i8k joydev serio_raw parport_pc soundcore ppdev lpc_ich lp shpchp mac_hid parport hid_generic usbhid hid ums_realtek uas usb_storage i915 psmouse ahci sky2 i2c_algo_bit drm_kms_helper drm libahci wmi video
Jul 13 20:49:18 shrinivaasanka-Inspiron-1545 kernel: [ 1421.138321] CPU: 1 PID: 0 Comm: swapper/1 Tainted: P           OE   4.0.5 #1
Jul 13 20:49:18 shrinivaasanka-Inspiron-1545 kernel: [ 1421.138323] Hardware name: Dell Inc. Inspiron 1545                   /0J037P, BIOS A14 12/07/2009
Jul 13 20:49:18 shrinivaasanka-Inspiron-1545 kernel: [ 1421.138326]  00000000 00000000 f5955ea8 c16e5e4e f5955eec f5955edc c10614ab f8be234c
Jul 13 20:49:18 shrinivaasanka-Inspiron-1545 kernel: [ 1421.138332]  f5955f08 00000000 f8bdf530 0000261c f8b8ca66 0000261c f8b8ca66 f5b17000
Jul 13 20:49:18 shrinivaasanka-Inspiron-1545 kernel: [ 1421.138337]  eebc5c00 00000000 f5955ef4 c1061513 00000009 f5955eec f8be234c f5955f08
Jul 13 20:49:18 shrinivaasanka-Inspiron-1545 kernel: [ 1421.138343] Call Trace:
Jul 13 20:49:18 shrinivaasanka-Inspiron-1545 kernel: [ 1421.138351]  [<c16e5e4e>] dump_stack+0x41/0x52
Jul 13 20:49:18 shrinivaasanka-Inspiron-1545 kernel: [ 1421.138356]  [<c10614ab>] warn_slowpath_common+0x8b/0xc0
Jul 13 20:49:18 shrinivaasanka-Inspiron-1545 kernel: [ 1421.138385]  [<f8b8ca66>] ? intel_check_page_flip+0xd6/0xf0 [i915]
Jul 13 20:49:18 shrinivaasanka-Inspiron-1545 kernel: [ 1421.138411]  [<f8b8ca66>] ? intel_check_page_flip+0xd6/0xf0 [i915]
Jul 13 20:49:18 shrinivaasanka-Inspiron-1545 kernel: [ 1421.138415]  [<c1061513>] warn_slowpath_fmt+0x33/0x40
Jul 13 20:49:18 shrinivaasanka-Inspiron-1545 kernel: [ 1421.138442]  [<f8b8ca66>] intel_check_page_flip+0xd6/0xf0 [i915]
Jul 13 20:49:18 shrinivaasanka-Inspiron-1545 kernel: [ 1421.138468]  [<f8b5a21d>] i915_handle_vblank+0x4d/0x90 [i915]
Jul 13 20:49:18 shrinivaasanka-Inspiron-1545 kernel: [ 1421.138492]  [<f8b5b952>] i965_irq_handler+0x232/0x2e0 [i915]
Jul 13 20:49:18 shrinivaasanka-Inspiron-1545 kernel: [ 1421.138496]  [<c10b2386>] handle_irq_event_percpu+0x76/0x190
Jul 13 20:49:18 shrinivaasanka-Inspiron-1545 kernel: [ 1421.138501]  [<c10454c9>] ? __io_apic_modify_irq+0x39/0x50
Jul 13 20:49:18 shrinivaasanka-Inspiron-1545 kernel: [ 1421.138504]  [<c10b24d1>] handle_irq_event+0x31/0x50
Jul 13 20:49:18 shrinivaasanka-Inspiron-1545 kernel: [ 1421.138507]  [<c10b4df0>] ? handle_level_irq+0xe0/0xe0
Jul 13 20:49:18 shrinivaasanka-Inspiron-1545 kernel: [ 1421.138510]  [<c10b4e4d>] handle_edge_irq+0x5d/0xf0
Jul 13 20:49:18 shrinivaasanka-Inspiron-1545 kernel: [ 1421.138515]  [<c1012c47>] handle_irq+0x67/0x80
Jul 13 20:49:18 shrinivaasanka-Inspiron-1545 kernel: [ 1421.138516]  <IRQ>  [<c16ecd2c>] do_IRQ+0x3c/0xd0
Jul 13 20:49:18 shrinivaasanka-Inspiron-1545 kernel: [ 1421.138523]  [<c16ec273>] common_interrupt+0x33/0x38
Jul 13 20:49:18 shrinivaasanka-Inspiron-1545 kernel: [ 1421.138528]  [<c15b37ad>] ? cpuidle_enter_state+0x5d/0x1e0
Jul 13 20:49:18 shrinivaasanka-Inspiron-1545 kernel: [ 1421.138532]  [<c15b3964>] cpuidle_enter+0x14/0x20
Jul 13 20:49:18 shrinivaasanka-Inspiron-1545 kernel: [ 1421.138536]  [<c109b0ff>] cpu_startup_entry+0x31f/0x3b0
Jul 13 20:49:18 shrinivaasanka-Inspiron-1545 kernel: [ 1421.138540]  [<c10cef5a>] ? clockevents_register_device+0xaa/0x100
Jul 13 20:49:18 shrinivaasanka-Inspiron-1545 kernel: [ 1421.138544]  [<c1040921>] start_secondary+0x191/0x1e0
Jul 13 20:49:18 shrinivaasanka-Inspiron-1545 kernel: [ 1421.138547] ---[ end trace 14558e8373426fca ]---
Jul 13 20:50:14 shrinivaasanka-Inspiron-1545 kernel: [ 1477.382065] [UFW BLOCK] IN=ppp0 OUT= MAC= SRC=61.160.213.33 DST=14.99.71.180 LEN=40 TOS=0x00 PREC=0x00 TTL=110 ID=256 PROTO=TCP SPT=33992 DPT=8080 WINDOW=512 RES=0x00 SYN URGP=0 
Jul 13 20:50:36 shrinivaasanka-Inspiron-1545 kernel: [ 1499.086082] [UFW BLOCK] IN=ppp0 OUT= MAC= SRC=142.4.38.49 DST=14.99.71.180 LEN=40 TOS=0x00 PREC=0x00 TTL=109 ID=256 PROTO=TCP SPT=6000 DPT=3306 WINDOW=16384 RES=0x00 SYN URGP=0 
Jul 13 20:51:46 shrinivaasanka-Inspiron-1545 kernel: [ 1569.237110] [UFW BLOCK] IN=ppp0 OUT= MAC= SRC=116.14.227.103 DST=14.99.71.180 LEN=52 TOS=0x00 PREC=0x00 TTL=111 ID=28518 DF PROTO=TCP SPT=52739 DPT=34710 WINDOW=8192 RES=0x00 SYN URGP=0 
Jul 13 20:51:46 shrinivaasanka-Inspiron-1545 kernel: [ 1569.274157] [UFW BLOCK] IN=ppp0 OUT= MAC= SRC=116.14.227.103 DST=14.99.71.180 LEN=48 TOS=0x00 PREC=0x00 TTL=111 ID=28517 PROTO=UDP SPT=21458 DPT=34710 LEN=28 
Jul 13 20:51:49 shrinivaasanka-Inspiron-1545 kernel: [ 1572.241169] [UFW BLOCK] IN=ppp0 OUT= MAC= SRC=116.14.227.103 DST=14.99.71.180 LEN=52 TOS=0x00 PREC=0x00 TTL=111 ID=28789 DF PROTO=TCP SPT=52739 DPT=34710 WINDOW=8192 RES=0x00 SYN URGP=0 
Jul 13 20:51:49 shrinivaasanka-Inspiron-1545 kernel: [ 1572.695088] [UFW BLOCK] IN=ppp0 OUT= MAC= SRC=116.14.227.103 DST=14.99.71.180 LEN=48 TOS=0x00 PREC=0x00 TTL=111 ID=28844 PROTO=UDP SPT=21458 DPT=34710 LEN=28 
Jul 13 20:51:55 shrinivaasanka-Inspiron-1545 kernel: [ 1578.231168] [UFW BLOCK] IN=ppp0 OUT= MAC= SRC=116.14.227.103 DST=14.99.71.180 LEN=48 TOS=0x00 PREC=0x00 TTL=111 ID=29546 DF PROTO=TCP SPT=52739 DPT=34710 WINDOW=8192 RES=0x00 SYN URGP=0 
Jul 13 20:51:55 shrinivaasanka-Inspiron-1545 kernel: [ 1578.881164] [UFW BLOCK] IN=ppp0 OUT= MAC= SRC=116.14.227.103 DST=14.99.71.180 LEN=48 TOS=0x00 PREC=0x00 TTL=111 ID=29640 PROTO=UDP SPT=21458 DPT=34710 LEN=28 
Jul 13 20:52:55 shrinivaasanka-Inspiron-1545 kernel: [ 1638.602151] audit: type=1400 audit(1436800975.670:42): apparmor="DENIED" operation="open" profile="/usr/bin/evince-thumbnailer" name="/home/shrinivaasanka/.config/fontconfig/fonts.conf" pid=3776 comm="evince-thumbnai" requested_mask="r" denied_mask="r" fsuid=1000 ouid=0
Jul 13 20:52:55 shrinivaasanka-Inspiron-1545 kernel: [ 1638.602231] audit: type=1400 audit(1436800975.670:43): apparmor="DENIED" operation="open" profile="/usr/bin/evince-thumbnailer" name="/home/shrinivaasanka/.config/fontconfig/fonts.conf" pid=3776 comm="evince-thumbnai" requested_mask="r" denied_mask="r" fsuid=1000 ouid=0
Jul 13 20:52:55 shrinivaasanka-Inspiron-1545 kernel: [ 1638.742740] audit: type=1400 audit(1436800975.814:44): apparmor="DENIED" operation="open" profile="/usr/bin/evince-thumbnailer" name="/home/shrinivaasanka/.fonts/" pid=3776 comm="evince-thumbnai" requested_mask="r" denied_mask="r" fsuid=1000 ouid=0
Jul 13 20:52:56 shrinivaasanka-Inspiron-1545 kernel: [ 1639.442849] audit: type=1400 audit(1436800976.510:45): apparmor="DENIED" operation="open" profile="/usr/bin/evince-thumbnailer" name="/home/shrinivaasanka/.config/fontconfig/fonts.conf" pid=3785 comm="evince-thumbnai" requested_mask="r" denied_mask="r" fsuid=1000 ouid=0
Jul 13 20:52:56 shrinivaasanka-Inspiron-1545 kernel: [ 1639.442889] audit: type=1400 audit(1436800976.510:46): apparmor="DENIED" operation="open" profile="/usr/bin/evince-thumbnailer" name="/home/shrinivaasanka/.config/fontconfig/fonts.conf" pid=3785 comm="evince-thumbnai" requested_mask="r" denied_mask="r" fsuid=1000 ouid=0
Jul 13 20:52:56 shrinivaasanka-Inspiron-1545 kernel: [ 1639.449222] audit: type=1400 audit(1436800976.518:47): apparmor="DENIED" operation="open" profile="/usr/bin/evince-thumbnailer" name="/home/shrinivaasanka/.fonts/" pid=3785 comm="evince-thumbnai" requested_mask="r" denied_mask="r" fsuid=1000 ouid=0
Jul 13 20:52:57 shrinivaasanka-Inspiron-1545 kernel: [ 1640.732857] audit: type=1400 audit(1436800977.802:48): apparmor="DENIED" operation="open" profile="/usr/bin/evince-thumbnailer" name="/home/shrinivaasanka/.config/fontconfig/fonts.conf" pid=3797 comm="evince-thumbnai" requested_mask="r" denied_mask="r" fsuid=1000 ouid=0
Jul 13 20:52:57 shrinivaasanka-Inspiron-1545 kernel: [ 1640.732897] audit: type=1400 audit(1436800977.802:49): apparmor="DENIED" operation="open" profile="/usr/bin/evince-thumbnailer" name="/home/shrinivaasanka/.config/fontconfig/fonts.conf" pid=3797 comm="evince-thumbnai" requested_mask="r" denied_mask="r" fsuid=1000 ouid=0
Jul 13 20:52:57 shrinivaasanka-Inspiron-1545 kernel: [ 1640.739217] audit: type=1400 audit(1436800977.806:50): apparmor="DENIED" operation="open" profile="/usr/bin/evince-thumbnailer" name="/home/shrinivaasanka/.fonts/" pid=3797 comm="evince-thumbnai" requested_mask="r" denied_mask="r" fsuid=1000 ouid=0
Jul 13 20:52:59 shrinivaasanka-Inspiron-1545 kernel: [ 1642.120967] audit: type=1400 audit(1436800979.190:51): apparmor="DENIED" operation="open" profile="/usr/bin/evince-thumbnailer" name="/home/shrinivaasanka/.config/fontconfig/fonts.conf" pid=3815 comm="evince-thumbnai" requested_mask="r" denied_mask="r" fsuid=1000 ouid=0
Jul 13 20:53:02 shrinivaasanka-Inspiron-1545 kernel: [ 1645.636247] audit_printk_skb: 6 callbacks suppressed
Jul 13 20:53:02 shrinivaasanka-Inspiron-1545 kernel: [ 1645.636251] audit: type=1400 audit(1436800982.706:54): apparmor="DENIED" operation="open" profile="/usr/bin/evince-thumbnailer" name="/home/shrinivaasanka/.config/fontconfig/fonts.conf" pid=3844 comm="evince-thumbnai" requested_mask="r" denied_mask="r" fsuid=1000 ouid=0
Jul 13 20:53:02 shrinivaasanka-Inspiron-1545 kernel: [ 1645.636289] audit: type=1400 audit(1436800982.706:55): apparmor="DENIED" operation="open" profile="/usr/bin/evince-thumbnailer" name="/home/shrinivaasanka/.config/fontconfig/fonts.conf" pid=3844 comm="evince-thumbnai" requested_mask="r" denied_mask="r" fsuid=1000 ouid=0
Jul 13 20:53:02 shrinivaasanka-Inspiron-1545 kernel: [ 1645.643045] audit: type=1400 audit(1436800982.710:56): apparmor="DENIED" operation="open" profile="/usr/bin/evince-thumbnailer" name="/home/shrinivaasanka/.fonts/" pid=3844 comm="evince-thumbnai" requested_mask="r" denied_mask="r" fsuid=1000 ouid=0
Jul 13 20:53:10 shrinivaasanka-Inspiron-1545 kernel: [ 1653.710664] audit: type=1400 audit(1436800990.778:57): apparmor="DENIED" operation="open" profile="/usr/bin/evince-thumbnailer" name="/home/shrinivaasanka/.config/fontconfig/fonts.conf" pid=3941 comm="evince-thumbnai" requested_mask="r" denied_mask="r" fsuid=1000 ouid=0
Jul 13 20:53:10 shrinivaasanka-Inspiron-1545 kernel: [ 1653.710704] audit: type=1400 audit(1436800990.778:58): apparmor="DENIED" operation="open" profile="/usr/bin/evince-thumbnailer" name="/home/shrinivaasanka/.config/fontconfig/fonts.conf" pid=3941 comm="evince-thumbnai" requested_mask="r" denied_mask="r" fsuid=1000 ouid=0
Jul 13 20:53:10 shrinivaasanka-Inspiron-1545 kernel: [ 1653.717072] audit: type=1400 audit(1436800990.786:59): apparmor="DENIED" operation="open" profile="/usr/bin/evince-thumbnailer" name="/home/shrinivaasanka/.fonts/" pid=3941 comm="evince-thumbnai" requested_mask="r" denied_mask="r" fsuid=1000 ouid=0
Jul 13 20:53:12 shrinivaasanka-Inspiron-1545 kernel: [ 1655.072426] audit: type=1400 audit(1436800992.142:60): apparmor="DENIED" operation="open" profile="/usr/bin/evince-thumbnailer" name="/home/shrinivaasanka/.config/fontconfig/fonts.conf" pid=3957 comm="evince-thumbnai" requested_mask="r" denied_mask="r" fsuid=1000 ouid=0
Jul 13 20:53:12 shrinivaasanka-Inspiron-1545 kernel: [ 1655.072465] audit: type=1400 audit(1436800992.142:61): apparmor="DENIED" operation="open" profile="/usr/bin/evince-thumbnailer" name="/home/shrinivaasanka/.config/fontconfig/fonts.conf" pid=3957 comm="evince-thumbnai" requested_mask="r" denied_mask="r" fsuid=1000 ouid=0
Jul 13 20:53:12 shrinivaasanka-Inspiron-1545 kernel: [ 1655.078723] audit: type=1400 audit(1436800992.146:62): apparmor="DENIED" operation="open" profile="/usr/bin/evince-thumbnailer" name="/home/shrinivaasanka/.fonts/" pid=3957 comm="evince-thumbnai" requested_mask="r" denied_mask="r" fsuid=1000 ouid=0
Jul 13 20:53:13 shrinivaasanka-Inspiron-1545 kernel: [ 1656.264410] audit: type=1400 audit(1436800993.334:63): apparmor="DENIED" operation="open" profile="/usr/bin/evince-thumbnailer" name="/home/shrinivaasanka/.config/fontconfig/fonts.conf" pid=3975 comm="evince-thumbnai" requested_mask="r" denied_mask="r" fsuid=1000 ouid=0
Jul 13 20:53:13 shrinivaasanka-Inspiron-1545 kernel: [ 1656.264449] audit: type=1400 audit(1436800993.334:64): apparmor="DENIED" operation="open" profile="/usr/bin/evince-thumbnailer" name="/home/shrinivaasanka/.config/fontconfig/fonts.conf" pid=3975 comm="evince-thumbnai" requested_mask="r" denied_mask="r" fsuid=1000 ouid=0
Jul 13 20:53:13 shrinivaasanka-Inspiron-1545 kernel: [ 1656.270719] audit: type=1400 audit(1436800993.338:65): apparmor="DENIED" operation="open" profile="/usr/bin/evince-thumbnailer" name="/home/shrinivaasanka/.fonts/" pid=3975 comm="evince-thumbnai" requested_mask="r" denied_mask="r" fsuid=1000 ouid=0
Jul 13 20:53:14 shrinivaasanka-Inspiron-1545 kernel: [ 1657.530784] audit: type=1400 audit(1436800994.598:66): apparmor="DENIED" operation="open" profile="/usr/bin/evince-thumbnailer" name="/home/shrinivaasanka/.config/fontconfig/fonts.conf" pid=3998 comm="evince-thumbnai" requested_mask="r" denied_mask="r" fsuid=1000 ouid=0
Jul 13 20:53:20 shrinivaasanka-Inspiron-1545 kernel: [ 1663.908476] audit_printk_skb: 15 callbacks suppressed
Jul 13 20:53:20 shrinivaasanka-Inspiron-1545 kernel: [ 1663.908480] audit: type=1400 audit(1436801000.978:72): apparmor="DENIED" operation="open" profile="/usr/bin/evince-thumbnailer" name="/home/shrinivaasanka/.config/fontconfig/fonts.conf" pid=4077 comm="evince-thumbnai" requested_mask="r" denied_mask="r" fsuid=1000 ouid=0
Jul 13 20:53:20 shrinivaasanka-Inspiron-1545 kernel: [ 1663.908517] audit: type=1400 audit(1436801000.978:73): apparmor="DENIED" operation="open" profile="/usr/bin/evince-thumbnailer" name="/home/shrinivaasanka/.config/fontconfig/fonts.conf" pid=4077 comm="evince-thumbnai" requested_mask="r" denied_mask="r" fsuid=1000 ouid=0
Jul 13 20:53:20 shrinivaasanka-Inspiron-1545 kernel: [ 1663.914815] audit: type=1400 audit(1436801000.982:74): apparmor="DENIED" operation="open" profile="/usr/bin/evince-thumbnailer" name="/home/shrinivaasanka/.fonts/" pid=4077 comm="evince-thumbnai" requested_mask="r" denied_mask="r" fsuid=1000 ouid=0
Jul 13 20:53:24 shrinivaasanka-Inspiron-1545 kernel: [ 1667.674492] audit: type=1400 audit(1436801004.742:75): apparmor="DENIED" operation="open" profile="/usr/bin/evince-thumbnailer" name="/home/shrinivaasanka/.config/fontconfig/fonts.conf" pid=4128 comm="evince-thumbnai" requested_mask="r" denied_mask="r" fsuid=1000 ouid=0
Jul 13 20:53:24 shrinivaasanka-Inspiron-1545 kernel: [ 1667.674532] audit: type=1400 audit(1436801004.742:76): apparmor="DENIED" operation="open" profile="/usr/bin/evince-thumbnailer" name="/home/shrinivaasanka/.config/fontconfig/fonts.conf" pid=4128 comm="evince-thumbnai" requested_mask="r" denied_mask="r" fsuid=1000 ouid=0
Jul 13 20:53:24 shrinivaasanka-Inspiron-1545 kernel: [ 1667.680852] audit: type=1400 audit(1436801004.750:77): apparmor="DENIED" operation="open" profile="/usr/bin/evince-thumbnailer" name="/home/shrinivaasanka/.fonts/" pid=4128 comm="evince-thumbnai" requested_mask="r" denied_mask="r" fsuid=1000 ouid=0
Jul 13 20:53:25 shrinivaasanka-Inspiron-1545 kernel: [ 1668.355858] audit: type=1400 audit(1436801005.422:78): apparmor="DENIED" operation="open" profile="/usr/bin/evince-thumbnailer" name="/home/shrinivaasanka/.config/fontconfig/fonts.conf" pid=4134 comm="evince-thumbnai" requested_mask="r" denied_mask="r" fsuid=1000 ouid=0
Jul 13 20:53:25 shrinivaasanka-Inspiron-1545 kernel: [ 1668.355897] audit: type=1400 audit(1436801005.422:79): apparmor="DENIED" operation="open" profile="/usr/bin/evince-thumbnailer" name="/home/shrinivaasanka/.config/fontconfig/fonts.conf" pid=4134 comm="evince-thumbnai" requested_mask="r" denied_mask="r" fsuid=1000 ouid=0
Jul 13 20:53:25 shrinivaasanka-Inspiron-1545 kernel: [ 1668.362235] audit: type=1400 audit(1436801005.430:80): apparmor="DENIED" operation="open" profile="/usr/bin/evince-thumbnailer" name="/home/shrinivaasanka/.fonts/" pid=4134 comm="evince-thumbnai" requested_mask="r" denied_mask="r" fsuid=1000 ouid=0
Jul 13 20:53:25 shrinivaasanka-Inspiron-1545 kernel: [ 1668.366752] audit: type=1400 audit(1436801005.434:81): apparmor="DENIED" operation="open" profile="/usr/bin/evince-thumbnailer" name="/home/shrinivaasanka/.config/fontconfig/fonts.conf" pid=4134 comm="evince-thumbnai" requested_mask="r" denied_mask="r" fsuid=1000 ouid=0
Jul 13 20:53:32 shrinivaasanka-Inspiron-1545 kernel: [ 1675.309037] audit_printk_skb: 6 callbacks suppressed
Jul 13 20:53:32 shrinivaasanka-Inspiron-1545 kernel: [ 1675.309043] audit: type=1400 audit(1436801012.378:84): apparmor="DENIED" operation="open" profile="/usr/bin/evince-thumbnailer" name="/home/shrinivaasanka/.config/fontconfig/fonts.conf" pid=4150 comm="evince-thumbnai" requested_mask="r" denied_mask="r" fsuid=1000 ouid=0
Jul 13 20:53:32 shrinivaasanka-Inspiron-1545 kernel: [ 1675.309089] audit: type=1400 audit(1436801012.378:85): apparmor="DENIED" operation="open" profile="/usr/bin/evince-thumbnailer" name="/home/shrinivaasanka/.config/fontconfig/fonts.conf" pid=4150 comm="evince-thumbnai" requested_mask="r" denied_mask="r" fsuid=1000 ouid=0
Jul 13 20:53:32 shrinivaasanka-Inspiron-1545 kernel: [ 1675.316818] audit: type=1400 audit(1436801012.386:86): apparmor="DENIED" operation="open" profile="/usr/bin/evince-thumbnailer" name="/home/shrinivaasanka/.fonts/" pid=4150 comm="evince-thumbnai" requested_mask="r" denied_mask="r" fsuid=1000 ouid=0
Jul 13 20:53:37 shrinivaasanka-Inspiron-1545 kernel: [ 1680.156440] audit: type=1400 audit(1436801017.226:87): apparmor="DENIED" operation="open" profile="/usr/bin/evince-thumbnailer" name="/home/shrinivaasanka/.config/fontconfig/fonts.conf" pid=4176 comm="evince-thumbnai" requested_mask="r" denied_mask="r" fsuid=1000 ouid=0
Jul 13 20:53:37 shrinivaasanka-Inspiron-1545 kernel: [ 1680.156480] audit: type=1400 audit(1436801017.226:88): apparmor="DENIED" operation="open" profile="/usr/bin/evince-thumbnailer" name="/home/shrinivaasanka/.config/fontconfig/fonts.conf" pid=4176 comm="evince-thumbnai" requested_mask="r" denied_mask="r" fsuid=1000 ouid=0
Jul 13 20:53:37 shrinivaasanka-Inspiron-1545 kernel: [ 1680.162705] audit: type=1400 audit(1436801017.230:89): apparmor="DENIED" operation="open" profile="/usr/bin/evince-thumbnailer" name="/home/shrinivaasanka/.fonts/" pid=4176 comm="evince-thumbnai" requested_mask="r" denied_mask="r" fsuid=1000 ouid=0
Jul 13 20:53:37 shrinivaasanka-Inspiron-1545 kernel: [ 1680.452976] audit: type=1400 audit(1436801017.522:90): apparmor="DENIED" operation="open" profile="/usr/bin/evince-thumbnailer" name="/home/shrinivaasanka/.config/fontconfig/fonts.conf" pid=4182 comm="evince-thumbnai" requested_mask="r" denied_mask="r" fsuid=1000 ouid=0
Jul 13 20:53:37 shrinivaasanka-Inspiron-1545 kernel: [ 1680.453015] audit: type=1400 audit(1436801017.522:91): apparmor="DENIED" operation="open" profile="/usr/bin/evince-thumbnailer" name="/home/shrinivaasanka/.config/fontconfig/fonts.conf" pid=4182 comm="evince-thumbnai" requested_mask="r" denied_mask="r" fsuid=1000 ouid=0
Jul 13 20:53:37 shrinivaasanka-Inspiron-1545 kernel: [ 1680.459252] audit: type=1400 audit(1436801017.526:92): apparmor="DENIED" operation="open" profile="/usr/bin/evince-thumbnailer" name="/home/shrinivaasanka/.fonts/" pid=4182 comm="evince-thumbnai" requested_mask="r" denied_mask="r" fsuid=1000 ouid=0
Jul 13 20:53:40 shrinivaasanka-Inspiron-1545 kernel: [ 1683.302246] audit: type=1400 audit(1436801020.370:93): apparmor="DENIED" operation="open" profile="/usr/bin/evince-thumbnailer" name="/home/shrinivaasanka/.config/fontconfig/fonts.conf" pid=4211 comm="evince-thumbnai" requested_mask="r" denied_mask="r" fsuid=1000 ouid=0
Jul 13 20:53:40 shrinivaasanka-Inspiron-1545 kernel: [ 1683.302285] audit: type=1400 audit(1436801020.370:94): apparmor="DENIED" operation="open" profile="/usr/bin/evince-thumbnailer" name="/home/shrinivaasanka/.config/fontconfig/fonts.conf" pid=4211 comm="evince-thumbnai" requested_mask="r" denied_mask="r" fsuid=1000 ouid=0
Jul 13 20:53:40 shrinivaasanka-Inspiron-1545 kernel: [ 1683.308565] audit: type=1400 audit(1436801020.378:95): apparmor="DENIED" operation="open" profile="/usr/bin/evince-thumbnailer" name="/home/shrinivaasanka/.fonts/" pid=4211 comm="evince-thumbnai" requested_mask="r" denied_mask="r" fsuid=1000 ouid=0
Jul 13 20:55:44 shrinivaasanka-Inspiron-1545 kernel: [ 1807.448212] [UFW BLOCK] IN=ppp0 OUT= MAC= SRC=108.171.244.250 DST=14.99.71.180 LEN=40 TOS=0x00 PREC=0x00 TTL=111 ID=256 PROTO=TCP SPT=6000 DPT=3306 WINDOW=16384 RES=0x00 SYN URGP=0 
Jul 13 20:58:53 shrinivaasanka-Inspiron-1545 kernel: [ 1996.085160] [UFW BLOCK] IN=ppp0 OUT= MAC= SRC=71.6.135.131 DST=14.99.71.180 LEN=40 TOS=0x10 PREC=0x00 TTL=112 ID=29275 PROTO=TCP SPT=34680 DPT=28017 WINDOW=3345 RES=0x00 SYN URGP=0 
Jul 13 20:59:35 shrinivaasanka-Inspiron-1545 kernel: [ 2038.884126] [UFW BLOCK] IN=ppp0 OUT= MAC= SRC=216.58.220.36 DST=14.99.71.180 LEN=40 TOS=0x00 PREC=0x00 TTL=250 ID=46427 DF PROTO=TCP SPT=80 DPT=38241 WINDOW=0 RES=0x00 ACK RST URGP=0 
Jul 13 20:59:36 shrinivaasanka-Inspiron-1545 kernel: [ 2039.902140] [UFW BLOCK] IN=ppp0 OUT= MAC= SRC=216.58.220.36 DST=14.99.71.180 LEN=40 TOS=0x00 PREC=0x00 TTL=250 ID=45298 DF PROTO=TCP SPT=80 DPT=38227 WINDOW=0 RES=0x00 ACK RST URGP=0 
Jul 13 21:02:18 shrinivaasanka-Inspiron-1545 kernel: [ 2201.688296] [UFW BLOCK] IN=ppp0 OUT= MAC= SRC=61.160.213.33 DST=14.99.71.180 LEN=40 TOS=0x00 PREC=0x00 TTL=110 ID=256 PROTO=TCP SPT=33992 DPT=8080 WINDOW=512 RES=0x00 SYN URGP=0 
Jul 13 21:03:49 shrinivaasanka-Inspiron-1545 kernel: [ 2292.579219] [UFW BLOCK] IN=ppp0 OUT= MAC= SRC=124.172.139.166 DST=14.99.71.180 LEN=40 TOS=0x00 PREC=0x00 TTL=102 ID=256 PROTO=TCP SPT=6000 DPT=1433 WINDOW=16384 RES=0x00 SYN URGP=0 
Jul 13 21:06:07 shrinivaasanka-Inspiron-1545 kernel: [ 2430.669325] [UFW BLOCK] IN=ppp0 OUT= MAC= SRC=61.160.213.33 DST=14.99.71.180 LEN=40 TOS=0x00 PREC=0x00 TTL=110 ID=256 PROTO=TCP SPT=33992 DPT=3128 WINDOW=512 RES=0x00 SYN URGP=0 
Jul 13 21:07:03 shrinivaasanka-Inspiron-1545 kernel: [ 2486.481257] [UFW BLOCK] IN=ppp0 OUT= MAC= SRC=125.46.42.93 DST=14.99.71.180 LEN=40 TOS=0x00 PREC=0x00 TTL=106 ID=256 PROTO=TCP SPT=6000 DPT=1433 WINDOW=16384 RES=0x00 SYN URGP=0 
Jul 13 21:07:27 shrinivaasanka-Inspiron-1545 kernel: [ 2510.562212] [UFW BLOCK] IN=ppp0 OUT= MAC= SRC=222.66.55.241 DST=14.99.71.180 LEN=40 TOS=0x00 PREC=0x00 TTL=103 ID=256 PROTO=TCP SPT=6000 DPT=1433 WINDOW=16384 RES=0x00 SYN URGP=0 
Jul 13 21:10:11 shrinivaasanka-Inspiron-1545 kernel: [ 2674.144378] [UFW BLOCK] IN=ppp0 OUT= MAC= SRC=173.212.125.131 DST=14.99.71.180 LEN=60 TOS=0x00 PREC=0x00 TTL=53 ID=60278 DF PROTO=TCP SPT=3644 DPT=23 WINDOW=5840 RES=0x00 SYN URGP=0 
Jul 13 21:10:17 shrinivaasanka-Inspiron-1545 kernel: [ 2680.501281] [UFW BLOCK] IN=ppp0 OUT= MAC= SRC=173.212.125.131 DST=14.99.71.180 LEN=60 TOS=0x00 PREC=0x00 TTL=53 ID=60279 DF PROTO=TCP SPT=3644 DPT=23 WINDOW=5840 RES=0x00 SYN URGP=0 
Jul 13 21:11:32 shrinivaasanka-Inspiron-1545 kernel: [ 2755.729273] [UFW BLOCK] IN=ppp0 OUT= MAC= SRC=58.221.47.12 DST=14.99.71.180 LEN=40 TOS=0x00 PREC=0x00 TTL=103 ID=256 PROTO=TCP SPT=6000 DPT=3306 WINDOW=16384 RES=0x00 SYN URGP=0 
Jul 13 21:12:13 shrinivaasanka-Inspiron-1545 kernel: [ 2796.450412] [UFW BLOCK] IN=ppp0 OUT= MAC= SRC=117.41.229.40 DST=14.99.71.180 LEN=40 TOS=0x00 PREC=0x00 TTL=110 ID=256 PROTO=TCP SPT=2001 DPT=8080 WINDOW=16384 RES=0x00 SYN URGP=0 
Jul 13 21:13:24 shrinivaasanka-Inspiron-1545 kernel: [ 2867.763312] [UFW BLOCK] IN=ppp0 OUT= MAC= SRC=113.108.127.71 DST=14.99.71.180 LEN=40 TOS=0x00 PREC=0x00 TTL=101 ID=30847 PROTO=TCP SPT=6000 DPT=8080 WINDOW=16384 RES=0x00 SYN URGP=0 
Jul 13 21:14:23 shrinivaasanka-Inspiron-1545 kernel: [ 2926.588354] [UFW BLOCK] IN=ppp0 OUT= MAC= SRC=61.160.213.33 DST=14.99.71.180 LEN=40 TOS=0x00 PREC=0x00 TTL=110 ID=256 PROTO=TCP SPT=33992 DPT=8080 WINDOW=512 RES=0x00 SYN URGP=0 
Jul 13 21:14:26 shrinivaasanka-Inspiron-1545 kernel: [ 2928.936314] [UFW BLOCK] IN=ppp0 OUT= MAC= SRC=216.58.220.36 DST=14.99.71.180 LEN=115 TOS=0x00 PREC=0x00 TTL=56 ID=3737 PROTO=TCP SPT=443 DPT=36705 WINDOW=350 RES=0x00 ACK PSH URGP=0 
Jul 13 21:14:26 shrinivaasanka-Inspiron-1545 kernel: [ 2928.971337] [UFW BLOCK] IN=ppp0 OUT= MAC= SRC=216.58.220.36 DST=14.99.71.180 LEN=115 TOS=0x00 PREC=0x00 TTL=56 ID=16694 PROTO=TCP SPT=443 DPT=36710 WINDOW=350 RES=0x00 ACK PSH URGP=0 
Jul 13 21:14:26 shrinivaasanka-Inspiron-1545 kernel: [ 2929.009344] [UFW BLOCK] IN=ppp0 OUT= MAC= SRC=216.58.220.36 DST=14.99.71.180 LEN=115 TOS=0x00 PREC=0x00 TTL=56 ID=60493 PROTO=TCP SPT=443 DPT=36709 WINDOW=350 RES=0x00 ACK PSH URGP=0 
Jul 13 21:14:26 shrinivaasanka-Inspiron-1545 kernel: [ 2929.017294] [UFW BLOCK] IN=ppp0 OUT= MAC= SRC=216.58.220.36 DST=14.99.71.180 LEN=115 TOS=0x00 PREC=0x00 TTL=56 ID=22852 PROTO=TCP SPT=443 DPT=36708 WINDOW=350 RES=0x00 ACK PSH URGP=0 
Jul 13 21:14:26 shrinivaasanka-Inspiron-1545 kernel: [ 2929.083342] [UFW BLOCK] IN=ppp0 OUT= MAC= SRC=216.58.220.36 DST=14.99.71.180 LEN=115 TOS=0x00 PREC=0x00 TTL=56 ID=4077 PROTO=TCP SPT=443 DPT=36706 WINDOW=350 RES=0x00 ACK PSH URGP=0 
Jul 13 21:14:26 shrinivaasanka-Inspiron-1545 kernel: [ 2929.587330] [UFW BLOCK] IN=ppp0 OUT= MAC= SRC=216.58.220.36 DST=14.99.71.180 LEN=52 TOS=0x00 PREC=0x00 TTL=56 ID=17030 PROTO=TCP SPT=443 DPT=36710 WINDOW=350 RES=0x00 ACK FIN URGP=0 
Jul 13 21:14:26 shrinivaasanka-Inspiron-1545 kernel: [ 2929.627323] [UFW BLOCK] IN=ppp0 OUT= MAC= SRC=216.58.220.36 DST=14.99.71.180 LEN=52 TOS=0x00 PREC=0x00 TTL=56 ID=60880 PROTO=TCP SPT=443 DPT=36709 WINDOW=350 RES=0x00 ACK FIN URGP=0 
Jul 13 21:14:26 shrinivaasanka-Inspiron-1545 kernel: [ 2929.635269] [UFW BLOCK] IN=ppp0 OUT= MAC= SRC=216.58.220.36 DST=14.99.71.180 LEN=52 TOS=0x00 PREC=0x00 TTL=56 ID=23289 PROTO=TCP SPT=443 DPT=36708 WINDOW=350 RES=0x00 ACK FIN URGP=0 
Jul 13 21:14:26 shrinivaasanka-Inspiron-1545 kernel: [ 2929.769422] [UFW BLOCK] IN=ppp0 OUT= MAC= SRC=216.58.220.36 DST=14.99.71.180 LEN=52 TOS=0x00 PREC=0x00 TTL=56 ID=4559 PROTO=TCP SPT=443 DPT=36706 WINDOW=350 RES=0x00 ACK FIN URGP=0 
Jul 13 21:14:27 shrinivaasanka-Inspiron-1545 kernel: [ 2930.919341] [UFW BLOCK] IN=ppp0 OUT= MAC= SRC=216.58.220.36 DST=14.99.71.180 LEN=115 TOS=0x00 PREC=0x00 TTL=56 ID=4607 PROTO=TCP SPT=443 DPT=36705 WINDOW=350 RES=0x00 ACK PSH URGP=0 
Jul 13 21:14:28 shrinivaasanka-Inspiron-1545 kernel: [ 2931.048344] [UFW BLOCK] IN=ppp0 OUT= MAC= SRC=216.58.220.36 DST=14.99.71.180 LEN=115 TOS=0x00 PREC=0x00 TTL=56 ID=17944 PROTO=TCP SPT=443 DPT=36710 WINDOW=350 RES=0x00 ACK PSH URGP=0 
Jul 13 21:14:28 shrinivaasanka-Inspiron-1545 kernel: [ 2931.139342] [UFW BLOCK] IN=ppp0 OUT= MAC= SRC=216.58.220.36 DST=14.99.71.180 LEN=115 TOS=0x00 PREC=0x00 TTL=56 ID=61995 PROTO=TCP SPT=443 DPT=36709 WINDOW=350 RES=0x00 ACK PSH URGP=0 
Jul 13 21:14:28 shrinivaasanka-Inspiron-1545 kernel: [ 2931.159332] [UFW BLOCK] IN=ppp0 OUT= MAC= SRC=216.58.220.36 DST=14.99.71.180 LEN=115 TOS=0x00 PREC=0x00 TTL=56 ID=24368 PROTO=TCP SPT=443 DPT=36708 WINDOW=350 RES=0x00 ACK PSH URGP=0 
Jul 13 21:14:29 shrinivaasanka-Inspiron-1545 kernel: [ 2932.277298] [UFW BLOCK] IN=ppp0 OUT= MAC= SRC=216.58.220.36 DST=14.99.71.180 LEN=52 TOS=0x00 PREC=0x00 TTL=56 ID=13852 PROTO=TCP SPT=443 DPT=36726 WINDOW=350 RES=0x00 ACK FIN URGP=0 
Jul 13 21:14:29 shrinivaasanka-Inspiron-1545 kernel: [ 2932.337275] [UFW BLOCK] IN=ppp0 OUT= MAC= SRC=216.58.220.36 DST=14.99.71.180 LEN=52 TOS=0x00 PREC=0x00 TTL=56 ID=62156 PROTO=TCP SPT=443 DPT=36719 WINDOW=350 RES=0x00 ACK FIN URGP=0 
Jul 13 21:14:29 shrinivaasanka-Inspiron-1545 kernel: [ 2932.392303] [UFW BLOCK] IN=ppp0 OUT= MAC= SRC=216.58.220.36 DST=14.99.71.180 LEN=52 TOS=0x00 PREC=0x00 TTL=56 ID=5280 PROTO=TCP SPT=443 DPT=36721 WINDOW=350 RES=0x00 ACK FIN URGP=0 
Jul 13 21:14:29 shrinivaasanka-Inspiron-1545 kernel: [ 2932.612343] [UFW BLOCK] IN=ppp0 OUT= MAC= SRC=216.58.220.36 DST=14.99.71.180 LEN=52 TOS=0x00 PREC=0x00 TTL=56 ID=14038 PROTO=TCP SPT=443 DPT=36726 WINDOW=350 RES=0x00 ACK FIN URGP=0 
Jul 13 21:14:29 shrinivaasanka-Inspiron-1545 kernel: [ 2932.712342] [UFW BLOCK] IN=ppp0 OUT= MAC= SRC=216.58.220.36 DST=14.99.71.180 LEN=52 TOS=0x00 PREC=0x00 TTL=56 ID=62435 PROTO=TCP SPT=443 DPT=36719 WINDOW=350 RES=0x00 ACK FIN URGP=0 
Jul 13 21:14:30 shrinivaasanka-Inspiron-1545 kernel: [ 2933.650275] [UFW BLOCK] IN=ppp0 OUT= MAC= SRC=216.58.220.36 DST=14.99.71.180 LEN=52 TOS=0x00 PREC=0x00 TTL=56 ID=6000 PROTO=TCP SPT=443 DPT=36721 WINDOW=350 RES=0x00 ACK FIN URGP=0 
Jul 13 21:14:48 shrinivaasanka-Inspiron-1545 kernel: [ 2951.081323] [UFW BLOCK] IN=ppp0 OUT= MAC= SRC=216.58.220.46 DST=14.99.71.180 LEN=40 TOS=0x00 PREC=0x00 TTL=247 ID=37817 DF PROTO=TCP SPT=80 DPT=48169 WINDOW=0 RES=0x00 ACK RST URGP=0 
Jul 13 21:15:06 shrinivaasanka-Inspiron-1545 kernel: [ 2969.893438] [UFW BLOCK] IN=ppp0 OUT= MAC= SRC=216.58.220.36 DST=14.99.71.180 LEN=40 TOS=0x00 PREC=0x00 TTL=249 ID=18523 DF PROTO=TCP SPT=80 DPT=38793 WINDOW=0 RES=0x00 ACK RST URGP=0 
Jul 13 21:15:46 shrinivaasanka-Inspiron-1545 kernel: [ 3009.227425] [UFW BLOCK] IN=ppp0 OUT= MAC= SRC=218.58.105.3 DST=14.99.71.180 LEN=60 TOS=0x00 PREC=0x00 TTL=51 ID=30246 DF PROTO=TCP SPT=1300 DPT=23 WINDOW=5840 RES=0x00 SYN URGP=0 
Jul 13 21:15:49 shrinivaasanka-Inspiron-1545 kernel: [ 3012.223340] [UFW BLOCK] IN=ppp0 OUT= MAC= SRC=218.58.105.3 DST=14.99.71.180 LEN=60 TOS=0x00 PREC=0x00 TTL=51 ID=30248 DF PROTO=TCP SPT=1300 DPT=23 WINDOW=5840 RES=0x00 SYN URGP=0 
Jul 13 21:15:55 shrinivaasanka-Inspiron-1545 kernel: [ 3018.221444] [UFW BLOCK] IN=ppp0 OUT= MAC= SRC=218.58.105.3 DST=14.99.71.180 LEN=60 TOS=0x00 PREC=0x00 TTL=51 ID=30250 DF PROTO=TCP SPT=1300 DPT=23 WINDOW=5840 RES=0x00 SYN URGP=0 
Jul 13 21:17:28 shrinivaasanka-Inspiron-1545 kernel: [ 3111.351426] [UFW BLOCK] IN=ppp0 OUT= MAC= SRC=222.74.181.166 DST=14.99.71.180 LEN=86 TOS=0x00 PREC=0x00 TTL=240 ID=45122 PROTO=UDP SPT=53 DPT=25210 LEN=66 
Jul 13 21:18:13 shrinivaasanka-Inspiron-1545 kernel: [ 3156.477355] [UFW BLOCK] IN=ppp0 OUT= MAC= SRC=61.160.213.33 DST=14.99.71.180 LEN=40 TOS=0x00 PREC=0x00 TTL=110 ID=256 PROTO=TCP SPT=33992 DPT=3128 WINDOW=512 RES=0x00 SYN URGP=0 
Jul 14 21:00:00 shrinivaasanka-Inspiron-1545 kernel: [    0.000000] Initializing cgroup subsys cpuset
Jul 14 21:00:00 shrinivaasanka-Inspiron-1545 kernel: [    0.000000] Initializing cgroup subsys cpu
Jul 14 21:00:00 shrinivaasanka-Inspiron-1545 kernel: [    0.000000] Initializing cgroup subsys cpuacct
Jul 14 21:00:00 shrinivaasanka-Inspiron-1545 kernel: [    0.000000] Linux version 4.0.5 (root@shrinivaasanka-Inspiron-1545) (gcc version 4.9.2 (Ubuntu 4.9.2-10ubuntu13) ) #1 SMP Sat Jul 4 13:39:54 IST 2015
Jul 14 21:00:00 shrinivaasanka-Inspiron-1545 kernel: [    0.000000] KERNEL supported cpus:
Jul 14 21:00:00 shrinivaasanka-Inspiron-1545 kernel: [    0.000000]   Intel GenuineIntel
Jul 14 21:00:00 shrinivaasanka-Inspiron-1545 kernel: [    0.000000]   AMD AuthenticAMD
Jul 14 21:00:00 shrinivaasanka-Inspiron-1545 kernel: [    0.000000]   NSC Geode by NSC
Jul 14 21:00:00 shrinivaasanka-Inspiron-1545 kernel: [    0.000000]   Cyrix CyrixInstead
Jul 14 21:00:00 shrinivaasanka-Inspiron-1545 kernel: [    0.000000]   Centaur CentaurHauls
Jul 14 21:00:00 shrinivaasanka-Inspiron-1545 kernel: [    0.000000]   Transmeta GenuineTMx86
Jul 14 21:00:00 shrinivaasanka-Inspiron-1545 kernel: [    0.000000]   Transmeta TransmetaCPU
Jul 14 21:00:00 shrinivaasanka-Inspiron-1545 kernel: [    0.000000]   UMC UMC UMC UMC
Jul 14 21:00:00 shrinivaasanka-Inspiron-1545 kernel: [    0.000000] e820: BIOS-provided physical RAM map:
Jul 14 21:00:00 shrinivaasanka-Inspiron-1545 kernel: [    0.000000] BIOS-e820: [mem 0x0000000000000000-0x000000000009efff] usable
Jul 14 21:00:00 shrinivaasanka-Inspiron-1545 kernel: [    0.000000] BIOS-e820: [mem 0x000000000009f000-0x000000000009ffff] reserved
Jul 14 21:00:00 shrinivaasanka-Inspiron-1545 kernel: [    0.000000] BIOS-e820: [mem 0x0000000000100000-0x00000000bd8bf3ff] usable
Jul 14 21:00:00 shrinivaasanka-Inspiron-1545 kernel: [    0.000000] BIOS-e820: [mem 0x00000000bd8bf400-0x00000000bdac13ff] ACPI NVS
Jul 14 21:00:00 shrinivaasanka-Inspiron-1545 kernel: [    0.000000] BIOS-e820: [mem 0x00000000bdac1400-0x00000000bfffffff] reserved
Jul 14 21:00:00 shrinivaasanka-Inspiron-1545 kernel: [    0.000000] BIOS-e820: [mem 0x00000000f8000000-0x00000000fbffffff] reserved
Jul 14 21:00:00 shrinivaasanka-Inspiron-1545 kernel: [    0.000000] BIOS-e820: [mem 0x00000000fec00000-0x00000000fec0ffff] reserved
Jul 14 21:00:00 shrinivaasanka-Inspiron-1545 kernel: [    0.000000] BIOS-e820: [mem 0x00000000fed18000-0x00000000fed1bfff] reserved
Jul 14 21:00:00 shrinivaasanka-Inspiron-1545 kernel: [    0.000000] BIOS-e820: [mem 0x00000000fed20000-0x00000000fed8ffff] reserved
Jul 14 21:00:00 shrinivaasanka-Inspiron-1545 kernel: [    0.000000] BIOS-e820: [mem 0x00000000feda0000-0x00000000feda5fff] reserved
Jul 14 21:00:00 shrinivaasanka-Inspiron-1545 kernel: [    0.000000] BIOS-e820: [mem 0x00000000fee00000-0x00000000fee0ffff] reserved
Jul 14 21:00:00 shrinivaasanka-Inspiron-1545 kernel: [    0.000000] BIOS-e820: [mem 0x00000000ffe00000-0x00000000ffffffff] reserved
Jul 14 21:00:00 shrinivaasanka-Inspiron-1545 kernel: [    0.000000] NX (Execute Disable) protection: active
Jul 14 21:00:00 shrinivaasanka-Inspiron-1545 kernel: [    0.000000] SMBIOS 2.4 present.
Jul 14 21:00:00 shrinivaasanka-Inspiron-1545 kernel: [    0.000000] DMI: Dell Inc. Inspiron 1545                   /0J037P, BIOS A14 12/07/2009
Jul 14 21:00:00 shrinivaasanka-Inspiron-1545 kernel: [    0.000000] e820: update [mem 0x00000000-0x00000fff] usable ==> reserved
Jul 14 21:00:00 shrinivaasanka-Inspiron-1545 kernel: [    0.000000] e820: remove [mem 0x000a0000-0x000fffff] usable
Jul 14 21:00:00 shrinivaasanka-Inspiron-1545 kernel: [    0.000000] e820: last_pfn = 0xbd8bf max_arch_pfn = 0x1000000
Jul 14 21:00:00 shrinivaasanka-Inspiron-1545 kernel: [    0.000000] MTRR default type: uncachable
Jul 14 21:00:00 shrinivaasanka-Inspiron-1545 kernel: [    0.000000] MTRR fixed ranges enabled:
Jul 14 21:00:00 shrinivaasanka-Inspiron-1545 kernel: [    0.000000]   00000-9FFFF write-back
Jul 14 21:00:00 shrinivaasanka-Inspiron-1545 kernel: [    0.000000]   A0000-BFFFF uncachable
Jul 14 21:00:00 shrinivaasanka-Inspiron-1545 kernel: [    0.000000]   C0000-CFFFF write-protect
Jul 14 21:00:00 shrinivaasanka-Inspiron-1545 kernel: [    0.000000]   D0000-EFFFF uncachable
Jul 14 21:00:00 shrinivaasanka-Inspiron-1545 kernel: [    0.000000]   F0000-FFFFF write-protect
Jul 14 21:00:00 shrinivaasanka-Inspiron-1545 kernel: [    0.000000] MTRR variable ranges enabled:
Jul 14 21:00:00 shrinivaasanka-Inspiron-1545 kernel: [    0.000000]   0 base 000000000 mask 800000000 write-back
Jul 14 21:00:00 shrinivaasanka-Inspiron-1545 kernel: [    0.000000]   1 base 0E0000000 mask FE0000000 uncachable
Jul 14 21:00:00 shrinivaasanka-Inspiron-1545 kernel: [    0.000000]   2 base 0BDC00000 mask FFFC00000 uncachable
Jul 14 21:00:00 shrinivaasanka-Inspiron-1545 kernel: [    0.000000]   3 base 0BE000000 mask FFE000000 uncachable
Jul 14 21:00:00 shrinivaasanka-Inspiron-1545 kernel: [    0.000000]   4 disabled
Jul 14 21:00:00 shrinivaasanka-Inspiron-1545 kernel: [    0.000000]   5 disabled
Jul 14 21:00:00 shrinivaasanka-Inspiron-1545 kernel: [    0.000000]   6 disabled
Jul 14 21:00:00 shrinivaasanka-Inspiron-1545 kernel: [    0.000000] PAT configuration [0-7]: WB  WC  UC- UC  WB  WC  UC- UC  
Jul 14 21:00:00 shrinivaasanka-Inspiron-1545 kernel: [    0.000000] original variable MTRRs
Jul 14 21:00:00 shrinivaasanka-Inspiron-1545 kernel: [    0.000000] reg 0, base: 0GB, range: 32GB, type WB
Jul 14 21:00:00 shrinivaasanka-Inspiron-1545 kernel: [    0.000000] reg 1, base: 3584MB, range: 512MB, type UC
Jul 14 21:00:00 shrinivaasanka-Inspiron-1545 kernel: [    0.000000] reg 2, base: 3036MB, range: 4MB, type UC
Jul 14 21:00:00 shrinivaasanka-Inspiron-1545 kernel: [    0.000000] reg 3, base: 3040MB, range: 32MB, type UC
Jul 14 21:00:00 shrinivaasanka-Inspiron-1545 kernel: [    0.000000] total RAM covered: 32220M
Jul 14 21:00:00 shrinivaasanka-Inspiron-1545 kernel: [    0.000000]  gran_size: 64K 	chunk_size: 64K 	num_reg: 7  	lose cover RAM: 29188M
Jul 14 21:00:00 shrinivaasanka-Inspiron-1545 kernel: [    0.000000]  gran_size: 64K 	chunk_size: 128K 	num_reg: 7  	lose cover RAM: 29188M
Jul 14 21:00:00 shrinivaasanka-Inspiron-1545 kernel: [    0.000000]  gran_size: 64K 	chunk_size: 256K 	num_reg: 7  	lose cover RAM: 29188M
Jul 14 21:00:00 shrinivaasanka-Inspiron-1545 kernel: [    0.000000]  gran_size: 64K 	chunk_size: 512K 	num_reg: 7  	lose cover RAM: 29188M
Jul 14 21:00:00 shrinivaasanka-Inspiron-1545 kernel: [    0.000000]  gran_size: 64K 	chunk_size: 1M 	num_reg: 7  	lose cover RAM: 29188M
Jul 14 21:00:00 shrinivaasanka-Inspiron-1545 kernel: [    0.000000]  gran_size: 64K 	chunk_size: 2M 	num_reg: 7  	lose cover RAM: 29188M
Jul 14 21:00:00 shrinivaasanka-Inspiron-1545 kernel: [    0.000000]  gran_size: 64K 	chunk_size: 4M 	num_reg: 7  	lose cover RAM: 29188M
Jul 14 21:00:00 shrinivaasanka-Inspiron-1545 kernel: [    0.000000]  gran_size: 64K 	chunk_size: 8M 	num_reg: 7  	lose cover RAM: 29184M
Jul 14 21:00:00 shrinivaasanka-Inspiron-1545 kernel: [    0.000000]  gran_size: 64K 	chunk_size: 16M 	num_reg: 7  	lose cover RAM: 29184M
Jul 14 21:00:00 shrinivaasanka-Inspiron-1545 kernel: [    0.000000]  gran_size: 64K 	chunk_size: 32M 	num_reg: 7  	lose cover RAM: 29184M
Jul 14 21:00:00 shrinivaasanka-Inspiron-1545 kernel: [    0.000000]  gran_size: 64K 	chunk_size: 64M 	num_reg: 7  	lose cover RAM: 16G
Jul 14 21:00:00 shrinivaasanka-Inspiron-1545 kernel: [    0.000000]  gran_size: 64K 	chunk_size: 128M 	num_reg: 7  	lose cover RAM: 16G
Jul 14 21:00:00 shrinivaasanka-Inspiron-1545 kernel: [    0.000000]  gran_size: 64K 	chunk_size: 256M 	num_reg: 7  	lose cover RAM: 16G
Jul 14 21:00:00 shrinivaasanka-Inspiron-1545 kernel: [    0.000000]  gran_size: 64K 	chunk_size: 512M 	num_reg: 7  	lose cover RAM: 16G
Jul 14 21:00:00 shrinivaasanka-Inspiron-1545 kernel: [    0.000000]  gran_size: 64K 	chunk_size: 1G 	num_reg: 7  	lose cover RAM: 16G
Jul 14 21:00:00 shrinivaasanka-Inspiron-1545 kernel: [    0.000000]  gran_size: 64K 	chunk_size: 2G 	num_reg: 7  	lose cover RAM: 29188M
Jul 14 21:00:00 shrinivaasanka-Inspiron-1545 kernel: [    0.000000]  gran_size: 128K 	chunk_size: 128K 	num_reg: 7  	lose cover RAM: 29188M
Jul 14 21:00:00 shrinivaasanka-Inspiron-1545 kernel: [    0.000000]  gran_size: 128K 	chunk_size: 256K 	num_reg: 7  	lose cover RAM: 29188M
Jul 14 21:00:00 shrinivaasanka-Inspiron-1545 kernel: [    0.000000]  gran_size: 128K 	chunk_size: 512K 	num_reg: 7  	lose cover RAM: 29188M
Jul 14 21:00:00 shrinivaasanka-Inspiron-1545 kernel: [    0.000000]  gran_size: 128K 	chunk_size: 1M 	num_reg: 7  	lose cover RAM: 29188M
Jul 14 21:00:00 shrinivaasanka-Inspiron-1545 kernel: [    0.000000]  gran_size: 128K 	chunk_size: 2M 	num_reg: 7  	lose cover RAM: 29188M
Jul 14 21:00:00 shrinivaasanka-Inspiron-1545 kernel: [    0.000000]  gran_size: 128K 	chunk_size: 4M 	num_reg: 7  	lose cover RAM: 29188M
Jul 14 21:00:00 shrinivaasanka-Inspiron-1545 kernel: [    0.000000]  gran_size: 128K 	chunk_size: 8M 	num_reg: 7  	lose cover RAM: 29184M
Jul 14 21:00:00 shrinivaasanka-Inspiron-1545 kernel: [    0.000000]  gran_size: 128K 	chunk_size: 16M 	num_reg: 7  	lose cover RAM: 29184M
Jul 14 21:00:00 shrinivaasanka-Inspiron-1545 kernel: [    0.000000]  gran_size: 128K 	chunk_size: 32M 	num_reg: 7  	lose cover RAM: 29184M
Jul 14 21:00:00 shrinivaasanka-Inspiron-1545 kernel: [    0.000000]  gran_size: 128K 	chunk_size: 64M 	num_reg: 7  	lose cover RAM: 16G
Jul 14 21:00:00 shrinivaasanka-Inspiron-1545 kernel: [    0.000000]  gran_size: 128K 	chunk_size: 128M 	num_reg: 7  	lose cover RAM: 16G
Jul 14 21:00:00 shrinivaasanka-Inspiron-1545 kernel: [    0.000000]  gran_size: 128K 	chunk_size: 256M 	num_reg: 7  	lose cover RAM: 16G
Jul 14 21:00:00 shrinivaasanka-Inspiron-1545 kernel: [    0.000000]  gran_size: 128K 	chunk_size: 512M 	num_reg: 7  	lose cover RAM: 16G
Jul 14 21:00:00 shrinivaasanka-Inspiron-1545 kernel: [    0.000000]  gran_size: 128K 	chunk_size: 1G 	num_reg: 7  	lose cover RAM: 16G
Jul 14 21:00:00 shrinivaasanka-Inspiron-1545 kernel: [    0.000000]  gran_size: 128K 	chunk_size: 2G 	num_reg: 7  	lose cover RAM: 29188M
Jul 14 21:00:00 shrinivaasanka-Inspiron-1545 kernel: [    0.000000]  gran_size: 256K 	chunk_size: 256K 	num_reg: 7  	lose cover RAM: 29188M
Jul 14 21:00:00 shrinivaasanka-Inspiron-1545 kernel: [    0.000000]  gran_size: 256K 	chunk_size: 512K 	num_reg: 7  	lose cover RAM: 29188M
Jul 14 21:00:00 shrinivaasanka-Inspiron-1545 kernel: [    0.000000]  gran_size: 256K 	chunk_size: 1M 	num_reg: 7  	lose cover RAM: 29188M
Jul 14 21:00:00 shrinivaasanka-Inspiron-1545 kernel: [    0.000000]  gran_size: 256K 	chunk_size: 2M 	num_reg: 7  	lose cover RAM: 29188M
Jul 14 21:00:00 shrinivaasanka-Inspiron-1545 kernel: [    0.000000]  gran_size: 256K 	chunk_size: 4M 	num_reg: 7  	lose cover RAM: 29188M
Jul 14 21:00:00 shrinivaasanka-Inspiron-1545 kernel: [    0.000000]  gran_size: 256K 	chunk_size: 8M 	num_reg: 7  	lose cover RAM: 29184M
Jul 14 21:00:00 shrinivaasanka-Inspiron-1545 kernel: [    0.000000]  gran_size: 256K 	chunk_size: 16M 	num_reg: 7  	lose cover RAM: 29184M
Jul 14 21:00:00 shrinivaasanka-Inspiron-1545 kernel: [    0.000000]  gran_size: 256K 	chunk_size: 32M 	num_reg: 7  	lose cover RAM: 29184M
Jul 14 21:00:00 shrinivaasanka-Inspiron-1545 kernel: [    0.000000]  gran_size: 256K 	chunk_size: 64M 	num_reg: 7  	lose cover RAM: 16G
Jul 14 21:00:00 shrinivaasanka-Inspiron-1545 kernel: [    0.000000]  gran_size: 256K 	chunk_size: 128M 	num_reg: 7  	lose cover RAM: 16G
Jul 14 21:00:00 shrinivaasanka-Inspiron-1545 kernel: [    0.000000]  gran_size: 256K 	chunk_size: 256M 	num_reg: 7  	lose cover RAM: 16G
Jul 14 21:00:00 shrinivaasanka-Inspiron-1545 kernel: [    0.000000]  gran_size: 256K 	chunk_size: 512M 	num_reg: 7  	lose cover RAM: 16G
Jul 14 21:00:00 shrinivaasanka-Inspiron-1545 kernel: [    0.000000]  gran_size: 256K 	chunk_size: 1G 	num_reg: 7  	lose cover RAM: 16G
Jul 14 21:00:00 shrinivaasanka-Inspiron-1545 kernel: [    0.000000]  gran_size: 256K 	chunk_size: 2G 	num_reg: 7  	lose cover RAM: 29188M
Jul 14 21:00:00 shrinivaasanka-Inspiron-1545 kernel: [    0.000000]  gran_size: 512K 	chunk_size: 512K 	num_reg: 7  	lose cover RAM: 29188M
Jul 14 21:00:00 shrinivaasanka-Inspiron-1545 kernel: [    0.000000]  gran_size: 512K 	chunk_size: 1M 	num_reg: 7  	lose cover RAM: 29188M
Jul 14 21:00:00 shrinivaasanka-Inspiron-1545 kernel: [    0.000000]  gran_size: 512K 	chunk_size: 2M 	num_reg: 7  	lose cover RAM: 29188M
Jul 14 21:00:00 shrinivaasanka-Inspiron-1545 kernel: [    0.000000]  gran_size: 512K 	chunk_size: 4M 	num_reg: 7  	lose cover RAM: 29188M
Jul 14 21:00:00 shrinivaasanka-Inspiron-1545 kernel: [    0.000000]  gran_size: 512K 	chunk_size: 8M 	num_reg: 7  	lose cover RAM: 29184M
Jul 14 21:00:00 shrinivaasanka-Inspiron-1545 kernel: [    0.000000]  gran_size: 512K 	chunk_size: 16M 	num_reg: 7  	lose cover RAM: 29184M
Jul 14 21:00:00 shrinivaasanka-Inspiron-1545 kernel: [    0.000000]  gran_size: 512K 	chunk_size: 32M 	num_reg: 7  	lose cover RAM: 29184M
Jul 14 21:00:00 shrinivaasanka-Inspiron-1545 kernel: [    0.000000]  gran_size: 512K 	chunk_size: 64M 	num_reg: 7  	lose cover RAM: 16G
Jul 14 21:00:00 shrinivaasanka-Inspiron-1545 kernel: [    0.000000]  gran_size: 512K 	chunk_size: 128M 	num_reg: 7  	lose cover RAM: 16G
Jul 14 21:00:00 shrinivaasanka-Inspiron-1545 kernel: [    0.000000]  gran_size: 512K 	chunk_size: 256M 	num_reg: 7  	lose cover RAM: 16G
Jul 14 21:00:00 shrinivaasanka-Inspiron-1545 kernel: [    0.000000]  gran_size: 512K 	chunk_size: 512M 	num_reg: 7  	lose cover RAM: 16G
Jul 14 21:00:00 shrinivaasanka-Inspiron-1545 kernel: [    0.000000]  gran_size: 512K 	chunk_size: 1G 	num_reg: 7  	lose cover RAM: 16G
Jul 14 21:00:00 shrinivaasanka-Inspiron-1545 kernel: [    0.000000]  gran_size: 512K 	chunk_size: 2G 	num_reg: 7  	lose cover RAM: 29188M
Jul 14 21:00:00 shrinivaasanka-Inspiron-1545 kernel: [    0.000000]  gran_size: 1M 	chunk_size: 1M 	num_reg: 7  	lose cover RAM: 29188M
Jul 14 21:00:00 shrinivaasanka-Inspiron-1545 kernel: [    0.000000]  gran_size: 1M 	chunk_size: 2M 	num_reg: 7  	lose cover RAM: 29188M
Jul 14 21:00:00 shrinivaasanka-Inspiron-1545 kernel: [    0.000000]  gran_size: 1M 	chunk_size: 4M 	num_reg: 7  	lose cover RAM: 29188M
Jul 14 21:00:00 shrinivaasanka-Inspiron-1545 kernel: [    0.000000]  gran_size: 1M 	chunk_size: 8M 	num_reg: 7  	lose cover RAM: 29184M
Jul 14 21:00:00 shrinivaasanka-Inspiron-1545 kernel: [    0.000000]  gran_size: 1M 	chunk_size: 16M 	num_reg: 7  	lose cover RAM: 29184M
Jul 14 21:00:00 shrinivaasanka-Inspiron-1545 kernel: [    0.000000]  gran_size: 1M 	chunk_size: 32M 	num_reg: 7  	lose cover RAM: 29184M
Jul 14 21:00:00 shrinivaasanka-Inspiron-1545 kernel: [    0.000000]  gran_size: 1M 	chunk_size: 64M 	num_reg: 7  	lose cover RAM: 16G
Jul 14 21:00:00 shrinivaasanka-Inspiron-1545 kernel: [    0.000000]  gran_size: 1M 	chunk_size: 128M 	num_reg: 7  	lose cover RAM: 16G
Jul 14 21:00:00 shrinivaasanka-Inspiron-1545 kernel: [    0.000000]  gran_size: 1M 	chunk_size: 256M 	num_reg: 7  	lose cover RAM: 16G
Jul 14 21:00:00 shrinivaasanka-Inspiron-1545 kernel: [    0.000000]  gran_size: 1M 	chunk_size: 512M 	num_reg: 7  	lose cover RAM: 16G
Jul 14 21:00:00 shrinivaasanka-Inspiron-1545 kernel: [    0.000000]  gran_size: 1M 	chunk_size: 1G 	num_reg: 7  	lose cover RAM: 16G
Jul 14 21:00:00 shrinivaasanka-Inspiron-1545 kernel: [    0.000000]  gran_size: 1M 	chunk_size: 2G 	num_reg: 7  	lose cover RAM: 29188M
Jul 14 21:00:00 shrinivaasanka-Inspiron-1545 kernel: [    0.000000]  gran_size: 2M 	chunk_size: 2M 	num_reg: 7  	lose cover RAM: 29188M
Jul 14 21:00:00 shrinivaasanka-Inspiron-1545 kernel: [    0.000000]  gran_size: 2M 	chunk_size: 4M 	num_reg: 7  	lose cover RAM: 29188M
Jul 14 21:00:00 shrinivaasanka-Inspiron-1545 kernel: [    0.000000]  gran_size: 2M 	chunk_size: 8M 	num_reg: 7  	lose cover RAM: 29184M
Jul 14 21:00:00 shrinivaasanka-Inspiron-1545 kernel: [    0.000000]  gran_size: 2M 	chunk_size: 16M 	num_reg: 7  	lose cover RAM: 29184M
Jul 14 21:00:00 shrinivaasanka-Inspiron-1545 kernel: [    0.000000]  gran_size: 2M 	chunk_size: 32M 	num_reg: 7  	lose cover RAM: 29184M
Jul 14 21:00:00 shrinivaasanka-Inspiron-1545 kernel: [    0.000000]  gran_size: 2M 	chunk_size: 64M 	num_reg: 7  	lose cover RAM: 16G
Jul 14 21:00:00 shrinivaasanka-Inspiron-1545 kernel: [    0.000000]  gran_size: 2M 	chunk_size: 128M 	num_reg: 7  	lose cover RAM: 16G
Jul 14 21:00:00 shrinivaasanka-Inspiron-1545 kernel: [    0.000000]  gran_size: 2M 	chunk_size: 256M 	num_reg: 7  	lose cover RAM: 16G
Jul 14 21:00:00 shrinivaasanka-Inspiron-1545 kernel: [    0.000000]  gran_size: 2M 	chunk_size: 512M 	num_reg: 7  	lose cover RAM: 16G
Jul 14 21:00:00 shrinivaasanka-Inspiron-1545 kernel: [    0.000000]  gran_size: 2M 	chunk_size: 1G 	num_reg: 7  	lose cover RAM: 16G
Jul 14 21:00:00 shrinivaasanka-Inspiron-1545 kernel: [    0.000000]  gran_size: 2M 	chunk_size: 2G 	num_reg: 7  	lose cover RAM: 29188M
Jul 14 21:00:00 shrinivaasanka-Inspiron-1545 kernel: [    0.000000]  gran_size: 4M 	chunk_size: 4M 	num_reg: 7  	lose cover RAM: 29188M
Jul 14 21:00:00 shrinivaasanka-Inspiron-1545 kernel: [    0.000000]  gran_size: 4M 	chunk_size: 8M 	num_reg: 7  	lose cover RAM: 29184M
Jul 14 21:00:00 shrinivaasanka-Inspiron-1545 kernel: [    0.000000]  gran_size: 4M 	chunk_size: 16M 	num_reg: 7  	lose cover RAM: 29184M
Jul 14 21:00:00 shrinivaasanka-Inspiron-1545 kernel: [    0.000000]  gran_size: 4M 	chunk_size: 32M 	num_reg: 7  	lose cover RAM: 29184M
Jul 14 21:00:00 shrinivaasanka-Inspiron-1545 kernel: [    0.000000]  gran_size: 4M 	chunk_size: 64M 	num_reg: 7  	lose cover RAM: 16G
Jul 14 21:00:00 shrinivaasanka-Inspiron-1545 kernel: [    0.000000]  gran_size: 4M 	chunk_size: 128M 	num_reg: 7  	lose cover RAM: 16G
Jul 14 21:00:00 shrinivaasanka-Inspiron-1545 kernel: [    0.000000]  gran_size: 4M 	chunk_size: 256M 	num_reg: 7  	lose cover RAM: 16G
Jul 14 21:00:00 shrinivaasanka-Inspiron-1545 kernel: [    0.000000]  gran_size: 4M 	chunk_size: 512M 	num_reg: 7  	lose cover RAM: 16G
Jul 14 21:00:00 shrinivaasanka-Inspiron-1545 kernel: [    0.000000]  gran_size: 4M 	chunk_size: 1G 	num_reg: 7  	lose cover RAM: 16G
Jul 14 21:00:00 shrinivaasanka-Inspiron-1545 kernel: [    0.000000]  gran_size: 4M 	chunk_size: 2G 	num_reg: 7  	lose cover RAM: 29188M
Jul 14 21:00:00 shrinivaasanka-Inspiron-1545 kernel: [    0.000000]  gran_size: 8M 	chunk_size: 8M 	num_reg: 7  	lose cover RAM: 29188M
Jul 14 21:00:00 shrinivaasanka-Inspiron-1545 kernel: [    0.000000]  gran_size: 8M 	chunk_size: 16M 	num_reg: 7  	lose cover RAM: 29188M
Jul 14 21:00:00 shrinivaasanka-Inspiron-1545 kernel: [    0.000000]  gran_size: 8M 	chunk_size: 32M 	num_reg: 7  	lose cover RAM: 29188M
Jul 14 21:00:00 shrinivaasanka-Inspiron-1545 kernel: [    0.000000]  gran_size: 8M 	chunk_size: 64M 	num_reg: 7  	lose cover RAM: 16388M
Jul 14 21:00:00 shrinivaasanka-Inspiron-1545 kernel: [    0.000000]  gran_size: 8M 	chunk_size: 128M 	num_reg: 7  	lose cover RAM: 16388M
Jul 14 21:00:00 shrinivaasanka-Inspiron-1545 kernel: [    0.000000]  gran_size: 8M 	chunk_size: 256M 	num_reg: 7  	lose cover RAM: 16388M
Jul 14 21:00:00 shrinivaasanka-Inspiron-1545 kernel: [    0.000000]  gran_size: 8M 	chunk_size: 512M 	num_reg: 7  	lose cover RAM: 16388M
Jul 14 21:00:00 shrinivaasanka-Inspiron-1545 kernel: [    0.000000]  gran_size: 8M 	chunk_size: 1G 	num_reg: 7  	lose cover RAM: 16388M
Jul 14 21:00:00 shrinivaasanka-Inspiron-1545 kernel: [    0.000000]  gran_size: 8M 	chunk_size: 2G 	num_reg: 7  	lose cover RAM: 29188M
Jul 14 21:00:00 shrinivaasanka-Inspiron-1545 kernel: [    0.000000]  gran_size: 16M 	chunk_size: 16M 	num_reg: 7  	lose cover RAM: 28684M
Jul 14 21:00:00 shrinivaasanka-Inspiron-1545 kernel: [    0.000000]  gran_size: 16M 	chunk_size: 32M 	num_reg: 7  	lose cover RAM: 29196M
Jul 14 21:00:00 shrinivaasanka-Inspiron-1545 kernel: [    0.000000]  gran_size: 16M 	chunk_size: 64M 	num_reg: 7  	lose cover RAM: 16396M
Jul 14 21:00:00 shrinivaasanka-Inspiron-1545 kernel: [    0.000000]  gran_size: 16M 	chunk_size: 128M 	num_reg: 7  	lose cover RAM: 16396M
Jul 14 21:00:00 shrinivaasanka-Inspiron-1545 kernel: [    0.000000]  gran_size: 16M 	chunk_size: 256M 	num_reg: 7  	lose cover RAM: 16396M
Jul 14 21:00:00 shrinivaasanka-Inspiron-1545 kernel: [    0.000000]  gran_size: 16M 	chunk_size: 512M 	num_reg: 7  	lose cover RAM: 16396M
Jul 14 21:00:00 shrinivaasanka-Inspiron-1545 kernel: [    0.000000]  gran_size: 16M 	chunk_size: 1G 	num_reg: 7  	lose cover RAM: 16396M
Jul 14 21:00:00 shrinivaasanka-Inspiron-1545 kernel: [    0.000000]  gran_size: 16M 	chunk_size: 2G 	num_reg: 7  	lose cover RAM: 28172M
Jul 14 21:00:00 shrinivaasanka-Inspiron-1545 kernel: [    0.000000]  gran_size: 32M 	chunk_size: 32M 	num_reg: 7  	lose cover RAM: 24604M
Jul 14 21:00:00 shrinivaasanka-Inspiron-1545 kernel: [    0.000000]  gran_size: 32M 	chunk_size: 64M 	num_reg: 7  	lose cover RAM: 24604M
Jul 14 21:00:00 shrinivaasanka-Inspiron-1545 kernel: [    0.000000]  gran_size: 32M 	chunk_size: 128M 	num_reg: 7  	lose cover RAM: 28M
Jul 14 21:00:00 shrinivaasanka-Inspiron-1545 kernel: [    0.000000]  gran_size: 32M 	chunk_size: 256M 	num_reg: 7  	lose cover RAM: 28M
Jul 14 21:00:00 shrinivaasanka-Inspiron-1545 kernel: [    0.000000]  gran_size: 32M 	chunk_size: 512M 	num_reg: 7  	lose cover RAM: 28M
Jul 14 21:00:00 shrinivaasanka-Inspiron-1545 kernel: [    0.000000]  gran_size: 32M 	chunk_size: 1G 	num_reg: 7  	lose cover RAM: 28M
Jul 14 21:00:00 shrinivaasanka-Inspiron-1545 kernel: [    0.000000]  gran_size: 32M 	chunk_size: 2G 	num_reg: 7  	lose cover RAM: 27164M
Jul 14 21:00:00 shrinivaasanka-Inspiron-1545 kernel: [    0.000000]  gran_size: 64M 	chunk_size: 64M 	num_reg: 7  	lose cover RAM: 24604M
Jul 14 21:00:00 shrinivaasanka-Inspiron-1545 kernel: [    0.000000]  gran_size: 64M 	chunk_size: 128M 	num_reg: 7  	lose cover RAM: 28M
Jul 14 21:00:00 shrinivaasanka-Inspiron-1545 kernel: [    0.000000]  gran_size: 64M 	chunk_size: 256M 	num_reg: 7  	lose cover RAM: 28M
Jul 14 21:00:00 shrinivaasanka-Inspiron-1545 kernel: [    0.000000]  gran_size: 64M 	chunk_size: 512M 	num_reg: 7  	lose cover RAM: 28M
Jul 14 21:00:00 shrinivaasanka-Inspiron-1545 kernel: [    0.000000]  gran_size: 64M 	chunk_size: 1G 	num_reg: 7  	lose cover RAM: 28M
Jul 14 21:00:00 shrinivaasanka-Inspiron-1545 kernel: [    0.000000]  gran_size: 64M 	chunk_size: 2G 	num_reg: 7  	lose cover RAM: 27164M
Jul 14 21:00:00 shrinivaasanka-Inspiron-1545 kernel: [    0.000000]  gran_size: 128M 	chunk_size: 128M 	num_reg: 7  	lose cover RAM: 16476M
Jul 14 21:00:00 shrinivaasanka-Inspiron-1545 kernel: [    0.000000]  gran_size: 128M 	chunk_size: 256M 	num_reg: 7  	lose cover RAM: 92M
Jul 14 21:00:00 shrinivaasanka-Inspiron-1545 kernel: [    0.000000]  gran_size: 128M 	chunk_size: 512M 	num_reg: 7  	lose cover RAM: 92M
Jul 14 21:00:00 shrinivaasanka-Inspiron-1545 kernel: [    0.000000]  gran_size: 128M 	chunk_size: 1G 	num_reg: 7  	lose cover RAM: 92M
Jul 14 21:00:00 shrinivaasanka-Inspiron-1545 kernel: [    0.000000]  gran_size: 128M 	chunk_size: 2G 	num_reg: 7  	lose cover RAM: 27740M
Jul 14 21:00:00 shrinivaasanka-Inspiron-1545 kernel: [    0.000000]  gran_size: 256M 	chunk_size: 256M 	num_reg: 7  	lose cover RAM: 220M
Jul 14 21:00:00 shrinivaasanka-Inspiron-1545 kernel: [    0.000000]  gran_size: 256M 	chunk_size: 512M 	num_reg: 7  	lose cover RAM: 220M
Jul 14 21:00:00 shrinivaasanka-Inspiron-1545 kernel: [    0.000000]  gran_size: 256M 	chunk_size: 1G 	num_reg: 7  	lose cover RAM: 220M
Jul 14 21:00:00 shrinivaasanka-Inspiron-1545 kernel: [    0.000000]  gran_size: 256M 	chunk_size: 2G 	num_reg: 7  	lose cover RAM: 26844M
Jul 14 21:00:00 shrinivaasanka-Inspiron-1545 kernel: [    0.000000]  gran_size: 512M 	chunk_size: 512M 	num_reg: 6  	lose cover RAM: 476M
Jul 14 21:00:00 shrinivaasanka-Inspiron-1545 kernel: [    0.000000]  gran_size: 512M 	chunk_size: 1G 	num_reg: 7  	lose cover RAM: 476M
Jul 14 21:00:00 shrinivaasanka-Inspiron-1545 kernel: [    0.000000]  gran_size: 512M 	chunk_size: 2G 	num_reg: 7  	lose cover RAM: 25052M
Jul 14 21:00:00 shrinivaasanka-Inspiron-1545 kernel: [    0.000000]  gran_size: 1G 	chunk_size: 1G 	num_reg: 4  	lose cover RAM: 1500M
Jul 14 21:00:00 shrinivaasanka-Inspiron-1545 kernel: [    0.000000]  gran_size: 1G 	chunk_size: 2G 	num_reg: 4  	lose cover RAM: 1500M
Jul 14 21:00:00 shrinivaasanka-Inspiron-1545 kernel: [    0.000000]  gran_size: 2G 	chunk_size: 2G 	num_reg: 4  	lose cover RAM: 1500M
Jul 14 21:00:00 shrinivaasanka-Inspiron-1545 kernel: [    0.000000] mtrr_cleanup: can not find optimal value
Jul 14 21:00:00 shrinivaasanka-Inspiron-1545 kernel: [    0.000000] please specify mtrr_gran_size/mtrr_chunk_size
Jul 14 21:00:00 shrinivaasanka-Inspiron-1545 kernel: [    0.000000] e820: update [mem 0xbdc00000-0xbfffffff] usable ==> reserved
Jul 14 21:00:00 shrinivaasanka-Inspiron-1545 kernel: [    0.000000] e820: update [mem 0xe0000000-0xffffffff] usable ==> reserved
Jul 14 21:00:00 shrinivaasanka-Inspiron-1545 kernel: [    0.000000] Scanning 1 areas for low memory corruption
Jul 14 21:00:00 shrinivaasanka-Inspiron-1545 kernel: [    0.000000] initial memory mapped: [mem 0x00000000-0x021fffff]
Jul 14 21:00:00 shrinivaasanka-Inspiron-1545 kernel: [    0.000000] Base memory trampoline at [c009b000] 9b000 size 16384
Jul 14 21:00:00 shrinivaasanka-Inspiron-1545 kernel: [    0.000000] init_memory_mapping: [mem 0x00000000-0x000fffff]
Jul 14 21:00:00 shrinivaasanka-Inspiron-1545 kernel: [    0.000000]  [mem 0x00000000-0x000fffff] page 4k
Jul 14 21:00:00 shrinivaasanka-Inspiron-1545 kernel: [    0.000000] init_memory_mapping: [mem 0x37800000-0x379fffff]
Jul 14 21:00:00 shrinivaasanka-Inspiron-1545 kernel: [    0.000000]  [mem 0x37800000-0x379fffff] page 2M
Jul 14 21:00:00 shrinivaasanka-Inspiron-1545 kernel: [    0.000000] init_memory_mapping: [mem 0x20000000-0x377fffff]
Jul 14 21:00:00 shrinivaasanka-Inspiron-1545 kernel: [    0.000000]  [mem 0x20000000-0x377fffff] page 2M
Jul 14 21:00:00 shrinivaasanka-Inspiron-1545 kernel: [    0.000000] init_memory_mapping: [mem 0x00100000-0x1fffffff]
Jul 14 21:00:00 shrinivaasanka-Inspiron-1545 kernel: [    0.000000]  [mem 0x00100000-0x001fffff] page 4k
Jul 14 21:00:00 shrinivaasanka-Inspiron-1545 kernel: [    0.000000]  [mem 0x00200000-0x1fffffff] page 2M
Jul 14 21:00:00 shrinivaasanka-Inspiron-1545 kernel: [    0.000000] init_memory_mapping: [mem 0x37a00000-0x37bfdfff]
Jul 14 21:00:00 shrinivaasanka-Inspiron-1545 kernel: [    0.000000]  [mem 0x37a00000-0x37bfdfff] page 4k
Jul 14 21:00:00 shrinivaasanka-Inspiron-1545 kernel: [    0.000000] BRK [0x01c72000, 0x01c72fff] PGTABLE
Jul 14 21:00:00 shrinivaasanka-Inspiron-1545 kernel: [    0.000000] BRK [0x01c73000, 0x01c73fff] PGTABLE
Jul 14 21:00:00 shrinivaasanka-Inspiron-1545 kernel: [    0.000000] RAMDISK: [mem 0x1c7ce000-0x2a3defff]
Jul 14 21:00:00 shrinivaasanka-Inspiron-1545 kernel: [    0.000000] ACPI: Early table checksum verification disabled
Jul 14 21:00:00 shrinivaasanka-Inspiron-1545 kernel: [    0.000000] ACPI: RSDP 0x00000000000FBDD0 000024 (v02 DELL  )
Jul 14 21:00:00 shrinivaasanka-Inspiron-1545 kernel: [    0.000000] ACPI: XSDT 0x00000000BDAC3E00 000054 (v01 DELL   WN09     27D90C07 ASL  00000061)
Jul 14 21:00:00 shrinivaasanka-Inspiron-1545 kernel: [    0.000000] ACPI: FACP 0x00000000BDAC3C9C 0000F4 (v04 DELL   WN09     27D90C07 ASL  00000061)
Jul 14 21:00:00 shrinivaasanka-Inspiron-1545 kernel: [    0.000000] ACPI BIOS Warning (bug): 32/64X length mismatch in FADT/Gpe0Block: 128/64 (20150204/tbfadt-618)
Jul 14 21:00:00 shrinivaasanka-Inspiron-1545 kernel: [    0.000000] ACPI: DSDT 0x00000000BDAC4400 005451 (v02 INT430 SYSFexxx 00001001 INTL 20050624)
Jul 14 21:00:00 shrinivaasanka-Inspiron-1545 kernel: [    0.000000] ACPI: FACS 0x00000000BDAD2C00 000040
Jul 14 21:00:00 shrinivaasanka-Inspiron-1545 kernel: [    0.000000] ACPI: HPET 0x00000000BDAC3F00 000038 (v01 DELL   WN09     00000001 ASL  00000061)
Jul 14 21:00:00 shrinivaasanka-Inspiron-1545 kernel: [    0.000000] ACPI: APIC 0x00000000BDAC4000 000068 (v01 DELL   WN09     27D90C07 ASL  00000047)
Jul 14 21:00:00 shrinivaasanka-Inspiron-1545 kernel: [    0.000000] ACPI: MCFG 0x00000000BDAC3FC0 00003E (v16 DELL   WN09     27D90C07 ASL  00000061)
Jul 14 21:00:00 shrinivaasanka-Inspiron-1545 kernel: [    0.000000] ACPI: SLIC 0x00000000BDAC409C 000176 (v01 DELL   WN09     27D90C07 ASL  00000061)
Jul 14 21:00:00 shrinivaasanka-Inspiron-1545 kernel: [    0.000000] ACPI: SSDT 0x00000000BDAC2363 00066C (v01 PmRef  CpuPm    00003000 INTL 20050624)
Jul 14 21:00:00 shrinivaasanka-Inspiron-1545 kernel: [    0.000000] ACPI: Local APIC address 0xfee00000
Jul 14 21:00:00 shrinivaasanka-Inspiron-1545 kernel: [    0.000000] 2140MB HIGHMEM available.
Jul 14 21:00:00 shrinivaasanka-Inspiron-1545 kernel: [    0.000000] 891MB LOWMEM available.
Jul 14 21:00:00 shrinivaasanka-Inspiron-1545 kernel: [    0.000000]   mapped low ram: 0 - 37bfe000
Jul 14 21:00:00 shrinivaasanka-Inspiron-1545 kernel: [    0.000000]   low ram: 0 - 37bfe000
Jul 14 21:00:00 shrinivaasanka-Inspiron-1545 kernel: [    0.000000] Zone ranges:
Jul 14 21:00:00 shrinivaasanka-Inspiron-1545 kernel: [    0.000000]   DMA      [mem 0x0000000000001000-0x0000000000ffffff]
Jul 14 21:00:00 shrinivaasanka-Inspiron-1545 kernel: [    0.000000]   Normal   [mem 0x0000000001000000-0x0000000037bfdfff]
Jul 14 21:00:00 shrinivaasanka-Inspiron-1545 kernel: [    0.000000]   HighMem  [mem 0x0000000037bfe000-0x00000000bd8befff]
Jul 14 21:00:00 shrinivaasanka-Inspiron-1545 kernel: [    0.000000] Movable zone start for each node
Jul 14 21:00:00 shrinivaasanka-Inspiron-1545 kernel: [    0.000000] Early memory node ranges
Jul 14 21:00:00 shrinivaasanka-Inspiron-1545 kernel: [    0.000000]   node   0: [mem 0x0000000000001000-0x000000000009efff]
Jul 14 21:00:00 shrinivaasanka-Inspiron-1545 kernel: [    0.000000]   node   0: [mem 0x0000000000100000-0x00000000bd8befff]
Jul 14 21:00:00 shrinivaasanka-Inspiron-1545 kernel: [    0.000000] Initmem setup node 0 [mem 0x0000000000001000-0x00000000bd8befff]
Jul 14 21:00:00 shrinivaasanka-Inspiron-1545 kernel: [    0.000000] On node 0 totalpages: 776285
Jul 14 21:00:00 shrinivaasanka-Inspiron-1545 kernel: [    0.000000]   DMA zone: 40 pages used for memmap
Jul 14 21:00:00 shrinivaasanka-Inspiron-1545 kernel: [    0.000000]   DMA zone: 0 pages reserved
Jul 14 21:00:00 shrinivaasanka-Inspiron-1545 kernel: [    0.000000]   DMA zone: 3998 pages, LIFO batch:0
Jul 14 21:00:00 shrinivaasanka-Inspiron-1545 kernel: [    0.000000]   Normal zone: 2190 pages used for memmap
Jul 14 21:00:00 shrinivaasanka-Inspiron-1545 kernel: [    0.000000]   Normal zone: 224254 pages, LIFO batch:31
Jul 14 21:00:00 shrinivaasanka-Inspiron-1545 kernel: [    0.000000]   HighMem zone: 548033 pages, LIFO batch:31
Jul 14 21:00:00 shrinivaasanka-Inspiron-1545 kernel: [    0.000000] Using APIC driver default
Jul 14 21:00:00 shrinivaasanka-Inspiron-1545 kernel: [    0.000000] Reserving Intel graphics stolen memory at 0xbe000000-0xbfffffff
Jul 14 21:00:00 shrinivaasanka-Inspiron-1545 kernel: [    0.000000] ACPI: PM-Timer IO Port: 0x1008
Jul 14 21:00:00 shrinivaasanka-Inspiron-1545 kernel: [    0.000000] ACPI: Local APIC address 0xfee00000
Jul 14 21:00:00 shrinivaasanka-Inspiron-1545 kernel: [    0.000000] ACPI: LAPIC (acpi_id[0x00] lapic_id[0x00] enabled)
Jul 14 21:00:00 shrinivaasanka-Inspiron-1545 kernel: [    0.000000] ACPI: LAPIC (acpi_id[0x01] lapic_id[0x01] enabled)
Jul 14 21:00:00 shrinivaasanka-Inspiron-1545 kernel: [    0.000000] ACPI: LAPIC_NMI (acpi_id[0x00] high edge lint[0x1])
Jul 14 21:00:00 shrinivaasanka-Inspiron-1545 kernel: [    0.000000] ACPI: LAPIC_NMI (acpi_id[0x01] high edge lint[0x1])
Jul 14 21:00:00 shrinivaasanka-Inspiron-1545 kernel: [    0.000000] ACPI: IOAPIC (id[0x02] address[0xfec00000] gsi_base[0])
Jul 14 21:00:00 shrinivaasanka-Inspiron-1545 kernel: [    0.000000] IOAPIC[0]: apic_id 2, version 32, address 0xfec00000, GSI 0-23
Jul 14 21:00:00 shrinivaasanka-Inspiron-1545 kernel: [    0.000000] ACPI: INT_SRC_OVR (bus 0 bus_irq 0 global_irq 2 dfl dfl)
Jul 14 21:00:00 shrinivaasanka-Inspiron-1545 kernel: [    0.000000] ACPI: INT_SRC_OVR (bus 0 bus_irq 9 global_irq 9 high level)
Jul 14 21:00:00 shrinivaasanka-Inspiron-1545 kernel: [    0.000000] ACPI: IRQ0 used by override.
Jul 14 21:00:00 shrinivaasanka-Inspiron-1545 kernel: [    0.000000] ACPI: IRQ9 used by override.
Jul 14 21:00:00 shrinivaasanka-Inspiron-1545 kernel: [    0.000000] Using ACPI (MADT) for SMP configuration information
Jul 14 21:00:00 shrinivaasanka-Inspiron-1545 kernel: [    0.000000] ACPI: HPET id: 0x8086a201 base: 0xfed00000
Jul 14 21:00:00 shrinivaasanka-Inspiron-1545 kernel: [    0.000000] smpboot: Allowing 2 CPUs, 0 hotplug CPUs
Jul 14 21:00:00 shrinivaasanka-Inspiron-1545 kernel: [    0.000000] PM: Registered nosave memory: [mem 0x00000000-0x00000fff]
Jul 14 21:00:00 shrinivaasanka-Inspiron-1545 kernel: [    0.000000] PM: Registered nosave memory: [mem 0x0009f000-0x0009ffff]
Jul 14 21:00:00 shrinivaasanka-Inspiron-1545 kernel: [    0.000000] PM: Registered nosave memory: [mem 0x000a0000-0x000fffff]
Jul 14 21:00:00 shrinivaasanka-Inspiron-1545 kernel: [    0.000000] e820: [mem 0xc0000000-0xf7ffffff] available for PCI devices
Jul 14 21:00:00 shrinivaasanka-Inspiron-1545 kernel: [    0.000000] Booting paravirtualized kernel on bare hardware
Jul 14 21:00:00 shrinivaasanka-Inspiron-1545 kernel: [    0.000000] setup_percpu: NR_CPUS:8 nr_cpumask_bits:8 nr_cpu_ids:2 nr_node_ids:1
Jul 14 21:00:00 shrinivaasanka-Inspiron-1545 kernel: [    0.000000] PERCPU: Embedded 18 pages/cpu @f5db3000 s44876 r0 d28852 u73728
Jul 14 21:00:00 shrinivaasanka-Inspiron-1545 kernel: [    0.000000] pcpu-alloc: s44876 r0 d28852 u73728 alloc=18*4096
Jul 14 21:00:00 shrinivaasanka-Inspiron-1545 kernel: [    0.000000] pcpu-alloc: [0] 0 [0] 1 
Jul 14 21:00:00 shrinivaasanka-Inspiron-1545 kernel: [    0.000000] Built 1 zonelists in Zone order, mobility grouping on.  Total pages: 774055
Jul 14 21:00:00 shrinivaasanka-Inspiron-1545 kernel: [    0.000000] Kernel command line: BOOT_IMAGE=/boot/vmlinuz-4.0.5 root=UUID=a17d2cbc-55c6-4d07-9ff0-e058fee06d24 ro quiet splash vt.handoff=7 init=/sbin/upstart
Jul 14 21:00:00 shrinivaasanka-Inspiron-1545 kernel: [    0.000000] PID hash table entries: 4096 (order: 2, 16384 bytes)
Jul 14 21:00:00 shrinivaasanka-Inspiron-1545 kernel: [    0.000000] Dentry cache hash table entries: 131072 (order: 7, 524288 bytes)
Jul 14 21:00:00 shrinivaasanka-Inspiron-1545 kernel: [    0.000000] Inode-cache hash table entries: 65536 (order: 6, 262144 bytes)
Jul 14 21:00:00 shrinivaasanka-Inspiron-1545 kernel: [    0.000000] CPU0 microcode updated early to revision 0xa0b, date = 2010-09-28
Jul 14 21:00:00 shrinivaasanka-Inspiron-1545 kernel: [    0.000000] Initializing CPU#0
Jul 14 21:00:00 shrinivaasanka-Inspiron-1545 kernel: [    0.000000] xsave: enabled xstate_bv 0x3, cntxt size 0x240 using standard form
Jul 14 21:00:00 shrinivaasanka-Inspiron-1545 kernel: [    0.000000] Initializing HighMem for node 0 (00037bfe:000bd8bf)
Jul 14 21:00:00 shrinivaasanka-Inspiron-1545 kernel: [    0.000000] Initializing Movable for node 0 (00000000:00000000)
Jul 14 21:00:00 shrinivaasanka-Inspiron-1545 kernel: [    0.000000] Memory: 2835148K/3105140K available (7094K kernel code, 686K rwdata, 3164K rodata, 884K init, 796K bss, 269992K reserved, 0K cma-reserved, 2192132K highmem)
Jul 14 21:00:00 shrinivaasanka-Inspiron-1545 kernel: [    0.000000] virtual kernel memory layout:
Jul 14 21:00:00 shrinivaasanka-Inspiron-1545 kernel: [    0.000000]     fixmap  : 0xfff15000 - 0xfffff000   ( 936 kB)
Jul 14 21:00:00 shrinivaasanka-Inspiron-1545 kernel: [    0.000000]     pkmap   : 0xffc00000 - 0xffe00000   (2048 kB)
Jul 14 21:00:00 shrinivaasanka-Inspiron-1545 kernel: [    0.000000]     vmalloc : 0xf83fe000 - 0xffbfe000   ( 120 MB)
Jul 14 21:00:00 shrinivaasanka-Inspiron-1545 kernel: [    0.000000]     lowmem  : 0xc0000000 - 0xf7bfe000   ( 891 MB)
Jul 14 21:00:00 shrinivaasanka-Inspiron-1545 kernel: [    0.000000]       .init : 0xc1ab4000 - 0xc1b91000   ( 884 kB)
Jul 14 21:00:00 shrinivaasanka-Inspiron-1545 kernel: [    0.000000]       .data : 0xc16edd38 - 0xc1ab2980   (3859 kB)
Jul 14 21:00:00 shrinivaasanka-Inspiron-1545 kernel: [    0.000000]       .text : 0xc1000000 - 0xc16edd38   (7095 kB)
Jul 14 21:00:00 shrinivaasanka-Inspiron-1545 kernel: [    0.000000] Checking if this processor honours the WP bit even in supervisor mode...Ok.
Jul 14 21:00:00 shrinivaasanka-Inspiron-1545 kernel: [    0.000000] SLUB: HWalign=64, Order=0-3, MinObjects=0, CPUs=2, Nodes=1
Jul 14 21:00:00 shrinivaasanka-Inspiron-1545 kernel: [    0.000000] Hierarchical RCU implementation.
Jul 14 21:00:00 shrinivaasanka-Inspiron-1545 kernel: [    0.000000] 	RCU dyntick-idle grace-period acceleration is enabled.
Jul 14 21:00:00 shrinivaasanka-Inspiron-1545 kernel: [    0.000000] 	RCU restricting CPUs from NR_CPUS=8 to nr_cpu_ids=2.
Jul 14 21:00:00 shrinivaasanka-Inspiron-1545 kernel: [    0.000000] RCU: Adjusting geometry for rcu_fanout_leaf=16, nr_cpu_ids=2
Jul 14 21:00:00 shrinivaasanka-Inspiron-1545 kernel: [    0.000000] NR_IRQS:2304 nr_irqs:440 16
Jul 14 21:00:00 shrinivaasanka-Inspiron-1545 kernel: [    0.000000] CPU 0 irqstacks, hard=f5836000 soft=f5838000
Jul 14 21:00:00 shrinivaasanka-Inspiron-1545 kernel: [    0.000000] Console: colour dummy device 80x25
Jul 14 21:00:00 shrinivaasanka-Inspiron-1545 kernel: [    0.000000] console [tty0] enabled
Jul 14 21:00:00 shrinivaasanka-Inspiron-1545 kernel: [    0.000000] hpet clockevent registered
Jul 14 21:00:00 shrinivaasanka-Inspiron-1545 kernel: [    0.000000] tsc: Fast TSC calibration using PIT
Jul 14 21:00:00 shrinivaasanka-Inspiron-1545 kernel: [    0.000000] tsc: Detected 1995.198 MHz processor
Jul 14 21:00:00 shrinivaasanka-Inspiron-1545 kernel: [    0.004013] Calibrating delay loop (skipped), value calculated using timer frequency.. 3990.39 BogoMIPS (lpj=7980792)
Jul 14 21:00:00 shrinivaasanka-Inspiron-1545 kernel: [    0.004017] pid_max: default: 32768 minimum: 301
Jul 14 21:00:00 shrinivaasanka-Inspiron-1545 kernel: [    0.004023] ACPI: Core revision 20150204
Jul 14 21:00:00 shrinivaasanka-Inspiron-1545 kernel: [    0.011880] ACPI: All ACPI Tables successfully acquired
Jul 14 21:00:00 shrinivaasanka-Inspiron-1545 kernel: [    0.012027] Security Framework initialized
Jul 14 21:00:00 shrinivaasanka-Inspiron-1545 kernel: [    0.012044] AppArmor: AppArmor initialized
Jul 14 21:00:00 shrinivaasanka-Inspiron-1545 kernel: [    0.012046] Yama: becoming mindful.
Jul 14 21:00:00 shrinivaasanka-Inspiron-1545 kernel: [    0.012094] Mount-cache hash table entries: 2048 (order: 1, 8192 bytes)
Jul 14 21:00:00 shrinivaasanka-Inspiron-1545 kernel: [    0.012097] Mountpoint-cache hash table entries: 2048 (order: 1, 8192 bytes)
Jul 14 21:00:00 shrinivaasanka-Inspiron-1545 kernel: [    0.012358] Initializing cgroup subsys blkio
Jul 14 21:00:00 shrinivaasanka-Inspiron-1545 kernel: [    0.012362] Initializing cgroup subsys memory
Jul 14 21:00:00 shrinivaasanka-Inspiron-1545 kernel: [    0.012372] Initializing cgroup subsys devices
Jul 14 21:00:00 shrinivaasanka-Inspiron-1545 kernel: [    0.012375] Initializing cgroup subsys freezer
Jul 14 21:00:00 shrinivaasanka-Inspiron-1545 kernel: [    0.012378] Initializing cgroup subsys net_cls
Jul 14 21:00:00 shrinivaasanka-Inspiron-1545 kernel: [    0.012382] Initializing cgroup subsys perf_event
Jul 14 21:00:00 shrinivaasanka-Inspiron-1545 kernel: [    0.012386] Initializing cgroup subsys net_prio
Jul 14 21:00:00 shrinivaasanka-Inspiron-1545 kernel: [    0.012389] Initializing cgroup subsys hugetlb
Jul 14 21:00:00 shrinivaasanka-Inspiron-1545 kernel: [    0.012413] CPU: Physical Processor ID: 0
Jul 14 21:00:00 shrinivaasanka-Inspiron-1545 kernel: [    0.012415] CPU: Processor Core ID: 0
Jul 14 21:00:00 shrinivaasanka-Inspiron-1545 kernel: [    0.012420] mce: CPU supports 6 MCE banks
Jul 14 21:00:00 shrinivaasanka-Inspiron-1545 kernel: [    0.012429] CPU0: Thermal monitoring enabled (TM2)
Jul 14 21:00:00 shrinivaasanka-Inspiron-1545 kernel: [    0.012433] process: using mwait in idle threads
Jul 14 21:00:00 shrinivaasanka-Inspiron-1545 kernel: [    0.012440] Last level iTLB entries: 4KB 128, 2MB 4, 4MB 4
Jul 14 21:00:00 shrinivaasanka-Inspiron-1545 kernel: [    0.012442] Last level dTLB entries: 4KB 256, 2MB 0, 4MB 32, 1GB 0
Jul 14 21:00:00 shrinivaasanka-Inspiron-1545 kernel: [    0.012935] Freeing SMP alternatives memory: 32K (c1b91000 - c1b99000)
Jul 14 21:00:00 shrinivaasanka-Inspiron-1545 kernel: [    0.014215] ftrace: allocating 29235 entries in 58 pages
Jul 14 21:00:00 shrinivaasanka-Inspiron-1545 kernel: [    0.024102] Enabling APIC mode:  Flat.  Using 1 I/O APICs
Jul 14 21:00:00 shrinivaasanka-Inspiron-1545 kernel: [    0.024555] ..TIMER: vector=0x30 apic1=0 pin1=2 apic2=-1 pin2=-1
Jul 14 21:00:00 shrinivaasanka-Inspiron-1545 kernel: [    0.068000] smpboot: CPU0: Intel(R) Core(TM)2 Duo CPU     T6400  @ 2.00GHz (fam: 06, model: 17, stepping: 0a)
Jul 14 21:00:00 shrinivaasanka-Inspiron-1545 kernel: [    0.068000] Performance Events: PEBS fmt0+, 4-deep LBR, Core2 events, Intel PMU driver.
Jul 14 21:00:00 shrinivaasanka-Inspiron-1545 kernel: [    0.068000] ... version:                2
Jul 14 21:00:00 shrinivaasanka-Inspiron-1545 kernel: [    0.068000] ... bit width:              40
Jul 14 21:00:00 shrinivaasanka-Inspiron-1545 kernel: [    0.068000] ... generic registers:      2
Jul 14 21:00:00 shrinivaasanka-Inspiron-1545 kernel: [    0.068000] ... value mask:             000000ffffffffff
Jul 14 21:00:00 shrinivaasanka-Inspiron-1545 kernel: [    0.068000] ... max period:             000000007fffffff
Jul 14 21:00:00 shrinivaasanka-Inspiron-1545 kernel: [    0.068000] ... fixed-purpose events:   3
Jul 14 21:00:00 shrinivaasanka-Inspiron-1545 kernel: [    0.068000] ... event mask:             0000000700000003
Jul 14 21:00:00 shrinivaasanka-Inspiron-1545 kernel: [    0.068000] CPU 1 irqstacks, hard=f5954000 soft=f5956000
Jul 14 21:00:00 shrinivaasanka-Inspiron-1545 kernel: [    0.068000] x86: Booting SMP configuration:
Jul 14 21:00:00 shrinivaasanka-Inspiron-1545 kernel: [    0.068000] .... node  #0, CPUs:      #1
Jul 14 21:00:00 shrinivaasanka-Inspiron-1545 kernel: [    0.008000] CPU1 microcode updated early to revision 0xa0b, date = 2010-09-28
Jul 14 21:00:00 shrinivaasanka-Inspiron-1545 kernel: [    0.008000] Initializing CPU#1
Jul 14 21:00:00 shrinivaasanka-Inspiron-1545 kernel: [    0.080030] x86: Booted up 1 node, 2 CPUs
Jul 14 21:00:00 shrinivaasanka-Inspiron-1545 kernel: [    0.080035] smpboot: Total of 2 processors activated (7980.79 BogoMIPS)
Jul 14 21:00:00 shrinivaasanka-Inspiron-1545 kernel: [    0.080090] NMI watchdog: enabled on all CPUs, permanently consumes one hw-PMU counter.
Jul 14 21:00:00 shrinivaasanka-Inspiron-1545 kernel: [    0.081720] devtmpfs: initialized
Jul 14 21:00:00 shrinivaasanka-Inspiron-1545 kernel: [    0.081720] evm: security.selinux
Jul 14 21:00:00 shrinivaasanka-Inspiron-1545 kernel: [    0.081720] evm: security.SMACK64
Jul 14 21:00:00 shrinivaasanka-Inspiron-1545 kernel: [    0.081720] evm: security.SMACK64EXEC
Jul 14 21:00:00 shrinivaasanka-Inspiron-1545 kernel: [    0.081720] evm: security.SMACK64TRANSMUTE
Jul 14 21:00:00 shrinivaasanka-Inspiron-1545 kernel: [    0.081720] evm: security.SMACK64MMAP
Jul 14 21:00:00 shrinivaasanka-Inspiron-1545 kernel: [    0.081720] evm: security.ima
Jul 14 21:00:00 shrinivaasanka-Inspiron-1545 kernel: [    0.081720] evm: security.capability
Jul 14 21:00:00 shrinivaasanka-Inspiron-1545 kernel: [    0.081720] PM: Registering ACPI NVS region [mem 0xbd8bf400-0xbdac13ff] (2105344 bytes)
Jul 14 21:00:00 shrinivaasanka-Inspiron-1545 kernel: [    0.081720] pinctrl core: initialized pinctrl subsystem
Jul 14 21:00:00 shrinivaasanka-Inspiron-1545 kernel: [    0.081720] RTC time: 20:59:36, date: 07/14/15
Jul 14 21:00:00 shrinivaasanka-Inspiron-1545 kernel: [    0.081720] NET: Registered protocol family 16
Jul 14 21:00:00 shrinivaasanka-Inspiron-1545 kernel: [    0.081720] EISA bus registered
Jul 14 21:00:00 shrinivaasanka-Inspiron-1545 kernel: [    0.092007] cpuidle: using governor ladder
Jul 14 21:00:00 shrinivaasanka-Inspiron-1545 kernel: [    0.104003] cpuidle: using governor menu
Jul 14 21:00:00 shrinivaasanka-Inspiron-1545 kernel: [    0.104148] ACPI: bus type PCI registered
Jul 14 21:00:00 shrinivaasanka-Inspiron-1545 kernel: [    0.104151] acpiphp: ACPI Hot Plug PCI Controller Driver version: 0.5
Jul 14 21:00:00 shrinivaasanka-Inspiron-1545 kernel: [    0.104256] PCI: MMCONFIG for domain 0000 [bus 00-3f] at [mem 0xf8000000-0xfbffffff] (base 0xf8000000)
Jul 14 21:00:00 shrinivaasanka-Inspiron-1545 kernel: [    0.104260] PCI: MMCONFIG at [mem 0xf8000000-0xfbffffff] reserved in E820
Jul 14 21:00:00 shrinivaasanka-Inspiron-1545 kernel: [    0.104262] PCI: Using MMCONFIG for extended config space
Jul 14 21:00:00 shrinivaasanka-Inspiron-1545 kernel: [    0.104263] PCI: Using configuration type 1 for base access
Jul 14 21:00:00 shrinivaasanka-Inspiron-1545 kernel: [    0.104277] dmi type 0xB1 record - unknown flag
Jul 14 21:00:00 shrinivaasanka-Inspiron-1545 kernel: [    0.116145] ACPI: Added _OSI(Module Device)
Jul 14 21:00:00 shrinivaasanka-Inspiron-1545 kernel: [    0.116148] ACPI: Added _OSI(Processor Device)
Jul 14 21:00:00 shrinivaasanka-Inspiron-1545 kernel: [    0.116150] ACPI: Added _OSI(3.0 _SCP Extensions)
Jul 14 21:00:00 shrinivaasanka-Inspiron-1545 kernel: [    0.116152] ACPI: Added _OSI(Processor Aggregator Device)
Jul 14 21:00:00 shrinivaasanka-Inspiron-1545 kernel: [    0.128118] [Firmware Bug]: ACPI: BIOS _OSI(Linux) query ignored
Jul 14 21:00:00 shrinivaasanka-Inspiron-1545 kernel: [    0.132774] ACPI: Dynamic OEM Table Load:
Jul 14 21:00:00 shrinivaasanka-Inspiron-1545 kernel: [    0.132782] ACPI: SSDT 0x00000000F5A29000 00023F (v01 PmRef  BspIst   00003000 INTL 20050624)
Jul 14 21:00:00 shrinivaasanka-Inspiron-1545 kernel: [    0.133242] ACPI: Dynamic OEM Table Load:
Jul 14 21:00:00 shrinivaasanka-Inspiron-1545 kernel: [    0.133249] ACPI: SSDT 0x00000000F5812800 0005C6 (v01 PmRef  BspCst   00003001 INTL 20050624)
Jul 14 21:00:00 shrinivaasanka-Inspiron-1545 kernel: [    0.133986] ACPI: Dynamic OEM Table Load:
Jul 14 21:00:00 shrinivaasanka-Inspiron-1545 kernel: [    0.133992] ACPI: SSDT 0x00000000F58AAE00 0001D7 (v01 PmRef  ApIst    00003000 INTL 20050624)
Jul 14 21:00:00 shrinivaasanka-Inspiron-1545 kernel: [    0.134416] ACPI: Dynamic OEM Table Load:
Jul 14 21:00:00 shrinivaasanka-Inspiron-1545 kernel: [    0.134422] ACPI: SSDT 0x00000000F59389C0 00008D (v01 PmRef  ApCst    00003000 INTL 20050624)
Jul 14 21:00:00 shrinivaasanka-Inspiron-1545 kernel: [    0.134916] ACPI: Interpreter enabled
Jul 14 21:00:00 shrinivaasanka-Inspiron-1545 kernel: [    0.134929] ACPI Exception: AE_NOT_FOUND, While evaluating Sleep State [\_S1_] (20150204/hwxface-580)
Jul 14 21:00:00 shrinivaasanka-Inspiron-1545 kernel: [    0.134934] ACPI Exception: AE_NOT_FOUND, While evaluating Sleep State [\_S2_] (20150204/hwxface-580)
Jul 14 21:00:00 shrinivaasanka-Inspiron-1545 kernel: [    0.134950] ACPI: (supports S0 S3 S4 S5)
Jul 14 21:00:00 shrinivaasanka-Inspiron-1545 kernel: [    0.134952] ACPI: Using IOAPIC for interrupt routing
Jul 14 21:00:00 shrinivaasanka-Inspiron-1545 kernel: [    0.134987] PCI: Using host bridge windows from ACPI; if necessary, use "pci=nocrs" and report a bug
Jul 14 21:00:00 shrinivaasanka-Inspiron-1545 kernel: [    0.222416] ACPI: PCI Root Bridge [PCI0] (domain 0000 [bus 00-ff])
Jul 14 21:00:00 shrinivaasanka-Inspiron-1545 kernel: [    0.222424] acpi PNP0A03:00: _OSC: OS supports [ExtendedConfig ASPM ClockPM Segments MSI]
Jul 14 21:00:00 shrinivaasanka-Inspiron-1545 kernel: [    0.222432] acpi PNP0A03:00: _OSC failed (AE_NOT_FOUND); disabling ASPM
Jul 14 21:00:00 shrinivaasanka-Inspiron-1545 kernel: [    0.239726] acpi PNP0A03:00: [Firmware Info]: MMCONFIG for domain 0000 [bus 00-3f] only partially covers this bridge
Jul 14 21:00:00 shrinivaasanka-Inspiron-1545 kernel: [    0.240145] PCI host bridge to bus 0000:00
Jul 14 21:00:00 shrinivaasanka-Inspiron-1545 kernel: [    0.240150] pci_bus 0000:00: root bus resource [bus 00-ff]
Jul 14 21:00:00 shrinivaasanka-Inspiron-1545 kernel: [    0.240153] pci_bus 0000:00: root bus resource [io  0x0000-0x0cf7 window]
Jul 14 21:00:00 shrinivaasanka-Inspiron-1545 kernel: [    0.240156] pci_bus 0000:00: root bus resource [io  0x0d00-0xffff window]
Jul 14 21:00:00 shrinivaasanka-Inspiron-1545 kernel: [    0.240159] pci_bus 0000:00: root bus resource [mem 0x000a0000-0x000bffff window]
Jul 14 21:00:00 shrinivaasanka-Inspiron-1545 kernel: [    0.240162] pci_bus 0000:00: root bus resource [mem 0x000d0000-0x000dffff window]
Jul 14 21:00:00 shrinivaasanka-Inspiron-1545 kernel: [    0.240165] pci_bus 0000:00: root bus resource [mem 0xc0000000-0xf7ffffff window]
Jul 14 21:00:00 shrinivaasanka-Inspiron-1545 kernel: [    0.240167] pci_bus 0000:00: root bus resource [mem 0xfc000000-0xfebfffff window]
Jul 14 21:00:00 shrinivaasanka-Inspiron-1545 kernel: [    0.240170] pci_bus 0000:00: root bus resource [mem 0xfec10000-0xfecfffff window]
Jul 14 21:00:00 shrinivaasanka-Inspiron-1545 kernel: [    0.240173] pci_bus 0000:00: root bus resource [mem 0xfed1c000-0xfed1ffff window]
Jul 14 21:00:00 shrinivaasanka-Inspiron-1545 kernel: [    0.240176] pci_bus 0000:00: root bus resource [mem 0xfed90000-0xfed9ffff window]
Jul 14 21:00:00 shrinivaasanka-Inspiron-1545 kernel: [    0.240179] pci_bus 0000:00: root bus resource [mem 0xfeda7000-0xfedfffff window]
Jul 14 21:00:00 shrinivaasanka-Inspiron-1545 kernel: [    0.240182] pci_bus 0000:00: root bus resource [mem 0xfee10000-0xff9fffff window]
Jul 14 21:00:00 shrinivaasanka-Inspiron-1545 kernel: [    0.240185] pci_bus 0000:00: root bus resource [mem 0xffc00000-0xffdfffff window]
Jul 14 21:00:00 shrinivaasanka-Inspiron-1545 kernel: [    0.240196] pci 0000:00:00.0: [8086:2a40] type 00 class 0x060000
Jul 14 21:00:00 shrinivaasanka-Inspiron-1545 kernel: [    0.240227] DMAR: Forcing write-buffer flush capability
Jul 14 21:00:00 shrinivaasanka-Inspiron-1545 kernel: [    0.240229] DMAR: Disabling IOMMU for graphics on this chipset
Jul 14 21:00:00 shrinivaasanka-Inspiron-1545 kernel: [    0.240348] pci 0000:00:02.0: [8086:2a42] type 00 class 0x030000
Jul 14 21:00:00 shrinivaasanka-Inspiron-1545 kernel: [    0.240364] pci 0000:00:02.0: reg 0x10: [mem 0xf6c00000-0xf6ffffff 64bit]
Jul 14 21:00:00 shrinivaasanka-Inspiron-1545 kernel: [    0.240375] pci 0000:00:02.0: reg 0x18: [mem 0xe0000000-0xefffffff 64bit pref]
Jul 14 21:00:00 shrinivaasanka-Inspiron-1545 kernel: [    0.240382] pci 0000:00:02.0: reg 0x20: [io  0xefe8-0xefef]
Jul 14 21:00:00 shrinivaasanka-Inspiron-1545 kernel: [    0.240518] pci 0000:00:02.1: [8086:2a43] type 00 class 0x038000
Jul 14 21:00:00 shrinivaasanka-Inspiron-1545 kernel: [    0.240532] pci 0000:00:02.1: reg 0x10: [mem 0xf6b00000-0xf6bfffff 64bit]
Jul 14 21:00:00 shrinivaasanka-Inspiron-1545 kernel: [    0.240722] pci 0000:00:1a.0: [8086:2937] type 00 class 0x0c0300
Jul 14 21:00:00 shrinivaasanka-Inspiron-1545 kernel: [    0.240786] pci 0000:00:1a.0: reg 0x20: [io  0x6f60-0x6f7f]
Jul 14 21:00:00 shrinivaasanka-Inspiron-1545 kernel: [    0.244528] pci 0000:00:1a.0: System wakeup disabled by ACPI
Jul 14 21:00:00 shrinivaasanka-Inspiron-1545 kernel: [    0.244600] pci 0000:00:1a.1: [8086:2938] type 00 class 0x0c0300
Jul 14 21:00:00 shrinivaasanka-Inspiron-1545 kernel: [    0.244665] pci 0000:00:1a.1: reg 0x20: [io  0x6f80-0x6f9f]
Jul 14 21:00:00 shrinivaasanka-Inspiron-1545 kernel: [    0.248526] pci 0000:00:1a.1: System wakeup disabled by ACPI
Jul 14 21:00:00 shrinivaasanka-Inspiron-1545 kernel: [    0.248597] pci 0000:00:1a.2: [8086:2939] type 00 class 0x0c0300
Jul 14 21:00:00 shrinivaasanka-Inspiron-1545 kernel: [    0.248661] pci 0000:00:1a.2: reg 0x20: [io  0x6fa0-0x6fbf]
Jul 14 21:00:00 shrinivaasanka-Inspiron-1545 kernel: [    0.252526] pci 0000:00:1a.2: System wakeup disabled by ACPI
Jul 14 21:00:00 shrinivaasanka-Inspiron-1545 kernel: [    0.252607] pci 0000:00:1a.7: [8086:293c] type 00 class 0x0c0320
Jul 14 21:00:00 shrinivaasanka-Inspiron-1545 kernel: [    0.252637] pci 0000:00:1a.7: reg 0x10: [mem 0xfed1c400-0xfed1c7ff]
Jul 14 21:00:00 shrinivaasanka-Inspiron-1545 kernel: [    0.252765] pci 0000:00:1a.7: PME# supported from D0 D3hot D3cold
Jul 14 21:00:00 shrinivaasanka-Inspiron-1545 kernel: [    0.256531] pci 0000:00:1a.7: System wakeup disabled by ACPI
Jul 14 21:00:00 shrinivaasanka-Inspiron-1545 kernel: [    0.256606] pci 0000:00:1b.0: [8086:293e] type 00 class 0x040300
Jul 14 21:00:00 shrinivaasanka-Inspiron-1545 kernel: [    0.256635] pci 0000:00:1b.0: reg 0x10: [mem 0xf6afc000-0xf6afffff 64bit]
Jul 14 21:00:00 shrinivaasanka-Inspiron-1545 kernel: [    0.256760] pci 0000:00:1b.0: PME# supported from D0 D3hot D3cold
Jul 14 21:00:00 shrinivaasanka-Inspiron-1545 kernel: [    0.256831] pci 0000:00:1b.0: System wakeup disabled by ACPI
Jul 14 21:00:00 shrinivaasanka-Inspiron-1545 kernel: [    0.256900] pci 0000:00:1c.0: [8086:2940] type 01 class 0x060400
Jul 14 21:00:00 shrinivaasanka-Inspiron-1545 kernel: [    0.257031] pci 0000:00:1c.0: PME# supported from D0 D3hot D3cold
Jul 14 21:00:00 shrinivaasanka-Inspiron-1545 kernel: [    0.257105] pci 0000:00:1c.0: System wakeup disabled by ACPI
Jul 14 21:00:00 shrinivaasanka-Inspiron-1545 kernel: [    0.257173] pci 0000:00:1c.1: [8086:2942] type 01 class 0x060400
Jul 14 21:00:00 shrinivaasanka-Inspiron-1545 kernel: [    0.257304] pci 0000:00:1c.1: PME# supported from D0 D3hot D3cold
Jul 14 21:00:00 shrinivaasanka-Inspiron-1545 kernel: [    0.257379] pci 0000:00:1c.1: System wakeup disabled by ACPI
Jul 14 21:00:00 shrinivaasanka-Inspiron-1545 kernel: [    0.257449] pci 0000:00:1c.2: [8086:2944] type 01 class 0x060400
Jul 14 21:00:00 shrinivaasanka-Inspiron-1545 kernel: [    0.257578] pci 0000:00:1c.2: PME# supported from D0 D3hot D3cold
Jul 14 21:00:00 shrinivaasanka-Inspiron-1545 kernel: [    0.257651] pci 0000:00:1c.2: System wakeup disabled by ACPI
Jul 14 21:00:00 shrinivaasanka-Inspiron-1545 kernel: [    0.257720] pci 0000:00:1c.4: [8086:2948] type 01 class 0x060400
Jul 14 21:00:00 shrinivaasanka-Inspiron-1545 kernel: [    0.257850] pci 0000:00:1c.4: PME# supported from D0 D3hot D3cold
Jul 14 21:00:00 shrinivaasanka-Inspiron-1545 kernel: [    0.257923] pci 0000:00:1c.4: System wakeup disabled by ACPI
Jul 14 21:00:00 shrinivaasanka-Inspiron-1545 kernel: [    0.257995] pci 0000:00:1d.0: [8086:2934] type 00 class 0x0c0300
Jul 14 21:00:00 shrinivaasanka-Inspiron-1545 kernel: [    0.258059] pci 0000:00:1d.0: reg 0x20: [io  0x6f00-0x6f1f]
Jul 14 21:00:00 shrinivaasanka-Inspiron-1545 kernel: [    0.262696] pci 0000:00:1d.0: System wakeup disabled by ACPI
Jul 14 21:00:00 shrinivaasanka-Inspiron-1545 kernel: [    0.262768] pci 0000:00:1d.1: [8086:2935] type 00 class 0x0c0300
Jul 14 21:00:00 shrinivaasanka-Inspiron-1545 kernel: [    0.262833] pci 0000:00:1d.1: reg 0x20: [io  0x6f20-0x6f3f]
Jul 14 21:00:00 shrinivaasanka-Inspiron-1545 kernel: [    0.268081] pci 0000:00:1d.1: System wakeup disabled by ACPI
Jul 14 21:00:00 shrinivaasanka-Inspiron-1545 kernel: [    0.268153] pci 0000:00:1d.2: [8086:2936] type 00 class 0x0c0300
Jul 14 21:00:00 shrinivaasanka-Inspiron-1545 kernel: [    0.268219] pci 0000:00:1d.2: reg 0x20: [io  0x6f40-0x6f5f]
Jul 14 21:00:00 shrinivaasanka-Inspiron-1545 kernel: [    0.272082] pci 0000:00:1d.2: System wakeup disabled by ACPI
Jul 14 21:00:00 shrinivaasanka-Inspiron-1545 kernel: [    0.272166] pci 0000:00:1d.7: [8086:293a] type 00 class 0x0c0320
Jul 14 21:00:00 shrinivaasanka-Inspiron-1545 kernel: [    0.272196] pci 0000:00:1d.7: reg 0x10: [mem 0xfed1c000-0xfed1c3ff]
Jul 14 21:00:00 shrinivaasanka-Inspiron-1545 kernel: [    0.272323] pci 0000:00:1d.7: PME# supported from D0 D3hot D3cold
Jul 14 21:00:00 shrinivaasanka-Inspiron-1545 kernel: [    0.276082] pci 0000:00:1d.7: System wakeup disabled by ACPI
Jul 14 21:00:00 shrinivaasanka-Inspiron-1545 kernel: [    0.276152] pci 0000:00:1e.0: [8086:2448] type 01 class 0x060401
Jul 14 21:00:00 shrinivaasanka-Inspiron-1545 kernel: [    0.276293] pci 0000:00:1e.0: System wakeup disabled by ACPI
Jul 14 21:00:00 shrinivaasanka-Inspiron-1545 kernel: [    0.276365] pci 0000:00:1f.0: [8086:2919] type 00 class 0x060100
Jul 14 21:00:00 shrinivaasanka-Inspiron-1545 kernel: [    0.276640] pci 0000:00:1f.2: [8086:2929] type 00 class 0x010601
Jul 14 21:00:00 shrinivaasanka-Inspiron-1545 kernel: [    0.276671] pci 0000:00:1f.2: reg 0x10: [io  0x6e70-0x6e77]
Jul 14 21:00:00 shrinivaasanka-Inspiron-1545 kernel: [    0.276685] pci 0000:00:1f.2: reg 0x14: [io  0x6e78-0x6e7b]
Jul 14 21:00:00 shrinivaasanka-Inspiron-1545 kernel: [    0.276698] pci 0000:00:1f.2: reg 0x18: [io  0x6e80-0x6e87]
Jul 14 21:00:00 shrinivaasanka-Inspiron-1545 kernel: [    0.276710] pci 0000:00:1f.2: reg 0x1c: [io  0x6e88-0x6e8b]
Jul 14 21:00:00 shrinivaasanka-Inspiron-1545 kernel: [    0.276723] pci 0000:00:1f.2: reg 0x20: [io  0x6ea0-0x6ebf]
Jul 14 21:00:00 shrinivaasanka-Inspiron-1545 kernel: [    0.276737] pci 0000:00:1f.2: reg 0x24: [mem 0xfed1c800-0xfed1cfff]
Jul 14 21:00:00 shrinivaasanka-Inspiron-1545 kernel: [    0.276818] pci 0000:00:1f.2: PME# supported from D3hot
Jul 14 21:00:00 shrinivaasanka-Inspiron-1545 kernel: [    0.276946] pci 0000:00:1f.3: [8086:2930] type 00 class 0x0c0500
Jul 14 21:00:00 shrinivaasanka-Inspiron-1545 kernel: [    0.276971] pci 0000:00:1f.3: reg 0x10: [mem 0xf6afbf00-0xf6afbfff 64bit]
Jul 14 21:00:00 shrinivaasanka-Inspiron-1545 kernel: [    0.277004] pci 0000:00:1f.3: reg 0x20: [io  0x1100-0x111f]
Jul 14 21:00:00 shrinivaasanka-Inspiron-1545 kernel: [    0.277233] pci 0000:00:1c.0: PCI bridge to [bus 0b]
Jul 14 21:00:00 shrinivaasanka-Inspiron-1545 kernel: [    0.277608] pci 0000:0c:00.0: [14e4:4315] type 00 class 0x028000
Jul 14 21:00:00 shrinivaasanka-Inspiron-1545 kernel: [    0.277690] pci 0000:0c:00.0: reg 0x10: [mem 0xf69fc000-0xf69fffff 64bit]
Jul 14 21:00:00 shrinivaasanka-Inspiron-1545 kernel: [    0.278147] pci 0000:0c:00.0: supports D1 D2
Jul 14 21:00:00 shrinivaasanka-Inspiron-1545 kernel: [    0.278150] pci 0000:0c:00.0: PME# supported from D0 D3hot D3cold
Jul 14 21:00:00 shrinivaasanka-Inspiron-1545 kernel: [    0.278574] pci 0000:00:1c.1: PCI bridge to [bus 0c]
Jul 14 21:00:00 shrinivaasanka-Inspiron-1545 kernel: [    0.278583] pci 0000:00:1c.1:   bridge window [mem 0xf6900000-0xf69fffff]
Jul 14 21:00:00 shrinivaasanka-Inspiron-1545 kernel: [    0.278719] pci 0000:09:00.0: [11ab:4354] type 00 class 0x020000
Jul 14 21:00:00 shrinivaasanka-Inspiron-1545 kernel: [    0.278760] pci 0000:09:00.0: reg 0x10: [mem 0xf68fc000-0xf68fffff 64bit]
Jul 14 21:00:00 shrinivaasanka-Inspiron-1545 kernel: [    0.278779] pci 0000:09:00.0: reg 0x18: [io  0xde00-0xdeff]
Jul 14 21:00:00 shrinivaasanka-Inspiron-1545 kernel: [    0.278952] pci 0000:09:00.0: supports D1 D2
Jul 14 21:00:00 shrinivaasanka-Inspiron-1545 kernel: [    0.278955] pci 0000:09:00.0: PME# supported from D0 D1 D2 D3hot D3cold
Jul 14 21:00:00 shrinivaasanka-Inspiron-1545 kernel: [    0.284026] pci 0000:00:1c.2: PCI bridge to [bus 09]
Jul 14 21:00:00 shrinivaasanka-Inspiron-1545 kernel: [    0.284032] pci 0000:00:1c.2:   bridge window [io  0xd000-0xdfff]
Jul 14 21:00:00 shrinivaasanka-Inspiron-1545 kernel: [    0.284038] pci 0000:00:1c.2:   bridge window [mem 0xf6800000-0xf68fffff]
Jul 14 21:00:00 shrinivaasanka-Inspiron-1545 kernel: [    0.284166] acpiphp: Slot [1] registered
Jul 14 21:00:00 shrinivaasanka-Inspiron-1545 kernel: [    0.284174] pci 0000:00:1c.4: PCI bridge to [bus 0d-0e]
Jul 14 21:00:00 shrinivaasanka-Inspiron-1545 kernel: [    0.284180] pci 0000:00:1c.4:   bridge window [io  0xc000-0xcfff]
Jul 14 21:00:00 shrinivaasanka-Inspiron-1545 kernel: [    0.284186] pci 0000:00:1c.4:   bridge window [mem 0xf6600000-0xf67fffff]
Jul 14 21:00:00 shrinivaasanka-Inspiron-1545 kernel: [    0.284195] pci 0000:00:1c.4:   bridge window [mem 0xf0000000-0xf01fffff 64bit pref]
Jul 14 21:00:00 shrinivaasanka-Inspiron-1545 kernel: [    0.284335] pci 0000:00:1e.0: PCI bridge to [bus 03] (subtractive decode)
Jul 14 21:00:00 shrinivaasanka-Inspiron-1545 kernel: [    0.284350] pci 0000:00:1e.0:   bridge window [io  0x0000-0x0cf7 window] (subtractive decode)
Jul 14 21:00:00 shrinivaasanka-Inspiron-1545 kernel: [    0.284353] pci 0000:00:1e.0:   bridge window [io  0x0d00-0xffff window] (subtractive decode)
Jul 14 21:00:00 shrinivaasanka-Inspiron-1545 kernel: [    0.284356] pci 0000:00:1e.0:   bridge window [mem 0x000a0000-0x000bffff window] (subtractive decode)
Jul 14 21:00:00 shrinivaasanka-Inspiron-1545 kernel: [    0.284359] pci 0000:00:1e.0:   bridge window [mem 0x000d0000-0x000dffff window] (subtractive decode)
Jul 14 21:00:00 shrinivaasanka-Inspiron-1545 kernel: [    0.284362] pci 0000:00:1e.0:   bridge window [mem 0xc0000000-0xf7ffffff window] (subtractive decode)
Jul 14 21:00:00 shrinivaasanka-Inspiron-1545 kernel: [    0.284365] pci 0000:00:1e.0:   bridge window [mem 0xfc000000-0xfebfffff window] (subtractive decode)
Jul 14 21:00:00 shrinivaasanka-Inspiron-1545 kernel: [    0.284368] pci 0000:00:1e.0:   bridge window [mem 0xfec10000-0xfecfffff window] (subtractive decode)
Jul 14 21:00:00 shrinivaasanka-Inspiron-1545 kernel: [    0.284371] pci 0000:00:1e.0:   bridge window [mem 0xfed1c000-0xfed1ffff window] (subtractive decode)
Jul 14 21:00:00 shrinivaasanka-Inspiron-1545 kernel: [    0.284373] pci 0000:00:1e.0:   bridge window [mem 0xfed90000-0xfed9ffff window] (subtractive decode)
Jul 14 21:00:00 shrinivaasanka-Inspiron-1545 kernel: [    0.284376] pci 0000:00:1e.0:   bridge window [mem 0xfeda7000-0xfedfffff window] (subtractive decode)
Jul 14 21:00:00 shrinivaasanka-Inspiron-1545 kernel: [    0.284379] pci 0000:00:1e.0:   bridge window [mem 0xfee10000-0xff9fffff window] (subtractive decode)
Jul 14 21:00:00 shrinivaasanka-Inspiron-1545 kernel: [    0.284382] pci 0000:00:1e.0:   bridge window [mem 0xffc00000-0xffdfffff window] (subtractive decode)
Jul 14 21:00:00 shrinivaasanka-Inspiron-1545 kernel: [    0.284622] pci_bus 0000:00: on NUMA node 0
Jul 14 21:00:00 shrinivaasanka-Inspiron-1545 kernel: [    0.285110] ACPI: PCI Interrupt Link [LNKA] (IRQs *10 11)
Jul 14 21:00:00 shrinivaasanka-Inspiron-1545 kernel: [    0.285214] ACPI: PCI Interrupt Link [LNKB] (IRQs 5 7) *4
Jul 14 21:00:00 shrinivaasanka-Inspiron-1545 kernel: [    0.285317] ACPI: PCI Interrupt Link [LNKC] (IRQs *10 11)
Jul 14 21:00:00 shrinivaasanka-Inspiron-1545 kernel: [    0.285404] ACPI: PCI Interrupt Link [LNKD] (IRQs 5 7 10 11) *0, disabled.
Jul 14 21:00:00 shrinivaasanka-Inspiron-1545 kernel: [    0.285508] ACPI: PCI Interrupt Link [LNKE] (IRQs 3 4 5 6 7 10 *11 12 14 15)
Jul 14 21:00:00 shrinivaasanka-Inspiron-1545 kernel: [    0.285613] ACPI: PCI Interrupt Link [LNKF] (IRQs 3 4 5 6 *7 10 11 12 14 15)
Jul 14 21:00:00 shrinivaasanka-Inspiron-1545 kernel: [    0.285719] ACPI: PCI Interrupt Link [LNKG] (IRQs 3 4 *5 6 7 10 11 12 14 15)
Jul 14 21:00:00 shrinivaasanka-Inspiron-1545 kernel: [    0.285810] ACPI: PCI Interrupt Link [LNKH] (IRQs 3 4 5 6 7 10 11 12 14 15) *0, disabled.
Jul 14 21:00:00 shrinivaasanka-Inspiron-1545 kernel: [    0.286139] ACPI: Enabled 4 GPEs in block 00 to 3F
Jul 14 21:00:00 shrinivaasanka-Inspiron-1545 kernel: [    0.286269] vgaarb: setting as boot device: PCI:0000:00:02.0
Jul 14 21:00:00 shrinivaasanka-Inspiron-1545 kernel: [    0.286269] vgaarb: device added: PCI:0000:00:02.0,decodes=io+mem,owns=io+mem,locks=none
Jul 14 21:00:00 shrinivaasanka-Inspiron-1545 kernel: [    0.286269] vgaarb: loaded
Jul 14 21:00:00 shrinivaasanka-Inspiron-1545 kernel: [    0.286269] vgaarb: bridge control possible 0000:00:02.0
Jul 14 21:00:00 shrinivaasanka-Inspiron-1545 kernel: [    0.286269] SCSI subsystem initialized
Jul 14 21:00:00 shrinivaasanka-Inspiron-1545 kernel: [    0.286269] libata version 3.00 loaded.
Jul 14 21:00:00 shrinivaasanka-Inspiron-1545 kernel: [    0.286269] ACPI: bus type USB registered
Jul 14 21:00:00 shrinivaasanka-Inspiron-1545 kernel: [    0.286269] usbcore: registered new interface driver usbfs
Jul 14 21:00:00 shrinivaasanka-Inspiron-1545 kernel: [    0.286269] usbcore: registered new interface driver hub
Jul 14 21:00:00 shrinivaasanka-Inspiron-1545 kernel: [    0.286269] usbcore: registered new device driver usb
Jul 14 21:00:00 shrinivaasanka-Inspiron-1545 kernel: [    0.286269] PCI: Using ACPI for IRQ routing
Jul 14 21:00:00 shrinivaasanka-Inspiron-1545 kernel: [    0.289665] PCI: pci_cache_line_size set to 64 bytes
Jul 14 21:00:00 shrinivaasanka-Inspiron-1545 kernel: [    0.290131] e820: reserve RAM buffer [mem 0x0009f000-0x0009ffff]
Jul 14 21:00:00 shrinivaasanka-Inspiron-1545 kernel: [    0.290135] e820: reserve RAM buffer [mem 0xbd8bf400-0xbfffffff]
Jul 14 21:00:00 shrinivaasanka-Inspiron-1545 kernel: [    0.290301] NetLabel: Initializing
Jul 14 21:00:00 shrinivaasanka-Inspiron-1545 kernel: [    0.290303] NetLabel:  domain hash size = 128
Jul 14 21:00:00 shrinivaasanka-Inspiron-1545 kernel: [    0.290304] NetLabel:  protocols = UNLABELED CIPSOv4
Jul 14 21:00:00 shrinivaasanka-Inspiron-1545 kernel: [    0.290319] NetLabel:  unlabeled traffic allowed by default
Jul 14 21:00:00 shrinivaasanka-Inspiron-1545 kernel: [    0.290354] HPET: 4 timers in total, 0 timers will be used for per-cpu timer
Jul 14 21:00:00 shrinivaasanka-Inspiron-1545 kernel: [    0.290354] hpet0: at MMIO 0xfed00000, IRQs 2, 8, 0, 0
Jul 14 21:00:00 shrinivaasanka-Inspiron-1545 kernel: [    0.290354] hpet0: 4 comparators, 64-bit 14.318180 MHz counter
Jul 14 21:00:00 shrinivaasanka-Inspiron-1545 kernel: [    0.292045] Switched to clocksource hpet
Jul 14 21:00:00 shrinivaasanka-Inspiron-1545 kernel: [    0.303178] AppArmor: AppArmor Filesystem Enabled
Jul 14 21:00:00 shrinivaasanka-Inspiron-1545 kernel: [    0.303288] pnp: PnP ACPI init
Jul 14 21:00:00 shrinivaasanka-Inspiron-1545 kernel: [    0.303417] system 00:00: [mem 0xff800000-0xff8fffff] has been reserved
Jul 14 21:00:00 shrinivaasanka-Inspiron-1545 kernel: [    0.303421] system 00:00: [mem 0xffc00000-0xffcfffff] has been reserved
Jul 14 21:00:00 shrinivaasanka-Inspiron-1545 kernel: [    0.303425] system 00:00: Plug and Play ACPI device, IDs PNP0c02 (active)
Jul 14 21:00:00 shrinivaasanka-Inspiron-1545 kernel: [    0.303497] pnp 00:01: Plug and Play ACPI device, IDs PNP0f13 (active)
Jul 14 21:00:00 shrinivaasanka-Inspiron-1545 kernel: [    0.303553] pnp 00:02: Plug and Play ACPI device, IDs PNP0303 (active)
Jul 14 21:00:00 shrinivaasanka-Inspiron-1545 kernel: [    0.303609] pnp 00:03: Plug and Play ACPI device, IDs PNP0b00 (active)
Jul 14 21:00:00 shrinivaasanka-Inspiron-1545 kernel: [    0.303673] system 00:04: Plug and Play ACPI device, IDs PNP0c01 (active)
Jul 14 21:00:00 shrinivaasanka-Inspiron-1545 kernel: [    0.303771] system 00:05: [mem 0xfed00000-0xfed003ff] has been reserved
Jul 14 21:00:00 shrinivaasanka-Inspiron-1545 kernel: [    0.303775] system 00:05: Plug and Play ACPI device, IDs PNP0103 PNP0c01 (active)
Jul 14 21:00:00 shrinivaasanka-Inspiron-1545 kernel: [    0.303988] system 00:06: [io  0x0900-0x097f] has been reserved
Jul 14 21:00:00 shrinivaasanka-Inspiron-1545 kernel: [    0.303992] system 00:06: [io  0x04d0-0x04d1] has been reserved
Jul 14 21:00:00 shrinivaasanka-Inspiron-1545 kernel: [    0.303996] system 00:06: [io  0x1000-0x1005] could not be reserved
Jul 14 21:00:00 shrinivaasanka-Inspiron-1545 kernel: [    0.304022] system 00:06: [io  0x1008-0x100f] could not be reserved
Jul 14 21:00:00 shrinivaasanka-Inspiron-1545 kernel: [    0.304026] system 00:06: Plug and Play ACPI device, IDs PNP0c01 (active)
Jul 14 21:00:00 shrinivaasanka-Inspiron-1545 kernel: [    0.304096] system 00:07: [io  0xf400-0xf4fe] has been reserved
Jul 14 21:00:00 shrinivaasanka-Inspiron-1545 kernel: [    0.304100] system 00:07: [io  0x1006-0x1007] has been reserved
Jul 14 21:00:00 shrinivaasanka-Inspiron-1545 kernel: [    0.304103] system 00:07: [io  0x100a-0x1059] could not be reserved
Jul 14 21:00:00 shrinivaasanka-Inspiron-1545 kernel: [    0.304106] system 00:07: [io  0x1060-0x107f] has been reserved
Jul 14 21:00:00 shrinivaasanka-Inspiron-1545 kernel: [    0.304112] system 00:07: [io  0x1080-0x10bf] has been reserved
Jul 14 21:00:00 shrinivaasanka-Inspiron-1545 kernel: [    0.304115] system 00:07: [io  0x1100-0x111f] has been reserved
Jul 14 21:00:00 shrinivaasanka-Inspiron-1545 kernel: [    0.304118] system 00:07: [io  0x1010-0x102f] could not be reserved
Jul 14 21:00:00 shrinivaasanka-Inspiron-1545 kernel: [    0.304121] system 00:07: [io  0x0809] has been reserved
